[12:42:34] ---- c1 install and open the company (TallyPrime 6.2)
  INFO installed: C:\Program Files\TallyPrime\tally.exe; tally.exe 17026752 bytes, 2026-10-08, FileVersion 1.1.6.2, ProductVersion 1.1.6.2, ProductName TallyPrime
  INFO company folder made by flow.ps1: D:\a\_temp\TallyData\100000
[keys] 'a' -> Tally 'TallyPrime:9000'
[keys] 't' -> Tally 'TallyPrime:9000'
[shot] v-00-started (1024x768)
[companies] 8 ms: <ENVELOPE><HEADER><VERSION>1</VERSION><STATUS>1</STATUS></HEADER><BODY><DESC><CMPINFO><COMPANY>0</COMPANY><GROUP>0</GROUP><LEDGER>0</LEDGER><COSTCATEGORY>0</COSTCATEGORY><COSTCENTRE>0</COSTCENTRE><GODOWN>0</GODOWN><STOCKGROUP>0</STOCKGROUP><STOCKCATEGORY>0</STOCKCATEGORY><STOCKITEM>0</STOCKITEM><VOUCHERTYPE>0</VOUCHERTYPE><CURRENCY>0</CURRENCY><UNIT>0</UNIT><BUDGET>0</BUDGET><CLIENTRULE>0</CLIENTRULE><SERVERRULE>0</SERVERRULE><STATE>0</STATE><TDSRATE>0</TDSRATE><TAXCLASSIFICATION>0</TAXCLASSIFICATION><STCATEGORY>0</STCATEGORY><DEDUCTEETYPE>0</DEDUCTEETYPE><ATTENDANCETYPE>0</ATTENDANCETYPE><FBT...
[header] 10 ms: <ENVELOPE><HEADER><VERSION>1</VERSION><STATUS>1</STATUS><PRODMAJORVER>1</PRODMAJORVER><PRODMINORVER>1</PRODMINORVER><PRODMAJORREL>6</PRODMAJORREL><PRODMINORREL>2</PRODMINORREL><PRODTYPE>5</PRODTYPE></HEADER><BODY><DESC><CMPINFO><COMPANY>0</COMPANY><GROUP>0</GROUP><LEDGER>0</LEDGER><COSTCATEGORY>0</COSTCATEGORY><COSTCENTRE>0</COSTCENTRE><GODOWN>0</GODOWN><STOCKGROUP>0</STOCKGROUP><STOCKCATEGORY>0</STOCKCATEGORY><STOCKITEM>0</STOCKITEM><VOUCHERTYPE>0</VOUCHERTYPE><CURRENCY>0</CURRENCY><UNIT>0</UNIT><BUDGET>0</BUDGET><CLIENTRULE>0</CLIENTRULE><SERVERRULE>0</SERVERRULE><STATE>0</STATE><TDSRATE>0</...
  INFO Tally's own release in its answer header: PRODMAJORREL 6 PRODMINORREL 2 (PRODMAJORVER 1 PRODMINORVER 1 PRODTYPE 5)
######## PASS c1 install and open the company: installed tally.exe 17026752 bytes, 2026-10-08, FileVersion 1.1.6.2, ProductVersion 1.1.6.2, ProductName TallyPrime; company folder 100000 loaded at start: True; window 'TallyPrime:9000'
######## PASS c2 port and company list: port 9000 answered 10.1 s after start, GET 19 ms ('<RESPONSE>TallyPrime Server is Running</RESPONSE>'); company list 8 ms, 'FinCom Spike Co' in it: True
[12:43:07] ---- bank: does any event fire when a bank date is set (probe), and what it costs
[bank masters] 13 ms: <RESPONSE><CREATED>2</CREATED><ALTERED>0</ALTERED><DELETED>0</DELETED><LASTVCHID>0</LASTVCHID><LASTMID>0</LASTMID><COMBINED>0</COMBINED><IGNORED>0</IGNORED><ERRORS>0</ERRORS><CANCELLED>0</CANCELLED><EXCEPTIONS>0</EXCEPTIONS></RESPONSE>
  INFO bank masters: <CREATED>2</CREATED> <ALTERED>0</ALTERED> <DELETED>0</DELETED> <LASTVCHID>0</LASTVCHID> <LASTMID>0</LASTMID> <COMBINED>0</COMBINED> <IGNORED>0</IGNORED> <ERRORS>0</ERRORS>
[bank contras] 47 ms: <RESPONSE><CREATED>8</CREATED><ALTERED>0</ALTERED><DELETED>0</DELETED><LASTVCHID>9</LASTVCHID><LASTMID>0</LASTMID><COMBINED>0</COMBINED><IGNORED>0</IGNORED><ERRORS>0</ERRORS><CANCELLED>0</CANCELLED><EXCEPTIONS>0</EXCEPTIONS></RESPONSE>
  INFO bank contras with bank allocations (C1-C6 2-10-2026 Share Bank, A1-A2 1-10-2026 Zprobe Bank): created 8 of 8; <ERRORS>0</ERRORS> 
  INFO contra 'bank probe A1' mid 8 aid 8 no 7 bank date ''
  INFO contra 'bank probe A2' mid 9 aid 9 no 8 bank date ''
  INFO contra 'bank probe C1' mid 2 aid 2 no 1 bank date ''
  INFO contra 'bank probe C2' mid 3 aid 3 no 2 bank date ''
  INFO contra 'bank probe C3' mid 4 aid 4 no 3 bank date ''
  INFO contra 'bank probe C4' mid 5 aid 5 no 4 bank date ''
  INFO contra 'bank probe C5' mid 6 aid 6 no 5 bank date ''
  INFO contra 'bank probe C6' mid 7 aid 7 no 6 bank date ''
  INFO discovery yardstick (a report that is not there): <ENVELOPE> <HEADER> <VERSION>1</VERSION> <STATUS>0</STATUS> </HEADER> <BODY> <DATA> <LINEERROR>Could not find Report &apos;<N>&apos;!</LINEERROR> </DATA> </BODY> </ENVELOPE> 
  INFO discovery control 'Day Book': 42918 chars, known: True
  INFO discovery 'Bank Recon': known True (9 ms; <ENVELOPE></ENVELOPE> )
  INFO discovery 'Bank Reconciliation': known False (4 ms; <ENVELOPE> <HEADER> <VERSION>1</VERSION> <STATUS>0</STATUS> </HEADER> <BODY> <DATA> <LINEERROR>Could not find Report &apos;<N>&apos;!</LINEERROR> </DATA> </BODY)
  INFO discovery 'BankRecon': known True (6 ms; <ENVELOPE></ENVELOPE> )
  INFO discovery 'Bank Recon Summary': known False (2 ms; <ENVELOPE> <HEADER> <VERSION>1</VERSION> <STATUS>0</STATUS> </HEADER> <BODY> <DATA> <LINEERROR>Could not find Report &apos;<N>&apos;!</LINEERROR> </DATA> </BODY)
  INFO discovery 'Bank Reconciliation Summary': known False (4 ms; <ENVELOPE> <HEADER> <VERSION>1</VERSION> <STATUS>0</STATUS> </HEADER> <BODY> <DATA> <LINEERROR>Could not find Report &apos;<N>&apos;!</LINEERROR> </DATA> </BODY)
  INFO discovery 'Manual Bank Recon': known False (3 ms; <ENVELOPE> <HEADER> <VERSION>1</VERSION> <STATUS>0</STATUS> </HEADER> <BODY> <DATA> <LINEERROR>Could not find Report &apos;<N>&apos;!</LINEERROR> </DATA> </BODY)
  INFO discovery 'Bank Recon Manual': known False (2 ms; <ENVELOPE> <HEADER> <VERSION>1</VERSION> <STATUS>0</STATUS> </HEADER> <BODY> <DATA> <LINEERROR>Could not find Report &apos;<N>&apos;!</LINEERROR> </DATA> </BODY)
  INFO discovery 'BRS': known False (3 ms; <ENVELOPE> <HEADER> <VERSION>1</VERSION> <STATUS>0</STATUS> </HEADER> <BODY> <DATA> <LINEERROR>Could not find Report &apos;<N>&apos;!</LINEERROR> </DATA> </BODY)
  INFO discovery 'Bank Allocations': known False (2 ms; <ENVELOPE> <HEADER> <VERSION>1</VERSION> <STATUS>0</STATUS> </HEADER> <BODY> <DATA> <LINEERROR>Could not find Report &apos;<N>&apos;!</LINEERROR> </DATA> </BODY)
  INFO discovery 'VCH BankAllocations': known True (8 ms; <ENVELOPE></ENVELOPE> )
  INFO discovery 'Bank Allocation': known False (2 ms; <ENVELOPE> <HEADER> <VERSION>1</VERSION> <STATUS>0</STATUS> </HEADER> <BODY> <DATA> <LINEERROR>Could not find Report &apos;<N>&apos;!</LINEERROR> </DATA> </BODY)
  INFO discovery 'VCH Bank Allocations': known True (3 ms; <ENVELOPE></ENVELOPE> )
  INFO discovery 'BankAllocations': known False (2 ms; <ENVELOPE> <HEADER> <VERSION>1</VERSION> <STATUS>0</STATUS> </HEADER> <BODY> <DATA> <LINEERROR>Could not find Report &apos;<N>&apos;!</LINEERROR> </DATA> </BODY)
  INFO discovery 'VCH BankAllocation': known False (2 ms; <ENVELOPE> <HEADER> <VERSION>1</VERSION> <STATUS>0</STATUS> </HEADER> <BODY> <DATA> <LINEERROR>Could not find Report &apos;<N>&apos;!</LINEERROR> </DATA> </BODY)
  INFO discovery 'Voucher Bank Allocations': known False (2 ms; <ENVELOPE> <HEADER> <VERSION>1</VERSION> <STATUS>0</STATUS> </HEADER> <BODY> <DATA> <LINEERROR>Could not find Report &apos;<N>&apos;!</LINEERROR> </DATA> </BODY)
  INFO BRS form names probed: Bank Recon / BankRecon; Bank Allocations form names probed: VCH BankAllocations / VCH Bank Allocations
[12:43:11] ---- BK0 the add-on of the ref only
[shot] tds-001-gw0 (1024x768)
[12:43:19] [tds] screen tds-001-gw0 : EDU c Prime Gatewa of Tall CURRENT PERIOD K: Company Y: Data Z: Exchange CURRENT OATE Wednesday, I-Apr-2026 O: Import E: Export M: Share p: print Fl: Help Date a19ac I-Apr-26 to 31-Mar-27 NAME OF COMPANY FinCom Spike Co Gateway of Tally MASTERS Create Alter CHart of Accounts TRANSACTIONS Vouchers Day 800K UTILITIES BaNking REPORTS Balance Sheet Profit & Loss A/c Stock Summary Ratio Analysis Display More Reports DashbOard Quit Unity Q upr-26 Search Company to ru 7250- c4e2— acep a5fO- c4e2— acep .337. ening 'b4b17 ing j _id" : 1-01" a5fO- Mode Windows Server 2025 Datacenter Build 26100.ge_relea...
[keys] '%g' -> Tally 'TallyPrime:9000'
[shot] tds-002-BK0-alloc-goto (1024x768)
[12:43:22] [tds] screen tds-002-BK0-alloc-goto : EDU c Prime Unity Quit K: Company Y: Data Z: Exchange O: Import E: Export M: Share p: print Fl: Help x List of Re Its Saved Views Bills Payable - GST Bills Payable - GST - Sundry Creditors Bills Payable - GST - Sundry Debtors Bills Receivable - GST Bills Receivable - GST - Sundry Creditors Bills Receivable - GST - Sundry Debtors Purchase Dashboard Sales Dashboard IMS Inward Supplies - Filed Invoices Ledger Vouchers - GST Details Outstanding MSME Bills Common Reports Dashboard Balance Sheet Profit & Loss A/c Cash/Bank Book Day Book Ledger Vouchers Ledger Vouchers - GST Stock Summary Trial Balan...
[keys] 'Day Book' -> Tally 'TallyPrime:9000'
[keys] '{ENTER}' -> Tally 'TallyPrime:9000'
[shot] tds-003-BK0-alloc-daybook (1024x768)
[12:43:29] [tds] screen tds-003-BK0-alloc-daybook : EDU c Prime Da Book . Day Book Date _1-Apr-26 K: Company Y: Data Particulars Spike Party Z: Exchange A Add Vch Q Search FinCom • ke Co Vch Type Journal O: Import Vch No. E: Export M: Share P: Print For upr-26 Fl: Help F2: Date a19ac Company to ru Voucher Debit Amount Credit Amount Inwards Qty_ Outwards Qt 100.00 Type F 7: Show profit F8: Columnar FIO Basis of B: Values Change ¯ View Exception J: Reports Save View L: Apply F: — Filter F: Filter ¯ Details 7250- c4e2— acep a5fO- c4e2— acep .337. ening 'b4b17 ing j _id" : 1-01" a5fO- Unity Quit Enter: Alter Space: Sekd DuÅicate Vch I Insert Vch De...
[keys] '{F2}' -> Tally 'TallyPrime:9000'
[shot] tds-004-BK0-alloc-db-date (1024x768)
[12:43:32] [tds] screen tds-004-BK0-alloc-db-date : EDU c Prime Change Date Unity Quit K: Company Y: Data Z: Exchange A Accept Q Search O: Import E: Export M: Share p: print Fl: Help FinCom Spike Co Change Date 1-4-2026 a19ac to ru 7250- c4e2— acep a5fO- c4e2— acep .337. ening 'b4b17 ing j _id" : 1-01" a5fO- Mode Windows Server 2025 Datacenter Build 26100.ge_release240331-1435 12:43 PM 10/8/2026
[keys] '1-10-2026{ENTER}' -> Tally 'TallyPrime:9000'
[shot] tds-005-BK0-alloc-db-dated (1024x768)
[12:43:36] [tds] screen tds-005-BK0-alloc-db-dated : EDU c Prime Da Book . Day Book Date K: Company Y: Data Particulars Z: Exchange A Add Vch Q Search FinCom • ke Co Vch Type Contra Contra O: Import Vch No. 7 8 E: Export M: Share P: Print For 10ct-26 Fl: Help F2: Date a19ac Company to ru Voucher I-Oct-26 Zprobe Bank I-Oct-26 Zprobe Bank Debit Amount Credit Amount Inwards Qty_ Outwards Qt 201.00 202.00 Type F 7: Show profit F8: Columnar FIO Basis of B: Values Change ¯ View Exception J: Reports Save View L: Apply F: — Filter F: Filter ¯ Details 7250- c4e2— acep a5fO- c4e2— acep .337. ening 'b4b17 ing j _id" : 1-01" a5fO- Unity Quit Enter: Alter Sp...
[keys] '{END}' -> Tally 'TallyPrime:9000'
[shot] tds-006-BK0-alloc-db-last (1024x768)
[12:43:39] [tds] screen tds-006-BK0-alloc-db-last : EDU c Prime Da Book . Day Book Date K: Company Y: Data Particulars Z: Exchange A Add Vch Q Search O: Import Vch No. 7 8 E: Export FinCom • ke Co Vch Type Contra Contra M: Share P: Print For 10ct-26 Fl: Help F2: Date a19ac Company to ru Voucher I-Oct-26 Zprobe Bank I-Oct-26 Zprobe Bank Debit Amount Credit Amount Inwards Qty_ Outwards Qt 201.00 202.00 Type F 7: Show profit F8: Columnar FIO Basis of B: Values Change ¯ View Exception J: Reports Save View L: Apply F: — Filter F: Filter ¯ Details 7250- c4e2— acep a5fO- c4e2— acep .337. ening 'b4b17 ing j _id" : 1-01" a5fO- Unity Quit Enter: Alter Sp...
[keys] '{ENTER}' -> Tally 'TallyPrime:9000'
[shot] tds-007-BK0-alloc-open (1024x768)
[12:43:44] [tds] screen tds-007-BK0-alloc-open : EDU c Prime K: Company Y: Data Accounting Voucher Alteration ( 62 Contra Account Zprobe Bank Current balance: 403.00 Dr Particulars Cash CurBal: 1,024.00 Cr Narration: bank probe A2 Unity Quit Z: Exchange A Accept Q Search O: Import E: Export M: Share FinCom • ke Co p: print x a-Oct-26 Thursday Amount 202.00 202.00 Fl: Help Date a19ac Company to ru F4: Contra F5: Payment Receipt Journal Sales 7250- c4e2— acep a5fO- c4e2— Purchase ( • Fl 0: 0åHVouctg•s F: Autofill Change Mode More Details O: Related Reports Optional post -Dated acep .337. ening 'b4b17 ing j _id" : 1-01" a5fO- D: Delete x: Cance...
[shot] tds-008-BK0-alloc-walk1 (1024x768)
[12:43:44] [tds] screen tds-008-BK0-alloc-walk1 : EDU c Prime K: Company Y: Data Accounting Voucher Alteration ( 62 Contra Account Zprobe Bank Current balance: 403.00 Dr Particulars Cash CurBal: 1,024.00 Cr Narration: bank probe A2 Unity Quit Z: Exchange A Accept Q Search O: Import E: Export M: Share FinCom • ke Co p: print x 1-Oct-26 Thursday Amount 202.00 202.00 Fl: Help Date a19ac Company to ru F4: Contra F5: Payment Receipt Journal Sales 7250- c4e2— acep a5fO- c4e2— Purchase ( • Fl 0: 0åHVouctg•s F: Autofill Change Mode More Details O: Related Reports Optional post -Dated acep .337. ening 'b4b17 ing j _id" : 1-01" a5fO- D: Delete x: Cance...
[keys] '{ENTER}' -> Tally 'TallyPrime:9000'
[shot] tds-009-BK0-alloc-walk2 (1024x768)
[12:43:47] [tds] screen tds-009-BK0-alloc-walk2 : EDU c Prime K: Company Y: Data Accounting Voucher Alteration ( 62 Contra Account Z robe Bank Current balance: 403.00 Dr Particulars Cash CurBal: 1,024.00 Cr Narration: bank probe A2 Unity Quit Z: Exchange A Accept Q Search O: Import E: Export M: Share FinCom • ke Co p: print x 1 Oct-26 Thursday Amount 202.00 202.00 Fl: Help Date a19ac Company to ru F4: Contra F5: Payment Receipt Journal Sales 7250- c4e2— acep a5fO- c4e2— Purchase ( • Fl 0: 0åHVouctg•s F: Autofill Change Mode More Details O: Related Reports Optional post -Dated acep .337. ening 'b4b17 ing j _id" : 1-01" a5fO- D: Delete x: Cance...
[keys] '{ENTER}' -> Tally 'TallyPrime:9000'
[shot] tds-010-BK0-alloc-walk3 (1024x768)
[12:43:50] [tds] screen tds-010-BK0-alloc-walk3 : EDU c Prime K: Company Y: Data Accounting Voucher Alteration ( 62 Contra Account Zprobe Bank Current balance: 403.00 Dr Particulars Cash CurBal: 1,024.00 Cr Narration: bank probe A2 Unity Quit Z: Exchange A Accept Q Search O: Import E: Export M: Share FinCom • ke Co p: print x 1 Oct-26 Thursday Amount 202.00 202.00 Fl: Help Date a19ac Company to ru F4: Contra F5: Payment Receipt Journal Sales 7250- c4e2— acep a5fO- c4e2— Purchase ( • Fl 0: 0åHVouctg•s F: Autofill Change Mode More Details O: Related Reports Optional post -Dated acep .337. ening 'b4b17 ing j _id" : 1-01" a5fO- D: Delete x: Cance...
[keys] '{ENTER}' -> Tally 'TallyPrime:9000'
[shot] tds-011-BK0-alloc-walk4 (1024x768)
[12:43:53] [tds] screen tds-011-BK0-alloc-walk4 : EDU c Prime K: Company Y: Data Accounting Voucher Alteration ( 62 Contra Account Zprobe Bank Current balance: 403.00 Dr Particulars Cash CurBal: 1,024.00 Cr Narration: bank probe A2 Unity Quit Z: Exchange A Accept Q Search O: Import E: Export M: Share FinCom • ke Co p: print x 1 Oct-26 Thursday Amount 202.00 202.00 Fl: Help Date a19ac Company to ru F4: Contra F5: Payment Receipt Journal Sales 7250- c4e2— acep a5fO- c4e2— Purchase ( • Fl 0: 0åHVouctg•s F: Autofill Change Mode More Details O: Related Reports Optional post -Dated acep .337. ening 'b4b17 ing j _id" : 1-01" a5fO- D: Delete x: Cance...
[keys] '{ENTER}' -> Tally 'TallyPrime:9000'
[shot] tds-012-BK0-alloc-walk5 (1024x768)
[12:43:56] [tds] screen tds-012-BK0-alloc-walk5 : EDU c Prime K: Company Y: Data Accounting Voucher Alteration ( 62 Contra Account Zprobe Bank Current balance: 403.00 Dr Particulars Cash CurBal: 1,024.00 Cr Narration: bank probe A2 Unity Q: Quit Z: Exchange A: Accept Q Search O: Import E: Export M: Share FinCom p: print x 1 Oct-26 Thursday Amount 202.00 Fl: Help F2: Date F3: Company F4: Contra F5: Payment F6: Receipt F7: Journal F8: Sales F9: Purchase • a19ac to ru 7250- c4e2— acep a5fO- c4e2— acep .337. Warning Negative Cash! Press any key to continue D: Delete X: Cancel Vch F: Autofill H: Change Mode l: More Details O: Related Reports k: Op...
[keys] '{ENTER}' -> Tally 'TallyPrime:9000'
[shot] tds-013-BK0-alloc-walk6 (1024x768)
[12:43:58] [tds] screen tds-013-BK0-alloc-walk6 : EDU c Prime K: Company Y: Data Accounting Voucher Alteration ( 62 Contra Account Zprobe Bank Current balance: 403.00 Dr Particulars Cash CurBal: 1,024.00 Cr Narration: bank probe A2 Unity Quit Z: Exchange A Accept Q Search O: Import E: Export M: Share FinCom • ke Co p: print x 1 Oct-26 Thursday Amount 202.00 202.00 Fl: Help Date a19ac Company to ru F4: Contra F5: Payment Receipt Journal Sales 7250- c4e2— acep a5fO- c4e2— Purchase ( • Fl 0: 0åHVouctg•s F: Autofill Change Mode More Details O: Related Reports Optional post -Dated acep .337. ening 'b4b17 ing j _id" : 1-01" a5fO- D: Delete x: Cance...
[keys] '{ENTER}' -> Tally 'TallyPrime:9000'
[shot] tds-014-BK0-alloc-walk7 (1024x768)
[12:44:01] [tds] screen tds-014-BK0-alloc-walk7 : EDU c Prime K: Company Y: Data Accounting Voucher Alteration ( 62 Contra Account Zprobe Bank Current balance: 403.00 Dr Particulars Cash CurBal: 1,024.00 Cr Narration: bank probe A2 Unity Quit Z: Exchange A Accept Q Search O: Import E: Export M: Share FinCom • ke Co p: print x 1 Oct-26 Thursday Amount 202.00 202.00 Fl: Help Date a19ac Company to ru F4: Contra F5: Payment Receipt Journal Sales 7250- c4e2— acep a5fO- c4e2— Purchase ( • Fl 0: 0åHVouctg•s F: Autofill Change Mode More Details O: Related Reports Optional post -Dated acep .337. ening 'b4b17 ing j _id" : 1-01" a5fO- D: Delete x: Cance...
[keys] '{ENTER}' -> Tally 'TallyPrime:9000'
[shot] tds-015-BK0-alloc-walk8 (1024x768)
[12:44:04] [tds] screen tds-015-BK0-alloc-walk8 : Unity EDU c Prime Bank Allocations Quit K: Company Y: Data Z: Exchange O: Import E: Export M: Share p: print x FinCom Spike Co Bank Allocations for: Zprobe Bank For: 202.00 Inst Date Transacion Type Cash Inst No. Bank Name: Accept Amount 202.00 I-OctQ6 Fl: Help s: Set Status V: View Recon Info Configure a19ac to ru 7250- c4e2— acep a5fO- c4e2— acep .337. ening 'b4b17 ing j _id" : 1-01" a5fO- Mode Q Search Windows Server 2025 Datacenter Build 26100.ge_release240331-1435 12:44 PM 10/8/2026
[keys] '^a' -> Tally 'TallyPrime:9000'
[shot] tds-016-BK0-alloc-alloc-accepted (1024x768)
[12:44:08] [tds] screen tds-016-BK0-alloc-alloc-accepted : EDU c Prime K: Company Y: Data Accounting Voucher Alteration ( 62 Contra Account Zprobe Bank Current balance: 403.00 Dr Particulars Cash CurBal: 1,024.00 Cr Narration: bank probe A2 aa Unity Quit Z: Exchange Accept Q Search O: Import E: Export M: Share FinCom • ke Co p: print x 1 Oct-26 Thursday Amount 202.00 202.00 Fl: Help Date a19ac Company to ru F4: Contra F5: Payment Receipt Journal Sales 7250- c4e2— acep a5fO- c4e2— Purchase ( • Fl 0: 0åHVouctg•s F: Autofill Change Mode More Details O: Related Reports Optional post -Dated acep .337. ening 'b4b17 ing j _id" : 1-01" a5fO- D: Delete x: Canc...
[shot] tds-017-BK0-alloc-after-alloc1 (1024x768)
[12:44:09] [tds] screen tds-017-BK0-alloc-after-alloc1 : EDU c Prime K: Company Y: Data Accounting Voucher Alteration ( 62 Contra Account Zprobe Bank Current balance: 403.00 Dr Particulars Cash CurBal: 1,024.00 Cr Narration: Bank probe A2 Unity Quit Z: Exchange Accept Q Search O: Import E: Export M: Share FinCom • ke Co p: print x 1 Oct-26 Thursday Amount 202.00 202.00 Fl: Help Date a19ac Company to ru F4: Contra F5: Payment Receipt Journal Sales 7250- c4e2— acep a5fO- c4e2— Purchase ( • Fl 0: 0åHVouctg•s F: Autofill Change Mode More Details O: Related Reports Optional post -Dated acep .337. ening 'b4b17 ing j _id" : 1-01" a5fO- D: Delete x: Cancel ...
[keys] '' -> Tally 'TallyPrime:9000'
[shot] tds-018-BK0-alloc-saved (1024x768)
[12:44:11] [tds] screen tds-018-BK0-alloc-saved : EDU c Prime Da Book . Day Book Date K: Company Y: Data Particulars Z: Exchange A Add Vch Q Search FinCom • ke Co Vch Type Contra Contra O: Import Vch No. 7 8 E: Export M: Share P: Print For 10ct-26 Fl: Help F2: Date a19ac Company to ru Voucher Debit Amount Credit Amount Inwards Qty_ Outwards Qt 201.00 I-Oct-26 Zprobe Bank I-Oct-26 Cash 202.00 U: Restore Line Type F 7: Show profit F8: Columnar FIO Basis of B: Values Change ¯ View Exception J: Reports Save View L: Apply F: — Filter F: Filter ¯ Details 7250- c4e2— acep a5fO- c4e2— acep .337. ening 'b4b17 ing j _id" : 1-01" a5fO- Unity Quit Enter:...
[12:44:11] BK0-alloc save: 45.4;107.6
[shot] tds-019-BK0-alloc-after-save (1024x768)
[12:44:11] [tds] screen tds-019-BK0-alloc-after-save : EDU c Prime Da Book . Day Book Date K: Company Y: Data Particulars Z: Exchange A Add Vch Q Search FinCom • ke Co Vch Type Contra Contra O: Import Vch No. 7 8 E: Export M: Share P: Print For 10ct-26 Fl: Help F2: Date a19ac Company to ru Voucher Debit Amount Credit Amount Inwards Qty_ Outwards Qt 201.00 I-Oct-26 Zprobe Bank I-Oct-26 Cash 202.00 U: Restore Line Type F 7: Show profit F8: Columnar FIO Basis of B: Values Change ¯ View Exception J: Reports Save View L: Apply F: — Filter F: Filter ¯ Details 7250- c4e2— acep a5fO- c4e2— acep .337. ening 'b4b17 ing j _id" : 1-01" a5fO- Unity Quit Enter:...
[shot] tds-020-gw0 (1024x768)
[12:44:12] [tds] screen tds-020-gw0 : EDU c Prime Da Book . Day Book Date K: Company Y: Data Particulars Z: Exchange A Add Vch Q Search FinCom • ke Co Vch Type Contra Contra O: Import Vch No. 7 8 E: Export M: Share P: Print For 10ct-26 Fl: Help F2: Date a19ac Company to ru Voucher Debit Amount Credit Amount Inwards Qty_ Outwards Qt 201.00 I-Oct-26 Zprobe Bank I-Oct-26 Cash 202.00 U: Restore Line Type F 7: Show profit F8: Columnar FIO Basis of B: Values Change ¯ View Exception J: Reports Save View L: Apply F: — Filter F: Filter ¯ Details 7250- c4e2— acep a5fO- c4e2— acep .337. ening 'b4b17 ing j _id" : 1-01" a5fO- Unity Quit Enter:...
[keys] '{ESC}' -> Tally 'TallyPrime:9000'
[shot] tds-021-gw1 (1024x768)
[12:44:15] [tds] screen tds-021-gw1 : EDU c Prime Gatewa of Tall CURRENT PERIOD K: Company Y: Data Z: Exchange CURRENT OATE Thursday, I-Oct-2026 O: Import E: Export M: Share p: print Fl: Help Date a19ac I-Apr-26 to 31-Mar-27 NAME OF COMPANY FinCom Spike Co Gateway of Tally MASTERS Create Alter CHart of Accounts TRANSACTIONS Vouchers Day 800K UTILITIES BaNking REPORTS Balance Sheet Profit & Loss A/c Stock Summary Ratio Analysis Display More Reports DashbOard Quit Unity Q 2-Oct-26 Search Company to ru 7250- c4e2— acep a5fO- c4e2— acep .337. ening 'b4b17 ing j _id" : 1-01" a5fO- Mode Windows Server 2025 Datacenter Build 26100.ge_rele...
######## INFO BK0-alloc voucher altered through its Bank Allocations: Bank Allocations seen True, a Bank Date field on it False; saved 'bank probe A2' (mid 9, bank date now ''); AlterID 9 -> 10; company AltVchId 9 -> 10; Ctrl+A to a still screen 108 ms (45.4;107.6); add-on FCR1 lines: voucher_accept_pre x1, voucher_accept_post x1, voucher_full x1 (for its MasterID: 3); probe lines: none; the sub-screen read: Unity EDU c Prime Bank Allocations Quit K: Company Y: Data Z: Exchange O: Import E: Export M: Share p: print x FinCom Spike Co Bank Allocations for: Zprobe Bank For: 202.00 Inst Date Transacion Type Cash Inst No. Bank Name: Accept Amount 202.00 I-OctQ6 Fl: Help s: Set Status V: View Recon Info Confi
[shot] tds-022-gw0 (1024x768)
[12:44:18] [tds] screen tds-022-gw0 : EDU c Prime Gatewa of Tall CURRENT PERIOD K: Company Y: Data Z: Exchange CURRENT OATE Thursday, I-Oct-2026 O: Import E: Export M: Share p: print Fl: Help Date a19ac I-Apr-26 to 31-Mar-27 NAME OF COMPANY FinCom Spike Co Gateway of Tally MASTERS Create Alter CHart of Accounts TRANSACTIONS Vouchers Day 800K UTILITIES BaNking REPORTS Balance Sheet Profit & Loss A/c Stock Summary Ratio Analysis Display More Reports DashbOard Quit Unity Q 2-Oct-26 Search Company to ru 7250- c4e2— acep a5fO- c4e2— acep .337. ening 'b4b17 ing j _id" : 1-01" a5fO- Mode Windows Server 2025 Datacenter Build 26100.ge_rele...
[keys] '%g' -> Tally 'TallyPrime:9000'
[shot] tds-023-BK0-brs-goto (1024x768)
[12:44:21] [tds] screen tds-023-BK0-brs-goto : EDU c Prime Unity Quit K: Company Y: Data Z: Exchange O: Import E: Export M: Share p: print Fl: Help x List of Re Its Saved Views Bills Payable - GST Bills Payable - GST - Sundry Creditors Bills Payable - GST - Sundry Debtors Bills Receivable - GST Bills Receivable - GST - Sundry Creditors Bills Receivable - GST - Sundry Debtors Purchase Dashboard Sales Dashboard IMS Inward Supplies - Filed Invoices Ledger Vouchers - GST Details Outstanding MSME Bills Common Reports Dashboard Balance Sheet Profit & Loss A/c Cash/Bank Book Day Book Ledger Vouchers Ledger Vouchers - GST Stock Summary Trial Balan...
[keys] 'Bank Reconciliation' -> Tally 'TallyPrime:9000'
[shot] tds-024-BK0-brs-typed (1024x768)
[12:44:25] [tds] screen tds-024-BK0-brs-typed : EDU c Prime K: Company Y: Data Z: Exchange FinCom Spike Co Bank Reconciliation O: Import E: Export M: Share p: print Fl: Help List of Re Its Create Voucher Create Master Alter Master Expand All Show More Banking Utilities Bank Reconciliation Unity Quit Q Search a19ac to ru 7250- c4e2— acep a5fO- c4e2— acep .337. ening 'b4b17 ing j _id" : 1-01" a5fO- Mode Windows Server 2025 Datacenter Build 26100.ge_release240331-1435 12:44 PM 10/8/2026
[keys] '{ENTER}' -> Tally 'TallyPrime:9000'
[shot] tds-025-BK0-brs-select (1024x768)
[12:44:29] [tds] screen tds-025-BK0-brs-select : EDU c Prime Acti v ities K: Company Y: Data Z: Exchange O: Import FinCom • ke Co E: Export M: Share P: Print as at 2-0ct-26 Bank Reconciliation From I-A -26 Particulars Share Bank Zprobe Bank Available Available Only in Books OnlyinBank 6 2 8 Fl: Help period Company Bank Ledger Amount View FIO Basis of B: Values Change — View J: Exception = Reports L: Save View F: Apply Filter Filter — Details Opening BRS a19ac to ru 7250- c4e2— acep a5fO- c4e2— acep .337. ening 'b4b17 ing j _id" : 1-01" a5fO- Grand Unity Quit Total Space: Q Search U: Restore Line Fl 2: Configure Mode Windows Server 2025 Datac...
[keys] 'Share Bank{ENTER}' -> Tally 'TallyPrime:9000'
[shot] tds-026-BK0-brs-bank (1024x768)
[12:44:34] [tds] screen tds-026-BK0-brs-bank : EDU c Prime K: Company Y: Data Bank Reconciliation Z: Exchange O: Import FinCom • ke Co . Ledger Share Bank E: Export M: Share P: Print as at 2-0ct-26 Particulars Balance as per Company Books Unreconciled Transactions from I-Apr-26 till date Available Only in Books Add: Withdrawals Less: Deposits Expected Bank Balance Unity Quit Count 6 6 Balance 621.00 (-)621.oo 62100 Fl: Help period Company F4: Bank Ledger F5: View Reconciled FIO B: Basis of Values Change View J: Exception Reports L: Save View R: Manual Recon Fl 2: Configure a19ac to ru 7250- c4e2— acep a5fO- c4e2— acep .337. ening 'b4b17 in...
[shot] tds-027-BK0-brs-screen (1024x768)
[12:44:34] [tds] screen tds-027-BK0-brs-screen : EDU c Prime K: Company Y: Data Bank Reconciliation Z: Exchange O: Import FinCom • ke Co . Ledger Share Bank E: Export M: Share P: Print as at 2-0ct-26 Particulars Balance as per Company Books Unreconciled Transactions from I-Apr-26 till date Available Only in Books Add: Withdrawals Less: Deposits Expected Bank Balance Unity Quit Count 6 6 Balance 621.00 (-)621.oo 62100 Fl: Help period Company F4: Bank Ledger F5: View Reconciled FIO B: Basis of Values Change View J: Exception Reports L: Save View R: Manual Recon Fl 2: Configure a19ac to ru 7250- c4e2— acep a5fO- c4e2— acep .337. ening 'b4b17 in...
[keys] '%r' -> Tally 'TallyPrime:9000'
[shot] tds-028-BK0-brs-manual (1024x768)
[12:44:41] [tds] screen tds-028-BK0-brs-manual : EDU c Prime K: Company Y: Data Bank Reconciliation Manual . Ledger Date Share Bank Particulars Z: Exchange Q Search FinCom • ke Co Instrument No. O: Import Bank Date E: Export M: Share P: Print upr-26 to 2-Oct-26 Instrument Date 2-Oct-26 2-Oct-26 2-Oct-26 2-Oct-26 2-Oct-26 2-Oct-26 Deposit 101.00 102.00 103.00 104.00 105.00 106.00 621.00 621.00 Withdrawal Available Only in Books 2-Oct-26 2-Oct-26 2-Oct-26 2-Oct-26 2-Oct-26 2-Oct-26 Cash Cash Cash Cash Cash Cash Fl: Help period F3: Company F4: Bank Ledger Update Bank Date FIO B: J: Basis of Values Change View Exception Reports Opening BRS a19ac...
[shot] tds-029-BK0-brs-manual-screen (1024x768)
[12:44:41] [tds] screen tds-029-BK0-brs-manual-screen : EDU c Prime K: Company Y: Data Bank Reconciliation Manual . Ledger Date Share Bank Particulars Z: Exchange Q Search FinCom • ke Co Instrument No. O: Import Bank Date E: Export M: Share P: Print upr-26 to 2-Oct-26 Instrument Date 2-Oct-26 2-Oct-26 2-Oct-26 2-Oct-26 2-Oct-26 2-Oct-26 Deposit 101.00 102.00 103.00 104.00 105.00 106.00 621.00 621.00 Withdrawal Available Only in Books 2-Oct-26 2-Oct-26 2-Oct-26 2-Oct-26 2-Oct-26 2-Oct-26 Cash Cash Cash Cash Cash Cash Fl: Help period F3: Company F4: Bank Ledger Update Bank Date FIO B: J: Basis of Values Change View Exception Reports Opening BRS a19ac...
[keys] '2-10-2026{ENTER}' -> Tally 'TallyPrime:9000'
[shot] tds-030-BK0-brs-date (1024x768)
[12:44:45] [tds] screen tds-030-BK0-brs-date : EDU c Prime K: Company Y: Data Bank Reconciliation Manual . Ledger Date Share Bank Particulars Z: Exchange Q Search FinCom • ke Co Instrument No. O: Import Bank Date 2-Oct-26 E: Export M: Share P: Print upr-26 to 2-Oct-26 Instrument Date 2-Oct-26 2-Oct-26 2-Oct-26 2-Oct-26 2-Oct-26 2-Oct-26 Deposit 101.00 102.00 103.00 104.00 105.00 106.00 621.00 520.00 101.00 Withdrawal Available Only in Books 2-Oct-26 2-Oct-26 2-Oct-26 2-Oct-26 2-Oct-26 2-Oct-26 Cash Cash Cash Cash Cash Cash Fl: Help period F3: Company F4: Bank Ledger Update Bank Date FIO B: J: Basis of Values Change View Exception Reports O...
[keys] '' -> Tally 'TallyPrime:9000'
[shot] tds-031-BK0-brs-saved (1024x768)
[12:44:47] [tds] screen tds-031-BK0-brs-saved : EDU c Prime K: Company Y: Data Bank Reconciliation Z: Exchange O: Import FinCom • ke Co . Ledger Share Bank E: Export M: Share P: Print as at 2-0ct-26 Particulars Balance as per Company Books Unreconciled Transactions from I-Apr-26 till date Available Only in Books Add: Withdrawals Less: Deposits Expected Bank Balance Unity Quit Count 5 5 Balance 621.00 (0520.00 52000 101.00 Fl: Help period Company F4: Bank Ledger F5: View Reconciled FIO B: Basis of Values Change View J: Exception Reports L: Save View R: Manual Recon Fl 2: Configure a19ac to ru 7250- c4e2— acep a5fO- c4e2— acep .337. ening 'b4...
[12:44:47] BK0-brs save: 58.6;93.2
[shot] tds-032-gw0 (1024x768)
[12:44:47] [tds] screen tds-032-gw0 : EDU c Prime K: Company Y: Data Bank Reconciliation Z: Exchange O: Import FinCom • ke Co . Ledger Share Bank E: Export M: Share P: Print as at 2-0ct-26 Particulars Balance as per Company Books Unreconciled Transactions from I-Apr-26 till date Available Only in Books Add: Withdrawals Less: Deposits Expected Bank Balance Unity Quit Count 5 5 Balance 621.00 (0520.00 52000 101.00 Fl: Help period Company F4: Bank Ledger F5: View Reconciled FIO B: Basis of Values Change View J: Exception Reports L: Save View R: Manual Recon Fl 2: Configure a19ac to ru 7250- c4e2— acep a5fO- c4e2— acep .337. ening 'b4...
[keys] '{ESC}' -> Tally 'TallyPrime:9000'
[shot] tds-033-gw1 (1024x768)
[12:44:51] [tds] screen tds-033-gw1 : EDU c Prime Acti v ities K: Company Y: Data Z: Exchange O: Import FinCom • ke Co E: Export M: Share P: Print as at 2-0ct-26 Bank Reconciliation From I-A -26 Particulars Share Bank Zprobe Bank Available Available Only in Books OnlyinBank 5 2 7 Fl: Help period Company Bank Ledger Amount View FIO Basis of B: Values Change — View J: Exception = Reports L: Save View F: Apply Filter Filter — Details Opening BRS a19ac to ru 7250- c4e2— acep a5fO- c4e2— acep .337. ening 'b4b17 ing j _id" : 1-01" a5fO- Grand Unity Quit Total Space: Q Search U: Restore Line Fl 2: Configure Mode Windows Server 2025 Datac...
[keys] '{ESC}' -> Tally 'TallyPrime:9000'
[shot] tds-034-gw2 (1024x768)
[12:44:54] [tds] screen tds-034-gw2 : EDU c Prime Gatewa of Tall CURRENT PERIOD K: Company Y: Data Z: Exchange CURRENT OATE Thursday, I-Oct-2026 O: Import E: Export M: Share p: print Fl: Help Date a19ac I-Apr-26 to 31-Mar-27 NAME OF COMPANY FinCom Spike Co Gateway of Tally MASTERS Create Alter CHart of Accounts TRANSACTIONS Vouchers Day 800K UTILITIES BaNking REPORTS Balance Sheet Profit & Loss A/c Stock Summary Ratio Analysis Display More Reports DashbOard Quit Unity Q 2-Oct-26 Search Company to ru 7250- c4e2— acep a5fO- c4e2— acep .337. ening 'b4b17 ing j _id" : 1-01" a5fO- Mode Windows Server 2025 Datacenter Build 26100.ge_rele...
  INFO BK0-brs the dated contra stored whole: every date field: DATE=20261002, VCHSTATUSDATE=20261002, EFFECTIVEDATE=20261002, INSTRUMENTDATE=20261002, BANKERSDATE=20261002
######## INFO BK0-brs bank date in Bank Reconciliation: Alt+R Manual Recon: Tally bank-dated 'bank probe C1' (mid 2, bank date '20261002'); AlterID 2 -> 11; company AltVchId 10 -> 11, AltMstId 212 -> 212; Ctrl+A to a still screen 93 ms (58.6;93.2); add-on FCR1 lines: none (for its MasterID: 0); probe lines: none
[12:44:56] ---- BK1 the probe variant
  INFO probe brs1 = [#Form: Bank Recon] (its button 'Zebra Mark' on the screen = attached)
  INFO probe brs2 = [#Form: BankRecon] (its button 'Lotus Mark' on the screen = attached)
  INFO probe rep1 = [#Report: Bank Recon] (its title 'Tiger Mark' on the screen = this report)
  INFO probe rep2 = [#Report: BankRecon] (its title 'Maple Mark' on the screen = this report)
  INFO probe alloc1 = [#Form: VCH BankAllocations]
  INFO probe alloc2 = [#Form: VCH Bank Allocations]
  INFO tally.ini TDL lines: FinComRecorder.tdl, probe-common.tdl, probe-sys-afteralter.tdl, probe-sys-beforealter.tdl, probe-sys-onalter.tdl, probe-sys-beforesave.tdl, probe-sys-aftersave.tdl, probe-control-voucher.tdl, probe-brs1.tdl, probe-brs2.tdl, probe-rep1.tdl, probe-rep2.tdl, probe-alloc1.tdl, probe-alloc2.tdl
  INFO Tally started afresh (BK1: the probe variant loaded)
[shot] tds-035-bk-start-1 (1024x768)
[12:45:15] [tds] screen tds-035-bk-start-1 : EDU prime Startup Report K: Company Y: Data Z: Exchange O: Import E: Export M: Share p: print x Application Startup TallyPrime will start with the following settings. Click Configure to change these settings Country Accounting terminology Company Data path C. Configure A Accept Q Search India Others A. Accept Fl:Help 12:45 PM 10/8/2026
[keys] 'a' -> Tally 'TallyPrime:9000'
[keys] 't' -> Tally 'TallyPrime:9000'
[shot] tds-036-bk-start-2 (1024x768)
[12:45:31] [tds] screen tds-036-bk-start-2 : EDU c Prime Gatewa of Tall CURRENT PERIOD K: Company Y: Data Z: Exchange O: Import E: Export M: Share p: print Fl: Help Date a19ac I-Apr-26 to 31-Mar-27 NAME OF COMPANY FinCom Spike Co Q CURRENT OATE Friday, 2-Oct-2026 2-Oct-26 Search Gateway of Tally MASTERS Create Alter CHart of Accounts TRANSACTIONS Vouchers Day 800K UTILITIES BaNking REPORTS Balance Sheet Profit & Loss A/c Stock Summary Ratio Analysis Display More Reports DashbOard Quit Unity Company to ru 7250- c4e2— acep a5fO- c4e2— acep .337. ening 'b4b17 ing j _id" : 1-01" a5fO- Mode Windows Server 2025 Datacenter Build 26100.ge_releas...
[shot] tds-037-gw0 (1024x768)
[12:45:32] [tds] screen tds-037-gw0 : EDU c Prime Gatewa of Tall CURRENT PERIOD K: Company Y: Data Z: Exchange O: Import E: Export M: Share p: print Fl: Help Date a19ac I-Apr-26 to 31-Mar-27 NAME OF COMPANY FinCom Spike Co Q CURRENT OATE Friday, 2-Oct-2026 2-Oct-26 Search Gateway of Tally MASTERS Create Alter CHart of Accounts TRANSACTIONS Vouchers Day 800K UTILITIES BaNking REPORTS Balance Sheet Profit & Loss A/c Stock Summary Ratio Analysis Display More Reports DashbOard Quit Unity Company to ru 7250- c4e2— acep a5fO- c4e2— acep .337. ening 'b4b17 ing j _id" : 1-01" a5fO- Mode Windows Server 2025 Datacenter Build 26100.ge_releas...
[shot] tds-038-gw0 (1024x768)
[12:45:32] [tds] screen tds-038-gw0 : EDU c Prime Gatewa of Tall CURRENT PERIOD K: Company Y: Data Z: Exchange O: Import E: Export M: Share p: print Fl: Help Date a19ac I-Apr-26 to 31-Mar-27 NAME OF COMPANY FinCom Spike Co Q CURRENT OATE Friday, 2-Oct-2026 2-Oct-26 Search Gateway of Tally MASTERS Create Alter CHart of Accounts TRANSACTIONS Vouchers Day 800K UTILITIES BaNking REPORTS Balance Sheet Profit & Loss A/c Stock Summary Ratio Analysis Display More Reports DashbOard Quit Unity Company to ru 7250- c4e2— acep a5fO- c4e2— acep .337. ening 'b4b17 ing j _id" : 1-01" a5fO- Mode Windows Server 2025 Datacenter Build 26100.ge_releas...
[keys] '%g' -> Tally 'TallyPrime:9000'
[shot] tds-039-BK1-alloc-goto (1024x768)
[12:45:35] [tds] screen tds-039-BK1-alloc-goto : EDU c Prime Unity Quit K: Company Y: Data Z: Exchange O: Import E: Export M: Share p: print Fl: Help x List of Re Its Saved Views Bills Payable - GST Bills Payable - GST - Sundry Creditors Bills Payable - GST - Sundry Debtors Bills Receivable - GST Bills Receivable - GST - Sundry Creditors Bills Receivable - GST - Sundry Debtors Purchase Dashboard Sales Dashboard IMS Inward Supplies - Filed Invoices Ledger Vouchers - GST Details Outstanding MSME Bills Common Reports Dashboard Balance Sheet Profit & Loss A/c Cash/Bank Book Day Book Ledger Vouchers Ledger Vouchers - GST Stock Summary Trial Balan...
[keys] 'Day Book' -> Tally 'TallyPrime:9000'
[keys] '{ENTER}' -> Tally 'TallyPrime:9000'
[shot] tds-040-BK1-alloc-daybook (1024x768)
[12:45:42] [tds] screen tds-040-BK1-alloc-daybook : EDU c Prime Da Book . Day Book K: Company Y: Data Z: Exchange A Add Vch Q Search FinCom • ke Co Vch Type O: Import Vch No. E: Export M: Share P: Print For 2-Oct-26 Fl: Help F2: Date a19ac Company to ru Voucher Date 2-Oct-26 2-Oct-26 2-Oct-26 2-Oct-26 2-Oct-26 2-Oct-26 Unity Quit Particulars Share Bank Share Bank Share Bank Share Bank Share Bank Share Bank Debit Amount Credit Amount Inwards Qty_ Outwards Qt 101.00 102.00 103.00 104.00 105.00 106.00 Type F 7: Show profit F8: Columnar FIO Basis of B: Values Change ¯ View Exception J: Reports Save View L: Apply F: — Filter F: Filter ¯ Details 7250...
[keys] '{F2}' -> Tally 'TallyPrime:9000'
[shot] tds-041-BK1-alloc-db-date (1024x768)
[12:45:45] [tds] screen tds-041-BK1-alloc-db-date : EDU c Prime Change Date Unity Quit K: Company Y: Data Z: Exchange A Accept Q Search O: Import E: Export M: Share p: print Fl: Help FinCom Spike Co Change Date 2-10-2026 a19ac to ru 7250- c4e2— acep a5fO- c4e2— acep .337. ening 'b4b17 ing j _id" : 1-01" a5fO- Mode Windows Server 2025 Datacenter Build 26100.ge_release240331-1435 12:45 PM 10/8/2026
[keys] '1-10-2026{ENTER}' -> Tally 'TallyPrime:9000'
[shot] tds-042-BK1-alloc-db-dated (1024x768)
[12:45:49] [tds] screen tds-042-BK1-alloc-db-dated : EDU c Prime Da Book . Day Book Date K: Company Y: Data Particulars Z: Exchange A Add Vch Q Search FinCom • ke Co Vch Type Contra Contra O: Import Vch No. 7 8 E: Export M: Share P: Print For 10ct-26 Fl: Help F2: Date a19ac Company to ru Voucher I-Oct-26 Zprobe Bank I-Oct-26 Cash Debit Amount Credit Amount Inwards Qty_ Outwards Qt 201.00 202.00 U: Restore Line Type F 7: Show profit F8: Columnar FIO Basis of B: Values Change ¯ View Exception J: Reports Save View L: Apply F: — Filter F: Filter ¯ Details 7250- c4e2— acep a5fO- c4e2— acep .337. ening 'b4b17 ing j _id" : 1-01" a5fO- Unity Quit Enter:...
[keys] '{END}' -> Tally 'TallyPrime:9000'
[shot] tds-043-BK1-alloc-db-last (1024x768)
[12:45:52] [tds] screen tds-043-BK1-alloc-db-last : EDU c Prime Da Book . Day Book Date K: Company Y: Data Particulars Z: Exchange A Add Vch Q Search FinCom • ke Co Vch Type Contra Contra O: Import Vch No. 7 8 E: Export M: Share P: Print For 10ct-26 Fl: Help F2: Date a19ac Company to ru Voucher Debit Amount Credit Amount Inwards Qty_ Outwards Qt 201.00 I-Oct-26 Zprobe Bank I-Oct-26 Cash 202.00 U: Restore Line Type F 7: Show profit F8: Columnar FIO Basis of B: Values Change ¯ View Exception J: Reports Save View L: Apply F: — Filter F: Filter ¯ Details 7250- c4e2— acep a5fO- c4e2— acep .337. ening 'b4b17 ing j _id" : 1-01" a5fO- Unity Quit Enter:...
[keys] '{UP}' -> Tally 'TallyPrime:9000'
[keys] '{ENTER}' -> Tally 'TallyPrime:9000'
[shot] tds-044-BK1-alloc-open (1024x768)
[12:46:02] [tds] screen tds-044-BK1-alloc-open : EDU c Prime Da Book . Day Book Date K: Company Y: Data Particulars Z: Exchange A Add Vch Q Search O: Import Vch No. 7 8 x E: Export FinCom • ke Co Vch Type Contra Contra Error Error in TOL. 'Key:FCRPBV• Improper use as a M: Share P: Print For 10ct-26 Fl: Help F2: Date a19ac Company to ru Voucher I-Oct-26 Zprobe Bank I-Oct-26 Cash Debit Amount Credit Amount Inwards Qty_ Outwards Qt 201.00 202.00 Type F 7: Show profit F8: Columnar FIO Basis of B: Values Change ¯ View Exception J: Reports Save View L: Apply F: — Filter F: Filter ¯ Details 7250- c4e2— acep a5fO- c4e2— acep .337. ening 'b4b17 ing j...
[shot] tds-045-BK1-alloc-walk1 (1024x768)
[12:46:02] [tds] screen tds-045-BK1-alloc-walk1 : EDU c Prime Da Book . Day Book Date K: Company Y: Data Particulars Z: Exchange A Add Vch Q Search O: Import Vch No. 7 8 x E: Export FinCom • ke Co Vch Type Contra Contra Error Error in TOL. 'Key:FCRPBV• Improper use as a M: Share P: Print For 10ct-26 Fl: Help F2: Date a19ac Company to ru Voucher I-Oct-26 Zprobe Bank I-Oct-26 Cash Debit Amount Credit Amount Inwards Qty_ Outwards Qt 201.00 202.00 Type F 7: Show profit F8: Columnar FIO Basis of B: Values Change ¯ View Exception J: Reports Save View L: Apply F: — Filter F: Filter ¯ Details 7250- c4e2— acep a5fO- c4e2— acep .337. ening 'b4b17 ing j...
[keys] '{ENTER}' -> Tally ''
[shot] tds-046-BK1-alloc-walk2 (1024x768)
[12:46:06] [tds] screen tds-046-BK1-alloc-walk2 : completion or finish request message... I' , "orchestration_id" : , "source_correlation ld" : _ • "bUb17250-3UU1-a5fO-aa9b-b6c185UaU8101' , : "OO-3a787ccae12b06c271667e2a19ac 6243-deOefOUb9d27U1f1-01"} {"level" : "INFO" , "ts" :1791462572.4085183, "logger" : "hosted—compute—agent" , "msg" : "Waiting for actions agent to ru n job" , "orchestration_id" : ._6_2" , "source_correlation ld" : _ • "bUb17250- 3UU1-a5fO-aa9b-b6c185UaU8101' , "traceparentl' : "OO-3a787ccae12b06c271667e2a19ac62U3-deOefOUb9d27U1f1-01"} {"level" : "INFO" , "ts" : 1791462572.6106038 , "logger" : "hosted—compute—agent" , "ms...
[keys] Tally (pid 8640) has no window
[shot] tds-047-BK1-alloc-walk3 (1024x768)
[12:46:06] [tds] screen tds-047-BK1-alloc-walk3 : completion or finish request message... I' , "orchestration_id" : , "source_correlation ld" : _ • "bUb17250-3UU1-a5fO-aa9b-b6c185UaU8101' , : "OO-3a787ccae12b06c271667e2a19ac 6243-deOefOUb9d27U1f1-01"} {"level" : "INFO" , "ts" :1791462572.4085183, "logger" : "hosted—compute—agent" , "msg" : "Waiting for actions agent to ru n job" , "orchestration_id" : ._6_2" , "source_correlation ld" : _ • "bUb17250- 3UU1-a5fO-aa9b-b6c185UaU8101' , "traceparentl' : "OO-3a787ccae12b06c271667e2a19ac62U3-deOefOUb9d27U1f1-01"} {"level" : "INFO" , "ts" : 1791462572.6106038 , "logger" : "hosted—compute—agent" , "ms...
[keys] Tally (pid 8640) has no window
[shot] tds-048-BK1-alloc-walk4 (1024x768)
[12:46:07] [tds] screen tds-048-BK1-alloc-walk4 : completion or finish request message... I' , "orchestration_id" : , "source_correlation ld" : _ • "bUb17250-3UU1-a5fO-aa9b-b6c185UaU8101' , : "OO-3a787ccae12b06c271667e2a19ac 6243-deOefOUb9d27U1f1-01"} {"level" : "INFO" , "ts" :1791462572.4085183, "logger" : "hosted—compute—agent" , "msg" : "Waiting for actions agent to ru n job" , "orchestration_id" : ._6_2" , "source_correlation ld" : _ • "bUb17250- 3UU1-a5fO-aa9b-b6c185UaU8101' , "traceparentl' : "OO-3a787ccae12b06c271667e2a19ac62U3-deOefOUb9d27U1f1-01"} {"level" : "INFO" , "ts" : 1791462572.6106038 , "logger" : "hosted—compute—agent" , "ms...
[keys] Tally (pid 8640) has no window
[shot] tds-049-BK1-alloc-walk5 (1024x768)
[12:46:08] [tds] screen tds-049-BK1-alloc-walk5 : completion or finish request message... I' , "orchestration_id" : , "source_correlation ld" : _ • "bUb17250-3UU1-a5fO-aa9b-b6c185UaU8101' , : "OO-3a787ccae12b06c271667e2a19ac 6243-deOefOUb9d27U1f1-01"} {"level" : "INFO" , "ts" :1791462572.4085183, "logger" : "hosted—compute—agent" , "msg" : "Waiting for actions agent to ru n job" , "orchestration_id" : ._6_2" , "source_correlation ld" : _ • "bUb17250- 3UU1-a5fO-aa9b-b6c185UaU8101' , "traceparentl' : "OO-3a787ccae12b06c271667e2a19ac62U3-deOefOUb9d27U1f1-01"} {"level" : "INFO" , "ts" : 1791462572.6106038 , "logger" : "hosted—compute—agent" , "ms...
[keys] Tally (pid 8640) has no window
[shot] tds-050-BK1-alloc-walk6 (1024x768)
[12:46:09] [tds] screen tds-050-BK1-alloc-walk6 : completion or finish request message... I' , "orchestration_id" : , "source_correlation ld" : _ • "bUb17250-3UU1-a5fO-aa9b-b6c185UaU8101' , : "OO-3a787ccae12b06c271667e2a19ac 6243-deOefOUb9d27U1f1-01"} {"level" : "INFO" , "ts" :1791462572.4085183, "logger" : "hosted—compute—agent" , "msg" : "Waiting for actions agent to ru n job" , "orchestration_id" : ._6_2" , "source_correlation ld" : _ • "bUb17250- 3UU1-a5fO-aa9b-b6c185UaU8101' , "traceparentl' : "OO-3a787ccae12b06c271667e2a19ac62U3-deOefOUb9d27U1f1-01"} {"level" : "INFO" , "ts" : 1791462572.6106038 , "logger" : "hosted—compute—agent" , "ms...
[keys] Tally (pid 8640) has no window
[shot] tds-051-BK1-alloc-walk7 (1024x768)
[12:46:10] [tds] screen tds-051-BK1-alloc-walk7 : completion or finish request message... I' , "orchestration_id" : , "source_correlation ld" : _ • "bUb17250-3UU1-a5fO-aa9b-b6c185UaU8101' , : "OO-3a787ccae12b06c271667e2a19ac 6243-deOefOUb9d27U1f1-01"} {"level" : "INFO" , "ts" :1791462572.4085183, "logger" : "hosted—compute—agent" , "msg" : "Waiting for actions agent to ru n job" , "orchestration_id" : ._6_2" , "source_correlation ld" : _ • "bUb17250- 3UU1-a5fO-aa9b-b6c185UaU8101' , "traceparentl' : "OO-3a787ccae12b06c271667e2a19ac62U3-deOefOUb9d27U1f1-01"} {"level" : "INFO" , "ts" : 1791462572.6106038 , "logger" : "hosted—compute—agent" , "ms...
[keys] Tally (pid 8640) has no window
[shot] tds-052-BK1-alloc-walk8 (1024x768)
[12:46:10] [tds] screen tds-052-BK1-alloc-walk8 : completion or finish request message... I' , "orchestration_id" : , "source_correlation ld" : _ • "bUb17250-3UU1-a5fO-aa9b-b6c185UaU8101' , : "OO-3a787ccae12b06c271667e2a19ac 6243-deOefOUb9d27U1f1-01"} {"level" : "INFO" , "ts" :1791462572.4085183, "logger" : "hosted—compute—agent" , "msg" : "Waiting for actions agent to ru n job" , "orchestration_id" : ._6_2" , "source_correlation ld" : _ • "bUb17250- 3UU1-a5fO-aa9b-b6c185UaU8101' , "traceparentl' : "OO-3a787ccae12b06c271667e2a19ac62U3-deOefOUb9d27U1f1-01"} {"level" : "INFO" , "ts" : 1791462572.6106038 , "logger" : "hosted—compute—agent" , "ms...
[keys] Tally (pid 8640) has no window
[shot] tds-053-BK1-alloc-walk9 (1024x768)
[12:46:11] [tds] screen tds-053-BK1-alloc-walk9 : completion or finish request message... I' , "orchestration_id" : , "source_correlation ld" : _ • "bUb17250-3UU1-a5fO-aa9b-b6c185UaU8101' , : "OO-3a787ccae12b06c271667e2a19ac 6243-deOefOUb9d27U1f1-01"} {"level" : "INFO" , "ts" :1791462572.4085183, "logger" : "hosted—compute—agent" , "msg" : "Waiting for actions agent to ru n job" , "orchestration_id" : ._6_2" , "source_correlation ld" : _ • "bUb17250- 3UU1-a5fO-aa9b-b6c185UaU8101' , "traceparentl' : "OO-3a787ccae12b06c271667e2a19ac62U3-deOefOUb9d27U1f1-01"} {"level" : "INFO" , "ts" : 1791462572.6106038 , "logger" : "hosted—compute—agent" , "ms...
[keys] Tally (pid 8640) has no window
[shot] tds-054-BK1-alloc-walk10 (1024x768)
[12:46:12] [tds] screen tds-054-BK1-alloc-walk10 : completion or finish request message... I' , "orchestration_id" : , "source_correlation ld" : _ • "bUb17250-3UU1-a5fO-aa9b-b6c185UaU8101' , : "OO-3a787ccae12b06c271667e2a19ac 6243-deOefOUb9d27U1f1-01"} {"level" : "INFO" , "ts" :1791462572.4085183, "logger" : "hosted—compute—agent" , "msg" : "Waiting for actions agent to ru n job" , "orchestration_id" : ._6_2" , "source_correlation ld" : _ • "bUb17250- 3UU1-a5fO-aa9b-b6c185UaU8101' , "traceparentl' : "OO-3a787ccae12b06c271667e2a19ac62U3-deOefOUb9d27U1f1-01"} {"level" : "INFO" , "ts" : 1791462572.6106038 , "logger" : "hosted—compute—agent" , "ms...
[keys] Tally (pid 8640) has no window
[shot] tds-055-gw0 (1024x768)
[12:46:13] [tds] screen tds-055-gw0 : completion or finish request message... I' , "orchestration_id" : , "source_correlation ld" : _ • "bUb17250-3UU1-a5fO-aa9b-b6c185UaU8101' , : "OO-3a787ccae12b06c271667e2a19ac 6243-deOefOUb9d27U1f1-01"} {"level" : "INFO" , "ts" :1791462572.4085183, "logger" : "hosted—compute—agent" , "msg" : "Waiting for actions agent to ru n job" , "orchestration_id" : ._6_2" , "source_correlation ld" : _ • "bUb17250- 3UU1-a5fO-aa9b-b6c185UaU8101' , "traceparentl' : "OO-3a787ccae12b06c271667e2a19ac62U3-deOefOUb9d27U1f1-01"} {"level" : "INFO" , "ts" : 1791462572.6106038 , "logger" : "hosted—compute—agent" , "ms...
[keys] Tally (pid 8640) has no window
[shot] tds-056-gw1 (1024x768)
[12:46:16] [tds] screen tds-056-gw1 : completion or finish request message... I' , "orchestration_id" : , "source_correlation ld" : _ • "bUb17250-3UU1-a5fO-aa9b-b6c185UaU8101' , : "OO-3a787ccae12b06c271667e2a19ac 6243-deOefOUb9d27U1f1-01"} {"level" : "INFO" , "ts" :1791462572.4085183, "logger" : "hosted—compute—agent" , "msg" : "Waiting for actions agent to ru n job" , "orchestration_id" : ._6_2" , "source_correlation ld" : _ • "bUb17250- 3UU1-a5fO-aa9b-b6c185UaU8101' , "traceparentl' : "OO-3a787ccae12b06c271667e2a19ac62U3-deOefOUb9d27U1f1-01"} {"level" : "INFO" , "ts" : 1791462572.6106038 , "logger" : "hosted—compute—agent" , "ms...
[keys] Tally (pid 8640) has no window
[shot] tds-057-gw2 (1024x768)
[12:46:18] [tds] screen tds-057-gw2 : completion or finish request message... I' , "orchestration_id" : , "source_correlation ld" : _ • "bUb17250-3UU1-a5fO-aa9b-b6c185UaU8101' , : "OO-3a787ccae12b06c271667e2a19ac 6243-deOefOUb9d27U1f1-01"} {"level" : "INFO" , "ts" :1791462572.4085183, "logger" : "hosted—compute—agent" , "msg" : "Waiting for actions agent to ru n job" , "orchestration_id" : ._6_2" , "source_correlation ld" : _ • "bUb17250- 3UU1-a5fO-aa9b-b6c185UaU8101' , "traceparentl' : "OO-3a787ccae12b06c271667e2a19ac62U3-deOefOUb9d27U1f1-01"} {"level" : "INFO" , "ts" : 1791462572.6106038 , "logger" : "hosted—compute—agent" , "ms...
[keys] Tally (pid 8640) has no window
[shot] tds-058-gw3 (1024x768)
[12:46:21] [tds] screen tds-058-gw3 : completion or finish request message... I' , "orchestration_id" : , "source_correlation ld" : _ • "bUb17250-3UU1-a5fO-aa9b-b6c185UaU8101' , : "OO-3a787ccae12b06c271667e2a19ac 6243-deOefOUb9d27U1f1-01"} {"level" : "INFO" , "ts" :1791462572.4085183, "logger" : "hosted—compute—agent" , "msg" : "Waiting for actions agent to ru n job" , "orchestration_id" : ._6_2" , "source_correlation ld" : _ • "bUb17250- 3UU1-a5fO-aa9b-b6c185UaU8101' , "traceparentl' : "OO-3a787ccae12b06c271667e2a19ac62U3-deOefOUb9d27U1f1-01"} {"level" : "INFO" , "ts" : 1791462572.6106038 , "logger" : "hosted—compute—agent" , "ms...
[keys] Tally (pid 8640) has no window
[shot] tds-059-gw4 (1024x768)
[12:46:24] [tds] screen tds-059-gw4 : completion or finish request message... I' , "orchestration_id" : , "source_correlation ld" : _ • "bUb17250-3UU1-a5fO-aa9b-b6c185UaU8101' , : "OO-3a787ccae12b06c271667e2a19ac 6243-deOefOUb9d27U1f1-01"} {"level" : "INFO" , "ts" :1791462572.4085183, "logger" : "hosted—compute—agent" , "msg" : "Waiting for actions agent to ru n job" , "orchestration_id" : ._6_2" , "source_correlation ld" : _ • "bUb17250- 3UU1-a5fO-aa9b-b6c185UaU8101' , "traceparentl' : "OO-3a787ccae12b06c271667e2a19ac62U3-deOefOUb9d27U1f1-01"} {"level" : "INFO" , "ts" : 1791462572.6106038 , "logger" : "hosted—compute—agent" , "ms...
[keys] Tally (pid 8640) has no window
[shot] tds-060-gw5 (1024x768)
[12:46:27] [tds] screen tds-060-gw5 : completion or finish request message... I' , "orchestration_id" : , "source_correlation ld" : _ • "bUb17250-3UU1-a5fO-aa9b-b6c185UaU8101' , : "OO-3a787ccae12b06c271667e2a19ac 6243-deOefOUb9d27U1f1-01"} {"level" : "INFO" , "ts" :1791462572.4085183, "logger" : "hosted—compute—agent" , "msg" : "Waiting for actions agent to ru n job" , "orchestration_id" : ._6_2" , "source_correlation ld" : _ • "bUb17250- 3UU1-a5fO-aa9b-b6c185UaU8101' , "traceparentl' : "OO-3a787ccae12b06c271667e2a19ac62U3-deOefOUb9d27U1f1-01"} {"level" : "INFO" , "ts" : 1791462572.6106038 , "logger" : "hosted—compute—agent" , "ms...
[keys] Tally (pid 8640) has no window
[shot] tds-061-gw6 (1024x768)
[12:46:30] [tds] screen tds-061-gw6 : completion or finish request message... I' , "orchestration_id" : , "source_correlation ld" : _ • "bUb17250-3UU1-a5fO-aa9b-b6c185UaU8101' , : "OO-3a787ccae12b06c271667e2a19ac 6243-deOefOUb9d27U1f1-01"} {"level" : "INFO" , "ts" :1791462572.4085183, "logger" : "hosted—compute—agent" , "msg" : "Waiting for actions agent to ru n job" , "orchestration_id" : ._6_2" , "source_correlation ld" : _ • "bUb17250- 3UU1-a5fO-aa9b-b6c185UaU8101' , "traceparentl' : "OO-3a787ccae12b06c271667e2a19ac62U3-deOefOUb9d27U1f1-01"} {"level" : "INFO" , "ts" : 1791462572.6106038 , "logger" : "hosted—compute—agent" , "ms...
[keys] Tally (pid 8640) has no window
[12:46:32] [tds] the Gateway not reached (after BK1-alloc): Tally started again
[shot] tds-062-bk-start-1 (1024x768)
[12:46:50] [tds] screen tds-062-bk-start-1 : EDU prime Startup Report K: Company Y: Data Z: Exchange O: Import E: Export M: Share p: print x Application Startup TallyPrime will start with the following settings. Click Configure to change these settings Country Accounting terminology Company Data path C. Configure A Accept Q Search India Others A. Accept Fl:Help 12:46 PM 10/8/2026
[keys] 'a' -> Tally 'TallyPrime:9000'
[keys] 't' -> Tally 'TallyPrime:9000'
[shot] tds-063-bk-start-2 (1024x768)
[12:47:06] [tds] screen tds-063-bk-start-2 : EDU c Prime Gatewa of Tall CURRENT PERIOD K: Company Y: Data Z: Exchange O: Import E: Export M: Share p: print Fl: Help Date a19ac I-Apr-26 to 31-Mar-27 NAME OF COMPANY FinCom Spike Co Q CURRENT OATE Friday, 2-Oct-2026 2-Oct-26 Search Gateway of Tally MASTERS Create Alter CHart of Accounts TRANSACTIONS Vouchers Day 800K UTILITIES BaNking REPORTS Balance Sheet Profit & Loss A/c Stock Summary Ratio Analysis Display More Reports DashbOard Quit Unity Company to ru 7250- c4e2— acep a5fO- c4e2— acep .337. ening 'b4b17 ing j _id" : 1-01" a5fO- Mode Windows Server 2025 Datacenter Build 26100.ge_releas...
######## HARNESS BK1-alloc voucher altered through its Bank Allocations: Bank Allocations seen False, a Bank Date field on it False; the control button (Kiwi Mark) on the voucher screen: False; no contra saved (see tds-*-BK1-alloc-* screenshots); AlterID  -> ; company AltVchId 11 -> 11; Ctrl+A to a still screen -1 ms (); add-on FCR1 lines: none (for its MasterID: 0); probe lines: none; the sub-screen read: 
[shot] tds-064-gw0 (1024x768)
[12:47:09] [tds] screen tds-064-gw0 : EDU c Prime Gatewa of Tall CURRENT PERIOD K: Company Y: Data Z: Exchange O: Import E: Export M: Share p: print Fl: Help Date a19ac I-Apr-26 to 31-Mar-27 NAME OF COMPANY FinCom Spike Co Q CURRENT OATE Friday, 2-Oct-2026 2-Oct-26 Search Gateway of Tally MASTERS Create Alter CHart of Accounts TRANSACTIONS Vouchers Day 800K UTILITIES BaNking REPORTS Balance Sheet Profit & Loss A/c Stock Summary Ratio Analysis Display More Reports DashbOard Quit Unity Company to ru 7250- c4e2— acep a5fO- c4e2— acep .337. ening 'b4b17 ing j _id" : 1-01" a5fO- Mode Windows Server 2025 Datacenter Build 26100.ge_releas...
[keys] '%g' -> Tally 'TallyPrime:9000'
[shot] tds-065-BK1-brs-goto (1024x768)
[12:47:12] [tds] screen tds-065-BK1-brs-goto : EDU c Prime Unity Quit K: Company Y: Data Z: Exchange O: Import E: Export M: Share p: print Fl: Help x List of Re Its Saved Views Bills Payable - GST Bills Payable - GST - Sundry Creditors Bills Payable - GST - Sundry Debtors Bills Receivable - GST Bills Receivable - GST - Sundry Creditors Bills Receivable - GST - Sundry Debtors Purchase Dashboard Sales Dashboard IMS Inward Supplies - Filed Invoices Ledger Vouchers - GST Details Outstanding MSME Bills Common Reports Dashboard Balance Sheet Profit & Loss A/c Cash/Bank Book Day Book Ledger Vouchers Ledger Vouchers - GST Stock Summary Trial Balan...
[keys] 'Bank Reconciliation' -> Tally 'TallyPrime:9000'
[shot] tds-066-BK1-brs-typed (1024x768)
[12:47:16] [tds] screen tds-066-BK1-brs-typed : EDU c Prime K: Company Y: Data Z: Exchange FinCom Spike Co Bank Reconciliation O: Import E: Export M: Share p: print Fl: Help List of Re Its Create Voucher Create Master Alter Master Expand All Show More Banking Utilities Bank Reconciliation Unity Quit Q Search a19ac to ru 7250- c4e2— acep a5fO- c4e2— acep .337. ening 'b4b17 ing j _id" : 1-01" a5fO- Mode Windows Server 2025 Datacenter Build 26100.ge_release240331-1435 12:47 PM 10/8/2026
[keys] '{ENTER}' -> Tally 'TallyPrime:9000'
[shot] tds-067-BK1-brs-select (1024x768)
[12:47:20] [tds] screen tds-067-BK1-brs-select : EDU c Prime Acti v ities K: Company Y: Data Z: Exchange O: Import FinCom • ke Co E: Export M: Share P: Print as at 2-0ct-26 Bank Reconciliation From I-A -26 Particulars Share Bank Zprobe Bank Available Available Only in Books OnlyinBank 5 2 7 Fl: Help period Company Bank Ledger Amount View FIO Basis of B: Values Change — View J: Exception = Reports L: Save View F: Apply Filter Filter — Details Opening BRS a19ac to ru 7250- c4e2— acep a5fO- c4e2— acep .337. ening 'b4b17 ing j _id" : 1-01" a5fO- Grand Unity Quit Total Space: Q Search U: Restore Line Fl 2: Configure Mode Windows Server 2025 Datac...
[keys] 'Share Bank{ENTER}' -> Tally 'TallyPrime:9000'
[shot] tds-068-BK1-brs-bank (1024x768)
[12:47:24] [tds] screen tds-068-BK1-brs-bank : EDU c Prime K: Company Y: Data Bank Reconciliation Z: Exchange O: Import FinCom • ke Co . Ledger Share Bank E: Export M: Share P: Print as at 2-0ct-26 Particulars Balance as per Company Books Unreconciled Transactions from I-Apr-26 till date Available Only in Books Add: Withdrawals Less: Deposits Expected Bank Balance Unity Quit Count 5 5 Balance 621.00 (0520.00 52000 101.00 Fl: Help period Company F4: Bank Ledger F5: View Reconciled FIO B: Basis of Values Change View J: Exception Reports L: Save View R: Manual Recon Fl 2: Configure a19ac to ru 7250- c4e2— acep a5fO- c4e2— acep .337. ening 'b4...
[shot] tds-069-BK1-brs-screen (1024x768)
[12:47:25] [tds] screen tds-069-BK1-brs-screen : EDU c Prime K: Company Y: Data Bank Reconciliation Z: Exchange O: Import FinCom • ke Co . Ledger Share Bank E: Export M: Share P: Print as at 2-0ct-26 Particulars Balance as per Company Books Unreconciled Transactions from I-Apr-26 till date Available Only in Books Add: Withdrawals Less: Deposits Expected Bank Balance Unity Quit Count 5 5 Balance 621.00 (0520.00 52000 101.00 Fl: Help period Company F4: Bank Ledger F5: View Reconciled FIO B: Basis of Values Change View J: Exception Reports L: Save View R: Manual Recon Fl 2: Configure a19ac to ru 7250- c4e2— acep a5fO- c4e2— acep .337. ening 'b4...
[keys] '%r' -> Tally 'TallyPrime:9000'
[shot] tds-070-BK1-brs-manual (1024x768)
[12:47:31] [tds] screen tds-070-BK1-brs-manual : EDU c Prime K: Company Y: Data Bank Reconciliation Manual . Ledger Date Share Bank Particulars Z: Exchange Q Search FinCom • ke Co Instrument No. O: Import Bank Date E: Export M: Share P: Print upr-26 to 2-Oct-26 Instrument Date 2-Oct-26 2-Oct-26 2-Oct-26 2-Oct-26 2-Oct-26 Deposit 102.00 103.00 104.00 105.00 106.00 621.00 520.00 101.00 Withdrawal Available Only in Books 2-Oct-26 2-Oct-26 2-Oct-26 2-Oct-26 2-Oct-26 Cash Cash Cash Cash Cash Fl: Help period F3: Company F4: Bank Ledger Update Bank Date FIO B: J: Basis of Values Change View Exception Reports Opening BRS a19ac to ru 7250- c4e2— acep...
[shot] tds-071-BK1-brs-manual-screen (1024x768)
[12:47:32] [tds] screen tds-071-BK1-brs-manual-screen : EDU c Prime K: Company Y: Data Bank Reconciliation Manual . Ledger Date Share Bank Particulars Z: Exchange Q Search FinCom • ke Co Instrument No. O: Import Bank Date E: Export M: Share P: Print upr-26 to 2-Oct-26 Instrument Date 2-Oct-26 2-Oct-26 2-Oct-26 2-Oct-26 2-Oct-26 Deposit 102.00 103.00 104.00 105.00 106.00 621.00 520.00 101.00 Withdrawal Available Only in Books 2-Oct-26 2-Oct-26 2-Oct-26 2-Oct-26 2-Oct-26 Cash Cash Cash Cash Cash Fl: Help period F3: Company F4: Bank Ledger Update Bank Date FIO B: J: Basis of Values Change View Exception Reports Opening BRS a19ac to ru 7250- c4e2— acep...
[keys] '2-10-2026{ENTER}' -> Tally 'TallyPrime:9000'
[shot] tds-072-BK1-brs-date (1024x768)
[12:47:35] [tds] screen tds-072-BK1-brs-date : EDU c Prime K: Company Y: Data Bank Reconciliation Manual . Ledger Date Share Bank Particulars Z: Exchange Q Search FinCom • ke Co Instrument No. O: Import Bank Date 2-Oct-26 E: Export M: Share P: Print upr-26 to 2-Oct-26 Instrument Date 2-Oct-26 2-Oct-26 2-Oct-26 2-Oct-26 2-Oct-26 Deposit 102.00 103.00 104.00 105.00 106.00 621.00 418.00 203.00 Withdrawal Available Only in Books 2-Oct-26 2-Oct-26 2-Oct-26 2-Oct-26 2-Oct-26 Cash Cash Cash Cash Cash Fl: Help period F3: Company F4: Bank Ledger Update Bank Date FIO B: J: Basis of Values Change View Exception Reports Opening BRS a19ac to ru 7250- c...
[keys] '' -> Tally 'TallyPrime:9000'
[shot] tds-073-BK1-brs-saved (1024x768)
[12:47:37] [tds] screen tds-073-BK1-brs-saved : EDU c Prime K: Company Y: Data Bank Reconciliation Z: Exchange O: Import FinCom • ke Co . Ledger Share Bank E: Export M: Share P: Print as at 2-0ct-26 Particulars Balance as per Company Books Unreconciled Transactions from I-Apr-26 till date Available Only in Books Add: Withdrawals Less: Deposits Expected Bank Balance Unity Quit Count 4 4 Balance 621.00 (-)418.00 418.00 203.00 Fl: Help period Company F4: Bank Ledger F5: View Reconciled FIO B: Basis of Values Change View J: Exception Reports L: Save View R: Manual Recon Fl 2: Configure a19ac to ru 7250- c4e2— acep a5fO- c4e2— acep .337. ening '...
[12:47:37] BK1-brs save: 15.7;76.2
[shot] tds-074-gw0 (1024x768)
[12:47:38] [tds] screen tds-074-gw0 : EDU c Prime K: Company Y: Data Bank Reconciliation Z: Exchange O: Import FinCom • ke Co . Ledger Share Bank E: Export M: Share P: Print as at 2-0ct-26 Particulars Balance as per Company Books Unreconciled Transactions from I-Apr-26 till date Available Only in Books Add: Withdrawals Less: Deposits Expected Bank Balance Unity Quit Count 4 4 Balance 621.00 (-)418.00 418.00 203.00 Fl: Help period Company F4: Bank Ledger F5: View Reconciled FIO B: Basis of Values Change View J: Exception Reports L: Save View R: Manual Recon Fl 2: Configure a19ac to ru 7250- c4e2— acep a5fO- c4e2— acep .337. ening '...
[keys] '{ESC}' -> Tally 'TallyPrime:9000'
[shot] tds-075-gw1 (1024x768)
[12:47:41] [tds] screen tds-075-gw1 : EDU c Prime Acti v ities K: Company Y: Data Z: Exchange O: Import FinCom • ke Co E: Export M: Share P: Print as at 2-0ct-26 Bank Reconciliation From I-A -26 Particulars Share Bank Zprobe Bank Available Available Only in Books OnlyinBank 4 2 6 Fl: Help period Company Bank Ledger Amount View FIO Basis of B: Values Change — View J: Exception = Reports L: Save View F: Apply Filter Filter — Details Opening BRS a19ac to ru 7250- c4e2— acep a5fO- c4e2— acep .337. ening 'b4b17 ing j _id" : 1-01" a5fO- Grand Unity Quit Total Space: Q Search U: Restore Line Fl 2: Configure Mode Windows Server 2025 Datac...
[keys] '{ESC}' -> Tally 'TallyPrime:9000'
[shot] tds-076-gw2 (1024x768)
[12:47:45] [tds] screen tds-076-gw2 : EDU c Prime Gatewa of Tall CURRENT PERIOD K: Company Y: Data Z: Exchange O: Import E: Export M: Share p: print Fl: Help Date a19ac I-Apr-26 to 31-Mar-27 NAME OF COMPANY FinCom Spike Co Q CURRENT OATE Friday, 2-Oct-2026 2-Oct-26 Search Gateway of Tally MASTERS Create Alter CHart of Accounts TRANSACTIONS Vouchers Day 800K UTILITIES BaNking REPORTS Balance Sheet Profit & Loss A/c Stock Summary Ratio Analysis Display More Reports DashbOard Quit Unity Company to ru 7250- c4e2— acep a5fO- c4e2— acep .337. ening 'b4b17 ing j _id" : 1-01" a5fO- Mode Windows Server 2025 Datacenter Build 26100.ge_releas...
  INFO BK1-brs the dated contra stored whole: every date field: DATE=20261002, VCHSTATUSDATE=20261002, EFFECTIVEDATE=20261002, INSTRUMENTDATE=20261002, BANKERSDATE=20261002
######## INFO BK1-brs bank date in Bank Reconciliation: Alt+R Manual Recon; probe markers on the screen: none: Tally bank-dated 'bank probe C2' (mid 3, bank date '20261002'); AlterID 3 -> 12; company AltVchId 11 -> 12, AltMstId 212 -> 212; Ctrl+A to a still screen 76 ms (15.7;76.2); add-on FCR1 lines: none (for its MasterID: 0); probe lines: none
[shot] tds-077-gw0 (1024x768)
[12:47:47] [tds] screen tds-077-gw0 : EDU c Prime Gatewa of Tall CURRENT PERIOD K: Company Y: Data Z: Exchange O: Import E: Export M: Share p: print Fl: Help Date a19ac I-Apr-26 to 31-Mar-27 NAME OF COMPANY FinCom Spike Co Q CURRENT OATE Friday, 2-Oct-2026 2-Oct-26 Search Gateway of Tally MASTERS Create Alter CHart of Accounts TRANSACTIONS Vouchers Day 800K UTILITIES BaNking REPORTS Balance Sheet Profit & Loss A/c Stock Summary Ratio Analysis Display More Reports DashbOard Quit Unity Company to ru 7250- c4e2— acep a5fO- c4e2— acep .337. ening 'b4b17 ing j _id" : 1-01" a5fO- Mode Windows Server 2025 Datacenter Build 26100.ge_releas...
[keys] '%g' -> Tally 'TallyPrime:9000'
[shot] tds-078-BK1-brs2-goto (1024x768)
[12:47:51] [tds] screen tds-078-BK1-brs2-goto : EDU c Prime Unity Quit K: Company Y: Data Z: Exchange O: Import E: Export M: Share p: print Fl: Help x List of Re Its Saved Views Bills Payable - GST Bills Payable - GST - Sundry Creditors Bills Payable - GST - Sundry Debtors Bills Receivable - GST Bills Receivable - GST - Sundry Creditors Bills Receivable - GST - Sundry Debtors Purchase Dashboard Sales Dashboard IMS Inward Supplies - Filed Invoices Ledger Vouchers - GST Details Outstanding MSME Bills Common Reports Dashboard Balance Sheet Profit & Loss A/c Cash/Bank Book Day Book Ledger Vouchers Ledger Vouchers - GST Stock Summary Trial Balan...
[keys] 'Bank Reconciliation' -> Tally 'TallyPrime:9000'
[shot] tds-079-BK1-brs2-typed (1024x768)
[12:47:54] [tds] screen tds-079-BK1-brs2-typed : EDU c Prime K: Company Y: Data Z: Exchange FinCom Spike Co Bank Reconciliation O: Import E: Export M: Share p: print Fl: Help List of Re Its Create Voucher Create Master Alter Master Expand All Show More Banking Utilities Bank Reconciliation Unity Quit Q Search a19ac to ru 7250- c4e2— acep a5fO- c4e2— acep .337. ening 'b4b17 ing j _id" : 1-01" a5fO- Mode Windows Server 2025 Datacenter Build 26100.ge_release240331-1435 12:47 PM 10/8/2026
[keys] '{ENTER}' -> Tally 'TallyPrime:9000'
[shot] tds-080-BK1-brs2-select (1024x768)
[12:47:58] [tds] screen tds-080-BK1-brs2-select : EDU c Prime Acti v ities K: Company Y: Data Z: Exchange O: Import FinCom • ke Co E: Export M: Share P: Print as at 2-0ct-26 Bank Reconciliation From I-A -26 Particulars Share Bank Zprobe Bank Available Available Only in Books OnlyinBank 4 2 6 Fl: Help period Company Bank Ledger Amount View FIO Basis of B: Values Change — View J: Exception = Reports L: Save View F: Apply Filter Filter — Details Opening BRS a19ac to ru 7250- c4e2— acep a5fO- c4e2— acep .337. ening 'b4b17 ing j _id" : 1-01" a5fO- Grand Unity Quit Total Space: Q Search U: Restore Line Fl 2: Configure Mode Windows Server 2025 Datac...
[keys] 'Share Bank{ENTER}' -> Tally 'TallyPrime:9000'
[shot] tds-081-BK1-brs2-bank (1024x768)
[12:48:03] [tds] screen tds-081-BK1-brs2-bank : EDU c Prime K: Company Y: Data Bank Reconciliation Z: Exchange O: Import FinCom • ke Co . Ledger Share Bank E: Export M: Share P: Print as at 2-0ct-26 Particulars Balance as per Company Books Unreconciled Transactions from I-Apr-26 till date Available Only in Books Add: Withdrawals Less: Deposits Expected Bank Balance Unity Quit Count 4 4 Balance 621.00 (-)418.00 418.00 203.00 Fl: Help period Company F4: Bank Ledger F5: View Reconciled FIO B: Basis of Values Change View J: Exception Reports L: Save View R: Manual Recon Fl 2: Configure a19ac to ru 7250- c4e2— acep a5fO- c4e2— acep .337. ening '...
[shot] tds-082-BK1-brs2-screen (1024x768)
[12:48:03] [tds] screen tds-082-BK1-brs2-screen : EDU c Prime K: Company Y: Data Bank Reconciliation Z: Exchange O: Import FinCom • ke Co . Ledger Share Bank E: Export M: Share P: Print as at 2-0ct-26 Particulars Balance as per Company Books Unreconciled Transactions from I-Apr-26 till date Available Only in Books Add: Withdrawals Less: Deposits Expected Bank Balance Unity Quit Count 4 4 Balance 621.00 (-)418.00 418.00 203.00 Fl: Help period Company F4: Bank Ledger F5: View Reconciled FIO B: Basis of Values Change View J: Exception Reports L: Save View R: Manual Recon Fl 2: Configure a19ac to ru 7250- c4e2— acep a5fO- c4e2— acep .337. ening '...
[keys] '%r' -> Tally 'TallyPrime:9000'
[shot] tds-083-BK1-brs2-manual (1024x768)
[12:48:10] [tds] screen tds-083-BK1-brs2-manual : EDU c Prime K: Company Y: Data Bank Reconciliation Manual . Ledger Date Share Bank Particulars Z: Exchange Q Search FinCom • ke Co Instrument No. O: Import Bank Date E: Export M: Share P: Print upr-26 to 2-Oct-26 Instrument Date 2-Oct-26 2-Oct-26 2-Oct-26 2-Oct-26 Deposit 103.00 104.00 105.00 106.00 621.00 418.00 203.00 Withdrawal Available Only in Books 2-Oct-26 2-Oct-26 2-Oct-26 2-Oct-26 Cash Cash Cash Cash Fl: Help period F3: Company F4: Bank Ledger Update Bank Date FIO B: J: Basis of Values Change View Exception Reports Opening BRS a19ac to ru 7250- c4e2— acep a5fO- c4e2— acep .337. ening ...
[shot] tds-084-BK1-brs2-manual-screen (1024x768)
[12:48:10] [tds] screen tds-084-BK1-brs2-manual-screen : EDU c Prime K: Company Y: Data Bank Reconciliation Manual . Ledger Date Share Bank Particulars Z: Exchange Q Search FinCom • ke Co Instrument No. O: Import Bank Date E: Export M: Share P: Print upr-26 to 2-Oct-26 Instrument Date 2-Oct-26 2-Oct-26 2-Oct-26 2-Oct-26 Deposit 103.00 104.00 105.00 106.00 621.00 418.00 203.00 Withdrawal Available Only in Books 2-Oct-26 2-Oct-26 2-Oct-26 2-Oct-26 Cash Cash Cash Cash Fl: Help period F3: Company F4: Bank Ledger Update Bank Date FIO B: J: Basis of Values Change View Exception Reports Opening BRS a19ac to ru 7250- c4e2— acep a5fO- c4e2— acep .337. ening ...
[keys] '2-10-2026{ENTER}' -> Tally 'TallyPrime:9000'
[shot] tds-085-BK1-brs2-date (1024x768)
[12:48:14] [tds] screen tds-085-BK1-brs2-date : EDU c Prime K: Company Y: Data Bank Reconciliation Manual . Ledger Date Share Bank Particulars Z: Exchange Q Search FinCom • ke Co Instrument No. O: Import Bank Date 2-Oct-26 E: Export M: Share P: Print upr-26 to 2-Oct-26 Instrument Date 2-Oct-26 2-Oct-26 2-Oct-26 2-Oct-26 Deposit 103.00 104.00 105.00 106.00 621.00 315.00 306.00 Withdrawal Available Only in Books 2-Oct-26 2-Oct-26 2-Oct-26 2-Oct-26 Cash Cash Cash Cash Fl: Help period F3: Company F4: Bank Ledger Update Bank Date FIO B: J: Basis of Values Change View Exception Reports Opening BRS a19ac to ru 7250- c4e2— acep a5fO- c4e2— acep .33...
[keys] '' -> Tally 'TallyPrime:9000'
[shot] tds-086-BK1-brs2-saved (1024x768)
[12:48:16] [tds] screen tds-086-BK1-brs2-saved : EDU c Prime K: Company Y: Data Bank Reconciliation Z: Exchange O: Import FinCom • ke Co . Ledger Share Bank E: Export M: Share P: Print as at 2-0ct-26 Particulars Balance as per Company Books Unreconciled Transactions from I-Apr-26 till date Available Only in Books Add: Withdrawals Less: Deposits Expected Bank Balance Unity Quit Count 3 3 Balance 621.00 (0315.00 315 no 306.00 Fl: Help period Company F4: Bank Ledger F5: View Reconciled FIO B: Basis of Values Change View J: Exception Reports L: Save View R: Manual Recon Fl 2: Configure a19ac to ru 7250- c4e2— acep a5fO- c4e2— acep .337. ening 'b...
[12:48:16] BK1-brs2 save: 49.7;107.8
[shot] tds-087-gw0 (1024x768)
[12:48:16] [tds] screen tds-087-gw0 : EDU c Prime K: Company Y: Data Bank Reconciliation Z: Exchange O: Import FinCom • ke Co . Ledger Share Bank E: Export M: Share P: Print as at 2-0ct-26 Particulars Balance as per Company Books Unreconciled Transactions from I-Apr-26 till date Available Only in Books Add: Withdrawals Less: Deposits Expected Bank Balance Unity Quit Count 3 3 Balance 621.00 (0315.00 315 no 306.00 Fl: Help period Company F4: Bank Ledger F5: View Reconciled FIO B: Basis of Values Change View J: Exception Reports L: Save View R: Manual Recon Fl 2: Configure a19ac to ru 7250- c4e2— acep a5fO- c4e2— acep .337. ening 'b...
[keys] '{ESC}' -> Tally 'TallyPrime:9000'
[shot] tds-088-gw1 (1024x768)
[12:48:20] [tds] screen tds-088-gw1 : EDU c Prime Acti v ities K: Company Y: Data Z: Exchange O: Import FinCom • ke Co E: Export M: Share P: Print as at 2-0ct-26 Bank Reconciliation From I-A -26 Particulars Share Bank Zprobe Bank Available Available Only in Books OnlyinBank 3 2 5 Fl: Help period Company Bank Ledger Amount View FIO Basis of B: Values Change — View J: Exception = Reports L: Save View F: Apply Filter Filter — Details Opening BRS a19ac to ru 7250- c4e2— acep a5fO- c4e2— acep .337. ening 'b4b17 ing j _id" : 1-01" a5fO- Grand Unity Quit Total Space: Q Search U: Restore Line Fl 2: Configure Mode Windows Server 2025 Datac...
[keys] '{ESC}' -> Tally 'TallyPrime:9000'
[shot] tds-089-gw2 (1024x768)
[12:48:23] [tds] screen tds-089-gw2 : EDU c Prime Gatewa of Tall CURRENT PERIOD K: Company Y: Data Z: Exchange O: Import E: Export M: Share p: print Fl: Help Date a19ac I-Apr-26 to 31-Mar-27 NAME OF COMPANY FinCom Spike Co Q CURRENT OATE Friday, 2-Oct-2026 2-Oct-26 Search Gateway of Tally MASTERS Create Alter CHart of Accounts TRANSACTIONS Vouchers Day 800K UTILITIES BaNking REPORTS Balance Sheet Profit & Loss A/c Stock Summary Ratio Analysis Display More Reports DashbOard Quit Unity Company to ru 7250- c4e2— acep a5fO- c4e2— acep .337. ening 'b4b17 ing j _id" : 1-01" a5fO- Mode Windows Server 2025 Datacenter Build 26100.ge_releas...
  INFO BK1-brs2 the dated contra stored whole: every date field: DATE=20261002, VCHSTATUSDATE=20261002, EFFECTIVEDATE=20261002, INSTRUMENTDATE=20261002, BANKERSDATE=20261002
######## INFO BK1-brs2 bank date in Bank Reconciliation: Alt+R Manual Recon; probe markers on the screen: none: Tally bank-dated 'bank probe C3' (mid 4, bank date '20261002'); AlterID 4 -> 13; company AltVchId 12 -> 13, AltMstId 212 -> 212; Ctrl+A to a still screen 108 ms (49.7;107.8); add-on FCR1 lines: none (for its MasterID: 0); probe lines: none
[12:48:25] ---- BK3 the add-on of the ref only, again
  INFO tally.ini TDL lines: FinComRecorder.tdl
  INFO Tally started afresh (BK3: the add-on of the ref only)
[shot] tds-090-bk-start-1 (1024x768)
[12:48:44] [tds] screen tds-090-bk-start-1 : EDU prime Startup Report K: Company Y: Data Z: Exchange O: Import E: Export M: Share p: print x Application Startup TallyPrime will start with the following settings. Click Configure to change these settings Country Accounting terminology Company Data path C. Configure A Accept Q Search India Others A. Accept Fl:Help 12:48 PM 10/8/2026
[keys] 'a' -> Tally 'TallyPrime:9000'
[keys] 't' -> Tally 'TallyPrime:9000'
[shot] tds-091-bk-start-2 (1024x768)
[12:49:00] [tds] screen tds-091-bk-start-2 : EDU c Prime Gatewa of Tall CURRENT PERIOD K: Company Y: Data Z: Exchange O: Import E: Export M: Share p: print Fl: Help Date a19ac I-Apr-26 to 31-Mar-27 NAME OF COMPANY FinCom Spike Co Q CURRENT OATE Friday, 2-Oct-2026 2-Oct-26 Search Gateway of Tally MASTERS Create Alter CHart of Accounts TRANSACTIONS Vouchers Day 800K UTILITIES BaNking REPORTS Balance Sheet Profit & Loss A/c Stock Summary Ratio Analysis Display More Reports DashbOard Quit Unity Company to ru 7250- c4e2— acep a5fO- c4e2— acep .337. ening 'b4b17 ing j _id" : 1-01" a5fO- Mode Windows Server 2025 Datacenter Build 26100.ge_releas...
[shot] tds-092-gw0 (1024x768)
[12:49:00] [tds] screen tds-092-gw0 : EDU c Prime Gatewa of Tall CURRENT PERIOD K: Company Y: Data Z: Exchange O: Import E: Export M: Share p: print Fl: Help Date a19ac I-Apr-26 to 31-Mar-27 NAME OF COMPANY FinCom Spike Co Q CURRENT OATE Friday, 2-Oct-2026 2-Oct-26 Search Gateway of Tally MASTERS Create Alter CHart of Accounts TRANSACTIONS Vouchers Day 800K UTILITIES BaNking REPORTS Balance Sheet Profit & Loss A/c Stock Summary Ratio Analysis Display More Reports DashbOard Quit Unity Company to ru 7250- c4e2— acep a5fO- c4e2— acep .337. ening 'b4b17 ing j _id" : 1-01" a5fO- Mode Windows Server 2025 Datacenter Build 26100.ge_releas...
[shot] tds-093-gw0 (1024x768)
[12:49:01] [tds] screen tds-093-gw0 : EDU c Prime Gatewa of Tall CURRENT PERIOD K: Company Y: Data Z: Exchange O: Import E: Export M: Share p: print Fl: Help Date a19ac I-Apr-26 to 31-Mar-27 NAME OF COMPANY FinCom Spike Co Q CURRENT OATE Friday, 2-Oct-2026 2-Oct-26 Search Gateway of Tally MASTERS Create Alter CHart of Accounts TRANSACTIONS Vouchers Day 800K UTILITIES BaNking REPORTS Balance Sheet Profit & Loss A/c Stock Summary Ratio Analysis Display More Reports DashbOard Quit Unity Company to ru 7250- c4e2— acep a5fO- c4e2— acep .337. ening 'b4b17 ing j _id" : 1-01" a5fO- Mode Windows Server 2025 Datacenter Build 26100.ge_releas...
[keys] '%g' -> Tally 'TallyPrime:9000'
[shot] tds-094-BK3-brs-goto (1024x768)
[12:49:04] [tds] screen tds-094-BK3-brs-goto : EDU c Prime Unity Quit K: Company Y: Data Z: Exchange O: Import E: Export M: Share p: print Fl: Help x List of Re Its Saved Views Bills Payable - GST Bills Payable - GST - Sundry Creditors Bills Payable - GST - Sundry Debtors Bills Receivable - GST Bills Receivable - GST - Sundry Creditors Bills Receivable - GST - Sundry Debtors Purchase Dashboard Sales Dashboard IMS Inward Supplies - Filed Invoices Ledger Vouchers - GST Details Outstanding MSME Bills Common Reports Dashboard Balance Sheet Profit & Loss A/c Cash/Bank Book Day Book Ledger Vouchers Ledger Vouchers - GST Stock Summary Trial Balan...
[keys] 'Bank Reconciliation' -> Tally 'TallyPrime:9000'
[shot] tds-095-BK3-brs-typed (1024x768)
[12:49:08] [tds] screen tds-095-BK3-brs-typed : EDU c Prime K: Company Y: Data Z: Exchange FinCom Spike Co Bank Reconciliation _ O: Import E: Export M: Share p: print Fl: Help List of Re Its Create Voucher Create Master Alter Master Expand All Show More Banking Utilities Bank Reconciliation Unity Quit Q Search a19ac to ru 7250- c4e2— acep a5fO- c4e2— acep .337. ening 'b4b17 ing j _id" : 1-01" a5fO- Mode Windows Server 2025 Datacenter Build 26100.ge_release240331-1435 12:49 PM 10/8/2026
[keys] '{ENTER}' -> Tally 'TallyPrime:9000'
[shot] tds-096-BK3-brs-select (1024x768)
[12:49:12] [tds] screen tds-096-BK3-brs-select : EDU c Prime Acti v ities K: Company Y: Data Z: Exchange O: Import FinCom • ke Co E: Export M: Share P: Print as at 2-0ct-26 Bank Reconciliation From I-A -26 Particulars Share Bank Zprobe Bank Available Available Only in Books OnlyinBank 3 2 5 Fl: Help period Company Bank Ledger Amount View FIO Basis of B: Values Change — View J: Exception = Reports L: Save View F: Apply Filter Filter — Details Opening BRS a19ac to ru 7250- c4e2— acep a5fO- c4e2— acep .337. ening 'b4b17 ing j _id" : 1-01" a5fO- Grand Unity Quit Total Space: Q Search U: Restore Line Fl 2: Configure Mode Windows Server 2025 Datac...
[keys] 'Share Bank{ENTER}' -> Tally 'TallyPrime:9000'
[shot] tds-097-BK3-brs-bank (1024x768)
[12:49:17] [tds] screen tds-097-BK3-brs-bank : EDU c Prime K: Company Y: Data Bank Reconciliation Z: Exchange O: Import FinCom • ke Co . Ledger Share Bank E: Export M: Share P: Print as at 2-0ct-26 Particulars Balance as per Company Books Unreconciled Transactions from I-Apr-26 till date Available Only in Books Add: Withdrawals Less: Deposits Expected Bank Balance Unity Quit Count 3 3 Balance 621.00 (0315.00 315 no 306.00 Fl: Help period Company F4: Bank Ledger F5: View Reconciled FIO B: Basis of Values Change View J: Exception Reports L: Save View R: Manual Recon Fl 2: Configure a19ac to ru 7250- c4e2— acep a5fO- c4e2— acep .337. ening 'b...
[shot] tds-098-BK3-brs-screen (1024x768)
[12:49:17] [tds] screen tds-098-BK3-brs-screen : EDU c Prime K: Company Y: Data Bank Reconciliation Z: Exchange O: Import FinCom • ke Co . Ledger Share Bank E: Export M: Share P: Print as at 2-0ct-26 Particulars Balance as per Company Books Unreconciled Transactions from I-Apr-26 till date Available Only in Books Add: Withdrawals Less: Deposits Expected Bank Balance Unity Quit Count 3 3 Balance 621.00 (0315.00 315 no 306.00 Fl: Help period Company F4: Bank Ledger F5: View Reconciled FIO B: Basis of Values Change View J: Exception Reports L: Save View R: Manual Recon Fl 2: Configure a19ac to ru 7250- c4e2— acep a5fO- c4e2— acep .337. ening 'b...
[keys] '%r' -> Tally 'TallyPrime:9000'
[shot] tds-099-BK3-brs-manual (1024x768)
[12:49:23] [tds] screen tds-099-BK3-brs-manual : EDU c Prime K: Company Y: Data Bank Reconciliation Manual Z: Exchange Q Search FinCom • ke Co Instrument No. O: Import Bank Date E: Export M: Share P: Print upr-26 to 2-Oct-26 Fl: Help period a19ac . Ledger Date Share Bank Particulars Instrument Date 2-Oct-26 2-Oct-26 2-Oct-26 Deposit 104.00 105.00 106.00 621.00 315.00 306.00 Withdrawal F3: Company to ru Available Only in Books 2-Oct-26 2-Oct-26 2-Oct-26 Cash Cash Cash F4: Bank Ledger Update Bank Date FIO B: J: Basis of Values Change View Exception Reports Opening BRS 7250- c4e2— acep a5fO- c4e2— acep .337. ening 'b4b17 ing j _id" : 1-01" a5fO...
[shot] tds-100-BK3-brs-manual-screen (1024x768)
[12:49:24] [tds] screen tds-100-BK3-brs-manual-screen : EDU c Prime K: Company Y: Data Bank Reconciliation Manual Z: Exchange Q Search FinCom • ke Co Instrument No. O: Import Bank Date E: Export M: Share P: Print upr-26 to 2-Oct-26 Fl: Help period a19ac . Ledger Date Share Bank Particulars Instrument Date 2-Oct-26 2-Oct-26 2-Oct-26 Deposit 104.00 105.00 106.00 621.00 315.00 306.00 Withdrawal F3: Company to ru Available Only in Books 2-Oct-26 2-Oct-26 2-Oct-26 Cash Cash Cash F4: Bank Ledger Update Bank Date FIO B: J: Basis of Values Change View Exception Reports Opening BRS 7250- c4e2— acep a5fO- c4e2— acep .337. ening 'b4b17 ing j _id" : 1-01" a5fO...
[keys] '2-10-2026{ENTER}' -> Tally 'TallyPrime:9000'
[shot] tds-101-BK3-brs-date (1024x768)
[12:49:28] [tds] screen tds-101-BK3-brs-date : EDU c Prime K: Company Y: Data Bank Reconciliation Manual . Ledger Date Share Bank Particulars Z: Exchange Q Search FinCom • ke Co Instrument No. O: Import Bank Date 2-Oct-26 E: Export M: Share P: Print upr-26 to 2-Oct-26 Instrument Date 2-Oct-26 2-Oct-26 2-Oct-26 Deposit 104.00 105.00 106.00 621.00 211.00 410.00 Withdrawal Available Only in Books 2-Oct-26 2-Oct-26 2-Oct-26 Cash Cash Cash Fl: Help period F3: Company F4: Bank Ledger Update Bank Date FIO B: J: Basis of Values Change View Exception Reports Opening BRS a19ac to ru 7250- c4e2— acep a5fO- c4e2— acep .337. ening 'b4b17 ing j _id" : 1...
[keys] '' -> Tally 'TallyPrime:9000'
[shot] tds-102-BK3-brs-saved (1024x768)
[12:49:30] [tds] screen tds-102-BK3-brs-saved : EDU c Prime K: Company Y: Data Bank Reconciliation Z: Exchange O: Import FinCom • ke Co . Ledger Share Bank E: Export M: Share P: Print as at 2-0ct-26 Particulars Balance as per Company Books Unreconciled Transactions from I-Apr-26 till date Available Only in Books Add: Withdrawals Less: Deposits Expected Bank Balance Unity Quit Count 2 2 Balance 621.00 (0211.00 211.00 410.00 Fl: Help period Company F4: Bank Ledger F5: View Reconciled FIO B: Basis of Values Change View J: Exception Reports L: Save View R: Manual Recon Fl 2: Configure a19ac to ru 7250- c4e2— acep a5fO- c4e2— acep .337. ening 'b...
[12:49:30] BK3-brs save: 47.5;122.2
[shot] tds-103-gw0 (1024x768)
[12:49:30] [tds] screen tds-103-gw0 : EDU c Prime K: Company Y: Data Bank Reconciliation Z: Exchange O: Import FinCom • ke Co . Ledger Share Bank E: Export M: Share P: Print as at 2-0ct-26 Particulars Balance as per Company Books Unreconciled Transactions from I-Apr-26 till date Available Only in Books Add: Withdrawals Less: Deposits Expected Bank Balance Unity Quit Count 2 2 Balance 621.00 (0211.00 211.00 410.00 Fl: Help period Company F4: Bank Ledger F5: View Reconciled FIO B: Basis of Values Change View J: Exception Reports L: Save View R: Manual Recon Fl 2: Configure a19ac to ru 7250- c4e2— acep a5fO- c4e2— acep .337. ening 'b...
[keys] '{ESC}' -> Tally 'TallyPrime:9000'
[shot] tds-104-gw1 (1024x768)
[12:49:34] [tds] screen tds-104-gw1 : EDU c Prime Acti v ities K: Company Y: Data Z: Exchange O: Import FinCom • ke Co E: Export M: Share P: Print as at 2-0ct-26 Bank Reconciliation From I-A -26 Particulars Share Bank Zprobe Bank Available Available Only in Books OnlyinBank 2 2 4 Fl: Help period Company Bank Ledger Amount View FIO Basis of B: Values Change — View J: Exception = Reports L: Save View F: Apply Filter Filter — Details Opening BRS a19ac to ru 7250- c4e2— acep a5fO- c4e2— acep .337. ening 'b4b17 ing j _id" : 1-01" a5fO- Grand Unity Quit Total Space: Q Search U: Restore Line Fl 2: Configure Mode Windows Server 2025 Datac...
[keys] '{ESC}' -> Tally 'TallyPrime:9000'
[shot] tds-105-gw2 (1024x768)
[12:49:37] [tds] screen tds-105-gw2 : EDU c Prime Gatewa of Tall CURRENT PERIOD K: Company Y: Data Z: Exchange O: Import E: Export M: Share p: print Fl: Help Date a19ac I-Apr-26 to 31-Mar-27 NAME OF COMPANY FinCom Spike Co Q CURRENT OATE Friday, 2-Oct-2026 2-Oct-26 Search Gateway of Tally MASTERS Create Alter CHart of Accounts TRANSACTIONS Vouchers Day 800K UTILITIES BaNking REPORTS Balance Sheet Profit & Loss A/c Stock Summary Ratio Analysis Display More Reports DashbOard Quit Unity Company to ru 7250- c4e2— acep a5fO- c4e2— acep .337. ening 'b4b17 ing j _id" : 1-01" a5fO- Mode Windows Server 2025 Datacenter Build 26100.ge_releas...
  INFO BK3-brs the dated contra stored whole: every date field: DATE=20261002, VCHSTATUSDATE=20261002, EFFECTIVEDATE=20261002, INSTRUMENTDATE=20261002, BANKERSDATE=20261002
######## INFO BK3-brs bank date in Bank Reconciliation: Alt+R Manual Recon; probe markers on the screen: none: Tally bank-dated 'bank probe C4' (mid 5, bank date '20261002'); AlterID 5 -> 14; company AltVchId 13 -> 14, AltMstId 212 -> 212; Ctrl+A to a still screen 122 ms (47.5;122.2); add-on FCR1 lines: none (for its MasterID: 0); probe lines: none
  INFO bank: probe files loaded: control-voucher=Kiwi Mark, brs1=Zebra Mark, brs2=Lotus Mark, rep1=Tiger Mark, rep2=Maple Mark
