[13:36:08] ---- c1 install and open the company (TallyPrime 3.0)
  INFO installed: C:\Program Files\TallyPrime\tally.exe; tally.exe 11457160 bytes, 2026-10-09, FileVersion 1.1.3.0, ProductVersion 1.1.3.0, ProductName TallyPrime
  INFO company folder made by flow.ps1: D:\a\_temp\TallyData\100000
[keys] 'a' -> Tally 'TallyPrime:9000'
[keys] 't' -> Tally 'TallyPrime:9000'
[shot] v-00-started (1024x768)
[companies] 8 ms: <ENVELOPE><HEADER><VERSION>1</VERSION><STATUS>1</STATUS></HEADER><BODY><DESC><CMPINFO><COMPANY>0</COMPANY><GROUP>0</GROUP><LEDGER>0</LEDGER><COSTCATEGORY>0</COSTCATEGORY><COSTCENTRE>0</COSTCENTRE><GODOWN>0</GODOWN><STOCKGROUP>0</STOCKGROUP><STOCKCATEGORY>0</STOCKCATEGORY><STOCKITEM>0</STOCKITEM><VOUCHERTYPE>0</VOUCHERTYPE><CURRENCY>0</CURRENCY><UNIT>0</UNIT><BUDGET>0</BUDGET><CLIENTRULE>0</CLIENTRULE><SERVERRULE>0</SERVERRULE><STATE>0</STATE><TDSRATE>0</TDSRATE><TAXCLASSIFICATION>0</TAXCLASSIFICATION><STCATEGORY>0</STCATEGORY><DEDUCTEETYPE>0</DEDUCTEETYPE><ATTENDANCETYPE>0</ATTENDANCETYPE><FBT...
[header] 7 ms: <ENVELOPE><HEADER><VERSION>1</VERSION><STATUS>1</STATUS><PRODMAJORVER>1</PRODMAJORVER><PRODMINORVER>1</PRODMINORVER><PRODMAJORREL>3</PRODMAJORREL><PRODMINORREL>0</PRODMINORREL><PRODTYPE>5</PRODTYPE></HEADER><BODY><DESC><CMPINFO><COMPANY>0</COMPANY><GROUP>0</GROUP><LEDGER>0</LEDGER><COSTCATEGORY>0</COSTCATEGORY><COSTCENTRE>0</COSTCENTRE><GODOWN>0</GODOWN><STOCKGROUP>0</STOCKGROUP><STOCKCATEGORY>0</STOCKCATEGORY><STOCKITEM>0</STOCKITEM><VOUCHERTYPE>0</VOUCHERTYPE><CURRENCY>0</CURRENCY><UNIT>0</UNIT><BUDGET>0</BUDGET><CLIENTRULE>0</CLIENTRULE><SERVERRULE>0</SERVERRULE><STATE>0</STATE><TDSRATE>0</...
  INFO Tally's own release in its answer header: PRODMAJORREL 3 PRODMINORREL 0 (PRODMAJORVER 1 PRODMINORVER 1 PRODTYPE 5)
######## PASS c1 install and open the company: installed tally.exe 11457160 bytes, 2026-10-09, FileVersion 1.1.3.0, ProductVersion 1.1.3.0, ProductName TallyPrime; company folder 100000 loaded at start: True; window 'TallyPrime:9000'
######## PASS c2 port and company list: port 9000 answered 10.2 s after start, GET 19 ms ('<RESPONSE>TallyPrime Server is Running</RESPONSE>'); company list 8 ms, 'FinCom Spike Co' in it: True
[13:36:41] ---- the stub cloud and the bridge
[ledger Spike Income] 15 ms: <RESPONSE><CREATED>1</CREATED><ALTERED>0</ALTERED><DELETED>0</DELETED><LASTVCHID>0</LASTVCHID><LASTMID>0</LASTMID><COMBINED>0</COMBINED><IGNORED>0</IGNORED><ERRORS>0</ERRORS><CANCELLED>0</CANCELLED></RESPONSE>
[renum journal] 33 ms: <RESPONSE><CREATED>1</CREATED><ALTERED>0</ALTERED><DELETED>0</DELETED><LASTVCHID>2</LASTVCHID><LASTMID>0</LASTMID><COMBINED>0</COMBINED><IGNORED>0</IGNORED><ERRORS>0</ERRORS><CANCELLED>0</CANCELLED></RESPONSE>
[bankb ledger Share Bank] 12 ms: <RESPONSE><CREATED>1</CREATED><ALTERED>0</ALTERED><DELETED>0</DELETED><LASTVCHID>0</LASTVCHID><LASTMID>0</LASTMID><COMBINED>0</COMBINED><IGNORED>0</IGNORED><ERRORS>0</ERRORS><CANCELLED>0</CANCELLED></RESPONSE>
[bankb contras] 38 ms: <RESPONSE><CREATED>4</CREATED><ALTERED>0</ALTERED><DELETED>0</DELETED><LASTVCHID>6</LASTVCHID><LASTMID>0</LASTMID><COMBINED>0</COMBINED><IGNORED>0</IGNORED><ERRORS>0</ERRORS><CANCELLED>0</CANCELLED></RESPONSE>
  INFO bankb: four contras with bank allocations (2-10-2026, Share Bank): <CREATED>4</CREATED> <ALTERED>0</ALTERED> <DELETED>0</DELETED> <LASTVCHID>6</LASTVCHID> <LASTMID>0</LASTMID> <COMBINED>0</COMBINED> <IGNORED>0</IGNORED> <ERRORS>0</ERRORS>
  INFO setup origin: BUILT from source dist/FinComBridge-Setup-2.4.1.exe SHA-256 9e429e4b182b672a99732b31ca0e39803317d18eeb71b7e35acda414dd1ff0c8; bridge source: 0f436f6c906283396e6940167fde920d52acfdc1 Add-on 2.4.1: the measured data-folder formula in place of FCRDataPath; the data id trims trailing backslashes
bridge setup ended with 0
  INFO bridge on 127.0.0.1:9100, version 2.4.1, allowImport True, readOnly '', testMode False
  bridge log: 2026-10-09 13:36:51  FinCom Bridge 2.4.1: started just for runnervmfi6oq\runneradmin (no service); it keeps the bridge and its icon running
  bridge log: 2026-10-09 13:36:51  FinCom Bridge 2.4.1 (Go) started on 127.0.0.1:9100: the only bridge on this computer; working for runnervmfi6oq\runneradmin, Windows session 2; runs just for this Windows user (starts at sign-in, no service)
  bridge log: 2026-10-09 13:36:51  Tally is open on port 9000; the bridge reads it only after an event (a client opened in FinCom, Update now, a posting, the nightly catch-up at 19:00)
  bridge log: 2026-10-09 13:36:51  Recorder: re-scan of the add-on's files for 2.4.1: 0 line(s) sent earlier without their entry found (a new entry's line with no MasterID, a GUID of another entry, or read while the body fetch was off)
  bridge log: 2026-10-09 13:36:51  Check:  - 
  bridge log: 2026-10-09 13:36:54  Tray icon: set to show next to the clock always (Windows 11)
  bridge log: 2026-10-09 13:36:54  Trial tools switched on for this computer in FinCom: the tray shows the trial items
  bridge log: 2026-10-09 13:36:54  FinCom: this bridge is now the main bridge on this computer (set by the setup); it reads and posts
  bridge log: 2026-10-09 13:36:55  Company FinCom Spike Co: its Tally GUID 0b8d6aeb-e614-4c5d-9398-43ef639e579a is held from now on
  bridge log: 2026-10-09 13:36:55  Company FinCom Spike Co: its starting point is recorded: ALTVCHID=6, ALTMSTID=210 (reading is prospective only: the bridge follows what changes after this)
  bridge log: 2026-10-09 13:36:55  Company FinCom Spike Co: change numbers read with form a: ALTVCHID=6, ALTMSTID=210
  bridge log: 2026-10-09 13:36:55  Light check of FinCom Spike Co: starting point recorded (ALTVCHID=6, ALTMSTID=210)
  bridge log: 2026-10-09 13:36:55  Bank dates: FinCom Spike Co: following Tally's voucher counter from ALTVCHID=6 (a move the add-on's lines do not explain is a bank date set, or another change Tally makes without a voucher form)
  INFO add-on: recorder files after start: none
[13:37:42] ---- bank: does any event fire when a bank date is set (probe), and what it costs
[13:37:43] ---- bankb: bank dates set in Bank Reconciliation reach FinCom (the bridge from the ref, stubr.py as the cloud)
  INFO bankb: the bridge's bank route started (its first light check) before the bank dates: True
  INFO bankb: Tally's contras (FinCom's copy seeded with them, as from a Day Book upload): mid 3 'bank probe C1' AlterID 3 bank date ''; mid 4 'bank probe C2' AlterID 4 bank date ''; mid 5 'bank probe C3' AlterID 5 bank date ''; mid 6 'bank probe C4' AlterID 6 bank date ''
[shot] tds-001-gw0 (1024x768)
[13:37:49] [tds] screen tds-001-gw0 : TallyPrime MANAGE {1' EDU 5: Company Gatewa of Tall CURRENT PERIOD I-Apr-26 to 31-Mar-27 NAME OF COMPANY FinCom Spike Co Unity Y: Data Q Z: Exchange CURRENT OATE Wednesday, I-Apr-2026 upr-26 Search O: Import E: Export M: E-mail p: pnnt x Fl: Help Date Company Gateway of Tally MASTERS Create Alter CHart of Accounts TRANSACTIONS Vouchers Day 800K UTILITIES BaNking REPORTS Balance Sheet Profit & Loss A/c Stock Summary Ratio Analysis Display More Reports Quit o to ru tion_ eUfa3 f4da— 347ab '92dUa f4da— 347ab .337. n_id " a3-01 ening relat c48ae ng jo ource 8-0e4 ' , "orc 2d4ae ' j obNa Mode Windo...
[keys] '%g' -> Tally 'TallyPrime:9000'
[shot] tds-002-B1-brs-goto (1024x768)
[13:37:53] [tds] screen tds-002-B1-brs-goto : x TallyPrime MANAGE EDU Unity Quit K: Company Y: Data List of Re Z: Exchange FinCom Spike Co O: Import E: Export M: E-mail p: pnnt Fl: Help x Its Create Voucher Create Master Alter Master Expand All Show More Saved Views Common Reports Balance Sheet Profit & Loss A/c Cash/Bank Book Day Book Ledger Vouchers Stock Summary Trial Balance Bills Receivable Bills Payable Master and Voucher Statistics Stock Query Chart of Accounts Final Accounts Reports Receivables & Payables Reports Banking Utilities Ledger Reports Group Reports Voucher Reports Registers Stock Item Reports o to ru tion_ eUfa3 f4da— 3...
[keys] 'Bank Reconciliation' -> Tally 'TallyPrime:9000'
[shot] tds-003-B1-brs-typed (1024x768)
[13:37:56] [tds] screen tds-003-B1-brs-typed : TallyPrime MANAGE {1' EDU 5: Company Unity Quit Y: Data List of Re Z: Exchange FinCom Spike Co Bank Reconciliation Its O: Import E: Export M: E-mail p: pnnt x Fl: Help Create Voucher Create Master Alter Master Expand All Show More Banking Utilities Bank Reconciliation Q Search o to ru tion_ eUfa3 f4da— 347ab '92dUa f4da— 347ab .337. n_id " a3-01 ening relat c48ae ng jo ource 8-0e4 ' , "orc 2d4ae ' j obNa Mode Windows Server 2025 Datacenter Build 26100.ge_release240331-1435 1:37 PM 10/9/2026
[keys] '{ENTER}' -> Tally 'TallyPrime:9000'
[shot] tds-004-B1-brs-select (1024x768)
[13:38:01] [tds] screen tds-004-B1-brs-select : TallyPrime MANAGE {1' EDU 5: Company Select Bank Unity Quit Y: Data Z: Exchange FinCom • ke Co Name of Bank Ledger O: Import Account No. Create E: Export M: E-mail p: pnnt x Fl: Help List of Bank Led ers Ledger Name Share Bank A Accept Q Search o to ru tion_ eUfa3 f4da— 347ab '92dUa f4da— 347ab .337. n_id " a3-01 ening relat c48ae ng jo ource 8-0e4 ' , "orc 2d4ae ' j obNa Mode Windows Server 2025 Datacenter Build 26100.ge_release240331-1435 1:38 PM 10/9/2026
[keys] 'Share Bank{ENTER}' -> Tally 'TallyPrime:9000'
[shot] tds-005-B1-brs-bank (1024x768)
[13:38:06] [tds] screen tds-005-B1-brs-bank : x TallyPrime MANAGE {1' EDU 5: Company Bank Reconciliation Ledger: Share Bank Y: Data Vch Type Contra Contra Contra Contra Q Z: Exchange O: Import E: Export FinCom • ke Co (Reconciliation Transaction Type Instrument No. M: E-mail p: print As on . • 2-0ct-26 Fl: Help period • Carnpany • V4: Bank o to ru tion_ eUfa3 f4da— 347ab Date 2-Oct-26 2-Oct-26 2-Oct-26 2-Oct-26 Quit Particulars Cash Cash Cash Cash Enter: Alter Instrument Date 2-Oct-26 2-Oct-26 2-Oct-26 2-Oct-26 Bank Date Debit 101.00 102.00 103.00 104.00 410.00 410.00 Credit Unity Cash Cash Cash Cash A Accept Search Balance as per Company...
[shot] tds-006-B1-brs-screen (1024x768)
[13:38:07] [tds] screen tds-006-B1-brs-screen : x TallyPrime MANAGE {1' EDU 5: Company Bank Reconciliation Ledger: Share Bank Y: Data Vch Type Contra Contra Contra Contra Q Z: Exchange O: Import E: Export FinCom • ke Co (Reconciliation Transaction Type Instrument No. M: E-mail p: print As on . • 2-0ct-26 Fl: Help period • Carnpany • V4: Bank o to ru tion_ eUfa3 f4da— 347ab Date 2-Oct-26 2-Oct-26 2-Oct-26 2-Oct-26 Quit Particulars Cash Cash Cash Cash Enter: Alter Instrument Date 2-Oct-26 2-Oct-26 2-Oct-26 2-Oct-26 Bank Date Debit 101.00 102.00 103.00 104.00 410.00 410.00 Credit Unity Cash Cash Cash Cash A Accept Search Balance as per Company...
[keys] '2-10-2026{ENTER}' -> Tally 'TallyPrime:9000'
[shot] tds-007-B1-brs-date (1024x768)
[13:38:11] [tds] screen tds-007-B1-brs-date : x TallyPrime MANAGE {1' EDU 5: Company Bank Reconciliation Ledger: Share Bank Y: Data Vch Type Contra Contra Contra Contra Q Z: Exchange O: Import E: Export FinCom • ke Co (Reconciliation Transaction Type Instrument No. M: E-mail p: print As on . • 2-0ct-26 Fl: Help period • Carnpany • V4: Bank o to ru tion_ eUfa3 f4da— 347ab Date 2-Oct-26 2-Oct-26 2-Oct-26 2-Oct-26 Quit Particulars Cash Cash Cash Cash Enter: Alter Instrument Date 2-Oct-26 2-Oct-26 2-Oct-26 2-Oct-26 Bank Date 2-Oct-26 Debit 101.00 102.00 103.00 104.00 410.00 309.00 101.00 Credit Unity Cash Cash Cash Cash A Accept Search Balanc...
[keys] '' -> Tally 'TallyPrime:9000'
[shot] tds-008-B1-brs-saved (1024x768)
[13:38:15] [tds] screen tds-008-B1-brs-saved : TallyPrime MANAGE {1' EDU 5: Company Select Bank Unity Quit Y: Data Z: Exchange FinCom • ke Co Name of Bank Ledger Share Bank List of Bank Led ers Ledger Name Share Bank A Accept Q Search O: Import Account No. Create E: Export M: E-mail p: pnnt x Fl: Help o to ru tion_ eUfa3 f4da— 347ab '92dUa f4da— 347ab .337. n_id " a3-01 ening relat c48ae ng jo ource 8-0e4 ' , "orc 2d4ae ' j obNa Mode Windows Server 2025 Datacenter Build 26100.ge_release240331-1435 1:38 PM 10/9/2026
[13:38:15] B1-brs save: 31.5;2210.7
[shot] tds-009-gw0 (1024x768)
[13:38:16] [tds] screen tds-009-gw0 : TallyPrime MANAGE {1' EDU 5: Company Select Bank Unity Quit Y: Data Z: Exchange FinCom • ke Co Name of Bank Ledger Share Bank List of Bank Led ers Ledger Name Share Bank A Accept Q Search O: Import Account No. Create E: Export M: E-mail p: pnnt x Fl: Help o to ru tion_ eUfa3 f4da— 347ab '92dUa f4da— 347ab .337. n_id " a3-01 ening relat c48ae ng jo ource 8-0e4 ' , "orc 2d4ae ' j obNa Mode Windows Server 2025 Datacenter Build 26100.ge_release240331-1435 1:38 PM 10/9/2026
[keys] '{ESC}' -> Tally 'TallyPrime:9000'
[shot] tds-010-gw1 (1024x768)
[13:38:20] [tds] screen tds-010-gw1 : TallyPrime MANAGE {1' EDU 5: Company Select Bank Unity Quit Y: Data Z: Exchange FinCom • ke Co Name of Bank Ledger O: Import Account No. Create E: Export M: E-mail p: pnnt x Fl: Help List of Bank Led ers Ledger Name Share Bank A Accept Q Search o to ru tion_ eUfa3 f4da— 347ab '92dUa f4da— 347ab .337. n_id " a3-01 ening relat c48ae ng jo ource 8-0e4 ' , "orc 2d4ae ' j obNa Mode Windows Server 2025 Datacenter Build 26100.ge_release240331-1435 1:38 PM 10/9/2026
[keys] '{ESC}' -> Tally 'TallyPrime:9000'
[shot] tds-011-gw2 (1024x768)
[13:38:24] [tds] screen tds-011-gw2 : TallyPrime MANAGE {1' EDU 5: Company Gatewa of Tall CURRENT PERIOD I-Apr-26 to 31-Mar-27 NAME OF COMPANY FinCom Spike Co Unity Y: Data Q Z: Exchange CURRENT OATE Wednesday, I-Apr-2026 2-Oct-26 Search O: Import E: Export M: E-mail p: pnnt x Fl: Help Date Company Gateway of Tally MASTERS Create Alter CHart of Accounts TRANSACTIONS Vouchers Day 800K UTILITIES BaNking REPORTS Balance Sheet Profit & Loss A/c Stock Summary Ratio Analysis Display More Reports Quit o to ru tion_ eUfa3 f4da— 347ab '92dUa f4da— 347ab .337. n_id " a3-01 ening relat c48ae ng jo ource 8-0e4 ' , "orc 2d4ae ' j obNa Mode Win...
  INFO B1-brs the dated contra stored whole: every date field: DATE=20261002, VCHSTATUSDATE=20261002, EFFECTIVEDATE=20261002, INSTRUMENTDATE=20261002, BANKERSDATE=20261002
######## INFO B1-brs bank date in Bank Reconciliation: direct: Tally bank-dated 'bank probe C1' (mid 3, bank date '20261002'); AlterID 3 -> 7; company AltVchId 6 -> 7, AltMstId 210 -> 210; Ctrl+A to a still screen 2211 ms (31.5;2210.7); add-on FCR1 lines: none (for its MasterID: 0); probe lines: none
[shot] tds-012-gw0 (1024x768)
[13:38:27] [tds] screen tds-012-gw0 : TallyPrime MANAGE {1' EDU 5: Company Gatewa of Tall CURRENT PERIOD I-Apr-26 to 31-Mar-27 NAME OF COMPANY FinCom Spike Co Unity Y: Data Q Z: Exchange CURRENT OATE Wednesday, I-Apr-2026 2-Oct-26 Search O: Import E: Export M: E-mail p: pnnt x Fl: Help Date Company Gateway of Tally MASTERS Create Alter CHart of Accounts TRANSACTIONS Vouchers Day 800K UTILITIES BaNking REPORTS Balance Sheet Profit & Loss A/c Stock Summary Ratio Analysis Display More Reports Quit o to ru tion_ eUfa3 f4da— 347ab '92dUa f4da— 347ab .337. n_id " a3-01 ening relat c48ae ng jo ource 8-0e4 ' , "orc 2d4ae ' j obNa Mode Win...
[keys] '%g' -> Tally 'TallyPrime:9000'
[shot] tds-013-B2-brs-goto (1024x768)
[13:38:30] [tds] screen tds-013-B2-brs-goto : x TallyPrime MANAGE EDU Unity Quit K: Company Y: Data List of Re Z: Exchange FinCom Spike Co O: Import E: Export M: E-mail p: pnnt Fl: Help x Its Create Voucher Create Master Alter Master Expand All Show More Saved Views Common Reports Balance Sheet Profit & Loss A/c Cash/Bank Book Day Book Ledger Vouchers Stock Summary Trial Balance Bills Receivable Bills Payable Master and Voucher Statistics Stock Query Chart of Accounts Final Accounts Reports Receivables & Payables Reports Banking Utilities Ledger Reports Group Reports Voucher Reports Registers Stock Item Reports o to ru tion_ eUfa3 f4da— 3...
[keys] 'Bank Reconciliation' -> Tally 'TallyPrime:9000'
[shot] tds-014-B2-brs-typed (1024x768)
[13:38:34] [tds] screen tds-014-B2-brs-typed : TallyPrime MANAGE {1' EDU 5: Company Unity Quit Y: Data List of Re Z: Exchange FinCom Spike Co Bank Reconciliation Its O: Import E: Export M: E-mail p: pnnt x Fl: Help Create Voucher Create Master Alter Master Expand All Show More Banking Utilities Bank Reconciliation Q Search o to ru tion_ eUfa3 f4da— 347ab '92dUa f4da— 347ab .337. n_id " a3-01 ening relat c48ae ng jo ource 8-0e4 ' , "orc 2d4ae ' j obNa Mode Windows Server 2025 Datacenter Build 26100.ge_release240331-1435 1:38 PM 10/9/2026
[keys] '{ENTER}' -> Tally 'TallyPrime:9000'
[shot] tds-015-B2-brs-select (1024x768)
[13:38:39] [tds] screen tds-015-B2-brs-select : TallyPrime MANAGE {1' EDU 5: Company Select Bank Unity Quit Y: Data Z: Exchange FinCom • ke Co Name of Bank Ledger O: Import Account No. Create E: Export M: E-mail p: pnnt x Fl: Help List of Bank Led ers Ledger Name Share Bank A Accept Q Search o to ru tion_ eUfa3 f4da— 347ab '92dUa f4da— 347ab .337. n_id " a3-01 ening relat c48ae ng jo ource 8-0e4 ' , "orc 2d4ae ' j obNa Mode Windows Server 2025 Datacenter Build 26100.ge_release240331-1435 1:38 PM 10/9/2026
[keys] 'Share Bank{ENTER}' -> Tally 'TallyPrime:9000'
[shot] tds-016-B2-brs-bank (1024x768)
[13:38:44] [tds] screen tds-016-B2-brs-bank : x TallyPrime MANAGE {1' EDU 5: Company Bank Reconciliation Ledger: Share Bank Y: Data Vch Type Contra Contra Contra Q Z: Exchange O: Import E: Export FinCom • ke Co (Reconciliation Transaction Type Instrument No. M: E-mail p: print As on . • 2-0ct-26 Fl: Help period • Carnpany • V4: Bank o to ru tion_ eUfa3 f4da— 347ab Date 2-Oct-26 2-Oct-26 2-Oct-26 Quit Particulars Cash Cash Cash Enter: Alter Instrument Date 2-Oct-26 2-Oct-26 2-Oct-26 Bank Date Debit 102.00 103.00 104.00 410.00 309.00 101.00 Credit Unity Cash Cash Cash A Accept Search Balance as per Company Books. Amounts not reflected in Ba...
[shot] tds-017-B2-brs-screen (1024x768)
[13:38:45] [tds] screen tds-017-B2-brs-screen : x TallyPrime MANAGE {1' EDU 5: Company Bank Reconciliation Ledger: Share Bank Y: Data Vch Type Contra Contra Contra Q Z: Exchange O: Import E: Export FinCom • ke Co (Reconciliation Transaction Type Instrument No. M: E-mail p: print As on . • 2-0ct-26 Fl: Help period • Carnpany • V4: Bank o to ru tion_ eUfa3 f4da— 347ab Date 2-Oct-26 2-Oct-26 2-Oct-26 Quit Particulars Cash Cash Cash Enter: Alter Instrument Date 2-Oct-26 2-Oct-26 2-Oct-26 Bank Date Debit 102.00 103.00 104.00 410.00 309.00 101.00 Credit Unity Cash Cash Cash A Accept Search Balance as per Company Books. Amounts not reflected in Ba...
[keys] '2-10-2026{ENTER}' -> Tally 'TallyPrime:9000'
[shot] tds-018-B2-brs-date (1024x768)
[13:38:49] [tds] screen tds-018-B2-brs-date : x TallyPrime MANAGE {1' EDU 5: Company Bank Reconciliation Ledger: Share Bank Y: Data Vch Type Contra Contra Contra Q Z: Exchange O: Import E: Export FinCom • ke Co (Reconciliation Transaction Type Instrument No. M: E-mail p: print As on . • 2-0ct-26 Fl: Help period • Carnpany • V4: Bank o to ru tion_ eUfa3 f4da— 347ab Date 2-Oct-26 2-Oct-26 2-Oct-26 Quit Particulars Cash Cash Cash Enter: Alter Instrument Date 2-Oct-26 2-Oct-26 2-Oct-26 Bank Date 2-Oct-26 Debit 102.00 103.00 104.00 410.00 207.00 203.00 Credit Unity Cash Cash Cash A Accept Search Balance as per Company Books. Amounts not reflec...
[keys] '' -> Tally 'TallyPrime:9000'
[shot] tds-019-B2-brs-saved (1024x768)
[13:38:56] [tds] screen tds-019-B2-brs-saved : TallyPrime MANAGE {1' EDU 5: Company Select Bank Unity Quit Y: Data Z: Exchange FinCom • ke Co Name of Bank Ledger Share Bank List of Bank Led ers Ledger Name Share Bank A Accept Q Search O: Import Account No. Create E: Export M: E-mail p: pnnt x Fl: Help o to ru tion_ eUfa3 f4da— 347ab '92dUa f4da— 347ab .337. n_id " a3-01 ening relat c48ae ng jo ource 8-0e4 ' , "orc 2d4ae ' j obNa Mode Windows Server 2025 Datacenter Build 26100.ge_release240331-1435 1:38 PM 10/9/2026
[13:38:56] B2-brs save: 74.1;4978.9
[shot] tds-020-gw0 (1024x768)
[13:38:57] [tds] screen tds-020-gw0 : TallyPrime MANAGE {1' EDU 5: Company Select Bank Unity Quit Y: Data Z: Exchange FinCom • ke Co Name of Bank Ledger Share Bank List of Bank Led ers Ledger Name Share Bank A Accept Q Search O: Import Account No. Create E: Export M: E-mail p: pnnt x Fl: Help o to ru tion_ eUfa3 f4da— 347ab '92dUa f4da— 347ab .337. n_id " a3-01 ening relat c48ae ng jo ource 8-0e4 ' , "orc 2d4ae ' j obNa Mode Windows Server 2025 Datacenter Build 26100.ge_release240331-1435 1:38 PM 10/9/2026
[keys] '{ESC}' -> Tally 'TallyPrime:9000'
[shot] tds-021-gw1 (1024x768)
[13:39:00] [tds] screen tds-021-gw1 : TallyPrime MANAGE {1' EDU 5: Company Select Bank Unity Quit Y: Data Z: Exchange FinCom • ke Co Name of Bank Ledger O: Import Account No. Create E: Export M: E-mail p: pnnt x Fl: Help List of Bank Led ers Ledger Name Share Bank A Accept Q Search o to ru tion_ eUfa3 f4da— 347ab '92dUa f4da— 347ab .337. n_id " a3-01 ening relat c48ae ng jo ource 8-0e4 ' , "orc 2d4ae ' j obNa Mode Windows Server 2025 Datacenter Build 26100.ge_release240331-1435 1:38 PM 10/9/2026
[keys] '{ESC}' -> Tally 'TallyPrime:9000'
[shot] tds-022-gw2 (1024x768)
[13:39:04] [tds] screen tds-022-gw2 : TallyPrime MANAGE {1' EDU 5: Company Gatewa of Tall CURRENT PERIOD I-Apr-26 to 31-Mar-27 NAME OF COMPANY FinCom Spike Co Unity Y: Data Q Z: Exchange CURRENT OATE Wednesday, I-Apr-2026 2-Oct-26 Search O: Import E: Export M: E-mail p: pnnt x Fl: Help Date Company Gateway of Tally MASTERS Create Alter CHart of Accounts TRANSACTIONS Vouchers Day 800K UTILITIES BaNking REPORTS Balance Sheet Profit & Loss A/c Stock Summary Ratio Analysis Display More Reports Quit o to ru tion_ eUfa3 f4da— 347ab '92dUa f4da— 347ab .337. n_id " a3-01 ening relat c48ae ng jo ource 8-0e4 ' , "orc 2d4ae ' j obNa Mode Win...
  INFO B2-brs the dated contra stored whole: every date field: DATE=20261002, VCHSTATUSDATE=20261002, EFFECTIVEDATE=20261002, INSTRUMENTDATE=20261002, BANKERSDATE=20261002
######## INFO B2-brs bank date in Bank Reconciliation: direct: Tally bank-dated 'bank probe C2' (mid 4, bank date '20261002'); AlterID 4 -> 8; company AltVchId 7 -> 8, AltMstId 210 -> 210; Ctrl+A to a still screen 4979 ms (74.1;4978.9); add-on FCR1 lines: none (for its MasterID: 0); probe lines: none
  INFO bankb: Tally after the bank dates: mid 3 'bank probe C1' AlterID 7 bank date '20261002'; mid 4 'bank probe C2' AlterID 8 bank date '20261002'; mid 5 'bank probe C3' AlterID 5 bank date ''; mid 6 'bank probe C4' AlterID 6 bank date ''
  bridge log: 2026-10-09 13:47:25  Light check of FinCom Spike Co: unchanged starting point ALTVCHID=6; now ALTVCHID=8, ALTMSTID=210
  bridge log: 2026-10-09 13:47:25  Bank dates: FinCom Spike Co: Tally's voucher counter moved with no add-on line for 2 entries (a bank date set in Bank Reconciliation, or another change Tally makes without a voucher form); each is read again from Tally
  bridge log: 2026-10-09 13:47:25  Recorder: entry fetch of FinCom Spike Co: answered in 9 ms
  bridge log: 2026-10-09 13:47:25  Recorder: Contra 1 of 02-Oct-2026 (MasterID 3, line 4adafa61…): taken: Tally's GUID 0b8d6aeb-e614-4c5d-9398-43ef639e579a-00000003, AlterID 7
  bridge log: 2026-10-09 13:47:26  Recorder: Contra 2 of 02-Oct-2026 (MasterID 4, line 5a61662f…): taken: Tally's GUID 0b8d6aeb-e614-4c5d-9398-43ef639e579a-00000004, AlterID 8
######## PASS b1 bank dates set in Bank Reconciliation reach FinCom: Tally bank-dated 2 contra(s): mid 3 'bank probe C1' AlterID 7 bank date '20261002'; mid 4 'bank probe C2' AlterID 8 bank date '20261002'; FinCom's copy holds Tally's bank date and AlterID for every contra (4) after 500 s; 2 altered line(s) from the bridge (source bankdate): mid 3 x1, mid 4 x1; bridge log: FinCom Spike Co: following Tally's voucher counter from ALTVCHID=6 (a move the add-on's lines do not explain is a bank date set, or another change Tally makes without a voucher form) | FinCom Spike Co: Tally's voucher counter moved with no add-on line for 2 entries (a bank date set in Bank Reconciliation, or another change Tally makes without a voucher form); each is read again from Tally
