[06:29:00.259] push-design on TallyPrime 7.1: reps 5, heavy 3000 ledgers / 3000 items / up to 30000 vouchers (40 min), postings 1
[06:29:01.222] system clock step after timeBeginPeriod(1): 0.403 ms (min 0.0039, max 4.2469)
[06:29:01.248] two files written 2 ms apart: NTFS write times 15.9881 ms apart
[06:29:01.268] light company folder: D:\a\_temp\TallyData\100000
[06:29:01.324] fast234 (fast234g) on TallyPrime 7.1: today's request 2927 chars, 61 fields
[06:29:01.368] ---- fast234g: GST on (D:\a\_temp\fast234g\on)
[06:29:04.388] tally.ini: Data D:\a\_temp\fast234g\on; TDL: none
[keys] 'a'
[keys] 't'
[shot] p-g-on-setup-started (1024x768)
[06:29:34.030] Tally started (g-on-setup) in 29.6 s; company open: True
[06:29:34.067] import company GST on: 1 sent, created 0, errors 0, 17.5 ms
[06:29:34.073] GST on: ISGSTON before 'Yes', after the alteration 'Yes'
[06:29:34.374] import light masters: 60 sent, created 59, errors 0, 283.1 ms
[06:29:34.499] import xml item invoice: 1 sent, created 1, errors 0, 84.1 ms
[06:29:34.532] import xml accounting sales: 1 sent, created 1, errors 0, 30.6 ms
[06:29:34.563] import xml accounting sales (IRN to come): 1 sent, created 1, errors 0, 28.3 ms
[06:29:34.639] import IRN and e-way bill written back (alter): 1 sent, created 1, errors 0, 31.1 ms
[shot] tds-001-gw0 (1024x768)
[06:29:39] [tds] screen tds-001-gw0 : EDU {I' Prime K: Company Y: Data • Gatewayof Tally Find details entered in masters and transactions. Z: Exchange CURRENT OATE Wednesday, I-Apr-2026 OATE OF LAST ENTRY (Alt+F) O: Import E: Export M: Share p: print Fl: Help Date ng for 050bU CURRENT PERIOD I-Apr-26 to 31-Mar-27 NAME OF COMPANY FinCom Spike Co (Schedule Backup) Q Search upr-26 Gateway of Tally MASTERS Create Alter CHart of Accounts TRANSACTIONS Vouchers Day 800K UTILITIES BaNking REPORTS Balance Sheet Profit & Loss A/c Stock Summary Ratio Analysis Display More Reports DashbOard Quit 1) Unity Company to ru 175- 756-3 acepa 8c85- 5...
[shot] tds-002-g-on-screen-start (1024x768)
[06:29:39] [tds] screen tds-002-g-on-screen-start : EDU {I' Prime K: Company Y: Data • Gatewayof Tally Find details entered in masters and transactions. Z: Exchange CURRENT OATE Wednesday, I-Apr-2026 OATE OF LAST ENTRY (Alt+F) O: Import E: Export M: Share p: print Fl: Help Date ng for 050bU CURRENT PERIOD I-Apr-26 to 31-Mar-27 NAME OF COMPANY FinCom Spike Co (Schedule Backup) Q Search upr-26 Gateway of Tally MASTERS Create Alter CHart of Accounts TRANSACTIONS Vouchers Day 800K UTILITIES BaNking REPORTS Balance Sheet Profit & Loss A/c Stock Summary Ratio Analysis Display More Reports DashbOard Quit 1) Unity Company to ru 175- 756-3 acepa 8c85- 5...
[keys] 'v'
[shot] tds-003-g-on-screen-vouchers (1024x768)
[06:29:43] [tds] screen tds-003-g-on-screen-vouchers : EDU {I' Prime K: Company Y: Data • Accounting Voucher Creati Pa ment No. 1 Account Cument balance: Particulars Narration: 1) Unity Quit Find details entered in masters and transactions. Z: Exchange inCom Spike (Alt+F) O: Import E: Export M: Share p: print upr-26 Wednesday Amount D: Delete x: Cancel Vch Fl: Help Date Company Contra F5: Payment Receipt Journal Purchase FIO: E: Autofill Change Mode More Details O: Related = Reports L: Optional post -Dated J: Stat ¯ Adjustment Unused ¯ Vch No. Fl 2: Configure ng for 050bU to ru 175- 756-3 acepa 8c85- 5756- acep 37.0' 3790- ening '35cOf ng jo id" :...
[keys] '{F8}'
[shot] tds-004-g-on-screen-type (1024x768)
[06:29:47] [tds] screen tds-004-g-on-screen-type : a Find details entered in masters and transactions. (Alt+F) EDU {I' Prime K: Company Y: Data • Accounting Voucher Creati Sales Party Alc name Current balance: Sales ledger: Current balance: Name of Item Narration: 1) Unity Quit Z: Exchange A Accept Q Search M: Share inCom Spike O: Import E: Export List of Ledger Accounts Cash HDFC Bank Spike Party Spike Party 2 Template Party Ul Party p: print x Create Fl: Help Date Company F4: Contra Payment Receipt Journal Purchase Vouctgs E: Autofill Change Mode More Details o: Related Reports Optional post -Dated Unused Vch No. ng for 050bU to ru 175- 756-...
[keys] '^h'
[shot] tds-005-g-on-screen-mode (1024x768)
[06:29:50] [tds] screen tds-005-g-on-screen-mode : EDU {I' Prime • Change Mode 1) Unity Quit K: Company Y: Data Find details entered in masters and transactions. Z: Exchange inCom Spike Change Voucher Mode Item Invoice List of Modes/Usages Item Invoice Accounting Invoice As Voucher A Accept Q Search (Alt+F) O: Import E: Export M: Share p: print Fl: Help ng for 050bU to ru 175- 756-3 acepa 8c85- 5756- acep 37.0' 3790- ening '35cOf ng jo id" : " ' , "orc C85—b Mode Windows Server 2025 Datacenter Build 26100.ge_release240331-1435 6:29 AM 10/8/2026
[keys] 'Item Invoice{ENTER}'
[shot] tds-006-g-on-screen-item-mode (1024x768)
[06:29:54] [tds] screen tds-006-g-on-screen-item-mode : a Find details entered in masters and transactions. (Alt+F) EDU {I' Prime K: Company Y: Data • Accounting Voucher Creati Sales Party Alc name Current balance: Sales ledger: Current balance: Name of Item Narration: 1) Unity Quit Z: Exchange A Accept Q Search M: Share inCom Spike O: Import E: Export List of Ledger Accounts Cash HDFC Bank Spike Party Spike Party 2 Template Party Ul Party p: print x Create Fl: Help Date Company F4: Contra Payment Receipt Journal Purchase Vouctgs E: Autofill Change Mode More Details o: Related Reports Optional post -Dated Unused Vch No. ng for 050bU to ru 175- 756-...
[keys] '{F2}'
[shot] tds-007-g-on-screen-date-box (1024x768)
[06:29:57] [tds] screen tds-007-g-on-screen-date-box : Find details entered in masters and transactions. EDU {I' Prime K: Company Y: Data • Change Voucher Date 1) Unity Quit (Alt+F) O: Import Z: Exchange A Accept Q Search E: Export M: Share p: print Fl: Help FinCom Spike Co Voucher Date 24-2026 ng for 050bU to ru 175- 756-3 acepa 8c85- 5756- acep 37.0' 3790- ening '35cOf ng jo id" : " ' , "orc C85—b Mode Windows Server 2025 Datacenter Build 26100.ge_release240331-1435 6:29 AM 10/8/2026
[keys] '2-10-2026{ENTER}'
[shot] tds-008-g-on-screen-date (1024x768)
[06:30:00] [tds] screen tds-008-g-on-screen-date : a Find details entered in masters and transactions. (Alt+F) EDU {I' Prime K: Company Y: Data • Accounting Voucher Creati Sales Party Alc name Current balance: Sales ledger: Current balance: Name of Item Narration: 1) Unity Quit Z: Exchange A Accept Q Search M: Share inCom Spike O: Import E: Export List of Ledger Accounts Cash HDFC Bank Spike Party Spike Party 2 Template Party Ul Party p: print x Create Fl: Help Date Company F4: Contra Payment Receipt Journal Purchase Vouctgs E: Autofill Change Mode More Details o: Related Reports Optional post -Dated Unused Vch No. ng for 050bU to ru 175- 756-...
[keys] 'Template Party{ENTER}'
[shot] tds-009-g-on-screen-party (1024x768)
[06:30:04] [tds] screen tds-009-g-on-screen-party : EDU {I' Prime K: Company Y: Data Find details entered in masters and transactions. Z: Exchange FinCom Spike Co Dispatch Details Dispatch Doc No. Dispatched through Destination Carrier Name/Agent Bill of No. Motor Vehicle No. Accept Q Search (Alt+F) O: Import E: Export M: Share p: print Fl: Help x • Details Delivery Note No(s) 1) Unity Quit Date: ng for 050bU to ru 175- 756-3 acepa 8c85- 5756- acep 37.0' 3790- ening '35cOf ng jo id" : " ' , "orc C85—b Mode Windows Server 2025 Datacenter Build 26100.ge_release240331-1435 6:30 AM 10/8/2026
[shot] tds-010-g-on-screen-party-sub1 (1024x768)
[06:30:05] [tds] screen tds-010-g-on-screen-party-sub1 : EDU {I' Prime K: Company Y: Data Find details entered in masters and transactions. Z: Exchange FinCom Spike Co Dispatch Details Dispatch Doc No. Dispatched through Destination Carrier Name/Agent Bill of No. Motor Vehicle No. Accept Q Search (Alt+F) O: Import E: Export M: Share p: print Fl: Help x • Details Delivery Note No(s) 1) Unity Quit Date: ng for 050bU to ru 175- 756-3 acepa 8c85- 5756- acep 37.0' 3790- ening '35cOf ng jo id" : " ' , "orc C85—b Mode Windows Server 2025 Datacenter Build 26100.ge_release240331-1435 6:30 AM 10/8/2026
[keys] '^a'
[shot] tds-011-g-on-screen-party-sub-accept (1024x768)
[06:30:10] [tds] screen tds-011-g-on-screen-party-sub-accept : EDU {I' Prime K: Company Y: Data Find details entered in masters and transactions. Z: Exchange (Alt+F) O: Import Create New Party E: Export M: Share p: print Fl: Help • Details 1) Unity Quit Buyer (Bill to) Mailing Name Address State Country GST Registration type GSTIN/UIN Place of Supply Accept Q Search FinCom Spike Co Party Details Dem late Pa List of Ledger Accounts Spike Party Spike Party 2 Template Party Ul Party x L: Fetch Details Using GSTIN/UIN ng for 050bU to ru 175- 756-3 acepa 8c85- 5756- acep 37.0' 3790- ening '35cOf ng jo id" : " ' , "orc C85—b Configure Mode Windows Server 2025 D...
[shot] tds-012-g-on-screen-party-sub2 (1024x768)
[06:30:11] [tds] screen tds-012-g-on-screen-party-sub2 : EDU {I' Prime K: Company Y: Data Find details entered in masters and transactions. Z: Exchange (Alt+F) O: Import Create New Party E: Export M: Share p: print Fl: Help • Details 1) Unity Quit Buyer (Bill to) Mailing Name Address State Country GST Registration type GSTIN/UIN Place of Supply Accept Q Search FinCom Spike Co Party Details Tem late Pa List of Ledger Accounts Spike Party Spike Party 2 Template Party Ul Party x L: Fetch Details Using GSTIN/UIN ng for 050bU to ru 175- 756-3 acepa 8c85- 5756- acep 37.0' 3790- ening '35cOf ng jo id" : " ' , "orc C85—b Configure Mode Windows Server 2025 D...
[keys] '^a'
[shot] tds-013-g-on-screen-party-sub-accept (1024x768)
[06:30:14] [tds] screen tds-013-g-on-screen-party-sub-accept : a Find details entered in masters and transactions. (Alt+F) EDU {I' Prime K: Company Y: Data • Accounting Voucher Creati Sales Party Alc name: Template Party Current balance: 922.00 Dr Sales ledger: Current balance: Name of Item Narration: 1) Unity Quit Z: Exchange A Accept Q Search M: Share inCom Spike O: Import E: Export List of Ledger Accounts Sales p: print x Create Show More Fl: Help Date Company F4: Contra Payment Receipt Journal Purchase Vouctgs E: Autofill Change Mode More Details o: Related Reports Optional post -Dated Unused Vch No. ng for 050bU to ru 175- 756-3 acepa 8c85- 5756- ace...
[shot] tds-014-g-on-screen-party-sub3 (1024x768)
[06:30:15] [tds] screen tds-014-g-on-screen-party-sub3 : a Find details entered in masters and transactions. (Alt+F) EDU {I' Prime K: Company Y: Data • Accounting Voucher Creati Sales Party Alc name: Template Party Current balance: 922.00 Dr Sales ledger: Current balance: Name of Item Narration: 1) Unity Quit Z: Exchange A Accept Q Search M: Share inCom Spike O: Import E: Export List of Ledger Accounts Sales p: print x Create Show More Fl: Help Date Company F4: Contra Payment Receipt Journal Purchase Vouctgs E: Autofill Change Mode More Details o: Related Reports Optional post -Dated Unused Vch No. ng for 050bU to ru 175- 756-3 acepa 8c85- 5756- ace...
[keys] 'Sales{ENTER}'
[shot] tds-015-g-on-screen-ledger (1024x768)
[06:30:18] [tds] screen tds-015-g-on-screen-ledger : EDU {I' Prime K: Company Y: Data • Accounting Voucher Creati Sales Party Alc name: Template Party Current balance: 922.00 Dr Sales ledger: Sales Current balance: 850.00 Cr Name of Item Narration: 1) Unity Quit Find details entered in masters and transactions. Z: Exchange inCom Spike (Alt+F) O: Import Quantity E: Export Rate M: Share per p: print 2-Oct-26 Friday Amount Fl: Help Date Company F4: Contra Payment Receipt Journal Purchase Vouctgs E: Autofill Change Mode More Details o: Related Reports Optional post -Dated Unused Vch No. ng for 050bU to ru 175- 756-3 acepa 8c85- 5756- acep 37.0' 3790...
[keys] 'Item T03{ENTER}'
[shot] tds-016-g-on-screen-item (1024x768)
[06:30:22] [tds] screen tds-016-g-on-screen-item : EDU {I' Prime K: Company Y: Data • Accounting Voucher Creati Sales Party Alc name: Template Party Current balance: 922.00 Dr Sales ledger: Sales Current balance: 850.00 Cr Name of Item Item T03 Narration: 1) Unity Quit Find details entered in masters and transactions. Z: Exchange inCom Spike (Alt+F) O: Import Quantity E: Export Rate M: Share per p: print 2-Oct-26 Friday Amount Fl: Help Date Company F4: Contra Payment Receipt Journal Purchase Vouctgs E: Autofill Change Mode More Details o: Related Reports Optional post -Dated Unused Vch No. ng for 050bU to ru 175- 756-3 acepa 8c85- 5756- acep 3...
[shot] tds-017-g-on-screen-item-sub1 (1024x768)
[06:30:23] [tds] screen tds-017-g-on-screen-item-sub1 : EDU {I' Prime K: Company Y: Data • Accounting Voucher Creati Sales Party Alc name: Template Party Current balance: 922.00 Dr Sales ledger: Sales Current balance: 850.00 Cr Name of Item Item T03 Narration: 1) Unity Quit Find details entered in masters and transactions. Z: Exchange inCom Spike (Alt+F) O: Import Quantity E: Export Rate M: Share per p: print 2-Oct-26 Friday Amount Fl: Help Date Company F4: Contra Payment Receipt Journal Purchase Vouctgs E: Autofill Change Mode More Details o: Related Reports Optional post -Dated Unused Vch No. ng for 050bU to ru 175- 756-3 acepa 8c85- 5756- acep 3...
[keys] '2{ENTER}'
[shot] tds-018-g-on-screen-qty (1024x768)
[06:30:25] [tds] screen tds-018-g-on-screen-qty : EDU {I' Prime K: Company Y: Data • Accounting Voucher Creati Sales Party Alc name: Template Party Current balance: 922.00 Dr Sales ledger: Sales Current balance: 850.00 Cr Name of Item Item T03 Narration: 1) Unity Quit Find details entered in masters and transactions. Z: Exchange inCom Spike (Alt+F) O: Import Quantity 2 Nos 2 Nos E: Export Rate M: Share per p: print 2-Oct-26 Friday Amount Fl: Help Date Company F4: Contra Payment Receipt Journal Purchase Vouctgs E: Autofill Change Mode More Details o: Related Reports Optional post -Dated Unused Vch No. ng for 050bU to ru 175- 756-3 acepa 8c85- ...
[keys] '100{ENTER}'
[shot] tds-019-g-on-screen-rate (1024x768)
[06:30:28] [tds] screen tds-019-g-on-screen-rate : EDU {I' Prime K: Company Y: Data • Accounting Voucher Creati Sales Party Alc name: Template Party Current balance: 922.00 Dr Sales ledger: Sales Current balance: 850.00 Cr Name of Item Item T03 Narration: 1) Unity Quit Find details entered in masters and transactions. Z: Exchange inCom Spike (Alt+F) O: Import Quantity 2 Nos 2 Nos E: Export Rate 100.00 M: Share per Nos p: print 2-Oct-26 Friday Amount 200.00 Fl: Help Date Company F4: Contra Payment Receipt Journal Purchase Vouctgs E: Autofill Change Mode More Details o: 200.00 Related Reports Optional post -Dated Unused Vch No. ng for 050bU to r...
[keys] '{ENTER}'
[shot] tds-020-g-on-screen-amount (1024x768)
[06:30:31] [tds] screen tds-020-g-on-screen-amount : EDU {I' Prime K: Company Y: Data • Accounting Voucher Creati Sales Party Alc name: Template Party Current balance: 922.00 Dr Sales ledger: Sales Current balance: 850.00 Cr Name of Item Item T03 Narration: 1) Unity Quit Find details entered in masters and transactions. Z: Exchange inCom Spike (Alt+F) O: Import Quantity 2 Nos 2 Nos E: Export Rate 100.00 M: Share per Nos p: print 2-Oct-26 Friday Amount 200.00 Fl: Help Date Company F4: Contra Payment Receipt Journal Purchase Vouctgs E: Autofill Change Mode More Details o: 200.00 Related Reports Optional post -Dated Unused Vch No. ng for 050bU to r...
[shot] tds-021-g-on-screen-item-b-sub1 (1024x768)
[06:30:32] [tds] screen tds-021-g-on-screen-item-b-sub1 : EDU {I' Prime K: Company Y: Data • Accounting Voucher Creati Sales Party Alc name: Template Party Current balance: 922.00 Dr Sales ledger: Sales Current balance: 850.00 Cr Name of Item Item T03 Narration: 1) Unity Quit Find details entered in masters and transactions. Z: Exchange inCom Spike (Alt+F) O: Import Quantity 2 Nos 2 Nos E: Export Rate 100.00 M: Share per Nos p: print 2-Oct-26 Friday Amount 200.00 Fl: Help Date Company F4: Contra Payment Receipt Journal Purchase Vouctgs E: Autofill Change Mode More Details o: 200.00 Related Reports Optional post -Dated Unused Vch No. ng for 050bU to r...
[keys] '{ENTER}'
[shot] tds-022-g-on-screen-items-done (1024x768)
[06:30:35] [tds] screen tds-022-g-on-screen-items-done : EDU {I' Prime K: Company Y: Data • Accounting Voucher Creati Sales Party Alc name: Template Party Current balance: 922.00 Dr Sales ledger: Sales Current balance: 850.00 Cr Name of Item Item T03 b6 Narration: 1) Unity Quit Find details entered in masters and transactions. Z: Exchange inCom Spike (Alt+F) O: Import Quantity 2 Nos 2 Nos E: Export Rate 100.00 M: Share per Nos p: print 2-Oct-26 Friday Amount 200.00 Fl: Help Date Company F4: Contra Payment Receipt Journal Purchase Vouctgs 200.00 E: Autofill Change Mode More Details o: 200.00 Related Reports Optional post -Dated Unused Vch No. ng for ...
[shot] tds-023-g-on-screen-narr-q (1024x768)
[06:30:36] [tds] screen tds-023-g-on-screen-narr-q : EDU {I' Prime K: Company Y: Data • Accounting Voucher Creati Sales Party Alc name: Template Party Current balance: 922.00 Dr Sales ledger: Sales Current balance: 850.00 Cr Name of Item Item T03 b6 Narration: 1) Unity Quit Find details entered in masters and transactions. Z: Exchange inCom Spike (Alt+F) O: Import Quantity 2 Nos 2 Nos E: Export Rate 100.00 M: Share per Nos p: print 2-Oct-26 Friday Amount 200.00 Fl: Help Date Company F4: Contra Payment Receipt Journal Purchase Vouctgs 200.00 E: Autofill Change Mode More Details o: 200.00 Related Reports Optional post -Dated Unused Vch No. ng for ...
[keys] 'g screen item invoice{ENTER}'
[shot] tds-024-g-on-screen-narr (1024x768)
[06:30:39] [tds] screen tds-024-g-on-screen-narr : EDU {I' Prime K: Company Y: Data • Accounting Voucher Creati Sales Party Alc name: Template Party Current balance: 922.00 Dr Sales ledger: Sales Current balance: 850.00 Cr Name of Item Item T03 b6 cre Narration: 1) Unity Q: Quit Find details entered In masters and transactions inCom Spike Co Z: Exchange A: Accept Q Search O: Import E: Export M: Share List of Stock Items • End of List p: Delete p: print x Create Error Oops! Spelling Error Fl: Help F-2: Date F-3: Company F-4: Contra F-5: Payment F-6: Receipt F-7: Journal F-9: Purchase PIO: E: Autofill H: Change = Mode I: More - Details O: Relate...
[keys] '^a'
[shot] tds-025-g-on-screen-accept1 (1024x768)
[06:30:43] [tds] screen tds-025-g-on-screen-accept1 : a Find details entered in masters and transactions. (Alt+F) EDU {I' Prime K: Company Y: Data • Accounting Voucher Creati Sales Party Alc name: Template Party Current balance: 922.00 Dr Sales ledger: Sales Current balance: 850.00 Cr Name of Item Item T03 b6 cre Narration: 1) Z: Exchange A Accept Q Search O: Import E: Export M: Share inCom Spike Co List of Stock Items • End of List p: Delete p: print x Create Fl: Help Date Company F4: Contra Payment Receipt Journal Purchase Vouctgs E: Autofill Change Mode More Details o: Related Reports Optional post -Dated Unused Vch No. ng for 050bU to ru 175-...
[shot] tds-026-g-on-screen-after1 (1024x768)
[06:30:44] [tds] screen tds-026-g-on-screen-after1 : a Find details entered in masters and transactions. (Alt+F) EDU {I' Prime K: Company Y: Data • Accounting Voucher Creati Sales Party Alc name: Template Party Current balance: 922.00 Dr Sales ledger: Sales Current balance: 850.00 Cr Name of Item Item T03 b6 cre Narration: 1) Z: Exchange A Accept Q Search O: Import E: Export M: Share inCom Spike Co List of Stock Items • End of List p: Delete p: print x Create Fl: Help Date Company F4: Contra Payment Receipt Journal Purchase Vouctgs E: Autofill Change Mode More Details o: Related Reports Optional post -Dated Unused Vch No. ng for 050bU to ru 175-...
[keys] '^a'
[shot] tds-027-g-on-screen-accept2 (1024x768)
[06:30:49] [tds] screen tds-027-g-on-screen-accept2 : EDU {I' Prime K: Company Y: Data • Stock Item Creation (Secondary Name (alias) Under Units 1) Unity Quit Find details entered in masters and transactions. Z: Exchange (Alt+F) O: Import E: Export M: Share p: print inCom Spike Statutory Details GST applicability HSWSAC & Related Details HSN/SAC Details Source of details HSN/SAC Description GST Rate & Related Details GST Rate Details Source of details Taxability Type GST Rate p: Delete Fl: Help F2: period Company F7 primary • Not Applicable Accept Q Search • Applicable As per Company/Stock Group Not Available As per Company/Stock Group Not Availa...
[shot] tds-028-g-on-screen-after2 (1024x768)
[06:30:50] [tds] screen tds-028-g-on-screen-after2 : EDU {I' Prime K: Company Y: Data • Stock Item Creation (Secondary Name (alias) Under Units 1) Unity Quit Find details entered in masters and transactions. Z: Exchange (Alt+F) O: Import E: Export M: Share p: print inCom Spike Statutory Details GST applicability HSWSAC & Related Details HSN/SAC Details Source of details HSN/SAC Description GST Rate & Related Details GST Rate Details Source of details Taxability Type GST Rate p: Delete Fl: Help F2: period Company F7 primary • Not Applicable Accept Q Search • Applicable As per Company/Stock Group Not Available As per Company/Stock Group Not Availa...
[keys] '^a'
[shot] tds-029-g-on-screen-accept3 (1024x768)
[06:30:54] [tds] screen tds-029-g-on-screen-accept3 : EDU {I' Prime K: Company Y: Data • Stock Item Creation (Secondary Name (alias) Under Units 1) Unity Quit Find details entered in masters and transactions. Z: Exchange (Alt+F) O: Import E: Export M: Share p: print inCom Spike Statutory Details GST applicability HSWSAC & Related Details HSN/SAC Details Source of details HSN/SAC Description GST Rate & Related Details GST Rate Details Source of details Taxability Type GST Rate p: Delete Fl: Help F2: period Company F7 primary • Not Applicable Accept Q Search • Applicable As per Company/Stock Group Not Available As per Company/Stock Group Not Availa...
[shot] tds-030-g-on-screen-after3 (1024x768)
[06:30:55] [tds] screen tds-030-g-on-screen-after3 : EDU {I' Prime K: Company Y: Data • Stock Item Creation (Secondary Name (alias) Under Units 1) Unity Quit Find details entered in masters and transactions. Z: Exchange (Alt+F) O: Import E: Export M: Share p: print inCom Spike Statutory Details GST applicability HSWSAC & Related Details HSN/SAC Details Source of details HSN/SAC Description GST Rate & Related Details GST Rate Details Source of details Taxability Type GST Rate p: Delete Fl: Help F2: period Company F7 primary • Not Applicable Accept Q Search • Applicable As per Company/Stock Group Not Available As per Company/Stock Group Not Availa...
[shot] tds-031-gw0 (1024x768)
[06:30:56] [tds] screen tds-031-gw0 : EDU {I' Prime K: Company Y: Data • Stock Item Creation (Secondary Name (alias) Under Units 1) Unity Quit Find details entered in masters and transactions. Z: Exchange (Alt+F) O: Import E: Export M: Share p: print inCom Spike Statutory Details GST applicability HSWSAC & Related Details HSN/SAC Details Source of details HSN/SAC Description GST Rate & Related Details GST Rate Details Source of details Taxability Type GST Rate p: Delete Fl: Help F2: period Company F7 primary • Not Applicable Accept Q Search • Applicable As per Company/Stock Group Not Available As per Company/Stock Group Not Availa...
[keys] '{ESC}'
[shot] tds-032-gw1 (1024x768)
[06:31:00] [tds] screen tds-032-gw1 : EDU {I' Prime K: Company Y: Data • Stock Item Creation (Secondary Name (alias) Under Units 1) Unity Q: Quit Find details entered In masters and transactions Z: Exchange O: Import E: Export M: Share p: print inCom Spike Statutory Details GST applicability HSWSAC & Related Details HSN/SAC Details Source of details HSN/SAC Description GST Rate & Related Details GST Rate Details Source of details Taxability Type GST Rate p: Delete Fl: Help F2: period F3: Company F7 primary • Not Applicable A: Accept Q Search • Applicable As per Company/Stock Group Not Available As per Company/Stock Group Not Avail...
[keys] 'y'
[shot] tds-033-gw2 (1024x768)
[06:31:03] [tds] screen tds-033-gw2 : a Find details entered in masters and transactions. (Alt+F) EDU {I' Prime K: Company Y: Data • Accounting Voucher Creati Sales Party Alc name: Template Party Current balance: 922.00 Dr Sales ledger: Sales Current balance: 850.00 Cr Name of Item Item T03 b6 Narration: 1) Z: Exchange A Accept Q Search O: Import E: Export M: Share inCom Spike Co List of Stock Items End of List Item TOI Item T02 Item T03 Item T04 Item T05 Item T06 Item T07 Item T08 Item T09 Item TIO Item Til Item T12 Item T13 Item T14 Item T15 Item T16 Item T17 Item T18 Item T19 p: Delete p: print x Create 99,998 Nos 99,998 Nos 10...
[keys] '{ESC}'
[shot] tds-034-gw3 (1024x768)
[06:31:06] [tds] screen tds-034-gw3 : Find details entered In masters and transactions EDU {I' Prime K: Company Y: Data • Accounting Voucher Creati Sales Party Alc name: Template Party Current balance: 922.00 Dr Sales ledger: Sales Current balance: 850.00 Cr Name of Item Item T03 b6 Narration: 1) Unity Q: Quit Z: Exchange A: Accept Q Search inCom Spike O: Import Quantity 2 Nos 2 Nos E: Export Rate 100.00 M: Share per Nos p: print 2-Oct-26 Friday Amount 200.00 Fl: Help F-2: Date F-3: Company F-4: Contra F-5: Payment F-6: Receipt F-7: Journal F-9: Purchase PIO: 200.00 E: Autofill H: Change = Mode I: More - Details Quit o Yes or No D...
[keys] 'y'
[shot] tds-035-gw4 (1024x768)
[06:31:10] [tds] screen tds-035-gw4 : EDU {I' Prime K: Company Y: Data • Gatewayof Tally Find details entered in masters and transactions. Z: Exchange CURRENT OATE Friday, 2-Oct-2026 OATE OF LAST ENTRY (Alt+F) O: Import E: Export M: Share p: print Fl: Help Date ng for 050bU CURRENT PERIOD I-Apr-26 to 31-Mar-27 NAME OF COMPANY FinCom Spike Co (Schedule Backup) Q Search 2-OctQ6 Gateway of Tally MASTERS Create Alter CHart of Accounts TRANSACTIONS Vouchers Day 800K UTILITIES BaNking REPORTS Balance Sheet Profit & Loss A/c Stock Summary Ratio Analysis Display More Reports DashbOard Quit 1) Unity Company to ru 175- 756-3 acepa 8c85- 575...
[06:31:10.114] GST on xml-item: MasterID 2, Sales 1 of 20261002
[06:31:10.115] GST on xml-acct: MasterID 3, Sales 2 of 20261002
[06:31:10.115] GST on xml-acct-irn: MasterID 4, Sales 3 of 20261002
[06:31:10.118] HARNESS: GST on screen-item: not made
[06:31:13.130] tally.ini: Data D:\a\_temp\fast234g\on; TDL: none
[keys] 'a'
[keys] 't'
[shot] p-g-on-xml-item-object-started (1024x768)
[06:31:42.616] Tally started (g-on-xml-item-object) in 29.5 s; company open: True
[06:31:42.663] G on xml-item (XML Sales 1, MasterID 2) object: ANSWERED, 36.4 ms, 123239 chars, the entry in it; Tally answers after it: True; a fresh start answers: True 
[06:31:45.669] tally.ini: Data D:\a\_temp\fast234g\on; TDL: none
[keys] 'a'
[keys] 't'
[shot] p-g-on-xml-item-bynumber-started (1024x768)
[06:32:15.178] Tally started (g-on-xml-item-bynumber) in 29.5 s; company open: True
[06:32:15.224] G on xml-item (XML Sales 1, MasterID 2) bynumber: ANSWERED, 40.8 ms, 17304 chars, the entry in it; Tally answers after it: True; a fresh start answers: True 
[06:32:18.230] tally.ini: Data D:\a\_temp\fast234g\on; TDL: none
[keys] 'a'
[keys] 't'
[shot] p-g-on-xml-acct-object-started (1024x768)
[06:32:47.718] Tally started (g-on-xml-acct-object) in 29.5 s; company open: True
[06:32:47.753] G on xml-acct (XML Sales 2, MasterID 3) object: ANSWERED, 29.2 ms, 55896 chars, the entry in it; Tally answers after it: True; a fresh start answers: True 
[06:32:50.758] tally.ini: Data D:\a\_temp\fast234g\on; TDL: none
[keys] 'a'
[keys] 't'
[shot] p-g-on-xml-acct-bynumber-started (1024x768)
[06:33:20.261] Tally started (g-on-xml-acct-bynumber) in 29.5 s; company open: True
[06:33:20.298] G on xml-acct (XML Sales 2, MasterID 3) bynumber: ANSWERED, 31.2 ms, 6313 chars, the entry in it; Tally answers after it: True; a fresh start answers: True 
[06:33:23.304] tally.ini: Data D:\a\_temp\fast234g\on; TDL: none
[keys] 'a'
[keys] 't'
[shot] p-g-on-xml-acct-irn-object-started (1024x768)
[06:33:52.802] Tally started (g-on-xml-acct-irn-object) in 29.5 s; company open: True
[06:33:52.845] G on xml-acct-irn (XML, then IRN by an XML alteration Sales 3, MasterID 4) object: ANSWERED, 35.3 ms, 55900 chars, the entry in it; Tally answers after it: True; a fresh start answers: True 
[06:33:55.851] tally.ini: Data D:\a\_temp\fast234g\on; TDL: none
[keys] 'a'
[keys] 't'
[shot] p-g-on-xml-acct-irn-bynumber-started (1024x768)
[06:34:25.396] Tally started (g-on-xml-acct-irn-bynumber) in 29.5 s; company open: True
[06:34:25.436] G on xml-acct-irn (XML, then IRN by an XML alteration Sales 3, MasterID 4) bynumber: ANSWERED, 35.6 ms, 6317 chars, the entry in it; Tally answers after it: True; a fresh start answers: True 
[06:34:28.444] tally.ini: Data D:\a\_temp\fast234g\on; TDL: none
[keys] 'a'
[keys] 't'
[shot] p-g-on-xml-acct-helper-collection-started (1024x768)
[06:34:57.983] Tally started (g-on-xml-acct-helper-collection) in 29.5 s; company open: True
[06:34:58.019] G on xml-acct (XML Sales 2, MasterID 3) helper-collection: ANSWERED, 31.3 ms, 3973 chars, the entry in it; Tally answers after it: True; a fresh start answers: True 
[06:35:01.249] tally.ini: Data D:\a\_temp\fast234g\on; TDL: none
[keys] 'a'
[keys] 't'
[shot] p-g-on-xml-acct-irn-helper-collection-started (1024x768)
[06:35:30.747] Tally started (g-on-xml-acct-irn-helper-collection) in 29.5 s; company open: True
[06:35:30.794] G on xml-acct-irn (XML, then IRN by an XML alteration Sales 3, MasterID 4) helper-collection: ANSWERED, 39.9 ms, 3973 chars, the entry in it; Tally answers after it: True; a fresh start answers: True 
[06:35:33.816] ---- fast234g: GST off (D:\a\_temp\fast234g\off)
[06:35:36.820] tally.ini: Data D:\a\_temp\fast234g\off; TDL: none
[keys] 'a'
[keys] 't'
[shot] p-g-off-setup-started (1024x768)
[06:36:06.328] Tally started (g-off-setup) in 29.5 s; company open: True
[06:36:06.348] import company GST off: 1 sent, created 0, errors 0, 15.9 ms
[06:36:06.351] GST off: ISGSTON before 'Yes', after the alteration 'No'
[06:36:06.650] import light masters: 60 sent, created 59, errors 0, 295.8 ms
[06:36:06.705] import xml item invoice: 1 sent, created 1, errors 0, 52.1 ms
[06:36:06.729] import xml accounting sales: 1 sent, created 1, errors 0, 22.1 ms
[06:36:06.752] import xml accounting sales (IRN to come): 1 sent, created 1, errors 0, 21.6 ms
[06:36:06.807] import IRN and e-way bill written back (alter): 1 sent, created 1, errors 0, 26.9 ms
[shot] tds-036-gw0 (1024x768)
[06:36:07] [tds] screen tds-036-gw0 : EDU {I' Prime K: Company Y: Data • Gatewayof Tally Find details entered in masters and transactions. Z: Exchange CURRENT OATE Wednesday, I-Apr-2026 OATE OF LAST ENTRY (Alt+F) O: Import E: Export M: Share p: print Fl: Help Date ng for 050bU CURRENT PERIOD I-Apr-26 to 31-Mar-27 NAME OF COMPANY FinCom Spike Co (Schedule Backup) Q Search upr-26 Gateway of Tally MASTERS Create Alter CHart of Accounts TRANSACTIONS Vouchers Day 800K UTILITIES BaNking REPORTS Balance Sheet Profit & Loss A/c Stock Summary Ratio Analysis Display More Reports DashbOard Quit 1) Unity Company to ru 175- 756-3 acepa 8c85- 5...
[shot] tds-037-g-off-screen-start (1024x768)
[06:36:08] [tds] screen tds-037-g-off-screen-start : EDU {I' Prime K: Company Y: Data • Gatewayof Tally Find details entered in masters and transactions. Z: Exchange CURRENT OATE Wednesday, I-Apr-2026 OATE OF LAST ENTRY (Alt+F) O: Import E: Export M: Share p: print Fl: Help Date ng for 050bU CURRENT PERIOD I-Apr-26 to 31-Mar-27 NAME OF COMPANY FinCom Spike Co (Schedule Backup) Q Search upr-26 Gateway of Tally MASTERS Create Alter CHart of Accounts TRANSACTIONS Vouchers Day 800K UTILITIES BaNking REPORTS Balance Sheet Profit & Loss A/c Stock Summary Ratio Analysis Display More Reports DashbOard Quit 1) Unity Company to ru 175- 756-3 acepa 8c85- 5...
[keys] 'v'
[shot] tds-038-g-off-screen-vouchers (1024x768)
[06:36:12] [tds] screen tds-038-g-off-screen-vouchers : EDU {I' Prime K: Company Y: Data • Accounting Voucher Creati Pa ment No. 1 Account Cument balance: Particulars Narration: 1) Unity Quit Find details entered in masters and transactions. Z: Exchange inCom Spike (Alt+F) O: Import E: Export M: Share p: print upr-26 Wednesday Amount Fl: Help Date Company F4: Contra F-5: Payment Receipt Journal Sales Purchase Vouctgs E: Autofill Change Mode More Details O: Related ¯ Repons Optional post -Dated Unused Vch No. ng for 050bU to ru 175- 756-3 acepa 8c85- 5756- acep 37.0' 3790- ening '35cOf ng jo id" : " ' , "orc C85—b A Accept Q Search D: Delete x: Canc...
[keys] '{F8}'
[shot] tds-039-g-off-screen-type (1024x768)
[06:36:16] [tds] screen tds-039-g-off-screen-type : a Find details entered in masters and transactions. (Alt+F) EDU {I' Prime K: Company Y: Data • Accounting Voucher Creati Sales Party Alc name Current balance: Sales ledger: Current balance: Name of Item Narration: 1) Unity Quit Z: Exchange A Accept Q Search M: Share inCom Spike O: Import E: Export List of Ledger Accounts Cash HDFC Bank Spike Party Spike Party 2 Template Party Ul Party p: print x Create Fl: Help Date Company F4: Contra Payment Receipt Journal Purchase Vouctgs E: Autofill Change Mode More Details o: Related Reports Optional post -Dated Unused Vch No. ng for 050bU to ru 175- 756-...
[keys] '^h'
[shot] tds-040-g-off-screen-mode (1024x768)
[06:36:19] [tds] screen tds-040-g-off-screen-mode : EDU {I' Prime • Change Mode 1) Unity Quit K: Company Y: Data Find details entered in masters and transactions. Z: Exchange inCom Spike Change Voucher Mode Item Invoice List of Modes/Usages Item Invoice Accounting Invoice As Voucher A Accept Q Search (Alt+F) O: Import E: Export M: Share p: print Fl: Help ng for 050bU to ru 175- 756-3 acepa 8c85- 5756- acep 37.0' 3790- ening '35cOf ng jo id" : " ' , "orc C85—b Mode Windows Server 2025 Datacenter Build 26100.ge_release240331-1435 6:36 AM 10/8/2026
[keys] 'Item Invoice{ENTER}'
[shot] tds-041-g-off-screen-item-mode (1024x768)
[06:36:23] [tds] screen tds-041-g-off-screen-item-mode : a Find details entered in masters and transactions. (Alt+F) EDU {I' Prime K: Company Y: Data • Accounting Voucher Creati Sales Party Alc name Current balance: Sales ledger: Current balance: Name of Item Narration: 1) Unity Quit Z: Exchange A Accept Q Search M: Share inCom Spike O: Import E: Export List of Ledger Accounts Cash HDFC Bank Spike Party Spike Party 2 Template Party Ul Party p: print x Create Fl: Help Date Company F4: Contra Payment Receipt Journal Purchase Vouctgs E: Autofill Change Mode More Details o: Related Reports Optional post -Dated Unused Vch No. ng for 050bU to ru 175- 756-...
[keys] '{F2}'
[shot] tds-042-g-off-screen-date-box (1024x768)
[06:36:25] [tds] screen tds-042-g-off-screen-date-box : Find details entered in masters and transactions. EDU {I' Prime K: Company Y: Data • Change Voucher Date 1) Unity Quit (Alt+F) O: Import Z: Exchange A Accept Q Search E: Export M: Share p: print Fl: Help FinCom Spike Co Voucher Date 24-2026 ng for 050bU to ru 175- 756-3 acepa 8c85- 5756- acep 37.0' 3790- ening '35cOf ng jo id" : " ' , "orc C85—b Mode Windows Server 2025 Datacenter Build 26100.ge_release240331-1435 6:36 AM 10/8/2026
[keys] '2-10-2026{ENTER}'
[shot] tds-043-g-off-screen-date (1024x768)
[06:36:29] [tds] screen tds-043-g-off-screen-date : a Find details entered in masters and transactions. (Alt+F) EDU {I' Prime K: Company Y: Data • Accounting Voucher Creati Sales Party Alc name Current balance: Sales ledger: Current balance: Name of Item Narration: 1) Unity Quit Z: Exchange A Accept Q Search M: Share inCom Spike O: Import E: Export List of Ledger Accounts Cash HDFC Bank Spike Party Spike Party 2 Template Party Ul Party p: print x Create Fl: Help Date Company F4: Contra Payment Receipt Journal Purchase Vouctgs E: Autofill Change Mode More Details o: Related Reports Optional post -Dated Unused Vch No. ng for 050bU to ru 175- 756-...
[keys] 'Template Party{ENTER}'
[shot] tds-044-g-off-screen-party (1024x768)
[06:36:33] [tds] screen tds-044-g-off-screen-party : EDU {I' Prime K: Company Y: Data Find details entered in masters and transactions. Z: Exchange FinCom Spike Co Dispatch Details Dispatch Doc No. Dispatched through Destination Carrier Name/Agent Bill of No. Motor Vehicle No. Accept Q Search (Alt+F) O: Import E: Export M: Share p: print Fl: Help x • Details Delivery Note No(s) 1) Unity Quit Date: ng for 050bU to ru 175- 756-3 acepa 8c85- 5756- acep 37.0' 3790- ening '35cOf ng jo id" : " ' , "orc C85—b Mode Windows Server 2025 Datacenter Build 26100.ge_release240331-1435 6:36 AM 10/8/2026
[shot] tds-045-g-off-screen-party-sub1 (1024x768)
[06:36:33] [tds] screen tds-045-g-off-screen-party-sub1 : EDU {I' Prime K: Company Y: Data Find details entered in masters and transactions. Z: Exchange FinCom Spike Co Dispatch Details Dispatch Doc No. Dispatched through Destination Carrier Name/Agent Bill of No. Motor Vehicle No. Accept Q Search (Alt+F) O: Import E: Export M: Share p: print Fl: Help x • Details Delivery Note No(s) 1) Unity Quit Date: ng for 050bU to ru 175- 756-3 acepa 8c85- 5756- acep 37.0' 3790- ening '35cOf ng jo id" : " ' , "orc C85—b Mode Windows Server 2025 Datacenter Build 26100.ge_release240331-1435 6:36 AM 10/8/2026
[keys] '^a'
[shot] tds-046-g-off-screen-party-sub-accept (1024x768)
[06:36:37] [tds] screen tds-046-g-off-screen-party-sub-accept : EDU {I' Prime • Details 1) Unity Quit K: Company Y: Data Find details entered in masters and transactions. Z: Exchange (Alt+F) O: Import Create New Party E: Export M: Share p: print Fl: Help x Buyer (Bill to) Mailing Name Address State Country Accept Q Search FinCom Spike Co Party Details nem late Pa List of Ledger Accounts Spike Party Spike Party 2 Template Party Ul Party ng for 050bU to ru 175- 756-3 acepa 8c85- 5756- acep 37.0' 3790- ening '35cOf ng jo id" : " ' , "orc C85—b Configure Mode Windows Server 2025 Datacenter Build 26100.ge_release240331-1435 6:36 AM 10/8/2026
[shot] tds-047-g-off-screen-party-sub2 (1024x768)
[06:36:38] [tds] screen tds-047-g-off-screen-party-sub2 : EDU {I' Prime • Details 1) Unity Quit K: Company Y: Data Find details entered in masters and transactions. Z: Exchange (Alt+F) O: Import Create New Party E: Export M: Share p: print Fl: Help x Buyer (Bill to) Mailing Name Address State Country Accept Q Search FinCom Spike Co Party Details nem late Pa List of Ledger Accounts Spike Party Spike Party 2 Template Party Ul Party ng for 050bU to ru 175- 756-3 acepa 8c85- 5756- acep 37.0' 3790- ening '35cOf ng jo id" : " ' , "orc C85—b Configure Mode Windows Server 2025 Datacenter Build 26100.ge_release240331-1435 6:36 AM 10/8/2026
[keys] '^a'
[shot] tds-048-g-off-screen-party-sub-accept (1024x768)
[06:36:41] [tds] screen tds-048-g-off-screen-party-sub-accept : a Find details entered in masters and transactions. (Alt+F) EDU {I' Prime K: Company Y: Data • Accounting Voucher Creati Sales Party Alc name: Template Party Current balance: 922.00 Dr Sales ledger: Current balance: Name of Item Narration: 1) Unity Quit Z: Exchange A Accept Q Search M: Share inCom Spike O: Import E: Export List of Ledger Accounts Sales p: print x Create Show More Fl: Help Date Company F4: Contra Payment Receipt Journal Purchase Vouctgs E: Autofill Change Mode More Details o: Related Reports Optional post -Dated Unused Vch No. ng for 050bU to ru 175- 756-3 acepa 8c85- 5756- ace...
[shot] tds-049-g-off-screen-party-sub3 (1024x768)
[06:36:42] [tds] screen tds-049-g-off-screen-party-sub3 : a Find details entered in masters and transactions. (Alt+F) EDU {I' Prime K: Company Y: Data • Accounting Voucher Creati Sales Party Alc name: Template Party Current balance: 922.00 Dr Sales ledger: Current balance: Name of Item Narration: 1) Unity Quit Z: Exchange A Accept Q Search M: Share inCom Spike O: Import E: Export List of Ledger Accounts Sales p: print x Create Show More Fl: Help Date Company F4: Contra Payment Receipt Journal Purchase Vouctgs E: Autofill Change Mode More Details o: Related Reports Optional post -Dated Unused Vch No. ng for 050bU to ru 175- 756-3 acepa 8c85- 5756- ace...
[keys] 'Sales{ENTER}'
[shot] tds-050-g-off-screen-ledger (1024x768)
[06:36:45] [tds] screen tds-050-g-off-screen-ledger : EDU {I' Prime K: Company Y: Data • Accounting Voucher Creati Sales Party Alc name: Template Party Current balance: 922.00 Dr Sales ledger: Sales Current balance: 850.00 Cr Name of Item Narration: 1) Unity Quit Find details entered in masters and transactions. Z: Exchange inCom Spike (Alt+F) O: Import Quantity E: Export Rate M: Share per p: print 2-Oct-26 Friday Amount Fl: Help Date Company F4: Contra Payment Receipt Journal Purchase Vouctgs E: Autofill Change Mode More Details o: Related Reports Optional post -Dated Unused Vch No. ng for 050bU to ru 175- 756-3 acepa 8c85- 5756- acep 37.0' 3790...
[keys] 'Item T03{ENTER}'
[shot] tds-051-g-off-screen-item (1024x768)
[06:36:49] [tds] screen tds-051-g-off-screen-item : EDU {I' Prime K: Company Y: Data • Accounting Voucher Creati Sales Party Alc name: Template Party Current balance: 922.00 Dr Sales ledger: Sales Current balance: 850.00 Cr Name of Item Item T03 Narration: 1) Unity Quit Find details entered in masters and transactions. Z: Exchange inCom Spike (Alt+F) O: Import Quantity E: Export Rate M: Share per p: print 2-Oct-26 Friday Amount Fl: Help Date Company F4: Contra Payment Receipt Journal Purchase Vouctgs E: Autofill Change Mode More Details o: Related Reports Optional post -Dated Unused Vch No. ng for 050bU to ru 175- 756-3 acepa 8c85- 5756- acep 3...
[shot] tds-052-g-off-screen-item-sub1 (1024x768)
[06:36:49] [tds] screen tds-052-g-off-screen-item-sub1 : EDU {I' Prime K: Company Y: Data • Accounting Voucher Creati Sales Party Alc name: Template Party Current balance: 922.00 Dr Sales ledger: Sales Current balance: 850.00 Cr Name of Item Item T03 Narration: 1) Unity Quit Find details entered in masters and transactions. Z: Exchange inCom Spike (Alt+F) O: Import Quantity E: Export Rate M: Share per p: print 2-Oct-26 Friday Amount Fl: Help Date Company F4: Contra Payment Receipt Journal Purchase Vouctgs E: Autofill Change Mode More Details o: Related Reports Optional post -Dated Unused Vch No. ng for 050bU to ru 175- 756-3 acepa 8c85- 5756- acep 3...
[keys] '2{ENTER}'
[shot] tds-053-g-off-screen-qty (1024x768)
[06:36:52] [tds] screen tds-053-g-off-screen-qty : EDU {I' Prime K: Company Y: Data • Accounting Voucher Creati Sales Party Alc name: Template Party Current balance: 922.00 Dr Sales ledger: Sales Current balance: 850.00 Cr Name of Item Item T03 Narration: 1) Unity Quit Find details entered in masters and transactions. Z: Exchange inCom Spike (Alt+F) O: Import Quantity 2 Nos 2 Nos E: Export Rate M: Share per p: print 2-Oct-26 Friday Amount Fl: Help Date Company F4: Contra Payment Receipt Journal Purchase Vouctgs E: Autofill Change Mode More Details o: Related Reports Optional post -Dated Unused Vch No. ng for 050bU to ru 175- 756-3 acepa 8c85- ...
[keys] '100{ENTER}'
[shot] tds-054-g-off-screen-rate (1024x768)
[06:36:55] [tds] screen tds-054-g-off-screen-rate : EDU {I' Prime K: Company Y: Data • Accounting Voucher Creati Sales Party Alc name: Template Party Current balance: 922.00 Dr Sales ledger: Sales Current balance: 850.00 Cr Name of Item Item T03 Narration: 1) Unity Quit Find details entered in masters and transactions. Z: Exchange inCom Spike (Alt+F) O: Import Quantity 2 Nos 2 Nos E: Export Rate 100.00 M: Share per Nos p: print 2-Oct-26 Friday Amount 200.00 Fl: Help Date Company F4: Contra Payment Receipt Journal Purchase Vouctgs E: Autofill Change Mode More Details o: 200.00 Related Reports Optional post -Dated Unused Vch No. ng for 050bU to r...
[keys] '{ENTER}'
[shot] tds-055-g-off-screen-amount (1024x768)
[06:36:58] [tds] screen tds-055-g-off-screen-amount : EDU {I' Prime K: Company Y: Data • Accounting Voucher Creati Sales Party Alc name: Template Party Current balance: 922.00 Dr Sales ledger: Sales Current balance: 850.00 Cr Name of Item Item T03 Narration: 1) Unity Quit Find details entered in masters and transactions. Z: Exchange inCom Spike (Alt+F) O: Import Quantity 2 Nos 2 Nos E: Export Rate 100.00 M: Share per Nos p: print 2-Oct-26 Friday Amount 200.00 Fl: Help Date Company F4: Contra Payment Receipt Journal Purchase Vouctgs E: Autofill Change Mode More Details o: 200.00 Related Reports Optional post -Dated Unused Vch No. ng for 050bU to r...
[shot] tds-056-g-off-screen-item-b-sub1 (1024x768)
[06:36:59] [tds] screen tds-056-g-off-screen-item-b-sub1 : EDU {I' Prime K: Company Y: Data • Accounting Voucher Creati Sales Party Alc name: Template Party Current balance: 922.00 Dr Sales ledger: Sales Current balance: 850.00 Cr Name of Item Item T03 Narration: 1) Unity Quit Find details entered in masters and transactions. Z: Exchange inCom Spike (Alt+F) O: Import Quantity 2 Nos 2 Nos E: Export Rate 100.00 M: Share per Nos p: print 2-Oct-26 Friday Amount 200.00 Fl: Help Date Company F4: Contra Payment Receipt Journal Purchase Vouctgs E: Autofill Change Mode More Details o: 200.00 Related Reports Optional post -Dated Unused Vch No. ng for 050bU to r...
[keys] '{ENTER}'
[shot] tds-057-g-off-screen-items-done (1024x768)
[06:37:02] [tds] screen tds-057-g-off-screen-items-done : EDU {I' Prime K: Company Y: Data • Accounting Voucher Creati Sales Party Alc name: Template Party Current balance: 922.00 Dr Sales ledger: Sales Current balance: 850.00 Cr Name of Item Item T03 b6 Narration: 1) Unity Quit Find details entered in masters and transactions. Z: Exchange inCom Spike (Alt+F) O: Import Quantity 2 Nos 2 Nos E: Export Rate 100.00 M: Share per Nos p: print 2-Oct-26 Friday Amount 200.00 Fl: Help Date Company F4: Contra Payment Receipt Journal Purchase Vouctgs 200.00 E: Autofill Change Mode More Details o: 200.00 Related Reports Optional post -Dated Unused Vch No. ng for ...
[shot] tds-058-g-off-screen-narr-q (1024x768)
[06:37:03] [tds] screen tds-058-g-off-screen-narr-q : EDU {I' Prime K: Company Y: Data • Accounting Voucher Creati Sales Party Alc name: Template Party Current balance: 922.00 Dr Sales ledger: Sales Current balance: 850.00 Cr Name of Item Item T03 b6 Narration: 1) Unity Quit Find details entered in masters and transactions. Z: Exchange inCom Spike (Alt+F) O: Import Quantity 2 Nos 2 Nos E: Export Rate 100.00 M: Share per Nos p: print 2-Oct-26 Friday Amount 200.00 Fl: Help Date Company F4: Contra Payment Receipt Journal Purchase Vouctgs 200.00 E: Autofill Change Mode More Details o: 200.00 Related Reports Optional post -Dated Unused Vch No. ng for ...
[keys] 'g screen item invoice{ENTER}'
[shot] tds-059-g-off-screen-narr (1024x768)
[06:37:06] [tds] screen tds-059-g-off-screen-narr : EDU {I' Prime K: Company Y: Data • Accounting Voucher Creati Sales Party Alc name: Template Party Current balance: 922.00 Dr Sales ledger: Sales Current balance: 850.00 Cr Name of Item Item T03 b6 cre Narration: 1) Unity Q: Quit Find details entered In masters and transactions inCom Spike Co Z: Exchange A: Accept Q Search O: Import E: Export M: Share List of Stock Items • End of List p: Delete p: print x Create Error Oops! Spelling Error Fl: Help F-2: Date F-3: Company F-4: Contra F-5: Payment F-6: Receipt F-7: Journal F-9: Purchase PIO: E: Autofill H: Change = Mode I: More - Details O: Relate...
[keys] '^a'
[shot] tds-060-g-off-screen-accept1 (1024x768)
[06:37:11] [tds] screen tds-060-g-off-screen-accept1 : a Find details entered in masters and transactions. (Alt+F) EDU {I' Prime K: Company Y: Data • Accounting Voucher Creati Sales Party Alc name: Template Party Current balance: 922.00 Dr Sales ledger: Sales Current balance: 850.00 Cr Name of Item Item T03 b6 cre_ Narration: 1) Z: Exchange A Accept Q Search O: Import E: Export M: Share inCom Spike Co List of Stock Items • End of List p: Delete p: print x Create Fl: Help Date Company F4: Contra Payment Receipt Journal Purchase Vouctgs E: Autofill Change Mode More Details o: Related Reports Optional post -Dated Unused Vch No. ng for 050bU to ru 175...
[shot] tds-061-g-off-screen-after1 (1024x768)
[06:37:12] [tds] screen tds-061-g-off-screen-after1 : a Find details entered in masters and transactions. (Alt+F) EDU {I' Prime K: Company Y: Data • Accounting Voucher Creati Sales Party Alc name: Template Party Current balance: 922.00 Dr Sales ledger: Sales Current balance: 850.00 Cr Name of Item Item T03 b6 cre_ Narration: 1) Z: Exchange A Accept Q Search O: Import E: Export M: Share inCom Spike Co List of Stock Items • End of List p: Delete p: print x Create Fl: Help Date Company F4: Contra Payment Receipt Journal Purchase Vouctgs E: Autofill Change Mode More Details o: Related Reports Optional post -Dated Unused Vch No. ng for 050bU to ru 175...
[keys] '^a'
[shot] tds-062-g-off-screen-accept2 (1024x768)
[06:37:16] [tds] screen tds-062-g-off-screen-accept2 : Find details entered in masters and transactions. EDU {t, prime K: Company Y: Data • Stock Item Creation (Secondary (Alt+F) O: Import Z: Exchange • Primary Not Applicable Accept Q Search E: Export M: Share p: print Name (alias) Under Units Quit inCom Spike StatutoryDetails Rate of Duty (eg 5) p: Delete Fl: Help x F2: period Company F7 FIO: Other Masters 1) Unity More Details Configure ng for 050bU to ru 175- 756-3 acepa 8c85- 5756- acep 37.0' 3790- ening '35cOf ng jo id" : " ' , "orc C85—b Mode Windows Server 2025 Datacenter Build 26100.ge_release240331-1435 6:37 AM 10/8/2026
[shot] tds-063-g-off-screen-after2 (1024x768)
[06:37:17] [tds] screen tds-063-g-off-screen-after2 : Find details entered in masters and transactions. EDU {t, prime K: Company Y: Data • Stock Item Creation (Secondary (Alt+F) O: Import Z: Exchange • Primary Not Applicable Accept Q Search E: Export M: Share p: print Name (alias) Under Units Quit inCom Spike StatutoryDetails Rate of Duty (eg 5) p: Delete Fl: Help x F2: period Company F7 FIO: Other Masters 1) Unity More Details Configure ng for 050bU to ru 175- 756-3 acepa 8c85- 5756- acep 37.0' 3790- ening '35cOf ng jo id" : " ' , "orc C85—b Mode Windows Server 2025 Datacenter Build 26100.ge_release240331-1435 6:37 AM 10/8/2026
[keys] '^a'
[shot] tds-064-g-off-screen-accept3 (1024x768)
[06:37:21] [tds] screen tds-064-g-off-screen-accept3 : Find details entered in masters and transactions. EDU {t, prime K: Company Y: Data • Stock Item Creation (Secondary (Alt+F) O: Import Z: Exchange • Primary Not Applicable Accept Q Search E: Export M: Share p: print Name (alias) Under Units Quit inCom Spike StatutoryDetails Rate of Duty (eg 5) p: Delete Fl: Help x F2: period Company F7 FIO: Other Masters 1) Unity More Details Configure ng for 050bU to ru 175- 756-3 acepa 8c85- 5756- acep 37.0' 3790- ening '35cOf ng jo id" : " ' , "orc C85—b Mode Windows Server 2025 Datacenter Build 26100.ge_release240331-1435 6:37 AM 10/8/2026
[shot] tds-065-g-off-screen-after3 (1024x768)
[06:37:22] [tds] screen tds-065-g-off-screen-after3 : Find details entered in masters and transactions. EDU {t, prime K: Company Y: Data • Stock Item Creation (Secondary (Alt+F) O: Import Z: Exchange • Primary Not Applicable Accept Q Search E: Export M: Share p: print Name (alias) Under Units Quit inCom Spike StatutoryDetails Rate of Duty (eg 5) p: Delete Fl: Help x F2: period Company F7 FIO: Other Masters 1) Unity More Details Configure ng for 050bU to ru 175- 756-3 acepa 8c85- 5756- acep 37.0' 3790- ening '35cOf ng jo id" : " ' , "orc C85—b Mode Windows Server 2025 Datacenter Build 26100.ge_release240331-1435 6:37 AM 10/8/2026
[shot] tds-066-gw0 (1024x768)
[06:37:23] [tds] screen tds-066-gw0 : Find details entered in masters and transactions. EDU {t, prime K: Company Y: Data • Stock Item Creation (Secondary (Alt+F) O: Import Z: Exchange • Primary Not Applicable Accept Q Search E: Export M: Share p: print Name (alias) Under Units Quit inCom Spike StatutoryDetails Rate of Duty (eg 5) p: Delete Fl: Help x F2: period Company F7 FIO: Other Masters 1) Unity More Details Configure ng for 050bU to ru 175- 756-3 acepa 8c85- 5756- acep 37.0' 3790- ening '35cOf ng jo id" : " ' , "orc C85—b Mode Windows Server 2025 Datacenter Build 26100.ge_release240331-1435 6:37 AM 10/8/2026
[keys] '{ESC}'
[shot] tds-067-gw1 (1024x768)
[06:37:26] [tds] screen tds-067-gw1 : EDU {t, prime K: Company Y: Data • Stock Item Creation (Secondary Find details entered In masters and transactions Z: Exchange inCom Spike StatutoryDetails • Primary Not Applicable Rate of Duty (eg 5) O: Import E: Export Quit o M: Share p: print x Name (alias) Under Units Q: Quit Fl: Help F2: period F3: Company F7 FIO : Other Masters l: More Details Yes or No ng for 050bU to ru 175- 756-3 acepa 8c85- 5756- acep 37.0' 3790- ening '35cOf ng jo id" : " ' , "orc C85—b 1) Unity A: Accept Q Search p: Delete Fl 2: Configure Mode Windows Server 2025 Datacenter Build 26100.ge_release240331-1435 6:37 AM...
[keys] 'y'
[shot] tds-068-gw2 (1024x768)
[06:37:30] [tds] screen tds-068-gw2 : a Find details entered in masters and transactions. (Alt+F) EDU {I' Prime K: Company Y: Data • Accounting Voucher Creati Sales Party Alc name: Template Party Current balance: 922.00 Dr Sales ledger: Sales Current balance: 850.00 Cr Name of Item Item T03 b6 Narration: 1) Z: Exchange A Accept Q Search O: Import E: Export M: Share inCom Spike Co List of Stock Items End of List Item TOI Item T02 Item T03 Item T04 Item T05 Item T06 Item T07 Item T08 Item T09 Item TIO Item Til Item T12 Item T13 Item T14 Item T15 Item T16 Item T17 Item T18 Item T19 p: Delete p: print x Create 99,998 Nos 99,998 Nos 10...
[keys] '{ESC}'
[shot] tds-069-gw3 (1024x768)
[06:37:33] [tds] screen tds-069-gw3 : Find details entered In masters and transactions EDU {I' Prime K: Company Y: Data • Accounting Voucher Creati Sales Party Alc name: Template Party Current balance: 922.00 Dr Sales ledger: Sales Current balance: 850.00 Cr Name of Item Item T03 b6 Narration: 1) Unity Q: Quit Z: Exchange A: Accept Q Search inCom Spike O: Import Quantity 2 Nos 2 Nos E: Export Rate 100.00 M: Share per Nos p: print 2-Oct-26 Friday Amount 200.00 Fl: Help F-2: Date F-3: Company F-4: Contra F-5: Payment F-6: Receipt F-7: Journal F-9: Purchase PIO: 200.00 E: Autofill H: Change = Mode I: More - Details Quit o Yes or No D...
[keys] 'y'
[shot] tds-070-gw4 (1024x768)
[06:37:36] [tds] screen tds-070-gw4 : EDU {I' Prime K: Company Y: Data • Gatewayof Tally Find details entered in masters and transactions. Z: Exchange CURRENT OATE Friday, 2-Oct-2026 OATE OF LAST ENTRY (Alt+F) O: Import E: Export M: Share p: print Fl: Help Date ng for 050bU CURRENT PERIOD I-Apr-26 to 31-Mar-27 NAME OF COMPANY FinCom Spike Co (Schedule Backup) Q Search 2-OctQ6 Gateway of Tally MASTERS Create Alter CHart of Accounts TRANSACTIONS Vouchers Day 800K UTILITIES BaNking REPORTS Balance Sheet Profit & Loss A/c Stock Summary Ratio Analysis Display More Reports DashbOard Quit 1) Unity Company to ru 175- 756-3 acepa 8c85- 575...
[06:37:36.815] GST off xml-item: MasterID 2, Sales 1 of 20261002
[06:37:36.816] GST off xml-acct: MasterID 3, Sales 2 of 20261002
[06:37:36.817] GST off xml-acct-irn: MasterID 4, Sales 3 of 20261002
[06:37:36.818] HARNESS: GST off screen-item: not made
[06:37:39.823] tally.ini: Data D:\a\_temp\fast234g\off; TDL: none
[keys] 'a'
[keys] 't'
[shot] p-g-off-xml-item-object-started (1024x768)
[06:38:09.348] Tally started (g-off-xml-item-object) in 29.5 s; company open: True
[06:38:09.388] G off xml-item (XML Sales 1, MasterID 2) object: ANSWERED, 35.1 ms, 120495 chars, the entry in it; Tally answers after it: True; a fresh start answers: True 
[06:38:12.395] tally.ini: Data D:\a\_temp\fast234g\off; TDL: none
[keys] 'a'
[keys] 't'
[shot] p-g-off-xml-item-bynumber-started (1024x768)
[06:38:41.877] Tally started (g-off-xml-item-bynumber) in 29.5 s; company open: True
[06:38:41.922] G off xml-item (XML Sales 1, MasterID 2) bynumber: ANSWERED, 39.8 ms, 15514 chars, the entry in it; Tally answers after it: True; a fresh start answers: True 
[06:38:44.928] tally.ini: Data D:\a\_temp\fast234g\off; TDL: none
[keys] 'a'
[keys] 't'
[shot] p-g-off-xml-acct-object-started (1024x768)
[06:39:14.435] Tally started (g-off-xml-acct-object) in 29.5 s; company open: True
[06:39:14.462] G off xml-acct (XML Sales 2, MasterID 3) object: ANSWERED, 22.7 ms, 54165 chars, the entry in it; Tally answers after it: True; a fresh start answers: True 
[06:39:17.468] tally.ini: Data D:\a\_temp\fast234g\off; TDL: none
[keys] 'a'
[keys] 't'
[shot] p-g-off-xml-acct-bynumber-started (1024x768)
[06:39:46.968] Tally started (g-off-xml-acct-bynumber) in 29.5 s; company open: True
[06:39:47.009] G off xml-acct (XML Sales 2, MasterID 3) bynumber: ANSWERED, 36.8 ms, 5222 chars, the entry in it; Tally answers after it: True; a fresh start answers: True 
[06:39:50.015] tally.ini: Data D:\a\_temp\fast234g\off; TDL: none
[keys] 'a'
[keys] 't'
[shot] p-g-off-xml-acct-irn-object-started (1024x768)
[06:40:19.494] Tally started (g-off-xml-acct-irn-object) in 29.5 s; company open: True
[06:40:19.523] G off xml-acct-irn (XML, then IRN by an XML alteration Sales 3, MasterID 4) object: ANSWERED, 24.8 ms, 54169 chars, the entry in it; Tally answers after it: True; a fresh start answers: True 
[06:40:22.530] tally.ini: Data D:\a\_temp\fast234g\off; TDL: none
[keys] 'a'
[keys] 't'
[shot] p-g-off-xml-acct-irn-bynumber-started (1024x768)
[06:40:52.045] Tally started (g-off-xml-acct-irn-bynumber) in 29.5 s; company open: True
[06:40:52.087] G off xml-acct-irn (XML, then IRN by an XML alteration Sales 3, MasterID 4) bynumber: ANSWERED, 37.4 ms, 5226 chars, the entry in it; Tally answers after it: True; a fresh start answers: True 
[06:40:55.094] tally.ini: Data D:\a\_temp\fast234g\off; TDL: none
[keys] 'a'
[keys] 't'
[shot] p-g-off-xml-acct-helper-collection-started (1024x768)
[06:41:24.578] Tally started (g-off-xml-acct-helper-collection) in 29.5 s; company open: True
[06:41:24.612] G off xml-acct (XML Sales 2, MasterID 3) helper-collection: ANSWERED, 30.5 ms, 3973 chars, the entry in it; Tally answers after it: True; a fresh start answers: True 
[06:41:27.617] tally.ini: Data D:\a\_temp\fast234g\off; TDL: none
[keys] 'a'
[keys] 't'
[shot] p-g-off-xml-acct-irn-helper-collection-started (1024x768)
[06:41:57.134] Tally started (g-off-xml-acct-irn-helper-collection) in 29.5 s; company open: True
[06:41:57.170] G off xml-acct-irn (XML, then IRN by an XML alteration Sales 3, MasterID 4) helper-collection: ANSWERED, 30.9 ms, 3973 chars, the entry in it; Tally answers after it: True; a fresh start answers: True 
[06:42:03.177] done (fast234 fast234g)
