[23:55:00] ---- c1 install and open the company (TallyPrime 6.2)
  INFO installed: C:\Program Files\TallyPrime\tally.exe; tally.exe 17026752 bytes, 2026-10-09, FileVersion 1.1.6.2, ProductVersion 1.1.6.2, ProductName TallyPrime
  INFO company folder made by flow.ps1: D:\a\_temp\TallyData\100000
[keys] 'a' -> Tally 'TallyPrime:9000'
[keys] 't' -> Tally 'TallyPrime:9000'
[shot] v-00-started (1024x768)
[companies] 7 ms: <ENVELOPE><HEADER><VERSION>1</VERSION><STATUS>1</STATUS></HEADER><BODY><DESC><CMPINFO><COMPANY>0</COMPANY><GROUP>0</GROUP><LEDGER>0</LEDGER><COSTCATEGORY>0</COSTCATEGORY><COSTCENTRE>0</COSTCENTRE><GODOWN>0</GODOWN><STOCKGROUP>0</STOCKGROUP><STOCKCATEGORY>0</STOCKCATEGORY><STOCKITEM>0</STOCKITEM><VOUCHERTYPE>0</VOUCHERTYPE><CURRENCY>0</CURRENCY><UNIT>0</UNIT><BUDGET>0</BUDGET><CLIENTRULE>0</CLIENTRULE><SERVERRULE>0</SERVERRULE><STATE>0</STATE><TDSRATE>0</TDSRATE><TAXCLASSIFICATION>0</TAXCLASSIFICATION><STCATEGORY>0</STCATEGORY><DEDUCTEETYPE>0</DEDUCTEETYPE><ATTENDANCETYPE>0</ATTENDANCETYPE><FBT...
[header] 6 ms: <ENVELOPE><HEADER><VERSION>1</VERSION><STATUS>1</STATUS><PRODMAJORVER>1</PRODMAJORVER><PRODMINORVER>1</PRODMINORVER><PRODMAJORREL>6</PRODMAJORREL><PRODMINORREL>2</PRODMINORREL><PRODTYPE>5</PRODTYPE></HEADER><BODY><DESC><CMPINFO><COMPANY>0</COMPANY><GROUP>0</GROUP><LEDGER>0</LEDGER><COSTCATEGORY>0</COSTCATEGORY><COSTCENTRE>0</COSTCENTRE><GODOWN>0</GODOWN><STOCKGROUP>0</STOCKGROUP><STOCKCATEGORY>0</STOCKCATEGORY><STOCKITEM>0</STOCKITEM><VOUCHERTYPE>0</VOUCHERTYPE><CURRENCY>0</CURRENCY><UNIT>0</UNIT><BUDGET>0</BUDGET><CLIENTRULE>0</CLIENTRULE><SERVERRULE>0</SERVERRULE><STATE>0</STATE><TDSRATE>0</...
  INFO Tally's own release in its answer header: PRODMAJORREL 6 PRODMINORREL 2 (PRODMAJORVER 1 PRODMINORVER 1 PRODTYPE 5)
######## PASS c1 install and open the company: installed tally.exe 17026752 bytes, 2026-10-09, FileVersion 1.1.6.2, ProductVersion 1.1.6.2, ProductName TallyPrime; company folder 100000 loaded at start: True; window 'TallyPrime:9000'
######## PASS c2 port and company list: port 9000 answered 10.1 s after start, GET 18 ms ('<RESPONSE>TallyPrime Server is Running</RESPONSE>'); company list 7 ms, 'FinCom Spike Co' in it: True
[23:55:33] ---- the stub cloud and the bridge
[ledger Spike Income] 13 ms: <RESPONSE><CREATED>1</CREATED><ALTERED>0</ALTERED><DELETED>0</DELETED><LASTVCHID>0</LASTVCHID><LASTMID>0</LASTMID><COMBINED>0</COMBINED><IGNORED>0</IGNORED><ERRORS>0</ERRORS><CANCELLED>0</CANCELLED><EXCEPTIONS>0</EXCEPTIONS></RESPONSE>
[renum journal] 29 ms: <RESPONSE><CREATED>1</CREATED><ALTERED>0</ALTERED><DELETED>0</DELETED><LASTVCHID>2</LASTVCHID><LASTMID>0</LASTMID><COMBINED>0</COMBINED><IGNORED>0</IGNORED><ERRORS>0</ERRORS><CANCELLED>0</CANCELLED><EXCEPTIONS>0</EXCEPTIONS></RESPONSE>
[bankb ledger Share Bank] 12 ms: <RESPONSE><CREATED>1</CREATED><ALTERED>0</ALTERED><DELETED>0</DELETED><LASTVCHID>0</LASTVCHID><LASTMID>0</LASTMID><COMBINED>0</COMBINED><IGNORED>0</IGNORED><ERRORS>0</ERRORS><CANCELLED>0</CANCELLED><EXCEPTIONS>0</EXCEPTIONS></RESPONSE>
[bankb contras] 30 ms: <RESPONSE><CREATED>4</CREATED><ALTERED>0</ALTERED><DELETED>0</DELETED><LASTVCHID>6</LASTVCHID><LASTMID>0</LASTMID><COMBINED>0</COMBINED><IGNORED>0</IGNORED><ERRORS>0</ERRORS><CANCELLED>0</CANCELLED><EXCEPTIONS>0</EXCEPTIONS></RESPONSE>
  INFO bankb: four contras with bank allocations (2-10-2026, Share Bank): <CREATED>4</CREATED> <ALTERED>0</ALTERED> <DELETED>0</DELETED> <LASTVCHID>6</LASTVCHID> <LASTMID>0</LASTMID> <COMBINED>0</COMBINED> <IGNORED>0</IGNORED> <ERRORS>0</ERRORS>
  INFO setup origin: COMMITTED assets-test/bridge-go/FinComBridge-Setup-2.4.1.exe SHA-256 79e95ba3bf701ed2222b769d207f5cc885980a51f1443ded74fbd0ce7a5ae06a; bridge source: c89c58ffa929d561d1de3d7bf3ca175dbc24af22 Bridge 2.4.1 built (from the published 2.4.0, after the gate fix): setup SHA-256 79e95ba3…e06a (program f59866e0…6eab), release log row (2.4.0 superseded; the withdrawn build 8c5b8b07…75b3 recorded), notes and test sheet fingerprint and build time (10-Oct-2026 04:59 IST); 2.4.0 assets moved to bridge-go-old; not published
bridge setup ended with 0
  INFO bridge on 127.0.0.1:9100, version 2.4.1, allowImport True, readOnly '', testMode False
  bridge log: 2026-10-09 23:55:52  FinCom Bridge 2.4.1: started just for runnervmfi6oq\runneradmin (no service); it keeps the bridge and its icon running
  bridge log: 2026-10-09 23:55:52  FinCom Bridge 2.4.1 (Go) started on 127.0.0.1:9100: the only bridge on this computer; working for runnervmfi6oq\runneradmin, Windows session 2; runs just for this Windows user (starts at sign-in, no service)
  bridge log: 2026-10-09 23:55:52  Tally is open on port 9000; the bridge reads it only after an event (a client opened in FinCom, Update now, a posting, the nightly catch-up at 19:00)
  bridge log: 2026-10-09 23:55:52  Recorder: re-scan of the add-on's files for 2.4.1: 0 line(s) sent earlier without their entry found (a new entry's line with no MasterID, a GUID of another entry, or read while the body fetch was off)
  bridge log: 2026-10-09 23:55:52  Check:  - 
  bridge log: 2026-10-09 23:55:52  Nightly catch-up (19:00): Tally is open and nobody has used FinCom for 15 minutes
  bridge log: 2026-10-09 23:55:52  Nightly catch-up: waiting, Tally has just opened; letting it finish loading
  bridge log: 2026-10-09 23:55:55  Tray icon: set to show next to the clock always (Windows 11)
  bridge log: 2026-10-09 23:55:55  Trial tools switched on for this computer in FinCom: the tray shows the trial items
  bridge log: 2026-10-09 23:55:55  FinCom: this bridge is now the main bridge on this computer (set by the setup); it reads and posts
  bridge log: 2026-10-09 23:55:55  Company FinCom Spike Co: its Tally GUID 2d7b7995-6e55-4dc1-ab18-267bcdc21f60 is held from now on
  bridge log: 2026-10-09 23:55:55  Company FinCom Spike Co: its starting point is recorded: ALTVCHID=6, ALTMSTID=212 (reading is prospective only: the bridge follows what changes after this)
  bridge log: 2026-10-09 23:55:55  Company FinCom Spike Co: change numbers read with form a: ALTVCHID=6, ALTMSTID=212
  bridge log: 2026-10-09 23:55:55  Light check of FinCom Spike Co: starting point recorded (ALTVCHID=6, ALTMSTID=212)
  bridge log: 2026-10-09 23:55:55  Bank dates: FinCom Spike Co: following Tally's voucher counter from ALTVCHID=6 (a move the add-on's lines do not explain is a bank date set, or another change Tally makes without a voucher form)
  bridge log: 2026-10-09 23:55:55  Nightly check of FinCom Spike Co: not now: Tally has just opened; letting it finish loading
  INFO add-on: recorder files after start: none
[23:56:38] ---- bank: does any event fire when a bank date is set (probe), and what it costs
[23:56:39] ---- bankb: bank dates set in Bank Reconciliation reach FinCom (the bridge from the ref, stubr.py as the cloud)
  INFO bankb: the bridge's bank route started (its first light check) before the bank dates: True
  INFO bankb: Tally's contras (FinCom's copy seeded with them, as from a Day Book upload): mid 3 'bank probe C1' AlterID 3 bank date ''; mid 4 'bank probe C2' AlterID 4 bank date ''; mid 5 'bank probe C3' AlterID 5 bank date ''; mid 6 'bank probe C4' AlterID 6 bank date ''
[shot] tds-001-gw0 (1024x768)
[23:56:45] [tds] screen tds-001-gw0 : EDU Prime Gatewa of Tall CURRENT PERIOD K: Company Y: Data Q Z: Exchange CURRENT OATE Wednesday, I-Apr-2026 upr-26 Search O: Import E: Export M: Share p: print Fl: Help Date to ru tion_ 2Ud5a I-Apr-26 to 31-Mar-27 NAME OF COMPANY FinCom Spike Co Gateway of Tally MASTERS Create Alter CHart of Accounts TRANSACTIONS Vouchers Day 800K UTILITIES BaNking REPORTS Balance Sheet Profit & Loss A/c Stock Summary Ratio Analysis Display More Reports DashbOard Quit Unity Company 73-bO 2b555 '8737b 6473— cd2b5 .337. n_id " 5a-01 ening relat 6+032 ng jo ource -473 '8737b , " jobN Mode Windows Server 2025 Data...
[keys] '%g' -> Tally 'TallyPrime:9000'
[shot] tds-002-B1-brs-goto (1024x768)
[23:56:54] [tds] screen tds-002-B1-brs-goto : EDU Prime Unity Quit K: Company Y: Data Z: Exchange O: Import E: Export M: Share p: print Fl: Help x List of Re Its Saved Views Bills Payable - GST Bills Payable - GST - Sundry Creditors Bills Payable - GST - Sundry Debtors Bills Receivable - GST Bills Receivable - GST - Sundry Creditors Bills Receivable - GST - Sundry Debtors Purchase Dashboard Sales Dashboard IMS Inward Supplies - Filed Invoices Ledger Vouchers - GST Details Outstanding MSME Bills Common Reports Dashboard Balance Sheet Profit & Loss A/c Cash/Bank Book Day Book Ledger Vouchers Ledger Vouchers - GST Stock Summary Trial Balance...
[keys] 'Bank Reconciliation' -> Tally 'TallyPrime:9000'
[shot] tds-003-B1-brs-typed (1024x768)
[23:56:58] [tds] screen tds-003-B1-brs-typed : EDU Prime K: Company Y: Data Z: Exchange FinCom Spike Co Bank Reconciliation Search O: Import E: Export M: Share p: print Fl: Help List of Re Its Create Voucher Create Master Alter Master Expand All Show More Banking Utilities Bank Reconciliation Unity Quit to ru tion_ 2Ud5a 73-bO 2b555 '8737b 6473— cd2b5 .337. n_id " 5a-01 ening relat 6+032 ng jo ource -473 '8737b , " jobN Mode Q Windows Server 2025 Datacenter Build 26100.ge_release240331-1435 11:56 PM 10/9/2026
[keys] '{ENTER}' -> Tally 'TallyPrime:9000'
[shot] tds-004-B1-brs-select (1024x768)
[23:57:03] [tds] screen tds-004-B1-brs-select : EDU Prime Acti v ities K: Company Y: Data Z: Exchange Search O: Import FinCom • ke Co E: Export M: Share P: Print as at 2-0ct-26 Bank Reconciliation From I-A -26 Particulars Share Bank Available Available Fl: Help period Company Bank Ledger Amount View FIO Basis of B: Values Change — View J: Exception = Reports L: Save View F: Apply Filter Filter — Details Opening BRS Total Only in Books OnlyinBank 4 4 Grand Unity Quit Space: U: Restore Line Fl 2: Configure to ru tion_ 2Ud5a 73-bO 2b555 '8737b 6473— cd2b5 .337. n_id " 5a-01 ening relat 6+032 ng jo ource -473 '8737b , " jobN Mode Q Windows Serv...
[keys] 'Share Bank{ENTER}' -> Tally 'TallyPrime:9000'
[shot] tds-005-B1-brs-bank (1024x768)
[23:57:08] [tds] screen tds-005-B1-brs-bank : EDU Prime K: Company Y: Data Bank Reconciliation Z: Exchange O: Import FinCom • ke Co Ledger Share Bank E: Export M: Share P: Print as at 2-0ct-26 Particulars Balance as per Company Books Unreconciled Transactions from I-Apr-26 till date Available Only in Books Add: Withdrawals Less: Deposits Expected Bank Balance Unity Quit Count 4 4 Balance 410.00 (-)410.00 410.00 Fl: Help period Company F4: Bank Ledger F5: View Reconciled FIO B: Basis of Values Change View J: Exception Reports L: Save View R: Manual Recon Fl 2: Configure to ru tion_ 2Ud5a 73-bO 2b555 '8737b 6473— cd2b5 .337. n_id " 5a-01 en...
[shot] tds-006-B1-brs-screen (1024x768)
[23:57:08] [tds] screen tds-006-B1-brs-screen : EDU Prime K: Company Y: Data Bank Reconciliation Z: Exchange O: Import FinCom • ke Co Ledger Share Bank E: Export M: Share P: Print as at 2-0ct-26 Particulars Balance as per Company Books Unreconciled Transactions from I-Apr-26 till date Available Only in Books Add: Withdrawals Less: Deposits Expected Bank Balance Unity Quit Count 4 4 Balance 410.00 (-)410.00 410.00 Fl: Help period Company F4: Bank Ledger F5: View Reconciled FIO B: Basis of Values Change View J: Exception Reports L: Save View R: Manual Recon Fl 2: Configure to ru tion_ 2Ud5a 73-bO 2b555 '8737b 6473— cd2b5 .337. n_id " 5a-01 en...
[keys] '%r' -> Tally 'TallyPrime:9000'
[shot] tds-007-B1-brs-manual (1024x768)
[23:57:15] [tds] screen tds-007-B1-brs-manual : EDU Prime K: Company Y: Data Bank Reconciliation Manual Ledger Date Share Bank Particulars Z: Exchange Q Search FinCom • ke Co Instrument No. O: Import Bank Date E: Export M: Share P: Print upr-26 to 2-Oct-26 Instrument Date 2-Oct-26 2-Oct-26 2-Oct-26 2-Oct-26 Deposit 101.00 102.00 103.00 104.00 410.00 410.00 Withdrawal Available Only in Books 2-Oct-26 2-Oct-26 2-Oct-26 2-Oct-26 Cash Cash Cash Cash Fl: Help period F3: Company F4: Bank Ledger Update Bank Date FIO B: J: Basis of Values Change View Exception Reports Opening BRS Unity Balance as per Company Books Available Only in Books Reconciled...
[shot] tds-008-B1-brs-manual-screen (1024x768)
[23:57:16] [tds] screen tds-008-B1-brs-manual-screen : EDU Prime K: Company Y: Data Bank Reconciliation Manual Ledger Date Share Bank Particulars Z: Exchange Q Search FinCom • ke Co Instrument No. O: Import Bank Date E: Export M: Share P: Print upr-26 to 2-Oct-26 Instrument Date 2-Oct-26 2-Oct-26 2-Oct-26 2-Oct-26 Deposit 101.00 102.00 103.00 104.00 410.00 410.00 Withdrawal Available Only in Books 2-Oct-26 2-Oct-26 2-Oct-26 2-Oct-26 Cash Cash Cash Cash Fl: Help period F3: Company F4: Bank Ledger Update Bank Date FIO B: J: Basis of Values Change View Exception Reports Opening BRS Unity Balance as per Company Books Available Only in Books Reconciled...
[keys] '2-10-2026{ENTER}' -> Tally 'TallyPrime:9000'
[shot] tds-009-B1-brs-date (1024x768)
[23:57:20] [tds] screen tds-009-B1-brs-date : EDU Prime K: Company Y: Data Bank Reconciliation Manual Ledger Date Share Bank Particulars Z: Exchange Q Search FinCom • ke Co Instrument No. O: Import Bank Date 2-Oct-26 E: Export M: Share P: Print upr-26 to 2-Oct-26 Instrument Date 2-Oct-26 2-Oct-26 2-Oct-26 2-Oct-26 Deposit 101.00 102.00 103.00 104.00 410.00 309.00 101.00 Withdrawal Available Only in Books 2-Oct-26 2-Oct-26 2-Oct-26 2-Oct-26 Cash Cash Cash Cash Fl: Help period F3: Company F4: Bank Ledger Update Bank Date FIO B: J: Basis of Values Change View Exception Reports Opening BRS Unity Balance as per Company Books Available Only in ...
[keys] '' -> Tally 'TallyPrime:9000'
[shot] tds-010-B1-brs-saved (1024x768)
[23:57:22] [tds] screen tds-010-B1-brs-saved : EDU Prime K: Company Y: Data Bank Reconciliation Z: Exchange O: Import FinCom • ke Co Ledger Share Bank E: Export M: Share P: Print as at 2-0ct-26 Particulars Balance as per Company Books Unreconciled Transactions from I-Apr-26 till date Available Only in Books Add: Withdrawals Less: Deposits Expected Bank Balance Unity Quit Count 3 3 Balance 410.00 (0309.00 30900 101.00 Fl: Help period Company F4: Bank Ledger F5: View Reconciled FIO B: Basis of Values Change View J: Exception Reports L: Save View R: Manual Recon Fl 2: Configure to ru tion_ 2Ud5a 73-bO 2b555 '8737b 6473— cd2b5 .337. n_id " 5a-...
[23:57:22] B1-brs save: 60.8;145.1
[shot] tds-011-gw0 (1024x768)
[23:57:23] [tds] screen tds-011-gw0 : EDU Prime K: Company Y: Data Bank Reconciliation Z: Exchange O: Import FinCom • ke Co Ledger Share Bank E: Export M: Share P: Print as at 2-0ct-26 Particulars Balance as per Company Books Unreconciled Transactions from I-Apr-26 till date Available Only in Books Add: Withdrawals Less: Deposits Expected Bank Balance Unity Quit Count 3 3 Balance 410.00 (0309.00 30900 101.00 Fl: Help period Company F4: Bank Ledger F5: View Reconciled FIO B: Basis of Values Change View J: Exception Reports L: Save View R: Manual Recon Fl 2: Configure to ru tion_ 2Ud5a 73-bO 2b555 '8737b 6473— cd2b5 .337. n_id " 5a-...
[keys] '{ESC}' -> Tally 'TallyPrime:9000'
[shot] tds-012-gw1 (1024x768)
[23:57:27] [tds] screen tds-012-gw1 : EDU Prime Acti v ities K: Company Y: Data Z: Exchange Search O: Import FinCom • ke Co E: Export M: Share P: Print as at 2-0ct-26 Bank Reconciliation From I-A -26 Particulars Share Bank Available Available Fl: Help period Company Bank Ledger Amount View FIO Basis of B: Values Change — View J: Exception = Reports L: Save View F: Apply Filter Filter — Details Opening BRS Total Only in Books OnlyinBank 3 3 Grand Unity Quit Space: U: Restore Line Fl 2: Configure to ru tion_ 2Ud5a 73-bO 2b555 '8737b 6473— cd2b5 .337. n_id " 5a-01 ening relat 6+032 ng jo ource -473 '8737b , " jobN Mode Q Windows Serv...
[keys] '{ESC}' -> Tally 'TallyPrime:9000'
[shot] tds-013-gw2 (1024x768)
[23:57:30] [tds] screen tds-013-gw2 : EDU Prime Gatewa of Tall CURRENT PERIOD K: Company Y: Data Q Z: Exchange CURRENT OATE Wednesday, I-Apr-2026 2-Oct-26 Search O: Import E: Export M: Share p: print Fl: Help Date to ru tion_ 2Ud5a I-Apr-26 to 31-Mar-27 NAME OF COMPANY FinCom Spike Co Gateway of Tally MASTERS Create Alter CHart of Accounts TRANSACTIONS Vouchers Day 800K UTILITIES BaNking REPORTS Balance Sheet Profit & Loss A/c Stock Summary Ratio Analysis Display More Reports DashbOard Quit Unity Company 73-bO 2b555 '8737b 6473— cd2b5 .337. n_id " 5a-01 ening relat 6+032 ng jo ource -473 '8737b , " jobN Mode Windows Server 2025 Da...
  INFO B1-brs the dated contra stored whole: every date field: DATE=20261002, VCHSTATUSDATE=20261002, EFFECTIVEDATE=20261002, INSTRUMENTDATE=20261002, BANKERSDATE=20261002
######## INFO B1-brs bank date in Bank Reconciliation: Alt+R Manual Recon: Tally bank-dated 'bank probe C1' (mid 3, bank date '20261002'); AlterID 3 -> 7; company AltVchId 6 -> 7, AltMstId 212 -> 212; Ctrl+A to a still screen 145 ms (60.8;145.1); add-on FCR1 lines: none (for its MasterID: 0); probe lines: none
[shot] tds-014-gw0 (1024x768)
[23:57:34] [tds] screen tds-014-gw0 : EDU Prime Gatewa of Tall CURRENT PERIOD K: Company Y: Data Q Z: Exchange CURRENT OATE Wednesday, I-Apr-2026 2-Oct-26 Search O: Import E: Export M: Share p: print Fl: Help Date to ru tion_ 2Ud5a I-Apr-26 to 31-Mar-27 NAME OF COMPANY FinCom Spike Co Gateway of Tally MASTERS Create Alter CHart of Accounts TRANSACTIONS Vouchers Day 800K UTILITIES BaNking REPORTS Balance Sheet Profit & Loss A/c Stock Summary Ratio Analysis Display More Reports DashbOard Quit Unity Company 73-bO 2b555 '8737b 6473— cd2b5 .337. n_id " 5a-01 ening relat 6+032 ng jo ource -473 '8737b , " jobN Mode Windows Server 2025 Da...
[keys] '%g' -> Tally 'TallyPrime:9000'
[shot] tds-015-B2-brs-goto (1024x768)
[23:57:37] [tds] screen tds-015-B2-brs-goto : EDU Prime Unity Quit K: Company Y: Data Z: Exchange O: Import E: Export M: Share p: print Fl: Help x List of Re Its Saved Views Bills Payable - GST Bills Payable - GST - Sundry Creditors Bills Payable - GST - Sundry Debtors Bills Receivable - GST Bills Receivable - GST - Sundry Creditors Bills Receivable - GST - Sundry Debtors Purchase Dashboard Sales Dashboard IMS Inward Supplies - Filed Invoices Ledger Vouchers - GST Details Outstanding MSME Bills Common Reports Dashboard Balance Sheet Profit & Loss A/c Cash/Bank Book Day Book Ledger Vouchers Ledger Vouchers - GST Stock Summary Trial Balance...
[keys] 'Bank Reconciliation' -> Tally 'TallyPrime:9000'
[shot] tds-016-B2-brs-typed (1024x768)
[23:57:41] [tds] screen tds-016-B2-brs-typed : EDU Prime K: Company Y: Data Z: Exchange FinCom Spike Co Bank Reconciliation Search O: Import E: Export M: Share p: print Fl: Help List of Re Its Create Voucher Create Master Alter Master Expand All Show More Banking Utilities Bank Reconciliation Unity Quit to ru tion_ 2Ud5a 73-bO 2b555 '8737b 6473— cd2b5 .337. n_id " 5a-01 ening relat 6+032 ng jo ource -473 '8737b , " jobN Mode Q Windows Server 2025 Datacenter Build 26100.ge_release240331-1435 11:57 PM 10/9/2026
[keys] '{ENTER}' -> Tally 'TallyPrime:9000'
[shot] tds-017-B2-brs-select (1024x768)
[23:57:46] [tds] screen tds-017-B2-brs-select : EDU Prime Acti v ities K: Company Y: Data Z: Exchange Search O: Import FinCom • ke Co E: Export M: Share P: Print as at 2-0ct-26 Bank Reconciliation From I-A -26 Particulars Share Bank Available Available Fl: Help period Company Bank Ledger Amount View FIO Basis of B: Values Change — View J: Exception = Reports L: Save View F: Apply Filter Filter — Details Opening BRS Total Only in Books OnlyinBank 3 3 Grand Unity Quit Space: U: Restore Line Fl 2: Configure to ru tion_ 2Ud5a 73-bO 2b555 '8737b 6473— cd2b5 .337. n_id " 5a-01 ening relat 6+032 ng jo ource -473 '8737b , " jobN Mode Q Windows Serv...
[keys] 'Share Bank{ENTER}' -> Tally 'TallyPrime:9000'
[shot] tds-018-B2-brs-bank (1024x768)
[23:57:51] [tds] screen tds-018-B2-brs-bank : EDU Prime K: Company Y: Data Bank Reconciliation Z: Exchange O: Import FinCom • ke Co Ledger Share Bank E: Export M: Share P: Print as at 2-0ct-26 Particulars Balance as per Company Books Unreconciled Transactions from I-Apr-26 till date Available Only in Books Add: Withdrawals Less: Deposits Expected Bank Balance Unity Quit Count 3 3 Balance 410.00 (0309.00 30900 101.00 Fl: Help period Company F4: Bank Ledger F5: View Reconciled FIO B: Basis of Values Change View J: Exception Reports L: Save View R: Manual Recon Fl 2: Configure to ru tion_ 2Ud5a 73-bO 2b555 '8737b 6473— cd2b5 .337. n_id " 5a-...
[shot] tds-019-B2-brs-screen (1024x768)
[23:57:52] [tds] screen tds-019-B2-brs-screen : EDU Prime K: Company Y: Data Bank Reconciliation Z: Exchange O: Import FinCom • ke Co Ledger Share Bank E: Export M: Share P: Print as at 2-0ct-26 Particulars Balance as per Company Books Unreconciled Transactions from I-Apr-26 till date Available Only in Books Add: Withdrawals Less: Deposits Expected Bank Balance Unity Quit Count 3 3 Balance 410.00 (0309.00 30900 101.00 Fl: Help period Company F4: Bank Ledger F5: View Reconciled FIO B: Basis of Values Change View J: Exception Reports L: Save View R: Manual Recon Fl 2: Configure to ru tion_ 2Ud5a 73-bO 2b555 '8737b 6473— cd2b5 .337. n_id " 5a-...
[keys] '%r' -> Tally 'TallyPrime:9000'
[shot] tds-020-B2-brs-manual (1024x768)
[23:57:59] [tds] screen tds-020-B2-brs-manual : EDU Prime K: Company Y: Data Bank Reconciliation Manual Ledger Date Share Bank Particulars Z: Exchange Q Search FinCom • ke Co Instrument No. O: Import Bank Date E: Export M: Share P: Print upr-26 to 2-Oct-26 Instrument Date 2-Oct-26 2-Oct-26 2-Oct-26 Deposit 102.00 103.00 104.00 410.00 309.00 101.00 Withdrawal Available Only in Books 2-Oct-26 2-Oct-26 2-Oct-26 Cash Cash Cash Fl: Help period F3: Company F4: Bank Ledger Update Bank Date FIO B: J: Basis of Values Change View Exception Reports Opening BRS Unity Balance as per Company Books Available Only in Books Reconciled in Subsequent Period E...
[shot] tds-021-B2-brs-manual-screen (1024x768)
[23:58:00] [tds] screen tds-021-B2-brs-manual-screen : EDU Prime K: Company Y: Data Bank Reconciliation Manual Ledger Date Share Bank Particulars Z: Exchange Q Search FinCom • ke Co Instrument No. O: Import Bank Date E: Export M: Share P: Print upr-26 to 2-Oct-26 Instrument Date 2-Oct-26 2-Oct-26 2-Oct-26 Deposit 102.00 103.00 104.00 410.00 309.00 101.00 Withdrawal Available Only in Books 2-Oct-26 2-Oct-26 2-Oct-26 Cash Cash Cash Fl: Help period F3: Company F4: Bank Ledger Update Bank Date FIO B: J: Basis of Values Change View Exception Reports Opening BRS Unity Balance as per Company Books Available Only in Books Reconciled in Subsequent Period E...
[keys] '2-10-2026{ENTER}' -> Tally 'TallyPrime:9000'
[shot] tds-022-B2-brs-date (1024x768)
[23:58:04] [tds] screen tds-022-B2-brs-date : EDU Prime K: Company Y: Data Bank Reconciliation Manual Ledger Date Share Bank Particulars Z: Exchange Q Search FinCom • ke Co Instrument No. O: Import Bank Date 2-Oct-26 E: Export M: Share P: Print upr-26 to 2-Oct-26 Instrument Date 2-Oct-26 2-Oct-26 2-Oct-26 Deposit 102.00 103.00 104.00 410.00 207.00 203.00 Withdrawal Available Only in Books 2-Oct-26 2-Oct-26 2-Oct-26 Cash Cash Cash Fl: Help period F3: Company F4: Bank Ledger Update Bank Date FIO B: J: Basis of Values Change View Exception Reports Opening BRS Unity Balance as per Company Books Available Only in Books Reconciled in Subsequent...
[keys] '' -> Tally 'TallyPrime:9000'
[shot] tds-023-B2-brs-saved (1024x768)
[23:58:06] [tds] screen tds-023-B2-brs-saved : EDU Prime K: Company Y: Data Bank Reconciliation Z: Exchange O: Import FinCom • ke Co Ledger Share Bank E: Export M: Share P: Print as at 2-0ct-26 Particulars Balance as per Company Books Unreconciled Transactions from I-Apr-26 till date Available Only in Books Add: Withdrawals Less: Deposits Expected Bank Balance Unity Quit Count 2 2 Balance 410.00 (0207.00 20700 203.00 Fl: Help period Company F4: Bank Ledger F5: View Reconciled FIO B: Basis of Values Change View J: Exception Reports L: Save View R: Manual Recon Fl 2: Configure to ru tion_ 2Ud5a 73-bO 2b555 '8737b 6473— cd2b5 .337. n_id " 5a-...
[23:58:06] B2-brs save: 60.7;111.5
[shot] tds-024-gw0 (1024x768)
[23:58:07] [tds] screen tds-024-gw0 : EDU Prime K: Company Y: Data Bank Reconciliation Z: Exchange O: Import FinCom • ke Co Ledger Share Bank E: Export M: Share P: Print as at 2-0ct-26 Particulars Balance as per Company Books Unreconciled Transactions from I-Apr-26 till date Available Only in Books Add: Withdrawals Less: Deposits Expected Bank Balance Unity Quit Count 2 2 Balance 410.00 (0207.00 20700 203.00 Fl: Help period Company F4: Bank Ledger F5: View Reconciled FIO B: Basis of Values Change View J: Exception Reports L: Save View R: Manual Recon Fl 2: Configure to ru tion_ 2Ud5a 73-bO 2b555 '8737b 6473— cd2b5 .337. n_id " 5a-...
[keys] '{ESC}' -> Tally 'TallyPrime:9000'
[shot] tds-025-gw1 (1024x768)
[23:58:11] [tds] screen tds-025-gw1 : EDU Prime Acti v ities K: Company Y: Data Z: Exchange Search O: Import FinCom • ke Co E: Export M: Share P: Print as at 2-0ct-26 Bank Reconciliation From I-A -26 Particulars Share Bank Available Available Fl: Help period Company Bank Ledger Amount View FIO Basis of B: Values Change — View J: Exception = Reports L: Save View F: Apply Filter Filter — Details Opening BRS Total Only in Books OnlyinBank 2 2 Grand Unity Quit Space: U: Restore Line Fl 2: Configure to ru tion_ 2Ud5a 73-bO 2b555 '8737b 6473— cd2b5 .337. n_id " 5a-01 ening relat 6+032 ng jo ource -473 '8737b , " jobN Mode Q Windows Serv...
[keys] '{ESC}' -> Tally 'TallyPrime:9000'
[shot] tds-026-gw2 (1024x768)
[23:58:15] [tds] screen tds-026-gw2 : EDU Prime Gatewa of Tall CURRENT PERIOD K: Company Y: Data Q Z: Exchange CURRENT OATE Wednesday, I-Apr-2026 2-Oct-26 Search O: Import E: Export M: Share p: print Fl: Help Date to ru tion_ 2Ud5a I-Apr-26 to 31-Mar-27 NAME OF COMPANY FinCom Spike Co Gateway of Tally MASTERS Create Alter CHart of Accounts TRANSACTIONS Vouchers Day 800K UTILITIES BaNking REPORTS Balance Sheet Profit & Loss A/c Stock Summary Ratio Analysis Display More Reports DashbOard Quit Unity Company 73-bO 2b555 '8737b 6473— cd2b5 .337. n_id " 5a-01 ening relat 6+032 ng jo ource -473 '8737b , " jobN Mode Windows Server 2025 Da...
  INFO B2-brs the dated contra stored whole: every date field: DATE=20261002, VCHSTATUSDATE=20261002, EFFECTIVEDATE=20261002, INSTRUMENTDATE=20261002, BANKERSDATE=20261002
######## INFO B2-brs bank date in Bank Reconciliation: Alt+R Manual Recon: Tally bank-dated 'bank probe C2' (mid 4, bank date '20261002'); AlterID 4 -> 8; company AltVchId 7 -> 8, AltMstId 212 -> 212; Ctrl+A to a still screen 112 ms (60.7;111.5); add-on FCR1 lines: none (for its MasterID: 0); probe lines: none
  INFO bankb: Tally after the bank dates: mid 3 'bank probe C1' AlterID 7 bank date '20261002'; mid 4 'bank probe C2' AlterID 8 bank date '20261002'; mid 5 'bank probe C3' AlterID 5 bank date ''; mid 6 'bank probe C4' AlterID 6 bank date ''
######## PASS b1 bank dates set in Bank Reconciliation reach FinCom: Tally bank-dated 2 contra(s): mid 3 'bank probe C1' AlterID 7 bank date '20261002'; mid 4 'bank probe C2' AlterID 8 bank date '20261002'; FinCom's copy holds Tally's bank date and AlterID for every contra (4) after 490 s; 2 altered line(s) from the bridge (source bankdate): mid 3 x1, mid 4 x1; bridge log: FinCom Spike Co: Tally's voucher counter moved with no add-on line for 2 entries (a bank date set in Bank Reconciliation, or another change Tally makes without a voucher form); each is read again from Tally
