2026-10-09 20:25:21  FinCom Bridge 2.4.1: started just for runnervmfi6oq\runneradmin (no service); it keeps the bridge and its icon running
2026-10-09 20:25:21  FinCom Bridge 2.4.1 (Go) started on 127.0.0.1:9100: the only bridge on this computer; working for runnervmfi6oq\runneradmin, Windows session 2; runs just for this Windows user (starts at sign-in, no service)
2026-10-09 20:25:21  Tally is open on port 9000; the bridge reads it only after an event (a client opened in FinCom, Update now, a posting, the nightly catch-up at 19:00)
2026-10-09 20:25:21  Recorder: re-scan of the add-on's files for 2.4.1: 0 line(s) sent earlier without their entry found (a new entry's line with no MasterID, a GUID of another entry, or read while the body fetch was off)
2026-10-09 20:25:21  Check:  - 
2026-10-09 20:25:21  Nightly catch-up (19:00): Tally is open and nobody has used FinCom for 15 minutes
2026-10-09 20:25:21  Nightly catch-up: waiting, Tally has just opened; letting it finish loading
2026-10-09 20:25:24  Tray icon: set to show next to the clock always (Windows 11)
2026-10-09 20:25:24  Trial tools switched on for this computer in FinCom: the tray shows the trial items
2026-10-09 20:25:24  FinCom: this bridge is now the main bridge on this computer (set by the setup); it reads and posts
2026-10-09 20:25:24  Company FinCom Spike Co: its Tally GUID ca529154-b681-4582-abac-3c86f44f0444 is held from now on
2026-10-09 20:25:24  Company FinCom Spike Co: its starting point is recorded: ALTVCHID=6, ALTMSTID=212 (reading is prospective only: the bridge follows what changes after this)
2026-10-09 20:25:24  Company FinCom Spike Co: change numbers read with form a: ALTVCHID=6, ALTMSTID=212
2026-10-09 20:25:24  Light check of FinCom Spike Co: starting point recorded (ALTVCHID=6, ALTMSTID=212)
2026-10-09 20:25:24  Bank dates: FinCom Spike Co: following Tally's voucher counter from ALTVCHID=6 (a move the add-on's lines do not explain is a bank date set, or another change Tally makes without a voucher form)
2026-10-09 20:25:24  Nightly check of FinCom Spike Co: not now: Tally has just opened; letting it finish loading
2026-10-09 20:27:41  Nightly catch-up: waiting, someone is working in Tally
2026-10-09 20:28:01  Keeping FinCom Spike Co in step: its day book from 20260401 is read at Update now (and the nightly run), a month a request
2026-10-09 20:28:02  Keeping FinCom Spike Co: ledger list MasterID 1-2000, 7 ledger(s) (0.2s); saved
2026-10-09 20:28:02  Keeping FinCom Spike Co: ledger list MasterID 2001-end, 0 ledger(s) (0.2s); saved
2026-10-09 20:28:02  Keeping FinCom Spike Co: the ledger list read (7 ledgers, 28 groups, 3 request(s)): 7 new, 0 changed, 0 renamed, 0 gone
2026-10-09 20:28:02  Keeping FinCom Spike Co: Reading old entries is off (prospective only); FinComCompany ALTVCHID=8 ALTMSTID=212
2026-10-09 20:28:02  Nightly catch-up: done (8 request(s) to Tally); the bridge is idle again (next: the nightly catch-up at 19:00, or Update now)
2026-10-09 20:35:54  Light check of FinCom Spike Co: unchanged starting point ALTVCHID=6; now ALTVCHID=8, ALTMSTID=212
2026-10-09 20:35:55  Bank dates: FinCom Spike Co: Tally's voucher counter moved with no add-on line for 2 entries (a bank date set in Bank Reconciliation, or another change Tally makes without a voucher form); each is read again from Tally
2026-10-09 20:35:55  Nightly check of FinCom Spike Co: 2 listed, 0 missing, 0 fetched, 0 still missing
2026-10-09 20:35:55  Recorder: entry fetch of FinCom Spike Co: answered in 10 ms
2026-10-09 20:35:55  Recorder: Contra 1 of 02-Oct-2026 (MasterID 3, line f8b50a6f…): taken: Tally's GUID ca529154-b681-4582-abac-3c86f44f0444-00000003, AlterID 7
2026-10-09 20:35:55  Recorder: entry fetch of FinCom Spike Co: answered in 9 ms
2026-10-09 20:35:55  Recorder: Contra 2 of 02-Oct-2026 (MasterID 4, line b91281ce…): taken: Tally's GUID ca529154-b681-4582-abac-3c86f44f0444-00000004, AlterID 8
