2026-10-09 08:44:21  FinCom Bridge 2.4.0: started just for runnervmfi6oq\runneradmin (no service); it keeps the bridge and its icon running
2026-10-09 08:44:21  FinCom Bridge 2.4.0 (Go) started on 127.0.0.1:9100: the only bridge on this computer; working for runnervmfi6oq\runneradmin, Windows session 2; runs just for this Windows user (starts at sign-in, no service)
2026-10-09 08:44:21  Tally is open on port 9000; the bridge reads it only after an event (a client opened in FinCom, Update now, a posting, the nightly catch-up at 19:00)
2026-10-09 08:44:21  Recorder: re-scan of the add-on's files for 2.4.0: 0 line(s) sent earlier without their entry found (a new entry's line with no MasterID, a GUID of another entry, or read while the body fetch was off)
2026-10-09 08:44:21  Check:  - 
2026-10-09 08:44:24  Tray icon: set to show next to the clock always (Windows 11)
2026-10-09 08:44:24  Trial tools switched on for this computer in FinCom: the tray shows the trial items
2026-10-09 08:44:24  FinCom: this bridge is now the main bridge on this computer (set by the setup); it reads and posts
2026-10-09 08:44:24  Company FinCom Spike Co: its Tally GUID 78e792f5-0cc9-41e9-b436-31be303c4cb2 is held from now on
2026-10-09 08:44:24  Company FinCom Spike Co: its starting point is recorded: ALTVCHID=2, ALTMSTID=209 (reading is prospective only: the bridge follows what changes after this)
2026-10-09 08:44:24  Company FinCom Spike Co: change numbers read with form a: ALTVCHID=2, ALTMSTID=209
2026-10-09 08:44:24  Light check of FinCom Spike Co: starting point recorded (ALTVCHID=2, ALTMSTID=209)
2026-10-09 08:44:24  Bank dates: FinCom Spike Co: following Tally's voucher counter from ALTVCHID=2 (a move the add-on's lines do not explain is a bank date set, or another change Tally makes without a voucher form)
2026-10-09 08:45:40  Recorder: Receipt 1 of 31-Oct-2026 (MasterID 3, line a25f8a91…): asking Tally by MasterID
2026-10-09 08:45:40  Recorder: entry fetch of FinCom Spike Co: answered in 29 ms
2026-10-09 08:45:40  Recorder: Receipt 1 of 31-Oct-2026 (MasterID 3, line a25f8a91…): taken: Tally's GUID 78e792f5-0cc9-41e9-b436-31be303c4cb2-00000003, AlterID 3
2026-10-09 08:45:40  Renumbering: made Receipt 1 of 31-Oct-2026 in FinCom Spike Co: FinCom holds 0 later Receipt entries; each is read again from Tally to see whether Tally renumbered it
2026-10-09 08:46:15  Recorder: Receipt 2 of 01-Nov-2026 (MasterID 4, line f129527f…): asking Tally by MasterID
2026-10-09 08:46:16  Recorder: entry fetch of FinCom Spike Co: answered in 19 ms
2026-10-09 08:46:16  Recorder: Receipt 2 of 01-Nov-2026 (MasterID 4, line f129527f…): taken: Tally's GUID 78e792f5-0cc9-41e9-b436-31be303c4cb2-00000004, AlterID 4
2026-10-09 08:46:16  Renumbering: made Receipt 2 of 01-Nov-2026 in FinCom Spike Co: FinCom holds 0 later Receipt entries; each is read again from Tally to see whether Tally renumbered it
2026-10-09 08:46:50  Recorder: Receipt 3 of 02-Nov-2026 (MasterID 5, line 8eb2921a…): asking Tally by MasterID
2026-10-09 08:46:51  Recorder: entry fetch of FinCom Spike Co: answered in 21 ms
2026-10-09 08:46:51  Recorder: Receipt 3 of 02-Nov-2026 (MasterID 5, line 8eb2921a…): taken: Tally's GUID 78e792f5-0cc9-41e9-b436-31be303c4cb2-00000005, AlterID 5
2026-10-09 08:46:51  Renumbering: made Receipt 3 of 02-Nov-2026 in FinCom Spike Co: FinCom holds 0 later Receipt entries; each is read again from Tally to see whether Tally renumbered it
2026-10-09 08:46:59  Reading from Tally stopped on this computer from FinCom: Stopped by the owner from FinCom (harness s1). Postings still go; reading starts again only from FinCom
2026-10-09 08:47:04  Light check: skipped: reading is stopped from FinCom (Stopped by the owner from FinCom (harness s1))
2026-10-09 08:47:27  Recorder: Receipt 4 of 02-Oct-2026 (MasterID 6, line d6d56e7b…): asking Tally by MasterID
2026-10-09 08:47:27  Recorder: Receipt 4 of 02-Oct-2026 (MasterID 6, line d6d56e7b…): held at once: waiting: reading from Tally is stopped from FinCom; asked again when it is resumed (sent now without its body; FinCom shows it held, and this bridge asks Tally again)
2026-10-09 08:47:27  Recorder: Receipt 4 of 02-Oct-2026 (MasterID 6, line d6d56e7b…): asking Tally again (a held line, ask 1 of 2: one request; if it stops or fails the line ends with the Day Book words)
2026-10-09 08:47:27  Recorder: Receipt 4 of 02-Oct-2026 (MasterID 6, line d6d56e7b…): not asked this time: Reading from Tally is stopped on this computer from FinCom (Stopped by the owner from FinCom (harness s1), 2026-10-09 08:46:59); nothing was sent to Tally. Post; asked when reading is resumed (not counted as a try)
2026-10-09 08:47:27  Recorder: held lines: 0 from FinCom, 0 asked, 0 resolved, 1 still held (1 in the list)
2026-10-09 08:47:27  Recorder: held lines: 0 from FinCom, 0 asked, 0 resolved, 1 still held (1 in the list)
2026-10-09 08:47:28  Recorder: held lines: 0 from FinCom, 0 asked, 0 resolved, 1 still held (1 in the list)
2026-10-09 08:47:28  Recorder: held lines: 0 from FinCom, 0 asked, 0 resolved, 1 still held (1 in the list)
2026-10-09 08:47:28  Recorder: held lines: 0 from FinCom, 0 asked, 0 resolved, 1 still held (1 in the list)
2026-10-09 08:47:28  Recorder: held lines: 0 from FinCom, 0 asked, 0 resolved, 1 still held (1 in the list)
2026-10-09 08:47:29  Recorder: held lines: 0 from FinCom, 0 asked, 0 resolved, 1 still held (1 in the list)
2026-10-09 08:47:29  Recorder: held lines: 0 from FinCom, 0 asked, 0 resolved, 1 still held (1 in the list)
2026-10-09 08:47:29  Recorder: held lines: 0 from FinCom, 0 asked, 0 resolved, 1 still held (1 in the list)
2026-10-09 08:47:29  Recorder: held lines: 0 from FinCom, 0 asked, 0 resolved, 1 still held (1 in the list)
2026-10-09 08:47:30  Recorder: held lines: 0 from FinCom, 0 asked, 0 resolved, 1 still held (1 in the list)
2026-10-09 08:47:30  Recorder: held lines: 0 from FinCom, 0 asked, 0 resolved, 1 still held (1 in the list)
2026-10-09 08:47:30  Recorder: held lines: 0 from FinCom, 0 asked, 0 resolved, 1 still held (1 in the list)
2026-10-09 08:47:30  Recorder: held lines: 0 from FinCom, 0 asked, 0 resolved, 1 still held (1 in the list)
2026-10-09 08:47:31  Recorder: held lines: 0 from FinCom, 0 asked, 0 resolved, 1 still held (1 in the list)
2026-10-09 08:47:31  Recorder: held lines: 0 from FinCom, 0 asked, 0 resolved, 1 still held (1 in the list)
2026-10-09 08:47:31  Recorder: held lines: 0 from FinCom, 0 asked, 0 resolved, 1 still held (1 in the list)
2026-10-09 08:47:31  Recorder: held lines: 0 from FinCom, 0 asked, 0 resolved, 1 still held (1 in the list)
2026-10-09 08:47:32  Recorder: held lines: 0 from FinCom, 0 asked, 0 resolved, 1 still held (1 in the list)
2026-10-09 08:47:32  Recorder: held lines: 0 from FinCom, 0 asked, 0 resolved, 1 still held (1 in the list)
2026-10-09 08:47:32  Recorder: held lines: 0 from FinCom, 0 asked, 0 resolved, 1 still held (1 in the list)
2026-10-09 08:47:32  Recorder: held lines: 0 from FinCom, 0 asked, 0 resolved, 1 still held (1 in the list)
2026-10-09 08:47:33  Recorder: held lines: 0 from FinCom, 0 asked, 0 resolved, 1 still held (1 in the list)
2026-10-09 08:47:33  Recorder: held lines: 0 from FinCom, 0 asked, 0 resolved, 1 still held (1 in the list)
2026-10-09 08:47:33  Recorder: held lines: 0 from FinCom, 0 asked, 0 resolved, 1 still held (1 in the list)
2026-10-09 08:47:33  Recorder: held lines: 0 from FinCom, 0 asked, 0 resolved, 1 still held (1 in the list)
2026-10-09 08:47:34  Recorder: held lines: 0 from FinCom, 0 asked, 0 resolved, 1 still held (1 in the list)
2026-10-09 08:47:34  Recorder: held lines: 0 from FinCom, 0 asked, 0 resolved, 1 still held (1 in the list)
2026-10-09 08:47:34  Recorder: held lines: 0 from FinCom, 0 asked, 0 resolved, 1 still held (1 in the list)
2026-10-09 08:47:34  Recorder: held lines: 0 from FinCom, 0 asked, 0 resolved, 1 still held (1 in the list)
2026-10-09 08:47:35  Recorder: held lines: 0 from FinCom, 0 asked, 0 resolved, 1 still held (1 in the list)
2026-10-09 08:47:35  Recorder: held lines: 0 from FinCom, 0 asked, 0 resolved, 1 still held (1 in the list)
2026-10-09 08:47:35  Recorder: held lines: 0 from FinCom, 0 asked, 0 resolved, 1 still held (1 in the list)
2026-10-09 08:47:35  Recorder: held lines: 0 from FinCom, 0 asked, 0 resolved, 1 still held (1 in the list)
2026-10-09 08:47:36  Recorder: held lines: 0 from FinCom, 0 asked, 0 resolved, 1 still held (1 in the list)
2026-10-09 08:47:36  Recorder: held lines: 0 from FinCom, 0 asked, 0 resolved, 1 still held (1 in the list)
2026-10-09 08:47:36  Recorder: held lines: 0 from FinCom, 0 asked, 0 resolved, 1 still held (1 in the list)
2026-10-09 08:47:36  Recorder: held lines: 0 from FinCom, 0 asked, 0 resolved, 1 still held (1 in the list)
2026-10-09 08:47:37  Recorder: held lines: 0 from FinCom, 0 asked, 0 resolved, 1 still held (1 in the list)
2026-10-09 08:47:37  Recorder: held lines: 0 from FinCom, 0 asked, 0 resolved, 1 still held (1 in the list)
2026-10-09 08:47:37  Recorder: held lines: 0 from FinCom, 0 asked, 0 resolved, 1 still held (1 in the list)
2026-10-09 08:47:37  Recorder: held lines: 0 from FinCom, 0 asked, 0 resolved, 1 still held (1 in the list)
2026-10-09 08:47:38  Recorder: held lines: 0 from FinCom, 0 asked, 0 resolved, 1 still held (1 in the list)
2026-10-09 08:47:38  Recorder: held lines: 0 from FinCom, 0 asked, 0 resolved, 1 still held (1 in the list)
2026-10-09 08:47:38  Recorder: held lines: 0 from FinCom, 0 asked, 0 resolved, 1 still held (1 in the list)
2026-10-09 08:47:38  Recorder: held lines: 0 from FinCom, 0 asked, 0 resolved, 1 still held (1 in the list)
2026-10-09 08:47:39  Recorder: held lines: 0 from FinCom, 0 asked, 0 resolved, 1 still held (1 in the list)
2026-10-09 08:47:39  Recorder: held lines: 0 from FinCom, 0 asked, 0 resolved, 1 still held (1 in the list)
2026-10-09 08:47:39  Recorder: held lines: 0 from FinCom, 0 asked, 0 resolved, 1 still held (1 in the list)
2026-10-09 08:47:39  Recorder: held lines: 0 from FinCom, 0 asked, 0 resolved, 1 still held (1 in the list)
2026-10-09 08:47:40  Recorder: held lines: 0 from FinCom, 0 asked, 0 resolved, 1 still held (1 in the list)
2026-10-09 08:47:40  Recorder: held lines: 0 from FinCom, 0 asked, 0 resolved, 1 still held (1 in the list)
2026-10-09 08:47:40  Recorder: held lines: 0 from FinCom, 0 asked, 0 resolved, 1 still held (1 in the list)
2026-10-09 08:47:40  Recorder: held lines: 0 from FinCom, 0 asked, 0 resolved, 1 still held (1 in the list)
2026-10-09 08:47:41  Recorder: held lines: 0 from FinCom, 0 asked, 0 resolved, 1 still held (1 in the list)
2026-10-09 08:47:41  Recorder: held lines: 0 from FinCom, 0 asked, 0 resolved, 1 still held (1 in the list)
2026-10-09 08:47:41  Recorder: held lines: 0 from FinCom, 0 asked, 0 resolved, 1 still held (1 in the list)
2026-10-09 08:47:42  Recorder: held lines: 0 from FinCom, 0 asked, 0 resolved, 1 still held (1 in the list)
2026-10-09 08:47:42  Recorder: held lines: 0 from FinCom, 0 asked, 0 resolved, 1 still held (1 in the list)
2026-10-09 08:47:42  Recorder: held lines: 0 from FinCom, 0 asked, 0 resolved, 1 still held (1 in the list)
2026-10-09 08:47:42  Recorder: held lines: 0 from FinCom, 0 asked, 0 resolved, 1 still held (1 in the list)
2026-10-09 08:47:43  Recorder: held lines: 0 from FinCom, 0 asked, 0 resolved, 1 still held (1 in the list)
2026-10-09 08:47:43  Recorder: held lines: 0 from FinCom, 0 asked, 0 resolved, 1 still held (1 in the list)
2026-10-09 08:47:43  Recorder: held lines: 0 from FinCom, 0 asked, 0 resolved, 1 still held (1 in the list)
2026-10-09 08:47:43  Recorder: held lines: 0 from FinCom, 0 asked, 0 resolved, 1 still held (1 in the list)
2026-10-09 08:47:44  Recorder: held lines: 0 from FinCom, 0 asked, 0 resolved, 1 still held (1 in the list)
2026-10-09 08:47:44  Recorder: held lines: 0 from FinCom, 0 asked, 0 resolved, 1 still held (1 in the list)
2026-10-09 08:47:44  Recorder: held lines: 0 from FinCom, 0 asked, 0 resolved, 1 still held (1 in the list)
2026-10-09 08:47:44  Recorder: held lines: 0 from FinCom, 0 asked, 0 resolved, 1 still held (1 in the list)
2026-10-09 08:47:45  Recorder: held lines: 0 from FinCom, 0 asked, 0 resolved, 1 still held (1 in the list)
2026-10-09 08:47:45  Recorder: held lines: 0 from FinCom, 0 asked, 0 resolved, 1 still held (1 in the list)
2026-10-09 08:47:45  Recorder: held lines: 0 from FinCom, 0 asked, 0 resolved, 1 still held (1 in the list)
2026-10-09 08:47:45  Recorder: held lines: 0 from FinCom, 0 asked, 0 resolved, 1 still held (1 in the list)
2026-10-09 08:47:46  Recorder: held lines: 0 from FinCom, 0 asked, 0 resolved, 1 still held (1 in the list)
2026-10-09 08:47:46  Recorder: held lines: 0 from FinCom, 0 asked, 0 resolved, 1 still held (1 in the list)
2026-10-09 08:47:46  Recorder: held lines: 0 from FinCom, 0 asked, 0 resolved, 1 still held (1 in the list)
2026-10-09 08:47:46  Recorder: held lines: 0 from FinCom, 0 asked, 0 resolved, 1 still held (1 in the list)
2026-10-09 08:47:47  Recorder: held lines: 0 from FinCom, 0 asked, 0 resolved, 1 still held (1 in the list)
2026-10-09 08:47:47  Recorder: held lines: 0 from FinCom, 0 asked, 0 resolved, 1 still held (1 in the list)
2026-10-09 08:47:47  Recorder: held lines: 0 from FinCom, 0 asked, 0 resolved, 1 still held (1 in the list)
2026-10-09 08:47:47  Recorder: held lines: 0 from FinCom, 0 asked, 0 resolved, 1 still held (1 in the list)
2026-10-09 08:47:48  Recorder: held lines: 0 from FinCom, 0 asked, 0 resolved, 1 still held (1 in the list)
2026-10-09 08:47:48  Recorder: held lines: 0 from FinCom, 0 asked, 0 resolved, 1 still held (1 in the list)
2026-10-09 08:47:48  Recorder: held lines: 0 from FinCom, 0 asked, 0 resolved, 1 still held (1 in the list)
2026-10-09 08:47:48  Recorder: held lines: 0 from FinCom, 0 asked, 0 resolved, 1 still held (1 in the list)
2026-10-09 08:47:49  Recorder: held lines: 0 from FinCom, 0 asked, 0 resolved, 1 still held (1 in the list)
2026-10-09 08:47:49  Recorder: held lines: 0 from FinCom, 0 asked, 0 resolved, 1 still held (1 in the list)
2026-10-09 08:47:49  Recorder: held lines: 0 from FinCom, 0 asked, 0 resolved, 1 still held (1 in the list)
2026-10-09 08:47:49  Recorder: held lines: 0 from FinCom, 0 asked, 0 resolved, 1 still held (1 in the list)
2026-10-09 08:47:50  Recorder: held lines: 0 from FinCom, 0 asked, 0 resolved, 1 still held (1 in the list)
2026-10-09 08:47:50  Recorder: held lines: 0 from FinCom, 0 asked, 0 resolved, 1 still held (1 in the list)
2026-10-09 08:47:50  Recorder: held lines: 0 from FinCom, 0 asked, 0 resolved, 1 still held (1 in the list)
2026-10-09 08:47:50  Recorder: held lines: 0 from FinCom, 0 asked, 0 resolved, 1 still held (1 in the list)
2026-10-09 08:47:51  Recorder: held lines: 0 from FinCom, 0 asked, 0 resolved, 1 still held (1 in the list)
2026-10-09 08:47:51  Recorder: held lines: 0 from FinCom, 0 asked, 0 resolved, 1 still held (1 in the list)
2026-10-09 08:47:51  Recorder: held lines: 0 from FinCom, 0 asked, 0 resolved, 1 still held (1 in the list)
2026-10-09 08:47:51  Recorder: held lines: 0 from FinCom, 0 asked, 0 resolved, 1 still held (1 in the list)
2026-10-09 08:47:52  Recorder: held lines: 0 from FinCom, 0 asked, 0 resolved, 1 still held (1 in the list)
2026-10-09 08:47:52  Recorder: held lines: 0 from FinCom, 0 asked, 0 resolved, 1 still held (1 in the list)
2026-10-09 08:47:52  Recorder: held lines: 0 from FinCom, 0 asked, 0 resolved, 1 still held (1 in the list)
2026-10-09 08:47:52  Recorder: held lines: 0 from FinCom, 0 asked, 0 resolved, 1 still held (1 in the list)
2026-10-09 08:47:53  Recorder: held lines: 0 from FinCom, 0 asked, 0 resolved, 1 still held (1 in the list)
2026-10-09 08:47:53  Recorder: held lines: 0 from FinCom, 0 asked, 0 resolved, 1 still held (1 in the list)
2026-10-09 08:47:53  Recorder: held lines: 0 from FinCom, 0 asked, 0 resolved, 1 still held (1 in the list)
2026-10-09 08:47:53  Recorder: held lines: 0 from FinCom, 0 asked, 0 resolved, 1 still held (1 in the list)
2026-10-09 08:47:54  Recorder: held lines: 0 from FinCom, 0 asked, 0 resolved, 1 still held (1 in the list)
2026-10-09 08:47:54  Recorder: held lines: 0 from FinCom, 0 asked, 0 resolved, 1 still held (1 in the list)
2026-10-09 08:47:54  Recorder: held lines: 0 from FinCom, 0 asked, 0 resolved, 1 still held (1 in the list)
2026-10-09 08:47:54  Recorder: held lines: 0 from FinCom, 0 asked, 0 resolved, 1 still held (1 in the list)
2026-10-09 08:47:55  Recorder: held lines: 0 from FinCom, 0 asked, 0 resolved, 1 still held (1 in the list)
2026-10-09 08:47:55  Recorder: held lines: 0 from FinCom, 0 asked, 0 resolved, 1 still held (1 in the list)
2026-10-09 08:47:55  Recorder: held lines: 0 from FinCom, 0 asked, 0 resolved, 1 still held (1 in the list)
2026-10-09 08:47:55  Recorder: held lines: 0 from FinCom, 0 asked, 0 resolved, 1 still held (1 in the list)
2026-10-09 08:47:56  Recorder: held lines: 0 from FinCom, 0 asked, 0 resolved, 1 still held (1 in the list)
2026-10-09 08:47:56  Recorder: held lines: 0 from FinCom, 0 asked, 0 resolved, 1 still held (1 in the list)
2026-10-09 08:47:56  Recorder: held lines: 0 from FinCom, 0 asked, 0 resolved, 1 still held (1 in the list)
2026-10-09 08:47:56  Recorder: held lines: 0 from FinCom, 0 asked, 0 resolved, 1 still held (1 in the list)
2026-10-09 08:47:57  Recorder: held lines: 0 from FinCom, 0 asked, 0 resolved, 1 still held (1 in the list)
2026-10-09 08:47:57  Recorder: held lines: 0 from FinCom, 0 asked, 0 resolved, 1 still held (1 in the list)
2026-10-09 08:47:57  Recorder: held lines: 0 from FinCom, 0 asked, 0 resolved, 1 still held (1 in the list)
2026-10-09 08:47:58  Recorder: held lines: 0 from FinCom, 0 asked, 0 resolved, 1 still held (1 in the list)
2026-10-09 08:47:58  Recorder: held lines: 0 from FinCom, 0 asked, 0 resolved, 1 still held (1 in the list)
2026-10-09 08:47:58  Recorder: held lines: 0 from FinCom, 0 asked, 0 resolved, 1 still held (1 in the list)
2026-10-09 08:47:58  Recorder: held lines: 0 from FinCom, 0 asked, 0 resolved, 1 still held (1 in the list)
2026-10-09 08:47:59  Recorder: held lines: 0 from FinCom, 0 asked, 0 resolved, 1 still held (1 in the list)
2026-10-09 08:47:59  Recorder: held lines: 0 from FinCom, 0 asked, 0 resolved, 1 still held (1 in the list)
2026-10-09 08:47:59  Recorder: held lines: 0 from FinCom, 0 asked, 0 resolved, 1 still held (1 in the list)
2026-10-09 08:47:59  Recorder: held lines: 0 from FinCom, 0 asked, 0 resolved, 1 still held (1 in the list)
2026-10-09 08:48:00  Recorder: held lines: 0 from FinCom, 0 asked, 0 resolved, 1 still held (1 in the list)
2026-10-09 08:48:00  Recorder: held lines: 0 from FinCom, 0 asked, 0 resolved, 1 still held (1 in the list)
2026-10-09 08:48:00  Recorder: held lines: 0 from FinCom, 0 asked, 0 resolved, 1 still held (1 in the list)
2026-10-09 08:48:00  Recorder: held lines: 0 from FinCom, 0 asked, 0 resolved, 1 still held (1 in the list)
2026-10-09 08:48:01  Recorder: held lines: 0 from FinCom, 0 asked, 0 resolved, 1 still held (1 in the list)
2026-10-09 08:48:01  Recorder: held lines: 0 from FinCom, 0 asked, 0 resolved, 1 still held (1 in the list)
2026-10-09 08:48:01  Recorder: held lines: 0 from FinCom, 0 asked, 0 resolved, 1 still held (1 in the list)
2026-10-09 08:48:01  Recorder: held lines: 0 from FinCom, 0 asked, 0 resolved, 1 still held (1 in the list)
2026-10-09 08:48:02  Recorder: held lines: 0 from FinCom, 0 asked, 0 resolved, 1 still held (1 in the list)
2026-10-09 08:48:02  Recorder: held lines: 0 from FinCom, 0 asked, 0 resolved, 1 still held (1 in the list)
2026-10-09 08:48:02  Recorder: held lines: 0 from FinCom, 0 asked, 0 resolved, 1 still held (1 in the list)
2026-10-09 08:48:02  Recorder: held lines: 0 from FinCom, 0 asked, 0 resolved, 1 still held (1 in the list)
2026-10-09 08:48:03  Recorder: held lines: 0 from FinCom, 0 asked, 0 resolved, 1 still held (1 in the list)
2026-10-09 08:48:03  Recorder: held lines: 0 from FinCom, 0 asked, 0 resolved, 1 still held (1 in the list)
2026-10-09 08:48:03  Recorder: held lines: 0 from FinCom, 0 asked, 0 resolved, 1 still held (1 in the list)
2026-10-09 08:48:03  Recorder: held lines: 0 from FinCom, 0 asked, 0 resolved, 1 still held (1 in the list)
2026-10-09 08:48:04  Recorder: held lines: 0 from FinCom, 0 asked, 0 resolved, 1 still held (1 in the list)
2026-10-09 08:48:04  Recorder: held lines: 0 from FinCom, 0 asked, 0 resolved, 1 still held (1 in the list)
2026-10-09 08:48:04  Recorder: held lines: 0 from FinCom, 0 asked, 0 resolved, 1 still held (1 in the list)
2026-10-09 08:48:04  Recorder: held lines: 0 from FinCom, 0 asked, 0 resolved, 1 still held (1 in the list)
2026-10-09 08:48:05  Recorder: held lines: 0 from FinCom, 0 asked, 0 resolved, 1 still held (1 in the list)
2026-10-09 08:48:05  Recorder: held lines: 0 from FinCom, 0 asked, 0 resolved, 1 still held (1 in the list)
2026-10-09 08:48:05  Recorder: held lines: 0 from FinCom, 0 asked, 0 resolved, 1 still held (1 in the list)
2026-10-09 08:48:05  Recorder: held lines: 0 from FinCom, 0 asked, 0 resolved, 1 still held (1 in the list)
2026-10-09 08:48:06  Recorder: held lines: 0 from FinCom, 0 asked, 0 resolved, 1 still held (1 in the list)
2026-10-09 08:48:06  Recorder: held lines: 0 from FinCom, 0 asked, 0 resolved, 1 still held (1 in the list)
2026-10-09 08:48:06  Recorder: held lines: 0 from FinCom, 0 asked, 0 resolved, 1 still held (1 in the list)
2026-10-09 08:48:06  Recorder: held lines: 0 from FinCom, 0 asked, 0 resolved, 1 still held (1 in the list)
2026-10-09 08:48:07  Recorder: held lines: 0 from FinCom, 0 asked, 0 resolved, 1 still held (1 in the list)
2026-10-09 08:48:07  Recorder: held lines: 0 from FinCom, 0 asked, 0 resolved, 1 still held (1 in the list)
2026-10-09 08:48:07  Recorder: held lines: 0 from FinCom, 0 asked, 0 resolved, 1 still held (1 in the list)
2026-10-09 08:48:07  Recorder: held lines: 0 from FinCom, 0 asked, 0 resolved, 1 still held (1 in the list)
2026-10-09 08:48:08  Recorder: held lines: 0 from FinCom, 0 asked, 0 resolved, 1 still held (1 in the list)
2026-10-09 08:48:08  Recorder: held lines: 0 from FinCom, 0 asked, 0 resolved, 1 still held (1 in the list)
2026-10-09 08:48:08  Recorder: held lines: 0 from FinCom, 0 asked, 0 resolved, 1 still held (1 in the list)
2026-10-09 08:48:08  Recorder: held lines: 0 from FinCom, 0 asked, 0 resolved, 1 still held (1 in the list)
2026-10-09 08:48:09  Recorder: held lines: 0 from FinCom, 0 asked, 0 resolved, 1 still held (1 in the list)
2026-10-09 08:48:09  Recorder: held lines: 0 from FinCom, 0 asked, 0 resolved, 1 still held (1 in the list)
2026-10-09 08:48:09  Recorder: held lines: 0 from FinCom, 0 asked, 0 resolved, 1 still held (1 in the list)
2026-10-09 08:48:09  Recorder: held lines: 0 from FinCom, 0 asked, 0 resolved, 1 still held (1 in the list)
2026-10-09 08:48:10  Recorder: held lines: 0 from FinCom, 0 asked, 0 resolved, 1 still held (1 in the list)
2026-10-09 08:48:10  Recorder: held lines: 0 from FinCom, 0 asked, 0 resolved, 1 still held (1 in the list)
2026-10-09 08:48:10  Recorder: held lines: 0 from FinCom, 0 asked, 0 resolved, 1 still held (1 in the list)
2026-10-09 08:48:10  Recorder: held lines: 0 from FinCom, 0 asked, 0 resolved, 1 still held (1 in the list)
2026-10-09 08:48:11  Recorder: held lines: 0 from FinCom, 0 asked, 0 resolved, 1 still held (1 in the list)
2026-10-09 08:48:11  Recorder: held lines: 0 from FinCom, 0 asked, 0 resolved, 1 still held (1 in the list)
2026-10-09 08:48:11  Recorder: held lines: 0 from FinCom, 0 asked, 0 resolved, 1 still held (1 in the list)
2026-10-09 08:48:12  Recorder: held lines: 0 from FinCom, 0 asked, 0 resolved, 1 still held (1 in the list)
2026-10-09 08:48:12  Recorder: held lines: 0 from FinCom, 0 asked, 0 resolved, 1 still held (1 in the list)
2026-10-09 08:48:12  Recorder: held lines: 0 from FinCom, 0 asked, 0 resolved, 1 still held (1 in the list)
2026-10-09 08:48:12  Recorder: held lines: 0 from FinCom, 0 asked, 0 resolved, 1 still held (1 in the list)
2026-10-09 08:48:13  Recorder: held lines: 0 from FinCom, 0 asked, 0 resolved, 1 still held (1 in the list)
2026-10-09 08:48:13  Recorder: held lines: 0 from FinCom, 0 asked, 0 resolved, 1 still held (1 in the list)
2026-10-09 08:48:13  Recorder: held lines: 0 from FinCom, 0 asked, 0 resolved, 1 still held (1 in the list)
2026-10-09 08:48:13  Recorder: held lines: 0 from FinCom, 0 asked, 0 resolved, 1 still held (1 in the list)
2026-10-09 08:48:14  Recorder: held lines: 0 from FinCom, 0 asked, 0 resolved, 1 still held (1 in the list)
2026-10-09 08:48:14  Recorder: held lines: 0 from FinCom, 0 asked, 0 resolved, 1 still held (1 in the list)
2026-10-09 08:48:14  Recorder: held lines: 0 from FinCom, 0 asked, 0 resolved, 1 still held (1 in the list)
2026-10-09 08:48:14  Recorder: held lines: 0 from FinCom, 0 asked, 0 resolved, 1 still held (1 in the list)
2026-10-09 08:48:15  Recorder: held lines: 0 from FinCom, 0 asked, 0 resolved, 1 still held (1 in the list)
2026-10-09 08:48:15  Recorder: held lines: 0 from FinCom, 0 asked, 0 resolved, 1 still held (1 in the list)
2026-10-09 08:48:15  Recorder: held lines: 0 from FinCom, 0 asked, 0 resolved, 1 still held (1 in the list)
2026-10-09 08:48:15  Recorder: Receipt 1 of 31-Oct-2026 (MasterID 3, line 6d2211a6…): asking Tally by MasterID
2026-10-09 08:48:15  Recorder: Receipt 1 of 31-Oct-2026 (MasterID 3, line 6d2211a6…): held at once: waiting: reading from Tally is stopped from FinCom; asked again when it is resumed (sent now without its body; FinCom shows it held, and this bridge asks Tally again)
2026-10-09 08:48:15  Recorder: Receipt 1 of 31-Oct-2026 (MasterID 3, line 6d2211a6…): asking Tally again (a held line, ask 1 of 2: one request; if it stops or fails the line ends with the Day Book words)
2026-10-09 08:48:15  Recorder: Receipt 1 of 31-Oct-2026 (MasterID 3, line 6d2211a6…): not asked this time: Reading from Tally is stopped on this computer from FinCom (Stopped by the owner from FinCom (harness s1), 2026-10-09 08:46:59); nothing was sent to Tally. Post; asked when reading is resumed (not counted as a try)
2026-10-09 08:48:15  Recorder: held lines: 0 from FinCom, 0 asked, 0 resolved, 2 still held (2 in the list)
2026-10-09 08:48:15  Recorder: held lines: 0 from FinCom, 0 asked, 0 resolved, 2 still held (2 in the list)
2026-10-09 08:48:16  Recorder: held lines: 0 from FinCom, 0 asked, 0 resolved, 2 still held (2 in the list)
2026-10-09 08:48:16  Recorder: held lines: 0 from FinCom, 0 asked, 0 resolved, 2 still held (2 in the list)
2026-10-09 08:48:16  Recorder: held lines: 0 from FinCom, 0 asked, 0 resolved, 2 still held (2 in the list)
2026-10-09 08:48:16  Recorder: held lines: 0 from FinCom, 0 asked, 0 resolved, 2 still held (2 in the list)
2026-10-09 08:48:17  Recorder: held lines: 0 from FinCom, 0 asked, 0 resolved, 2 still held (2 in the list)
2026-10-09 08:48:17  Recorder: held lines: 0 from FinCom, 0 asked, 0 resolved, 2 still held (2 in the list)
2026-10-09 08:48:17  Recorder: held lines: 0 from FinCom, 0 asked, 0 resolved, 2 still held (2 in the list)
2026-10-09 08:48:17  Recorder: held lines: 0 from FinCom, 0 asked, 0 resolved, 2 still held (2 in the list)
2026-10-09 08:48:18  Recorder: held lines: 0 from FinCom, 0 asked, 0 resolved, 2 still held (2 in the list)
2026-10-09 08:48:18  Recorder: held lines: 0 from FinCom, 0 asked, 0 resolved, 2 still held (2 in the list)
2026-10-09 08:48:18  Recorder: held lines: 0 from FinCom, 0 asked, 0 resolved, 2 still held (2 in the list)
2026-10-09 08:48:18  Recorder: held lines: 0 from FinCom, 0 asked, 0 resolved, 2 still held (2 in the list)
2026-10-09 08:48:19  Recorder: held lines: 0 from FinCom, 0 asked, 0 resolved, 2 still held (2 in the list)
2026-10-09 08:48:19  Recorder: held lines: 0 from FinCom, 0 asked, 0 resolved, 2 still held (2 in the list)
2026-10-09 08:48:19  Recorder: held lines: 0 from FinCom, 0 asked, 0 resolved, 2 still held (2 in the list)
2026-10-09 08:48:19  Recorder: held lines: 0 from FinCom, 0 asked, 0 resolved, 2 still held (2 in the list)
2026-10-09 08:48:20  Recorder: held lines: 0 from FinCom, 0 asked, 0 resolved, 2 still held (2 in the list)
2026-10-09 08:48:20  Recorder: held lines: 0 from FinCom, 0 asked, 0 resolved, 2 still held (2 in the list)
2026-10-09 08:48:20  Recorder: held lines: 0 from FinCom, 0 asked, 0 resolved, 2 still held (2 in the list)
2026-10-09 08:48:20  Recorder: held lines: 0 from FinCom, 0 asked, 0 resolved, 2 still held (2 in the list)
2026-10-09 08:48:21  Recorder: held lines: 0 from FinCom, 0 asked, 0 resolved, 2 still held (2 in the list)
2026-10-09 08:48:21  Recorder: held lines: 0 from FinCom, 0 asked, 0 resolved, 2 still held (2 in the list)
2026-10-09 08:48:21  Recorder: held lines: 0 from FinCom, 0 asked, 0 resolved, 2 still held (2 in the list)
2026-10-09 08:48:21  Recorder: held lines: 0 from FinCom, 0 asked, 0 resolved, 2 still held (2 in the list)
2026-10-09 08:48:22  Recorder: held lines: 0 from FinCom, 0 asked, 0 resolved, 2 still held (2 in the list)
2026-10-09 08:48:22  Recorder: held lines: 0 from FinCom, 0 asked, 0 resolved, 2 still held (2 in the list)
2026-10-09 08:48:22  Recorder: held lines: 0 from FinCom, 0 asked, 0 resolved, 2 still held (2 in the list)
2026-10-09 08:48:22  Recorder: held lines: 0 from FinCom, 0 asked, 0 resolved, 2 still held (2 in the list)
2026-10-09 08:48:23  Recorder: held lines: 0 from FinCom, 0 asked, 0 resolved, 2 still held (2 in the list)
2026-10-09 08:48:23  Recorder: held lines: 0 from FinCom, 0 asked, 0 resolved, 2 still held (2 in the list)
2026-10-09 08:48:23  Recorder: held lines: 0 from FinCom, 0 asked, 0 resolved, 2 still held (2 in the list)
2026-10-09 08:48:23  Recorder: held lines: 0 from FinCom, 0 asked, 0 resolved, 2 still held (2 in the list)
2026-10-09 08:48:24  Recorder: held lines: 0 from FinCom, 0 asked, 0 resolved, 2 still held (2 in the list)
2026-10-09 08:48:24  Recorder: held lines: 0 from FinCom, 0 asked, 0 resolved, 2 still held (2 in the list)
2026-10-09 08:48:24  Recorder: held lines: 0 from FinCom, 0 asked, 0 resolved, 2 still held (2 in the list)
2026-10-09 08:48:24  Recorder: held lines: 0 from FinCom, 0 asked, 0 resolved, 2 still held (2 in the list)
2026-10-09 08:48:25  Recorder: held lines: 0 from FinCom, 0 asked, 0 resolved, 2 still held (2 in the list)
2026-10-09 08:48:25  Recorder: held lines: 0 from FinCom, 0 asked, 0 resolved, 2 still held (2 in the list)
2026-10-09 08:48:25  Recorder: held lines: 0 from FinCom, 0 asked, 0 resolved, 2 still held (2 in the list)
2026-10-09 08:48:25  Recorder: held lines: 0 from FinCom, 0 asked, 0 resolved, 2 still held (2 in the list)
2026-10-09 08:48:26  Recorder: held lines: 0 from FinCom, 0 asked, 0 resolved, 2 still held (2 in the list)
2026-10-09 08:48:26  Recorder: held lines: 0 from FinCom, 0 asked, 0 resolved, 2 still held (2 in the list)
2026-10-09 08:48:26  Recorder: held lines: 0 from FinCom, 0 asked, 0 resolved, 2 still held (2 in the list)
2026-10-09 08:48:26  Recorder: held lines: 0 from FinCom, 0 asked, 0 resolved, 2 still held (2 in the list)
2026-10-09 08:48:27  Recorder: held lines: 0 from FinCom, 0 asked, 0 resolved, 2 still held (2 in the list)
2026-10-09 08:48:27  Recorder: held lines: 0 from FinCom, 0 asked, 0 resolved, 2 still held (2 in the list)
2026-10-09 08:48:27  Recorder: held lines: 0 from FinCom, 0 asked, 0 resolved, 2 still held (2 in the list)
2026-10-09 08:48:27  Recorder: held lines: 0 from FinCom, 0 asked, 0 resolved, 2 still held (2 in the list)
2026-10-09 08:48:28  Recorder: held lines: 0 from FinCom, 0 asked, 0 resolved, 2 still held (2 in the list)
2026-10-09 08:48:28  Recorder: held lines: 0 from FinCom, 0 asked, 0 resolved, 2 still held (2 in the list)
2026-10-09 08:48:28  Recorder: held lines: 0 from FinCom, 0 asked, 0 resolved, 2 still held (2 in the list)
2026-10-09 08:48:29  Recorder: held lines: 0 from FinCom, 0 asked, 0 resolved, 2 still held (2 in the list)
2026-10-09 08:48:29  Recorder: held lines: 0 from FinCom, 0 asked, 0 resolved, 2 still held (2 in the list)
2026-10-09 08:48:29  Recorder: held lines: 0 from FinCom, 0 asked, 0 resolved, 2 still held (2 in the list)
2026-10-09 08:48:29  Recorder: held lines: 0 from FinCom, 0 asked, 0 resolved, 2 still held (2 in the list)
2026-10-09 08:48:30  Recorder: held lines: 0 from FinCom, 0 asked, 0 resolved, 2 still held (2 in the list)
2026-10-09 08:48:30  Recorder: held lines: 0 from FinCom, 0 asked, 0 resolved, 2 still held (2 in the list)
2026-10-09 08:48:30  Recorder: held lines: 0 from FinCom, 0 asked, 0 resolved, 2 still held (2 in the list)
2026-10-09 08:48:30  Recorder: held lines: 0 from FinCom, 0 asked, 0 resolved, 2 still held (2 in the list)
2026-10-09 08:48:31  Recorder: held lines: 0 from FinCom, 0 asked, 0 resolved, 2 still held (2 in the list)
2026-10-09 08:48:31  Recorder: held lines: 0 from FinCom, 0 asked, 0 resolved, 2 still held (2 in the list)
2026-10-09 08:48:31  Recorder: held lines: 0 from FinCom, 0 asked, 0 resolved, 2 still held (2 in the list)
2026-10-09 08:48:31  Recorder: held lines: 0 from FinCom, 0 asked, 0 resolved, 2 still held (2 in the list)
2026-10-09 08:48:32  Recorder: held lines: 0 from FinCom, 0 asked, 0 resolved, 2 still held (2 in the list)
2026-10-09 08:48:32  Recorder: held lines: 0 from FinCom, 0 asked, 0 resolved, 2 still held (2 in the list)
2026-10-09 08:48:32  Recorder: held lines: 0 from FinCom, 0 asked, 0 resolved, 2 still held (2 in the list)
2026-10-09 08:48:32  Recorder: held lines: 0 from FinCom, 0 asked, 0 resolved, 2 still held (2 in the list)
2026-10-09 08:48:33  Recorder: held lines: 0 from FinCom, 0 asked, 0 resolved, 2 still held (2 in the list)
2026-10-09 08:48:33  Recorder: held lines: 0 from FinCom, 0 asked, 0 resolved, 2 still held (2 in the list)
2026-10-09 08:48:33  Recorder: held lines: 0 from FinCom, 0 asked, 0 resolved, 2 still held (2 in the list)
2026-10-09 08:48:33  Recorder: held lines: 0 from FinCom, 0 asked, 0 resolved, 2 still held (2 in the list)
2026-10-09 08:48:34  Recorder: held lines: 0 from FinCom, 0 asked, 0 resolved, 2 still held (2 in the list)
2026-10-09 08:48:34  Recorder: held lines: 0 from FinCom, 0 asked, 0 resolved, 2 still held (2 in the list)
2026-10-09 08:48:34  Recorder: held lines: 0 from FinCom, 0 asked, 0 resolved, 2 still held (2 in the list)
2026-10-09 08:48:34  Recorder: held lines: 0 from FinCom, 0 asked, 0 resolved, 2 still held (2 in the list)
2026-10-09 08:48:35  Recorder: held lines: 0 from FinCom, 0 asked, 0 resolved, 2 still held (2 in the list)
2026-10-09 08:48:35  Recorder: held lines: 0 from FinCom, 0 asked, 0 resolved, 2 still held (2 in the list)
2026-10-09 08:48:35  Recorder: held lines: 0 from FinCom, 0 asked, 0 resolved, 2 still held (2 in the list)
2026-10-09 08:48:35  Recorder: held lines: 0 from FinCom, 0 asked, 0 resolved, 2 still held (2 in the list)
2026-10-09 08:48:36  Recorder: held lines: 0 from FinCom, 0 asked, 0 resolved, 2 still held (2 in the list)
2026-10-09 08:48:36  Recorder: held lines: 0 from FinCom, 0 asked, 0 resolved, 2 still held (2 in the list)
2026-10-09 08:48:36  Recorder: held lines: 0 from FinCom, 0 asked, 0 resolved, 2 still held (2 in the list)
2026-10-09 08:48:36  Recorder: held lines: 0 from FinCom, 0 asked, 0 resolved, 2 still held (2 in the list)
2026-10-09 08:48:37  Recorder: held lines: 0 from FinCom, 0 asked, 0 resolved, 2 still held (2 in the list)
2026-10-09 08:48:37  Recorder: held lines: 0 from FinCom, 0 asked, 0 resolved, 2 still held (2 in the list)
2026-10-09 08:48:37  Recorder: held lines: 0 from FinCom, 0 asked, 0 resolved, 2 still held (2 in the list)
2026-10-09 08:48:37  Recorder: held lines: 0 from FinCom, 0 asked, 0 resolved, 2 still held (2 in the list)
2026-10-09 08:48:38  Recorder: held lines: 0 from FinCom, 0 asked, 0 resolved, 2 still held (2 in the list)
2026-10-09 08:48:38  Recorder: held lines: 0 from FinCom, 0 asked, 0 resolved, 2 still held (2 in the list)
2026-10-09 08:48:38  Recorder: held lines: 0 from FinCom, 0 asked, 0 resolved, 2 still held (2 in the list)
2026-10-09 08:48:38  Recorder: held lines: 0 from FinCom, 0 asked, 0 resolved, 2 still held (2 in the list)
2026-10-09 08:48:39  Recorder: held lines: 0 from FinCom, 0 asked, 0 resolved, 2 still held (2 in the list)
2026-10-09 08:48:39  Recorder: held lines: 0 from FinCom, 0 asked, 0 resolved, 2 still held (2 in the list)
2026-10-09 08:48:39  Recorder: held lines: 0 from FinCom, 0 asked, 0 resolved, 2 still held (2 in the list)
2026-10-09 08:48:39  Recorder: held lines: 0 from FinCom, 0 asked, 0 resolved, 2 still held (2 in the list)
2026-10-09 08:48:40  Recorder: held lines: 0 from FinCom, 0 asked, 0 resolved, 2 still held (2 in the list)
2026-10-09 08:48:40  Recorder: held lines: 0 from FinCom, 0 asked, 0 resolved, 2 still held (2 in the list)
2026-10-09 08:48:40  Recorder: held lines: 0 from FinCom, 0 asked, 0 resolved, 2 still held (2 in the list)
2026-10-09 08:48:40  Recorder: held lines: 0 from FinCom, 0 asked, 0 resolved, 2 still held (2 in the list)
2026-10-09 08:48:41  Recorder: held lines: 0 from FinCom, 0 asked, 0 resolved, 2 still held (2 in the list)
2026-10-09 08:48:41  Recorder: held lines: 0 from FinCom, 0 asked, 0 resolved, 2 still held (2 in the list)
2026-10-09 08:48:41  Recorder: held lines: 0 from FinCom, 0 asked, 0 resolved, 2 still held (2 in the list)
2026-10-09 08:48:42  Recorder: held lines: 0 from FinCom, 0 asked, 0 resolved, 2 still held (2 in the list)
2026-10-09 08:48:42  Recorder: held lines: 0 from FinCom, 0 asked, 0 resolved, 2 still held (2 in the list)
2026-10-09 08:48:42  Recorder: held lines: 0 from FinCom, 0 asked, 0 resolved, 2 still held (2 in the list)
2026-10-09 08:48:42  Recorder: held lines: 0 from FinCom, 0 asked, 0 resolved, 2 still held (2 in the list)
2026-10-09 08:48:43  Recorder: held lines: 0 from FinCom, 0 asked, 0 resolved, 2 still held (2 in the list)
2026-10-09 08:48:43  Recorder: held lines: 0 from FinCom, 0 asked, 0 resolved, 2 still held (2 in the list)
2026-10-09 08:48:43  Recorder: held lines: 0 from FinCom, 0 asked, 0 resolved, 2 still held (2 in the list)
2026-10-09 08:48:43  Recorder: held lines: 0 from FinCom, 0 asked, 0 resolved, 2 still held (2 in the list)
2026-10-09 08:48:44  Recorder: held lines: 0 from FinCom, 0 asked, 0 resolved, 2 still held (2 in the list)
2026-10-09 08:48:44  Recorder: held lines: 0 from FinCom, 0 asked, 0 resolved, 2 still held (2 in the list)
2026-10-09 08:48:44  Recorder: held lines: 0 from FinCom, 0 asked, 0 resolved, 2 still held (2 in the list)
2026-10-09 08:48:44  Recorder: held lines: 0 from FinCom, 0 asked, 0 resolved, 2 still held (2 in the list)
2026-10-09 08:48:45  Recorder: held lines: 0 from FinCom, 0 asked, 0 resolved, 2 still held (2 in the list)
2026-10-09 08:48:45  Recorder: held lines: 0 from FinCom, 0 asked, 0 resolved, 2 still held (2 in the list)
2026-10-09 08:48:45  Recorder: held lines: 0 from FinCom, 0 asked, 0 resolved, 2 still held (2 in the list)
2026-10-09 08:48:45  Recorder: held lines: 0 from FinCom, 0 asked, 0 resolved, 2 still held (2 in the list)
2026-10-09 08:48:46  Recorder: held lines: 0 from FinCom, 0 asked, 0 resolved, 2 still held (2 in the list)
2026-10-09 08:48:46  Recorder: held lines: 0 from FinCom, 0 asked, 0 resolved, 2 still held (2 in the list)
2026-10-09 08:48:46  Recorder: held lines: 0 from FinCom, 0 asked, 0 resolved, 2 still held (2 in the list)
2026-10-09 08:48:46  Recorder: Receipt 2 of 01-Nov-2026 (MasterID 4, line aab15491…): asking Tally by MasterID
2026-10-09 08:48:46  Recorder: FinCom Spike Co: delete of mid 4: held: this computer's Tally could not be asked whether it was deleted here (waiting: reading from Tally is stopped from FinCom; asked again when it is resumed); not sent as a delete: held
2026-10-09 08:48:46  Recorder: held lines: 0 from FinCom, 0 asked, 0 resolved, 3 still held (3 in the list)
2026-10-09 08:48:46  Renumbering: deleted Receipt 2 of 01-Nov-2026 in FinCom Spike Co: FinCom holds 0 later Receipt entries; each is read again from Tally to see whether Tally renumbered it
2026-10-09 08:48:46  Recorder: held lines: 0 from FinCom, 0 asked, 0 resolved, 3 still held (3 in the list)
2026-10-09 08:48:47  Recorder: held lines: 0 from FinCom, 0 asked, 0 resolved, 3 still held (3 in the list)
2026-10-09 08:48:47  Recorder: held lines: 0 from FinCom, 0 asked, 0 resolved, 3 still held (3 in the list)
2026-10-09 08:48:47  Recorder: held lines: 0 from FinCom, 0 asked, 0 resolved, 3 still held (3 in the list)
2026-10-09 08:48:47  Recorder: held lines: 0 from FinCom, 0 asked, 0 resolved, 3 still held (3 in the list)
2026-10-09 08:48:48  Recorder: held lines: 0 from FinCom, 0 asked, 0 resolved, 3 still held (3 in the list)
2026-10-09 08:48:48  Recorder: held lines: 0 from FinCom, 0 asked, 0 resolved, 3 still held (3 in the list)
2026-10-09 08:48:48  Recorder: held lines: 0 from FinCom, 0 asked, 0 resolved, 3 still held (3 in the list)
2026-10-09 08:48:48  Recorder: held lines: 0 from FinCom, 0 asked, 0 resolved, 3 still held (3 in the list)
2026-10-09 08:48:49  Recorder: held lines: 0 from FinCom, 0 asked, 0 resolved, 3 still held (3 in the list)
2026-10-09 08:48:49  Recorder: held lines: 0 from FinCom, 0 asked, 0 resolved, 3 still held (3 in the list)
2026-10-09 08:48:49  Recorder: held lines: 0 from FinCom, 0 asked, 0 resolved, 3 still held (3 in the list)
2026-10-09 08:48:49  Recorder: held lines: 0 from FinCom, 0 asked, 0 resolved, 3 still held (3 in the list)
2026-10-09 08:48:50  Recorder: held lines: 0 from FinCom, 0 asked, 0 resolved, 3 still held (3 in the list)
2026-10-09 08:48:50  Recorder: held lines: 0 from FinCom, 0 asked, 0 resolved, 3 still held (3 in the list)
2026-10-09 08:48:50  Recorder: held lines: 0 from FinCom, 0 asked, 0 resolved, 3 still held (3 in the list)
2026-10-09 08:48:50  Recorder: held lines: 0 from FinCom, 0 asked, 0 resolved, 3 still held (3 in the list)
2026-10-09 08:48:51  Recorder: held lines: 0 from FinCom, 0 asked, 0 resolved, 3 still held (3 in the list)
2026-10-09 08:48:51  Recorder: held lines: 0 from FinCom, 0 asked, 0 resolved, 3 still held (3 in the list)
2026-10-09 08:48:51  Recorder: held lines: 0 from FinCom, 0 asked, 0 resolved, 3 still held (3 in the list)
2026-10-09 08:48:51  Recorder: held lines: 0 from FinCom, 0 asked, 0 resolved, 3 still held (3 in the list)
2026-10-09 08:48:52  Recorder: held lines: 0 from FinCom, 0 asked, 0 resolved, 3 still held (3 in the list)
2026-10-09 08:48:52  Recorder: held lines: 0 from FinCom, 0 asked, 0 resolved, 3 still held (3 in the list)
2026-10-09 08:48:52  Recorder: held lines: 0 from FinCom, 0 asked, 0 resolved, 3 still held (3 in the list)
2026-10-09 08:48:52  Recorder: held lines: 0 from FinCom, 0 asked, 0 resolved, 3 still held (3 in the list)
2026-10-09 08:48:53  Recorder: held lines: 0 from FinCom, 0 asked, 0 resolved, 3 still held (3 in the list)
2026-10-09 08:48:53  Recorder: held lines: 0 from FinCom, 0 asked, 0 resolved, 3 still held (3 in the list)
2026-10-09 08:48:53  Recorder: held lines: 0 from FinCom, 0 asked, 0 resolved, 3 still held (3 in the list)
2026-10-09 08:48:53  Recorder: held lines: 0 from FinCom, 0 asked, 0 resolved, 3 still held (3 in the list)
2026-10-09 08:48:54  Recorder: held lines: 0 from FinCom, 0 asked, 0 resolved, 3 still held (3 in the list)
2026-10-09 08:48:54  Recorder: held lines: 0 from FinCom, 0 asked, 0 resolved, 3 still held (3 in the list)
2026-10-09 08:48:54  Reading from Tally resumed from FinCom (it was stopped: Stopped by the owner from FinCom (harness s1))
2026-10-09 08:48:54  Recorder: entry fetch of FinCom Spike Co: answered in 27 ms
2026-10-09 08:48:54  Recorder: Receipt 1 of 31-Oct-2026 (MasterID 3, line 6d2211a6…): taken: Tally's GUID 78e792f5-0cc9-41e9-b436-31be303c4cb2-00000003, AlterID 7
2026-10-09 08:48:54  Recorder: Receipt 1 of 20261031 in FinCom Spike Co resolved: sent as altered with its GUID 78e792f5-0cc9-41e9-b436-31be303c4cb2-00000003 and body
2026-10-09 08:48:55  Recorder: entry fetch of FinCom Spike Co: answered in 17 ms
2026-10-09 08:48:55  Recorder: Receipt 4 of 02-Oct-2026 (MasterID 6, line d6d56e7b…): taken: Tally's GUID 78e792f5-0cc9-41e9-b436-31be303c4cb2-00000006, AlterID 6
2026-10-09 08:48:55  Recorder: Receipt 4 of 20261002 in FinCom Spike Co resolved: sent as created with its GUID 78e792f5-0cc9-41e9-b436-31be303c4cb2-00000006 and body
2026-10-09 08:48:55  Recorder: Receipt 2 of 01-Nov-2026 (MasterID 4, line aab15491…): asking Tally again (a held line, ask 1 of 1: one request; if it stops or fails the line ends with the Day Book words)
2026-10-09 08:48:56  Recorder: entry fetch of FinCom Spike Co: answered in 13 ms
2026-10-09 08:48:56  Recorder: FinCom Spike Co: delete of mid 4: not in this Tally (asked by MasterID): proven deleted here
2026-10-09 08:48:56  Recorder: Receipt 2 of 01-Nov-2026 (MasterID 4, line aab15491…): proven in this Tally now: the delete goes as aab1549183a911f852866fda086c3279:resolved
2026-10-09 08:48:56  Recorder: held lines: 0 from FinCom, 3 asked, 3 resolved, 0 still held (3 in the list)
2026-10-09 08:48:56  Recorder: FinCom Spike Co: delete of mid 4: GUID from the bridge's record: 78e792f5-0cc9-41e9-b436-31be303c4cb2-00000004; the GUID its MasterID makes agrees
2026-10-09 08:48:56  Renumbering: made Receipt 4 of 02-Oct-2026 in FinCom Spike Co: FinCom holds 0 later Receipt entries; each is read again from Tally to see whether Tally renumbered it
2026-10-09 08:49:09  Reading from Tally stopped on this computer from FinCom: Stopped by the owner from FinCom (harness s3). Postings still go; reading starts again only from FinCom
2026-10-09 08:49:36  Recorder: Receipt 3 of 02-Nov-2026 (MasterID 5, line 87fb4bb6…): asking Tally by MasterID
2026-10-09 08:49:36  Recorder: FinCom Spike Co: delete of mid 5: held: this computer's Tally could not be asked whether it was deleted here (waiting: reading from Tally is stopped from FinCom; asked again when it is resumed); not sent as a delete: held
2026-10-09 08:49:36  Recorder: Receipt 3 of 02-Nov-2026 (MasterID 5, line 87fb4bb6…): asking Tally again (a held line, ask 1 of 1: one request; if it stops or fails the line ends with the Day Book words)
2026-10-09 08:49:36  Recorder: Receipt 3 of 02-Nov-2026 (MasterID 5, line 87fb4bb6…): not asked this time: Reading from Tally is stopped on this computer from FinCom (Stopped by the owner from FinCom (harness s3), 2026-10-09 08:49:08); nothing was sent to Tally. Post; asked when reading is resumed (not counted as a try)
2026-10-09 08:49:36  Recorder: held lines: 0 from FinCom, 0 asked, 0 resolved, 1 still held (1 in the list)
2026-10-09 08:49:36  Renumbering: deleted Receipt 3 of 02-Nov-2026 in FinCom Spike Co: FinCom holds 0 later Receipt entries; each is read again from Tally to see whether Tally renumbered it
2026-10-09 08:49:36  Recorder: held lines: 0 from FinCom, 0 asked, 0 resolved, 1 still held (1 in the list)
2026-10-09 08:49:37  Recorder: held lines: 0 from FinCom, 0 asked, 0 resolved, 1 still held (1 in the list)
2026-10-09 08:49:37  Recorder: held lines: 0 from FinCom, 0 asked, 0 resolved, 1 still held (1 in the list)
2026-10-09 08:49:37  Recorder: held lines: 0 from FinCom, 0 asked, 0 resolved, 1 still held (1 in the list)
2026-10-09 08:49:37  Recorder: held lines: 0 from FinCom, 0 asked, 0 resolved, 1 still held (1 in the list)
2026-10-09 08:49:38  Recorder: held lines: 0 from FinCom, 0 asked, 0 resolved, 1 still held (1 in the list)
2026-10-09 08:49:38  Recorder: held lines: 0 from FinCom, 0 asked, 0 resolved, 1 still held (1 in the list)
2026-10-09 08:49:38  Recorder: held lines: 0 from FinCom, 0 asked, 0 resolved, 1 still held (1 in the list)
2026-10-09 08:49:38  Recorder: held lines: 0 from FinCom, 0 asked, 0 resolved, 1 still held (1 in the list)
2026-10-09 08:49:39  Recorder: held lines: 0 from FinCom, 0 asked, 0 resolved, 1 still held (1 in the list)
2026-10-09 08:49:39  Recorder: held lines: 0 from FinCom, 0 asked, 0 resolved, 1 still held (1 in the list)
2026-10-09 08:49:39  Recorder: held lines: 0 from FinCom, 0 asked, 0 resolved, 1 still held (1 in the list)
2026-10-09 08:49:39  Recorder: held lines: 0 from FinCom, 0 asked, 0 resolved, 1 still held (1 in the list)
2026-10-09 08:49:40  Recorder: held lines: 0 from FinCom, 0 asked, 0 resolved, 1 still held (1 in the list)
2026-10-09 08:49:40  Recorder: held lines: 0 from FinCom, 0 asked, 0 resolved, 1 still held (1 in the list)
2026-10-09 08:49:40  Recorder: held lines: 0 from FinCom, 0 asked, 0 resolved, 1 still held (1 in the list)
2026-10-09 08:49:41  Recorder: held lines: 0 from FinCom, 0 asked, 0 resolved, 1 still held (1 in the list)
2026-10-09 08:49:41  Recorder: held lines: 0 from FinCom, 0 asked, 0 resolved, 1 still held (1 in the list)
2026-10-09 08:49:41  Recorder: held lines: 0 from FinCom, 0 asked, 0 resolved, 1 still held (1 in the list)
2026-10-09 08:49:41  Recorder: held lines: 0 from FinCom, 0 asked, 0 resolved, 1 still held (1 in the list)
2026-10-09 08:49:42  Recorder: held lines: 0 from FinCom, 0 asked, 0 resolved, 1 still held (1 in the list)
2026-10-09 08:49:42  Recorder: held lines: 0 from FinCom, 0 asked, 0 resolved, 1 still held (1 in the list)
2026-10-09 08:49:42  Recorder: held lines: 0 from FinCom, 0 asked, 0 resolved, 1 still held (1 in the list)
2026-10-09 08:49:42  Recorder: held lines: 0 from FinCom, 0 asked, 0 resolved, 1 still held (1 in the list)
2026-10-09 08:49:43  Recorder: held lines: 0 from FinCom, 0 asked, 0 resolved, 1 still held (1 in the list)
2026-10-09 08:49:43  Recorder: held lines: 0 from FinCom, 0 asked, 0 resolved, 1 still held (1 in the list)
2026-10-09 08:49:43  Recorder: held lines: 0 from FinCom, 0 asked, 0 resolved, 1 still held (1 in the list)
2026-10-09 08:49:43  Recorder: held lines: 0 from FinCom, 0 asked, 0 resolved, 1 still held (1 in the list)
2026-10-09 08:49:44  Recorder: held lines: 0 from FinCom, 0 asked, 0 resolved, 1 still held (1 in the list)
2026-10-09 08:49:44  Recorder: held lines: 0 from FinCom, 0 asked, 0 resolved, 1 still held (1 in the list)
2026-10-09 08:49:44  Recorder: held lines: 0 from FinCom, 0 asked, 0 resolved, 1 still held (1 in the list)
2026-10-09 08:49:44  Restarting: asked from the tray icon
2026-10-09 08:49:46  FinCom Bridge 2.4.0 (Go) started on 127.0.0.1:9100: the only bridge on this computer; working for runnervmfi6oq\runneradmin, Windows session 2; runs just for this Windows user (starts at sign-in, no service)
2026-10-09 08:49:46  Tally is open on port 9000; the bridge reads it only after an event (a client opened in FinCom, Update now, a posting, the nightly catch-up at 19:00)
2026-10-09 08:49:46  Recorder: Receipt 3 of 02-Nov-2026 (MasterID 5, line 87fb4bb6…): asking Tally again (a held line, ask 1 of 1: one request; if it stops or fails the line ends with the Day Book words)
2026-10-09 08:49:46  Recorder: Receipt 3 of 02-Nov-2026 (MasterID 5, line 87fb4bb6…): not asked this time: Reading from Tally is stopped on this computer from FinCom (Stopped by the owner from FinCom (harness s3), 2026-10-09 08:49:08); nothing was sent to Tally. Post; asked when reading is resumed (not counted as a try)
2026-10-09 08:49:46  Recorder: held lines: 0 from FinCom, 0 asked, 0 resolved, 1 still held (1 in the list)
2026-10-09 08:49:46  Check:  - 
2026-10-09 08:49:46  Recorder: held lines: 0 from FinCom, 0 asked, 0 resolved, 1 still held (1 in the list)
2026-10-09 08:49:46  Recorder: held lines: 0 from FinCom, 0 asked, 0 resolved, 1 still held (1 in the list)
2026-10-09 08:49:46  Recorder: held lines: 0 from FinCom, 0 asked, 0 resolved, 1 still held (1 in the list)
2026-10-09 08:49:47  Recorder: held lines: 0 from FinCom, 0 asked, 0 resolved, 1 still held (1 in the list)
2026-10-09 08:49:47  Recorder: held lines: 0 from FinCom, 0 asked, 0 resolved, 1 still held (1 in the list)
2026-10-09 08:49:47  Recorder: held lines: 0 from FinCom, 0 asked, 0 resolved, 1 still held (1 in the list)
2026-10-09 08:49:47  Recorder: held lines: 0 from FinCom, 0 asked, 0 resolved, 1 still held (1 in the list)
2026-10-09 08:49:48  Recorder: held lines: 0 from FinCom, 0 asked, 0 resolved, 1 still held (1 in the list)
2026-10-09 08:49:48  Recorder: held lines: 0 from FinCom, 0 asked, 0 resolved, 1 still held (1 in the list)
2026-10-09 08:49:48  Recorder: held lines: 0 from FinCom, 0 asked, 0 resolved, 1 still held (1 in the list)
2026-10-09 08:49:48  Recorder: held lines: 0 from FinCom, 0 asked, 0 resolved, 1 still held (1 in the list)
2026-10-09 08:49:49  Light check of FinCom Spike Co: skipped: reading is stopped from FinCom (Stopped by the owner from FinCom (harness s3))
2026-10-09 08:49:49  Trial tools switched on for this computer in FinCom: the tray shows the trial items
2026-10-09 08:49:49  Recorder: held lines: 0 from FinCom, 0 asked, 0 resolved, 1 still held (1 in the list)
2026-10-09 08:49:49  Recorder: held lines: 0 from FinCom, 0 asked, 0 resolved, 1 still held (1 in the list)
2026-10-09 08:49:49  Recorder: held lines: 0 from FinCom, 0 asked, 0 resolved, 1 still held (1 in the list)
2026-10-09 08:49:49  Recorder: held lines: 0 from FinCom, 0 asked, 0 resolved, 1 still held (1 in the list)
2026-10-09 08:49:50  Recorder: held lines: 0 from FinCom, 0 asked, 0 resolved, 1 still held (1 in the list)
2026-10-09 08:49:50  Recorder: held lines: 0 from FinCom, 0 asked, 0 resolved, 1 still held (1 in the list)
2026-10-09 08:49:50  Recorder: held lines: 0 from FinCom, 0 asked, 0 resolved, 1 still held (1 in the list)
2026-10-09 08:49:50  Recorder: held lines: 0 from FinCom, 0 asked, 0 resolved, 1 still held (1 in the list)
2026-10-09 08:49:51  Recorder: held lines: 0 from FinCom, 0 asked, 0 resolved, 1 still held (1 in the list)
2026-10-09 08:49:51  Recorder: held lines: 0 from FinCom, 0 asked, 0 resolved, 1 still held (1 in the list)
2026-10-09 08:49:51  Recorder: held lines: 0 from FinCom, 0 asked, 0 resolved, 1 still held (1 in the list)
2026-10-09 08:49:51  Recorder: held lines: 0 from FinCom, 0 asked, 0 resolved, 1 still held (1 in the list)
2026-10-09 08:49:52  Recorder: held lines: 0 from FinCom, 0 asked, 0 resolved, 1 still held (1 in the list)
2026-10-09 08:49:52  Recorder: held lines: 0 from FinCom, 0 asked, 0 resolved, 1 still held (1 in the list)
2026-10-09 08:49:52  Recorder: held lines: 0 from FinCom, 0 asked, 0 resolved, 1 still held (1 in the list)
2026-10-09 08:49:52  Recorder: held lines: 0 from FinCom, 0 asked, 0 resolved, 1 still held (1 in the list)
2026-10-09 08:49:53  Recorder: held lines: 0 from FinCom, 0 asked, 0 resolved, 1 still held (1 in the list)
2026-10-09 08:49:53  Recorder: held lines: 0 from FinCom, 0 asked, 0 resolved, 1 still held (1 in the list)
2026-10-09 08:49:53  Recorder: held lines: 0 from FinCom, 0 asked, 0 resolved, 1 still held (1 in the list)
2026-10-09 08:49:53  Recorder: held lines: 0 from FinCom, 0 asked, 0 resolved, 1 still held (1 in the list)
2026-10-09 08:49:54  Recorder: held lines: 0 from FinCom, 0 asked, 0 resolved, 1 still held (1 in the list)
2026-10-09 08:49:54  Recorder: held lines: 0 from FinCom, 0 asked, 0 resolved, 1 still held (1 in the list)
2026-10-09 08:49:54  Recorder: held lines: 0 from FinCom, 0 asked, 0 resolved, 1 still held (1 in the list)
2026-10-09 08:49:54  Recorder: held lines: 0 from FinCom, 0 asked, 0 resolved, 1 still held (1 in the list)
2026-10-09 08:49:55  Recorder: held lines: 0 from FinCom, 0 asked, 0 resolved, 1 still held (1 in the list)
2026-10-09 08:49:55  Recorder: held lines: 0 from FinCom, 0 asked, 0 resolved, 1 still held (1 in the list)
2026-10-09 08:49:55  Recorder: held lines: 0 from FinCom, 0 asked, 0 resolved, 1 still held (1 in the list)
2026-10-09 08:49:55  Recorder: held lines: 0 from FinCom, 0 asked, 0 resolved, 1 still held (1 in the list)
2026-10-09 08:49:56  Recorder: held lines: 0 from FinCom, 0 asked, 0 resolved, 1 still held (1 in the list)
2026-10-09 08:49:56  Recorder: held lines: 0 from FinCom, 0 asked, 0 resolved, 1 still held (1 in the list)
2026-10-09 08:49:56  Recorder: held lines: 0 from FinCom, 0 asked, 0 resolved, 1 still held (1 in the list)
2026-10-09 08:49:56  Recorder: held lines: 0 from FinCom, 0 asked, 0 resolved, 1 still held (1 in the list)
2026-10-09 08:49:57  Recorder: held lines: 0 from FinCom, 0 asked, 0 resolved, 1 still held (1 in the list)
2026-10-09 08:49:57  Recorder: held lines: 0 from FinCom, 0 asked, 0 resolved, 1 still held (1 in the list)
2026-10-09 08:49:57  Recorder: held lines: 0 from FinCom, 0 asked, 0 resolved, 1 still held (1 in the list)
2026-10-09 08:49:57  Recorder: held lines: 0 from FinCom, 0 asked, 0 resolved, 1 still held (1 in the list)
2026-10-09 08:49:58  Recorder: held lines: 0 from FinCom, 0 asked, 0 resolved, 1 still held (1 in the list)
2026-10-09 08:49:58  Recorder: held lines: 0 from FinCom, 0 asked, 0 resolved, 1 still held (1 in the list)
2026-10-09 08:49:58  Recorder: held lines: 0 from FinCom, 0 asked, 0 resolved, 1 still held (1 in the list)
2026-10-09 08:49:58  Recorder: held lines: 0 from FinCom, 0 asked, 0 resolved, 1 still held (1 in the list)
2026-10-09 08:49:59  Recorder: held lines: 0 from FinCom, 0 asked, 0 resolved, 1 still held (1 in the list)
2026-10-09 08:49:59  Recorder: held lines: 0 from FinCom, 0 asked, 0 resolved, 1 still held (1 in the list)
2026-10-09 08:49:59  Recorder: held lines: 0 from FinCom, 0 asked, 0 resolved, 1 still held (1 in the list)
2026-10-09 08:49:59  Recorder: held lines: 0 from FinCom, 0 asked, 0 resolved, 1 still held (1 in the list)
2026-10-09 08:50:00  Recorder: held lines: 0 from FinCom, 0 asked, 0 resolved, 1 still held (1 in the list)
2026-10-09 08:50:00  Recorder: held lines: 0 from FinCom, 0 asked, 0 resolved, 1 still held (1 in the list)
2026-10-09 08:50:00  Recorder: held lines: 0 from FinCom, 0 asked, 0 resolved, 1 still held (1 in the list)
2026-10-09 08:50:00  Recorder: held lines: 0 from FinCom, 0 asked, 0 resolved, 1 still held (1 in the list)
2026-10-09 08:50:01  Recorder: held lines: 0 from FinCom, 0 asked, 0 resolved, 1 still held (1 in the list)
2026-10-09 08:50:01  Recorder: held lines: 0 from FinCom, 0 asked, 0 resolved, 1 still held (1 in the list)
2026-10-09 08:50:01  Recorder: held lines: 0 from FinCom, 0 asked, 0 resolved, 1 still held (1 in the list)
2026-10-09 08:50:02  Recorder: held lines: 0 from FinCom, 0 asked, 0 resolved, 1 still held (1 in the list)
2026-10-09 08:50:02  Recorder: held lines: 0 from FinCom, 0 asked, 0 resolved, 1 still held (1 in the list)
2026-10-09 08:50:02  Recorder: held lines: 0 from FinCom, 0 asked, 0 resolved, 1 still held (1 in the list)
2026-10-09 08:50:02  Recorder: held lines: 0 from FinCom, 0 asked, 0 resolved, 1 still held (1 in the list)
2026-10-09 08:50:03  Recorder: held lines: 0 from FinCom, 0 asked, 0 resolved, 1 still held (1 in the list)
2026-10-09 08:50:03  Recorder: held lines: 0 from FinCom, 0 asked, 0 resolved, 1 still held (1 in the list)
2026-10-09 08:50:03  Recorder: held lines: 0 from FinCom, 0 asked, 0 resolved, 1 still held (1 in the list)
2026-10-09 08:50:03  Recorder: held lines: 0 from FinCom, 0 asked, 0 resolved, 1 still held (1 in the list)
2026-10-09 08:50:04  Recorder: held lines: 0 from FinCom, 0 asked, 0 resolved, 1 still held (1 in the list)
2026-10-09 08:50:04  Recorder: held lines: 0 from FinCom, 0 asked, 0 resolved, 1 still held (1 in the list)
2026-10-09 08:50:04  Recorder: held lines: 0 from FinCom, 0 asked, 0 resolved, 1 still held (1 in the list)
2026-10-09 08:50:04  Recorder: held lines: 0 from FinCom, 0 asked, 0 resolved, 1 still held (1 in the list)
2026-10-09 08:50:05  Recorder: held lines: 0 from FinCom, 0 asked, 0 resolved, 1 still held (1 in the list)
2026-10-09 08:50:05  Recorder: held lines: 0 from FinCom, 0 asked, 0 resolved, 1 still held (1 in the list)
2026-10-09 08:50:05  Recorder: held lines: 0 from FinCom, 0 asked, 0 resolved, 1 still held (1 in the list)
2026-10-09 08:50:05  Recorder: held lines: 0 from FinCom, 0 asked, 0 resolved, 1 still held (1 in the list)
2026-10-09 08:50:06  Recorder: held lines: 0 from FinCom, 0 asked, 0 resolved, 1 still held (1 in the list)
2026-10-09 08:50:06  Recorder: held lines: 0 from FinCom, 0 asked, 0 resolved, 1 still held (1 in the list)
2026-10-09 08:50:06  Recorder: held lines: 0 from FinCom, 0 asked, 0 resolved, 1 still held (1 in the list)
2026-10-09 08:50:06  Recorder: held lines: 0 from FinCom, 0 asked, 0 resolved, 1 still held (1 in the list)
2026-10-09 08:50:07  Recorder: held lines: 0 from FinCom, 0 asked, 0 resolved, 1 still held (1 in the list)
2026-10-09 08:50:07  Recorder: held lines: 0 from FinCom, 0 asked, 0 resolved, 1 still held (1 in the list)
2026-10-09 08:50:07  Recorder: held lines: 0 from FinCom, 0 asked, 0 resolved, 1 still held (1 in the list)
2026-10-09 08:50:07  Recorder: held lines: 0 from FinCom, 0 asked, 0 resolved, 1 still held (1 in the list)
2026-10-09 08:50:08  Recorder: held lines: 0 from FinCom, 0 asked, 0 resolved, 1 still held (1 in the list)
2026-10-09 08:50:08  Recorder: held lines: 0 from FinCom, 0 asked, 0 resolved, 1 still held (1 in the list)
2026-10-09 08:50:08  Recorder: held lines: 0 from FinCom, 0 asked, 0 resolved, 1 still held (1 in the list)
2026-10-09 08:50:09  Recorder: held lines: 0 from FinCom, 0 asked, 0 resolved, 1 still held (1 in the list)
2026-10-09 08:50:09  Recorder: held lines: 0 from FinCom, 0 asked, 0 resolved, 1 still held (1 in the list)
2026-10-09 08:50:09  Recorder: held lines: 0 from FinCom, 0 asked, 0 resolved, 1 still held (1 in the list)
2026-10-09 08:50:09  Recorder: held lines: 0 from FinCom, 0 asked, 0 resolved, 1 still held (1 in the list)
2026-10-09 08:50:10  Recorder: held lines: 0 from FinCom, 0 asked, 0 resolved, 1 still held (1 in the list)
2026-10-09 08:50:10  Recorder: held lines: 0 from FinCom, 0 asked, 0 resolved, 1 still held (1 in the list)
2026-10-09 08:50:10  Recorder: held lines: 0 from FinCom, 0 asked, 0 resolved, 1 still held (1 in the list)
2026-10-09 08:50:10  Recorder: held lines: 0 from FinCom, 0 asked, 0 resolved, 1 still held (1 in the list)
2026-10-09 08:50:11  Recorder: held lines: 0 from FinCom, 0 asked, 0 resolved, 1 still held (1 in the list)
2026-10-09 08:50:11  Recorder: held lines: 0 from FinCom, 0 asked, 0 resolved, 1 still held (1 in the list)
2026-10-09 08:50:11  Recorder: held lines: 0 from FinCom, 0 asked, 0 resolved, 1 still held (1 in the list)
2026-10-09 08:50:11  Recorder: held lines: 0 from FinCom, 0 asked, 0 resolved, 1 still held (1 in the list)
2026-10-09 08:50:12  Recorder: held lines: 0 from FinCom, 0 asked, 0 resolved, 1 still held (1 in the list)
2026-10-09 08:50:12  Recorder: held lines: 0 from FinCom, 0 asked, 0 resolved, 1 still held (1 in the list)
2026-10-09 08:50:12  Recorder: held lines: 0 from FinCom, 0 asked, 0 resolved, 1 still held (1 in the list)
2026-10-09 08:50:12  Recorder: held lines: 0 from FinCom, 0 asked, 0 resolved, 1 still held (1 in the list)
2026-10-09 08:50:13  Recorder: held lines: 0 from FinCom, 0 asked, 0 resolved, 1 still held (1 in the list)
2026-10-09 08:50:13  Recorder: held lines: 0 from FinCom, 0 asked, 0 resolved, 1 still held (1 in the list)
2026-10-09 08:50:13  Recorder: held lines: 0 from FinCom, 0 asked, 0 resolved, 1 still held (1 in the list)
2026-10-09 08:50:13  Recorder: held lines: 0 from FinCom, 0 asked, 0 resolved, 1 still held (1 in the list)
2026-10-09 08:50:14  Recorder: held lines: 0 from FinCom, 0 asked, 0 resolved, 1 still held (1 in the list)
2026-10-09 08:50:14  Reading from Tally resumed from FinCom (it was stopped: Stopped by the owner from FinCom (harness s3))
2026-10-09 08:50:14  Recorder: entry fetch of FinCom Spike Co: answered in 12 ms
2026-10-09 08:50:14  Recorder: entry fetch of FinCom Spike Co: answered in 13 ms
2026-10-09 08:50:15  Recorder: FinCom Spike Co: delete of mid 5: not in this Tally (asked by MasterID): proven deleted here
2026-10-09 08:50:15  Recorder: Receipt 3 of 02-Nov-2026 (MasterID 5, line 87fb4bb6…): proven in this Tally now: the delete goes as 87fb4bb65994c2ec28c5f30151d0cdc5:resolved
2026-10-09 08:50:15  Recorder: held lines: 0 from FinCom, 1 asked, 1 resolved, 0 still held (1 in the list)
2026-10-09 08:50:15  Recorder: FinCom Spike Co: delete of mid 5: GUID from the bridge's record: 78e792f5-0cc9-41e9-b436-31be303c4cb2-00000005; the GUID its MasterID makes agrees
2026-10-09 08:50:15  Renumbering: deleted Receipt 3 of 02-Nov-2026 in FinCom Spike Co: FinCom holds 0 later Receipt entries; each is read again from Tally to see whether Tally renumbered it
2026-10-09 08:50:19  Company FinCom Spike Co: change numbers read with form a: ALTVCHID=11, ALTMSTID=209
2026-10-09 08:50:19  Light check of FinCom Spike Co: unchanged starting point ALTVCHID=2; now ALTVCHID=11, ALTMSTID=209
2026-10-09 08:50:19  Bank dates: FinCom Spike Co: Tally's voucher counter moved with no add-on line for 2 entries (a bank date set in Bank Reconciliation, or another change Tally makes without a voucher form); each is read again from Tally
2026-10-09 08:50:19  Recorder: entry fetch of FinCom Spike Co: answered in 18 ms
2026-10-09 08:50:20  Recorder: Receipt 4 of 02-Oct-2026 (MasterID 6, line 0bea060b…): taken: Tally's GUID 78e792f5-0cc9-41e9-b436-31be303c4cb2-00000006, AlterID 6
2026-10-09 08:50:20  Recorder: entry fetch of FinCom Spike Co: answered in 22 ms
2026-10-09 08:50:20  Recorder: Receipt 1 of 31-Oct-2026 (MasterID 3, line e55c637d…): taken: Tally's GUID 78e792f5-0cc9-41e9-b436-31be303c4cb2-00000003, AlterID 7
2026-10-09 08:50:55  Recorder: Receipt 5 of 01-Dec-2026 (MasterID 9, line c9c0d917…): asking Tally by MasterID
2026-10-09 08:50:57  Tally 9000: Other took 2.2s and failed: Tally took longer than the recorder's limit; the bridge stopped waiting (2 s)
2026-10-09 08:50:57  Tally 9000 did not answer in time at 08:50:57 (FinComVoucherObject, try 1); trying again by itself at 08:51:12
2026-10-09 08:50:57  Recorder: entry fetch of FinCom Spike Co: over 2 s (stopped)
2026-10-09 08:50:57  Recorder: Receipt 5 of 01-Dec-2026 (MasterID 9, line c9c0d917…): held at once: waiting: Tally took longer than 2 s; FinCom asks once more at 08:55 (sent now without its body; FinCom shows it held, and this bridge asks Tally once more)
2026-10-09 08:51:15  Tally 9000 finished the request the bridge stopped waiting for (FinComVoucherObject) 18s after the stop; its answer is discarded and the next request goes now
2026-10-09 08:54:37  Notification shown: Tally not open (tally:d47ca5d986f61bed; not shown again for this problem)
2026-10-09 08:55:57  Recorder: Receipt 5 of 01-Dec-2026 (MasterID 9, line c9c0d917…): asking Tally again (a held line, ask 1 of 1: one request; if it stops or fails the line ends with the Day Book words)
2026-10-09 08:55:57  Recorder: Receipt 5 of 01-Dec-2026 (MasterID 9, line c9c0d917…): not asked this time: TallyPrime is not running in your Windows login, or does not accept connections (F1 Help > Settings > Connectivity: TallyPrime acts as Both). (not counted as a try)
2026-10-09 08:55:57  Recorder: held lines: 0 from FinCom, 1 asked, 0 resolved, 1 still held (1 in the list)
