[06:29:06.491] push-design on TallyPrime 6.2: reps 5, heavy 3000 ledgers / 3000 items / up to 30000 vouchers (40 min), postings 1
[06:29:11.502] system clock step after timeBeginPeriod(1): 0.42 ms (min 0.0047, max 4.2433)
[06:29:11.524] two files written 2 ms apart: NTFS write times 8.4478 ms apart
[06:29:11.544] light company folder: D:\a\_temp\TallyData\100000
[06:29:11.601] fast234 (fast234g) on TallyPrime 6.2: today's request 2927 chars, 61 fields
[06:29:11.641] ---- fast234g: GST on (D:\a\_temp\fast234g\on)
[06:29:14.661] tally.ini: Data D:\a\_temp\fast234g\on; TDL: none
[keys] 'a'
[keys] 't'
[shot] p-g-on-setup-started (1024x768)
[06:29:42.787] Tally started (g-on-setup) in 28.1 s; company open: True
[06:29:42.814] import company GST on: 1 sent, created 0, errors 0, 10.2 ms
[06:29:42.819] GST on: ISGSTON before 'Yes', after the alteration 'Yes'
[06:29:42.956] import light masters: 60 sent, created 59, errors 0, 126.6 ms
[06:29:43.028] import xml item invoice: 1 sent, created 1, errors 0, 62.1 ms
[06:29:43.049] import xml accounting sales: 1 sent, created 1, errors 0, 18.1 ms
[06:29:43.067] import xml accounting sales (IRN to come): 1 sent, created 1, errors 0, 16.9 ms
[06:29:43.123] import IRN and e-way bill written back (alter): 1 sent, created 1, errors 0, 17.6 ms
[shot] tds-001-gw0 (1024x768)
[06:29:47] [tds] screen tds-001-gw0 : EDU Recyc Prime Gatewa of Tall CURRENT PERIOD K: Company Y: Data Z: Exchange CURRENT OATE Wednesday, I-Apr-2026 O: Import E: Export M: Share p: print Fl: Help Date 161 51405 Firefo Googl Chro Micros 46 IypÅ Unity I-Apr-26 to 31-Mar-27 NAME OF COMPANY FinCom Spike Co Gateway of Tally MASTERS Create Alter CHart of Accounts TRANSACTIONS Vouchers Day 800K UTILITIES BaNking REPORTS Balance Sheet Profit & Loss A/c Stock Summary Ratio Analysis Display More Reports DashbOard Quit Q upr-26 Search Company nt to 37a39 48657 ' , "tra Hub" , 5a-2f 48657 ' , "tra 39ea- isten unnin ion_i 4a28— a-2f6 ally Win...
[shot] tds-002-g-on-screen-start (1024x768)
[06:29:48] [tds] screen tds-002-g-on-screen-start : EDU Recyc Prime Gatewa of Tall CURRENT PERIOD K: Company Y: Data Z: Exchange CURRENT OATE Wednesday, I-Apr-2026 O: Import E: Export M: Share p: print Fl: Help Date 161 51405 Firefo Googl Chro Micros 46 IypÅ Unity I-Apr-26 to 31-Mar-27 NAME OF COMPANY FinCom Spike Co Gateway of Tally MASTERS Create Alter CHart of Accounts TRANSACTIONS Vouchers Day 800K UTILITIES BaNking REPORTS Balance Sheet Profit & Loss A/c Stock Summary Ratio Analysis Display More Reports DashbOard Quit Q upr-26 Search Company nt to 37a39 48657 ' , "tra Hub" , 5a-2f 48657 ' , "tra 39ea- isten unnin ion_i 4a28— a-2f6 ally Win...
[keys] 'v'
[shot] tds-003-g-on-screen-vouchers (1024x768)
[06:29:52] [tds] screen tds-003-g-on-screen-vouchers : EDU Recyc Prime K: Company Y: Data Accounting Voucher Creation Pa ment No. 1 Firefo Account Current balance: Particulars Googl Chro Micros 46 IypÅ Narration: Unity Quit Z: Exchange A Accept Q Search O: Import E: Export M: Share FinCom • ke Co p: print upr-26 Wednesday Amount Fl: Help Q: Date Company • 161 51405 nt to 37a39 48657 : ' , "tra Hub" , 5a-2f 48657 ' , "tra 39ea- isten unnin ion_i 4a28— a-2f6 ally D: Delete x: Cancel Vch Ed: Contra F-5: Payment Receipt Journal Sales Purchase Fl O: OåuVooctgs E: Autofill Change Mode More Details O: Related ¯ Repons Optional post -Dated J: Stat Adjustm...
[keys] '{F8}'
[shot] tds-004-g-on-screen-type (1024x768)
[06:29:55] [tds] screen tds-004-g-on-screen-type : EDU Recyc Prime K: Company Y: Data Accounting Voucher Creation Z: Exchange A Accept Q Search FinCom • ke Co O: Import E: Export List of Led er Accounts Cash HDFC Bank Spike Party Spike Party 2 Template Party Ul Party M: Share p: print x Create Firef Googl Chro Micros 46 IypÅ Unity Sales Party Alc narne. Current balance: Sales ledger: Current balance: Name of Item Narration: Quit Fl: Help Date Company F4: Contra F5: Payment Receipt Journal F8: Sales Purchase F: Autofill Change Mode More Details o: L: 161 51405 nt to 37a39 48657 ' , "tra Hub" , 5a-2f 48657 ' , "tra 39ea- isten unnin ion_i 4a28— ...
[keys] '^h'
[shot] tds-005-g-on-screen-mode (1024x768)
[06:29:59] [tds] screen tds-005-g-on-screen-mode : o Recyc Firefo Googl Chron Micros lyp Unity EDU Prime Change Mode Quit K: Company Y: Data Z: Exchange O: Import E: Export o M: Share p: print x FinCom • ke Co Change Voucher Mode Item Invoice List of Modes/Usa es Item Invoice Accounting Invoice As Voucher A Accept Q Search Fl: Help 51405 nt to 37a39 48657 ' , "tra Hub" , 5a-2f 48657 ' , "tra : '2.3 39ea- isten unnin ion_i 4a28— ge" a-2f6 ally Windows Server 2025 Datacenter Build 26100.ge_release240331-1435 6:29 AM 10/8/2026
[keys] 'Item Invoice{ENTER}'
[shot] tds-006-g-on-screen-item-mode (1024x768)
[06:30:02] [tds] screen tds-006-g-on-screen-item-mode : EDU Recyc Prime K: Company Y: Data Accounting Voucher Creation Z: Exchange A Accept Q Search FinCom • ke Co O: Import E: Export List of Led er Accounts Cash HDFC Bank Spike Party Spike Party 2 Template Party Ul Party M: Share p: print x Create Firef Googl Chro Micros 46 IypÅ Unity Sales Party Alc narne. Current balance: Sales ledger: Current balance: Name of Item Narration: Quit Fl: Help Date Company F4: Contra F5: Payment Receipt Journal F8: Sales Purchase F: Autofill Change Mode More Details o: L: 161 51405 nt to 37a39 48657 ' , "tra Hub" , 5a-2f 48657 ' , "tra 39ea- isten unnin ion_i 4a28— ...
[keys] '{F2}'
[shot] tds-007-g-on-screen-date-box (1024x768)
[06:30:04] [tds] screen tds-007-g-on-screen-date-box : o Recyc Firefo EDU Prime Change Voucher Date K: Company Y: Data Z: Exchange A Accept Q Search O: Import E: Export o M: Share p: print x Googl Chron Micros lyp Unity Quit FinCom Spike Co Voucher Date 24-2026 Fl: Help 51405 nt to 37a39 48657 ' , "tra Hub" , 5a-2f 48657 ' , "tra : '2.3 39ea- isten unnin ion_i 4a28— ge" a-2f6 ally Windows Server 2025 Datacenter Build 26100.ge_release240331-1435 6:30 AM 10/8/2026
[keys] '2-10-2026{ENTER}'
[shot] tds-008-g-on-screen-date (1024x768)
[06:30:07] [tds] screen tds-008-g-on-screen-date : EDU Recyc Prime K: Company Y: Data Accounting Voucher Creation Z: Exchange A Accept Q Search FinCom • ke Co O: Import E: Export List of Led er Accounts Cash HDFC Bank Spike Party Spike Party 2 Template Party Ul Party M: Share p: print x Create Firef Googl Chro Micros 46 IypÅ Unity Sales Party Alc narne. Current balance: Sales ledger: Current balance: Name of Item Narration: Quit Fl: Help Date Company F4: Contra F5: Payment Receipt Journal F8: Sales Purchase F: Autofill Change Mode More Details o: L: 161 51405 nt to 37a39 48657 ' , "tra Hub" , 5a-2f 48657 ' , "tra 39ea- isten unnin ion_i 4a28— ...
[keys] 'Template Party{ENTER}'
[shot] tds-009-g-on-screen-party (1024x768)
[06:30:12] [tds] screen tds-009-g-on-screen-party : Recyc Firefo Googl Chron EDU Prime Details K: Company Y: Data Z: Exchange A Accept Q Search O: Import E: Export o M: Share p: print o Fl: Help FinCom Spike Co Dispatch Details Dispatch Doc No. Dispatched through Destination Carrier Name/Agent Bill of No. Motor Vehicle No. Delivery Note No(s) Micros lyp Unity Quit Date: x 51405 nt to 37a39 48657 ' , "tra Hub" , 5a-2f 48657 ' , "tra : '2.3 39ea- isten unnin ion_i 4a28— ge" a-2f6 ally Windows Server 2025 Datacenter Build 26100.ge_release240331-1435 6:30 AM 10/8/2026
[shot] tds-010-g-on-screen-party-sub1 (1024x768)
[06:30:12] [tds] screen tds-010-g-on-screen-party-sub1 : Recyc Firefo Googl Chron EDU Prime Details K: Company Y: Data Z: Exchange A Accept Q Search O: Import E: Export o M: Share p: print o Fl: Help FinCom Spike Co Dispatch Details Dispatch Doc No. Dispatched through Destination Carrier Name/Agent Bill of No. Motor Vehicle No. Delivery Note No(s) Micros lyp Unity Quit Date: x 51405 nt to 37a39 48657 ' , "tra Hub" , 5a-2f 48657 ' , "tra : '2.3 39ea- isten unnin ion_i 4a28— ge" a-2f6 ally Windows Server 2025 Datacenter Build 26100.ge_release240331-1435 6:30 AM 10/8/2026
[keys] '^a'
[shot] tds-011-g-on-screen-party-sub-accept (1024x768)
[06:30:16] [tds] screen tds-011-g-on-screen-party-sub-accept : EDU Recyc Prime Details Firefo Googl Chron Micros Unity Quit K: Company Y: Data Z: Exchange FinCom Spike Co Party Details Dem late Pa List of Led er Accounts Spike Party Spike Party 2 Template Party Ul Party O: Import Create New Party E: Export M: Share p: print Fl: Help Buyer (Bill to) Mailing Name Address State Country GST Registration type GSTIN/UIN Place of Supply Accept Q Search x L: Fetch Details Using 161 51405 nt to 37a39 48657 ' , "tra Hub" , 5a-2f 48657 ' , "tra 39ea- isten GSTIN/UIN unnin ion_i 4a28— a-2f6 ally Configure Windows Server 2025 Datacenter Build 26100.ge_release240331-14...
[shot] tds-012-g-on-screen-party-sub2 (1024x768)
[06:30:16] [tds] screen tds-012-g-on-screen-party-sub2 : EDU Recyc Prime Details Firefo Googl Chron Micros Unity Quit K: Company Y: Data Z: Exchange FinCom Spike Co Party Details Dem late Pa List of Led er Accounts Spike Party Spike Party 2 Template Party Ul Party O: Import Create New Party E: Export M: Share p: print Fl: Help Buyer (Bill to) Mailing Name Address State Country GST Registration type GSTIN/UIN Place of Supply Accept Q Search x L: Fetch Details Using 161 51405 nt to 37a39 48657 ' , "tra Hub" , 5a-2f 48657 ' , "tra 39ea- isten GSTIN/UIN unnin ion_i 4a28— a-2f6 ally Configure Windows Server 2025 Datacenter Build 26100.ge_release240331-14...
[keys] '^a'
[shot] tds-013-g-on-screen-party-sub-accept (1024x768)
[06:30:19] [tds] screen tds-013-g-on-screen-party-sub-accept : EDU Recyc Prime K: Company Y: Data Accounting Voucher Creation Z: Exchange A Accept Q Search FinCom • ke Co O: Import E: Export List of Led er Accounts Sales M: Share p: print Create Show More x Firef Googl Chro Micros 46 IypÅ Unity Sales Party Alc narne. Current balance: Sales ledger: Current balance: Template Party 922.00 Dr Name of Item Narration: Quit Fl: Help Date Company F4: Contra F5: Payment Receipt Journal F8: Sales Purchase F: Autofill Change Mode More Details o: L: 161 51405 nt to 37a39 48657 ' , "tra Hub" , 5a-2f 48657 ' , "tra 39ea- isten unnin ion_i 4a28— a-2f6 ally D: Delete Can...
[shot] tds-014-g-on-screen-party-sub3 (1024x768)
[06:30:20] [tds] screen tds-014-g-on-screen-party-sub3 : EDU Recyc Prime K: Company Y: Data Accounting Voucher Creation Z: Exchange A Accept Q Search FinCom • ke Co O: Import E: Export List of Led er Accounts Sales M: Share p: print Create Show More x Firef Googl Chro Micros 46 IypÅ Unity Sales Party Alc narne. Current balance: Sales ledger: Current balance: Template Party 922.00 Dr Name of Item Narration: Quit Fl: Help Date Company F4: Contra F5: Payment Receipt Journal F8: Sales Purchase F: Autofill Change Mode More Details o: L: 161 51405 nt to 37a39 48657 ' , "tra Hub" , 5a-2f 48657 ' , "tra 39ea- isten unnin ion_i 4a28— a-2f6 ally D: Delete Can...
[keys] 'Sales{ENTER}'
[shot] tds-015-g-on-screen-ledger (1024x768)
[06:30:23] [tds] screen tds-015-g-on-screen-ledger : EDU Recyc Prime K: Company Y: Data Accounting Voucher Creation Z: Exchange A Accept Q Search FinCom • ke Co Sales Firef Party Alc narne. Current balance: Sales ledger: Current balance: Template Party 922.00 Dr Sales 850.00 Cr O: Import Quantity E: Export Rate M: Share per p: print 2-Oct-26 Friday Amount Name of Item Googl Chron Micros 46 IypÅ Narration: Unity Quit Fl: Help Date Company F4: Contra F5: Payment Receipt Journal F8: Sales Purchase F: Autofill Change Mode More Details o: L: Related Reports Optional post -Dated 161 51405 nt to 37a39 48657 ' , "tra Hub" , 5a-2f 48657 ' , "tra 39ea- is...
[keys] 'Item T03{ENTER}'
[shot] tds-016-g-on-screen-item (1024x768)
[06:30:26] [tds] screen tds-016-g-on-screen-item : EDU Recyc Prime K: Company Y: Data Accounting Voucher Creation Z: Exchange A Accept Q Search FinCom • ke Co Sales Firef Party Alc narne. Current balance: Sales ledger: Current balance: Template Party 922.00 Dr Sales 850.00 Cr O: Import Quantity E: Export Rate M: Share per p: print 2-Oct-26 Friday Amount Name of Item Googl Chro Item T03 Micros 46 IypÅ Narration: Unity Quit Fl: Help Date Company F4: Contra F5: Payment Receipt Journal F8: Sales Purchase F: Autofill Change Mode More Details o: L: Related Reports Optional post -Dated 161 51405 nt to 37a39 48657 ' , "tra Hub" , 5a-2f 48657 ' , "tra ...
[shot] tds-017-g-on-screen-item-sub1 (1024x768)
[06:30:27] [tds] screen tds-017-g-on-screen-item-sub1 : EDU Recyc Prime K: Company Y: Data Accounting Voucher Creation Z: Exchange A Accept Q Search FinCom • ke Co Sales Firef Party Alc narne. Current balance: Sales ledger: Current balance: Template Party 922.00 Dr Sales 850.00 Cr O: Import Quantity E: Export Rate M: Share per p: print 2-Oct-26 Friday Amount Name of Item Googl Chro Item T03 Micros 46 IypÅ Narration: Unity Quit Fl: Help Date Company F4: Contra F5: Payment Receipt Journal F8: Sales Purchase F: Autofill Change Mode More Details o: L: Related Reports Optional post -Dated 161 51405 nt to 37a39 48657 ' , "tra Hub" , 5a-2f 48657 ' , "tra ...
[keys] '2{ENTER}'
[shot] tds-018-g-on-screen-qty (1024x768)
[06:30:30] [tds] screen tds-018-g-on-screen-qty : EDU Recyc Prime K: Company Y: Data Accounting Voucher Creation Z: Exchange A Accept Q Search FinCom • ke Co Firef Googl Chro Micros 46 IypÅ Unity Sales Party Alc narne. Current balance: Sales ledger: Current balance: Template Party 922.00 Dr Sales 850.00 Cr O: Import Quantity 2 Nos 2 Nos E: Export Rate M: Share per p: print 2-Oct-26 Friday Amount Name of Item Item T03 Narration: Quit Fl: Help Date Company F4: Contra F5: Payment Receipt Journal F8: Sales Purchase F: Autofill Change Mode More Details o: L: Related Reports Optional post -Dated 161 51405 nt to 37a39 48657 ' , "tra Hub" , 5a-2f 486...
[keys] '100{ENTER}'
[shot] tds-019-g-on-screen-rate (1024x768)
[06:30:32] [tds] screen tds-019-g-on-screen-rate : EDU Recyc Prime K: Company Y: Data Accounting Voucher Creation Z: Exchange A Accept Q Search FinCom • ke Co Firef Googl Chro Micros 46 IypÅ Unity Sales Party Alc narne. Current balance: Sales ledger: Current balance: Template Party 922.00 Dr Sales 850.00 Cr O: Import Quantity 2 Nos 2 Nos E: Export Rate 100.00 M: Share per Nos p: print 2-Oct-26 Friday Amount 200.00 Name of Item Item T03 Narration: Quit Fl: Help Date Company F4: Contra F5: Payment Receipt Journal F8: Sales Purchase F: Autofill Change Mode More Details o: L: 200.00 Related Reports Optional post -Dated 161 51405 nt to 37a39 48657 ...
[keys] '{ENTER}'
[shot] tds-020-g-on-screen-amount (1024x768)
[06:30:35] [tds] screen tds-020-g-on-screen-amount : EDU Recyc Prime K: Company Y: Data Accounting Voucher Creation Z: Exchange A Accept Q Search FinCom • ke Co Firef Googl Chro Micros 46 IypÅ Unity Sales Party Alc narne. Current balance: Sales ledger: Current balance: Template Party 922.00 Dr Sales 850.00 Cr O: Import Quantity 2 Nos 2 Nos E: Export Rate 100.00 M: Share per Nos p: print 2-Oct-26 Friday Amount 200.00 Name of Item Item T03 Narration: Quit Fl: Help Date Company F4: Contra F5: Payment Receipt Journal F8: Sales Purchase F: Autofill Change Mode More Details o: L: 200.00 Related Reports Optional post -Dated 161 51405 nt to 37a39 48657 ...
[shot] tds-021-g-on-screen-item-b-sub1 (1024x768)
[06:30:36] [tds] screen tds-021-g-on-screen-item-b-sub1 : EDU Recyc Prime K: Company Y: Data Accounting Voucher Creation Z: Exchange A Accept Q Search FinCom • ke Co Firef Googl Chro Micros 46 IypÅ Unity Sales Party Alc narne. Current balance: Sales ledger: Current balance: Template Party 922.00 Dr Sales 850.00 Cr O: Import Quantity 2 Nos 2 Nos E: Export Rate 100.00 M: Share per Nos p: print 2-Oct-26 Friday Amount 200.00 Name of Item Item T03 Narration: Quit Fl: Help Date Company F4: Contra F5: Payment Receipt Journal F8: Sales Purchase F: Autofill Change Mode More Details o: L: 200.00 Related Reports Optional post -Dated 161 51405 nt to 37a39 48657 ...
[keys] '{ENTER}'
[shot] tds-022-g-on-screen-items-done (1024x768)
[06:30:38] [tds] screen tds-022-g-on-screen-items-done : EDU Recyc Prime K: Company Y: Data Accounting Voucher Creation Z: Exchange A Accept Q Search FinCom • ke Co Firef Googl Chro Micros 46 IypÅ Unity Sales Party Alc narne. Current balance: Sales ledger: Current balance: Template Party 922.00 Dr Sales 850.00 Cr O: Import Quantity 2 Nos 2 Nos E: Export Rate 100.00 M: Share per Nos Name of Item Item T03 Narration: Quit p: print 2-Oct-26 Friday Amount 200.00 200.00 Fl: Help Date Company F4: Contra F5: Payment Receipt Journal F8: Sales Purchase F: Autofill Change Mode More Details o: L: 200.00 Related Reports Optional post -Dated 161 51405 nt to 37a39...
[shot] tds-023-g-on-screen-narr-q (1024x768)
[06:30:39] [tds] screen tds-023-g-on-screen-narr-q : EDU Recyc Prime K: Company Y: Data Accounting Voucher Creation Z: Exchange A Accept Q Search FinCom • ke Co Sales Firef Party Alc narne. Current balance: Sales ledger: Current balance: Template Party 922.00 Dr Sales 850.00 Cr O: Import Quantity 2 Nos 2 Nos E: Export Rate 100.00 M: Share per Nos Name of Item Googl Chro Item T03 Micros 46 IypÅ Narration: Unity Quit p: print 2-Oct-26 Friday Amount 200.00 200.00 Fl: Help Date Company F4: Contra F5: Payment Receipt Journal F8: Sales Purchase F: Autofill Change Mode More Details o: L: 200.00 Related Reports Optional post -Dated 161 51405 nt to 37a39...
[keys] 'g screen item invoice{ENTER}'
[shot] tds-024-g-on-screen-narr (1024x768)
[06:30:43] [tds] screen tds-024-g-on-screen-narr : O: Import E: Export EDU K: Company Y: Data Prime Accounting Voucher Sales PatyAfc name: Template Party Firef Current balance: 922.00 Dr Sales ledger: Sales Current balance: 850.00 Cr Name of Item Googl Chro Item T03 s Micros 416'. Narration: Unity Q: Quit Fl: Help M: Share P: Print x F2: Date Z: Exchange A: Accept Q Search List of Stock Items • End of List Item TOI Item T02 Item T03 Item T04 Item T05 Item T06 Item TOT Item T08 Item T09 Item TIO Item Til Item T12 Item T13 Item T 14 Item T15 Item T16 Item T17 Item T18 Item T19 Item T20 Item T21 Item T22 Item T23 Item T24 Item T25 Item T26 Item T...
[keys] '^a'
[shot] tds-025-g-on-screen-accept1 (1024x768)
[06:30:47] [tds] screen tds-025-g-on-screen-accept1 : n p: print EDU Prime K: Company Y: Data Accounting _yeucher Creation Sales Party A/c name: Template Party Firef Current balance: 922.00 Dr Sales ledger: Sales Current balance: 850.00 Cr Name of Item Googi Chro Item T03 S Micrps 416'. Narration: Unity Q: Quit Z: Exchange A: Accept Q Search O: Import E: Export M: Share FinComSpike Co List of Stock Items • End of List Item TOI Item T02 Item T03 Item T04 Item T05 Item TOG Item TO? Item T08 Item T09 Item TIO Item Til Item T12 Item T13 Item T 14 Item T15 Item T16 Item T17 Item T18 Item T19 Item T20 Item T21 Item T22 Item T23 Item T24 Item T25 Item T...
[shot] tds-026-g-on-screen-after1 (1024x768)
[06:30:48] [tds] screen tds-026-g-on-screen-after1 : n p: print EDU Prime K: Company Y: Data Accounting _yeucher Creation Sales Party A/c name: Template Party Firef Current balance: 922.00 Dr Sales ledger: Sales Current balance: 850.00 Cr Name of Item Googi Chro Item T03 S Micrps 416'. Narration: Unity Q: Quit Z: Exchange A: Accept Q Search O: Import E: Export M: Share FinComSpike Co List of Stock Items • End of List Item TOI Item T02 Item T03 Item T04 Item T05 Item TOG Item TO? Item T08 Item T09 Item TIO Item Til Item T12 Item T13 Item T 14 Item T15 Item T16 Item T17 Item T18 Item T19 Item T20 Item T21 Item T22 Item T23 Item T24 Item T25 Item T...
[shot] tds-027-gw0 (1024x768)
[06:30:49] [tds] screen tds-027-gw0 : n p: print EDU Prime K: Company Y: Data Accounting _yeucher Creation Sales Party A/c name: Template Party Firef Current balance: 922.00 Dr Sales ledger: Sales Current balance: 850.00 Cr Name of Item Googi Chro Item T03 S Micrps 416'. Narration: Unity Q: Quit Z: Exchange A: Accept Q Search O: Import E: Export M: Share FinComSpike Co List of Stock Items • End of List Item TOI Item T02 Item T03 Item T04 Item T05 Item TOG Item TO? Item T08 Item T09 Item TIO Item Til Item T12 Item T13 Item T 14 Item T15 Item T16 Item T17 Item T18 Item T19 Item T20 Item T21 Item T22 Item T23 Item T24 Item T25 Item T...
[keys] '{ESC}'
[shot] tds-028-gw1 (1024x768)
[06:30:52] [tds] screen tds-028-gw1 : EDU Recyc Prime K: Company Y: Data Accounting Voucher Creation Z: Exchange A Accept Q Search O: Import E: Export M: Share FinCom Spike Co List of Stock Items • End of List Item TOI Item T02 Item T03 Item T04 Item T05 Item T06 Item T07 Item T08 Item T09 Item TIO Item Til Item T12 Item T13 Item T 14 Item T15 Item T16 Item T17 Item T18 Item T19 Item T20 Item T21 Item T22 Item T23 Item T24 Item T25 Item T26 Item T27 Item T28 Item T29 p: Delete p: print Create x Firef Googl Chro Micros 46 IypÅ Unity Sales Party Alc narne. Current balance: Sales ledger: Current balance: Template Party 922.00 Dr Sale...
[keys] '{ESC}'
[shot] tds-029-gw2 (1024x768)
[06:30:55] [tds] screen tds-029-gw2 : EDU Recyc Prime K: Company Y: Data Accounting Voucher Creation Z: Exchange A Accept Q Search O: Import E: Export M: Share Firef Googl Chro Micros 46 IypÅ Unity Sales Party Alc narne. Current balance: Sales ledger: Current balance: Template Party 922.00 Dr Sales 850.00 Cr Name of Item Item T03 Narration: Quit FinCom Spike Co List of Stock Items • End of List Item TOI Item T02 Item T03 Item T04 Item T05 Item T06 Item T07 Item T08 Item T09 Item TIO Item Til Item T12 Item T13 Item T 14 Item T15 Item T16 Item T17 Item T18 Item T19 Item T20 Item T21 Item T22 Item T23 Item T24 Item T25 Item T26 Item ...
[keys] '{ESC}'
[shot] tds-030-gw3 (1024x768)
[06:30:59] [tds] screen tds-030-gw3 : EDU Recyc Prime K: Company Y: Data Accounting Voucher Creation Z: Exchange A: Accept Q Search FinCom Firef Googl Chro Micros 46 IypÅ Unity Sales Party Alc narne. Current balance: Sales ledger: Current balance: Template Party 922.00 Dr Sales 850.00 Cr O: Import Quantity 2 Nos 2 Nos E: Export Rate 100.00 M: Share per Nos Name of Item Item T03 Narration: Q: Quit p: print 2-Oct-26 Friday Amount 200.00 200.00 Quit o Yes or No Fl: Help F2: Date F3: Company F4: Contra F5: Payment F6: Receipt F7: Journal F8: Sales F9: Purchase F: Autofill H: Change Mode l: More Details O: Related Reports k: Optional T...
[keys] 'y'
[shot] tds-031-gw4 (1024x768)
[06:31:03] [tds] screen tds-031-gw4 : EDU Recyc Prime Gatewa of Tall CURRENT PERIOD K: Company Y: Data Z: Exchange O: Import E: Export M: Share p: print Fl: Help Date 161 51405 Firefo Googl Chro Micros 46 IypÅ Unity I-Apr-26 to 31-Mar-27 NAME OF COMPANY FinCom Spike Co Q CURRENT OATE Friday, 2-Oct-2026 2-Oct-26 Search Gateway of Tally MASTERS Create Alter CHart of Accounts TRANSACTIONS Vouchers Day 800K UTILITIES BaNking REPORTS Balance Sheet Profit & Loss A/c Stock Summary Ratio Analysis Display More Reports DashbOard Quit Company nt to 37a39 48657 ' , "tra Hub" , 5a-2f 48657 ' , "tra 39ea- isten unnin ion_i 4a28— a-2f6 ally Wind...
[06:31:03.063] GST on xml-item: MasterID 2, Sales 1 of 20261002
[06:31:03.065] GST on xml-acct: MasterID 3, Sales 2 of 20261002
[06:31:03.065] GST on xml-acct-irn: MasterID 4, Sales 3 of 20261002
[06:31:03.068] HARNESS: GST on screen-item: not made
[06:31:06.079] tally.ini: Data D:\a\_temp\fast234g\on; TDL: none
[keys] 'a'
[keys] 't'
[shot] p-g-on-xml-item-object-started (1024x768)
[06:31:34.036] Tally started (g-on-xml-item-object) in 28 s; company open: True
[06:31:34.078] G on xml-item (XML Sales 1, MasterID 2) object: ANSWERED, 31.1 ms, 115071 chars, the entry in it; Tally answers after it: True; a fresh start answers: True 
[06:31:37.083] tally.ini: Data D:\a\_temp\fast234g\on; TDL: none
[keys] 'a'
[keys] 't'
[shot] p-g-on-xml-item-bynumber-started (1024x768)
[06:32:05.034] Tally started (g-on-xml-item-bynumber) in 28 s; company open: True
[06:32:05.076] G on xml-item (XML Sales 1, MasterID 2) bynumber: ANSWERED, 36.5 ms, 69606 chars, the entry in it; Tally answers after it: True; a fresh start answers: True 
[06:32:08.080] tally.ini: Data D:\a\_temp\fast234g\on; TDL: none
[keys] 'a'
[keys] 't'
[shot] p-g-on-xml-acct-object-started (1024x768)
[06:32:36.085] Tally started (g-on-xml-acct-object) in 28 s; company open: True
[06:32:36.113] G on xml-acct (XML Sales 2, MasterID 3) object: ANSWERED, 22.5 ms, 52575 chars, the entry in it; Tally answers after it: True; a fresh start answers: True 
[06:32:39.117] tally.ini: Data D:\a\_temp\fast234g\on; TDL: none
[keys] 'a'
[keys] 't'
[shot] p-g-on-xml-acct-bynumber-started (1024x768)
[06:33:07.059] Tally started (g-on-xml-acct-bynumber) in 27.9 s; company open: True
[06:33:07.091] G on xml-acct (XML Sales 2, MasterID 3) bynumber: ANSWERED, 26.5 ms, 15423 chars, the entry in it; Tally answers after it: True; a fresh start answers: True 
[06:33:10.097] tally.ini: Data D:\a\_temp\fast234g\on; TDL: none
[keys] 'a'
[keys] 't'
[shot] p-g-on-xml-acct-irn-object-started (1024x768)
[06:33:38.147] Tally started (g-on-xml-acct-irn-object) in 28.1 s; company open: True
[06:33:38.180] G on xml-acct-irn (XML, then IRN by an XML alteration Sales 3, MasterID 4) object: ANSWERED, 27.5 ms, 52579 chars, the entry in it; Tally answers after it: True; a fresh start answers: True 
[06:33:41.185] tally.ini: Data D:\a\_temp\fast234g\on; TDL: none
[keys] 'a'
[keys] 't'
[shot] p-g-on-xml-acct-irn-bynumber-started (1024x768)
[06:34:09.142] Tally started (g-on-xml-acct-irn-bynumber) in 28 s; company open: True
[06:34:09.172] G on xml-acct-irn (XML, then IRN by an XML alteration Sales 3, MasterID 4) bynumber: ANSWERED, 26.2 ms, 15427 chars, the entry in it; Tally answers after it: True; a fresh start answers: True 
[06:34:12.177] tally.ini: Data D:\a\_temp\fast234g\on; TDL: none
[keys] 'a'
[keys] 't'
[shot] p-g-on-xml-acct-helper-collection-started (1024x768)
[06:34:40.138] Tally started (g-on-xml-acct-helper-collection) in 28 s; company open: True
[06:34:40.168] G on xml-acct (XML Sales 2, MasterID 3) helper-collection: ANSWERED, 25.9 ms, 14492 chars, the entry in it; Tally answers after it: True; a fresh start answers: True 
[06:34:43.343] tally.ini: Data D:\a\_temp\fast234g\on; TDL: none
[keys] 'a'
[keys] 't'
[shot] p-g-on-xml-acct-irn-helper-collection-started (1024x768)
[06:35:11.290] Tally started (g-on-xml-acct-irn-helper-collection) in 27.9 s; company open: True
[06:35:11.321] G on xml-acct-irn (XML, then IRN by an XML alteration Sales 3, MasterID 4) helper-collection: ANSWERED, 26.4 ms, 14492 chars, the entry in it; Tally answers after it: True; a fresh start answers: True 
[06:35:14.335] ---- fast234g: GST off (D:\a\_temp\fast234g\off)
[06:35:17.338] tally.ini: Data D:\a\_temp\fast234g\off; TDL: none
[keys] 'a'
[keys] 't'
[shot] p-g-off-setup-started (1024x768)
[06:35:45.309] Tally started (g-off-setup) in 28 s; company open: True
[06:35:45.323] import company GST off: 1 sent, created 0, errors 0, 10.1 ms
[06:35:45.325] GST off: ISGSTON before 'Yes', after the alteration 'No'
[06:35:45.453] import light masters: 60 sent, created 59, errors 0, 125.4 ms
[06:35:45.486] import xml item invoice: 1 sent, created 1, errors 0, 31.2 ms
[06:35:45.498] import xml accounting sales: 1 sent, created 1, errors 0, 10.4 ms
[06:35:45.509] import xml accounting sales (IRN to come): 1 sent, created 1, errors 0, 10.4 ms
[06:35:45.539] import IRN and e-way bill written back (alter): 1 sent, created 1, errors 0, 10.3 ms
[shot] tds-032-gw0 (1024x768)
[06:35:46] [tds] screen tds-032-gw0 : EDU Recyc Prime Gatewa of Tall CURRENT PERIOD K: Company Y: Data Z: Exchange CURRENT OATE Wednesday, I-Apr-2026 O: Import E: Export M: Share p: print Fl: Help Date 161 51405 Firefo Googl Chro Micros 46 IypÅ Unity I-Apr-26 to 31-Mar-27 NAME OF COMPANY FinCom Spike Co Gateway of Tally MASTERS Create Alter CHart of Accounts TRANSACTIONS Vouchers Day 800K UTILITIES BaNking REPORTS Balance Sheet Profit & Loss A/c Stock Summary Ratio Analysis Display More Reports DashbOard Quit Q upr-26 Search Company nt to 37a39 48657 ' , "tra Hub" , 5a-2f 48657 ' , "tra 39ea- isten unnin ion_i 4a28— a-2f6 ally Win...
[shot] tds-033-g-off-screen-start (1024x768)
[06:35:46] [tds] screen tds-033-g-off-screen-start : EDU Recyc Prime Gatewa of Tall CURRENT PERIOD K: Company Y: Data Z: Exchange CURRENT OATE Wednesday, I-Apr-2026 O: Import E: Export M: Share p: print Fl: Help Date 161 51405 Firefo Googl Chro Micros 46 IypÅ Unity I-Apr-26 to 31-Mar-27 NAME OF COMPANY FinCom Spike Co Gateway of Tally MASTERS Create Alter CHart of Accounts TRANSACTIONS Vouchers Day 800K UTILITIES BaNking REPORTS Balance Sheet Profit & Loss A/c Stock Summary Ratio Analysis Display More Reports DashbOard Quit Q upr-26 Search Company nt to 37a39 48657 ' , "tra Hub" , 5a-2f 48657 ' , "tra 39ea- isten unnin ion_i 4a28— a-2f6 ally Win...
[keys] 'v'
[shot] tds-034-g-off-screen-vouchers (1024x768)
[06:35:50] [tds] screen tds-034-g-off-screen-vouchers : EDU Recyc Prime K: Company Y: Data Accounting Voucher Creation Pa ment No. 1 Firefo Account Current balance: Particulars Googl Chro Micros 46 IypÅ Narration: Unity Quit Z: Exchange A Accept Q Search O: Import E: Export M: Share FinCom • ke Co p: print upr-26 Wednesday Amount 161 51405 nt to 37a39 48657 ' , "tra Hub" , 5a-2f 48657 ' , "tra 39ea- isten unnin ion_i 4a28— a-2f6 ally D: Delete x: Cancel Vch Fl: Help Date Company F4: Contra F5: Payment F6 Receipt Journal Sales Purchase F: Autofill Change Mode More Details O: Related Reports L: Optional post -Dated F12: Configure Windows Server 2025 ...
[keys] '{F8}'
[shot] tds-035-g-off-screen-type (1024x768)
[06:35:54] [tds] screen tds-035-g-off-screen-type : EDU Recyc Prime K: Company Y: Data Accounting Voucher Creation Z: Exchange A Accept Q Search FinCom • ke Co O: Import E: Export List of Led er Accounts Cash HDFC Bank Spike Party Spike Party 2 Template Party Ul Party M: Share p: print x Create Firef Googl Chro Micros 46 IypÅ Unity Sales Party Alc narne. Current balance: Sales ledger: Current balance: Name of Item Narration: Quit Fl: Help Date Company F4: Contra F5: Payment Receipt Journal F8: Sales Purchase F: Autofill Change Mode More Details o: L: 161 51405 nt to 37a39 48657 ' , "tra Hub" , 5a-2f 48657 ' , "tra 39ea- isten unnin ion_i 4a28— ...
[keys] '^h'
[shot] tds-036-g-off-screen-mode (1024x768)
[06:35:57] [tds] screen tds-036-g-off-screen-mode : o Recyc Firefo Googl Chron Micros lyp Unity EDU Prime Change Mode Quit K: Company Y: Data Z: Exchange O: Import E: Export o M: Share p: print x FinCom • ke Co Change Voucher Mode Item Invoice List of Modes/Usa es Item Invoice Accounting Invoice As Voucher A Accept Q Search Fl: Help 51405 nt to 37a39 48657 ' , "tra Hub" , 5a-2f 48657 ' , "tra : '2.3 39ea- isten unnin ion_i 4a28— ge" a-2f6 ally Windows Server 2025 Datacenter Build 26100.ge_release240331-1435 6:35 AM 10/8/2026
[keys] 'Item Invoice{ENTER}'
[shot] tds-037-g-off-screen-item-mode (1024x768)
[06:36:00] [tds] screen tds-037-g-off-screen-item-mode : EDU Recyc Prime K: Company Y: Data Accounting Voucher Creation Z: Exchange A Accept Q Search FinCom • ke Co O: Import E: Export List of Led er Accounts Cash HDFC Bank Spike Party Spike Party 2 Template Party Ul Party M: Share p: print x Create Firef Googl Chro Micros 46 IypÅ Unity Sales Party Alc narne. Current balance: Sales ledger: Current balance: Name of Item Narration: Quit Fl: Help Date Company F4: Contra F5: Payment Receipt Journal F8: Sales Purchase F: Autofill Change Mode More Details o: L: 161 51405 nt to 37a39 48657 ' , "tra Hub" , 5a-2f 48657 ' , "tra 39ea- isten unnin ion_i 4a28— ...
[keys] '{F2}'
[shot] tds-038-g-off-screen-date-box (1024x768)
[06:36:03] [tds] screen tds-038-g-off-screen-date-box : o Recyc Firefo EDU Prime Change Voucher Date K: Company Y: Data Z: Exchange A Accept Q Search O: Import E: Export o M: Share p: print x Googl Chron Micros lyp Unity Quit FinCom Spike Co Voucher Date 24-2026 Fl: Help 51405 nt to 37a39 48657 ' , "tra Hub" , 5a-2f 48657 ' , "tra : '2.3 39ea- isten unnin ion_i 4a28— ge" a-2f6 ally Windows Server 2025 Datacenter Build 26100.ge_release240331-1435 6:36 AM 10/8/2026
[keys] '2-10-2026{ENTER}'
[shot] tds-039-g-off-screen-date (1024x768)
[06:36:06] [tds] screen tds-039-g-off-screen-date : EDU Recyc Prime K: Company Y: Data Accounting Voucher Creation Z: Exchange A Accept Q Search FinCom • ke Co O: Import E: Export List of Led er Accounts Cash HDFC Bank Spike Party Spike Party 2 Template Party Ul Party M: Share p: print x Create Firef Googl Chro Micros 46 IypÅ Unity Sales Party Alc narne. Current balance: Sales ledger: Current balance: Name of Item Narration: Quit Fl: Help Date Company F4: Contra F5: Payment Receipt Journal F8: Sales Purchase F: Autofill Change Mode More Details o: L: 161 51405 nt to 37a39 48657 ' , "tra Hub" , 5a-2f 48657 ' , "tra 39ea- isten unnin ion_i 4a28— ...
[keys] 'Template Party{ENTER}'
[shot] tds-040-g-off-screen-party (1024x768)
[06:36:09] [tds] screen tds-040-g-off-screen-party : Recyc Firefo Googl Chron EDU Prime Details K: Company Y: Data Z: Exchange A Accept Q Search O: Import E: Export o M: Share p: print o Fl: Help FinCom Spike Co Dispatch Details Dispatch Doc No. Dispatched through Destination Carrier Name/Agent Bill of No. Motor Vehicle No. Delivery Note No(s) Micros lyp Unity Quit Date: x 51405 nt to 37a39 48657 ' , "tra Hub" , 5a-2f 48657 ' , "tra : '2.3 39ea- isten unnin ion_i 4a28— ge" a-2f6 ally Windows Server 2025 Datacenter Build 26100.ge_release240331-1435 6:36 AM 10/8/2026
[shot] tds-041-g-off-screen-party-sub1 (1024x768)
[06:36:10] [tds] screen tds-041-g-off-screen-party-sub1 : Recyc Firefo Googl Chron EDU Prime Details K: Company Y: Data Z: Exchange A Accept Q Search O: Import E: Export o M: Share p: print o Fl: Help FinCom Spike Co Dispatch Details Dispatch Doc No. Dispatched through Destination Carrier Name/Agent Bill of No. Motor Vehicle No. Delivery Note No(s) Micros lyp Unity Quit Date: x 51405 nt to 37a39 48657 ' , "tra Hub" , 5a-2f 48657 ' , "tra : '2.3 39ea- isten unnin ion_i 4a28— ge" a-2f6 ally Windows Server 2025 Datacenter Build 26100.ge_release240331-1435 6:36 AM 10/8/2026
[keys] '^a'
[shot] tds-042-g-off-screen-party-sub-accept (1024x768)
[06:36:13] [tds] screen tds-042-g-off-screen-party-sub-accept : o Recyc Firefo EDU Prime Details K: Company Y: Data Z: Exchange FinCom Spike Co Party Details Dem late Pa List of Led er Accounts Spike Party Spike Party 2 Template Party Ul Party O: Import Create New Party E: Export o M: Share p: print x Googl Chron Micros lyp Unity Quit Buyer (Bill to) Mailing Name Address State Country A Accept Q Search Fl: Help 51405 nt to 37a39 48657 ' , "tra Hub" , 5a-2f 48657 ' , "tra : '2.3 39ea- isten unnin ion_i 4a28— ge" a-2f6 ally Configure Windows Server 2025 Datacenter Build 26100.ge_release240331-1435 6:36 AM 10/8/2026
[shot] tds-043-g-off-screen-party-sub2 (1024x768)
[06:36:14] [tds] screen tds-043-g-off-screen-party-sub2 : o Recyc Firefo EDU Prime Details K: Company Y: Data Z: Exchange FinCom Spike Co Party Details Tem late Pa List of Led er Accounts Spike Party Spike Party 2 Template Party Ul Party O: Import Create New Party E: Export o M: Share p: print x Googl Chron Micros lyp Unity Quit Buyer (Bill to) Mailing Name Address State Country A Accept Q Search Fl: Help 51405 nt to 37a39 48657 ' , "tra Hub" , 5a-2f 48657 ' , "tra : '2.3 39ea- isten unnin ion_i 4a28— ge" a-2f6 ally Configure Windows Server 2025 Datacenter Build 26100.ge_release240331-1435 6:36 AM 10/8/2026
[keys] '^a'
[shot] tds-044-g-off-screen-party-sub-accept (1024x768)
[06:36:17] [tds] screen tds-044-g-off-screen-party-sub-accept : EDU Recyc Prime K: Company Y: Data Accounting Voucher Creation Z: Exchange A Accept Q Search FinCom • ke Co O: Import E: Export List of Led er Accounts Sales M: Share p: print Create Show More x Firef Googl Chro Micros 46 IypÅ Unity Sales Party Alc narne. Current balance: Sales ledger: Current balance: Template Party 922.00 Dr Name of Item Narration: Quit Fl: Help Date Company F4: Contra F5: Payment Receipt Journal F8: Sales Purchase F: Autofill Change Mode More Details o: L: 161 51405 nt to 37a39 48657 ' , "tra Hub" , 5a-2f 48657 ' , "tra 39ea- isten unnin ion_i 4a28— a-2f6 ally D: Delete Can...
[shot] tds-045-g-off-screen-party-sub3 (1024x768)
[06:36:18] [tds] screen tds-045-g-off-screen-party-sub3 : EDU Recyc Prime K: Company Y: Data Accounting Voucher Creation Z: Exchange A Accept Q Search FinCom • ke Co O: Import E: Export List of Led er Accounts Sales M: Share p: print Create Show More x Firef Googl Chro Micros 46 IypÅ Unity Sales Party Alc narne. Current balance: Sales ledger: Current balance: Template Party 922.00 Dr Name of Item Narration: Quit Fl: Help Date Company F4: Contra F5: Payment Receipt Journal F8: Sales Purchase F: Autofill Change Mode More Details o: L: 161 51405 nt to 37a39 48657 ' , "tra Hub" , 5a-2f 48657 ' , "tra 39ea- isten unnin ion_i 4a28— a-2f6 ally D: Delete Can...
[keys] 'Sales{ENTER}'
[shot] tds-046-g-off-screen-ledger (1024x768)
[06:36:21] [tds] screen tds-046-g-off-screen-ledger : EDU Recyc Prime K: Company Y: Data Accounting Voucher Creation Z: Exchange A Accept Q Search FinCom • ke Co Sales Firef Party Alc narne. Current balance: Sales ledger: Current balance: Template Party 922.00 Dr Sales 850.00 Cr O: Import Quantity E: Export Rate M: Share per p: print 2-Oct-26 Friday Amount Name of Item Googl Chron Micros 46 IypÅ Narration: Unity Quit Fl: Help Date Company F4: Contra F5: Payment Receipt Journal F8: Sales Purchase F: Autofill Change Mode More Details o: L: Related Reports Optional post -Dated 161 51405 nt to 37a39 48657 ' , "tra Hub" , 5a-2f 48657 ' , "tra 39ea- is...
[keys] 'Item T03{ENTER}'
[shot] tds-047-g-off-screen-item (1024x768)
[06:36:24] [tds] screen tds-047-g-off-screen-item : EDU Recyc Prime K: Company Y: Data Accounting Voucher Creation Z: Exchange A Accept Q Search FinCom • ke Co Sales Firef Party Alc narne. Current balance: Sales ledger: Current balance: Template Party 922.00 Dr Sales 850.00 Cr O: Import Quantity E: Export Rate M: Share per p: print 2-Oct-26 Friday Amount Name of Item Googl Chro Item T03 Micros 46 IypÅ Narration: Unity Quit Fl: Help Date Company F4: Contra F5: Payment Receipt Journal F8: Sales Purchase F: Autofill Change Mode More Details o: L: Related Reports Optional post -Dated 161 51405 nt to 37a39 48657 ' , "tra Hub" , 5a-2f 48657 ' , "tra ...
[shot] tds-048-g-off-screen-item-sub1 (1024x768)
[06:36:25] [tds] screen tds-048-g-off-screen-item-sub1 : EDU Recyc Prime K: Company Y: Data Accounting Voucher Creation Z: Exchange A Accept Q Search FinCom • ke Co Sales Firef Party Alc narne. Current balance: Sales ledger: Current balance: Template Party 922.00 Dr Sales 850.00 Cr O: Import Quantity E: Export Rate M: Share per p: print 2-Oct-26 Friday Amount Name of Item Googl Chro Item T03 Micros 46 IypÅ Narration: Unity Quit Fl: Help Date Company F4: Contra F5: Payment Receipt Journal F8: Sales Purchase F: Autofill Change Mode More Details o: L: Related Reports Optional post -Dated 161 51405 nt to 37a39 48657 ' , "tra Hub" , 5a-2f 48657 ' , "tra ...
[keys] '2{ENTER}'
[shot] tds-049-g-off-screen-qty (1024x768)
[06:36:27] [tds] screen tds-049-g-off-screen-qty : EDU Recyc Prime K: Company Y: Data Accounting Voucher Creation Z: Exchange A Accept Q Search FinCom • ke Co Firef Googl Chro Micros 46 IypÅ Unity Sales Party Alc narne. Current balance: Sales ledger: Current balance: Template Party 922.00 Dr Sales 850.00 Cr O: Import Quantity 2 Nos 2 Nos E: Export Rate M: Share per p: print 2-Oct-26 Friday Amount Name of Item Item T03 Narration: Quit Fl: Help Date Company F4: Contra F5: Payment Receipt Journal F8: Sales Purchase F: Autofill Change Mode More Details o: L: Related Reports Optional post -Dated 161 51405 nt to 37a39 48657 ' , "tra Hub" , 5a-2f 486...
[keys] '100{ENTER}'
[shot] tds-050-g-off-screen-rate (1024x768)
[06:36:30] [tds] screen tds-050-g-off-screen-rate : EDU Recyc Prime K: Company Y: Data Accounting Voucher Creation Z: Exchange A Accept Q Search FinCom • ke Co Firef Googl Chro Micros 46 IypÅ Unity Sales Party Alc narne. Current balance: Sales ledger: Current balance: Template Party 922.00 Dr Sales 850.00 Cr O: Import Quantity 2 Nos 2 Nos E: Export Rate 100.00 M: Share per Nos p: print 2-Oct-26 Friday Amount 200.00 Name of Item Item T03 Narration: Quit Fl: Help Date Company F4: Contra F5: Payment Receipt Journal F8: Sales Purchase F: Autofill Change Mode More Details o: L: 200.00 Related Reports Optional post -Dated 161 51405 nt to 37a39 48657 ...
[keys] '{ENTER}'
[shot] tds-051-g-off-screen-amount (1024x768)
[06:36:33] [tds] screen tds-051-g-off-screen-amount : EDU Recyc Prime K: Company Y: Data Accounting Voucher Creation Z: Exchange A Accept Q Search FinCom • ke Co Firef Googl Chro Micros 46 IypÅ Unity Sales Party Alc narne. Current balance: Sales ledger: Current balance: Template Party 922.00 Dr Sales 850.00 Cr O: Import Quantity 2 Nos 2 Nos E: Export Rate 100.00 M: Share per Nos p: print 2-Oct-26 Friday Amount 200.00 Name of Item Item T03 Narration: Quit Fl: Help Date Company F4: Contra F5: Payment Receipt Journal F8: Sales Purchase F: Autofill Change Mode More Details o: L: 200.00 Related Reports Optional post -Dated 161 51405 nt to 37a39 48657 ...
[shot] tds-052-g-off-screen-item-b-sub1 (1024x768)
[06:36:33] [tds] screen tds-052-g-off-screen-item-b-sub1 : EDU Recyc Prime K: Company Y: Data Accounting Voucher Creation Z: Exchange A Accept Q Search FinCom • ke Co Firef Googl Chro Micros 46 IypÅ Unity Sales Party Alc narne. Current balance: Sales ledger: Current balance: Template Party 922.00 Dr Sales 850.00 Cr O: Import Quantity 2 Nos 2 Nos E: Export Rate 100.00 M: Share per Nos p: print 2-Oct-26 Friday Amount 200.00 Name of Item Item T03 Narration: Quit Fl: Help Date Company F4: Contra F5: Payment Receipt Journal F8: Sales Purchase F: Autofill Change Mode More Details o: L: 200.00 Related Reports Optional post -Dated 161 51405 nt to 37a39 48657 ...
[keys] '{ENTER}'
[shot] tds-053-g-off-screen-items-done (1024x768)
[06:36:37] [tds] screen tds-053-g-off-screen-items-done : EDU Recyc Prime K: Company Y: Data Accounting Voucher Creation Z: Exchange A Accept Q Search FinCom • ke Co Firef Googl Chro Micros 46 IypÅ Unity Sales Party Alc narne. Current balance: Sales ledger: Current balance: Template Party 922.00 Dr Sales 850.00 Cr O: Import Quantity 2 Nos 2 Nos E: Export Rate 100.00 M: Share per Nos Name of Item Item T03 Narration: Quit p: print 2-Oct-26 Friday Amount 200.00 200.00 Fl: Help Date Company F4: Contra F5: Payment Receipt Journal F8: Sales Purchase F: Autofill Change Mode More Details o: L: 200.00 Related Reports Optional post -Dated 161 51405 nt to 37a39...
[shot] tds-054-g-off-screen-narr-q (1024x768)
[06:36:37] [tds] screen tds-054-g-off-screen-narr-q : EDU Recyc Prime K: Company Y: Data Accounting Voucher Creation Z: Exchange A Accept Q Search FinCom • ke Co Firef Googl Chro Micros 46 IypÅ Unity Sales Party Alc narne. Current balance: Sales ledger: Current balance: Template Party 922.00 Dr Sales 850.00 Cr O: Import Quantity 2 Nos 2 Nos E: Export Rate 100.00 M: Share per Nos Name of Item Item T03 Narration: Quit p: print 2-Oct-26 Friday Amount 200.00 200.00 Fl: Help Date Company F4: Contra F5: Payment Receipt Journal F8: Sales Purchase F: Autofill Change Mode More Details o: L: 200.00 Related Reports Optional post -Dated 161 51405 nt to 37a39...
[keys] 'g screen item invoice{ENTER}'
[shot] tds-055-g-off-screen-narr (1024x768)
[06:36:41] [tds] screen tds-055-g-off-screen-narr : O: Import E: Export EDU K: Company Y: Data Prime Accounting Voucher Sales PatyAfc name: Template Party Firef Current balance: 922.00 Dr Sales ledger: Sales Current balance: 850.00 Cr Name of Item Googl Chro Item T03 s Micros 416'. Narration: Unity Q: Quit Fl: Help M: Share P: Print x F2: Date Z: Exchange A: Accept Q Search List of Stock Items • End of List Item TOI Item T02 Item T03 Item T04 Item T05 Item T06 Item TOT Item T08 Item T09 Item TIO Item Til Item T12 Item T13 Item T 14 Item T15 Item T16 Item T17 Item T18 Item T19 Item T20 Item T21 Item T22 Item T23 Item T24 Item T25 Item T26 Item T...
[keys] '^a'
[shot] tds-056-g-off-screen-accept1 (1024x768)
[06:36:45] [tds] screen tds-056-g-off-screen-accept1 : n p: print EDU Prime K: Company Y: Data Accounting _yeucher Creation Sales Party A/c name: Template Party Firef Current balance: 922.00 Dr Sales ledger: Sales Current balance: 850.00 Cr Name of Item Googi Chro Item T03 S Micrps 416'. Narration: Unity Q: Quit Z: Exchange A: Accept Q Search O: Import E: Export M: Share FinComSpike Co List of Stock Items • End of List Item TOI Item T02 Item T03 Item T04 Item T05 Item TOG Item TO? Item T08 Item T09 Item TIO Item Til Item T12 Item T13 Item T 14 Item T15 Item T16 Item T17 Item T18 Item T19 Item T20 Item T21 Item T22 Item T23 Item T24 Item T25 Item T...
[shot] tds-057-g-off-screen-after1 (1024x768)
[06:36:46] [tds] screen tds-057-g-off-screen-after1 : n p: print EDU Prime K: Company Y: Data Accounting _yeucher Creation Sales Party A/c name: Template Party Firef Current balance: 922.00 Dr Sales ledger: Sales Current balance: 850.00 Cr Name of Item Googi Chro Item T03 S Micrps 416'. Narration: Unity Q: Quit Z: Exchange A: Accept Q Search O: Import E: Export M: Share FinComSpike Co List of Stock Items • End of List Item TOI Item T02 Item T03 Item T04 Item T05 Item TOG Item TO? Item T08 Item T09 Item TIO Item Til Item T12 Item T13 Item T 14 Item T15 Item T16 Item T17 Item T18 Item T19 Item T20 Item T21 Item T22 Item T23 Item T24 Item T25 Item T...
[shot] tds-058-gw0 (1024x768)
[06:36:47] [tds] screen tds-058-gw0 : n p: print EDU Prime K: Company Y: Data Accounting _yeucher Creation Sales Party A/c name: Template Party Firef Current balance: 922.00 Dr Sales ledger: Sales Current balance: 850.00 Cr Name of Item Googi Chro Item T03 S Micrps 416'. Narration: Unity Q: Quit Z: Exchange A: Accept Q Search O: Import E: Export M: Share FinComSpike Co List of Stock Items • End of List Item TOI Item T02 Item T03 Item T04 Item T05 Item TOG Item TO? Item T08 Item T09 Item TIO Item Til Item T12 Item T13 Item T 14 Item T15 Item T16 Item T17 Item T18 Item T19 Item T20 Item T21 Item T22 Item T23 Item T24 Item T25 Item T...
[keys] '{ESC}'
[shot] tds-059-gw1 (1024x768)
[06:36:50] [tds] screen tds-059-gw1 : EDU Recyc Prime K: Company Y: Data Accounting Voucher Creation Z: Exchange A Accept Q Search O: Import E: Export M: Share FinCom Spike Co List of Stock Items • End of List Item TOI Item T02 Item T03 Item T04 Item T05 Item T06 Item T07 Item T08 Item T09 Item TIO Item Til Item T12 Item T13 Item T 14 Item T15 Item T16 Item T17 Item T18 Item T19 Item T20 Item T21 Item T22 Item T23 Item T24 Item T25 Item T26 Item T27 Item T28 Item T29 p: Delete p: print Create x Firef Googl Chro Micros 46 IypÅ Unity Sales Party Alc narne. Current balance: Sales ledger: Current balance: Template Party 922.00 Dr Sale...
[keys] '{ESC}'
[shot] tds-060-gw2 (1024x768)
[06:36:53] [tds] screen tds-060-gw2 : EDU Recyc Prime K: Company Y: Data Accounting Voucher Creation Z: Exchange A Accept Q Search O: Import E: Export M: Share Firef Googl Chro Micros 46 IypÅ Unity Sales Party Alc narne. Current balance: Sales ledger: Current balance: Template Party 922.00 Dr Sales 850.00 Cr Name of Item Item T03 Narration: Quit FinCom Spike Co List of Stock Items • End of List Item TOI Item T02 Item T03 Item T04 Item T05 Item T06 Item T07 Item T08 Item T09 Item TIO Item Til Item T12 Item T13 Item T 14 Item T15 Item T16 Item T17 Item T18 Item T19 Item T20 Item T21 Item T22 Item T23 Item T24 Item T25 Item T26 Item ...
[keys] '{ESC}'
[shot] tds-061-gw3 (1024x768)
[06:36:56] [tds] screen tds-061-gw3 : EDU Recyc Prime K: Company Y: Data Accounting Voucher Creation Z: Exchange A: Accept Q Search FinCom Firef Googl Chro Micros 46 IypÅ Unity Sales Party Alc narne. Current balance: Sales ledger: Current balance: Template Party 922.00 Dr Sales 850.00 Cr O: Import Quantity 2 Nos 2 Nos E: Export Rate 100.00 M: Share per Nos Name of Item Item T03 Narration: Q: Quit p: print 2-Oct-26 Friday Amount 200.00 200.00 Quit o Yes or No Fl: Help F2: Date F3: Company F4: Contra F5: Payment F6: Receipt F7: Journal F8: Sales F9: Purchase F: Autofill H: Change Mode l: More Details O: Related Reports k: Optional T...
[keys] 'y'
[shot] tds-062-gw4 (1024x768)
[06:36:59] [tds] screen tds-062-gw4 : EDU Recyc Prime Gatewa of Tall CURRENT PERIOD K: Company Y: Data Z: Exchange O: Import E: Export M: Share p: print Fl: Help Date 161 51405 Firefo Googl Chro Micros 46 IypÅ Unity I-Apr-26 to 31-Mar-27 NAME OF COMPANY FinCom Spike Co Q CURRENT OATE Friday, 2-Oct-2026 2-Oct-26 Search Gateway of Tally MASTERS Create Alter CHart of Accounts TRANSACTIONS Vouchers Day 800K UTILITIES BaNking REPORTS Balance Sheet Profit & Loss A/c Stock Summary Ratio Analysis Display More Reports DashbOard Quit Company nt to 37a39 48657 ' , "tra Hub" , 5a-2f 48657 ' , "tra 39ea- isten unnin ion_i 4a28— a-2f6 ally Wind...
[06:37:00.000] GST off xml-item: MasterID 2, Sales 1 of 20261002
[06:37:00.001] GST off xml-acct: MasterID 3, Sales 2 of 20261002
[06:37:00.003] GST off xml-acct-irn: MasterID 4, Sales 3 of 20261002
[06:37:00.004] HARNESS: GST off screen-item: not made
[06:37:03.008] tally.ini: Data D:\a\_temp\fast234g\off; TDL: none
[keys] 'a'
[keys] 't'
[shot] p-g-off-xml-item-object-started (1024x768)
[06:37:30.996] Tally started (g-off-xml-item-object) in 28 s; company open: True
[06:37:31.029] G off xml-item (XML Sales 1, MasterID 2) object: ANSWERED, 27.6 ms, 112313 chars, the entry in it; Tally answers after it: True; a fresh start answers: True 
[06:37:34.034] tally.ini: Data D:\a\_temp\fast234g\off; TDL: none
[keys] 'a'
[keys] 't'
[shot] p-g-off-xml-item-bynumber-started (1024x768)
[06:38:01.995] Tally started (g-off-xml-item-bynumber) in 28 s; company open: True
[06:38:02.039] G off xml-item (XML Sales 1, MasterID 2) bynumber: ANSWERED, 38.3 ms, 65422 chars, the entry in it; Tally answers after it: True; a fresh start answers: True 
[06:38:05.047] tally.ini: Data D:\a\_temp\fast234g\off; TDL: none
[keys] 'a'
[keys] 't'
[shot] p-g-off-xml-acct-object-started (1024x768)
[06:38:33.014] Tally started (g-off-xml-acct-object) in 28 s; company open: True
[06:38:33.037] G off xml-acct (XML Sales 2, MasterID 3) object: ANSWERED, 19 ms, 50748 chars, the entry in it; Tally answers after it: True; a fresh start answers: True 
[06:38:36.041] tally.ini: Data D:\a\_temp\fast234g\off; TDL: none
[keys] 'a'
[keys] 't'
[shot] p-g-off-xml-acct-bynumber-started (1024x768)
[06:39:04.015] Tally started (g-off-xml-acct-bynumber) in 28 s; company open: True
[06:39:04.046] G off xml-acct (XML Sales 2, MasterID 3) bynumber: ANSWERED, 26.1 ms, 14906 chars, the entry in it; Tally answers after it: True; a fresh start answers: True 
[06:39:07.050] tally.ini: Data D:\a\_temp\fast234g\off; TDL: none
[keys] 'a'
[keys] 't'
[shot] p-g-off-xml-acct-irn-object-started (1024x768)
[06:39:35.030] Tally started (g-off-xml-acct-irn-object) in 28 s; company open: True
[06:39:35.054] G off xml-acct-irn (XML, then IRN by an XML alteration Sales 3, MasterID 4) object: ANSWERED, 18.8 ms, 50752 chars, the entry in it; Tally answers after it: True; a fresh start answers: True 
[06:39:38.059] tally.ini: Data D:\a\_temp\fast234g\off; TDL: none
[keys] 'a'
[keys] 't'
[shot] p-g-off-xml-acct-irn-bynumber-started (1024x768)
[06:40:06.026] Tally started (g-off-xml-acct-irn-bynumber) in 28 s; company open: True
[06:40:06.056] G off xml-acct-irn (XML, then IRN by an XML alteration Sales 3, MasterID 4) bynumber: ANSWERED, 25.8 ms, 14910 chars, the entry in it; Tally answers after it: True; a fresh start answers: True 
[06:40:09.061] tally.ini: Data D:\a\_temp\fast234g\off; TDL: none
[keys] 'a'
[keys] 't'
[shot] p-g-off-xml-acct-helper-collection-started (1024x768)
[06:40:37.004] Tally started (g-off-xml-acct-helper-collection) in 27.9 s; company open: True
[06:40:37.034] G off xml-acct (XML Sales 2, MasterID 3) helper-collection: ANSWERED, 25.6 ms, 14237 chars, the entry in it; Tally answers after it: True; a fresh start answers: True 
[06:40:40.038] tally.ini: Data D:\a\_temp\fast234g\off; TDL: none
[keys] 'a'
[keys] 't'
[shot] p-g-off-xml-acct-irn-helper-collection-started (1024x768)
[06:41:08.003] Tally started (g-off-xml-acct-irn-helper-collection) in 28 s; company open: True
[06:41:08.032] G off xml-acct-irn (XML, then IRN by an XML alteration Sales 3, MasterID 4) helper-collection: ANSWERED, 25.2 ms, 14237 chars, the entry in it; Tally answers after it: True; a fresh start answers: True 
[06:41:14.038] done (fast234 fast234g)
