2026-10-08 03:31:51  FinCom Bridge 2.3.3: started just for runnervmfi6oq\fcuser2 (no service); it keeps the bridge and its icon running
2026-10-08 03:31:51  Port 9100 is taken (another Windows user's FinCom Bridge, or another program); this bridge uses port 9101 and remembers it
2026-10-08 03:31:51  FinCom Bridge 2.3.3 (Go) started on 127.0.0.1:9101: the only bridge on this computer; working for runnervmfi6oq\fcuser2, Windows session 1; runs just for this Windows user (starts at sign-in, no service)
2026-10-08 03:31:51  Tally is open on port 9001; the bridge reads it only after an event (a client opened in FinCom, Update now, a posting, the nightly catch-up at 02:00)
2026-10-08 03:31:51  Recorder: re-scan of the add-on's files for 2.3.3: 0 line(s) sent earlier without their entry found (a new entry's line with no MasterID, a GUID of another entry, or read while the body fetch was off)
2026-10-08 03:31:51  Check:  - 
2026-10-08 03:31:51  Nightly catch-up (02:00): Tally is open and nobody has used FinCom for 15 minutes
2026-10-08 03:31:51  Nightly catch-up: waiting, Tally has just opened; letting it finish loading
2026-10-08 03:31:54  FinCom: this bridge is now the main bridge on this computer (set by the setup); it reads and posts
2026-10-08 03:31:54  Tray icon: set to show next to the clock always (Windows 11)
2026-10-08 03:31:54  Company FinCom Spike U2: its Tally GUID 681a3f6a-6cc8-4a93-901b-231c28b812fa is held from now on
2026-10-08 03:31:54  Company FinCom Spike U2: its starting point is recorded: ALTVCHID=1, ALTMSTID=209 (reading is prospective only: the bridge follows what changes after this)
2026-10-08 03:31:54  Company FinCom Spike U2: change numbers read with form a: ALTVCHID=1, ALTMSTID=209
2026-10-08 03:31:54  Light check of FinCom Spike U2: starting point recorded (ALTVCHID=1, ALTMSTID=209)
2026-10-08 03:32:03  Refused a request from a program of another Windows user (/status): not your FinCom Bridge (the program asking has no Windows user)
2026-10-08 03:33:05  Recorder: FinCom Big Co: lines from a Tally this bridge does not read (company not open here): not sent
2026-10-08 03:33:05  Recorder: FinCom Spike Co: lines from a Tally this bridge does not read (company not open here): not sent
2026-10-08 03:34:11  Keeping FinCom Spike U2 in step: its day book from 20260401 is read at Update now (and the nightly run), a month a request
2026-10-08 03:34:12  Keeping FinCom Spike U2: ledger list MasterID 1-2000, 4 ledger(s) (0.2s); saved
2026-10-08 03:34:12  Keeping FinCom Spike U2: ledger list MasterID 2001-end, 0 ledger(s) (0.2s); saved
2026-10-08 03:34:12  Keeping FinCom Spike U2: the ledger list read (4 ledgers, 28 groups, 3 request(s)): 4 new, 0 changed, 0 renamed, 0 gone
2026-10-08 03:34:12  Keeping FinCom Spike U2: Reading old entries is off (prospective only); FinComCompany ALTVCHID=1 ALTMSTID=209
2026-10-08 03:34:12  Nightly catch-up: done (10 request(s) to Tally); the bridge is idle again (next: the nightly catch-up at 02:00, or Update now)
