[10:51:17] ---- c1 install and open the company (TallyPrime 3.0)
  INFO installed: C:\Program Files\TallyPrime\tally.exe; tally.exe 11457160 bytes, 2026-10-08, FileVersion 1.1.3.0, ProductVersion 1.1.3.0, ProductName TallyPrime
  INFO company folder made by flow.ps1: D:\a\_temp\TallyData\100000
[keys] 'a' -> Tally 'TallyPrime:9000'
[keys] 't' -> Tally 'TallyPrime:9000'
[shot] v-00-started (1024x768)
[companies] 6 ms: <ENVELOPE><HEADER><VERSION>1</VERSION><STATUS>1</STATUS></HEADER><BODY><DESC><CMPINFO><COMPANY>0</COMPANY><GROUP>0</GROUP><LEDGER>0</LEDGER><COSTCATEGORY>0</COSTCATEGORY><COSTCENTRE>0</COSTCENTRE><GODOWN>0</GODOWN><STOCKGROUP>0</STOCKGROUP><STOCKCATEGORY>0</STOCKCATEGORY><STOCKITEM>0</STOCKITEM><VOUCHERTYPE>0</VOUCHERTYPE><CURRENCY>0</CURRENCY><UNIT>0</UNIT><BUDGET>0</BUDGET><CLIENTRULE>0</CLIENTRULE><SERVERRULE>0</SERVERRULE><STATE>0</STATE><TDSRATE>0</TDSRATE><TAXCLASSIFICATION>0</TAXCLASSIFICATION><STCATEGORY>0</STCATEGORY><DEDUCTEETYPE>0</DEDUCTEETYPE><ATTENDANCETYPE>0</ATTENDANCETYPE><FBT...
[header] 6 ms: <ENVELOPE><HEADER><VERSION>1</VERSION><STATUS>1</STATUS><PRODMAJORVER>1</PRODMAJORVER><PRODMINORVER>1</PRODMINORVER><PRODMAJORREL>3</PRODMAJORREL><PRODMINORREL>0</PRODMINORREL><PRODTYPE>5</PRODTYPE></HEADER><BODY><DESC><CMPINFO><COMPANY>0</COMPANY><GROUP>0</GROUP><LEDGER>0</LEDGER><COSTCATEGORY>0</COSTCATEGORY><COSTCENTRE>0</COSTCENTRE><GODOWN>0</GODOWN><STOCKGROUP>0</STOCKGROUP><STOCKCATEGORY>0</STOCKCATEGORY><STOCKITEM>0</STOCKITEM><VOUCHERTYPE>0</VOUCHERTYPE><CURRENCY>0</CURRENCY><UNIT>0</UNIT><BUDGET>0</BUDGET><CLIENTRULE>0</CLIENTRULE><SERVERRULE>0</SERVERRULE><STATE>0</STATE><TDSRATE>0</...
  INFO Tally's own release in its answer header: PRODMAJORREL 3 PRODMINORREL 0 (PRODMAJORVER 1 PRODMINORVER 1 PRODTYPE 5)
######## PASS c1 install and open the company: installed tally.exe 11457160 bytes, 2026-10-08, FileVersion 1.1.3.0, ProductVersion 1.1.3.0, ProductName TallyPrime; company folder 100000 loaded at start: True; window 'TallyPrime:9000'
######## PASS c2 port and company list: port 9000 answered 10.1 s after start, GET 15 ms ('<RESPONSE>TallyPrime Server is Running</RESPONSE>'); company list 6 ms, 'FinCom Spike Co' in it: True
[10:51:50] ---- the stub cloud and the bridge
[ledger Spike Income] 10 ms: <RESPONSE><CREATED>1</CREATED><ALTERED>0</ALTERED><DELETED>0</DELETED><LASTVCHID>0</LASTVCHID><LASTMID>0</LASTMID><COMBINED>0</COMBINED><IGNORED>0</IGNORED><ERRORS>0</ERRORS><CANCELLED>0</CANCELLED></RESPONSE>
[renum journal] 24 ms: <RESPONSE><CREATED>1</CREATED><ALTERED>0</ALTERED><DELETED>0</DELETED><LASTVCHID>2</LASTVCHID><LASTMID>0</LASTMID><COMBINED>0</COMBINED><IGNORED>0</IGNORED><ERRORS>0</ERRORS><CANCELLED>0</CANCELLED></RESPONSE>
  INFO setup origin: BUILT from source dist/FinComBridge-Setup-2.3.4.exe SHA-256 d386ba802ad709508ff75ed083af0a864c6458e2afc2f15de2deaa162c93da65; bridge source: dc184962735e221903c3918823a6b3067877eea7 next-renumber bridge: after an insert's (a created entry with Tally's body) or a delete's line is taken by FinCom, the entries Tally renumbered are read again and sent: FinCom's renumber_list (once per company and type, the earliest sign), each listed entry re-read with FinComVoucherObject only (one MasterID a request, one at a time, the 2 s rule and the retry schedule, a posting and a waiting save first, RenumberPerTurn 10 a turn, one turn every RenumberGapMs 1000), a changed number sent as an altered line with Tally's body (source "renumber"); the first later entry unchanged: nothing renumbered (one request); over RenumberMax (500), or entries at or below the starting point (never named): one plain alert in the log and the beat (renumberAlerts) "N entries may have been renumbered in <company>; upload the Day Book from <date>"; a company marked slow: nothing asked. No allow-list change. Test first (renumber_test.go: 8 red, then all 9 green, plain and typed; TestAllowListUnchanged passes)
bridge setup ended with 0
  INFO bridge on 127.0.0.1:9100, version 2.3.4, allowImport True, readOnly '', testMode False
  bridge log: 2026-10-08 10:52:25  FinCom Bridge 2.3.4: started just for runnervmfi6oq\runneradmin (no service); it keeps the bridge and its icon running
  bridge log: 2026-10-08 10:52:25  FinCom Bridge 2.3.4 (Go) started on 127.0.0.1:9100: the only bridge on this computer; working for runnervmfi6oq\runneradmin, Windows session 2; runs just for this Windows user (starts at sign-in, no service)
  bridge log: 2026-10-08 10:52:26  Tally is open on port 9000; the bridge reads it only after an event (a client opened in FinCom, Update now, a posting, the nightly catch-up at 02:00)
  bridge log: 2026-10-08 10:52:26  Recorder: re-scan of the add-on's files for 2.3.4: 0 line(s) sent earlier without their entry found (a new entry's line with no MasterID, a GUID of another entry, or read while the body fetch was off)
  bridge log: 2026-10-08 10:52:26  Check:  - 
  bridge log: 2026-10-08 10:52:28  Tray icon: set to show next to the clock always (Windows 11)
  bridge log: 2026-10-08 10:52:29  Trial tools switched on for this computer in FinCom: the tray shows the trial items
  bridge log: 2026-10-08 10:52:29  FinCom: this bridge is now the main bridge on this computer (set by the setup); it reads and posts
  bridge log: 2026-10-08 10:52:29  Company FinCom Spike Co: its Tally GUID 51def1bf-f2a9-4b1f-be5d-d86da54fb9d4 is held from now on
  bridge log: 2026-10-08 10:52:29  Company FinCom Spike Co: its starting point is recorded: ALTVCHID=2, ALTMSTID=209 (reading is prospective only: the bridge follows what changes after this)
  bridge log: 2026-10-08 10:52:29  Company FinCom Spike Co: change numbers read with form a: ALTVCHID=2, ALTMSTID=209
  bridge log: 2026-10-08 10:52:29  Light check of FinCom Spike Co: starting point recorded (ALTVCHID=2, ALTMSTID=209)
  INFO add-on: recorder files after start: none
[10:53:12] ---- renum: an insert and a delete with renumbering on; FinCom ends with Tally's numbers
  INFO renum: the bridge's starting point recorded before the receipts: True
[renum sub-method] 8 ms: <RESPONSE><CREATED>0</CREATED><ALTERED>1</ALTERED><DELETED>0</DELETED><LASTVCHID>0</LASTVCHID><LASTMID>0</LASTMID><COMBINED>0</COMBINED><IGNORED>0</IGNORED><ERRORS>0</ERRORS><CANCELLED>0</CANCELLED></RESPONSE>
  INFO renum: the Receipt type's numbering sub-method 'Auto Retain' -> 'Auto Renumber'
[renum receipts] 28 ms: <RESPONSE><CREATED>5</CREATED><ALTERED>0</ALTERED><DELETED>0</DELETED><LASTVCHID>7</LASTVCHID><LASTMID>0</LASTMID><COMBINED>0</COMBINED><IGNORED>0</IGNORED><ERRORS>0</ERRORS><CANCELLED>0</CANCELLED></RESPONSE>
  INFO renum: five receipts by XML: <CREATED>5</CREATED> <ALTERED>0</ALTERED> <DELETED>0</DELETED> <LASTVCHID>7</LASTVCHID> <LASTMID>0</LASTMID> <COMBINED>0</COMBINED> <IGNORED>0</IGNORED> <ERRORS>0</ERRORS>
  INFO renum: Tally's receipts (FinCom's copy seeded with them): mid 3 no 1 of 20261001 AlterID 3; mid 4 no 2 of 20261001 AlterID 4; mid 5 no 3 of 20261002 AlterID 5; mid 6 no 4 of 20261002 AlterID 6; mid 7 no 5 of 20261031 AlterID 7
[shot] tds-001-gw0 (1024x768)
[10:54:14] [tds] screen tds-001-gw0 : TallyPrime MANAGE Recyc EDU K: Company Gatewa of Tall Y: Data Q Z: Exchange CURRENT OATE Wednesday, I-Apr-2026 upr-26 Search O: Import E: Export M: E-mail p: pnnt Fl: Help Date Company Firefo Googl Chro Micros 46 IypÅ Unity CURRENT PERIOD I-Apr-26 to 31-Mar-27 NAME OF COMPANY FinCom Spike Co Gateway of Tally MASTERS Create Alter CHart of Accounts TRANSACTIONS Vouchers Day 800K UTILITIES BaNking REPORTS Balance Sheet Profit & Loss A/c Stock Summary Ratio Analysis Display More Reports Quit 161 7+356 t to 2947c 16527 ' , "tra Hub" , Oe—cc 16527 ' , "tra 47c8- isten " : "6e unnin ion_i age" , Oe—c...
[keys] '%g' -> Tally 'TallyPrime:9000'
[shot] tds-002-r1-db-goto (1024x768)
[10:54:18] [tds] screen tds-002-r1-db-goto : TallyPrime MANAGE Recyc EDU Firefo Googl Chron Micros Unity Quit K: Company Y: Data List of Re Z: Exchange FinCom Spike Co O: Import E: Export M: E-mail Its Create Voucher Create Master Alter Master Expand All Show More Saved Views Common Reports Balance Sheet Profit & Loss A/c Cash/Bank Book Day Book Ledger Vouchers Stock Summary Trial Balance Bills Receivable Bills Payable Master and Voucher Statistics Stock Query Chart of Accounts Final Accounts Reports Receivables & Payables Reports Banking Utilities Ledger Reports Group Reports Voucher Reports Registers Stock Item Reports Q Search 161 p: ...
[keys] 'Day Book' -> Tally 'TallyPrime:9000'
[keys] '{ENTER}' -> Tally 'TallyPrime:9000'
[shot] tds-003-r1-db-daybook (1024x768)
[10:54:26] [tds] screen tds-003-r1-db-daybook : TallyPrime MANAGE Recyc EDU K: Company Oa Book Day Book 161 Y: Data Space: Sekd Q Z: Exchange A Add Vch Search FinCom • ke Co Vch Type Journal O: Import Vch No. E: Export M: E-mail P: Print For upr-26 Fl: Help F2: Date 7+356 Company Firefo Date Particulars Spike Party Enter: Alter Debit Amount Credit Amount Inwards Qty_ Outwards Qt 100.00 I-Apr-26 Googl Chro Micros 46 IypÅ Unity Quit Voucher Type F 7: Show profit F8: Columnar FIO Basis of B: Values Change ¯ View Exception J: Reports Save View L: Apply F: — Filter F: Filter ¯ Details F 12: Configure t to 2947c 16527 ' , "tra Hub" , Oe—cc 16527 ...
[keys] '{F2}' -> Tally 'TallyPrime:9000'
[shot] tds-004-r1-db-db-date (1024x768)
[10:54:29] [tds] screen tds-004-r1-db-db-date : Recyc TallyPrime MANAGE EDU K: Company Change Date Y: Data Z: Exchange A Accept Q Search O: Import E: Export M: E-mail p: pnnt Firefo Googl Chron Micros lyp Unity Quit FinCom Spike Co Change Date 1-4-2026 x Fl: Help 7+356 t to 2947c 16527 ' , "tra Hub" , Oe—cc 16527 ' , "tra : '2.3 47c8- isten " : "6e unnin ion_i age" , Oe—cc 'tally Windows Server 2025 Datacenter Build 26100.ge_release240331-1435 10:54 AM 10/8/2026
[keys] '2-10-2026{ENTER}' -> Tally 'TallyPrime:9000'
[shot] tds-005-r1-db-db-dated (1024x768)
[10:54:33] [tds] screen tds-005-r1-db-db-dated : TallyPrime MANAGE Recyc EDU K: Company Oa Book Day Book 161 Y: Data Space: Sekd Q Z: Exchange A Add Vch Search FinCom • ke Co Vch Type Receipt Receipt O: Import Vch No. E: Export M: E-mail P: Print For 2-Oct-26 Fl: Help F2: Date 7+356 Company Firefo Date Particulars Debit Amount Credit Amount Inwards Qty_ Outwards Qt 103.00 104.00 2-Oct-26 2-Oct-26 Googl Chro Micros 46 IypÅ Unity Quit Cash Cash Enter: Alter Voucher Type F 7: Show profit F8: Columnar FIO Basis of B: Values Change ¯ View Exception J: Reports Save View L: Apply F: — Filter F: Filter ¯ Details F 12: Configure t to 2947c 16527 ' , ...
[keys] '{F4}' -> Tally 'TallyPrime:9000'
[shot] tds-006-r1-db-db-type (1024x768)
[10:54:37] [tds] screen tds-006-r1-db-db-type : Recyc TallyPrime MANAGE EDU K: Company Change Voucher Type Y: Data Z: Exchange O: Import E: Export M: E-mail p: pnnt FinCom • ke Co Name of VoucherType Firefo Googl Chron Micros lyp Unity Quit Voucher T • All Items Contra Credit Note Debit Note Journal s Create Memorandum Payment Physical Stock Purchase Receipt Reversing Journal Sales Stock Journal A Accept Q Search x Fl: Help 7+356 t to 2947c 16527 ' , "tra Hub" , Oe—cc 16527 ' , "tra : '2.3 47c8- isten " : "6e unnin ion_i age" , Oe—cc 'tally Windows Server 2025 Datacenter Build 26100.ge_release240331-1435 10:54 AM 10/8/2026
[keys] 'Receipt{ENTER}' -> Tally 'TallyPrime:9000'
[shot] tds-007-r1-db-db-typed (1024x768)
[10:54:41] [tds] screen tds-007-r1-db-db-typed : TallyPrime MANAGE Recyc EDU K: Company Oa Book List of Receipt Vouchers 161 Y: Data Space: Sekd Q Z: Exchange A Add Vch Search FinCom • ke Co Vch Type Receipt Receipt O: Import Vch No. 3 4 Total: E: Export M: E-mail P: Print Fl: Help F2: Date For 2-Oct-26 Credit Amount U: Restore Line 7+356 Company Firefo Date Particulars 2-Oct-26 2-Oct-26 Googl Chro Micros 46 IypÅ Unity Quit Cash Cash Enter: Alter Debit Amount 103.00 104.00 207.00 Voucher Type F 7: Show profit Columnar FIO B: Basis of = Values Change ¯ View Exception J: Reports Save View L: Apply F: — Filter F: Filter ¯ Details F 12: Configur...
[keys] '{HOME}' -> Tally 'TallyPrime:9000'
[shot] tds-008-r1-db-db-first (1024x768)
[10:54:44] [tds] screen tds-008-r1-db-db-first : TallyPrime MANAGE Recyc EDU K: Company Oa Book List of Receipt Vouchers 161 Y: Data Space: Sekd Q Z: Exchange A Add Vch Search FinCom • ke Co Vch Type Receipt Receipt O: Import Vch No. 3 4 Total: E: Export M: E-mail P: Print Fl: Help F2: Date For 2-Oct-26 Credit Amount U: Restore Line 7+356 Company Firefo Date Particulars 2-Oct-26 2-Oct-26 Googl Chro Micros 46 IypÅ Unity Quit Cash Cash Enter: Alter Debit Amount 103.00 104.00 207.00 Voucher Type F 7: Show profit Columnar FIO B: Basis of = Values Change ¯ View Exception J: Reports Save View L: Apply F: — Filter F: Filter ¯ Details F 12: Configur...
[keys] '%i' -> Tally 'TallyPrime:9000'
[shot] tds-009-r1-insert (1024x768)
[10:54:49] [tds] screen tds-009-r1-insert : TallyPrime MANAGE Recyc EDU K: Company Accounting Voucher Creation Recei t Firefo Account Current balance: Particulars Googl Chro Micros 46 IypÅ Narration: Unity Quit Y: Data Z: Exchange A Accept Search O: Import E: Export M: E-mail FinCom • ke Co p: print x 2-Oct-26 Friday Amount Fl: Help Q: Date Company Ed: Contra Payment F-6: Receipt Journal Sales Purchase < • Fl O: OåuVooctgs E: Autofill Change Mode More Details O: Related ¯ Repons Optional post -Dated J: Stat Adjustment El 2: Configure 161 7+356 t to 2947c 16527 : ' , "tra Hub" , Oe—cc 16527 ' , "tra 47c8- isten " : "6e unnin ion_i age" ,...
[keys] 'Cash{ENTER}' -> Tally 'TallyPrime:9000'
[shot] tds-010-r1-account (1024x768)
[10:54:53] [tds] screen tds-010-r1-account : TallyPrime MANAGE Recyc EDU K: Company Accounting Voucher Creation Recei t Firefo Account Cash Current balance: 525.00 Dr Particulars Googl Chro Micros 46 IypÅ Narration: Unity Quit Y: Data Z: Exchange A Accept Search O: Import E: Export M: E-mail FinCom • ke Co p: print x 2-Oct-26 Friday Amount Fl: Help Q: Date Company Ed: Contra Payment F-6: Receipt Journal Sales Purchase < • Fl O: OåuVooctgs E: Autofill Change Mode More Details O: Related ¯ Repons Optional post -Dated J: Stat Adjustment El 2: Configure 161 7+356 t to 2947c 16527 : ' , "tra Hub" , Oe—cc 16527 ' , "tra 47c8- isten " : "6e unn...
[shot] tds-011-r1-acc-sub1 (1024x768)
[10:54:53] [tds] screen tds-011-r1-acc-sub1 : TallyPrime MANAGE Recyc EDU K: Company Accounting Voucher Creation Recei t Firefo Account Cash Current balance: 525.00 Dr Particulars Googl Chro Micros 46 IypÅ Narration: Unity Quit Y: Data Z: Exchange A Accept Search O: Import E: Export M: E-mail FinCom • ke Co p: print x 2-Oct-26 Friday Amount Fl: Help Q: Date Company Ed: Contra Payment F-6: Receipt Journal Sales Purchase < • Fl O: OåuVooctgs E: Autofill Change Mode More Details O: Related ¯ Repons Optional post -Dated J: Stat Adjustment El 2: Configure 161 7+356 t to 2947c 16527 : ' , "tra Hub" , Oe—cc 16527 ' , "tra 47c8- isten " : "6e unn...
[keys] 'Spike Income{ENTER}' -> Tally 'TallyPrime:9000'
[shot] tds-012-r1-ledger (1024x768)
[10:54:58] [tds] screen tds-012-r1-ledger : TallyPrime MANAGE Recyc EDU K: Company Accounting Voucher Creation Recei t Firefo Account Cash Current balance: 525.00 Dr Particulars Spike Income Googl CurBal: 525.00 Cr Chro Micros 46 IypÅ Narration: Unity Quit Y: Data Z: Exchange A Accept Search O: Import E: Export M: E-mail FinCom • ke Co p: print x 2-Oct-26 Friday Amount Fl: Help Q: Date Company Ed: Contra Payment F-6: Receipt Journal Sales Purchase < • 161 7+356 t to 2947c 16527 : ' , "tra Hub" , Oe—cc 16527 ' , "tra 47c8- isten " : "6e unnin ion_i age" , Oe—cc 'tally D: Delete x: Cancel Vch Fl O: OåuVooctgs E: Autofill Change Mode More ...
[shot] tds-013-r1-led-sub1 (1024x768)
[10:54:58] [tds] screen tds-013-r1-led-sub1 : TallyPrime MANAGE Recyc EDU K: Company Accounting Voucher Creation Recei t Firefo Account Cash Current balance: 525.00 Dr Particulars Spike Income Googl CurBal: 525.00 Cr Chro Micros 46 IypÅ Narration: Unity Quit Y: Data Z: Exchange A Accept Search O: Import E: Export M: E-mail FinCom • ke Co p: print x 2-Oct-26 Friday Amount Fl: Help Q: Date Company Ed: Contra Payment F-6: Receipt Journal Sales Purchase < • 161 7+356 t to 2947c 16527 : ' , "tra Hub" , Oe—cc 16527 ' , "tra 47c8- isten " : "6e unnin ion_i age" , Oe—cc 'tally D: Delete x: Cancel Vch Fl O: OåuVooctgs E: Autofill Change Mode More ...
[keys] '70{ENTER}' -> Tally 'TallyPrime:9000'
[shot] tds-014-r1-amount (1024x768)
[10:55:02] [tds] screen tds-014-r1-amount : TallyPrime MANAGE Recyc EDU K: Company Accounting Voucher Creation Recei t Firefo Account Cash Current balance: 595.00 Dr Particulars Spike Income Googl CurBa1: 595.00 Cr Chron Micros 46 IypÅ Narration: Unity Quit Y: Data Z: Exchange A Accept Search O: Import E: Export M: E-mail FinCom • ke Co p: print x 2-Oct-26 Friday Amount 70.00 70.00 Fl: Help Q: Date Company Ed: Contra Payment F-6: Receipt : Journal Sales Purchase < • 161 7+356 t to 2947c 16527 : ' , "tra Hub" , Oe—cc 16527 ' , "tra 47c8- isten " : "6e unnin ion_i age" , Oe—cc 'tally D: Delete x: Cancel Vch Fl O: OåuVooctgs E: Autofill Ch...
[shot] tds-015-r1-amt-sub1 (1024x768)
[10:55:03] [tds] screen tds-015-r1-amt-sub1 : TallyPrime MANAGE Recyc EDU K: Company Accounting Voucher Creation Recei t Firefo Account Cash Current balance: 595.00 Dr Particulars Spike Income Googl CurBa1: 595.00 Cr Chron Micros 46 IypÅ Narration: Unity Quit Y: Data Z: Exchange A Accept Search O: Import E: Export M: E-mail FinCom • ke Co p: print x 2-Oct-26 Friday Amount 70.00 70.00 Fl: Help Q: Date Company Ed: Contra Payment F-6: Receipt : Journal Sales Purchase < • 161 7+356 t to 2947c 16527 : ' , "tra Hub" , Oe—cc 16527 ' , "tra 47c8- isten " : "6e unnin ion_i age" , Oe—cc 'tally D: Delete x: Cancel Vch Fl O: OåuVooctgs E: Autofill Ch...
[keys] '{ENTER}' -> Tally 'TallyPrime:9000'
[shot] tds-016-r1-rows-done (1024x768)
[10:55:06] [tds] screen tds-016-r1-rows-done : TallyPrime MANAGE Recyc EDU K: Company Accounting Voucher Creation Recei t Firefo Account Cash Current balance: 595.00 Dr Particulars Spike Income Googl CurBal: 595.00 Cr Chro Micros 46 IypÅ Narration: Unity Quit Y: Data Z: Exchange Accept Search O: Import E: Export M: E-mail FinCom • ke Co p: print x 2-Oct-26 Friday Amount 70.00 70.00 Fl: Help Q: Date Company Ed: Contra Payment F-6: Receipt : Journal Sales Purchase < • 161 7+356 t to 2947c 16527 : ' , "tra Hub" , Oe—cc 16527 ' , "tra 47c8- isten " : "6e unnin ion_i age" , Oe—cc 'tally D: Delete x: Cancel Vch Fl O: OåuVooctgs E: Autofill Chang...
[shot] tds-017-r1-done-sub1 (1024x768)
[10:55:07] [tds] screen tds-017-r1-done-sub1 : TallyPrime MANAGE Recyc EDU K: Company Accounting Voucher Creation Recei t Firefo Account Cash Current balance: 595.00 Dr Particulars Spike Income Googl CurBal: 595.00 Cr Chro Micros 46 IypÅ Narration: Unity Quit Y: Data Z: Exchange Accept Search O: Import E: Export M: E-mail FinCom • ke Co p: print x 2-Oct-26 Friday Amount 70.00 70.00 Fl: Help Q: Date Company Ed: Contra Payment F-6: Receipt : Journal Sales Purchase < • 161 7+356 t to 2947c 16527 : ' , "tra Hub" , Oe—cc 16527 ' , "tra 47c8- isten " : "6e unnin ion_i age" , Oe—cc 'tally D: Delete x: Cancel Vch Fl O: OåuVooctgs E: Autofill Chang...
[keys] 'renum insert{ENTER}' -> Tally 'TallyPrime:9000'
[shot] tds-018-r1-narr (1024x768)
[10:55:10] [tds] screen tds-018-r1-narr : TallyPrime MANAGE Recyc EDU K: Company Accounting Voucher Creation Recei t Firefo Account Cash Current balance: 595.00 Dr Particulars Spike Income Googl CurBal: 595.00 Cr Chro Micros 46 IypÅ Narration: renum insert Unity Q: Quit Y: Data Q Z: Exchange A: Accept Search O: Import E: Export M: E-mail FinCom p: print x 2-Oct-26 Friday Amount 70.00 70.00 Accept Q Yes or No 161 7+356 t to 2947c 16527 ' , "tra Hub" , Oe—cc 16527 ' , "tra 47c8- isten " : "6e unnin ion_i age" , Oe—cc 'tally D: Delete X: Cancel Vch Fl: Help F-2: Date F-3: Company F-4: Contra F-5: Payment F-6: Receipt F-7: Journal F-9: Pu...
[keys] '^a' -> Tally 'TallyPrime:9000'
[shot] tds-019-r1-accept1 (1024x768)
[10:55:15] [tds] screen tds-019-r1-accept1 : TallyPrime MANAGE Recyc EDU K: Company Oa Book List of Receipt Vouchers 161 Y: Data Space: Sekd Q Z: Exchange A Add Vch Search FinCom • ke Co Vch Type Receipt Receipt Receipt DuÅicate Vch I Insert Vch O: Import Vch No. 3 4 5 Total: E: Export M: E-mail P: Print Fl: Help F2: Date For 2-Oct-26 Credit Amount 70.00 70.00 U: Restore Line 7+356 Company Firefo Date Particulars 2-0ct-26 Spike Income 2-Oct-26 Cash 2-Oct-26 Cash Googl Chro Micros 46 IypÅ Unity Quit Debit Amount 103.00 104.00 207.00 Voucher Type F 7: Show profit Columnar FIO B: Basis of = Values Change ¯ View Exception J: Reports Save Vie...
[shot] tds-020-r1-after1 (1024x768)
[10:55:16] [tds] screen tds-020-r1-after1 : TallyPrime MANAGE Recyc EDU K: Company Oa Book List of Receipt Vouchers 161 Y: Data Space: Sekd Q Z: Exchange A Add Vch Search FinCom • ke Co Vch Type Receipt Receipt Receipt DuÅicate Vch I Insert Vch O: Import Vch No. 3 4 5 Total: E: Export M: E-mail P: Print Fl: Help F2: Date For 2-Oct-26 Credit Amount 70.00 70.00 U: Restore Line 7+356 Company Firefo Date Particulars 2-0ct-26 Spike Income 2-Oct-26 Cash 2-Oct-26 Cash Googl Chro Micros 46 IypÅ Unity Quit Debit Amount 103.00 104.00 207.00 Voucher Type F 7: Show profit Columnar FIO B: Basis of = Values Change ¯ View Exception J: Reports Save Vie...
[shot] tds-021-gw0 (1024x768)
[10:55:16] [tds] screen tds-021-gw0 : TallyPrime MANAGE Recyc EDU K: Company Oa Book List of Receipt Vouchers 161 Y: Data Space: Sekd Q Z: Exchange A Add Vch Search FinCom • ke Co Vch Type Receipt Receipt Receipt DuÅicate Vch I Insert Vch O: Import Vch No. 3 4 5 Total: E: Export M: E-mail P: Print Fl: Help F2: Date For 2-Oct-26 Credit Amount 70.00 70.00 U: Restore Line 7+356 Company Firefo Date Particulars 2-0ct-26 Spike Income 2-Oct-26 Cash 2-Oct-26 Cash Googl Chro Micros 46 IypÅ Unity Quit Debit Amount 103.00 104.00 207.00 Voucher Type F 7: Show profit Columnar FIO B: Basis of = Values Change ¯ View Exception J: Reports Save Vie...
[keys] '{ESC}' -> Tally 'TallyPrime:9000'
[shot] tds-022-gw1 (1024x768)
[10:55:20] [tds] screen tds-022-gw1 : TallyPrime MANAGE Recyc EDU K: Company Gatewa of Tall Y: Data Q Z: Exchange CURRENT OATE Friday, 2-Oct-2026 31-Oct-26 Search O: Import E: Export M: E-mail p: pnnt Fl: Help Date Company Firefo Googl Chro Micros 46 IypÅ Unity CURRENT PERIOD I-Apr-26 to 31-Mar-27 NAME OF COMPANY FinCom Spike Co Gateway of Tally MASTERS Create Alter CHart of Accounts TRANSACTIONS Vouchers Day 800K UTILITIES BaNking REPORTS Balance Sheet Profit & Loss A/c Stock Summary Ratio Analysis Display More Reports Quit 161 7+356 t to 2947c 16527 ' , "tra Hub" , Oe—cc 16527 ' , "tra 47c8- isten " : "6e unnin ion_i age" , Oe—c...
  bridge log: 2026-10-08 10:55:12  Recorder: Receipt 3 of 02-Oct-2026 (MasterID 8, line 353f85b2…): asking Tally by MasterID
  bridge log: 2026-10-08 10:55:12  Recorder: entry fetch of FinCom Spike Co: answered in 6 ms
  bridge log: 2026-10-08 10:55:12  Recorder: Receipt 3 of 02-Oct-2026 (MasterID 8, line 353f85b2…): taken: Tally's GUID 51def1bf-f2a9-4b1f-be5d-d86da54fb9d4-00000008, AlterID 8
  bridge log: 2026-10-08 10:55:12  Renumbering: made Receipt 3 of 02-Oct-2026 in FinCom Spike Co: FinCom holds 3 later Receipt entries; each is read again from Tally to see whether Tally renumbered it
  bridge log: 2026-10-08 10:55:12  Recorder: entry fetch of FinCom Spike Co: answered in 5 ms
  bridge log: 2026-10-08 10:55:12  Recorder: Receipt 4 of 02-Oct-2026 (MasterID 5, line 8cb9a537…): taken: Tally's GUID 51def1bf-f2a9-4b1f-be5d-d86da54fb9d4-00000005, AlterID 5
  bridge log: 2026-10-08 10:55:12  Renumbering: Receipt 3 of 02-Oct-2026 in FinCom Spike Co is Receipt 4 in Tally now (renumbered); sent to FinCom with Tally's entry
  bridge log: 2026-10-08 10:55:12  Recorder: Receipt 5 of 02-Oct-2026 (MasterID 6, line 89719909…): taken: Tally's GUID 51def1bf-f2a9-4b1f-be5d-d86da54fb9d4-00000006, AlterID 6
  bridge log: 2026-10-08 10:55:12  Renumbering: Receipt 4 of 02-Oct-2026 in FinCom Spike Co is Receipt 5 in Tally now (renumbered); sent to FinCom with Tally's entry
  bridge log: 2026-10-08 10:55:13  Recorder: Receipt 6 of 31-Oct-2026 (MasterID 7, line 106acc1c…): taken: Tally's GUID 51def1bf-f2a9-4b1f-be5d-d86da54fb9d4-00000007, AlterID 7
  bridge log: 2026-10-08 10:55:13  Renumbering: Receipt 5 of 31-Oct-2026 in FinCom Spike Co is Receipt 6 in Tally now (renumbered); sent to FinCom with Tally's entry
  bridge log: 2026-10-08 10:55:13  Renumbering: 3 Receipt entries of FinCom Spike Co renumbered by Tally after the entry of Receipt 3 (02-Oct-2026): sent to FinCom with Tally's numbers
######## FAIL r1 insert with renumbering on: the insert made; ALTVCHID 7 -> 8; Tally renumbered 3: mid 5 3 -> 4 (AlterID 5 -> 5), FinCom's number 1 2 4 5 3 6; mid 6 4 -> 5 (AlterID 6 -> 6), FinCom's number 1 2 4 5 3 6; mid 7 5 -> 6 (AlterID 7 -> 7), FinCom's number 1 2 4 5 3 6; FinCom's copy differs from Tally for 6 receipt(s) (mid 3 no 1 of 20261001 AlterID 3; mid 4 no 2 of 20261001 AlterID 4; mid 5 no 4 of 20261002 AlterID 5; mid 6 no 5 of 20261002 AlterID 6; mid 8 no 3 of 20261002 AlterID 8; mid 7 no 6 of 20261031 AlterID 7) and holds 1 receipt(s) Tally has not after 240 s; renumber_list asked 1 time(s); 3 altered line(s) from the bridge (source renumber): mid 5 no 4, mid 6 no 5, mid 7 no 6; bridge log: made Receipt 3 of 02-Oct-2026 in FinCom Spike Co: FinCom holds 3 later Receipt entries; each is read again from Tally to see whether Tally renumbered it | Receipt 3 of 02-Oct-2026 in FinCom Spike Co is Receipt 4 in Tally now (renumbered); sent to FinCom with Tally's entry | Receipt 4 of 02-Oct-2026 in FinCom Spike Co is Receipt 5 in Tally now (renumbered); sent to FinCom with Tally's entry | Receipt 5 of 31-Oct-2026 in FinCom Spike Co is Receipt 6 in Tally now (renumbered); sent to FinCom with Tally's entry | 3 Receipt entries of FinCom Spike Co renumbered by Tally after the entry of Receipt 3 (02-Oct-2026): sent to FinCom with Tally's numbers
[shot] tds-023-gw0 (1024x768)
[10:59:21] [tds] screen tds-023-gw0 : TallyPrime MANAGE Recyc EDU K: Company Gatewa of Tall Y: Data Q Z: Exchange CURRENT OATE Friday, 2-Oct-2026 31-Oct-26 Search O: Import E: Export M: E-mail p: pnnt Fl: Help Date Company Firefo Googl Chro Micros 46 IypÅ Unity CURRENT PERIOD I-Apr-26 to 31-Mar-27 NAME OF COMPANY FinCom Spike Co Gateway of Tally MASTERS Create Alter CHart of Accounts TRANSACTIONS Vouchers Day 800K UTILITIES BaNking REPORTS Balance Sheet Profit & Loss A/c Stock Summary Ratio Analysis Display More Reports Quit 161 7+356 t to 2947c 16527 ' , "tra Hub" , Oe—cc 16527 ' , "tra 47c8- isten " : "6e unnin ion_i age" , Oe—c...
[keys] '%g' -> Tally 'TallyPrime:9000'
[shot] tds-024-r2-db-goto (1024x768)
[10:59:24] [tds] screen tds-024-r2-db-goto : TallyPrime MANAGE Recyc EDU Firefo Googl Chron Micros Unity Quit K: Company Y: Data List of Re Z: Exchange FinCom Spike Co O: Import E: Export M: E-mail Its Create Voucher Create Master Alter Master Expand All Show More Saved Views Common Reports Balance Sheet Profit & Loss A/c Cash/Bank Book Day Book Ledger Vouchers Stock Summary Trial Balance Bills Receivable Bills Payable Master and Voucher Statistics Stock Query Chart of Accounts Final Accounts Reports Receivables & Payables Reports Banking Utilities Ledger Reports Group Reports Voucher Reports Registers Stock Item Reports Q Search 161 p: ...
[keys] 'Day Book' -> Tally 'TallyPrime:9000'
[keys] '{ENTER}' -> Tally 'TallyPrime:9000'
[shot] tds-025-r2-db-daybook (1024x768)
[10:59:31] [tds] screen tds-025-r2-db-daybook : TallyPrime MANAGE Recyc EDU K: Company Oa Book Day Book 161 Y: Data Space: Sekd Q Z: Exchange A Add Vch Search FinCom • ke Co Vch Type Receipt Receipt Receipt O: Import Vch No. E: Export M: E-mail P: Print For 2-Oct-26 Fl: Help F2: Date 7+356 Company Firefo Date Particulars Spike Income Cash Cash Enter: Alter Debit Amount Credit Amount Inwards Qty_ Outwards Qt 2-Oct-26 2-Oct-26 2-Oct-26 Googl Chro Micros 46 IypÅ Unity Quit Voucher Type F 7: Show profit F8: Columnar FIO Basis of B: Values Change ¯ View Exception J: Reports Save View L: Apply F: — Filter F: Filter ¯ Details F 12: Configure t to ...
[keys] '{F2}' -> Tally 'TallyPrime:9000'
[shot] tds-026-r2-db-db-date (1024x768)
[10:59:34] [tds] screen tds-026-r2-db-db-date : Recyc TallyPrime MANAGE EDU K: Company Change Date Y: Data Z: Exchange A Accept Q Search O: Import E: Export M: E-mail p: pnnt Firefo Googl Chron Micros lyp Unity Quit FinCom Spike Co Change Date 2-10-2026 x Fl: Help 7+356 t to 2947c 16527 ' , "tra Hub" , Oe—cc 16527 ' , "tra : '2.3 47c8- isten " : "6e unnin ion_i age" , Oe—cc 'tally Windows Server 2025 Datacenter Build 26100.ge_release240331-1435 10:59 AM 10/8/2026
[keys] '2-10-2026{ENTER}' -> Tally 'TallyPrime:9000'
[shot] tds-027-r2-db-db-dated (1024x768)
[10:59:39] [tds] screen tds-027-r2-db-db-dated : TallyPrime MANAGE Recyc EDU K: Company Oa Book Day Book 161 Y: Data Space: Sekd Q Z: Exchange A Add Vch Search FinCom • ke Co Vch Type Receipt Receipt Receipt O: Import Vch No. E: Export M: E-mail P: Print For 2-Oct-26 Fl: Help F2: Date 7+356 Company Firefo Date Particulars Spike Income Cash Cash Enter: Alter Debit Amount Credit Amount Inwards Qty_ Outwards Qt 2-Oct-26 2-Oct-26 2-Oct-26 Googl Chro Micros 46 IypÅ Unity Quit Voucher Type F 7: Show profit F8: Columnar FIO Basis of B: Values Change ¯ View Exception J: Reports Save View L: Apply F: — Filter F: Filter ¯ Details F 12: Configure t to ...
[keys] '{F4}' -> Tally 'TallyPrime:9000'
[shot] tds-028-r2-db-db-type (1024x768)
[10:59:42] [tds] screen tds-028-r2-db-db-type : Recyc TallyPrime MANAGE EDU K: Company Change Voucher Type Y: Data Z: Exchange O: Import E: Export M: E-mail p: pnnt FinCom • ke Co Name of VoucherType Firefo Googl Chron Micros lyp Unity Quit Voucher T • All Items Contra Credit Note Debit Note Journal s Create Memorandum Payment Physical Stock Purchase Receipt Reversing Journal Sales Stock Journal A Accept Q Search x Fl: Help 7+356 t to 2947c 16527 ' , "tra Hub" , Oe—cc 16527 ' , "tra : '2.3 47c8- isten " : "6e unnin ion_i age" , Oe—cc 'tally Windows Server 2025 Datacenter Build 26100.ge_release240331-1435 10:59 AM 10/8/2026
[keys] 'Receipt{ENTER}' -> Tally 'TallyPrime:9000'
[shot] tds-029-r2-db-db-typed (1024x768)
[10:59:47] [tds] screen tds-029-r2-db-db-typed : TallyPrime MANAGE Recyc EDU K: Company Oa Book List of Receipt Vouchers 161 Y: Data Space: Sekd Q Z: Exchange A Add Vch Search FinCom • ke Co Vch Type Receipt Receipt Receipt DuÅicate Vch I Insert Vch O: Import Vch No. 3 4 5 Total: E: Export M: E-mail P: Print Fl: Help F2: Date For 2-Oct-26 Credit Amount 70.00 70.00 U: Restore Line 7+356 Company Firefo Date 2-Oct-26 2-Oct-26 2-Oct-26 Googl Chro Micros 46 IypÅ Unity Quit Particulars Spike Income Cash Cash Enter: Alter Debit Amount 103.00 104.00 207.00 Voucher Type F 7: Show profit Columnar FIO B: Basis of = Values Change ¯ View Exception J: Rep...
[keys] '{HOME}' -> Tally 'TallyPrime:9000'
[shot] tds-030-r2-db-db-first (1024x768)
[10:59:50] [tds] screen tds-030-r2-db-db-first : TallyPrime MANAGE Recyc EDU K: Company Oa Book List of Receipt Vouchers 161 Y: Data Space: Sekd Q Z: Exchange A Add Vch Search FinCom • ke Co Vch Type Receipt Receipt Receipt DuÅicate Vch I Insert Vch O: Import Vch No. 3 4 5 Total: E: Export M: E-mail P: Print Fl: Help F2: Date For 2-Oct-26 Credit Amount 70.00 70.00 U: Restore Line 7+356 Company Firefo Date 2-Oct-26 2-Oct-26 2-Oct-26 Googl Chro Micros 46 IypÅ Unity Quit Particulars Spike Income Cash Cash Enter: Alter Debit Amount 103.00 104.00 207.00 Voucher Type F 7: Show profit Columnar FIO B: Basis of = Values Change ¯ View Exception J: Rep...
[keys] '{DOWN}' -> Tally 'TallyPrime:9000'
[shot] tds-031-r2-down (1024x768)
[10:59:53] [tds] screen tds-031-r2-down : TallyPrime MANAGE Recyc EDU K: Company Oa Book List of Receipt Vouchers 161 Y: Data Space: Sekd Q Z: Exchange A Add Vch Search FinCom • ke Co Vch Type Receipt Receipt Receipt DuÅicate Vch I Insert Vch O: Import Vch No. 3 4 5 Total: E: Export M: E-mail P: Print Fl: Help F2: Date For 2-Oct-26 Credit Amount 70.00 70.00 U: Restore Line 7+356 Company Firefo Date Particulars 2-0ct-26 Spike Income 2-Oct-26 Cash 2-Oct-26 Cash Googl Chro Micros 46 IypÅ Unity Quit Debit Amount 103.00 104.00 207.00 Voucher Type F 7: Show profit Columnar FIO B: Basis of = Values Change ¯ View Exception J: Reports Save Vie...
[keys] '%d' -> Tally 'TallyPrime:9000'
[shot] tds-032-r2-delete-q (1024x768)
[10:59:58] [tds] screen tds-032-r2-delete-q : TallyPrime MANAGE Recyc EDU Day Book Firefo Googl Chron Micros Unity Q: Quit K: Company Enter: Alter Y: Data Space: Seé:t Q Z: Exchange A:Add Vch Search O: Import E: Export M: E-mail p: print x FinCom Spike Co Delete Q Yes Z: Üug(icate Vch or No l: Insert Vch Fl: Help F2: Date F 3: Company F4: Voucher Type F 7: Show profit F8: Columnar FIO B: Basis of = Values H: Change = View J: Exception = Reports L: Save View F: Apply = Filter F: Filter ¯ Details 161 7+356 t to 2947c 16527 ' , "tra Hub" , Oe—cc 16527 ' , "tra 47c8- isten " : "6e unnin ion_i age" , Oe—cc 'tally p: Delete I cancel vch R: Remu...
[shot] tds-033-r2-delete-ask (1024x768)
[10:59:58] [tds] screen tds-033-r2-delete-ask : TallyPrime MANAGE Recyc EDU Day Book Firefo Googl Chron Micros Unity Q: Quit K: Company Enter: Alter Y: Data Space: Seé:t Q Z: Exchange A:Add Vch Search O: Import E: Export M: E-mail p: print x FinCom Spike Co Delete Q Yes Z: Üug(icate Vch or No l: Insert Vch Fl: Help F2: Date F 3: Company F4: Voucher Type F 7: Show profit F8: Columnar FIO B: Basis of = Values H: Change = View J: Exception = Reports L: Save View F: Apply = Filter F: Filter ¯ Details 161 7+356 t to 2947c 16527 ' , "tra Hub" , Oe—cc 16527 ' , "tra 47c8- isten " : "6e unnin ion_i age" , Oe—cc 'tally p: Delete I cancel vch R: Remu...
[keys] 'y' -> Tally 'TallyPrime:9000'
[shot] tds-034-gw0 (1024x768)
[11:00:03] [tds] screen tds-034-gw0 : TallyPrime MANAGE Recyc EDU K: Company Oa Book List of Receipt Vouchers 161 Y: Data Space: Sekd Q Z: Exchange A Add Vch Search FinCom • ke Co Vch Type Receipt Receipt DuÅicate Vch I Insert Vch O: Import Vch No. 3 4 Total: E: Export M: E-mail P: Print Fl: Help F2: Date For 2-Oct-26 Credit Amount 70.00 70.00 U: Restore Line 7+356 Company Firefo Date 2-Oct-26 2-Oct-26 Googl Chro Micros 46 IypÅ Unity Quit Particulars Spike Income Cash Enter: Alter Debit Amount 104.00 104.00 Voucher Type F 7: Show profit Columnar FIO B: Basis of = Values Change ¯ View Exception J: Reports Save View L: Apply F: — Fi...
[keys] '{ESC}' -> Tally 'TallyPrime:9000'
[shot] tds-035-gw1 (1024x768)
[11:00:06] [tds] screen tds-035-gw1 : TallyPrime MANAGE Recyc EDU K: Company Gatewa of Tall Y: Data Q Z: Exchange CURRENT OATE Friday, 2-Oct-2026 31-Oct-26 Search O: Import E: Export M: E-mail p: pnnt Fl: Help Date Company Firefo Googl Chro Micros 46 IypÅ Unity CURRENT PERIOD I-Apr-26 to 31-Mar-27 NAME OF COMPANY FinCom Spike Co Gateway of Tally MASTERS Create Alter CHart of Accounts TRANSACTIONS Vouchers Day 800K UTILITIES BaNking REPORTS Balance Sheet Profit & Loss A/c Stock Summary Ratio Analysis Display More Reports Quit 161 7+356 t to 2947c 16527 ' , "tra Hub" , Oe—cc 16527 ' , "tra 47c8- isten " : "6e unnin ion_i age" , Oe—c...
  bridge log: 2026-10-08 11:00:00  Recorder: Receipt 4 of 02-Oct-2026 (MasterID 5, line e7562091…): asking Tally by MasterID
  bridge log: 2026-10-08 11:00:00  Recorder: entry fetch of FinCom Spike Co: answered in 1 ms
  bridge log: 2026-10-08 11:00:00  Recorder: FinCom Spike Co: delete of mid 5: held: this computer's Tally could not be asked whether it was deleted here (Tally's answer could not be read: <ERRORMSG>Could not find Voucher:ID:5!</ERRORMSG> ); not sent as a delete: held
  bridge log: 2026-10-08 11:00:00  Recorder: the body of 1 entry of FinCom Spike Co was not read from Tally (Tally's answer could not be read: <ERRORMSG>Could not find Voucher:ID:5!</ERRORMSG> ); sent without it (FinCom holds the line until a body comes)
  bridge log: 2026-10-08 11:02:59  Light check of FinCom Spike Co: unchanged starting point ALTVCHID=2; now ALTVCHID=9, ALTMSTID=211
  bridge log: 2026-10-08 11:02:59  Ledger changes for FinCom Spike Co: Tally's master counter 209 -> 211: 1 request(s) for AlterID 210-211, 0 ledger(s); the last number is 211
######## FAIL r2 delete with renumbering on: the delete made; ALTVCHID 8 -> 9; Tally renumbered 2: mid 6 5 -> 4 (AlterID 6 -> 6), FinCom's number 1 2 5 3 6; mid 7 6 -> 5 (AlterID 7 -> 7), FinCom's number 1 2 5 3 6; FinCom's copy differs from Tally for 5 receipt(s) (mid 3 no 1 of 20261001 AlterID 3; mid 4 no 2 of 20261001 AlterID 4; mid 6 no 4 of 20261002 AlterID 6; mid 8 no 3 of 20261002 AlterID 8; mid 7 no 5 of 20261031 AlterID 7) and holds 1 receipt(s) Tally has not after 240 s; renumber_list asked 0 time(s); 0 altered line(s) from the bridge (source renumber): ; bridge log: (no Renumbering line)
