[10:48:45] ---- the bridge built from the ref
bridge source: 72c6d36dcf55010d009b029897d8f071dbe4dfe2 next-inflight: one request in flight per Tally, an abandoned one included; the 10-minute bound fixed at its root
setup origin: COMMITTED assets-test/bridge-go/FinComBridge-Setup-2.3.1.exe SHA-256 7d4a37a93a52dbc55ab9992c7148c7d607485d567fd34e1bde7d607288a216be
setup: FinComBridge-Setup-2.3.1.exe 3325727 bytes SHA256 7D4A37A93A52DBC55AB9992C7148C7D607485D567FD34E1BDE7D607288A216BE
[10:48:45] ---- the second Windows user (not an administrator)
user 2: fcuser2 S-1-5-21-1643835476-1616584234-1346609752-1003; administrators: runnervmfi6oq\runneradmin
user 2's profile: C:\Users\fcuser2
 SESSIONNAME               USERNAME                 ID  STATE   TYPE        DEVICE 
 services                                            0  Disc                        
 rdp-tcp#0                 fcuser2                   1  Active                      
>console                   runneradmin               2  Active                      
 31c5ce94259d4006a9e4                            65536  Listen                      
 rdp-tcp                                         65537  Listen                      

[10:49:09] user 2's own Windows session by Remote Desktop: True (session 1)
[shot] r4-03-rdp-session (1024x768)
task fcu2 registered for fcuser2 (interactive)
  [as fcuser2] who=runnervmfi6oq\fcuser2 session=1
  [as fcuser2] no Tally window in session 1; keys '{ENTER}' to the window in front
  [as fcuser2] shot u2-desktop
[10:49:38] ---- the stub cloud
[10:49:41] ---- user 1's Tally (9000) with the add-on; a copy of the program for user 2 first (its own tally.ini and port)
  still running from the Tally folder: tallyscheduler 10036
  robocopy:    Bytes :  177.74 m  177.74 m         0         0       512         0
  robocopy:    Times :   0:00:00   0:00:00                       0:00:00   0:00:00
  robocopy: 
  robocopy: 
  robocopy:    Speed :           2,070,931,077 Bytes/sec.
  robocopy:    Speed :             118,499.625 MegaBytes/min.
  robocopy:    Ended : Wednesday, October 7, 2026 10:49:44 AM
  robocopy: 
[10:49:44] copy for user 2: robocopy 9, tally.exe there: True
Tally :9000 answers: True
[keys] 'a' -> Tally :9000 'TallyPrime:9000'
[keys] 't' -> Tally :9000 'TallyPrime:9000'
[shot] r4-00-tally1 (1024x768)
[ledger Spike Income :9000] <RESPONSE><CREATED>1</CREATED><ALTERED>0</ALTERED><DELETED>0</DELETED><LASTVCHID>0</LASTVCHID><LASTMID>0</LASTMID><COMBINED>0</COMBINED><IGNORED>0</IGNORED><ERRORS>0</ERRORS><CANCELLED>0</CANCELLED><EXCEPTIONS>0</EXCEPTIONS></RESPONSE>
[ledger Salesify Marketing LLP (bill-by-bill) :9000] <RESPONSE><CREATED>1</CREATED><ALTERED>0</ALTERED><DELETED>0</DELETED><LASTVCHID>0</LASTVCHID><LASTMID>0</LASTMID><COMBINED>0</COMBINED><IGNORED>0</IGNORED><ERRORS>0</ERRORS><CANCELLED>0</CANCELLED><EXCEPTIONS>0</EXCEPTIONS></RESPONSE>
[10:50:16] ---- check 8's masters on user 1's Tally: unit, two stock items (GST 18%), Sales/Purchase, CGST/SGST 9%, customer, supplier
[unit Nos :9000] <RESPONSE><CREATED>1</CREATED><ALTERED>0</ALTERED><DELETED>0</DELETED><LASTVCHID>0</LASTVCHID><LASTMID>0</LASTMID><COMBINED>0</COMBINED><IGNORED>0</IGNORED><ERRORS>0</ERRORS><CANCELLED>0</CANCELLED><EXCEPTIONS>0</EXCEPTIONS></RESPONSE>
[stock item Spike Widget (GST 18%) :9000] <RESPONSE><CREATED>1</CREATED><ALTERED>0</ALTERED><DELETED>0</DELETED><LASTVCHID>0</LASTVCHID><LASTMID>0</LASTMID><COMBINED>0</COMBINED><IGNORED>0</IGNORED><ERRORS>0</ERRORS><CANCELLED>0</CANCELLED><EXCEPTIONS>0</EXCEPTIONS></RESPONSE>
[stock item Spike Gadget (GST 18%) :9000] <RESPONSE><CREATED>1</CREATED><ALTERED>0</ALTERED><DELETED>0</DELETED><LASTVCHID>0</LASTVCHID><LASTMID>0</LASTMID><COMBINED>0</COMBINED><IGNORED>0</IGNORED><ERRORS>0</ERRORS><CANCELLED>0</CANCELLED><EXCEPTIONS>0</EXCEPTIONS></RESPONSE>
[stock items :9000] <ENVELOPE><HEADER><VERSION>1</VERSION><STATUS>1</STATUS></HEADER><BODY><DESC><CMPINFO><COMPANY>0</COMPANY><GROUP>0</GROUP><LEDGER>2</LEDGER><COSTCATEGORY>0</COSTCATEGORY><COSTCENTRE>0</COSTCENTRE><GODOWN>0</GODOWN><STOCKGROUP>0</STOCKGROUP><STOCKCATEGORY>0</STOCKCATEGORY><STOCKITEM>2</STOCKITEM><VOUCHERTYPE>0</VOUCHERTYPE><CURRENCY>0</CURRENCY><UNIT>1</UNIT><BUDGET>0</BUDGET><CLIENTRULE>0</CLIENTRULE><SERVERRULE>0</SERVERRULE><STATE>0</STATE><TDSRATE>0</TDSRATE><TAXCLASSIFICATION>0</TAXCLASSIFICATION><STCATEGORY>0</STCATEGORY><DEDUCTEETYPE>0</DEDUCTEETYPE><ATTENDANCETYPE>0</ATTENDANCETYPE><FBT...
[check 8 ledgers :9000] <RESPONSE><CREATED>6</CREATED><ALTERED>0</ALTERED><DELETED>0</DELETED><LASTVCHID>0</LASTVCHID><LASTMID>0</LASTMID><COMBINED>0</COMBINED><IGNORED>0</IGNORED><ERRORS>0</ERRORS><CANCELLED>0</CANCELLED><EXCEPTIONS>0</EXCEPTIONS></RESPONSE>
[stock items :9000] <ENVELOPE><HEADER><VERSION>1</VERSION><STATUS>1</STATUS></HEADER><BODY><DESC><CMPINFO><COMPANY>0</COMPANY><GROUP>0</GROUP><LEDGER>8</LEDGER><COSTCATEGORY>0</COSTCATEGORY><COSTCENTRE>0</COSTCENTRE><GODOWN>0</GODOWN><STOCKGROUP>0</STOCKGROUP><STOCKCATEGORY>0</STOCKCATEGORY><STOCKITEM>2</STOCKITEM><VOUCHERTYPE>0</VOUCHERTYPE><CURRENCY>0</CURRENCY><UNIT>1</UNIT><BUDGET>0</BUDGET><CLIENTRULE>0</CLIENTRULE><SERVERRULE>0</SERVERRULE><STATE>0</STATE><TDSRATE>0</TDSRATE><TAXCLASSIFICATION>0</TAXCLASSIFICATION><STCATEGORY>0</STCATEGORY><DEDUCTEETYPE>0</DEDUCTEETYPE><ATTENDANCETYPE>0</ATTENDANCETYPE><FBT...
[10:50:17] ---- 2.3.1 scenarios: the masters (stock items with HSN and GST rate, GST, TDS, cost centre, bank and party ledgers)
  scen231: 7 master sets, 14 entries -> D:\a\testingtdsdesk\testingtdsdesk\spike-results\37606559317-windows-latest\round4\scen231
[masters-1-items :9000] 33 ms, 269 bytes: <RESPONSE><CREATED>4</CREATED><ALTERED>0</ALTERED><DELETED>0</DELETED><LASTVCHID>0</LASTVCHID><LASTMID>0</LASTMID><COMBINED>0</COMBINED><IGNORED>0</IGNORED><ERRORS>0</ERRORS><CANCELLED>0</CANCELLED><EXCEPTIONS>0</EXCEPTIONS></RESPONSE>
[masters-2-costs :9000] 20 ms, 269 bytes: <RESPONSE><CREATED>3</CREATED><ALTERED>0</ALTERED><DELETED>0</DELETED><LASTVCHID>0</LASTVCHID><LASTMID>0</LASTMID><COMBINED>0</COMBINED><IGNORED>0</IGNORED><ERRORS>0</ERRORS><CANCELLED>0</CANCELLED><EXCEPTIONS>0</EXCEPTIONS></RESPONSE>
[masters-4-ledgers :9000] 70 ms, 270 bytes: <RESPONSE><CREATED>14</CREATED><ALTERED>0</ALTERED><DELETED>0</DELETED><LASTVCHID>0</LASTVCHID><LASTMID>0</LASTMID><COMBINED>0</COMBINED><IGNORED>0</IGNORED><ERRORS>0</ERRORS><CANCELLED>0</CANCELLED><EXCEPTIONS>0</EXCEPTIONS></RESPONSE>
[masters-6-bulk :9000] 1753 ms, 271 bytes: <RESPONSE><CREATED>400</CREATED><ALTERED>0</ALTERED><DELETED>0</DELETED><LASTVCHID>0</LASTVCHID><LASTMID>0</LASTMID><COMBINED>0</COMBINED><IGNORED>0</IGNORED><ERRORS>0</ERRORS><CANCELLED>0</CANCELLED><EXCEPTIONS>0</EXCEPTIONS></RESPONSE>
[S4 the bill (New Ref S231-BILL-1, a journal) :9000] 42 ms, 269 bytes: <RESPONSE><CREATED>1</CREATED><ALTERED>0</ALTERED><DELETED>0</DELETED><LASTVCHID>2</LASTVCHID><LASTMID>0</LASTMID><COMBINED>0</COMBINED><IGNORED>0</IGNORED><ERRORS>0</ERRORS><CANCELLED>0</CANCELLED><EXCEPTIONS>0</EXCEPTIONS></RESPONSE>
[ledger master S231 Buyer :9000] 9 ms, 17392 bytes: <ENVELOPE><HEADER><VERSION>1</VERSION><STATUS>1</STATUS></HEADER><BODY><DESC><CMPINFO><COMPANY>0</COMPANY><GROUP>0</GROUP><LEDGER>425</LEDGER><COSTCATEGORY>1</COSTCATEGORY><COSTCENTRE>2</COSTCENTRE><GODOWN>0</GODOWN><STOCKGROUP>0</STOCKGROUP><STOCKCATEGORY>0</STOCKCATEGORY><STOCKITEM>6</STOCKITEM><VOUCHERTYPE>0</VOUCHERTYPE><CURRENCY>1</CURRENCY><UNIT>1</UNIT><BUDGET>0</BUDGET><CLIENTRULE>0</CLIENTRULE><SERVERRULE>0</SERVERRULE><STATE>0</STATE><TDSRATE>0</TDSRATE><TAXCLASSIFICATION>0</TAXCLASSIF...
[shot] r4-s231-00-masters (1024x768)
[10:50:22] ---- user 2's own Tally (9001), run as fcuser2: a company made by keys, then started again with it and the add-on
  [as fcuser2] pid=6220 session=1 user=runnervmfi6oq\fcuser2
Tally :9001 (pid 6220) answers: True; owner: fcuser2; session 1 (runner's own: 2)
  [as fcuser2] keys 'a' -> Tally pid 6220 'TallyPrime:9001' session 1 foreground=True
  [as fcuser2] keys 't' -> Tally pid 6220 'TallyPrime:9001' session 1 foreground=True
  [as fcuser2] shot 01-tally2-start
  [as fcuser2] keys '{ENTER}' -> Tally pid 6220 'TallyPrime:9001' session 1 foreground=True
  [as fcuser2] shot 01b-tally2-create-company
  [as fcuser2] keys 'FinCom Spike U2' -> Tally pid 6220 'TallyPrime:9001' session 1 foreground=True
  [as fcuser2] keys '^a' -> Tally pid 6220 'TallyPrime:9001' session 1 foreground=True
  [as fcuser2] shot 01c-tally2-ctrl-a
[companies :9001] <ENVELOPE><HEADER><VERSION>1</VERSION><STATUS>1</STATUS></HEADER><BODY><DESC><CMPINFO><COMPANY>0</COMPANY><GROUP>0</GROUP><LEDGER>0</LEDGER><COSTCATEGORY>0</COSTCATEGORY><COSTCENTRE>0</COSTCENTRE><GODOWN>0</GODOWN><STOCKGROUP>0</STOCKGROUP><STOCKCATEGORY>0</STOCKCATEGORY><STOCKITEM>0</STOCKITEM><VOUCHERTYPE>0</VOUCHERTYPE><CURRENCY>0</CURRENCY><UNIT>0</UNIT><BUDGET>0</BUDGET><CLIENTRULE>0</CLIENTRULE><SERVERRULE>0</SERVERRULE><STATE>0</STATE><TDSRATE>0</TDSRATE><TAXCLASSIFICATION>0</TAXCLASSIFICATION><STCATEGORY>0</STCATEGORY><DEDUCTEETYPE>0</DEDUCTEETYPE><ATTENDANCETYPE>0</ATTENDANCETYPE><FBT...
  [as fcuser2] keys '^a' -> Tally pid 6220 'TallyPrime:9001' session 1 foreground=True
  [as fcuser2] shot 01d-tally2-company
user 2's company made: True, folder 100000
  [as fcuser2] pid=10256 session=1 user=runnervmfi6oq\fcuser2
  [as fcuser2] keys 'a' -> Tally pid 10256 'TallyPrime:9001' session 1 foreground=True
  [as fcuser2] keys 't' -> Tally pid 10256 'TallyPrime:9001' session 1 foreground=True
  [as fcuser2] shot 01e-tally2-gateway
[ledger Spike Income :9001] <RESPONSE><CREATED>1</CREATED><ALTERED>0</ALTERED><DELETED>0</DELETED><LASTVCHID>0</LASTVCHID><LASTMID>0</LASTMID><COMBINED>0</COMBINED><IGNORED>0</IGNORED><ERRORS>0</ERRORS><CANCELLED>0</CANCELLED><EXCEPTIONS>0</EXCEPTIONS></RESPONSE>
[companies :9001] <ENVELOPE><HEADER><VERSION>1</VERSION><STATUS>1</STATUS></HEADER><BODY><DESC><CMPINFO><COMPANY>0</COMPANY><GROUP>0</GROUP><LEDGER>1</LEDGER><COSTCATEGORY>0</COSTCATEGORY><COSTCENTRE>0</COSTCENTRE><GODOWN>0</GODOWN><STOCKGROUP>0</STOCKGROUP><STOCKCATEGORY>0</STOCKCATEGORY><STOCKITEM>0</STOCKITEM><VOUCHERTYPE>0</VOUCHERTYPE><CURRENCY>0</CURRENCY><UNIT>0</UNIT><BUDGET>0</BUDGET><CLIENTRULE>0</CLIENTRULE><SERVERRULE>0</SERVERRULE><STATE>0</STATE><TDSRATE>0</TDSRATE><TAXCLASSIFICATION>0</TAXCLASSIFICATION><STCATEGORY>0</STCATEGORY><DEDUCTEETYPE>0</DEDUCTEETYPE><ATTENDANCETYPE>0</ATTENDANCETYPE><FBT...
[ledger Spike Party :9001] <RESPONSE><CREATED>1</CREATED><ALTERED>0</ALTERED><DELETED>0</DELETED><LASTVCHID>0</LASTVCHID><LASTMID>0</LASTMID><COMBINED>0</COMBINED><IGNORED>0</IGNORED><ERRORS>0</ERRORS><CANCELLED>0</CANCELLED><EXCEPTIONS>0</EXCEPTIONS></RESPONSE>
[journal :9001 :9001] <RESPONSE><CREATED>1</CREATED><ALTERED>0</ALTERED><DELETED>0</DELETED><LASTVCHID>1</LASTVCHID><LASTMID>0</LASTMID><COMBINED>0</COMBINED><IGNORED>0</IGNORED><ERRORS>0</ERRORS><CANCELLED>0</CANCELLED><EXCEPTIONS>0</EXCEPTIONS></RESPONSE>
== user 2's own Tally with its company and the add-on: True
[10:51:57] ---- the bridges, each installed by its own Windows user with the real setup, just for me; the settings seeded first
setup as runneradmin (just for me) ended with 0
  install.log 1: 2026-10-07 10:51:58  Install (just for this user, no service): FinCom Bridge 2.3.1 for runnervmfi6oq\runneradmin (S-1-5-21-1643835476-1616584234-1346609752-500), sole mode, folder C:\Users\runneradmin\AppData\Local\TDS Desk Bridge
  install.log 1: 2026-10-07 10:52:01  Install: the add-on FinComRecorder.tdl written in C:\ProgramData\FinCom\addon
  install.log 1: 2026-10-07 10:52:01  Install: the add-on FinComRecorderAnyCompany.tdl written in C:\ProgramData\FinCom\addon
  install.log 1: 2026-10-07 10:52:01  Install: the recorder folder C:\ProgramData\FinCom\recorder and the add-on folder C:\ProgramData\FinCom\addon are ready (just for this user)
  install.log 1: 2026-10-07 10:52:01  Install: starts when runnervmfi6oq\runneradmin signs in to Windows (HKCU Run)
  install.log 1: 2026-10-07 10:52:02  Install: done; the bridge answers on 127.0.0.1:9100
  install.log 1: 2026-10-07 10:52:02  Setup: FinComBridge.exe install: done, the bridge answers
  install.log 1: 2026-10-07 10:52:02  Setup: Finished: installed and running (sole mode)
seed as fcuser2: runnervmfi6oq\fcuser2 session 1 C:\Users\fcuser2\AppData\Local
  [as fcuser2] exit=0 user=runnervmfi6oq\fcuser2 session=1
setup as fcuser2 (just for me) ended: exit=0 user=runnervmfi6oq\fcuser2 session=1
  install.log 2: 2026-10-07 10:52:05  Install (just for this user, no service): FinCom Bridge 2.3.1 for runnervmfi6oq\fcuser2 (S-1-5-21-1643835476-1616584234-1346609752-1003), sole mode, folder C:\Users\fcuser2\AppData\Local\TDS Desk Bridge
  install.log 2: 2026-10-07 10:52:08  Install: the add-on FinComRecorder.tdl was not written in C:\ProgramData\FinCom\addon: remove C:\ProgramData\FinCom\addon\FinComRecorder.tdl: Access is denied.
  install.log 2: 2026-10-07 10:52:08  Install: the add-on FinComRecorderAnyCompany.tdl was not written in C:\ProgramData\FinCom\addon: remove C:\ProgramData\FinCom\addon\FinComRecorderAnyCompany.tdl: Access is denied.
  install.log 2: 2026-10-07 10:52:08  Install: the recorder folder C:\ProgramData\FinCom\recorder and the add-on folder C:\ProgramData\FinCom\addon are ready (just for this user)
  install.log 2: 2026-10-07 10:52:08  Install: starts when runnervmfi6oq\fcuser2 signs in to Windows (HKCU Run)
  install.log 2: 2026-10-07 10:52:09  Install: done; the bridge answers on 127.0.0.1:9101
  install.log 2: 2026-10-07 10:52:09  Setup: FinComBridge.exe install: done, the bridge answers
  install.log 2: 2026-10-07 10:52:09  Setup: Finished: installed and running (sole mode)
bridge 1: user runneradmin, port 9100, id go-15b065d42c6f, key 24 chars, Owner runnervmfi6oq\runneradmin, OwnerSid S-1-5-21-1643835476-1616584234-1346609752-500
bridge 2: user fcuser2, port 9101, id go-ca099e19b3f1, key 24 chars, Owner runnervmfi6oq\fcuser2, OwnerSid S-1-5-21-1643835476-1616584234-1346609752-1003
[shot] r4-02-bridges (1024x768)
[10:52:20] ---- 6a: both bridges run at once, on their own ports, as their own users
  process 7004 as runneradmin in session 2: "C:\Users\runneradmin\AppData\Local\FinCom Bridge\FinComBridge.exe" user --config "C:\Users\runneradmin\AppData\Local\TDS Desk Bridge\tds-bridge.config.json"
  process 9332 as runneradmin in session 2: "C:\Users\runneradmin\AppData\Local\FinCom Bridge\FinComBridge.exe" worker --config "C:\Users\runneradmin\AppData\Local\TDS Desk Bridge\tds-bridge.config.json" --home "C:\Users\runneradmin\AppData\Local\TDS Desk Bridge" --parent 7004
  process 1484 as runneradmin in session 2: "C:\Users\runneradmin\AppData\Local\FinCom Bridge\FinComBridge.exe" tray --quiet --config "C:\Users\runneradmin\AppData\Local\TDS Desk Bridge\tds-bridge.config.json"
  process 8208 as fcuser2 in session 1: "C:\Users\fcuser2\AppData\Local\FinCom Bridge\FinComBridge.exe" user --config "C:\Users\fcuser2\AppData\Local\TDS Desk Bridge\tds-bridge.config.json"
  process 3456 as fcuser2 in session 1: "C:\Users\fcuser2\AppData\Local\FinCom Bridge\FinComBridge.exe" worker --config "C:\Users\fcuser2\AppData\Local\TDS Desk Bridge\tds-bridge.config.json" --home "C:\Users\fcuser2\AppData\Local\TDS Desk Bridge" --parent 8208
  process 5352 as fcuser2 in session 1: "C:\Users\fcuser2\AppData\Local\FinCom Bridge\FinComBridge.exe" tray
  listening 127.0.0.1:9101 pid 3456 user fcuser2
  listening 127.0.0.1:9100 pid 9332 user runneradmin
  Tally pid 10256 session 1 owner fcuser2
  Tally pid 10512 session 2 owner runneradmin
######## PASS 6a two bridges at once: bridge 1 runneradmin on 127.0.0.1:9100 (pid 9332, session 2, go-15b065d42c6f); bridge 2 fcuser2 on 127.0.0.1:9101 (pid 3456, session 1, go-ca099e19b3f1); both listening at 10:52:20
[10:52:20] ---- 6b: the /ping proof: HMAC-SHA256(bridge key, nonce || bridge id || port), only to the bridge's own Windows user
runneradmin -> own bridge, no Origin: {"bridge":"FinCom Tally Bridge","bridgeId":"go-15b065d42c6f","impl":"go","loopSec":0,"ok":true,"pid":9332,"port":9100,"runMode":"user","testMode":false,"version":"2.3.1","yours":true}
runneradmin -> own bridge: {"bridge":"FinCom Tally Bridge","bridgeId":"go-15b065d42c6f","impl":"go","loopSec":0,"ok":true,"pairProof":"5b3a3117a8fa30a35f8150c2caf28eceba37c40259d75a9863206b85221a26bf","pid":9332,"port":9100,"proof":"6c16e230d70b98879590e833cb237c565e5415c9fe9869d7878e3c9ee4304e17","runMode":"user","testMode":false,"version":"2.3.1","yours":true}
runneradmin -> user 2's bridge: {"bridge":"FinCom Tally Bridge","impl":"go","loopSec":0,"ok":true,"pid":3456,"runMode":"user","testMode":false,"version":"2.3.1","yours":false}
as fcuser2 (): {"ownStatus":401,"other":{"bridge":"FinCom Tally Bridge","impl":"go","loopSec":0,"ok":true,"pid":9332,"runMode":"user","testMode":false,"version":"2.3.1","yours":false},"session":1,"own":{"bridge":"FinCom Tally Bridge","bridgeId":"go-ca099e19b3f1","impl":"go","loopSec":0,"ok":true,"pairProof":"843126bc8f669182e0390a805f1b13d178f48e58e5ddff9997731e2af3563b49","pid":3456,"port":9101,"proof":"9f9be48dde6991082a8c3e143fbb09ccc9e613b2181694a8a8102df1cd130a26","runMode":"user","testMode":false,"version":"2.3.1","yours":true},"otherStatus":403,"who":"runnervmfi6oq\\fcuser2"}
  ok   bridge 1 proves itself to runneradmin: yours=True bridgeId=go-15b065d42c6f port=9100 proof=6c16e230d70b98879590e833cb237c565e5415c9fe9869d7878e3c9ee4304e17
  ok   bridge 1 proof checked against user 2 identity fails: HMAC(key2, nonce||go-ca099e19b3f1||9101)=6c773e8dbd9e22b6eec0888bfd38883973793ff436db1e9252d6dea30288a91d
  ok   bridge 2 proves itself to fcuser2: yours=True bridgeId=go-ca099e19b3f1 port=9101 proof=9f9be48dde6991082a8c3e143fbb09ccc9e613b2181694a8a8102df1cd130a26
  ok   bridge 2 proof checked against user 1 identity fails: HMAC(key1, nonce||go-15b065d42c6f||9100)=d3bc021a0c932e2f3f47dfe9e8d56f581104efb4faef4b5b4d219e5d62a83e0f
  ok   bridge 2 gives runneradmin no proof: yours=False proof= bridgeId=
  ok   bridge 1 gives fcuser2 no proof: yours=False proof=
  ok   other users refused 403 beyond /ping: runneradmin: own /status 401, other 403; fcuser2: own /status 401, other 403
######## PASS 6b /ping proof: bridge 1 proves itself to runneradmin: ok; bridge 1 proof checked against user 2 identity fails: ok; bridge 2 proves itself to fcuser2: ok; bridge 2 proof checked against user 1 identity fails: ok; bridge 2 gives runneradmin no proof: ok; bridge 1 gives fcuser2 no proof: ok; other users refused 403 beyond /ping: ok
  bridge1 log: 2026-10-07 10:52:01  FinCom Bridge 2.3.1: started just for runnervmfi6oq\runneradmin (no service); it keeps the bridge and its icon running
  bridge1 log: 2026-10-07 10:52:01  FinCom Bridge 2.3.1 (Go) started on 127.0.0.1:9100: the only bridge on this computer; working for runnervmfi6oq\runneradmin, Windows session 2; runs just for this Windows user (starts at sign-in, no service)
  bridge1 log: 2026-10-07 10:52:01  Tally is open on port 9000; the bridge reads it only after an event (a client opened in FinCom, Update now, a posting, the nightly catch-up at 02:00)
  bridge1 log: 2026-10-07 10:52:01  Recorder: re-scan of the add-on's files for 2.3.1: 0 line(s) sent earlier without their entry found (a new entry's line with no MasterID, a GUID of another entry, or read while the body fetch was off)
  bridge1 log: 2026-10-07 10:52:01  Check:  - 
  bridge1 log: 2026-10-07 10:52:04  Tray icon: set to show next to the clock always (Windows 11)
  bridge1 log: 2026-10-07 10:52:04  FinCom: this bridge is now the main bridge on this computer (set by the setup); it reads and posts
  bridge1 log: 2026-10-07 10:52:04  Company FinCom Spike Co: its Tally GUID a69b75fc-e909-448f-8b43-3d55567f8b7c is held from now on
  bridge1 log: 2026-10-07 10:52:05  Company FinCom Spike Co: its starting point is recorded: ALTVCHID=2, ALTMSTID=642 (reading is prospective only: the bridge follows what changes after this)
  bridge1 log: 2026-10-07 10:52:05  Company FinCom Spike Co: change numbers read with form a: ALTVCHID=2, ALTMSTID=642
  bridge1 log: 2026-10-07 10:52:05  Light check of FinCom Spike Co: starting point recorded (ALTVCHID=2, ALTMSTID=642)
  bridge1 log: 2026-10-07 10:52:08  Refused a request from a program of another Windows user (/tray/idle): not your FinCom Bridge
  bridge1 log: 2026-10-07 10:52:08  Refused a request from a program of another Windows user (/tray/status): not your FinCom Bridge
  bridge1 log: 2026-10-07 10:52:08  Refused a request from a program of another Windows user (/tray/idle): not your FinCom Bridge
  bridge1 log: 2026-10-07 10:52:08  Refused a request from a program of another Windows user (/tray/status): not your FinCom Bridge
  bridge1 log: 2026-10-07 10:52:09  Refused a request from a program of another Windows user (/tray/idle): not your FinCom Bridge
  bridge1 log: 2026-10-07 10:52:09  Refused a request from a program of another Windows user (/tray/status): not your FinCom Bridge
  bridge1 log: 2026-10-07 10:52:09  Refused a request from a program of another Windows user (/tray/idle): not your FinCom Bridge
  bridge1 log: 2026-10-07 10:52:09  Refused a request from a program of another Windows user (/tray/status): not your FinCom Bridge
  bridge1 log: 2026-10-07 10:52:09  Refused a request from a program of another Windows user (/tray/idle): not your FinCom Bridge
  bridge1 log: 2026-10-07 10:52:09  Refused a request from a program of another Windows user (/tray/status): not your FinCom Bridge
  bridge1 log: 2026-10-07 10:52:09  Refused a request from a program of another Windows user (/tray/idle): not your FinCom Bridge
  bridge1 log: 2026-10-07 10:52:09  Refused a request from a program of another Windows user (/tray/status): not your FinCom Bridge
  bridge1 log: 2026-10-07 10:52:09  Refused a request from a program of another Windows user (/tray/idle): not your FinCom Bridge
  bridge1 log: 2026-10-07 10:52:09  Refused a request from a program of another Windows user (/tray/status): not your FinCom Bridge
  bridge1 log: 2026-10-07 10:52:09  Refused a request from a program of another Windows user (/tray/idle): not your FinCom Bridge
  bridge1 log: 2026-10-07 10:52:09  Refused a request from a program of another Windows user (/tray/status): not your FinCom Bridge
  bridge1 log: 2026-10-07 10:52:09  Refused a request from a program of another Windows user (/tray/idle): not your FinCom Bridge
  bridge1 log: 2026-10-07 10:52:09  Refused a request from a program of another Windows user (/tray/status): not your FinCom Bridge
  bridge1 log: 2026-10-07 10:52:21  Refused a request from a program of another Windows user (/status): not your FinCom Bridge
  bridge2 log: 2026-10-07 10:52:08  FinCom Bridge 2.3.1: started just for runnervmfi6oq\fcuser2 (no service); it keeps the bridge and its icon running
  bridge2 log: 2026-10-07 10:52:09  Port 9100 is taken (another Windows user's FinCom Bridge, or another program); this bridge uses port 9101 and remembers it
  bridge2 log: 2026-10-07 10:52:09  FinCom Bridge 2.3.1 (Go) started on 127.0.0.1:9101: the only bridge on this computer; working for runnervmfi6oq\fcuser2, Windows session 1; runs just for this Windows user (starts at sign-in, no service)
  bridge2 log: 2026-10-07 10:52:09  Tally is open on port 9001; the bridge reads it only after an event (a client opened in FinCom, Update now, a posting, the nightly catch-up at 02:00)
  bridge2 log: 2026-10-07 10:52:09  Recorder: re-scan of the add-on's files for 2.3.1: 0 line(s) sent earlier without their entry found (a new entry's line with no MasterID, a GUID of another entry, or read while the body fetch was off)
  bridge2 log: 2026-10-07 10:52:09  Check:  - 
  bridge2 log: 2026-10-07 10:52:12  Tray icon: set to show next to the clock always (Windows 11)
  bridge2 log: 2026-10-07 10:52:12  FinCom: this bridge is now the main bridge on this computer (set by the setup); it reads and posts
  bridge2 log: 2026-10-07 10:52:12  Company FinCom Spike U2: its Tally GUID ed530165-8a8d-41d6-8c59-53b4ae20efa7 is held from now on
  bridge2 log: 2026-10-07 10:52:12  Company FinCom Spike U2: its starting point is recorded: ALTVCHID=1, ALTMSTID=209 (reading is prospective only: the bridge follows what changes after this)
  bridge2 log: 2026-10-07 10:52:12  Company FinCom Spike U2: change numbers read with form a: ALTVCHID=1, ALTMSTID=209
  bridge2 log: 2026-10-07 10:52:12  Light check of FinCom Spike U2: starting point recorded (ALTVCHID=1, ALTMSTID=209)
  bridge2 log: 2026-10-07 10:52:20  Refused a request from a program of another Windows user (/status): not your FinCom Bridge (the program asking has no Windows user)
[10:52:52] ---- A: Tally 9000 busy 5 minutes with 10 entries waiting
[PU ledger :9000] <RESPONSE><CREATED>1</CREATED><ALTERED>0</ALTERED><DELETED>0</DELETED><LASTVCHID>0</LASTVCHID><LASTMID>0</LASTMID><COMBINED>0</COMBINED><IGNORED>0</IGNORED><ERRORS>0</ERRORS><CANCELLED>0</CANCELLED><EXCEPTIONS>0</EXCEPTIONS></RESPONSE>
  Tally :9000 voucher mid=1 aid=1 guid=a69b75fc-e909-448f-8b43-3d55567f8b7c-00000001 no=1 cancelled=False
  Tally :9000 voucher mid=2 aid=2 guid=a69b75fc-e909-448f-8b43-3d55567f8b7c-00000002 no=2 cancelled=False
[PU 10 receipts :9000] <RESPONSE><CREATED>10</CREATED><ALTERED>0</ALTERED><DELETED>0</DELETED><LASTVCHID>12</LASTVCHID><LASTMID>0</LASTMID><COMBINED>0</COMBINED><IGNORED>0</IGNORED><ERRORS>0</ERRORS><CANCELLED>0</CANCELLED><EXCEPTIONS>0</EXCEPTIONS></RESPONSE>
  Tally :9000 voucher mid=1 aid=1 guid=a69b75fc-e909-448f-8b43-3d55567f8b7c-00000001 no=1 cancelled=False
  Tally :9000 voucher mid=3 aid=3 guid=a69b75fc-e909-448f-8b43-3d55567f8b7c-00000003 no=1 cancelled=False
  Tally :9000 voucher mid=4 aid=4 guid=a69b75fc-e909-448f-8b43-3d55567f8b7c-00000004 no=2 cancelled=False
  Tally :9000 voucher mid=5 aid=5 guid=a69b75fc-e909-448f-8b43-3d55567f8b7c-00000005 no=3 cancelled=False
  Tally :9000 voucher mid=6 aid=6 guid=a69b75fc-e909-448f-8b43-3d55567f8b7c-00000006 no=4 cancelled=False
  Tally :9000 voucher mid=7 aid=7 guid=a69b75fc-e909-448f-8b43-3d55567f8b7c-00000007 no=5 cancelled=False
  Tally :9000 voucher mid=8 aid=8 guid=a69b75fc-e909-448f-8b43-3d55567f8b7c-00000008 no=6 cancelled=False
  Tally :9000 voucher mid=9 aid=9 guid=a69b75fc-e909-448f-8b43-3d55567f8b7c-00000009 no=7 cancelled=False
  Tally :9000 voucher mid=10 aid=10 guid=a69b75fc-e909-448f-8b43-3d55567f8b7c-0000000a no=8 cancelled=False
  Tally :9000 voucher mid=11 aid=11 guid=a69b75fc-e909-448f-8b43-3d55567f8b7c-0000000b no=9 cancelled=False
  Tally :9000 voucher mid=12 aid=12 guid=a69b75fc-e909-448f-8b43-3d55567f8b7c-0000000c no=10 cancelled=False
  Tally :9000 voucher mid=2 aid=2 guid=a69b75fc-e909-448f-8b43-3d55567f8b7c-00000002 no=2 cancelled=False
[companies :9000] <ENVELOPE><HEADER><VERSION>1</VERSION><STATUS>1</STATUS></HEADER><BODY><DESC><CMPINFO><COMPANY>0</COMPANY><GROUP>0</GROUP><LEDGER>456</LEDGER><COSTCATEGORY>1</COSTCATEGORY><COSTCENTRE>2</COSTCENTRE><GODOWN>0</GODOWN><STOCKGROUP>0</STOCKGROUP><STOCKCATEGORY>0</STOCKCATEGORY><STOCKITEM>6</STOCKITEM><VOUCHERTYPE>0</VOUCHERTYPE><CURRENCY>11</CURRENCY><UNIT>1</UNIT><BUDGET>0</BUDGET><CLIENTRULE>0</CLIENTRULE><SERVERRULE>0</SERVERRULE><STATE>0</STATE><TDSRATE>0</TDSRATE><TAXCLASSIFICATION>0</TAXCLASSIFICATION><STCATEGORY>0</STCATEGORY><DEDUCTEETYPE>0</DEDUCTEETYPE><ATTENDANCETYPE>0</ATTENDANCETYPE><...
PU: company GUID a69b75fc-e909-448f-8b43-3d55567f8b7c; the add-on's file C:\ProgramData\FinCom\recorder\a69b75fc-e909-448f-8b43-3d55567f8b7c-7-Oct-26.txt
[keys] '%g' -> Tally :9000 'TallyPrime:9000'
[keys] 'Day Book' -> Tally :9000 'TallyPrime:9000'
[keys] '{ENTER}' -> Tally :9000 'TallyPrime:9000'
[keys] '{F2}' -> Tally :9000 'TallyPrime:9000'
[keys] '1-9-2026{ENTER}' -> Tally :9000 'TallyPrime:9000'
[shot] r4-pu-daybook (1024x768)
[keys] '{ESC}' -> Tally :9000 'TallyPrime:9000'
PU: noise 0, threshold 0.004; F2 by keybd_event answered on the screen in -1 ms (Tally not busy)
PU: Tally 9000 (pid 10512) held at 10:53:27.447
PU: 20 lines (10 entries, pre and post) added to the add-on's file at 10:53:28.483
PU: freed 10:58:28.892; hung flag at free False; message answered after 45 ms; screen answered the key after -1 ms (max diff 0)
[keys] '{ESC}' -> Tally :9000 'TallyPrime:9000'
[shot] r4-pu-a-after (1024x768)
######## MEASURE A requests to Tally 9000 while held 10:53:27.447..10:58:28.892 (300 s, 10 entries waiting): 65 connection(s) (FinComBridge 65): 10:53:28.921 FinComBridge, 10:53:31.801 FinComBridge, 10:53:36.811 FinComBridge, 10:53:41.833 FinComBridge, 10:53:46.143 FinComBridge, 10:53:46.837 FinComBridge, 10:53:51.846 FinComBridge, 10:53:56.851 FinComBridge, 10:54:01.880 FinComBridge, 10:54:06.890 FinComBridge, 10:54:11.893 FinComBridge, 10:54:16.916 FinComBridge, 10:54:18.431 FinComBridge, 10:54:21.929 FinComBridge, 10:54:26.949 FinComBridge, 10:54:31.958 FinComBridge, 10:54:36.965 FinComBridge, 10:54:41.960 FinComBridge, 10:54:47.001 FinComBridge, 10:54:51.985 FinComBridge, 10:54:57.009 FinComBridge, 10:55:02.017 FinComBridge, 10:55:07.023 FinComBridge, 10:55:12.042 FinComBridge, 10:55:17.069 FinComBridge, 10:55:20.644 FinComBridge, 10:55:22.054 FinComBridge, 10:55:27.065 FinComBridge, 10:55:32.080 FinComBridge, 10:55:37.087 FinComBridge, 10:55:42.109 FinComBridge, 10:55:47.122 FinComBridge, 10:55:52.144 FinComBridge, 10:55:57.169 FinComBridge, 10:56:02.158 FinComBridge, 10:56:07.166 FinComBridge, 10:56:12.182 FinComBridge, 10:56:17.189 FinComBridge, 10:56:22.212 FinComBridge, 10:56:27.212 FinComBridge, 10:56:32.244 FinComBridge, 10:56:37.241 FinComBridge, 10:56:42.279 FinComBridge, 10:56:47.256 FinComBridge, 10:56:52.265 FinComBridge, 10:56:57.289 FinComBridge, 10:57:02.296 FinComBridge, 10:57:07.314 FinComBridge, 10:57:12.323 FinComBridge, 10:57:17.330 FinComBridge, 10:57:22.334 FinComBridge, 10:57:22.808 FinComBridge, 10:57:27.359 FinComBridge, 10:57:32.354 FinComBridge, 10:57:37.376 FinComBridge, 10:57:42.405 FinComBridge, 10:57:47.405 FinComBridge, 10:57:52.394 FinComBridge, 10:57:57.404 FinComBridge, 10:58:02.424 FinComBridge, 10:58:07.451 FinComBridge, 10:58:12.456 FinComBridge, 10:58:17.449 FinComBridge, 10:58:22.469 FinComBridge, 10:58:27.485 FinComBridge
######## MEASURE A requests after Tally was free, until the 10 entries were in (to 11:08:33): 138 ( 128, FinComBridge 10): 10:58:32.500 , 10:58:37.529 , 10:58:42.536 , 10:58:47.543 , 10:58:52.573 , 10:58:57.636 , 10:59:02.642 , 10:59:07.650 , 10:59:12.649 , 10:59:17.663 , 10:59:22.689 , 10:59:27.712 , 10:59:32.737 , 10:59:37.727 , 10:59:42.766 , 10:59:47.758 , 10:59:52.781 , 10:59:57.798 , 11:00:02.792 , 11:00:07.827 , 11:00:12.836 , 11:00:17.830 , 11:00:22.859 , 11:00:27.887 , 11:00:32.887 , 11:00:37.898 , 11:00:42.893 , 11:00:47.920 , 11:00:52.934 , 11:00:57.954 , 11:01:02.941 , 11:01:07.950 , 11:01:12.976 , 11:01:18.004 , 11:01:23.028 , 11:01:28.026 , 11:01:33.018 , 11:01:38.034 , 11:01:43.048 , 11:01:48.059 , 11:01:53.070 , 11:01:53.070 , 11:01:58.100 , 11:02:03.106 , 11:02:08.098 , 11:02:13.123 , 11:02:18.122 , 11:02:23.134 , 11:02:25.122 , 11:02:25.280 FinComBridge, 11:02:25.468 FinComBridge, 11:02:25.658 FinComBridge, 11:02:25.847 FinComBridge, 11:02:26.036 FinComBridge, 11:02:26.193 FinComBridge, 11:02:26.382 FinComBridge, 11:02:26.572 FinComBridge, 11:02:26.762 FinComBridge, 11:02:26.950 FinComBridge, 11:02:28.163 , 11:02:33.172 , 11:02:34.924 , 11:02:35.081 , 11:02:38.170 , 11:02:43.190 , 11:02:48.215 , 11:02:53.225 , 11:02:58.237 , 11:03:03.228 , 11:03:08.237 , 11:03:13.248 , 11:03:18.276 , 11:03:23.264 , 11:03:28.293 , 11:03:33.299 , 11:03:38.325 , 11:03:43.333 , 11:03:48.328 , 11:03:53.360 , 11:03:58.379 , 11:04:03.386 , 11:04:08.381 , 11:04:13.430 , 11:04:18.407 , 11:04:23.433 , 11:04:28.457 , 11:04:33.482 , 11:04:38.468 , 11:04:43.495 , 11:04:48.507 , 11:04:53.514 , 11:04:58.526 , 11:05:03.537 , 11:05:08.545 , 11:05:13.569 , 11:05:18.564 , 11:05:23.584 , 11:05:28.590 , 11:05:33.607 , 11:05:38.647 , 11:05:43.646 , 11:05:48.656 , 11:05:53.668 , 11:05:58.680 , 11:06:03.685 , 11:06:08.713 , 11:06:13.713 , 11:06:18.720 , 11:06:23.739 , 11:06:28.752 , 11:06:33.746 , 11:06:38.777 , 11:06:43.769 , 11:06:48.794 , 11:06:53.816 , 11:06:58.820 , 11:07:03.843 , 11:07:08.837 , 11:07:13.864 , 11:07:18.864 , 11:07:23.873 , 11:07:28.899 , 11:07:33.892 , 11:07:38.931 , 11:07:43.925 , 11:07:48.941 , 11:07:53.959 , 11:07:58.997 , 11:08:04.004 , 11:08:09.001 , 11:08:14.020 , 11:08:19.030 , 11:08:24.049 , 11:08:29.040 , 11:08:34.068 , 11:08:39.071 , 11:08:44.090 , 11:08:49.094 
######## MEASURE A the pause the user sees: Tally's window answered a message 45 ms after it was free; the screen answered the key (F2, keybd_event) -1 ms after it was free (the same key when Tally was not busy: -1 ms); window hung flag at the moment it was freed: False; pictures pu-a-*
######## MEASURE A the 10 entries at the stub (MasterID@time): 3@NOT, 4@NOT, 5@NOT, 6@NOT, 7@NOT, 8@NOT, 9@NOT, 10@NOT, 11@NOT, 12@NOT
######## MEASURE A bridge 1's log while held and after: 10:53:30  Tally 9000: TDSDeskCompanies took 2.2s and failed: Tally took longer than the recorder's limit; the bridge stopped waiting (2 s) | 10:53:30  Tally 9000 did not answer in time at 10:53:30 (TDSDeskCompanies, try 1); trying again by itself at 10:53:45 | 10:53:30  Recorder: Tally took longer than 2 s to list its open companies (limit 2 s); this computer's changes of companies not seen open here yet wait until it answers in time; none is passed over or lost | 10:53:30  Recorder: Receipt 1 of 01-Sep-2026 (MasterID 3, line ee4946d7…): asking Tally by MasterID | 10:53:30  Recorder: Receipt 1 of 01-Sep-2026 (MasterID 3, line ee4946d7…): not asked yet: Tally did not answer in time at 10:53; trying again by itself at 10:53 (nothing was sent); asked then | 10:53:30  Recorder: Receipt 2 of 01-Sep-2026 (MasterID 4, line 0df111b1…): not asked yet: Tally did not answer in time at 10:53; trying again by itself at 10:53 (nothing was sent); asked then | 10:53:30  Recorder: Receipt 3 of 01-Sep-2026 (MasterID 5, line d56d8ae9…): not asked yet: Tally did not answer in time at 10:53; trying again by itself at 10:53 (nothing was sent); asked then | 10:53:30  Recorder: Receipt 4 of 01-Sep-2026 (MasterID 6, line 916b6527…): not asked yet: Tally did not answer in time at 10:53; trying again by itself at 10:53 (nothing was sent); asked then | 10:53:30  Recorder: Receipt 5 of 01-Sep-2026 (MasterID 7, line 46ff7823…): not asked yet: Tally did not answer in time at 10:53; trying again by itself at 10:53 (nothing was sent); asked then | 10:53:30  Recorder: Receipt 6 of 01-Sep-2026 (MasterID 8, line 9e545355…): not asked yet: Tally did not answer in time at 10:53; trying again by itself at 10:53 (nothing was sent); asked then | 10:53:30  Recorder: Receipt 7 of 01-Sep-2026 (MasterID 9, line 3a7e8c2e…): not asked yet: Tally did not answer in time at 10:53; trying again by itself at 10:53 (nothing was sent); asked then | 10:53:30  Recorder: Receipt 8 of 01-Sep-2026 (MasterID 10, line 869d0791…): not asked yet: Tally did not answer in time at 10:53; trying again by itself at 10:53 (nothing was sent); asked then | 10:53:30  Recorder: Receipt 9 of 01-Sep-2026 (MasterID 11, line c10ccc31…): not asked yet: Tally did not answer in time at 10:53; trying again by itself at 10:53 (nothing was sent); asked then | 10:53:30  Recorder: Receipt 10 of 01-Sep-2026 (MasterID 12, line 976e8161…): not asked yet: Tally did not answer in time at 10:53; trying again by itself at 10:53 (nothing was sent); asked then | 10:53:48  Tally 9000: FinComVoucherByMaster 20260901 took 2.2s and failed: Tally took longer than the recorder's limit; the bridge stopped waiting (2 s) | 10:53:48  Tally 9000 did not answer in time at 10:53:48 (FinComVoucherByMaster, try 2); trying again by itself at 10:54:18 | 10:53:48  Recorder: Receipt 1 of 01-Sep-2026 (MasterID 3, line ee4946d7…): not asked yet: Tally did not answer in time at 10:53; trying again by itself at 10:54 (nothing was sent); asked then | 10:53:48  Recorder: Receipt 2 of 01-Sep-2026 (MasterID 4, line 0df111b1…): not asked yet: Tally did not answer in time at 10:53; trying again by itself at 10:54 (nothing was sent); asked then | 10:53:48  Recorder: Receipt 3 of 01-Sep-2026 (MasterID 5, line d56d8ae9…): not asked yet: Tally did not answer in time at 10:53; trying again by itself at 10:54 (nothing was sent); asked then | 10:53:48  Recorder: Receipt 4 of 01-Sep-2026 (MasterID 6, line 916b6527…): not asked yet: Tally did not answer in time at 10:53; trying again by itself at 10:54 (nothing was sent); asked then | 10:53:48  Recorder: Receipt 5 of 01-Sep-2026 (MasterID 7, line 46ff7823…): not asked yet: Tally did not answer in time at 10:53; trying again by itself at 10:54 (nothing was sent); asked then | 10:53:48  Recorder: Receipt 6 of 01-Sep-2026 (MasterID 8, line 9e545355…): not asked yet: Tally did not answer in time at 10:53; trying again by itself at 10:54 (nothing was sent); asked then | 10:53:48  Recorder: Receipt 7 of 01-Sep-2026 (MasterID 9, line 3a7e8c2e…): not asked yet: Tally did not answer in time at 10:53; trying again by itself at 10:54 (nothing was sent); asked then | 10:53:48  Recorder: Receipt 8 of 01-Sep-2026 (MasterID 10, line 869d0791…): not asked yet: Tally did not answer in time at 10:53; trying again by itself at 10:54 (nothing was sent); asked then | 10:53:48  Recorder: Receipt 9 of 01-Sep-2026 (MasterID 11, line c10ccc31…): not asked yet: Tally did not answer in time at 10:53; trying again by itself at 10:54 (nothing was sent); asked then
[11:08:53] ---- B: does Tally finish a request the client gave up on, and the one queued behind it
######## MEASURE B the timing import: 500 ledgers in one request took 4079 ms when waited for (8.2 ms a ledger); the large import: 3677 ledgers, about 30 s expected
######## MEASURE B1 large import (3677 ledgers, 571 KB): sent 11:08:59.677, the client gave up after 2017 ms (given up (MethodInvocationException)); a one-ledger import queued behind it: given up (MethodInvocationException) after 2008 ms; a small request sent 11:09:03.705 answered after 25691 ms (at 11:09:29.396); Tally used 28859 ms of CPU in 29171 ms (11:08:59.702..11:09:28.873); afterwards Tally holds 3677 of the 3677 ledgers of the given-up import and the queued ledger: True
######## MEASURE B2 slow export (every ledger, FETCH *): 23464 ms and 68,827 KB when waited for; given up after 2018 ms (given up (MethodInvocationException)); a one-ledger import queued behind it: given up (MethodInvocationException); a small request sent 11:09:59.168 answered after 9796 ms; Tally used 13000 ms of CPU in 13059 ms (11:09:55.174..11:10:08.233); the queued ledger in Tally afterwards: True
######## MEASURE B3 kept open (next-inflight): large import (3677 ledgers) sent 11:10:11.014; the client stopped waiting at 2 s (11:10:13.030) and kept the connection; Tally answered it on that connection after 40054 ms (answered 200, CREATED 3677), 38041 ms after the stop (after the bridge's 20 s wait); the next request (small) sent right after was answered in 2 ms (at 11:10:51.073); Tally used 38906 ms of CPU in 39234 ms (11:10:11.047..11:10:50.281); Tally holds 3677 of the 3677 ledgers
######## MEASURE B connections to Tally 9000 during B: 35 ( 21, FinComBridge 4, pwsh 10)
[11:10:58] ---- what is kept: the bridges' logs, install logs, settings without their keys
  Tally :9000 voucher mid=1 aid=1 guid=a69b75fc-e909-448f-8b43-3d55567f8b7c-00000001 no=1 cancelled=False
  Tally :9000 voucher mid=3 aid=3 guid=a69b75fc-e909-448f-8b43-3d55567f8b7c-00000003 no=1 cancelled=False
  Tally :9000 voucher mid=4 aid=4 guid=a69b75fc-e909-448f-8b43-3d55567f8b7c-00000004 no=2 cancelled=False
  Tally :9000 voucher mid=5 aid=5 guid=a69b75fc-e909-448f-8b43-3d55567f8b7c-00000005 no=3 cancelled=False
  Tally :9000 voucher mid=6 aid=6 guid=a69b75fc-e909-448f-8b43-3d55567f8b7c-00000006 no=4 cancelled=False
  Tally :9000 voucher mid=7 aid=7 guid=a69b75fc-e909-448f-8b43-3d55567f8b7c-00000007 no=5 cancelled=False
  Tally :9000 voucher mid=8 aid=8 guid=a69b75fc-e909-448f-8b43-3d55567f8b7c-00000008 no=6 cancelled=False
  Tally :9000 voucher mid=9 aid=9 guid=a69b75fc-e909-448f-8b43-3d55567f8b7c-00000009 no=7 cancelled=False
  Tally :9000 voucher mid=10 aid=10 guid=a69b75fc-e909-448f-8b43-3d55567f8b7c-0000000a no=8 cancelled=False
  Tally :9000 voucher mid=11 aid=11 guid=a69b75fc-e909-448f-8b43-3d55567f8b7c-0000000b no=9 cancelled=False
  Tally :9000 voucher mid=12 aid=12 guid=a69b75fc-e909-448f-8b43-3d55567f8b7c-0000000c no=10 cancelled=False
  Tally :9000 voucher mid=2 aid=2 guid=a69b75fc-e909-448f-8b43-3d55567f8b7c-00000002 no=2 cancelled=False
== results
INFO setup origin: COMMITTED assets-test/bridge-go/FinComBridge-Setup-2.3.1.exe SHA-256 7d4a37a93a52dbc55ab9992c7148c7d607485d567fd34e1bde7d607288a216be; on this runner SHA-256 7d4a37a93a52dbc55ab9992c7148c7d607485d567fd34e1bde7d607288a216be
INFO user 2 (fcuser2) works in a Windows session of their own (session 1, by a Remote Desktop connection to 127.0.0.2); runneradmin in session 2
INFO S231 import masters-1-items: created 4, altered 0, errors 0
INFO S231 import masters-2-costs: created 3, altered 0, errors 0
INFO S231 import masters-4-ledgers: created 14, altered 0, errors 0
INFO S231 import masters-6-bulk: created 400, altered 0, errors 0
INFO S231 import S4 the bill (New Ref S231-BILL-1, a journal): created 1, altered 0, errors 0
PASS 6a two bridges at once: bridge 1 runneradmin on 127.0.0.1:9100 (pid 9332, session 2, go-15b065d42c6f); bridge 2 fcuser2 on 127.0.0.1:9101 (pid 3456, session 1, go-ca099e19b3f1); both listening at 10:52:20
INFO /ping with a nonce but no Origin (own bridge): proof not given
PASS 6b /ping proof: bridge 1 proves itself to runneradmin: ok; bridge 1 proof checked against user 2 identity fails: ok; bridge 2 proves itself to fcuser2: ok; bridge 2 proof checked against user 1 identity fails: ok; bridge 2 gives runneradmin no proof: ok; bridge 1 gives fcuser2 no proof: ok; other users refused 403 beyond /ping: ok
MEASURE A requests to Tally 9000 while held 10:53:27.447..10:58:28.892 (300 s, 10 entries waiting): 65 connection(s) (FinComBridge 65): 10:53:28.921 FinComBridge, 10:53:31.801 FinComBridge, 10:53:36.811 FinComBridge, 10:53:41.833 FinComBridge, 10:53:46.143 FinComBridge, 10:53:46.837 FinComBridge, 10:53:51.846 FinComBridge, 10:53:56.851 FinComBridge, 10:54:01.880 FinComBridge, 10:54:06.890 FinComBridge, 10:54:11.893 FinComBridge, 10:54:16.916 FinComBridge, 10:54:18.431 FinComBridge, 10:54:21.929 FinComBridge, 10:54:26.949 FinComBridge, 10:54:31.958 FinComBridge, 10:54:36.965 FinComBridge, 10:54:41.960 FinComBridge, 10:54:47.001 FinComBridge, 10:54:51.985 FinComBridge, 10:54:57.009 FinComBridge, 10:55:02.017 FinComBridge, 10:55:07.023 FinComBridge, 10:55:12.042 FinComBridge, 10:55:17.069 FinComBridge, 10:55:20.644 FinComBridge, 10:55:22.054 FinComBridge, 10:55:27.065 FinComBridge, 10:55:32.080 FinComBridge, 10:55:37.087 FinComBridge, 10:55:42.109 FinComBridge, 10:55:47.122 FinComBridge, 10:55:52.144 FinComBridge, 10:55:57.169 FinComBridge, 10:56:02.158 FinComBridge, 10:56:07.166 FinComBridge, 10:56:12.182 FinComBridge, 10:56:17.189 FinComBridge, 10:56:22.212 FinComBridge, 10:56:27.212 FinComBridge, 10:56:32.244 FinComBridge, 10:56:37.241 FinComBridge, 10:56:42.279 FinComBridge, 10:56:47.256 FinComBridge, 10:56:52.265 FinComBridge, 10:56:57.289 FinComBridge, 10:57:02.296 FinComBridge, 10:57:07.314 FinComBridge, 10:57:12.323 FinComBridge, 10:57:17.330 FinComBridge, 10:57:22.334 FinComBridge, 10:57:22.808 FinComBridge, 10:57:27.359 FinComBridge, 10:57:32.354 FinComBridge, 10:57:37.376 FinComBridge, 10:57:42.405 FinComBridge, 10:57:47.405 FinComBridge, 10:57:52.394 FinComBridge, 10:57:57.404 FinComBridge, 10:58:02.424 FinComBridge, 10:58:07.451 FinComBridge, 10:58:12.456 FinComBridge, 10:58:17.449 FinComBridge, 10:58:22.469 FinComBridge, 10:58:27.485 FinComBridge
MEASURE A requests after Tally was free, until the 10 entries were in (to 11:08:33): 138 ( 128, FinComBridge 10): 10:58:32.500 , 10:58:37.529 , 10:58:42.536 , 10:58:47.543 , 10:58:52.573 , 10:58:57.636 , 10:59:02.642 , 10:59:07.650 , 10:59:12.649 , 10:59:17.663 , 10:59:22.689 , 10:59:27.712 , 10:59:32.737 , 10:59:37.727 , 10:59:42.766 , 10:59:47.758 , 10:59:52.781 , 10:59:57.798 , 11:00:02.792 , 11:00:07.827 , 11:00:12.836 , 11:00:17.830 , 11:00:22.859 , 11:00:27.887 , 11:00:32.887 , 11:00:37.898 , 11:00:42.893 , 11:00:47.920 , 11:00:52.934 , 11:00:57.954 , 11:01:02.941 , 11:01:07.950 , 11:01:12.976 , 11:01:18.004 , 11:01:23.028 , 11:01:28.026 , 11:01:33.018 , 11:01:38.034 , 11:01:43.048 , 11:01:48.059 , 11:01:53.070 , 11:01:53.070 , 11:01:58.100 , 11:02:03.106 , 11:02:08.098 , 11:02:13.123 , 11:02:18.122 , 11:02:23.134 , 11:02:25.122 , 11:02:25.280 FinComBridge, 11:02:25.468 FinComBridge, 11:02:25.658 FinComBridge, 11:02:25.847 FinComBridge, 11:02:26.036 FinComBridge, 11:02:26.193 FinComBridge, 11:02:26.382 FinComBridge, 11:02:26.572 FinComBridge, 11:02:26.762 FinComBridge, 11:02:26.950 FinComBridge, 11:02:28.163 , 11:02:33.172 , 11:02:34.924 , 11:02:35.081 , 11:02:38.170 , 11:02:43.190 , 11:02:48.215 , 11:02:53.225 , 11:02:58.237 , 11:03:03.228 , 11:03:08.237 , 11:03:13.248 , 11:03:18.276 , 11:03:23.264 , 11:03:28.293 , 11:03:33.299 , 11:03:38.325 , 11:03:43.333 , 11:03:48.328 , 11:03:53.360 , 11:03:58.379 , 11:04:03.386 , 11:04:08.381 , 11:04:13.430 , 11:04:18.407 , 11:04:23.433 , 11:04:28.457 , 11:04:33.482 , 11:04:38.468 , 11:04:43.495 , 11:04:48.507 , 11:04:53.514 , 11:04:58.526 , 11:05:03.537 , 11:05:08.545 , 11:05:13.569 , 11:05:18.564 , 11:05:23.584 , 11:05:28.590 , 11:05:33.607 , 11:05:38.647 , 11:05:43.646 , 11:05:48.656 , 11:05:53.668 , 11:05:58.680 , 11:06:03.685 , 11:06:08.713 , 11:06:13.713 , 11:06:18.720 , 11:06:23.739 , 11:06:28.752 , 11:06:33.746 , 11:06:38.777 , 11:06:43.769 , 11:06:48.794 , 11:06:53.816 , 11:06:58.820 , 11:07:03.843 , 11:07:08.837 , 11:07:13.864 , 11:07:18.864 , 11:07:23.873 , 11:07:28.899 , 11:07:33.892 , 11:07:38.931 , 11:07:43.925 , 11:07:48.941 , 11:07:53.959 , 11:07:58.997 , 11:08:04.004 , 11:08:09.001 , 11:08:14.020 , 11:08:19.030 , 11:08:24.049 , 11:08:29.040 , 11:08:34.068 , 11:08:39.071 , 11:08:44.090 , 11:08:49.094 
MEASURE A the pause the user sees: Tally's window answered a message 45 ms after it was free; the screen answered the key (F2, keybd_event) -1 ms after it was free (the same key when Tally was not busy: -1 ms); window hung flag at the moment it was freed: False; pictures pu-a-*
MEASURE A the 10 entries at the stub (MasterID@time): 3@NOT, 4@NOT, 5@NOT, 6@NOT, 7@NOT, 8@NOT, 9@NOT, 10@NOT, 11@NOT, 12@NOT
MEASURE A bridge 1's log while held and after: 10:53:30  Tally 9000: TDSDeskCompanies took 2.2s and failed: Tally took longer than the recorder's limit; the bridge stopped waiting (2 s) | 10:53:30  Tally 9000 did not answer in time at 10:53:30 (TDSDeskCompanies, try 1); trying again by itself at 10:53:45 | 10:53:30  Recorder: Tally took longer than 2 s to list its open companies (limit 2 s); this computer's changes of companies not seen open here yet wait until it answers in time; none is passed over or lost | 10:53:30  Recorder: Receipt 1 of 01-Sep-2026 (MasterID 3, line ee4946d7…): asking Tally by MasterID | 10:53:30  Recorder: Receipt 1 of 01-Sep-2026 (MasterID 3, line ee4946d7…): not asked yet: Tally did not answer in time at 10:53; trying again by itself at 10:53 (nothing was sent); asked then | 10:53:30  Recorder: Receipt 2 of 01-Sep-2026 (MasterID 4, line 0df111b1…): not asked yet: Tally did not answer in time at 10:53; trying again by itself at 10:53 (nothing was sent); asked then | 10:53:30  Recorder: Receipt 3 of 01-Sep-2026 (MasterID 5, line d56d8ae9…): not asked yet: Tally did not answer in time at 10:53; trying again by itself at 10:53 (nothing was sent); asked then | 10:53:30  Recorder: Receipt 4 of 01-Sep-2026 (MasterID 6, line 916b6527…): not asked yet: Tally did not answer in time at 10:53; trying again by itself at 10:53 (nothing was sent); asked then | 10:53:30  Recorder: Receipt 5 of 01-Sep-2026 (MasterID 7, line 46ff7823…): not asked yet: Tally did not answer in time at 10:53; trying again by itself at 10:53 (nothing was sent); asked then | 10:53:30  Recorder: Receipt 6 of 01-Sep-2026 (MasterID 8, line 9e545355…): not asked yet: Tally did not answer in time at 10:53; trying again by itself at 10:53 (nothing was sent); asked then | 10:53:30  Recorder: Receipt 7 of 01-Sep-2026 (MasterID 9, line 3a7e8c2e…): not asked yet: Tally did not answer in time at 10:53; trying again by itself at 10:53 (nothing was sent); asked then | 10:53:30  Recorder: Receipt 8 of 01-Sep-2026 (MasterID 10, line 869d0791…): not asked yet: Tally did not answer in time at 10:53; trying again by itself at 10:53 (nothing was sent); asked then | 10:53:30  Recorder: Receipt 9 of 01-Sep-2026 (MasterID 11, line c10ccc31…): not asked yet: Tally did not answer in time at 10:53; trying again by itself at 10:53 (nothing was sent); asked then | 10:53:30  Recorder: Receipt 10 of 01-Sep-2026 (MasterID 12, line 976e8161…): not asked yet: Tally did not answer in time at 10:53; trying again by itself at 10:53 (nothing was sent); asked then | 10:53:48  Tally 9000: FinComVoucherByMaster 20260901 took 2.2s and failed: Tally took longer than the recorder's limit; the bridge stopped waiting (2 s) | 10:53:48  Tally 9000 did not answer in time at 10:53:48 (FinComVoucherByMaster, try 2); trying again by itself at 10:54:18 | 10:53:48  Recorder: Receipt 1 of 01-Sep-2026 (MasterID 3, line ee4946d7…): not asked yet: Tally did not answer in time at 10:53; trying again by itself at 10:54 (nothing was sent); asked then | 10:53:48  Recorder: Receipt 2 of 01-Sep-2026 (MasterID 4, line 0df111b1…): not asked yet: Tally did not answer in time at 10:53; trying again by itself at 10:54 (nothing was sent); asked then | 10:53:48  Recorder: Receipt 3 of 01-Sep-2026 (MasterID 5, line d56d8ae9…): not asked yet: Tally did not answer in time at 10:53; trying again by itself at 10:54 (nothing was sent); asked then | 10:53:48  Recorder: Receipt 4 of 01-Sep-2026 (MasterID 6, line 916b6527…): not asked yet: Tally did not answer in time at 10:53; trying again by itself at 10:54 (nothing was sent); asked then | 10:53:48  Recorder: Receipt 5 of 01-Sep-2026 (MasterID 7, line 46ff7823…): not asked yet: Tally did not answer in time at 10:53; trying again by itself at 10:54 (nothing was sent); asked then | 10:53:48  Recorder: Receipt 6 of 01-Sep-2026 (MasterID 8, line 9e545355…): not asked yet: Tally did not answer in time at 10:53; trying again by itself at 10:54 (nothing was sent); asked then | 10:53:48  Recorder: Receipt 7 of 01-Sep-2026 (MasterID 9, line 3a7e8c2e…): not asked yet: Tally did not answer in time at 10:53; trying again by itself at 10:54 (nothing was sent); asked then | 10:53:48  Recorder: Receipt 8 of 01-Sep-2026 (MasterID 10, line 869d0791…): not asked yet: Tally did not answer in time at 10:53; trying again by itself at 10:54 (nothing was sent); asked then | 10:53:48  Recorder: Receipt 9 of 01-Sep-2026 (MasterID 11, line c10ccc31…): not asked yet: Tally did not answer in time at 10:53; trying again by itself at 10:54 (nothing was sent); asked then
MEASURE B the timing import: 500 ledgers in one request took 4079 ms when waited for (8.2 ms a ledger); the large import: 3677 ledgers, about 30 s expected
MEASURE B1 large import (3677 ledgers, 571 KB): sent 11:08:59.677, the client gave up after 2017 ms (given up (MethodInvocationException)); a one-ledger import queued behind it: given up (MethodInvocationException) after 2008 ms; a small request sent 11:09:03.705 answered after 25691 ms (at 11:09:29.396); Tally used 28859 ms of CPU in 29171 ms (11:08:59.702..11:09:28.873); afterwards Tally holds 3677 of the 3677 ledgers of the given-up import and the queued ledger: True
MEASURE B2 slow export (every ledger, FETCH *): 23464 ms and 68,827 KB when waited for; given up after 2018 ms (given up (MethodInvocationException)); a one-ledger import queued behind it: given up (MethodInvocationException); a small request sent 11:09:59.168 answered after 9796 ms; Tally used 13000 ms of CPU in 13059 ms (11:09:55.174..11:10:08.233); the queued ledger in Tally afterwards: True
MEASURE B3 kept open (next-inflight): large import (3677 ledgers) sent 11:10:11.014; the client stopped waiting at 2 s (11:10:13.030) and kept the connection; Tally answered it on that connection after 40054 ms (answered 200, CREATED 3677), 38041 ms after the stop (after the bridge's 20 s wait); the next request (small) sent right after was answered in 2 ms (at 11:10:51.073); Tally used 38906 ms of CPU in 39234 ms (11:10:11.047..11:10:50.281); Tally holds 3677 of the 3677 ledgers
MEASURE B connections to Tally 9000 during B: 35 ( 21, FinComBridge 4, pwsh 10)
== round 4 end
