[16:40:25] ---- the bridge built from the ref
bridge source: 098592b6931b04c56fa38970c6cfaa63aa7eb3ee Merge m45-test (migration 45 speed test: vacuum analyze, jit off) into per-user-bridge
setup: FinComBridge-Setup-2.2.4.exe 3279569 bytes SHA256 5F2753F2156733BD978B572F0714EC7474F22FC191082392192DBC43BC65902E
[16:40:25] ---- the second Windows user (not an administrator)
user 2: fcuser2 S-1-5-21-1643835476-1616584234-1346609752-1003; administrators: runnervmfi6oq\runneradmin
user 2's profile: C:\Users\fcuser2
 SESSIONNAME               USERNAME                 ID  STATE   TYPE        DEVICE 
 services                                            0  Disc                        
 rdp-tcp#0                 fcuser2                   1  Active                      
>console                   runneradmin               2  Active                      
 31c5ce94259d4006a9e4                            65536  Listen                      
 rdp-tcp                                         65537  Listen                      

[16:41:06] user 2's own Windows session by Remote Desktop: True (session 1)
[shot] r4-03-rdp-session (1024x768)
task fcu2 registered for fcuser2 (interactive)
  [as fcuser2] who=runnervmfi6oq\fcuser2 session=1
  [as fcuser2] no Tally window in session 1; keys '{ENTER} 2 u2-desktop' to the window in front
[16:41:33] ---- the stub cloud
[16:41:36] ---- user 1's Tally (9000) with the add-on; a copy of the program for user 2 first (its own tally.ini and port)
  still running from the Tally folder: tallyscheduler 208
  robocopy:    Bytes :  177.74 m  177.74 m         0         0       512         0
  robocopy:    Times :   0:00:00   0:00:00                       0:00:00   0:00:00
  robocopy: 
  robocopy: 
  robocopy:    Speed :           2,912,246,828 Bytes/sec.
  robocopy:    Speed :             166,640.094 MegaBytes/min.
  robocopy:    Ended : Monday, October 5, 2026 4:41:39 PM
  robocopy: 
[16:41:39] copy for user 2: robocopy 9, tally.exe there: True
Tally :9000 answers: True
[keys] 'a' -> Tally :9000 'TallyPrime:9000'
[keys] 't' -> Tally :9000 'TallyPrime:9000'
[shot] r4-00-tally1 (1024x768)
[ledger Spike Income :9000] <RESPONSE><CREATED>1</CREATED><ALTERED>0</ALTERED><DELETED>0</DELETED><LASTVCHID>0</LASTVCHID><LASTMID>0</LASTMID><COMBINED>0</COMBINED><IGNORED>0</IGNORED><ERRORS>0</ERRORS><CANCELLED>0</CANCELLED><EXCEPTIONS>0</EXCEPTIONS></RESPONSE>
[16:42:10] ---- user 2's own Tally (9001), run as fcuser2: a company made by keys, then started again with it and the add-on
  [as fcuser2] ERROR Cannot convert 'System.Object[]' to the type 'System.String' required by parameter 'FilePath'. Specified method is not supported.
Tally :9001 (pid 0) answers: False; owner: ; session 0 (runner's own: 2)
== user 2's own Tally with its company and the add-on: False
[16:45:42] ---- the bridges, each installed by its own Windows user with the real setup, just for me; the settings seeded first
setup as runneradmin (just for me) ended with 0
  install.log 1: 2026-10-05 16:45:43  Install (just for this user, no service): FinCom Bridge 2.2.4 for runnervmfi6oq\runneradmin (S-1-5-21-1643835476-1616584234-1346609752-500), sole mode, folder C:\Users\runneradmin\AppData\Local\TDS Desk Bridge
  install.log 1: 2026-10-05 16:45:46  Install: the add-on FinComRecorder.tdl written in C:\ProgramData\FinCom\addon
  install.log 1: 2026-10-05 16:45:46  Install: the add-on FinComRecorderAnyCompany.tdl written in C:\ProgramData\FinCom\addon
  install.log 1: 2026-10-05 16:45:46  Install: the recorder folder C:\ProgramData\FinCom\recorder and the add-on folder C:\ProgramData\FinCom\addon are ready (just for this user)
  install.log 1: 2026-10-05 16:45:46  Install: starts when runnervmfi6oq\runneradmin signs in to Windows (HKCU Run)
  install.log 1: 2026-10-05 16:45:47  Install: done; the bridge answers on 127.0.0.1:9100
  install.log 1: 2026-10-05 16:45:47  Setup: FinComBridge.exe install: done, the bridge answers
  install.log 1: 2026-10-05 16:45:47  Setup: Finished: installed and running (sole mode)
seed as fcuser2: runnervmfi6oq\fcuser2 session 1 C:\Users\fcuser2\AppData\Local
  [as fcuser2] ERROR Cannot convert 'System.Object[]' to the type 'System.String' required by parameter 'FilePath'. Specified method is not supported.
setup as fcuser2 (just for me) ended: ERROR Cannot convert 'System.Object[]' to the type 'System.String' required by parameter 'FilePath'. Specified method is not supported.
bridge 1: user runneradmin, port 9100, id go-286e09416ce7, key 24 chars, Owner runnervmfi6oq\runneradmin, OwnerSid S-1-5-21-1643835476-1616584234-1346609752-500
bridge 2: user fcuser2, port 0, id go-, key 0 chars, Owner , OwnerSid 
[shot] r4-02-bridges (1024x768)
[16:45:59] ---- 6a: both bridges run at once, on their own ports, as their own users
  process 7200 as runneradmin in session 2: "C:\Users\runneradmin\AppData\Local\FinCom Bridge\FinComBridge.exe" user --config "C:\Users\runneradmin\AppData\Local\TDS Desk Bridge\tds-bridge.config.json"
  process 9512 as runneradmin in session 2: "C:\Users\runneradmin\AppData\Local\FinCom Bridge\FinComBridge.exe" worker --config "C:\Users\runneradmin\AppData\Local\TDS Desk Bridge\tds-bridge.config.json" --home "C:\Users\runneradmin\AppData\Local\TDS Desk Bridge" --parent 7200
  process 1212 as runneradmin in session 2: "C:\Users\runneradmin\AppData\Local\FinCom Bridge\FinComBridge.exe" tray --quiet --config "C:\Users\runneradmin\AppData\Local\TDS Desk Bridge\tds-bridge.config.json"
  listening 127.0.0.1:9100 pid 9512 user runneradmin
  Tally pid 10516 session 2 owner runneradmin
######## FAIL 6a two bridges at once: bridge 1 runneradmin on 127.0.0.1:9100 (pid 9512, session 2, go-286e09416ce7); bridge 2 fcuser2 on 127.0.0.1:0 (pid , session , go-); both listening at 16:45:59
[16:45:59] ---- 6b: the /ping proof: HMAC-SHA256(bridge key, nonce || bridge id || port), only to the bridge's own Windows user
runneradmin -> own bridge: {"bridge":"FinCom Tally Bridge","bridgeId":"go-286e09416ce7","impl":"go","loopSec":0,"ok":true,"pairProof":"f71b85e74ab8c55f3845741bbb3e7ef63f0976818f449d437a2d55b6975a2905","pid":9512,"port":9100,"proof":"2a6cf0bc30ebd3928d7a2b02ed8ebd4ff6c6f7fe9b20ae92cab5f4486c0e7a0b","runMode":"user","testMode":false,"version":"2.2.4","yours":true}
runneradmin -> user 2's bridge: null
as fcuser2 (): {"ownStatus":404,"other":{"error":"Cannot bind parameter 'Uri'. Cannot convert value \"http://127.0.0.1:9100 0 c938b178178345fba9500dbc2c95ee5f/ping?n=\" to type \"System.Uri\". Error: \"Invalid URI: Invalid port specified.\""},"session":1,"own":{"error":"The remote server returned an error: (404) Not Found."},"otherStatus":0,"who":"runnervmfi6oq\\fcuser2"}
MethodInvocationException: D:\a\testingtdsdesk\testingtdsdesk\.github\tally-spike\flow4.ps1:369
Line |
 369 |  … ey, $msg) { $h = [Security.Cryptography.HMACSHA256]::new([Text.Encodi …
     |                ~~~~~~~~~~~~~~~~~~~~~~~~~~~~~~~~~~~~~~~~~~~~~~~~~~~~~~~~~
     | Exception calling "GetBytes" with "1" argument(s): "Value cannot be null. (Parameter 'chars')"

InvalidOperation: D:\a\testingtdsdesk\testingtdsdesk\.github\tally-spike\flow4.ps1:369
Line |
 369 |  … tes($key)); (($h.ComputeHash([Text.Encoding]::UTF8.GetBytes($msg)) |  …
     |                ~~~~~~~~~~~~~~~~~~~~~~~~~~~~~~~~~~~~~~~~~~~~~~~~~~~~~~~~~
     | You cannot call a method on a null-valued expression.

MethodInvocationException: D:\a\testingtdsdesk\testingtdsdesk\.github\tally-spike\flow4.ps1:369
Line |
 369 |  … ey, $msg) { $h = [Security.Cryptography.HMACSHA256]::new([Text.Encodi …
     |                ~~~~~~~~~~~~~~~~~~~~~~~~~~~~~~~~~~~~~~~~~~~~~~~~~~~~~~~~~
     | Exception calling "GetBytes" with "1" argument(s): "Value cannot be null. (Parameter 'chars')"

InvalidOperation: D:\a\testingtdsdesk\testingtdsdesk\.github\tally-spike\flow4.ps1:369
Line |
 369 |  … tes($key)); (($h.ComputeHash([Text.Encoding]::UTF8.GetBytes($msg)) |  …
     |                ~~~~~~~~~~~~~~~~~~~~~~~~~~~~~~~~~~~~~~~~~~~~~~~~~~~~~~~~~
     | You cannot call a method on a null-valued expression.

  ok   bridge 1 proves itself to runneradmin: yours=True bridgeId=go-286e09416ce7 port=9100 proof=2a6cf0bc30ebd3928d7a2b02ed8ebd4ff6c6f7fe9b20ae92cab5f4486c0e7a0b
  ok   bridge 1 proof checked against user 2 identity fails: HMAC(key2, nonce||go-||0)=
  NOT  bridge 2 proves itself to fcuser2: yours= bridgeId= port= proof=
  NOT  bridge 2 proof checked against user 1 identity fails: HMAC(key1, nonce||go-286e09416ce7||9100)=07632f615a2ade88b2bffdfb3c703ff953ebc9efcb616dd22f70f8c6831172f5
  NOT  bridge 2 gives runneradmin no proof: yours= proof= bridgeId=
  NOT  bridge 1 gives fcuser2 no proof: yours= proof=
  NOT  other users refused 403 beyond /ping: runneradmin: own /status 401, other 0; fcuser2: own /status 404, other 0
######## FAIL 6b /ping proof: bridge 1 proves itself to runneradmin: ok; bridge 1 proof checked against user 2 identity fails: ok; bridge 2 proves itself to fcuser2: NO; bridge 2 proof checked against user 1 identity fails: NO; bridge 2 gives runneradmin no proof: NO; bridge 1 gives fcuser2 no proof: NO; other users refused 403 beyond /ping: NO
  bridge1 log: 2026-10-05 16:45:46  FinCom Bridge 2.2.4: started just for runnervmfi6oq\runneradmin (no service); it keeps the bridge and its icon running
  bridge1 log: 2026-10-05 16:45:46  FinCom Bridge 2.2.4 (Go) started on 127.0.0.1:9100: the only bridge on this computer; working for runnervmfi6oq\runneradmin, Windows session 2; runs just for this Windows user (starts at sign-in, no service)
  bridge1 log: 2026-10-05 16:45:46  Tally is open on port 9000; the bridge reads it only after an event (a client opened in FinCom, Update now, a posting, the nightly catch-up at 02:00)
  bridge1 log: 2026-10-05 16:45:46  Recorder: re-scan of the add-on's files for 2.2.4: 0 line(s) sent earlier without their entry found (a new entry's line with no MasterID, a GUID of another entry, or read while the body fetch was off)
  bridge1 log: 2026-10-05 16:45:46  Check:  - 
  bridge1 log: 2026-10-05 16:45:49  Tray icon: set to show next to the clock always (Windows 11)
  bridge1 log: 2026-10-05 16:45:49  Company FinCom Spike Co: its Tally GUID 81daaad5-b4da-44bc-a394-099168baaec6 is held from now on
  bridge1 log: 2026-10-05 16:45:49  Company FinCom Spike Co: its starting point is recorded: ALTVCHID=1, ALTMSTID=211 (reading is prospective only: the bridge follows what changes after this)
  bridge1 log: 2026-10-05 16:45:49  Company FinCom Spike Co: change numbers read with form a: ALTVCHID=1, ALTMSTID=211
  bridge1 log: 2026-10-05 16:45:49  Light check of FinCom Spike Co: starting point recorded (ALTVCHID=1, ALTMSTID=211)
  bridge1 log: 2026-10-05 16:45:49  FinCom: this bridge is now the main bridge on this computer (set by the setup); it reads and posts
[16:46:39] ---- steps 1-5 on user 1's Tally (9000), as round 3
  Tally :9000 voucher mid=1 aid=1 guid=81daaad5-b4da-44bc-a394-099168baaec6-00000001 no=1 cancelled=False
[keys] 'v' -> Tally :9000 'TallyPrime:9000'
[shot] r4-10-vouchers (1024x768)
[keys] '{F6}' -> Tally :9000 'TallyPrime:9000'
[keys] '{F2}' -> Tally :9000 'TallyPrime:9000'
[keys] '2-10-2026{ENTER}' -> Tally :9000 'TallyPrime:9000'
[keys] 'Cash{ENTER}' -> Tally :9000 'TallyPrime:9000'
[keys] 'Spike Income{ENTER}' -> Tally :9000 'TallyPrime:9000'
[shot] r4-11-particular (1024x768)
[keys] '700{ENTER}' -> Tally :9000 'TallyPrime:9000'
[keys] '^a' -> Tally :9000 'TallyPrime:9000'
[shot] r4-12-created (1024x768)
  Tally :9000 voucher mid=1 aid=1 guid=81daaad5-b4da-44bc-a394-099168baaec6-00000001 no=1 cancelled=False
  Tally :9000 voucher mid=2 aid=2 guid=81daaad5-b4da-44bc-a394-099168baaec6-00000002 no=1 cancelled=False
  bridge1 log: 2026-10-05 16:47:08  Recorder: Receipt 1 of 02-Oct-2026 (MasterID 2, line cb254e0f…): asking Tally by MasterID
  bridge1 log: 2026-10-05 16:47:12  Recorder: Receipt 1 of 02-Oct-2026 (MasterID 2, line cb254e0f…): taken: Tally's GUID 81daaad5-b4da-44bc-a394-099168baaec6-00000002, AlterID 2
  stub 16:47:12 recorder_lines event=created guid=81daaad5-b4da-44bc-a394-099168baaec6-00000002 mid=2 aid=2 vch=Receipt/1/20261002 user=runnervmfi6oq\runneradmin bridge=go-286e09416ce7 port=9100 company=FinCom Spike Co body=yes(2434 chars)
######## PASS 1 create: Tally made mid 2 guid 81daaad5-b4da-44bc-a394-099168baaec6-00000002; stub 16:47:12 recorder_lines event=created guid=81daaad5-b4da-44bc-a394-099168baaec6-00000002 mid=2 aid=2 vch=Receipt/1/20261002 user=runnervmfi6oq\runneradmin bridge=go-286e09416ce7 port=9100 company=FinCom Spike Co body=yes(2434 chars)
[keys] '%g' -> Tally :9000 'TallyPrime:9000'
[keys] 'Day Book' -> Tally :9000 'TallyPrime:9000'
[keys] '{ENTER}' -> Tally :9000 'TallyPrime:9000'
[keys] '{F2}' -> Tally :9000 'TallyPrime:9000'
[keys] '2-10-2026{ENTER}' -> Tally :9000 'TallyPrime:9000'
[shot] r4-13-daybook (1024x768)
[keys] '{END}' -> Tally :9000 'TallyPrime:9000'
[keys] '{ENTER}' -> Tally :9000 'TallyPrime:9000'
[shot] r4-14-open (1024x768)
[keys] '{ENTER}' -> Tally :9000 'TallyPrime:9000'
[keys] '{ENTER}' -> Tally :9000 'TallyPrime:9000'
[keys] '{ENTER}' -> Tally :9000 'TallyPrime:9000'
[shot] r4-15-at-amount (1024x768)
[keys] '800{ENTER}' -> Tally :9000 'TallyPrime:9000'
[keys] '^a' -> Tally :9000 'TallyPrime:9000'
[shot] r4-16-altered (1024x768)
  Tally :9000 voucher mid=1 aid=1 guid=81daaad5-b4da-44bc-a394-099168baaec6-00000001 no=1 cancelled=False
  Tally :9000 voucher mid=2 aid=3 guid=81daaad5-b4da-44bc-a394-099168baaec6-00000002 no=1 cancelled=False
  bridge1 log: 2026-10-05 16:47:58  Recorder: Receipt 1 of 02-Oct-2026 (MasterID 2, line d8103f5b…): asking Tally by MasterID
  bridge1 log: 2026-10-05 16:48:02  Recorder: Receipt 1 of 02-Oct-2026 (MasterID 2, line d8103f5b…): taken: Tally's GUID 81daaad5-b4da-44bc-a394-099168baaec6-00000002, AlterID 3
  stub 16:48:02 recorder_lines event=altered guid=81daaad5-b4da-44bc-a394-099168baaec6-00000002 mid=2 aid=3 vch=Receipt/1/20261002 user=runnervmfi6oq\runneradmin bridge=go-286e09416ce7 port=9100 company=FinCom Spike Co body=yes(2434 chars)
######## PASS 2 alter: Tally: mid 2 AlterID 2 -> 3; stub 16:48:02 recorder_lines event=altered guid=81daaad5-b4da-44bc-a394-099168baaec6-00000002 mid=2 aid=3 vch=Receipt/1/20261002 user=runnervmfi6oq\runneradmin bridge=go-286e09416ce7 port=9100 company=FinCom Spike Co body=yes(2434 chars)
[keys] '%g' -> Tally :9000 'TallyPrime:9000'
[keys] 'Day Book' -> Tally :9000 'TallyPrime:9000'
[keys] '{ENTER}' -> Tally :9000 'TallyPrime:9000'
[keys] '{F2}' -> Tally :9000 'TallyPrime:9000'
[keys] '2-10-2026{ENTER}' -> Tally :9000 'TallyPrime:9000'
[shot] r4-17-daybook (1024x768)
[keys] '{END}' -> Tally :9000 'TallyPrime:9000'
[keys] '%2' -> Tally :9000 'TallyPrime:9000'
[shot] r4-18-duplicate (1024x768)
[keys] '{ENTER}' -> Tally :9000 'TallyPrime:9000'
[keys] '{ENTER}' -> Tally :9000 'TallyPrime:9000'
[shot] r4-19-dup-at-amount (1024x768)
[keys] '900{ENTER}' -> Tally :9000 'TallyPrime:9000'
[keys] '^a' -> Tally :9000 'TallyPrime:9000'
[shot] r4-20-dup-saved (1024x768)
  Tally :9000 voucher mid=1 aid=1 guid=81daaad5-b4da-44bc-a394-099168baaec6-00000001 no=1 cancelled=False
  Tally :9000 voucher mid=2 aid=3 guid=81daaad5-b4da-44bc-a394-099168baaec6-00000002 no=1 cancelled=False
  Tally :9000 voucher mid=3 aid=4 guid=81daaad5-b4da-44bc-a394-099168baaec6-00000003 no=2 cancelled=False
  bridge1 log: 2026-10-05 16:48:45  Recorder: Receipt 2 of 02-Oct-2026 (MasterID 3, line fc115f27…): asking Tally by MasterID
  bridge1 log: 2026-10-05 16:48:49  Recorder: Receipt 2 of 02-Oct-2026 (MasterID 3, line fc115f27…): taken: Tally's GUID 81daaad5-b4da-44bc-a394-099168baaec6-00000003, AlterID 4
  stub 16:48:49 recorder_lines event=created guid=81daaad5-b4da-44bc-a394-099168baaec6-00000003 mid=3 aid=4 vch=Receipt/2/20261002 user=runnervmfi6oq\runneradmin bridge=go-286e09416ce7 port=9100 company=FinCom Spike Co body=yes(2434 chars) idsMismatch lineGuid=81daaad5-b4da-44bc-a394-099168baaec6-00000002
######## PASS 3 Alt+2 copy: Tally made mid 3 guid 81daaad5-b4da-44bc-a394-099168baaec6-00000003; source mid 2 AlterID still 3, no line for it; stub 16:48:49 recorder_lines event=created guid=81daaad5-b4da-44bc-a394-099168baaec6-00000003 mid=3 aid=4 vch=Receipt/2/20261002 user=runnervmfi6oq\runneradmin bridge=go-286e09416ce7 port=9100 company=FinCom Spike Co body=yes(2434 chars) idsMismatch lineGuid=81daaad5-b4da-44bc-a394-099168baaec6-00000002
[keys] '%g' -> Tally :9000 'TallyPrime:9000'
[keys] 'Day Book' -> Tally :9000 'TallyPrime:9000'
[keys] '{ENTER}' -> Tally :9000 'TallyPrime:9000'
[keys] '{F2}' -> Tally :9000 'TallyPrime:9000'
[keys] '2-10-2026{ENTER}' -> Tally :9000 'TallyPrime:9000'
[shot] r4-21-daybook (1024x768)
[keys] '{HOME}' -> Tally :9000 'TallyPrime:9000'
[keys] '%x' -> Tally :9000 'TallyPrime:9000'
[keys] 'y' -> Tally :9000 'TallyPrime:9000'
[shot] r4-22-cancelled (1024x768)
  Tally :9000 voucher mid=1 aid=1 guid=81daaad5-b4da-44bc-a394-099168baaec6-00000001 no=1 cancelled=False
  Tally :9000 voucher mid=2 aid=5 guid=81daaad5-b4da-44bc-a394-099168baaec6-00000002 no=1 cancelled=True
  Tally :9000 voucher mid=3 aid=4 guid=81daaad5-b4da-44bc-a394-099168baaec6-00000003 no=2 cancelled=False
  bridge1 log: 2026-10-05 16:49:47  Recorder: Receipt 1 of 02-Oct-2026 (MasterID 2, line 705fda32…): asking Tally by MasterID
  bridge1 log: 2026-10-05 16:49:51  Recorder: FinCom Spike Co: cancel of mid 2: GUID from Tally (asked by MasterID): 81daaad5-b4da-44bc-a394-099168baaec6-00000002; the GUID its MasterID makes agrees
  stub 16:49:51 recorder_lines event=cancelled guid=81daaad5-b4da-44bc-a394-099168baaec6-00000002 mid=2 aid=5 vch=Receipt/1/20261002 user=runnervmfi6oq\runneradmin bridge=go-286e09416ce7 port=9100 company=FinCom Spike Co body=none
######## PASS 4 cancel: Tally cancelled mid 2 guid 81daaad5-b4da-44bc-a394-099168baaec6-00000002; stub 16:49:51 recorder_lines event=cancelled guid=81daaad5-b4da-44bc-a394-099168baaec6-00000002 mid=2 aid=5 vch=Receipt/1/20261002 user=runnervmfi6oq\runneradmin bridge=go-286e09416ce7 port=9100 company=FinCom Spike Co body=none
[keys] '%g' -> Tally :9000 'TallyPrime:9000'
[keys] 'Day Book' -> Tally :9000 'TallyPrime:9000'
[keys] '{ENTER}' -> Tally :9000 'TallyPrime:9000'
[keys] '{F2}' -> Tally :9000 'TallyPrime:9000'
[keys] '2-10-2026{ENTER}' -> Tally :9000 'TallyPrime:9000'
[shot] r4-23-daybook (1024x768)
[keys] '{END}' -> Tally :9000 'TallyPrime:9000'
[keys] '%d' -> Tally :9000 'TallyPrime:9000'
[keys] 'y' -> Tally :9000 'TallyPrime:9000'
[shot] r4-24-deleted (1024x768)
  Tally :9000 voucher mid=1 aid=1 guid=81daaad5-b4da-44bc-a394-099168baaec6-00000001 no=1 cancelled=False
  Tally :9000 voucher mid=2 aid=5 guid=81daaad5-b4da-44bc-a394-099168baaec6-00000002 no=1 cancelled=True
  bridge1 log: 2026-10-05 16:50:29  Recorder: FinCom Spike Co: delete of mid 3: GUID from the bridge's record: 81daaad5-b4da-44bc-a394-099168baaec6-00000003; the GUID its MasterID makes agrees
  stub 16:50:29 recorder_lines event=deleted guid=81daaad5-b4da-44bc-a394-099168baaec6-00000003 mid=3 aid= vch=Receipt/2/20261002 user=runnervmfi6oq\runneradmin bridge=go-286e09416ce7 port=9100 company=FinCom Spike Co body=none
######## PASS 5 delete: Tally deleted mid 3 guid 81daaad5-b4da-44bc-a394-099168baaec6-00000003; stub 16:50:29 recorder_lines event=deleted guid=81daaad5-b4da-44bc-a394-099168baaec6-00000003 mid=3 aid= vch=Receipt/2/20261002 user=runnervmfi6oq\runneradmin bridge=go-286e09416ce7 port=9100 company=FinCom Spike Co body=none
[16:50:37] ---- 6d: user 2's own Tally event (a Receipt on 9001), recorded by user 2's bridge
######## FAIL 6d user 2 own Tally event: user 2's own Tally (9001) could not be brought up with its company: see the log and r4-01* screenshots
[16:50:57] ---- 6c: the beats, 6e: every recorder line attributed to the user whose Tally made it
######## FAIL 6c beats: stub 16:50:49 beat x11 bridge=go-286e09416ce7 user=runnervmfi6oq\runneradmin windowsUser=runnervmfi6oq\runneradmin bridgePort=9100 tallyPort=9000 dataFolder=D:\a\_temp\TallyData device=spike-computer-key-user1 computer=runnervmfi6oq | bridge 2 (go-): no beat
  all: stub 16:47:12 recorder_lines event=created guid=81daaad5-b4da-44bc-a394-099168baaec6-00000002 mid=2 aid=2 vch=Receipt/1/20261002 user=runnervmfi6oq\runneradmin bridge=go-286e09416ce7 port=9100 company=FinCom Spike Co body=yes(2434 chars)
  all: stub 16:48:02 recorder_lines event=altered guid=81daaad5-b4da-44bc-a394-099168baaec6-00000002 mid=2 aid=3 vch=Receipt/1/20261002 user=runnervmfi6oq\runneradmin bridge=go-286e09416ce7 port=9100 company=FinCom Spike Co body=yes(2434 chars)
  all: stub 16:48:49 recorder_lines event=created guid=81daaad5-b4da-44bc-a394-099168baaec6-00000003 mid=3 aid=4 vch=Receipt/2/20261002 user=runnervmfi6oq\runneradmin bridge=go-286e09416ce7 port=9100 company=FinCom Spike Co body=yes(2434 chars) idsMismatch lineGuid=81daaad5-b4da-44bc-a394-099168baaec6-00000002
  all: stub 16:49:51 recorder_lines event=cancelled guid=81daaad5-b4da-44bc-a394-099168baaec6-00000002 mid=2 aid=5 vch=Receipt/1/20261002 user=runnervmfi6oq\runneradmin bridge=go-286e09416ce7 port=9100 company=FinCom Spike Co body=none
  all: stub 16:50:29 recorder_lines event=deleted guid=81daaad5-b4da-44bc-a394-099168baaec6-00000003 mid=3 aid= vch=Receipt/2/20261002 user=runnervmfi6oq\runneradmin bridge=go-286e09416ce7 port=9100 company=FinCom Spike Co body=none
######## PASS 6e attribution: 5 line(s) from bridge 1 (runneradmin, FinCom Spike Co), 0 from bridge 2 (fcuser2, FinCom Spike U2); misattributed: 0
[16:50:57] ---- step 6 as one line
######## FAIL 6 two Windows users: FAIL 6a two bridges at once; FAIL 6b /ping proof; FAIL 6d user 2 own Tally event; FAIL 6c beats; PASS 6e attribution
[16:50:57] ---- what is kept: the bridges' logs, install logs, settings without their keys
SetValueInvocationException: D:\a\testingtdsdesk\testingtdsdesk\.github\tally-spike\flow4.ps1:505
Line |
 505 |  … .config.json" -Raw | ConvertFrom-Json; $cf.Key = '(kept out)'; if ($c …
     |                                           ~~~~~~~~~~~~~~~~~~~~~~
     | Exception setting "Key": "The property 'Key' cannot be found on this object. Verify that the property exists and
     | can be set."

  Tally :9000 voucher mid=1 aid=1 guid=81daaad5-b4da-44bc-a394-099168baaec6-00000001 no=1 cancelled=False
  Tally :9000 voucher mid=2 aid=5 guid=81daaad5-b4da-44bc-a394-099168baaec6-00000002 no=1 cancelled=True
== results
INFO user 2 (fcuser2) works in a Windows session of their own (session 1, by a Remote Desktop connection to 127.0.0.2); runneradmin in session 2
FAIL 6a two bridges at once: bridge 1 runneradmin on 127.0.0.1:9100 (pid 9512, session 2, go-286e09416ce7); bridge 2 fcuser2 on 127.0.0.1:0 (pid , session , go-); both listening at 16:45:59
FAIL 6b /ping proof: bridge 1 proves itself to runneradmin: ok; bridge 1 proof checked against user 2 identity fails: ok; bridge 2 proves itself to fcuser2: NO; bridge 2 proof checked against user 1 identity fails: NO; bridge 2 gives runneradmin no proof: NO; bridge 1 gives fcuser2 no proof: NO; other users refused 403 beyond /ping: NO
PASS 1 create: Tally made mid 2 guid 81daaad5-b4da-44bc-a394-099168baaec6-00000002; stub 16:47:12 recorder_lines event=created guid=81daaad5-b4da-44bc-a394-099168baaec6-00000002 mid=2 aid=2 vch=Receipt/1/20261002 user=runnervmfi6oq\runneradmin bridge=go-286e09416ce7 port=9100 company=FinCom Spike Co body=yes(2434 chars)
PASS 2 alter: Tally: mid 2 AlterID 2 -> 3; stub 16:48:02 recorder_lines event=altered guid=81daaad5-b4da-44bc-a394-099168baaec6-00000002 mid=2 aid=3 vch=Receipt/1/20261002 user=runnervmfi6oq\runneradmin bridge=go-286e09416ce7 port=9100 company=FinCom Spike Co body=yes(2434 chars)
PASS 3 Alt+2 copy: Tally made mid 3 guid 81daaad5-b4da-44bc-a394-099168baaec6-00000003; source mid 2 AlterID still 3, no line for it; stub 16:48:49 recorder_lines event=created guid=81daaad5-b4da-44bc-a394-099168baaec6-00000003 mid=3 aid=4 vch=Receipt/2/20261002 user=runnervmfi6oq\runneradmin bridge=go-286e09416ce7 port=9100 company=FinCom Spike Co body=yes(2434 chars) idsMismatch lineGuid=81daaad5-b4da-44bc-a394-099168baaec6-00000002
PASS 4 cancel: Tally cancelled mid 2 guid 81daaad5-b4da-44bc-a394-099168baaec6-00000002; stub 16:49:51 recorder_lines event=cancelled guid=81daaad5-b4da-44bc-a394-099168baaec6-00000002 mid=2 aid=5 vch=Receipt/1/20261002 user=runnervmfi6oq\runneradmin bridge=go-286e09416ce7 port=9100 company=FinCom Spike Co body=none
PASS 5 delete: Tally deleted mid 3 guid 81daaad5-b4da-44bc-a394-099168baaec6-00000003; stub 16:50:29 recorder_lines event=deleted guid=81daaad5-b4da-44bc-a394-099168baaec6-00000003 mid=3 aid= vch=Receipt/2/20261002 user=runnervmfi6oq\runneradmin bridge=go-286e09416ce7 port=9100 company=FinCom Spike Co body=none
FAIL 6d user 2 own Tally event: user 2's own Tally (9001) could not be brought up with its company: see the log and r4-01* screenshots
FAIL 6c beats: stub 16:50:49 beat x11 bridge=go-286e09416ce7 user=runnervmfi6oq\runneradmin windowsUser=runnervmfi6oq\runneradmin bridgePort=9100 tallyPort=9000 dataFolder=D:\a\_temp\TallyData device=spike-computer-key-user1 computer=runnervmfi6oq | bridge 2 (go-): no beat
PASS 6e attribution: 5 line(s) from bridge 1 (runneradmin, FinCom Spike Co), 0 from bridge 2 (fcuser2, FinCom Spike U2); misattributed: 0
FAIL 6 two Windows users: FAIL 6a two bridges at once; FAIL 6b /ping proof; FAIL 6d user 2 own Tally event; FAIL 6c beats; PASS 6e attribution
== round 4 end
