[16:03:46] ---- the bridge built from the ref
bridge source: 098592b6931b04c56fa38970c6cfaa63aa7eb3ee Merge m45-test (migration 45 speed test: vacuum analyze, jit off) into per-user-bridge
setup: FinComBridge-Setup-2.2.4.exe 3276252 bytes SHA256 49496F0DD196A3C788449395E17CD48EE388C92F45C119263B7917CBF94A54DC
[16:03:46] ---- the second Windows user (not an administrator)
user 2: fcuser2 S-1-5-21-1643835476-1616584234-1346609752-1003; administrators: runnervmfi6oq\runneradmin
user 2's profile: C:\Users\fcuser2
 SESSIONNAME               USERNAME                 ID  STATE   TYPE        DEVICE 
 services                                            0  Disc                        
 rdp-tcp#0                 fcuser2                   1  Active                      
>console                   runneradmin               2  Active                      
 31c5ce94259d4006a9e4                            65536  Listen                      
 rdp-tcp                                         65537  Listen                      

[16:04:16] user 2's own Windows session by Remote Desktop: True (session 1)
[shot] r4-03-rdp-session (1024x768)
task for fcuser2: WARNING: The task is registered, but not all specified triggers will start the task, check task scheduler event log for detailed information. 
[16:04:36] ---- the stub cloud
[16:04:39] ---- user 1's Tally (9000) with the add-on; a copy of the program for user 2 first (its own tally.ini and port)
  still running from the Tally folder: tallyscheduler 8864
  robocopy:    Bytes :  177.74 m  177.74 m         0         0       512         0
  robocopy:    Times :   0:00:00   0:00:00                       0:00:00   0:00:00
  robocopy: 
  robocopy: 
  robocopy:    Speed :           1,321,870,900 Bytes/sec.
  robocopy:    Speed :              75,638.063 MegaBytes/min.
  robocopy:    Ended : Monday, October 5, 2026 4:04:42 PM
  robocopy: 
[16:04:42] copy for user 2: robocopy 9, tally.exe there: True
Tally :9000 answers: True
[keys] 'a' -> Tally :9000 'TallyPrime:9000'
[keys] 't' -> Tally :9000 'TallyPrime:9000'
[shot] r4-00-tally1 (1024x768)
[ledger Spike Income :9000] <RESPONSE><CREATED>1</CREATED><ALTERED>0</ALTERED><DELETED>0</DELETED><LASTVCHID>0</LASTVCHID><LASTMID>0</LASTMID><COMBINED>0</COMBINED><IGNORED>0</IGNORED><ERRORS>0</ERRORS><CANCELLED>0</CANCELLED><EXCEPTIONS>0</EXCEPTIONS></RESPONSE>
[16:05:14] ---- user 2's own Tally (9001), run as fcuser2: a company made by keys, then started again with it and the add-on
Tally :9001 (pid 0) answers: False; owner: ; session 0 (runner's own: 2)
== user 2's own Tally with its company and the add-on: False
[16:13:46] ---- the bridges, each installed by its own Windows user with the real setup, just for me; the settings seeded first
setup as runneradmin (just for me) ended with 0
  install.log 1: 2026-10-05 16:13:46  Install (just for this user, no service): FinCom Bridge 2.2.4 for runnervmfi6oq\runneradmin (S-1-5-21-1643835476-1616584234-1346609752-500), sole mode, folder C:\Users\runneradmin\AppData\Local\TDS Desk Bridge
  install.log 1: 2026-10-05 16:13:56  Install: the add-on FinComRecorder.tdl written in C:\ProgramData\FinCom\addon
  install.log 1: 2026-10-05 16:13:56  Install: the add-on FinComRecorderAnyCompany.tdl written in C:\ProgramData\FinCom\addon
  install.log 1: 2026-10-05 16:13:56  Install: the recorder folder C:\ProgramData\FinCom\recorder and the add-on folder C:\ProgramData\FinCom\addon are ready (just for this user)
  install.log 1: 2026-10-05 16:13:56  Install: starts when runnervmfi6oq\runneradmin signs in to Windows (HKCU Run)
  install.log 1: 2026-10-05 16:13:57  Install: done; the bridge answers on 127.0.0.1:9100
  install.log 1: 2026-10-05 16:13:57  Setup: FinComBridge.exe install: done, the bridge answers
  install.log 1: 2026-10-05 16:13:57  Setup: Finished: installed and running (sole mode)
seed as fcuser2: 
setup as fcuser2 (just for me) ended: 
Get-Content: D:\a\testingtdsdesk\testingtdsdesk\.github\tally-spike\flow4.ps1:305
Line |
 305 |  $cfg2 = Get-Content "$h2\tds-bridge.config.json" -Raw | ConvertFrom-J …
     |          ~~~~~~~~~~~~~~~~~~~~~~~~~~~~~~~~~~~~~~~~~~~~~
     | Cannot find path 'C:\Users\fcuser2\AppData\Local\TDS Desk Bridge\tds-bridge.config.json' because it does not
     | exist.

bridge 1: user runneradmin, port 9100, id go-a3fcd5072453, key 24 chars, Owner runnervmfi6oq\runneradmin, OwnerSid S-1-5-21-1643835476-1616584234-1346609752-500
bridge 2: user fcuser2, port 0, id go-, key 0 chars, Owner , OwnerSid 
[shot] r4-02-bridges (1024x768)
[16:24:08] ---- 6a: both bridges run at once, on their own ports, as their own users
  process 8600 as runneradmin in session 2: "C:\Users\runneradmin\AppData\Local\FinCom Bridge\FinComBridge.exe" user --config "C:\Users\runneradmin\AppData\Local\TDS Desk Bridge\tds-bridge.config.json"
  process 2196 as runneradmin in session 2: "C:\Users\runneradmin\AppData\Local\FinCom Bridge\FinComBridge.exe" worker --config "C:\Users\runneradmin\AppData\Local\TDS Desk Bridge\tds-bridge.config.json" --home "C:\Users\runneradmin\AppData\Local\TDS Desk Bridge" --parent 8600
  process 1316 as runneradmin in session 2: "C:\Users\runneradmin\AppData\Local\FinCom Bridge\FinComBridge.exe" tray --quiet --config "C:\Users\runneradmin\AppData\Local\TDS Desk Bridge\tds-bridge.config.json"
  listening 127.0.0.1:9100 pid 2196 user runneradmin
  Tally pid 10468 session 2 owner runneradmin
######## FAIL 6a two bridges at once: bridge 1 runneradmin on 127.0.0.1:9100 (pid 2196, session 2, go-a3fcd5072453); bridge 2 fcuser2 on 127.0.0.1:0 (pid , session , go-); both listening at 16:24:09
[16:24:09] ---- 6b: the /ping proof: HMAC-SHA256(bridge key, nonce || bridge id || port), only to the bridge's own Windows user
runneradmin -> own bridge: {"bridge":"FinCom Tally Bridge","bridgeId":"go-a3fcd5072453","impl":"go","loopSec":0,"ok":true,"pairProof":"1bb66742972e96ef6fb1197eb03f1f1eb40997888af3e22d690b1236402004d8","pid":2196,"port":9100,"proof":"c5c5817e2d2dd9ff2b961684d4dd3695c5bc90d4b876e4da5ea2c86d9954078e","runMode":"user","testMode":false,"version":"2.2.4","yours":true}
runneradmin -> user 2's bridge: null
as fcuser2 (): 
MethodInvocationException: D:\a\testingtdsdesk\testingtdsdesk\.github\tally-spike\flow4.ps1:358
Line |
 358 |  … ey, $msg) { $h = [Security.Cryptography.HMACSHA256]::new([Text.Encodi …
     |                ~~~~~~~~~~~~~~~~~~~~~~~~~~~~~~~~~~~~~~~~~~~~~~~~~~~~~~~~~
     | Exception calling "GetBytes" with "1" argument(s): "Value cannot be null. (Parameter 'chars')"

InvalidOperation: D:\a\testingtdsdesk\testingtdsdesk\.github\tally-spike\flow4.ps1:358
Line |
 358 |  … tes($key)); (($h.ComputeHash([Text.Encoding]::UTF8.GetBytes($msg)) |  …
     |                ~~~~~~~~~~~~~~~~~~~~~~~~~~~~~~~~~~~~~~~~~~~~~~~~~~~~~~~~~
     | You cannot call a method on a null-valued expression.

MethodInvocationException: D:\a\testingtdsdesk\testingtdsdesk\.github\tally-spike\flow4.ps1:358
Line |
 358 |  … ey, $msg) { $h = [Security.Cryptography.HMACSHA256]::new([Text.Encodi …
     |                ~~~~~~~~~~~~~~~~~~~~~~~~~~~~~~~~~~~~~~~~~~~~~~~~~~~~~~~~~
     | Exception calling "GetBytes" with "1" argument(s): "Value cannot be null. (Parameter 'chars')"

InvalidOperation: D:\a\testingtdsdesk\testingtdsdesk\.github\tally-spike\flow4.ps1:358
Line |
 358 |  … tes($key)); (($h.ComputeHash([Text.Encoding]::UTF8.GetBytes($msg)) |  …
     |                ~~~~~~~~~~~~~~~~~~~~~~~~~~~~~~~~~~~~~~~~~~~~~~~~~~~~~~~~~
     | You cannot call a method on a null-valued expression.

  ok   bridge 1 proves itself to runneradmin: yours=True bridgeId=go-a3fcd5072453 port=9100 proof=c5c5817e2d2dd9ff2b961684d4dd3695c5bc90d4b876e4da5ea2c86d9954078e
  ok   bridge 1 proof checked against user 2 identity fails: HMAC(key2, nonce||go-||0)=
  NOT  bridge 2 proves itself to fcuser2: yours= bridgeId= port= proof=
  NOT  bridge 2 proof checked against user 1 identity fails: HMAC(key1, nonce||go-a3fcd5072453||9100)=856fad3aa1464cad57e3bb9bd271dfcdc9b0188908be0c880cf4489238e5bf7d
  NOT  bridge 2 gives runneradmin no proof: yours= proof= bridgeId=
  NOT  bridge 1 gives fcuser2 no proof: yours= proof=
  NOT  other users refused 403 beyond /ping: runneradmin: own /status 401, other 0; fcuser2: own /status , other 
######## FAIL 6b /ping proof: bridge 1 proves itself to runneradmin: ok; bridge 1 proof checked against user 2 identity fails: ok; bridge 2 proves itself to fcuser2: NO; bridge 2 proof checked against user 1 identity fails: NO; bridge 2 gives runneradmin no proof: NO; bridge 1 gives fcuser2 no proof: NO; other users refused 403 beyond /ping: NO
  bridge1 log: 2026-10-05 16:13:56  FinCom Bridge 2.2.4: started just for runnervmfi6oq\runneradmin (no service); it keeps the bridge and its icon running
  bridge1 log: 2026-10-05 16:13:56  FinCom Bridge 2.2.4 (Go) started on 127.0.0.1:9100: the only bridge on this computer; working for runnervmfi6oq\runneradmin, Windows session 2; runs just for this Windows user (starts at sign-in, no service)
  bridge1 log: 2026-10-05 16:13:56  Tally is open on port 9000; the bridge reads it only after an event (a client opened in FinCom, Update now, a posting, the nightly catch-up at 02:00)
  bridge1 log: 2026-10-05 16:13:56  Recorder: re-scan of the add-on's files for 2.2.4: 0 line(s) sent earlier without their entry found (a new entry's line with no MasterID, a GUID of another entry, or read while the body fetch was off)
  bridge1 log: 2026-10-05 16:13:56  Check:  - 
  bridge1 log: 2026-10-05 16:13:59  Tray icon: set to show next to the clock always (Windows 11)
  bridge1 log: 2026-10-05 16:13:59  FinCom: this bridge is now the main bridge on this computer (set by the setup); it reads and posts
  bridge1 log: 2026-10-05 16:13:59  Company FinCom Spike Co: its Tally GUID 7995921e-e7b3-444b-bef0-fc1719b6e673 is held from now on
  bridge1 log: 2026-10-05 16:14:00  Company FinCom Spike Co: its starting point is recorded: ALTVCHID=1, ALTMSTID=211 (reading is prospective only: the bridge follows what changes after this)
  bridge1 log: 2026-10-05 16:14:00  Company FinCom Spike Co: change numbers read with form a: ALTVCHID=1, ALTMSTID=211
  bridge1 log: 2026-10-05 16:14:00  Light check of FinCom Spike Co: starting point recorded (ALTVCHID=1, ALTMSTID=211)
  bridge1 log: 2026-10-05 16:24:30  Light check of FinCom Spike Co: unchanged starting point ALTVCHID=1; now ALTVCHID=1, ALTMSTID=211
[16:29:39] ---- steps 1-5 on user 1's Tally (9000), as round 3
  Tally :9000 voucher mid=1 aid=1 guid=7995921e-e7b3-444b-bef0-fc1719b6e673-00000001 no=1 cancelled=False
[keys] 'v' -> Tally :9000 'TallyPrime:9000'
[shot] r4-10-vouchers (1024x768)
[keys] '{F6}' -> Tally :9000 'TallyPrime:9000'
[keys] '{F2}' -> Tally :9000 'TallyPrime:9000'
[keys] '2-10-2026{ENTER}' -> Tally :9000 'TallyPrime:9000'
[keys] 'Cash{ENTER}' -> Tally :9000 'TallyPrime:9000'
[keys] 'Spike Income{ENTER}' -> Tally :9000 'TallyPrime:9000'
[shot] r4-11-particular (1024x768)
[keys] '700{ENTER}' -> Tally :9000 'TallyPrime:9000'
[keys] '^a' -> Tally :9000 'TallyPrime:9000'
[shot] r4-12-created (1024x768)
  Tally :9000 voucher mid=1 aid=1 guid=7995921e-e7b3-444b-bef0-fc1719b6e673-00000001 no=1 cancelled=False
  Tally :9000 voucher mid=2 aid=2 guid=7995921e-e7b3-444b-bef0-fc1719b6e673-00000002 no=1 cancelled=False
  bridge1 log: 2026-10-05 16:30:08  Recorder: Receipt 1 of 02-Oct-2026 (MasterID 2, line a13396d5…): asking Tally by MasterID
  bridge1 log: 2026-10-05 16:30:12  Recorder: Receipt 1 of 02-Oct-2026 (MasterID 2, line a13396d5…): taken: Tally's GUID 7995921e-e7b3-444b-bef0-fc1719b6e673-00000002, AlterID 2
  stub 16:30:12 recorder_lines event=created guid=7995921e-e7b3-444b-bef0-fc1719b6e673-00000002 mid=2 aid=2 vch=Receipt/1/20261002 user=runnervmfi6oq\runneradmin bridge=go-a3fcd5072453 port=9100 company=FinCom Spike Co body=yes(2434 chars)
######## PASS 1 create: Tally made mid 2 guid 7995921e-e7b3-444b-bef0-fc1719b6e673-00000002; stub 16:30:12 recorder_lines event=created guid=7995921e-e7b3-444b-bef0-fc1719b6e673-00000002 mid=2 aid=2 vch=Receipt/1/20261002 user=runnervmfi6oq\runneradmin bridge=go-a3fcd5072453 port=9100 company=FinCom Spike Co body=yes(2434 chars)
[keys] '%g' -> Tally :9000 'TallyPrime:9000'
[keys] 'Day Book' -> Tally :9000 'TallyPrime:9000'
[keys] '{ENTER}' -> Tally :9000 'TallyPrime:9000'
[keys] '{F2}' -> Tally :9000 'TallyPrime:9000'
[keys] '2-10-2026{ENTER}' -> Tally :9000 'TallyPrime:9000'
[shot] r4-13-daybook (1024x768)
[keys] '{END}' -> Tally :9000 'TallyPrime:9000'
[keys] '{ENTER}' -> Tally :9000 'TallyPrime:9000'
[shot] r4-14-open (1024x768)
[keys] '{ENTER}' -> Tally :9000 'TallyPrime:9000'
[keys] '{ENTER}' -> Tally :9000 'TallyPrime:9000'
[keys] '{ENTER}' -> Tally :9000 'TallyPrime:9000'
[shot] r4-15-at-amount (1024x768)
[keys] '800{ENTER}' -> Tally :9000 'TallyPrime:9000'
[keys] '^a' -> Tally :9000 'TallyPrime:9000'
[shot] r4-16-altered (1024x768)
  Tally :9000 voucher mid=1 aid=1 guid=7995921e-e7b3-444b-bef0-fc1719b6e673-00000001 no=1 cancelled=False
  Tally :9000 voucher mid=2 aid=3 guid=7995921e-e7b3-444b-bef0-fc1719b6e673-00000002 no=1 cancelled=False
  bridge1 log: 2026-10-05 16:30:58  Recorder: Receipt 1 of 02-Oct-2026 (MasterID 2, line ad946070…): asking Tally by MasterID
  bridge1 log: 2026-10-05 16:31:02  Recorder: Receipt 1 of 02-Oct-2026 (MasterID 2, line ad946070…): taken: Tally's GUID 7995921e-e7b3-444b-bef0-fc1719b6e673-00000002, AlterID 3
  stub 16:31:02 recorder_lines event=altered guid=7995921e-e7b3-444b-bef0-fc1719b6e673-00000002 mid=2 aid=3 vch=Receipt/1/20261002 user=runnervmfi6oq\runneradmin bridge=go-a3fcd5072453 port=9100 company=FinCom Spike Co body=yes(2434 chars)
######## PASS 2 alter: Tally: mid 2 AlterID 2 -> 3; stub 16:31:02 recorder_lines event=altered guid=7995921e-e7b3-444b-bef0-fc1719b6e673-00000002 mid=2 aid=3 vch=Receipt/1/20261002 user=runnervmfi6oq\runneradmin bridge=go-a3fcd5072453 port=9100 company=FinCom Spike Co body=yes(2434 chars)
[keys] '%g' -> Tally :9000 'TallyPrime:9000'
[keys] 'Day Book' -> Tally :9000 'TallyPrime:9000'
[keys] '{ENTER}' -> Tally :9000 'TallyPrime:9000'
[keys] '{F2}' -> Tally :9000 'TallyPrime:9000'
[keys] '2-10-2026{ENTER}' -> Tally :9000 'TallyPrime:9000'
[shot] r4-17-daybook (1024x768)
[keys] '{END}' -> Tally :9000 'TallyPrime:9000'
[keys] '%2' -> Tally :9000 'TallyPrime:9000'
[shot] r4-18-duplicate (1024x768)
[keys] '{ENTER}' -> Tally :9000 'TallyPrime:9000'
[keys] '{ENTER}' -> Tally :9000 'TallyPrime:9000'
[shot] r4-19-dup-at-amount (1024x768)
[keys] '900{ENTER}' -> Tally :9000 'TallyPrime:9000'
[keys] '^a' -> Tally :9000 'TallyPrime:9000'
[shot] r4-20-dup-saved (1024x768)
  Tally :9000 voucher mid=1 aid=1 guid=7995921e-e7b3-444b-bef0-fc1719b6e673-00000001 no=1 cancelled=False
  Tally :9000 voucher mid=2 aid=3 guid=7995921e-e7b3-444b-bef0-fc1719b6e673-00000002 no=1 cancelled=False
  Tally :9000 voucher mid=3 aid=4 guid=7995921e-e7b3-444b-bef0-fc1719b6e673-00000003 no=2 cancelled=False
  bridge1 log: 2026-10-05 16:31:45  Recorder: Receipt 2 of 02-Oct-2026 (MasterID 3, line 8a1bac9c…): asking Tally by MasterID
  bridge1 log: 2026-10-05 16:31:49  Recorder: Receipt 2 of 02-Oct-2026 (MasterID 3, line 8a1bac9c…): taken: Tally's GUID 7995921e-e7b3-444b-bef0-fc1719b6e673-00000003, AlterID 4
  stub 16:31:49 recorder_lines event=created guid=7995921e-e7b3-444b-bef0-fc1719b6e673-00000003 mid=3 aid=4 vch=Receipt/2/20261002 user=runnervmfi6oq\runneradmin bridge=go-a3fcd5072453 port=9100 company=FinCom Spike Co body=yes(2434 chars) idsMismatch lineGuid=7995921e-e7b3-444b-bef0-fc1719b6e673-00000002
######## PASS 3 Alt+2 copy: Tally made mid 3 guid 7995921e-e7b3-444b-bef0-fc1719b6e673-00000003; source mid 2 AlterID still 3, no line for it; stub 16:31:49 recorder_lines event=created guid=7995921e-e7b3-444b-bef0-fc1719b6e673-00000003 mid=3 aid=4 vch=Receipt/2/20261002 user=runnervmfi6oq\runneradmin bridge=go-a3fcd5072453 port=9100 company=FinCom Spike Co body=yes(2434 chars) idsMismatch lineGuid=7995921e-e7b3-444b-bef0-fc1719b6e673-00000002
[keys] '%g' -> Tally :9000 'TallyPrime:9000'
[keys] 'Day Book' -> Tally :9000 'TallyPrime:9000'
[keys] '{ENTER}' -> Tally :9000 'TallyPrime:9000'
[keys] '{F2}' -> Tally :9000 'TallyPrime:9000'
[keys] '2-10-2026{ENTER}' -> Tally :9000 'TallyPrime:9000'
[shot] r4-21-daybook (1024x768)
[keys] '{HOME}' -> Tally :9000 'TallyPrime:9000'
[keys] '%x' -> Tally :9000 'TallyPrime:9000'
[keys] 'y' -> Tally :9000 'TallyPrime:9000'
[shot] r4-22-cancelled (1024x768)
  Tally :9000 voucher mid=1 aid=1 guid=7995921e-e7b3-444b-bef0-fc1719b6e673-00000001 no=1 cancelled=False
  Tally :9000 voucher mid=2 aid=5 guid=7995921e-e7b3-444b-bef0-fc1719b6e673-00000002 no=1 cancelled=True
  Tally :9000 voucher mid=3 aid=4 guid=7995921e-e7b3-444b-bef0-fc1719b6e673-00000003 no=2 cancelled=False
  bridge1 log: 2026-10-05 16:32:47  Recorder: Receipt 1 of 02-Oct-2026 (MasterID 2, line 06bb549c…): asking Tally by MasterID
  bridge1 log: 2026-10-05 16:32:52  Recorder: FinCom Spike Co: cancel of mid 2: GUID from Tally (asked by MasterID): 7995921e-e7b3-444b-bef0-fc1719b6e673-00000002; the GUID its MasterID makes agrees
  stub 16:32:52 recorder_lines event=cancelled guid=7995921e-e7b3-444b-bef0-fc1719b6e673-00000002 mid=2 aid=5 vch=Receipt/1/20261002 user=runnervmfi6oq\runneradmin bridge=go-a3fcd5072453 port=9100 company=FinCom Spike Co body=none
######## PASS 4 cancel: Tally cancelled mid 2 guid 7995921e-e7b3-444b-bef0-fc1719b6e673-00000002; stub 16:32:52 recorder_lines event=cancelled guid=7995921e-e7b3-444b-bef0-fc1719b6e673-00000002 mid=2 aid=5 vch=Receipt/1/20261002 user=runnervmfi6oq\runneradmin bridge=go-a3fcd5072453 port=9100 company=FinCom Spike Co body=none
[keys] '%g' -> Tally :9000 'TallyPrime:9000'
[keys] 'Day Book' -> Tally :9000 'TallyPrime:9000'
[keys] '{ENTER}' -> Tally :9000 'TallyPrime:9000'
[keys] '{F2}' -> Tally :9000 'TallyPrime:9000'
[keys] '2-10-2026{ENTER}' -> Tally :9000 'TallyPrime:9000'
[shot] r4-23-daybook (1024x768)
[keys] '{END}' -> Tally :9000 'TallyPrime:9000'
[keys] '%d' -> Tally :9000 'TallyPrime:9000'
[keys] 'y' -> Tally :9000 'TallyPrime:9000'
[shot] r4-24-deleted (1024x768)
  Tally :9000 voucher mid=1 aid=1 guid=7995921e-e7b3-444b-bef0-fc1719b6e673-00000001 no=1 cancelled=False
  Tally :9000 voucher mid=2 aid=5 guid=7995921e-e7b3-444b-bef0-fc1719b6e673-00000002 no=1 cancelled=True
  bridge1 log: 2026-10-05 16:33:29  Recorder: FinCom Spike Co: delete of mid 3: GUID from the bridge's record: 7995921e-e7b3-444b-bef0-fc1719b6e673-00000003; the GUID its MasterID makes agrees
  stub 16:33:29 recorder_lines event=deleted guid=7995921e-e7b3-444b-bef0-fc1719b6e673-00000003 mid=3 aid= vch=Receipt/2/20261002 user=runnervmfi6oq\runneradmin bridge=go-a3fcd5072453 port=9100 company=FinCom Spike Co body=none
######## PASS 5 delete: Tally deleted mid 3 guid 7995921e-e7b3-444b-bef0-fc1719b6e673-00000003; stub 16:33:29 recorder_lines event=deleted guid=7995921e-e7b3-444b-bef0-fc1719b6e673-00000003 mid=3 aid= vch=Receipt/2/20261002 user=runnervmfi6oq\runneradmin bridge=go-a3fcd5072453 port=9100 company=FinCom Spike Co body=none
[16:33:37] ---- 6d: user 2's own Tally event (a Receipt on 9001), recorded by user 2's bridge
######## FAIL 6d user 2 own Tally event: user 2's own Tally (9001) could not be brought up with its company: see the log and r4-01* screenshots
[16:33:57] ---- 6c: the beats, 6e: every recorder line attributed to the user whose Tally made it
######## FAIL 6c beats: stub 16:33:29 beat x40 bridge=go-a3fcd5072453 user=runnervmfi6oq\runneradmin windowsUser=runnervmfi6oq\runneradmin bridgePort=9100 tallyPort=9000 dataFolder=D:\a\_temp\TallyData device=spike-computer-key-user1 computer=runnervmfi6oq | bridge 2 (go-): no beat
  all: stub 16:30:12 recorder_lines event=created guid=7995921e-e7b3-444b-bef0-fc1719b6e673-00000002 mid=2 aid=2 vch=Receipt/1/20261002 user=runnervmfi6oq\runneradmin bridge=go-a3fcd5072453 port=9100 company=FinCom Spike Co body=yes(2434 chars)
  all: stub 16:31:02 recorder_lines event=altered guid=7995921e-e7b3-444b-bef0-fc1719b6e673-00000002 mid=2 aid=3 vch=Receipt/1/20261002 user=runnervmfi6oq\runneradmin bridge=go-a3fcd5072453 port=9100 company=FinCom Spike Co body=yes(2434 chars)
  all: stub 16:31:49 recorder_lines event=created guid=7995921e-e7b3-444b-bef0-fc1719b6e673-00000003 mid=3 aid=4 vch=Receipt/2/20261002 user=runnervmfi6oq\runneradmin bridge=go-a3fcd5072453 port=9100 company=FinCom Spike Co body=yes(2434 chars) idsMismatch lineGuid=7995921e-e7b3-444b-bef0-fc1719b6e673-00000002
  all: stub 16:32:52 recorder_lines event=cancelled guid=7995921e-e7b3-444b-bef0-fc1719b6e673-00000002 mid=2 aid=5 vch=Receipt/1/20261002 user=runnervmfi6oq\runneradmin bridge=go-a3fcd5072453 port=9100 company=FinCom Spike Co body=none
  all: stub 16:33:29 recorder_lines event=deleted guid=7995921e-e7b3-444b-bef0-fc1719b6e673-00000003 mid=3 aid= vch=Receipt/2/20261002 user=runnervmfi6oq\runneradmin bridge=go-a3fcd5072453 port=9100 company=FinCom Spike Co body=none
######## PASS 6e attribution: 5 line(s) from bridge 1 (runneradmin, FinCom Spike Co), 0 from bridge 2 (fcuser2, FinCom Spike U2); misattributed: 0
[16:33:57] ---- step 6 as one line
######## FAIL 6 two Windows users: FAIL 6a two bridges at once; FAIL 6b /ping proof; FAIL 6d user 2 own Tally event; FAIL 6c beats; PASS 6e attribution
[16:33:57] ---- what is kept: the bridges' logs, install logs, settings without their keys
Get-Content: D:\a\testingtdsdesk\testingtdsdesk\.github\tally-spike\flow4.ps1:494
Line |
 494 |    $cf = Get-Content "$hh\tds-bridge.config.json" -Raw | ConvertFrom-J …
     |          ~~~~~~~~~~~~~~~~~~~~~~~~~~~~~~~~~~~~~~~~~~~~~
     | Cannot find path 'C:\Users\fcuser2\AppData\Local\TDS Desk Bridge\tds-bridge.config.json' because it does not
     | exist.

InvalidOperation: D:\a\testingtdsdesk\testingtdsdesk\.github\tally-spike\flow4.ps1:494
Line |
 494 |  … .config.json" -Raw | ConvertFrom-Json; $cf.Key = '(kept out)'; if ($c …
     |                                           ~~~~~~~~~~~~~~~~~~~~~~
     | The property 'Key' cannot be found on this object. Verify that the property exists and can be set.

  Tally :9000 voucher mid=1 aid=1 guid=7995921e-e7b3-444b-bef0-fc1719b6e673-00000001 no=1 cancelled=False
  Tally :9000 voucher mid=2 aid=5 guid=7995921e-e7b3-444b-bef0-fc1719b6e673-00000002 no=1 cancelled=True
== results
INFO user 2 (fcuser2) works in a Windows session of their own (session 1, by a Remote Desktop connection to 127.0.0.2); runneradmin in session 2
FAIL 6a two bridges at once: bridge 1 runneradmin on 127.0.0.1:9100 (pid 2196, session 2, go-a3fcd5072453); bridge 2 fcuser2 on 127.0.0.1:0 (pid , session , go-); both listening at 16:24:09
FAIL 6b /ping proof: bridge 1 proves itself to runneradmin: ok; bridge 1 proof checked against user 2 identity fails: ok; bridge 2 proves itself to fcuser2: NO; bridge 2 proof checked against user 1 identity fails: NO; bridge 2 gives runneradmin no proof: NO; bridge 1 gives fcuser2 no proof: NO; other users refused 403 beyond /ping: NO
PASS 1 create: Tally made mid 2 guid 7995921e-e7b3-444b-bef0-fc1719b6e673-00000002; stub 16:30:12 recorder_lines event=created guid=7995921e-e7b3-444b-bef0-fc1719b6e673-00000002 mid=2 aid=2 vch=Receipt/1/20261002 user=runnervmfi6oq\runneradmin bridge=go-a3fcd5072453 port=9100 company=FinCom Spike Co body=yes(2434 chars)
PASS 2 alter: Tally: mid 2 AlterID 2 -> 3; stub 16:31:02 recorder_lines event=altered guid=7995921e-e7b3-444b-bef0-fc1719b6e673-00000002 mid=2 aid=3 vch=Receipt/1/20261002 user=runnervmfi6oq\runneradmin bridge=go-a3fcd5072453 port=9100 company=FinCom Spike Co body=yes(2434 chars)
PASS 3 Alt+2 copy: Tally made mid 3 guid 7995921e-e7b3-444b-bef0-fc1719b6e673-00000003; source mid 2 AlterID still 3, no line for it; stub 16:31:49 recorder_lines event=created guid=7995921e-e7b3-444b-bef0-fc1719b6e673-00000003 mid=3 aid=4 vch=Receipt/2/20261002 user=runnervmfi6oq\runneradmin bridge=go-a3fcd5072453 port=9100 company=FinCom Spike Co body=yes(2434 chars) idsMismatch lineGuid=7995921e-e7b3-444b-bef0-fc1719b6e673-00000002
PASS 4 cancel: Tally cancelled mid 2 guid 7995921e-e7b3-444b-bef0-fc1719b6e673-00000002; stub 16:32:52 recorder_lines event=cancelled guid=7995921e-e7b3-444b-bef0-fc1719b6e673-00000002 mid=2 aid=5 vch=Receipt/1/20261002 user=runnervmfi6oq\runneradmin bridge=go-a3fcd5072453 port=9100 company=FinCom Spike Co body=none
PASS 5 delete: Tally deleted mid 3 guid 7995921e-e7b3-444b-bef0-fc1719b6e673-00000003; stub 16:33:29 recorder_lines event=deleted guid=7995921e-e7b3-444b-bef0-fc1719b6e673-00000003 mid=3 aid= vch=Receipt/2/20261002 user=runnervmfi6oq\runneradmin bridge=go-a3fcd5072453 port=9100 company=FinCom Spike Co body=none
FAIL 6d user 2 own Tally event: user 2's own Tally (9001) could not be brought up with its company: see the log and r4-01* screenshots
FAIL 6c beats: stub 16:33:29 beat x40 bridge=go-a3fcd5072453 user=runnervmfi6oq\runneradmin windowsUser=runnervmfi6oq\runneradmin bridgePort=9100 tallyPort=9000 dataFolder=D:\a\_temp\TallyData device=spike-computer-key-user1 computer=runnervmfi6oq | bridge 2 (go-): no beat
PASS 6e attribution: 5 line(s) from bridge 1 (runneradmin, FinCom Spike Co), 0 from bridge 2 (fcuser2, FinCom Spike U2); misattributed: 0
FAIL 6 two Windows users: FAIL 6a two bridges at once; FAIL 6b /ping proof; FAIL 6d user 2 own Tally event; FAIL 6c beats; PASS 6e attribution
== round 4 end
