[08:15:17.582] push-design on TallyPrime 3.0: reps 5, heavy 3000 ledgers / 3000 items / up to 30000 vouchers (40 min), postings 1
[08:15:18.582] system clock step after timeBeginPeriod(1): 0.422 ms (min 0.004, max 4.5666)
[08:15:18.611] two files written 2 ms apart: NTFS write times 17.0044 ms apart
[08:15:18.631] light company folder: D:\a\_temp\TallyData\100000
[08:15:21.663] tally.ini: Data D:\a\_temp\TallyData; TDL: none
[keys] 'a'
[keys] 't'
[shot] p-setup-light-started (1024x768)
[08:15:49.787] Tally started (setup-light) in 28.1 s; company open: True
[08:15:49.798] company GUID 5a2803b0-8c90-4b6f-85a0-3d066e727b16
[08:15:51.817] proxy 127.0.0.2:9000 -> Tally: True (<RESPONSE>TallyPrime Server is Running</RESPONSE> )
[08:15:53.055] import light masters: 60 sent, created 59, errors 0, 204.7 ms
[08:15:53.194] import template s5 (all fields): 1 sent, created 1, errors 0, 77.1 ms
[08:15:53.400] import template s50 (all fields): 1 sent, created 1, errors 0, 202.2 ms
[08:15:53.421] import template rc (all fields): 1 sent, created 1, errors 0, 19.2 ms
[08:15:53.426] templates: s50 all fields; s5 all fields; rc all fields
[08:15:53.478]   template Receipt 1 20261001 mid 4 aid 4 5a2803b0-8c90-4b6f-85a0-3d066e727b16-00000004
[08:15:53.479]   template Sales 1 20261002 mid 2 aid 2 5a2803b0-8c90-4b6f-85a0-3d066e727b16-00000002
[08:15:53.480]   template Sales 2 20261031 mid 3 aid 3 5a2803b0-8c90-4b6f-85a0-3d066e727b16-00000003
[08:15:53.660] company feature fields (by name): ISBATCHWISEON=No, PREVISMULTIGODOWNON=No, PREVISTRACKINGON=No, ISPAYROLLON=No, PREVISSALESORDERSON=No, PREVISPURCORDERSON=No, ISEXCISEMFGRTRADERON=No, ISPAYROLLSTATON=No, ISCOSTTRACKINGON=No, NOTIFYOFEXPIRY=No, ISTRACKVOUCHERSON=No, RESETTRACKEDCHANGES=No
[08:15:53.675] import company features by XML: 1 sent, created 0, errors 0, 11.7 ms
[08:15:53.685] after the XML alter: ISBATCHWISEON=Yes, PREVISMULTIGODOWNON=Yes, PREVISTRACKINGON=Yes, ISPAYROLLON=Yes, PREVISSALESORDERSON=Yes, PREVISPURCORDERSON=Yes, ISEXCISEMFGRTRADERON=No, ISPAYROLLSTATON=No, ISCOSTTRACKINGON=No, NOTIFYOFEXPIRY=No, ISTRACKVOUCHERSON=No, RESETTRACKEDCHANGES=No
[keys] '{F11}'
[shot] p-f11-0 (1024x768)
[keys] '{UP}'
[keys] '{UP}'
[keys] '{UP}'
[shot] p-f11-1-top (1024x768)
[keys] 'y'
[shot] p-f11-2-show-more (1024x768)
[keys] '{DOWN}'
[shot] p-f11-d01 (1024x768)
[keys] '{DOWN}'
[shot] p-f11-d02 (1024x768)
[keys] '{DOWN}'
[shot] p-f11-d03 (1024x768)
[keys] '{DOWN}'
[shot] p-f11-d04 (1024x768)
[keys] '{DOWN}'
[shot] p-f11-d05 (1024x768)
[keys] '{DOWN}'
[shot] p-f11-d06 (1024x768)
[keys] '{DOWN}'
[shot] p-f11-d07 (1024x768)
[keys] '{DOWN}'
[shot] p-f11-d08 (1024x768)
[keys] '{DOWN}'
[shot] p-f11-d09 (1024x768)
[keys] '{DOWN}'
[shot] p-f11-d10 (1024x768)
[keys] '{DOWN}'
[shot] p-f11-d11 (1024x768)
[keys] '{DOWN}'
[shot] p-f11-d12 (1024x768)
[keys] '{DOWN}'
[shot] p-f11-d13 (1024x768)
[keys] '{DOWN}'
[shot] p-f11-d14 (1024x768)
[keys] '{DOWN}'
[shot] p-f11-d15 (1024x768)
[keys] '{DOWN}'
[shot] p-f11-d16 (1024x768)
[keys] '{DOWN}'
[shot] p-f11-d17 (1024x768)
[keys] '{DOWN}'
[shot] p-f11-d18 (1024x768)
[keys] '{DOWN}'
[shot] p-f11-d19 (1024x768)
[keys] '{DOWN}'
[shot] p-f11-d20 (1024x768)
[keys] '{DOWN}'
[shot] p-f11-d21 (1024x768)
[keys] '{DOWN}'
[shot] p-f11-d22 (1024x768)
[keys] '{DOWN}'
[shot] p-f11-d23 (1024x768)
[keys] '{DOWN}'
[shot] p-f11-d24 (1024x768)
[keys] '{DOWN}'
[shot] p-f11-d25 (1024x768)
[keys] '{DOWN}'
[shot] p-f11-d26 (1024x768)
[keys] '{DOWN}'
[shot] p-f11-d27 (1024x768)
[keys] '{DOWN}'
[shot] p-f11-d28 (1024x768)
[keys] '{DOWN}'
[shot] p-f11-d29 (1024x768)
[keys] '{DOWN}'
[shot] p-f11-d30 (1024x768)
[keys] '{DOWN}'
[shot] p-f11-d31 (1024x768)
[keys] '{DOWN}'
[shot] p-f11-d32 (1024x768)
[keys] '{DOWN}'
[shot] p-f11-d33 (1024x768)
[keys] '{DOWN}'
[shot] p-f11-d34 (1024x768)
[keys] '{DOWN}'
[shot] p-f11-d35 (1024x768)
[keys] '{DOWN}'
[shot] p-f11-d36 (1024x768)
[keys] '{DOWN}'
[shot] p-f11-d37 (1024x768)
[keys] '{DOWN}'
[shot] p-f11-d38 (1024x768)
[keys] '{DOWN}'
[shot] p-f11-d39 (1024x768)
[keys] '{DOWN}'
[shot] p-f11-d40 (1024x768)
[keys] '{DOWN}'
[shot] p-f11-d41 (1024x768)
[keys] '{DOWN}'
[shot] p-f11-d42 (1024x768)
[keys] '{DOWN}'
[shot] p-f11-d43 (1024x768)
[keys] '{DOWN}'
[shot] p-f11-d44 (1024x768)
[keys] '{DOWN}'
[shot] p-f11-d45 (1024x768)
[keys] '{DOWN}'
[shot] p-f11-d46 (1024x768)
[keys] '{DOWN}'
[shot] p-f11-d47 (1024x768)
[keys] '{DOWN}'
[shot] p-f11-d48 (1024x768)
[keys] '^a'
[shot] p-f11-accepted (1024x768)
[08:17:17.750] after F11 (show more features only): ISBATCHWISEON=Yes, PREVISMULTIGODOWNON=Yes, PREVISTRACKINGON=Yes, ISPAYROLLON=Yes, PREVISSALESORDERSON=Yes, PREVISPURCORDERSON=Yes, ISEXCISEMFGRTRADERON=No, ISPAYROLLSTATON=No, ISCOSTTRACKINGON=No, NOTIFYOFEXPIRY=No, ISTRACKVOUCHERSON=No, RESETTRACKEDCHANGES=No
[08:17:17.769] voucher types: Attendance, Contra, Credit Note, Debit Note, Delivery Note, Job Work In Order, Job Work Out Order, Journal, Material In, Material Out, Memorandum, Payment, Payroll, Physical Stock, Purchase, Purchase Order, Receipt, Receipt Note, Rejections In, Rejections Out, Reversing Journal, Sales, Sales Order, Stock Journal
[08:17:17.780] voucher type fields: active ISACTIVE; manufacturing ASMFGJRNL
[08:17:17.816] import voucher types active, manufacturing journal: 9 sent, created 1, errors 0, 33.7 ms
[08:17:18.692] import type masters (godowns, batch items, employees, pay heads, supplier): 258 sent, created 258, errors 0, 854.5 ms
[08:17:18.699] import attendance type: 1 sent, created 0, errors 1, 4.4 ms; Tally: Unit &apos;Days&apos; does not exist!
[08:17:18.705] import attendance type: 1 sent, created 0, errors 1, 3.8 ms; Tally: Unit &apos;Days&apos; does not exist!
[08:17:18.710] import attendance type: 1 sent, created 0, errors 1, 3.6 ms; Tally: Unit &apos;Days&apos; does not exist!
[08:17:18.714] import attendance type: 1 sent, created 0, errors 1, 3.3 ms; Tally: Unit &apos;Days&apos; does not exist!
[08:17:18.719] import attendance type: 1 sent, created 0, errors 1, 3.5 ms; Tally: Unit &apos;Days&apos; does not exist!
[08:17:18.723] import attendance type: 1 sent, created 0, errors 1, 3.5 ms; Tally: Unit &apos;Days&apos; does not exist!
[08:17:18.728] import attendance type: 1 sent, created 0, errors 1, 3.3 ms; Tally: Unit &apos;Days&apos; does not exist!
[08:17:18.732] import attendance type: 1 sent, created 0, errors 1, 3.4 ms; Tally: Unit &apos;Days&apos; does not exist!
[08:17:18.736] import attendance type: 1 sent, created 0, errors 1, 3.4 ms; Tally: Unit &apos;Days&apos; does not exist!
[08:17:18.741] import attendance type: 1 sent, created 0, errors 1, 4 ms; Tally: Unit &apos;Days&apos; does not exist!
[08:17:18.746] import attendance type: 1 sent, created 0, errors 1, 3.8 ms; Tally: Unit &apos;Days&apos; does not exist!
[08:17:18.751] import attendance type: 1 sent, created 0, errors 1, 3.7 ms; Tally: Unit &apos;Days&apos; does not exist!
[08:17:18.943] import template payroll50 (form 1 of 5): 1 sent, created 0, errors 1, 9.4 ms; Tally: No Entries in Voucher!
[08:17:18.953] import template payroll50 (form 2 of 5): 1 sent, created 0, errors 1, 8.3 ms; Tally: No Entries in Voucher!
[08:17:18.965] import template payroll50 (form 3 of 5): 1 sent, created 0, errors 1, 11.2 ms; Tally: Voucher totals do not match! Dr: 75,000.00 Dr Cr:  Diff: 75,000.00 Dr
[08:17:18.975] import template payroll50 (form 4 of 5): 1 sent, created 0, errors 1, 8.7 ms; Tally: No Entries in Voucher!
[08:17:19.001] import template payroll50 (form 5 of 5): 1 sent, created 1, errors 0, 24.3 ms
[08:17:19.021] import template payroll200 (form 1 of 5): 1 sent, created 0, errors 1, 17 ms; Tally: No Entries in Voucher!
[08:17:19.039] import template payroll200 (form 2 of 5): 1 sent, created 0, errors 1, 16.9 ms; Tally: No Entries in Voucher!
[08:17:19.068] import template payroll200 (form 3 of 5): 1 sent, created 0, errors 1, 27.6 ms; Tally: Voucher totals do not match! Dr: 3,00,000.00 Dr Cr:  Diff: 3,00,000.00 Dr
[08:17:19.087] import template payroll200 (form 4 of 5): 1 sent, created 0, errors 1, 17.3 ms; Tally: No Entries in Voucher!
[08:17:19.135] import template payroll200 (form 5 of 5): 1 sent, created 1, errors 0, 46.3 ms
[08:17:19.145] import template attendance (form 1 of 1): 1 sent, created 0, errors 1, 8.4 ms; Tally: No Entries in Voucher!
[08:17:19.223] import template stockjournal (form 1 of 1): 1 sent, created 1, errors 0, 75.3 ms
[08:17:19.251] import template mfgjournal (form 1 of 1): 1 sent, created 1, errors 0, 26.7 ms
[08:17:19.269] import template salesorder (form 1 of 3): 1 sent, created 0, errors 1, 16.2 ms; Tally: Bad Order Number in Voucher!
[08:17:19.284] import template salesorder (form 2 of 3): 1 sent, created 0, errors 1, 13.3 ms; Tally: Bad Order Number in Voucher!
[08:17:19.303] import template salesorder (form 3 of 3): 1 sent, created 0, errors 1, 17.8 ms; Tally: Bad Order Number in Voucher!
[08:17:19.318] import template purchaseorder (form 1 of 3): 1 sent, created 0, errors 1, 13.8 ms; Tally: Bad Order Number in Voucher!
[08:17:19.334] import template purchaseorder (form 2 of 3): 1 sent, created 0, errors 1, 14.5 ms; Tally: Bad Order Number in Voucher!
[08:17:19.350] import template purchaseorder (form 3 of 3): 1 sent, created 0, errors 1, 14.6 ms; Tally: Bad Order Number in Voucher!
[08:17:19.404] import template deliverynote (form 1 of 1): 1 sent, created 1, errors 0, 51.8 ms
[08:17:19.455] import template receiptnote (form 1 of 1): 1 sent, created 1, errors 0, 49.4 ms
[08:17:19.478] import template physicalstock (form 1 of 1): 1 sent, created 1, errors 0, 21.6 ms
[08:17:19.708] import template salesbatch (form 1 of 1): 1 sent, created 1, errors 0, 228.4 ms
[08:17:20.062] TDL $$MachineName => '' 
[08:17:20.065] TDL $$CmpUserName => 'TALLY User' 
[08:17:20.069] TDL $$SysInfo:WindowsUser => 'runneradmin' 
[08:17:20.071] TDL $$SysInfo:WindowsUserName => '' 
[08:17:20.074] TDL $$SysInfo:UserName => '' 
[08:17:20.076] TDL $$SysInfo:LoginUser => '' 
[08:17:20.078] TDL $$SysInfo:SystemName => 'runnervmfi6oq' 
[08:17:20.081] TDL $$SysInfo:ComputerName => '' 
[08:17:20.083] TDL $$SysInfo:MachineName => '' 
[08:17:20.088] TDL $$SysInfo:IPAddress => '10.1.0.142,172.17.176.1' 
[08:17:20.091] TDL $$SysInfo:ApplicationPath => 'C:\Program Files\TallyPrime' 
[08:17:20.093] TDL $$SysInfo:TempPath => '' 
[08:17:20.136] fast234 (fast234lb) on TallyPrime 3.0: today's request 2927 chars, 61 fields
[08:17:20.165] fast234l on TallyPrime 3.0: the entry kinds (L2) and the 200 / 500-item invoices (M3)
[08:17:20.181] import credit / debit note types active: 2 sent, created 0, errors 0, 13.6 ms
[08:17:20.193] import tds: company TDS on, TAN: 1 sent, created 0, errors 0, 9.8 ms
[shot] tds-001-gw0 (1024x768)
[08:17:23] [tds] screen tds-001-gw0 : TallyPrime MANAGE {1' EDU 5: Company Gatewa of Tall CURRENT PERIOD I-Apr-26 to 31-Mar-27 NAME OF COMPANY FinCom Spike Co Unity Y: Data Z: Exchange CURRENT OATE Wednesday, I-Apr-2026 O: Import E: Export M: E-mail p: pnnt x Fl: Help Date Company Gateway of Tally MASTERS Create Alter CHart of Accounts TRANSACTIONS Vouchers Day 800K UTILITIES BaNking REPORTS Balance Sheet Profit & Loss A/c Stock Summary Ratio Analysis Display More Reports Quit o ng for 42257 o run 74+—2 Oc7f- acep 511d- Oc7f- acep .337. ning 16447 ng jo id" : " -01"} 511d- Mode Q 31-Mar-27 Search Windows Server 2025 Datacenter Bui...
[keys] 'c'
[shot] tds-002-create-TDSNatureofPayments (1024x768)
[08:17:26] [tds] screen tds-002-create-TDSNatureofPayments : x TallyPrime MANAGE EDU Unity Quit K: Company Y: Data Z: Exchange FinCom • ke Co Master Creation List of Masters Accounting Masters Group Ledger Cost Centre Currency Voucher Type Inventory Masters Stock Group Stock Category Stock Item Unit Location Payroll Masters Employee Group Employee Units (Work) Attendance/Production Type Pay Heads Payroll Voucher Type Statutory Masters GST Registration GST Classification TDS Nature of Payments Statutory Details Company GST Details O: Import Change Company Show More E: Export M: E-mail p: pnnt Fl: Help x o ng for 42257 o run 74+—2 Oc7f- acep 511d- Oc7f- a...
[keys] '{BACKSPACE}{BACKSPACE}{BACKSPACE}{BACKSPACE}{BACKSPACE}{BACKSPACE}{BACKSPACE}{BACKSPACE}{BACKSPACE}{BACKSPACE}{BACKSPACE}{BACKSPACE}{BACKSPACE}{BACKSPACE}{BACKSPACE}{BACKSPACE}{BACKSPACE}{BACKSPACE}{BACKSPACE}{BACKSPACE}{BACKSPACE}{BACKSPACE}{BACKSPACE}{BACKSPACE}{BACKSPACE}{BACKSPACE}{BACKSPACE}{BACKSPACE}{BACKSPACE}{BACKSPACE}'
[keys] 'TDS Nature of Payments'
[shot] tds-003-typed-TDSNatureofPayments (1024x768)
[08:17:30] [tds] screen tds-003-typed-TDSNatureofPayments : TallyPrime MANAGE {1' EDU 5: Company Unity Quit Y: Data Z: Exchange FinCom • ke Co Master Creation TDS Nature of Pa ments List of Masters Statutory Masters TDS Nature of Payments Q Search O: Import Change Company Show More E: Export M: E-mail p: pnnt x Fl: Help o ng for 42257 o run 74+—2 Oc7f- acep 511d- Oc7f- acep .337. ning 16447 ng jo id" : " -01"} 511d- Mode Windows Server 2025 Datacenter Build 26100.ge_release240331-1435 8:17 AM 10/8/2026
[keys] '{ENTER}'
[shot] tds-004-form-TDSNatureofPayments (1024x768)
[08:17:34] [tds] screen tds-004-form-TDSNatureofPayments : TallyPrime MANAGE {1' EDU K: Company Y: Data TDS Nature of Pa Creation Name Section Payment code Remittance code Rate for individuals/HUF With PAN Rate for other deductee types With PAN Is zero rated Threshold/exemption limit Unity Quit Z: Exchange 0% 0% Accept Q Search O: Import E: Export M: E-mail FinCom • ke Co p: pnnt x x Fl: Help F2: period Company FIO: Other Masters p: Delete More Details Helper Configure o ng for 42257 o run 74+—2 Oc7f- acep 511d- Oc7f- acep .337. ning 16447 ng jo id" : " -01"} 511d- Mode Windows Server 2025 Datacenter Build 26100.ge_release240331-1435 8:17 AM 10/8/2026
[keys] 'PD Contract Work{ENTER}'
[shot] tds-005-nat-name (1024x768)
[08:17:37] [tds] screen tds-005-nat-name : TallyPrime MANAGE {1' EDU K: Company Y: Data Z: Exchange O: Import E: Export M: E-mail FinCom • ke Co p: pnnt x TDS Nature of Pa Name Section Payment code Creation PD Contract Work x Fl: Help F2: period Company Remittance code Rate for individuals/HUF With PAN Rate for other deductee types With PAN Is zero rated Threshold/exemption limit Quit 0% 0% Accept Q Search FIO: Other Masters Unity p: Delete More Details Helper Configure o ng for 42257 o run 74+—2 Oc7f- acep 511d- Oc7f- acep .337. ning 16447 ng jo id" : " -01"} 511d- Mode Windows Server 2025 Datacenter Build 26100.ge_release240331-1435 ...
[keys] '194C{ENTER}'
[shot] tds-006-nat-section (1024x768)
[08:17:39] [tds] screen tds-006-nat-section : TallyPrime MANAGE {1' EDU K: Company Y: Data Z: Exchange O: Import E: Export M: E-mail FinCom • ke Co p: pnnt x TDS Nature of Pa Name Section Payment code Creation PD Contract Work x Fl: Help F2: period Company Remittance code Rate for individuals/HUF With PAN Rate for other deductee types With PAN Is zero rated Threshold/exemption limit Quit 194C 0% 0% Accept Q Search FIO: Other Masters Unity p: Delete More Details Helper Configure o ng for 42257 o run 74+—2 Oc7f- acep 511d- Oc7f- acep .337. ning 16447 ng jo id" : " -01"} 511d- Mode Windows Server 2025 Datacenter Build 26100.ge_release240331-...
[keys] '94C{ENTER}'
[shot] tds-007-nat-paycode (1024x768)
[08:17:42] [tds] screen tds-007-nat-paycode : TallyPrime MANAGE {1' EDU K: Company Y: Data Z: Exchange O: Import E: Export M: E-mail FinCom • ke Co p: pnnt x TDS Nature of Pa Name Section Payment code Creation PD Contract Work x Fl: Help F2: period Company Remittance code Rate for individuals/HUF With PAN Rate for other deductee types With PAN Is zero rated Threshold/exemption limit Quit 194C 94C 0% 0% Accept Q Search FIO: Other Masters Unity p: Delete More Details Helper Configure o ng for 42257 o run 74+—2 Oc7f- acep 511d- Oc7f- acep .337. ning 16447 ng jo id" : " -01"} 511d- Mode Windows Server 2025 Datacenter Build 26100.ge_release240...
[keys] '{ENTER}'
[shot] tds-008-nat-remit (1024x768)
[08:17:45] [tds] screen tds-008-nat-remit : TallyPrime MANAGE {1' EDU K: Company Y: Data Z: Exchange O: Import E: Export M: E-mail FinCom • ke Co p: pnnt x TDS Nature of Pa Name Section Payment code Creation PD Contract Work x Fl: Help F2: period Company Remittance code Rate for individuals/HUF With PAN Rate for other deductee types With PAN Is zero rated Threshold/exemption limit Quit 194C 94C 0% 0% Accept Q Search FIO: Other Masters Unity p: Delete More Details Helper Configure o ng for 42257 o run 74+—2 Oc7f- acep 511d- Oc7f- acep .337. ning 16447 ng jo id" : " -01"} 511d- Mode Windows Server 2025 Datacenter Build 26100.ge_release240...
[keys] '1{ENTER}'
[shot] tds-009-nat-rate-ind (1024x768)
[08:17:48] [tds] screen tds-009-nat-rate-ind : TallyPrime MANAGE {1' EDU K: Company Y: Data Z: Exchange O: Import E: Export M: E-mail FinCom • ke Co p: pnnt x TDS Nature of Pa Name Section Payment code Creation PD Contract Work x Fl: Help F2: period Company Remittance code Rate for individuals/HUF With PAN Rate for other deductee types With PAN Threshold/exemption limit Quit 194C 94C 1% Accept Q Search FIO: Other Masters Unity p: Delete More Details Helper Configure o ng for 42257 o run 74+—2 Oc7f- acep 511d- Oc7f- acep .337. ning 16447 ng jo id" : " -01"} 511d- Mode Windows Server 2025 Datacenter Build 26100.ge_release240331-1435 8:17 AM ...
[keys] '2{ENTER}'
[shot] tds-010-nat-rate-oth (1024x768)
[08:17:50] [tds] screen tds-010-nat-rate-oth : TallyPrime MANAGE {1' EDU K: Company Y: Data Z: Exchange O: Import E: Export M: E-mail FinCom • ke Co p: pnnt x TDS Nature of Pa Name Section Payment code Creation PD Contract Work x Fl: Help F2: period Company Remittance code Rate for individuals/HUF With PAN Rate for other deductee types With PAN Threshold/exemption limit Quit 194C 94C 1% 2% Accept Q Search FIO: Other Masters Unity p: Delete More Details Helper Configure o ng for 42257 o run 74+—2 Oc7f- acep 511d- Oc7f- acep .337. ning 16447 ng jo id" : " -01"} 511d- Mode Windows Server 2025 Datacenter Build 26100.ge_release240331-1435 8:17 ...
[keys] '{ENTER}'
[shot] tds-011-nat-zero (1024x768)
[08:17:53] [tds] screen tds-011-nat-zero : x TallyPrime MANAGE {1' EDU K: Company Y: Data Z: Exchange O: Import E: Export M: E-mail FinCom p: print x TDS Nature of Pa Name Section Payment code Creation PD Contract Work Fl: Help F2: period F3: Company Remittance code Rate for individuals/HUF With PAN Rate for other deductee types With PAN Threshold/exemption limit Q: Quit 194C 94C 1% 2% A: Accept Q Search Accept Q Yes or No FIO : Other o ng for 42257 o run 74+—2 Oc7f- acep 511d- Oc7f- acep Masters .337. l: More Details H: Helper ning 16447 ng jo id" : " -01"} 511d- Unity p: Delete F 12: Configure Mode Windows Server 2025 Datacenter Buil...
[keys] '{ENTER}'
[shot] tds-012-nat-threshold (1024x768)
[08:17:57] [tds] screen tds-012-nat-threshold : TallyPrime MANAGE {1' EDU K: Company Y: Data TDS Nature of Pa Creation Name Section Payment code Remittance code Rate for individuals/HUF With PAN Rate for other deductee types With PAN Is zero rated Threshold/exemption limit Unity Quit Z: Exchange 0% 0% Accept Q Search O: Import E: Export M: E-mail FinCom • ke Co p: pnnt x x Fl: Help F2: period Company FIO: Other Masters p: Delete More Details Helper Configure o ng for 42257 o run 74+—2 Oc7f- acep 511d- Oc7f- acep .337. ning 16447 ng jo id" : " -01"} 511d- Mode Windows Server 2025 Datacenter Build 26100.ge_release240331-1435 8:17 AM 10/8/2026
[keys] '^a'
[shot] tds-013-nat-accept (1024x768)
[08:18:00] [tds] screen tds-013-nat-accept : TallyPrime MANAGE {1' EDU K: Company Y: Data TDS Nature of Pa Creation Name Section Payment code Remittance code Rate for individuals/HUF With PAN Rate for other deductee types With PAN Is zero rated Threshold/exemption limit Unity Quit Z: Exchange 0% 0% Accept Q Search O: Import E: Export M: E-mail FinCom • ke Co p: pnnt x x Fl: Help F2: period Company FIO: Other Masters p: Delete More Details Helper Configure o ng for 42257 o run 74+—2 Oc7f- acep 511d- Oc7f- acep .337. ning 16447 ng jo id" : " -01"} 511d- Mode Windows Server 2025 Datacenter Build 26100.ge_release240331-1435 8:18 AM 10/8/2026
[keys] '{ESC}'
[shot] tds-014-nat-esc1 (1024x768)
[08:18:04] [tds] screen tds-014-nat-esc1 : x TallyPrime MANAGE {1' EDU K: Company Y: Data TDS Nature of Pa Creation Name Section Payment code Remittance code Rate for individuals/HUF With PAN Rate for other deductee types With PAN Is zero rated Threshold/exemption limit Unity Q: Quit Z: Exchange 0% 0% A: Accept Q Search O: Import E: Export M: E-mail FinCom p: print x Fl: Help F2: period F3: Company Quit o Yes or No FIO : Other o ng for 42257 o run 74+—2 Oc7f- acep 511d- Oc7f- acep Masters .337. l: More Details H: Helper ning 16447 ng jo id" : " -01"} 511d- p: Delete F 12: Configure Mode Windows Server 2025 Datacenter Build 26100.ge_rel...
[keys] '{ESC}'
[shot] tds-015-nat-esc2 (1024x768)
[08:18:07] [tds] screen tds-015-nat-esc2 : x TallyPrime MANAGE EDU Unity Quit K: Company Y: Data Z: Exchange FinCom • ke Co Master Creation List of Masters Accounting Masters Group Ledger Cost Centre Currency Voucher Type Inventory Masters Stock Group Stock Category Stock Item Unit Location Payroll Masters Employee Group Employee Units (Work) Attendance/Production Type Pay Heads Payroll Voucher Type Statutory Masters GST Registration GST Classification TDS Nature of Payments Statutory Details Company GST Details O: Import Change Company Show More E: Export M: E-mail p: pnnt Fl: Help x o ng for 42257 o run 74+—2 Oc7f- acep 511d- Oc7f- a...
[08:18:07] [tds] nature 'PD Contract Work' in Tally's export (TDSRate): True
[shot] tds-016-gw0 (1024x768)
[08:18:08] [tds] screen tds-016-gw0 : x TallyPrime MANAGE EDU Unity Quit K: Company Y: Data Z: Exchange FinCom • ke Co Master Creation List of Masters Accounting Masters Group Ledger Cost Centre Currency Voucher Type Inventory Masters Stock Group Stock Category Stock Item Unit Location Payroll Masters Employee Group Employee Units (Work) Attendance/Production Type Pay Heads Payroll Voucher Type Statutory Masters GST Registration GST Classification TDS Nature of Payments Statutory Details Company GST Details O: Import Change Company Show More E: Export M: E-mail p: pnnt Fl: Help x o ng for 42257 o run 74+—2 Oc7f- acep 511d- Oc7f- a...
[keys] '{ESC}'
[shot] tds-017-gw1 (1024x768)
[08:18:11] [tds] screen tds-017-gw1 : TallyPrime MANAGE {1' EDU 5: Company Gatewa of Tall CURRENT PERIOD I-Apr-26 to 31-Mar-27 NAME OF COMPANY FinCom Spike Co Unity Y: Data Z: Exchange CURRENT OATE Wednesday, I-Apr-2026 O: Import E: Export M: E-mail p: pnnt x Fl: Help Date Company Gateway of Tally MASTERS Create Alter CHart of Accounts TRANSACTIONS Vouchers Day 800K UTILITIES BaNking REPORTS Balance Sheet Profit & Loss A/c Stock Summary Ratio Analysis Display More Reports Quit o ng for 42257 o run 74+—2 Oc7f- acep 511d- Oc7f- acep .337. ning 16447 ng jo id" : " -01"} 511d- Mode Q 31-Mar-27 Search Windows Server 2025 Datacenter Bui...
[08:18:11.654] tds: nature 'PD Contract Work' as a TDS Rate in Tally: True
[08:18:11.675] import tds: party, expense, TDS ledger: 3 sent, created 3, errors 0, 17.2 ms
[08:18:11.730] import extra creditnote: 1 sent, created 1, errors 0, 36.1 ms
[08:18:11.772] import extra creditnote-items: 1 sent, created 1, errors 0, 40.4 ms
[08:18:11.804] import extra debitnote: 1 sent, created 1, errors 0, 30.8 ms
[08:18:11.836] import extra journal-cc: 1 sent, created 1, errors 0, 30.9 ms
[08:18:11.857] import extra bank-payment: 1 sent, created 1, errors 0, 19.8 ms
[08:18:11.883] import extra bank-payment-cheque: 1 sent, created 1, errors 0, 24.8 ms
[08:18:11.926] import extra voucher-mode-items: 1 sent, created 1, errors 0, 41.9 ms
[08:18:11.942] import extra voucher-mode-items-nog: 1 sent, created 0, errors 1, 14.2 ms; Tally: Godown &apos;&apos; does not exist!
[08:18:11.965] import extra deleted: 1 sent, created 1, errors 0, 21 ms
[08:18:12.879] import invoice BIG200-1: 1 sent, created 1, errors 0, 779.3 ms
[08:18:15.427] import invoice BIG500-1: 1 sent, created 1, errors 0, 1938.9 ms
[08:18:15.428] made: creditnote 1; creditnote-items 1; debitnote 1; journal-cc 1; bank-payment 1; bank-payment-cheque 1; voucher-mode-items 1; voucher-mode-items-nog 0; deleted 1; BIG200-1 1; BIG500-1 1
[08:18:15.512] import delete DEL-1 (<VOUCHER DATE="20261101" TAGNAME="Voucher Number" TAGVALUE="3" VCHTYPE="Journal" ACTION="Delete">): 1 sent, created 0, errors 0, 32.3 ms
[08:18:15.581] deleted DEL-1 (MasterID 20): still in Tally False
[08:18:21.590] tally.ini: Data D:\a\_temp\TallyData; TDL: none
[keys] 'a'
[keys] 't'
[shot] p-l-tds-started (1024x768)
[08:18:49.571] Tally started (l-tds) in 28 s; company open: True
[08:18:51.597] proxy 127.0.0.2:9000 -> Tally: True (<RESPONSE>TallyPrime Server is Running</RESPONSE> )
[shot] tds-018-gw0 (1024x768)
[08:18:52] [tds] screen tds-018-gw0 : TallyPrime MANAGE {1' EDU 5: Company Gatewa of Tall CURRENT PERIOD I-Apr-26 to 31-Mar-27 NAME OF COMPANY FinCom Spike Co Unity Y: Data Z: Exchange CURRENT OATE Wednesday, 31-Mar-2027 O: Import E: Export M: E-mail p: pnnt x Fl: Help Date Company Gateway of Tally MASTERS Create Alter CHart of Accounts TRANSACTIONS Vouchers Day 800K UTILITIES BaNking REPORTS Balance Sheet Profit & Loss A/c Stock Summary Ratio Analysis Display More Reports Quit o ng for 42257 o run 74+—2 Oc7f- acep 511d- Oc7f- acep .337. ning 16447 ng jo id" : " -01"} 511d- Mode Q 31-Mar-27 Search Windows Server 2025 Datacenter Bu...
[keys] 'v'
[shot] tds-019-s5-vouchers (1024x768)
[08:18:56] [tds] screen tds-019-s5-vouchers : x TallyPrime MANAGE {1' EDU 5: Company Accounting Voucher Creation Pa ment Account Current balance: Particulars Narration: Unity Quit Y: Data Z: Exchange A Accept Q Search O: Import E: Export M: E-mail FinCom • ke Co p: print 31-Mar-27 Wednesday Amount D: Delete x: Cancel Vch Fl: Help Q: Date Company Ed: Contra F-5: Payment Receipt Journal Sales Purchase Fl O: OåuVooctgs E: Autofill Change Mode More Details O: Related ¯ Repons Optional post -Dated J: Stat Adjustment El 2: Configure o ng for 42257 o run 74+—2 Oc7f- acep 511d- Oc7f- acep .337. ning 16447 ng jo id" : " -01"} 511d- Mode Windows Se...
[keys] '{F7}'
[shot] tds-020-s5-journal (1024x768)
[08:19:00] [tds] screen tds-020-s5-journal : x TallyPrime MANAGE {1' EDU K: Company Y: Data Z: Exchange A Accept Q Search FinCom • ke Co O: Import E: Export List of Led er Accounts output CGST output SGST PD Basic PD Contract Exp PD HRA PD salary Payable PD Supplier PD TDS Contractor PD TDS Payable Profit & Loss A/c Purchase Sales Spike Income Spike Party Spike Party 2 Template Party Ul Party M: E-mail Accounting Voucher Creation Journal No. 4 Particulars By Narration: Quit p: pnnt x Create Show More Unity D: Delete Cancel Vch Fl: Help Q: Date Company Ed: Contra Payment Receipt F-7: Journal Sales Purchase Fl O: OåuVooctgs E: Autofill H: ...
[keys] '{F2}'
[shot] tds-021-s5-date-box (1024x768)
[08:19:02] [tds] screen tds-021-s5-date-box : TallyPrime MANAGE {1' EDU 5: Company • Change Voucher Date Unity Quit Y: Data Z: Exchange A Accept Q Search O: Import E: Export M: E-mail p: pnnt x Fl: Help FinCom Spike Co Voucher Date 04-2027 o ng for 42257 o run 74+—2 Oc7f- acep 511d- Oc7f- acep .337. ning 16447 ng jo id" : " -01"} 511d- Mode Windows Server 2025 Datacenter Build 26100.ge_release240331-1435 8:19 AM 10/8/2026
[keys] '2-11-2026{ENTER}'
[shot] tds-022-s5-date-set (1024x768)
[08:19:06] [tds] screen tds-022-s5-date-set : x TallyPrime MANAGE {1' EDU K: Company Y: Data Z: Exchange A Accept Q Search FinCom • ke Co O: Import E: Export List of Led er Accounts output CGST output SGST PD Basic PD Contract Exp PD HRA PD salary Payable PD Supplier PD TDS Contractor PD TDS Payable Profit & Loss A/c Purchase Sales Spike Income Spike Party Spike Party 2 Template Party Ul Party M: E-mail Accounting Voucher Creation Journal No. 4 Particulars By Narration: Quit p: pnnt x Create Show More Unity D: Delete Cancel Vch Fl: Help Q: Date Company Ed: Contra Payment Receipt F-7: Journal Sales Purchase Fl O: OåuVooctgs E: Autofill H: ...
[keys] 'PD Contract Exp{ENTER}'
[shot] tds-023-s5-r1-ledger (1024x768)
[08:19:09] [tds] screen tds-023-s5-r1-ledger : x TallyPrime MANAGE {1' EDU K: Company Accounting Voucher Creation Journal No. 4 Y: Data Z: Exchange A Accept Q Search O: Import E: Export FinCom • ke Co M: E-mail Debit p: print x 2-Nov-26 Monday Credit By By Particulars PD Contract Exp Cur Bal: Unity Narration: Quit D: Delete x: Cancel Vch Fl: Help Q: Date Company Ed: Contra Payment Receipt F-7: Journal Sales Purchase Fl O: OåuVooctgs E: Autofill H: Change = Mode More Details o: Related Reports Optional post -Dated J: Stat Adjustment El 2: Configure o ng for 42257 o run 74+—2 Oc7f- acep 511d- Oc7f- acep .337. ning 16447 ng jo id" : " -01"} 5...
[keys] '100000{ENTER}'
[shot] tds-024-s5-r1-amount (1024x768)
[08:19:12] [tds] screen tds-024-s5-r1-amount : x TallyPrime MANAGE {1' EDU 5: Company Accounting Voucher Creation Journal No. 4 Y: Data Z: Exchange A Accept Q Search O: Import E: Export M: E-mail FinCom • ke Co p: print x 2-Nov-26 Monday Credit By Particulars PD Contract Exp CurBa1: Dr Debit 1,00 00000 1,00 00000 Narration: Unity Quit D: Delete x: Cancel Vch Fl: Help Q: Date Company Ed: Contra Payment Receipt F-7: Journal Sales Purchase Fl O: OåuVooctgs E: Autofill H: Change = Mode More Details o: Related Reports Optional post -Dated J: Stat Adjustment El 2: Configure o ng for 42257 o run 74+—2 Oc7f- acep 511d- Oc7f- acep .337. ning 16447 ...
[shot] tds-025-s5-r1-after1 (1024x768)
[08:19:13] [tds] screen tds-025-s5-r1-after1 : x TallyPrime MANAGE {1' EDU 5: Company Accounting Voucher Creation Journal No. 4 Y: Data Z: Exchange A Accept Q Search O: Import E: Export M: E-mail FinCom • ke Co p: print x 2-Nov-26 Monday Credit By Particulars PD Contract Exp CurBa1: Dr Debit 1,00 00000 1,00 00000 Narration: Unity Quit D: Delete x: Cancel Vch Fl: Help Q: Date Company Ed: Contra Payment Receipt F-7: Journal Sales Purchase Fl O: OåuVooctgs E: Autofill H: Change = Mode More Details o: Related Reports Optional post -Dated J: Stat Adjustment El 2: Configure o ng for 42257 o run 74+—2 Oc7f- acep 511d- Oc7f- acep .337. ning 16447 ...
[keys] 't{ENTER}'
[shot] tds-026-s5-r2-to (1024x768)
[08:19:16] [tds] screen tds-026-s5-r2-to : x TallyPrime MANAGE {1' EDU K: Company Accounting Voucher Creation Journal No. 4 Y: Data Z: Exchange A Accept Q Search FinCom • ke Co O: Import E: Export List of Led er Accounts output CGST output SGST PD Basic PD Contract Exp PD HRA PD salary Payable PD Supplier PD TDS Contractor PD TDS Payable Profit & Loss A/c Purchase Sales Spike Income Spike Party Spike Party 2 Template Party Ul Party M: E-mail p: pnnt x Create Show More By Particulars PD Contract Exp CurBa1: Dr Fl: Help Q: Date Company Ed: Contra Payment Receipt F-7: Journal Sales Purchase Fl O: OåuVooctgs E: Autofill H: Change = Mode Mo...
[keys] 'PD TDS Payable{ENTER}'
[shot] tds-027-s5-r2-ledger (1024x768)
[08:19:20] [tds] screen tds-027-s5-r2-ledger : x TallyPrime MANAGE {1' EDU K: Company Accounting Voucher Creation Journal No. 4 Y: Data Z: Exchange A Accept Q Search O: Import E: Export M: E-mail FinCom • ke Co By Particulars PD Contract Exp Debit 1,00 00000 CurBa1: Dr To PD TDS Payable CurBal: Cr Narration: Quit p: print x 2-Nov-26 Monday Credit 1,00 00000 1,00 00000 Unity D: Delete x: Cancel Vch Fl: Help Q: Date Company Ed: Contra Payment Receipt F-7: Journal Sales Purchase Fl O: OåuVooctgs E: Autofill H: Change = Mode More Details o: Related Reports Optional post -Dated J: Stat Adjustment El 2: Configure o ng for 42257 o run 74+—2 Oc7f-...
[shot] tds-028-s5-r2-sub1 (1024x768)
[08:19:21] [tds] screen tds-028-s5-r2-sub1 : x TallyPrime MANAGE {1' EDU K: Company Accounting Voucher Creation Journal No. 4 Y: Data Z: Exchange A Accept Q Search O: Import E: Export M: E-mail FinCom • ke Co By Particulars PD Contract Exp Debit 1,00 00000 CurBa1: Dr To PD TDS Payable CurBal: Cr Narration: Quit p: print x 2-Nov-26 Monday Credit 1,00 00000 1,00 00000 Unity D: Delete x: Cancel Vch Fl: Help Q: Date Company Ed: Contra Payment Receipt F-7: Journal Sales Purchase Fl O: OåuVooctgs E: Autofill H: Change = Mode More Details o: Related Reports Optional post -Dated J: Stat Adjustment El 2: Configure o ng for 42257 o run 74+—2 Oc7f-...
[shot] tds-029-s5-r2-amount-shown (1024x768)
[08:19:22] [tds] screen tds-029-s5-r2-amount-shown : x TallyPrime MANAGE {1' EDU K: Company Accounting Voucher Creation Journal No. 4 Y: Data Z: Exchange A Accept Q Search O: Import E: Export M: E-mail FinCom • ke Co By Particulars PD Contract Exp Debit 1,00 00000 CurBa1: Dr To PD TDS Payable CurBal: Cr Narration: Quit p: print x 2-Nov-26 Monday Credit 1,00 00000 Unity D: Delete x: Cancel Vch Fl: Help Q: Date Company Ed: Contra Payment Receipt F-7: Journal Sales Purchase Fl O: OåuVooctgs E: Autofill H: Change = Mode More Details o: Related Reports Optional post -Dated J: Stat Adjustment El 2: Configure o ng for 42257 o run 74+—2 Oc7f- acep 511d-...
[keys] '2000{ENTER}'
[shot] tds-030-s5-r2-amount-typed (1024x768)
[08:19:25] [tds] screen tds-030-s5-r2-amount-typed : x TallyPrime MANAGE {1' EDU K: Company Accounting Voucher Creation Journal No. 4 Y: Data Z: Exchange A Accept Q Search O: Import E: Export M: E-mail FinCom • ke Co By Particulars PD Contract Exp CurBa1: Dr PD TDS Payable CurBal: 2,000.00 Cr Debit 1,00 00000 1,00 00000 p: print x 2-Nov-26 Monday Credit 2,000.00 2,000.00 Unity Narration: Quit D: Delete x: Cancel Vch Fl: Help Q: Date Company Ed: Contra Payment Receipt F-7: Journal Sales Purchase Fl O: OåuVooctgs E: Autofill H: Change = Mode More Details o: Related Reports Optional post -Dated J: Stat Adjustment El 2: Configure o ng for 42257 o ru...
[shot] tds-031-s5-r2-after1 (1024x768)
[08:19:26] [tds] screen tds-031-s5-r2-after1 : x TallyPrime MANAGE {1' EDU K: Company Accounting Voucher Creation Journal No. 4 Y: Data Z: Exchange A Accept Q Search O: Import E: Export M: E-mail FinCom • ke Co By Particulars PD Contract Exp CurBa1: Dr PD TDS Payable CurBal: 2,000.00 Cr Debit 1,00 00000 1,00 00000 p: print x 2-Nov-26 Monday Credit 2,000.00 2,000.00 Unity Narration: Quit D: Delete x: Cancel Vch Fl: Help Q: Date Company Ed: Contra Payment Receipt F-7: Journal Sales Purchase Fl O: OåuVooctgs E: Autofill H: Change = Mode More Details o: Related Reports Optional post -Dated J: Stat Adjustment El 2: Configure o ng for 42257 o ru...
[keys] 't{ENTER}'
[shot] tds-032-s5-r3-to (1024x768)
[08:19:29] [tds] screen tds-032-s5-r3-to : x TallyPrime MANAGE {1' EDU K: Company Accounting Voucher Creation Journal No. 4 Y: Data Z: Exchange A Accept Q Search FinCom • ke Co O: Import E: Export List of Led er Accounts output CGST output SGST PD Basic PD Contract Exp PD HRA PD salary Payable PD Supplier PD TDS Contractor PD TDS Payable Profit & Loss A/c Purchase Sales Spike Income Spike Party Spike Party 2 Template Party Ul Party M: E-mail p: pnnt x Create Show More By Particulars PD Contract Exp CurBa1: Dr PD TDS Payable CurBa1: 2,000.00 Cr Unity Narration: Quit D: Delete Cancel Vch Fl: Help Q: Date Company Ed: Contra Payment Receip...
[keys] 'PD TDS Contractor{ENTER}'
[shot] tds-033-s5-r3-ledger (1024x768)
[08:19:33] [tds] screen tds-033-s5-r3-ledger : x TallyPrime MANAGE {1' EDU K: Company Accounting Voucher Creation Journal No. 4 Y: Data Z: Exchange A Accept Q Search O: Import E: Export M: E-mail FinCom • ke Co By Particulars PD Contract Exp CurBa1: Dr PD TDS Payable CurBal: 2,000.00 Cr PD TDS Contractor CurBa1: Cr Debit 1,00 00000 p: print x 2-Nov-26 Monday Credit 2,000.00 1,00 00000 Unity Narration: Quit D: Delete x: Cancel Vch Fl: Help Q: Date Company Ed: Contra Payment Receipt F-7: Journal Sales Purchase Fl O: OåuVooctgs E: Autofill H: Change = Mode More Details o: Related Reports Optional post -Dated J: Stat Adjustment El 2: Configure...
[shot] tds-034-s5-r3-amount-shown (1024x768)
[08:19:34] [tds] screen tds-034-s5-r3-amount-shown : x TallyPrime MANAGE {1' EDU K: Company Accounting Voucher Creation Journal No. 4 Y: Data Z: Exchange A Accept Q Search O: Import E: Export M: E-mail FinCom • ke Co By Particulars PD Contract Exp CurBa1: Dr PD TDS Payable CurBal: 2,000.00 Cr PD TDS Contractor CurBa1: Cr Debit 1,00 00000 p: print x 2-Nov-26 Monday Credit 2,000.00 1,00 00000 Unity Narration: Quit D: Delete x: Cancel Vch Fl: Help Q: Date Company Ed: Contra Payment Receipt F-7: Journal Sales Purchase Fl O: OåuVooctgs E: Autofill H: Change = Mode More Details o: Related Reports Optional post -Dated J: Stat Adjustment El 2: Configure...
[keys] '98000{ENTER}'
[shot] tds-035-s5-r3-amount-typed (1024x768)
[08:19:37] [tds] screen tds-035-s5-r3-amount-typed : x TallyPrime MANAGE {1' EDU K: Company Accounting Voucher Creation Journal No. 4 Y: Data Z: Exchange Accept Q Search O: Import E: Export M: E-mail FinCom • ke Co By Particulars PD Contract Exp CurBa1: Dr PD TDS Payable CurBal: 2,000.00 Cr PD TDS Contractor CurBal: 98,000.00 Cr Debit 1,00 00000 p: print x 2-Nov-26 Monday Credit 2,000.00 98,000.00 1,00 00000 Unity Narration: Quit D: Delete x: Cancel Vch Fl: Help Q: Date Company Ed: Contra Payment Receipt F-7: Journal Sales Purchase Fl O: OåuVooctgs E: Autofill H: Change = Mode More Details o: Related Reports Optional post -Dated J: Stat Adjustme...
[shot] tds-036-s5-r3-after1 (1024x768)
[08:19:38] [tds] screen tds-036-s5-r3-after1 : x TallyPrime MANAGE {1' EDU K: Company Accounting Voucher Creation Journal No. 4 Y: Data Z: Exchange Accept Q Search O: Import E: Export M: E-mail FinCom • ke Co By Particulars PD Contract Exp CurBa1: Dr PD TDS Payable CurBal: 2,000.00 Cr PD TDS Contractor CurBal: 98,000.00 Cr Debit 1,00 00000 p: print x 2-Nov-26 Monday Credit 2,000.00 98,000.00 1,00 00000 Unity Narration: Quit D: Delete x: Cancel Vch Fl: Help Q: Date Company Ed: Contra Payment Receipt F-7: Journal Sales Purchase Fl O: OåuVooctgs E: Autofill H: Change = Mode More Details o: Related Reports Optional post -Dated J: Stat Adjustme...
[shot] tds-037-s5-before-narration (1024x768)
[08:19:39] [tds] screen tds-037-s5-before-narration : x TallyPrime MANAGE {1' EDU K: Company Accounting Voucher Creation Journal No. 4 Y: Data Z: Exchange Accept Q Search O: Import E: Export M: E-mail FinCom • ke Co By Particulars PD Contract Exp CurBa1: Dr PD TDS Payable CurBal: 2,000.00 Cr PD TDS Contractor CurBal: 98,000.00 Cr Debit 1,00 00000 p: print x 2-Nov-26 Monday Credit 2,000.00 98,000.00 1,00 00000 Unity Narration: Quit D: Delete x: Cancel Vch Fl: Help Q: Date Company Ed: Contra Payment Receipt F-7: Journal Sales Purchase Fl O: OåuVooctgs E: Autofill H: Change = Mode More Details o: Related Reports Optional post -Dated J: Stat Adjustme...
[keys] 'fast234l TDS 194C typed on the screen{ENTER}'
[shot] tds-038-s5-narration (1024x768)
[08:19:42] [tds] screen tds-038-s5-narration : TallyPrime MANAGE {1' EDU K: Company Accounting Voucher Creation Journal No. 4 Y: Data Z: Exchange FinCom A: Accept Q Search O: Import E: Export M: E-mail By Particulars PD Contract Exp CurBa1: Dr PD TDS Payable CurBal: 2,000.00 Cr PD TDS Contractor CurBal: 98,000.00 Cr Debit 1,00 00000 Narration: fast2341 TDS 194C typed on the screen Q: Quit p: print x 2-Nov-26 Monday Credit 2,000.00 98,000.00 Accept Q Yes or No Unity D: Delete X: Cancel Vch x Fl: Help F-2: Date F-3: Company F-4: Contra F-5: Payment F-6: Receipt F-7: Journal F-9: Purchase PIO: E: Autofill H: Change = Mode I: More - Details O:...
[shot] tds-039-s5-accept-q (1024x768)
[08:19:43] [tds] screen tds-039-s5-accept-q : TallyPrime MANAGE {1' EDU K: Company Accounting Voucher Creation Journal No. 4 Y: Data Z: Exchange FinCom A: Accept Q Search O: Import E: Export M: E-mail By Particulars PD Contract Exp CurBa1: Dr PD TDS Payable CurBal: 2,000.00 Cr PD TDS Contractor CurBal: 98,000.00 Cr Debit 1,00 00000 Narration: fast2341 TDS 194C typed on the screen Q: Quit p: print x 2-Nov-26 Monday Credit 2,000.00 98,000.00 Accept Q Yes or No Unity D: Delete X: Cancel Vch x Fl: Help F-2: Date F-3: Company F-4: Contra F-5: Payment F-6: Receipt F-7: Journal F-9: Purchase PIO: E: Autofill H: Change = Mode I: More - Details O:...
[keys] 'y'
[shot] tds-040-s5-accepted (1024x768)
[08:19:48] [tds] screen tds-040-s5-accepted : x TallyPrime MANAGE {1' EDU 5: Company Accounting Voucher Creation Journal Particulars Narration: Unity Quit Y: Data Z: Exchange A Accept Q Search FinCom • ke Co O: Import E: Export List of Led er Accounts output CGST output SGST PD Basic PD Contract Exp PD HRA PD salary Payable PD Supplier PD TDS Contractor PD TDS Payable Profit & Loss A/c Purchase Sales Spike Income Spike Party Spike Party 2 Template Party Ul Party M: E-mail p: pnnt x Create Show More D: Delete Cancel Vch Fl: Help Q: Date Company Ed: Contra Payment Receipt F-7: Journal Sales Purchase Fl O: OåuVooctgs E: Autofill H: Change = ...
[08:19:48.374] TDS: entry saved: MasterID 24 Journal 4; TDS amount typed; OCR read the screens
[keys] '{ESC}'
[keys] '{ESC}'
[08:19:55.202] tally.ini: Data D:\a\_temp\TallyData; TDL: none
[keys] 'a'
[keys] 't'
[shot] p-l-ask-started (1024x768)
[08:20:23.204] Tally started (l-ask) in 28 s; company open: True
[08:20:25.214] proxy 127.0.0.2:9000 -> Tally: True (<RESPONSE>TallyPrime Server is Running</RESPONSE> )
[08:20:25.249] the company holds 23 vouchers:   (), Journal 1 (1), Receipt 1 (4), Sales 1 (2), Sales 2 (3), Credit Note 1 (13), Credit Note 2 (14), Debit Note 1 (15), Journal 2 (16), Payment 1 (17), Payment 2 (18), Sales 4 (19), Sales 5 (21), Sales 6 (22), Journal 4 (24), Payroll 1 (5), Payroll 2 (6), Stock Journal 1 (7), PD Manufacturing Journal MJ-1 (8), Delivery Note 1 (9), Receipt Note 1 (10), Physical Stock 1 (11), Sales 3 (12)
[08:20:25.991] L small sales-4: Sales 4 20261101 MasterID 19: object median 9 worst 9.4; bymaster median 48.3 worst 51.8; bynumber median 54.6 worst 59.5 ms
[08:20:33.049] L small sales-5: Sales 5 20261101 MasterID 21: object median 499.7 worst 509.8; bymaster median 268.7 worst 282.3; bynumber median 266 worst 277 ms
[08:20:50.480] L small sales-6: Sales 6 20261101 MasterID 22: object median 1384.6 worst 1417.8; bymaster median 628.9 worst 634.1; bynumber median 634.5 worst 656.3 ms
[08:20:50.493] L small deleted-mid (20): 1.9 ms, 52 chars, vouchers 0, MasterID in the answer '', type ''; 
[08:20:50.497] L small ledger-mid (210): 2.7 ms, 53 chars, vouchers 0, MasterID in the answer '', type ''; 
[08:20:50.500] L small never-mid (5024): 1.7 ms, 54 chars, vouchers 0, MasterID in the answer '', type ''; 
[08:20:52.469] import heavy masters 0: 600 sent, created 600, errors 0, 1938.1 ms
[08:21:10.098] import vouchers 0-999: 1000 sent, created 1000, errors 0, 17497.6 ms
[08:21:28.295] import vouchers 1000-1999: 1000 sent, created 1000, errors 0, 18099.5 ms
[08:21:46.247] import vouchers 2000-2999: 1000 sent, created 1000, errors 0, 17851.3 ms
[08:22:04.199] import vouchers 3000-3999: 1000 sent, created 1000, errors 0, 17853.3 ms
[08:22:22.335] import vouchers 4000-4999: 1000 sent, created 1000, errors 0, 18041.2 ms
[08:22:40.618] import vouchers 5000-5999: 1000 sent, created 1000, errors 0, 18184.6 ms
[08:22:59.819] import vouchers 6000-6999: 1000 sent, created 1000, errors 0, 19105.1 ms
[08:23:20.062] import vouchers 7000-7999: 1000 sent, created 1000, errors 0, 20138.1 ms
[08:23:39.915] import vouchers 8000-8999: 1000 sent, created 1000, errors 0, 19752 ms
[08:23:59.746] import vouchers 9000-9999: 1000 sent, created 1000, errors 0, 19733.1 ms
[08:24:18.707] import vouchers 10000-10999: 1000 sent, created 1000, errors 0, 18858.8 ms
[08:24:37.437] import vouchers 11000-11999: 1000 sent, created 1000, errors 0, 18635.3 ms
[08:24:56.095] import vouchers 12000-12999: 1000 sent, created 1000, errors 0, 18557.4 ms
[08:25:14.592] import vouchers 13000-13999: 1000 sent, created 1000, errors 0, 18399.9 ms
[08:25:33.378] import vouchers 14000-14999: 1000 sent, created 1000, errors 0, 18648.2 ms
[08:25:52.183] import vouchers 15000-15999: 1000 sent, created 1000, errors 0, 18681.3 ms
[08:26:10.870] import vouchers 16000-16999: 1000 sent, created 1000, errors 0, 18584.8 ms
[08:26:29.796] import vouchers 17000-17999: 1000 sent, created 1000, errors 0, 18826.8 ms
[08:26:48.627] import vouchers 18000-18999: 1000 sent, created 1000, errors 0, 18717.5 ms
[08:27:07.193] import vouchers 19000-19999: 1000 sent, created 1000, errors 0, 18466.5 ms
[08:27:25.730] import vouchers 20000-20999: 1000 sent, created 1000, errors 0, 18438.1 ms
[08:27:44.098] import vouchers 21000-21999: 1000 sent, created 1000, errors 0, 18270.5 ms
[08:28:02.611] import vouchers 22000-22999: 1000 sent, created 1000, errors 0, 18415.2 ms
[08:28:21.027] import vouchers 23000-23999: 1000 sent, created 1000, errors 0, 18319.7 ms
[08:28:39.390] import vouchers 24000-24999: 1000 sent, created 1000, errors 0, 18265.8 ms
[08:28:57.657] import vouchers 25000-25999: 1000 sent, created 1000, errors 0, 18168.1 ms
[08:29:16.465] import vouchers 26000-26999: 1000 sent, created 1000, errors 0, 18709.6 ms
[08:29:35.213] import vouchers 27000-27999: 1000 sent, created 1000, errors 0, 18651 ms
[08:29:54.113] import vouchers 28000-28999: 1000 sent, created 1000, errors 0, 18802.1 ms
[08:30:13.098] import vouchers 29000-29999: 1000 sent, created 1000, errors 0, 18884.4 ms
[08:30:31.806] import vouchers 30000-30999: 1000 sent, created 1000, errors 0, 18611.5 ms
[08:30:51.061] import vouchers 31000-31999: 1000 sent, created 1000, errors 0, 19137.9 ms
[08:31:10.659] import vouchers 32000-32999: 1000 sent, created 1000, errors 0, 19500.7 ms
[08:31:30.515] import vouchers 33000-33999: 1000 sent, created 1000, errors 0, 19757 ms
[08:31:49.366] import vouchers 34000-34999: 1000 sent, created 1000, errors 0, 18747.9 ms
[08:32:08.183] import vouchers 35000-35999: 1000 sent, created 1000, errors 0, 18717.3 ms
[08:32:26.654] import vouchers 36000-36999: 1000 sent, created 1000, errors 0, 18375.1 ms
[08:32:44.994] import vouchers 37000-37999: 1000 sent, created 1000, errors 0, 18245.6 ms
[08:33:03.595] import vouchers 38000-38999: 1000 sent, created 1000, errors 0, 18503.9 ms
[08:33:22.039] import vouchers 39000-39999: 1000 sent, created 1000, errors 0, 18346.4 ms
[08:33:40.620] import vouchers 40000-40999: 1000 sent, created 1000, errors 0, 18484.6 ms
[08:33:59.066] import vouchers 41000-41999: 1000 sent, created 1000, errors 0, 18349 ms
[08:34:17.789] import vouchers 42000-42999: 1000 sent, created 1000, errors 0, 18627 ms
[08:34:37.527] import vouchers 43000-43999: 1000 sent, created 1000, errors 0, 19640.7 ms
[08:34:57.397] import vouchers 44000-44999: 1000 sent, created 1000, errors 0, 19771.6 ms
[08:35:17.022] import vouchers 45000-45999: 1000 sent, created 1000, errors 0, 19524 ms
[08:35:36.859] import vouchers 46000-46999: 1000 sent, created 1000, errors 0, 19737.8 ms
[08:35:56.108] import vouchers 47000-47999: 1000 sent, created 1000, errors 0, 19149.1 ms
[08:36:15.803] import vouchers 48000-48999: 1000 sent, created 1000, errors 0, 19596.8 ms
[08:36:35.042] import vouchers 49000-49999: 1000 sent, created 1000, errors 0, 19142.7 ms
[08:36:54.277] import vouchers 50000-50999: 1000 sent, created 1000, errors 0, 19137.6 ms
[08:37:14.209] import vouchers 51000-51999: 1000 sent, created 1000, errors 0, 19833 ms
[08:37:33.387] import vouchers 52000-52999: 1000 sent, created 1000, errors 0, 19080 ms
[08:37:52.607] import vouchers 53000-53999: 1000 sent, created 1000, errors 0, 19123.2 ms
[08:38:11.783] import vouchers 54000-54999: 1000 sent, created 1000, errors 0, 19079 ms
[08:38:30.552] import vouchers 55000-55999: 1000 sent, created 1000, errors 0, 18669.2 ms
[08:38:49.245] import vouchers 56000-56999: 1000 sent, created 1000, errors 0, 18597 ms
[08:39:07.867] import vouchers 57000-57999: 1000 sent, created 1000, errors 0, 18527.1 ms
[08:39:28.083] import vouchers 58000-58999: 1000 sent, created 1000, errors 0, 20120.7 ms
[08:39:49.357] import vouchers 59000-59999: 1000 sent, created 1000, errors 0, 21176.3 ms
[08:40:11.188] import vouchers 60000-60999: 1000 sent, created 1000, errors 0, 21728.6 ms
[08:40:33.120] import vouchers 61000-61999: 1000 sent, created 1000, errors 0, 21832.8 ms
[08:40:55.158] import vouchers 62000-62999: 1000 sent, created 1000, errors 0, 21934.5 ms
[08:41:16.768] import vouchers 63000-63999: 1000 sent, created 1000, errors 0, 21509 ms
[08:41:37.373] import vouchers 64000-64999: 1000 sent, created 1000, errors 0, 20505.5 ms
[08:41:58.330] import vouchers 65000-65999: 1000 sent, created 1000, errors 0, 20859.1 ms
[08:42:18.578] import vouchers 66000-66999: 1000 sent, created 1000, errors 0, 20151.4 ms
[08:42:38.491] import vouchers 67000-67999: 1000 sent, created 1000, errors 0, 19808 ms
[08:42:58.290] import vouchers 68000-68999: 1000 sent, created 1000, errors 0, 19701.4 ms
[08:43:18.580] import vouchers 69000-69999: 1000 sent, created 1000, errors 0, 20193.4 ms
[08:43:38.482] import vouchers 70000-70999: 1000 sent, created 1000, errors 0, 19803.7 ms
[08:43:58.169] import vouchers 71000-71999: 1000 sent, created 1000, errors 0, 19587.9 ms
[08:44:17.080] import vouchers 72000-72999: 1000 sent, created 1000, errors 0, 18814.2 ms
[08:44:36.477] import vouchers 73000-73999: 1000 sent, created 1000, errors 0, 19300 ms
[08:44:55.050] import vouchers 74000-74999: 1000 sent, created 1000, errors 0, 18477.9 ms
[08:45:13.609] import vouchers 75000-75999: 1000 sent, created 1000, errors 0, 18461.8 ms
[08:45:32.183] import vouchers 76000-76999: 1000 sent, created 1000, errors 0, 18477 ms
[08:45:50.881] import vouchers 77000-77999: 1000 sent, created 1000, errors 0, 18602.7 ms
[08:46:09.500] import vouchers 78000-78999: 1000 sent, created 1000, errors 0, 18522.5 ms
[08:46:28.241] import vouchers 79000-79999: 1000 sent, created 1000, errors 0, 18642.3 ms
[08:46:47.038] import vouchers 80000-80999: 1000 sent, created 1000, errors 0, 18700.9 ms
[08:47:06.357] import vouchers 81000-81999: 1000 sent, created 1000, errors 0, 19219.7 ms
[08:47:26.040] import vouchers 82000-82999: 1000 sent, created 1000, errors 0, 19586.9 ms
[08:47:45.578] import vouchers 83000-83999: 1000 sent, created 1000, errors 0, 19442.1 ms
[08:48:05.273] import vouchers 84000-84999: 1000 sent, created 1000, errors 0, 19598.1 ms
[08:48:24.807] import vouchers 85000-85999: 1000 sent, created 1000, errors 0, 19436.6 ms
[08:48:44.198] import vouchers 86000-86999: 1000 sent, created 1000, errors 0, 19291.7 ms
[08:49:03.244] import vouchers 87000-87999: 1000 sent, created 1000, errors 0, 18948.1 ms
[08:49:22.609] import vouchers 88000-88999: 1000 sent, created 1000, errors 0, 19266 ms
[08:49:42.350] import vouchers 89000-89999: 1000 sent, created 1000, errors 0, 19640.3 ms
[08:50:02.632] import vouchers 90000-90999: 1000 sent, created 1000, errors 0, 20185 ms
[08:50:23.053] import vouchers 91000-91999: 1000 sent, created 1000, errors 0, 20322.5 ms
[08:50:42.675] import vouchers 92000-92999: 1000 sent, created 1000, errors 0, 19522.1 ms
[08:51:01.538] import vouchers 93000-93999: 1000 sent, created 1000, errors 0, 18762.1 ms
[08:51:21.036] import vouchers 94000-94999: 1000 sent, created 1000, errors 0, 19404.7 ms
[08:51:40.044] import vouchers 95000-95999: 1000 sent, created 1000, errors 0, 18910.2 ms
[08:51:59.188] import vouchers 96000-96999: 1000 sent, created 1000, errors 0, 19048.7 ms
[08:52:18.523] import vouchers 97000-97999: 1000 sent, created 1000, errors 0, 19236.8 ms
[08:52:37.803] import vouchers 98000-98999: 1000 sent, created 1000, errors 0, 19181.2 ms
[08:52:56.663] import vouchers 99000-99999: 1000 sent, created 1000, errors 0, 18762.9 ms
[08:52:57.771] import invoice BIG200-2 (at 100,000): 1 sent, created 1, errors 0, 979.4 ms
[08:53:00.787] import invoice BIG500-2 (at 100,000): 1 sent, created 1, errors 0, 2369.5 ms
[08:53:04.796] tally.ini: Data D:\a\_temp\TallyData; TDL: none
[keys] 'a'
[keys] 't'
[shot] p-l-100k-started (1024x768)
[08:53:32.813] Tally started (l-100k) in 28 s; company open: True
[08:53:34.822] proxy 127.0.0.2:9000 -> Tally: True (<RESPONSE>TallyPrime Server is Running</RESPONSE> )
[08:54:35.192] grown: 100024 vouchers
[08:57:55.370] L big receipt-1: Receipt 1 20261001 MasterID 4: object median 11 worst 27.1; bymaster median 16484.7 worst 16703.9; bynumber median 17168.2 worst 17209.2 ms
[09:01:26.840] L big sales-1: Sales 1 20261002 MasterID 2: object median 22.9 worst 52; bymaster median 17774.8 worst 18170.8; bynumber median 17578.8 worst 17727.1 ms
[09:04:58.788] L big sales-4: Sales 4 20261101 MasterID 19: object median 9.7 worst 10.9; bymaster median 17451.7 worst 17711.3; bynumber median 18222.3 worst 18360.1 ms
[09:08:37.574] L big sales-5: Sales 5 20261101 MasterID 21: object median 565.5 worst 589.4; bymaster median 17654.2 worst 17772.6; bynumber median 18061.9 worst 18094.6 ms
[09:12:28.241] L big sales-6: Sales 6 20261101 MasterID 22: object median 1538.8 worst 1615.2; bymaster median 18488.3 worst 18586; bynumber median 18120.1 worst 18334.8 ms
[09:16:06.388] L big sales-40007: Sales 40007 20261102 MasterID 100025: object median 561.7 worst 578.2; bymaster median 17758.8 worst 17856.6; bynumber median 17882.4 worst 18051.7 ms
[09:19:55.058] L big sales-40008: Sales 40008 20261102 MasterID 100026: object median 1600.1 worst 1620.2; bymaster median 18225.5 worst 18546.1; bynumber median 17934.1 worst 18190 ms
[09:19:58.063] done (fast234 fast234l)
