[07:42:55.403] push-design on TallyPrime 4.1: reps 5, heavy 3000 ledgers / 3000 items / up to 30000 vouchers (40 min), postings 1
[07:42:56.314] system clock step after timeBeginPeriod(1): 0.403 ms (min 0.0039, max 4.2423)
[07:42:56.329] two files written 2 ms apart: NTFS write times 3.9888 ms apart
[07:42:56.349] light company folder: D:\a\_temp\TallyData\100000
[07:42:59.376] tally.ini: Data D:\a\_temp\TallyData; TDL: none
[keys] 'a'
[keys] 't'
[shot] p-setup-light-started (1024x768)
[07:43:27.517] Tally started (setup-light) in 28.1 s; company open: True
[07:43:27.529] company GUID 2fb1b978-0050-440a-9442-38025294a184
[07:43:29.553] proxy 127.0.0.2:9000 -> Tally: True (<RESPONSE>TallyPrime Server is Running</RESPONSE> )
[07:43:30.789] import light masters: 60 sent, created 59, errors 0, 202.8 ms
[07:43:30.935] import template s5 (all fields): 1 sent, created 1, errors 0, 82 ms
[07:43:31.152] import template s50 (all fields): 1 sent, created 1, errors 0, 212.2 ms
[07:43:31.182] import template rc (all fields): 1 sent, created 1, errors 0, 28.1 ms
[07:43:31.187] templates: s5 all fields; rc all fields; s50 all fields
[07:43:31.231]   template Receipt 1 20261001 mid 4 aid 4 2fb1b978-0050-440a-9442-38025294a184-00000004
[07:43:31.232]   template Sales 1 20261002 mid 2 aid 2 2fb1b978-0050-440a-9442-38025294a184-00000002
[07:43:31.233]   template Sales 2 20261031 mid 3 aid 3 2fb1b978-0050-440a-9442-38025294a184-00000003
[07:43:31.412] company feature fields (by name): ISBATCHWISEON=No, PREVISMULTIGODOWNON=No, PREVISTRACKINGON=No, ISPAYROLLON=No, PREVISSALESORDERSON=No, PREVISPURCORDERSON=No, ISEXCISEMFGRTRADERON=No, ISPAYROLLSTATON=No, ISCOSTTRACKINGON=No, NOTIFYOFEXPIRY=No, ISTRACKVOUCHERSON=No, RESETTRACKEDCHANGES=No
[07:43:31.428] import company features by XML: 1 sent, created 0, errors 0, 12.2 ms
[07:43:31.439] after the XML alter: ISBATCHWISEON=Yes, PREVISMULTIGODOWNON=Yes, PREVISTRACKINGON=Yes, ISPAYROLLON=Yes, PREVISSALESORDERSON=Yes, PREVISPURCORDERSON=Yes, ISEXCISEMFGRTRADERON=No, ISPAYROLLSTATON=No, ISCOSTTRACKINGON=No, NOTIFYOFEXPIRY=No, ISTRACKVOUCHERSON=No, RESETTRACKEDCHANGES=No
[keys] '{F11}'
[shot] p-f11-0 (1024x768)
[keys] '{UP}'
[keys] '{UP}'
[keys] '{UP}'
[shot] p-f11-1-top (1024x768)
[keys] 'y'
[shot] p-f11-2-show-more (1024x768)
[keys] '{DOWN}'
[shot] p-f11-d01 (1024x768)
[keys] '{DOWN}'
[shot] p-f11-d02 (1024x768)
[keys] '{DOWN}'
[shot] p-f11-d03 (1024x768)
[keys] '{DOWN}'
[shot] p-f11-d04 (1024x768)
[keys] '{DOWN}'
[shot] p-f11-d05 (1024x768)
[keys] '{DOWN}'
[shot] p-f11-d06 (1024x768)
[keys] '{DOWN}'
[shot] p-f11-d07 (1024x768)
[keys] '{DOWN}'
[shot] p-f11-d08 (1024x768)
[keys] '{DOWN}'
[shot] p-f11-d09 (1024x768)
[keys] '{DOWN}'
[shot] p-f11-d10 (1024x768)
[keys] '{DOWN}'
[shot] p-f11-d11 (1024x768)
[keys] '{DOWN}'
[shot] p-f11-d12 (1024x768)
[keys] '{DOWN}'
[shot] p-f11-d13 (1024x768)
[keys] '{DOWN}'
[shot] p-f11-d14 (1024x768)
[keys] '{DOWN}'
[shot] p-f11-d15 (1024x768)
[keys] '{DOWN}'
[shot] p-f11-d16 (1024x768)
[keys] '{DOWN}'
[shot] p-f11-d17 (1024x768)
[keys] '{DOWN}'
[shot] p-f11-d18 (1024x768)
[keys] '{DOWN}'
[shot] p-f11-d19 (1024x768)
[keys] '{DOWN}'
[shot] p-f11-d20 (1024x768)
[keys] '{DOWN}'
[shot] p-f11-d21 (1024x768)
[keys] '{DOWN}'
[shot] p-f11-d22 (1024x768)
[keys] '{DOWN}'
[shot] p-f11-d23 (1024x768)
[keys] '{DOWN}'
[shot] p-f11-d24 (1024x768)
[keys] '{DOWN}'
[shot] p-f11-d25 (1024x768)
[keys] '{DOWN}'
[shot] p-f11-d26 (1024x768)
[keys] '{DOWN}'
[shot] p-f11-d27 (1024x768)
[keys] '{DOWN}'
[shot] p-f11-d28 (1024x768)
[keys] '{DOWN}'
[shot] p-f11-d29 (1024x768)
[keys] '{DOWN}'
[shot] p-f11-d30 (1024x768)
[keys] '{DOWN}'
[shot] p-f11-d31 (1024x768)
[keys] '{DOWN}'
[shot] p-f11-d32 (1024x768)
[keys] '{DOWN}'
[shot] p-f11-d33 (1024x768)
[keys] '{DOWN}'
[shot] p-f11-d34 (1024x768)
[keys] '{DOWN}'
[shot] p-f11-d35 (1024x768)
[keys] '{DOWN}'
[shot] p-f11-d36 (1024x768)
[keys] '{DOWN}'
[shot] p-f11-d37 (1024x768)
[keys] '{DOWN}'
[shot] p-f11-d38 (1024x768)
[keys] '{DOWN}'
[shot] p-f11-d39 (1024x768)
[keys] '{DOWN}'
[shot] p-f11-d40 (1024x768)
[keys] '{DOWN}'
[shot] p-f11-d41 (1024x768)
[keys] '{DOWN}'
[shot] p-f11-d42 (1024x768)
[keys] '{DOWN}'
[shot] p-f11-d43 (1024x768)
[keys] '{DOWN}'
[shot] p-f11-d44 (1024x768)
[keys] '{DOWN}'
[shot] p-f11-d45 (1024x768)
[keys] '{DOWN}'
[shot] p-f11-d46 (1024x768)
[keys] '{DOWN}'
[shot] p-f11-d47 (1024x768)
[keys] '{DOWN}'
[shot] p-f11-d48 (1024x768)
[keys] '^a'
[shot] p-f11-accepted (1024x768)
[07:44:55.406] after F11 (show more features only): ISBATCHWISEON=Yes, PREVISMULTIGODOWNON=Yes, PREVISTRACKINGON=Yes, ISPAYROLLON=Yes, PREVISSALESORDERSON=Yes, PREVISPURCORDERSON=Yes, ISEXCISEMFGRTRADERON=No, ISPAYROLLSTATON=No, ISCOSTTRACKINGON=No, NOTIFYOFEXPIRY=No, ISTRACKVOUCHERSON=No, RESETTRACKEDCHANGES=No
[07:44:55.423] voucher types: Attendance, Contra, Credit Note, Debit Note, Delivery Note, Job Work In Order, Job Work Out Order, Journal, Material In, Material Out, Memorandum, Payment, Payroll, Physical Stock, Purchase, Purchase Order, Receipt, Receipt Note, Rejections In, Rejections Out, Reversing Journal, Sales, Sales Order, Stock Journal
[07:44:55.434] voucher type fields: active ISACTIVE; manufacturing ASMFGJRNL
[07:44:55.469] import voucher types active, manufacturing journal: 9 sent, created 1, errors 0, 32 ms
[07:44:56.329] import type masters (godowns, batch items, employees, pay heads, supplier): 258 sent, created 258, errors 0, 840.8 ms
[07:44:56.339] import attendance type: 1 sent, created 0, errors 0, 6.7 ms; Tally: Unit &apos;Days&apos; does not exist!
[07:44:56.347] import attendance type: 1 sent, created 0, errors 0, 6.4 ms; Tally: Unit &apos;Days&apos; does not exist!
[07:44:56.354] import attendance type: 1 sent, created 0, errors 0, 6.2 ms; Tally: Unit &apos;Days&apos; does not exist!
[07:44:56.361] import attendance type: 1 sent, created 0, errors 0, 6.2 ms; Tally: Unit &apos;Days&apos; does not exist!
[07:44:56.368] import attendance type: 1 sent, created 0, errors 0, 5.9 ms; Tally: Unit &apos;Days&apos; does not exist!
[07:44:56.375] import attendance type: 1 sent, created 0, errors 0, 6.2 ms; Tally: Unit &apos;Days&apos; does not exist!
[07:44:56.382] import attendance type: 1 sent, created 0, errors 0, 5.8 ms; Tally: Unit &apos;Days&apos; does not exist!
[07:44:56.389] import attendance type: 1 sent, created 0, errors 0, 6.3 ms; Tally: Unit &apos;Days&apos; does not exist!
[07:44:56.396] import attendance type: 1 sent, created 0, errors 0, 6.1 ms; Tally: Unit &apos;Days&apos; does not exist!
[07:44:56.404] import attendance type: 1 sent, created 0, errors 0, 6.7 ms; Tally: Unit &apos;Days&apos; does not exist!
[07:44:56.411] import attendance type: 1 sent, created 0, errors 0, 6.3 ms; Tally: Unit &apos;Days&apos; does not exist!
[07:44:56.419] import attendance type: 1 sent, created 0, errors 0, 6.4 ms; Tally: Unit &apos;Days&apos; does not exist!
[07:44:56.602] import template payroll50 (form 1 of 5): 1 sent, created 0, errors 0, 16.3 ms
[07:44:56.617] import template payroll50 (form 2 of 5): 1 sent, created 0, errors 0, 13.6 ms
[07:44:56.636] import template payroll50 (form 3 of 5): 1 sent, created 0, errors 0, 17.7 ms
[07:44:56.652] import template payroll50 (form 4 of 5): 1 sent, created 0, errors 0, 14.8 ms
[07:44:56.675] import template payroll50 (form 5 of 5): 1 sent, created 1, errors 0, 21.6 ms
[07:44:56.698] import template payroll200 (form 1 of 5): 1 sent, created 0, errors 0, 21.1 ms
[07:44:56.720] import template payroll200 (form 2 of 5): 1 sent, created 0, errors 0, 20.2 ms
[07:44:56.760] import template payroll200 (form 3 of 5): 1 sent, created 0, errors 0, 39.2 ms
[07:44:56.799] import template payroll200 (form 4 of 5): 1 sent, created 0, errors 0, 37.1 ms
[07:44:56.839] import template payroll200 (form 5 of 5): 1 sent, created 1, errors 0, 38.5 ms
[07:44:56.855] import template attendance (form 1 of 1): 1 sent, created 0, errors 0, 14.6 ms
[07:44:56.915] import template stockjournal (form 1 of 1): 1 sent, created 1, errors 0, 57.8 ms
[07:44:56.942] import template mfgjournal (form 1 of 1): 1 sent, created 1, errors 0, 25.6 ms
[07:44:56.975] import template salesorder (form 1 of 3): 1 sent, created 0, errors 0, 31.3 ms; Tally: Bad Order Number in Voucher!
[07:44:57.001] import template salesorder (form 2 of 3): 1 sent, created 0, errors 0, 24.1 ms; Tally: Bad Order Number in Voucher!
[07:44:57.041] import template salesorder (form 3 of 3): 1 sent, created 0, errors 0, 38 ms; Tally: Bad Order Number in Voucher!
[07:44:57.071] import template purchaseorder (form 1 of 3): 1 sent, created 0, errors 0, 28.9 ms; Tally: Bad Order Number in Voucher!
[07:44:57.101] import template purchaseorder (form 2 of 3): 1 sent, created 0, errors 0, 28.1 ms; Tally: Bad Order Number in Voucher!
[07:44:57.126] import template purchaseorder (form 3 of 3): 1 sent, created 0, errors 0, 24 ms; Tally: Bad Order Number in Voucher!
[07:44:57.183] import template deliverynote (form 1 of 1): 1 sent, created 1, errors 0, 55.3 ms
[07:44:57.231] import template receiptnote (form 1 of 1): 1 sent, created 1, errors 0, 46.7 ms
[07:44:57.252] import template physicalstock (form 1 of 1): 1 sent, created 1, errors 0, 19.9 ms
[07:44:57.488] import template salesbatch (form 1 of 1): 1 sent, created 1, errors 0, 234.3 ms
[07:44:57.845] TDL $$MachineName => '' 
[07:44:57.848] TDL $$CmpUserName => 'TALLY User' 
[07:44:57.850] TDL $$SysInfo:WindowsUser => 'runneradmin' 
[07:44:57.853] TDL $$SysInfo:WindowsUserName => '' 
[07:44:57.855] TDL $$SysInfo:UserName => '' 
[07:44:57.858] TDL $$SysInfo:LoginUser => '' 
[07:44:57.860] TDL $$SysInfo:SystemName => 'runnervmfi6oq' 
[07:44:57.863] TDL $$SysInfo:ComputerName => '' 
[07:44:57.865] TDL $$SysInfo:MachineName => '' 
[07:44:57.870] TDL $$SysInfo:IPAddress => '10.1.0.108,172.25.240.1' 
[07:44:57.872] TDL $$SysInfo:ApplicationPath => 'C:\Program Files\TallyPrime' 
[07:44:57.875] TDL $$SysInfo:TempPath => '' 
[07:44:57.908] import tds: company TDS on, TAN: 1 sent, created 0, errors 0, 11.3 ms
[shot] tds-001-gw0 (1024x768)
[07:45:02] [tds] screen tds-001-gw0 : x TallyPrime MANAGE EDU K: Company Gatewa of Tall CURRENT PERIOD I-Apr-26 to 31-Mar-27 NAME OF COMPANY FinCom Spike Co Y: Data Z: Exchange CURRENT OATE Wednesday, I-Apr-2026 O: Import E: Export M: Share p: print Fl: Help Date o 66dbe Gateway of Tally MASTERS Create Alter CHart of Accounts TRANSACTIONS Vouchers Day 800K UTILITIES BaNking REPORTS Balance Sheet Profit & Loss A/c Stock Summary Ratio Analysis Display More Reports DashbOard Quit Unity Q 31-Mar-27 Search Company to ru 2c7c- 0462- acep 7753- 0462- acep .337. c-786 ening '32dd2 ing j _id" : 7753- Mode Windows Server 2025 Datacenter Bui...
[keys] 'c'
[shot] tds-002-create-TDSNatureofPayments (1024x768)
[07:45:06] [tds] screen tds-002-create-TDSNatureofPayments : x R CEDU Unity Quit TallyPrime MANAGE K: Company Y: Data Z: Exchange FinCom • ke Co Master Creation List of Masters Accounting Masters Group Ledger Cost Centre Currency Voucher Type Inventory Masters Stock Group Stock Category Stock Item Unit Location Payroll Masters Employee Group Employee Units (Work) Attendance/Production Type Pay Heads Payroll Voucher Type Statutory Masters GST Registration GST Classification TDS Nature of Payments Statutory Details Company GST Details O: Import Change Company Show More E: Export M: Share p: print Fl: Help x o 66dbe to ru 2c7c- 0462- acep 7753- 0462- acep ...
[keys] '{BACKSPACE}{BACKSPACE}{BACKSPACE}{BACKSPACE}{BACKSPACE}{BACKSPACE}{BACKSPACE}{BACKSPACE}{BACKSPACE}{BACKSPACE}{BACKSPACE}{BACKSPACE}{BACKSPACE}{BACKSPACE}{BACKSPACE}{BACKSPACE}{BACKSPACE}{BACKSPACE}{BACKSPACE}{BACKSPACE}{BACKSPACE}{BACKSPACE}{BACKSPACE}{BACKSPACE}{BACKSPACE}{BACKSPACE}{BACKSPACE}{BACKSPACE}{BACKSPACE}{BACKSPACE}'
[keys] 'TDS Nature of Payments'
[shot] tds-003-typed-TDSNatureofPayments (1024x768)
[07:45:09] [tds] screen tds-003-typed-TDSNatureofPayments : R CEDU Unity Quit TallyPrime MANAGE K: Company Y: Data Z: Exchange FinCom • ke Co Master Creation TDS Nature of Pa ments List of Masters Statutory Masters TDS Nature of Payments Q Search O: Import Change Company Show More E: Export M: Share p: print x Fl: Help o 66dbe to ru 2c7c- 0462- acep 7753- 0462- acep .337. c-786 ening '32dd2 ing j _id" : 7753- Mode Windows Server 2025 Datacenter Build 26100.ge_release240331-1435 7:45 AM 10/7/2026
[keys] '{ENTER}'
[shot] tds-004-form-TDSNatureofPayments (1024x768)
[07:45:13] [tds] screen tds-004-form-TDSNatureofPayments : TallyPrime MANAGE EDU K: Company Y: Data Z: Exchange 0% 0% Accept Q Search O: Import E: Export M: Share FinCom • ke Co p: print x TDS Nature of Pa • Name Section • Payment code Creation x Fl: Help F2: period Company Remittance code Rate for individuals/HUF With PAN Rate for other deductee types With PAN Is zero rated • Threshold/exemption limit Quit FIO: Other Masters Unity p: Delete More Details Helper Configure o 66dbe to ru 2c7c- 0462- acep 7753- 0462- acep .337. c-786 ening '32dd2 ing j _id" : 7753- Mode Windows Server 2025 Datacenter Build 26100.ge_release240331-1435 7:45 AM 10/7/2026
[keys] 'PD Contract Work{ENTER}'
[shot] tds-005-nat-name (1024x768)
[07:45:16] [tds] screen tds-005-nat-name : TallyPrime MANAGE EDU K: Company Y: Data Z: Exchange O: Import E: Export M: Share FinCom • ke Co p: print x TDS Nature of Pa • Name Section • Payment code Creation PD Contract Work x Fl: Help F2: period Company Remittance code Rate for individuals/HUF With PAN Rate for other deductee types With PAN Is zero rated • Threshold/exemption limit Quit 0% 0% Accept Q Search FIO: Other Masters Unity p: Delete More Details Helper Configure o 66dbe to ru 2c7c- 0462- acep 7753- 0462- acep .337. c-786 ening '32dd2 ing j _id" : 7753- Mode Windows Server 2025 Datacenter Build 26100.ge_release240331-1435 7:45...
[keys] '194C{ENTER}'
[shot] tds-006-nat-section (1024x768)
[07:45:19] [tds] screen tds-006-nat-section : TallyPrime MANAGE EDU K: Company Y: Data Z: Exchange O: Import E: Export M: Share FinCom • ke Co p: print x TDS Nature of Pa • Name Section • Payment code Creation PD Contract Work x Fl: Help F2: period Company Remittance code Rate for individuals/HUF With PAN Rate for other deductee types With PAN Is zero rated • Threshold/exemption limit Quit 194C 0% 0% Accept Q Search FIO: Other Masters Unity p: Delete More Details Helper Configure o 66dbe to ru 2c7c- 0462- acep 7753- 0462- acep .337. c-786 ening '32dd2 ing j _id" : 7753- Mode Windows Server 2025 Datacenter Build 26100.ge_release240331-1435...
[keys] '94C{ENTER}'
[shot] tds-007-nat-paycode (1024x768)
[07:45:22] [tds] screen tds-007-nat-paycode : TallyPrime MANAGE EDU K: Company Y: Data Z: Exchange O: Import E: Export M: Share FinCom • ke Co p: print x TDS Nature of Pa • Name Section • Payment code Creation PD Contract Work x Fl: Help F2: period Company Remittance code Rate for individuals/HUF With PAN Rate for other deductee types With PAN Is zero rated • Threshold/exemption limit Quit 194C 94C 0% 0% Accept Q Search FIO: Other Masters Unity p: Delete More Details Helper Configure o 66dbe to ru 2c7c- 0462- acep 7753- 0462- acep .337. c-786 ening '32dd2 ing j _id" : 7753- Mode Windows Server 2025 Datacenter Build 26100.ge_release240331-...
[keys] '{ENTER}'
[shot] tds-008-nat-remit (1024x768)
[07:45:24] [tds] screen tds-008-nat-remit : TallyPrime MANAGE EDU K: Company Y: Data Z: Exchange O: Import E: Export M: Share FinCom • ke Co p: print x TDS Nature of Pa • Name Section • Payment code Creation PD Contract Work x Fl: Help F2: period Company Remittance code Rate for individuals/HUF With PAN Rate for other deductee types With PAN Is zero rated • Threshold/exemption limit Quit 194C 94C 0% 0% Accept Q Search FIO: Other Masters Unity p: Delete More Details Helper Configure o 66dbe to ru 2c7c- 0462- acep 7753- 0462- acep .337. c-786 ening '32dd2 ing j _id" : 7753- Mode Windows Server 2025 Datacenter Build 26100.ge_release240331-...
[keys] '1{ENTER}'
[shot] tds-009-nat-rate-ind (1024x768)
[07:45:27] [tds] screen tds-009-nat-rate-ind : TallyPrime MANAGE EDU K: Company Y: Data Z: Exchange O: Import E: Export M: Share FinCom • ke Co p: print x TDS Nature of Pa • Name Section • Payment code Creation x Fl: Help F2: period Company PD Contract Work 194C 94C Remittance code Rate for individuals/HUF With PAN Rate for other deductee types With PAN • Threshold/exemption limit Quit FIO: Other Masters Unity p: Delete More Details Helper Configure o 66dbe to ru 2c7c- 0462- acep 7753- 0462- acep .337. c-786 ening '32dd2 ing j _id" : 7753- Mode Accept Q Search Windows Server 2025 Datacenter Build 26100.ge_release240331-1435 7:45 AM 10/7/20...
[keys] '2{ENTER}'
[shot] tds-010-nat-rate-oth (1024x768)
[07:45:30] [tds] screen tds-010-nat-rate-oth : TallyPrime MANAGE EDU K: Company Y: Data Z: Exchange O: Import E: Export M: Share FinCom • ke Co p: print x TDS Nature of Pa • Name Section • Payment code Creation PD Contract Work x Fl: Help F2: period Company Remittance code Rate for individuals/HUF With PAN Rate for other deductee types With PAN • Threshold/exemption limit Quit 194C 94C 1% 2% Accept Q Search FIO: Other Masters Unity p: Delete More Details Helper Configure o 66dbe to ru 2c7c- 0462- acep 7753- 0462- acep .337. c-786 ening '32dd2 ing j _id" : 7753- Mode Windows Server 2025 Datacenter Build 26100.ge_release240331-1435 7:45 AM 1...
[keys] '{ENTER}'
[shot] tds-011-nat-zero (1024x768)
[07:45:33] [tds] screen tds-011-nat-zero : TallyPrime MANAGE EDU K: Company Y: Data Z: Exchange O: Import E: Export M: Share FinCom p: print x TDS Nature of Pa • Name Section • Payment code Creation PD Contract Work x Fl: Help F2: period F3: Company Remittance code Rate for individuals/HUF With PAN Rate for other deductee types With PAN • Threshold/exemption limit Q: Quit 194C 94C 1% 2% A: Accept Q Search Accept Q Yes or No p: Delete FIO : Other Masters l: More Details H: Helper o 66dbe to ru 2c7c- 0462- acep 7753- 0462- acep .337. c-786 ening '32dd2 ing j _id" : 7753- Unity F 12: Configure Mode Windows Server 2025 Datacenter Build 261...
[keys] '{ENTER}'
[shot] tds-012-nat-threshold (1024x768)
[07:45:36] [tds] screen tds-012-nat-threshold : TallyPrime MANAGE EDU K: Company Y: Data Z: Exchange 0% 0% Accept Q Search O: Import E: Export M: Share FinCom • ke Co p: print x TDS Nature of Pa • Name Section • Payment code Creation x Fl: Help F2: period Company Remittance code Rate for individuals/HUF With PAN Rate for other deductee types With PAN Is zero rated • Threshold/exemption limit Quit FIO: Other Masters Unity p: Delete More Details Helper Configure o 66dbe to ru 2c7c- 0462- acep 7753- 0462- acep .337. c-786 ening '32dd2 ing j _id" : 7753- Mode Windows Server 2025 Datacenter Build 26100.ge_release240331-1435 7:45 AM 10/7/2026
[keys] '^a'
[shot] tds-013-nat-accept (1024x768)
[07:45:40] [tds] screen tds-013-nat-accept : TallyPrime MANAGE EDU K: Company Y: Data Z: Exchange 0% 0% Accept Q Search O: Import E: Export M: Share FinCom • ke Co p: print x TDS Nature of Pa • Name Section • Payment code Creation x Fl: Help F2: period Company Remittance code Rate for individuals/HUF With PAN Rate for other deductee types With PAN Is zero rated • Threshold/exemption limit Quit FIO: Other Masters Unity p: Delete More Details Helper Configure o 66dbe to ru 2c7c- 0462- acep 7753- 0462- acep .337. c-786 ening '32dd2 ing j _id" : 7753- Mode Windows Server 2025 Datacenter Build 26100.ge_release240331-1435 7:45 AM 10/7/2026
[keys] '{ESC}'
[shot] tds-014-nat-esc1 (1024x768)
[07:45:43] [tds] screen tds-014-nat-esc1 : TallyPrime MANAGE EDU K: Company Y: Data Z: Exchange 0% 0% A: Accept Q Search O: Import E: Export M: Share FinCom p: print x TDS Nature of Pa • Name Section • Payment code Creation x Fl: Help F2: period F3: Company Remittance code Rate for individuals/HUF With PAN Rate for other deductee types With PAN Is zero rated • Threshold/exemption limit Q: Quit Quit o Yes or No FIO : Other Masters l: More Details H: Helper o 66dbe to ru 2c7c- 0462- acep 7753- 0462- acep .337. c-786 ening '32dd2 ing j _id" : 7753- Unity p: Delete F 12: Configure Mode Windows Server 2025 Datacenter Build 26100.ge_release2...
[keys] '{ESC}'
[shot] tds-015-nat-esc2 (1024x768)
[07:45:46] [tds] screen tds-015-nat-esc2 : x R CEDU Unity Quit TallyPrime MANAGE K: Company Y: Data Z: Exchange FinCom • ke Co Master Creation List of Masters Accounting Masters Group Ledger Cost Centre Currency Voucher Type Inventory Masters Stock Group Stock Category Stock Item Unit Location Payroll Masters Employee Group Employee Units (Work) Attendance/Production Type Pay Heads Payroll Voucher Type Statutory Masters GST Registration GST Classification TDS Nature of Payments Statutory Details Company GST Details O: Import Change Company Show More E: Export M: Share p: print Fl: Help x o 66dbe to ru 2c7c- 0462- acep 7753- 0462- acep ...
[07:45:46] [tds] nature 'PD Contract Work' in Tally's export (TDSRate): True
[shot] tds-016-gw0 (1024x768)
[07:45:47] [tds] screen tds-016-gw0 : x R CEDU Unity Quit TallyPrime MANAGE K: Company Y: Data Z: Exchange FinCom • ke Co Master Creation List of Masters Accounting Masters Group Ledger Cost Centre Currency Voucher Type Inventory Masters Stock Group Stock Category Stock Item Unit Location Payroll Masters Employee Group Employee Units (Work) Attendance/Production Type Pay Heads Payroll Voucher Type Statutory Masters GST Registration GST Classification TDS Nature of Payments Statutory Details Company GST Details O: Import Change Company Show More E: Export M: Share p: print Fl: Help x o 66dbe to ru 2c7c- 0462- acep 7753- 0462- acep ...
[keys] '{ESC}'
[shot] tds-017-gw1 (1024x768)
[07:45:50] [tds] screen tds-017-gw1 : x TallyPrime MANAGE EDU K: Company Gatewa of Tall CURRENT PERIOD I-Apr-26 to 31-Mar-27 NAME OF COMPANY FinCom Spike Co * (e) Data exceptions exist Y: Data Z: Exchange CURRENT OATE Wednesday, I-Apr-2026 O: Import E: Export M: Share p: print Fl: Help Date o 66dbe Gateway of Tally MASTERS Create Alter CHart of Accounts TRANSACTIONS Vouchers Day 800K UTILITIES BaNking REPORTS Balance Sheet Profit & Loss A/c Stock Summary Ratio Analysis Display More Reports DashbOard Quit Unity Q 31-Mar-27 Search Company to ru 2c7c- 0462- acep 7753- 0462- acep .337. c-786 ening '32dd2 ing j _id" : 7753- Mode Window...
[07:45:50.972] tds: nature 'PD Contract Work' as a TDS Rate in Tally: True
[07:45:50.990] import tds: party, expense, TDS ledger: 3 sent, created 2, errors 0, 14.7 ms; Tally: Tax Classification &apos;PD Contract Work&apos; does not exist!
[07:45:51.008] import tds: ledgers again (alter): 3 sent, created 0, errors 0, 17.1 ms; Tally: Tax Classification &apos;PD Contract Work&apos; does not exist!
[07:45:57.041] tally.ini: Data D:\a\_temp\TallyHeavy; TDL: none
[keys] 'a'
[keys] 't'
[shot] p-setup-heavy-started (1024x768)
[07:46:25.031] Tally started (setup-heavy) in 28 s; company open: True
[07:46:27.050] proxy 127.0.0.2:9000 -> Tally: True (<RESPONSE>TallyPrime Server is Running</RESPONSE> )
[07:46:30.513] import heavy masters 0: 1000 sent, created 1000, errors 0, 3237.7 ms
[07:46:33.847] import heavy masters 1000: 1000 sent, created 1000, errors 0, 3328.6 ms
[07:46:37.175] import heavy masters 2000: 1000 sent, created 1000, errors 0, 3323.2 ms
[07:46:40.298] import heavy masters 3000: 1000 sent, created 1000, errors 0, 3119.4 ms
[07:46:43.446] import heavy masters 4000: 1000 sent, created 1000, errors 0, 3142.3 ms
[07:46:46.561] import heavy masters 5000: 1000 sent, created 1000, errors 0, 3111.8 ms
[07:47:03.085] import heavy vouchers 0: 1000 sent, created 1000, errors 0, 16378.9 ms
[07:47:20.923] import heavy vouchers 1000: 1000 sent, created 1000, errors 0, 17733.1 ms
[07:47:39.695] import heavy vouchers 2000: 1000 sent, created 1000, errors 0, 18657.5 ms
[07:47:58.125] import heavy vouchers 3000: 1000 sent, created 1000, errors 0, 18318 ms
[07:48:16.727] import heavy vouchers 4000: 1000 sent, created 1000, errors 0, 18504 ms
[07:48:36.304] import heavy vouchers 5000: 1000 sent, created 1000, errors 0, 19459.7 ms
[07:48:56.013] import heavy vouchers 6000: 1000 sent, created 1000, errors 0, 19607.5 ms
[07:49:15.105] import heavy vouchers 7000: 1000 sent, created 1000, errors 0, 18975.1 ms
[07:49:33.944] import heavy vouchers 8000: 1000 sent, created 1000, errors 0, 18739.2 ms
[07:49:53.293] import heavy vouchers 9000: 1000 sent, created 1000, errors 0, 19246.9 ms
[07:50:12.217] import heavy vouchers 10000: 1000 sent, created 1000, errors 0, 18823.7 ms
[07:50:31.743] import heavy vouchers 11000: 1000 sent, created 1000, errors 0, 19428.2 ms
[07:50:51.062] import heavy vouchers 12000: 1000 sent, created 1000, errors 0, 19219 ms
[07:51:10.251] import heavy vouchers 13000: 1000 sent, created 1000, errors 0, 19089 ms
[07:51:29.376] import heavy vouchers 14000: 1000 sent, created 1000, errors 0, 19022.5 ms
[07:51:48.485] import heavy vouchers 15000: 1000 sent, created 1000, errors 0, 19011 ms
[07:52:07.717] import heavy vouchers 16000: 1000 sent, created 1000, errors 0, 19101.6 ms
[07:52:27.114] import heavy vouchers 17000: 1000 sent, created 1000, errors 0, 19299.5 ms
[07:52:46.410] import heavy vouchers 18000: 1000 sent, created 1000, errors 0, 19183.8 ms
[07:53:06.525] import heavy vouchers 19000: 1000 sent, created 1000, errors 0, 20017 ms
[07:53:25.738] import heavy vouchers 20000: 1000 sent, created 1000, errors 0, 19115.5 ms
[07:53:44.914] import heavy vouchers 21000: 1000 sent, created 1000, errors 0, 19078.7 ms
[07:54:04.446] import heavy vouchers 22000: 1000 sent, created 1000, errors 0, 19424.1 ms
[07:54:24.012] import heavy vouchers 23000: 1000 sent, created 1000, errors 0, 19437.6 ms
[07:54:43.697] import heavy vouchers 24000: 1000 sent, created 1000, errors 0, 19585.6 ms
[07:55:03.049] import heavy vouchers 25000: 1000 sent, created 1000, errors 0, 19252.8 ms
[07:55:22.538] import heavy vouchers 26000: 1000 sent, created 1000, errors 0, 19391.6 ms
[07:55:42.448] import heavy vouchers 27000: 1000 sent, created 1000, errors 0, 19813.7 ms
[07:56:02.530] import heavy vouchers 28000: 1000 sent, created 1000, errors 0, 19964.7 ms
[07:56:22.917] import heavy vouchers 29000: 1000 sent, created 1000, errors 0, 20290.3 ms
[07:56:30.858] heavy company: 3018 ledgers, 3100 stock items, 30012 vouchers in Tally (import took 10.6 min)
[07:56:37.867] tally.ini: Data D:\a\_temp\TallyData; TDL: none
[keys] 'a'
[keys] 't'
[shot] p-count-light-started (1024x768)
[07:57:05.878] Tally started (count-light) in 28 s; company open: True
[07:57:07.886] proxy 127.0.0.2:9000 -> Tally: True (<RESPONSE>TallyPrime Server is Running</RESPONSE> )
[07:57:07.916] light company: 18 ledgers, 100 stock items, 12 vouchers
[07:57:13.929] bridge's TallyHost: 127.0.0.2 (through the timing proxy)
[07:57:13.937] bridge: setup origin: COMMITTED assets-test/bridge-go/FinComBridge-Setup-2.3.0.exe SHA-256 8e8145693224edf5459836323ce187e87e8dbca6eeac0bde494cf64b2ca6a7b9
[07:57:33.685] bridge config after setup: TallyHost '127.0.0.2', TallyPorts 9000, port 9100
[07:57:33.710] bridge on 127.0.0.1:9100, version 2.3.0
[07:57:35.741] bridge stopped (C:\Users\runneradmin\AppData\Local\FinCom Bridge\FinComBridge.exe)
[07:57:39.755] tally.ini: Data D:\a\_temp\TallyHeavy; TDL: C:\fcspike\FCPHeads.tdl
[keys] 'a'
[keys] 't'
[shot] p-heavy-heads-fetchsim-started (1024x768)
[07:58:07.739] Tally started (heavy-heads-fetchsim) in 28 s; company open: True
[07:58:09.746] proxy 127.0.0.2:9000 -> Tally: True (<RESPONSE>TallyPrime Server is Running</RESPONSE> )
[07:58:12.920] HARNESS: fetchsim: TS50-1 not found
[07:58:14.925] bridge stopped (C:\Users\runneradmin\AppData\Local\FinCom Bridge\FinComBridge.exe)
[07:58:18.930] tally.ini: Data D:\a\_temp\TallyHeavy; TDL: none
[keys] 'a'
[keys] 't'
[shot] p-v3-heavy-fetch-started (1024x768)
[07:58:46.886] Tally started (v3-heavy-fetch) in 28 s; company open: True
[07:58:48.893] proxy 127.0.0.2:9000 -> Tally: True (<RESPONSE>TallyPrime Server is Running</RESPONSE> )
[07:58:51.986] fetch target sales50-template: mid  guid  date 
[07:58:55.414] fetch target heavy-receipt-15002: mid  guid  date    party ''
[shot] p-heavy-fetch-gateway (1024x768)
[07:58:57.718] fetch heavy: the probe key on an idle Tally: 29.2, 45.1, 28.3, 29.4, 29.4 ms
[07:58:57.721] fetch heavy: target sales50-template not found in Tally: skipped
[07:58:57.721] fetch heavy: target heavy-receipt-15002 not found in Tally: skipped
[07:59:04.735] tally.ini: Data D:\a\_temp\TallyData; TDL: C:\fcspike\FCPFullNR.tdl
[keys] 'a'
[keys] 't'
[shot] p-tds-fullnr-started (1024x768)
[07:59:32.722] Tally started (tds-fullnr) in 28 s; company open: True
[07:59:34.730] proxy 127.0.0.2:9000 -> Tally: True (<RESPONSE>TallyPrime Server is Running</RESPONSE> )
[shot] tds-018-gw0 (1024x768)
[07:59:35] [tds] screen tds-018-gw0 : x TallyPrime MANAGE EDU K: Company Gatewa of Tall CURRENT PERIOD I-Apr-26 to 31-Mar-27 NAME OF COMPANY FinCom Spike Co * (e) Data exceptions exist Y: Data Z: Exchange CURRENT OATE Wednesday, 31-Mar-2027 31-Mar-27 Search O: Import E: Export M: Share p: print Fl: Help Date o 66dbe Gateway of Tally MASTERS Create Alter CHart of Accounts TRANSACTIONS Vouchers Day 800K UTILITIES BaNking REPORTS Balance Sheet Profit & Loss A/c Stock Summary Ratio Analysis Display More Reports DashbOard Quit Unity Q Company to ru 2c7c- 0462- acep 7753- 0462- acep .337. c-786 ening '32dd2 ing j _id" : 7753- Mode Windo...
[keys] 'v'
[shot] tds-019-s5-vouchers (1024x768)
[07:59:39] [tds] screen tds-019-s5-vouchers : x Y: Data ab TallyPrime MANAGE EDU K: Company Accounting Voucher Creation Pa ment No. 1 Account Current balance: Particulars Narration: Z: Exchange A Accept Search O: Import E: Export M: Share FinCom • ke Co p: print 31-Mar-27 Wednesday Amount Fl: Help Q: Date Company Ed: Contra F-5: Payment Receipt Journal Sales o 66dbe to ru 2c7c- 0462- acep 7753- Purchase 0462- Fl O: OåuVooctgs E: Autofill Change Mode More Details O: Related ¯ Repons Optional post -Dated J: Stat acep .337. c-786 ening '32dd2 ing j _id" : 7753- Unity Quit D: Delete x: Cancel Vch Q Adjustment El 2: Configure Mode Windows Serv...
[keys] '{F7}'
[shot] tds-020-s5-journal (1024x768)
[07:59:43] [tds] screen tds-020-s5-journal : x TallyPrime MANAGE EDU K: Company Accounting Voucher Creation Journal No. 2 Particulars By Narration: Quit Y: Data Z: Exchange A Accept Search FinCom • ke Co O: Import E: Export List of Led er Accounts output CGST output SGST PD Basic PD Contract Exp PD HRA PD salary Payable PD Supplier PD TDS Contractor Profit & Loss A/c Purchase Sales Spike Income Spike Party Spike Party 2 Template Party Ul Party M: Share p: print x Create Show More Fl: Help Q: Date Company Ed: Contra Payment Receipt F-7: Journal Sales o 66dbe to ru 2c7c- 0462- acep 7753- Purchase 0462- Fl O: OåuVooctgs E: Autofill H: Chang...
[keys] '{F2}'
[shot] tds-021-s5-date-box (1024x768)
[07:59:46] [tds] screen tds-021-s5-date-box : TallyPrime MANAGE EDU K: Company Change Voucher Date Unity Quit Y: Data Z: Exchange A Accept Q Search O: Import E: Export M: Share p: print x Fl: Help FinCom Spike Co Voucher Date 14-2027 o 66dbe to ru 2c7c- 0462- acep 7753- 0462- acep .337. c-786 ening '32dd2 ing j _id" : 7753- Mode Windows Server 2025 Datacenter Build 26100.ge_release240331-1435 7:59 AM 10/7/2026
[keys] '2-11-2026{ENTER}'
[shot] tds-022-s5-date-set (1024x768)
[07:59:49] [tds] screen tds-022-s5-date-set : x TallyPrime MANAGE EDU K: Company Accounting Voucher Creation Journal No. 2 Particulars By Narration: Quit Y: Data Z: Exchange A Accept Search FinCom • ke Co O: Import E: Export List of Led er Accounts output CGST output SGST PD Basic PD Contract Exp PD HRA PD salary Payable PD Supplier PD TDS Contractor Profit & Loss A/c Purchase Sales Spike Income Spike Party Spike Party 2 Template Party Ul Party M: Share p: print x Create Show More Fl: Help Q: Date Company Ed: Contra Payment Receipt F-7: Journal Sales o 66dbe to ru 2c7c- 0462- acep 7753- Purchase 0462- Fl O: OåuVooctgs E: Autofill H: Chang...
[keys] 'PD Contract Exp{ENTER}'
[shot] tds-023-s5-r1-ledger (1024x768)
[07:59:52] [tds] screen tds-023-s5-r1-ledger : x TallyPrime MANAGE EDU K: Company Accounting Voucher Creation Journal No. 2 Y: Data Z: Exchange A Accept Search O: Import E: Export FinCom • ke Co M: Share Debit p: print x 2-Nov-26 Monday Credit • By By Particulars PD Contract Exp Cur Bal: Fl: Help Q: Date Company Ed: Contra Payment Receipt F-7: Journal Sales o 66dbe to ru 2c7c- 0462- acep 7753- Purchase 0462- Fl O: OåuVooctgs E: Autofill H: Change = Mode More Details o: Related Reports Optional post -Dated J: Stat acep .337. c-786 ening '32dd2 ing j _id" : 7753- Unity Narration: Quit D: Delete x: Cancel Vch Q Adjustment El 2: Configure Mode...
[keys] '100000{ENTER}'
[shot] tds-024-s5-r1-amount (1024x768)
[07:59:56] [tds] screen tds-024-s5-r1-amount : x TallyPrime MANAGE EDU K: Company Accounting Voucher Creation Journal No. 2 Particulars By PD Contract Exp Y: Data Q Z: Exchange A Accept Search O: Import E: Export M: Share FinCom • ke Co p: print x 2-Nov-26 Monday Credit Debit 1,00 00000 1,00 00000 Fl: Help Q: Date Company Ed: Contra Payment Receipt F-7: Journal Sales o 66dbe to ru 2c7c- 0462- acep 7753- CurBa1: Dr Narration: Unity Quit Purchase 0462- Fl O: OåuVooctgs E: Autofill H: Change = Mode More Details o: Related Reports Optional post -Dated J: Stat acep .337. c-786 ening '32dd2 ing j _id" : 7753- D: Delete x: Cancel Vch Adjustment E...
[shot] tds-025-s5-r1-after1 (1024x768)
[07:59:57] [tds] screen tds-025-s5-r1-after1 : x TallyPrime MANAGE EDU K: Company Accounting Voucher Creation Journal No. 2 Y: Data Z: Exchange A Accept Search O: Import E: Export M: Share FinCom • ke Co p: print x 2-Nov-26 Monday Credit • By Particulars PD Contract Exp CurBa1: Dr Debit 1,00 00000 1,00 00000 Fl: Help Q: Date Company Ed: Contra Payment Receipt F-7: Journal Sales o 66dbe to ru 2c7c- 0462- acep 7753- Purchase 0462- Fl O: OåuVooctgs E: Autofill H: Change = Mode More Details o: Related Reports Optional post -Dated J: Stat acep .337. c-786 ening '32dd2 ing j _id" : 7753- Unity Narration: Quit D: Delete x: Cancel Vch Q Adjustment...
[keys] 't{ENTER}'
[shot] tds-026-s5-r2-to (1024x768)
[07:59:59] [tds] screen tds-026-s5-r2-to : x TallyPrime MANAGE EDU K: Company Accounting Voucher Creation Journal No. 2 Y: Data Z: Exchange A Accept Search FinCom • ke Co O: Import E: Export List of Led er Accounts output CGST output SGST PD Basic PD Contract Exp PD HRA PD salary Payable PD Supplier PD TDS Contractor Profit & Loss A/c Purchase Sales Spike Income Spike Party Spike Party 2 Template Party Ul Party M: Share p: print x Create Show More • By Particulars PD Contract Exp CurBa1: Dr Fl: Help Q: Date Company Ed: Contra Payment Receipt F-7: Journal Sales o 66dbe to ru 2c7c- 0462- acep 7753- Purchase 0462- Fl O: OåuVooctgs E: Auto...
[keys] 'PD TDS Payable{ENTER}'
[shot] tds-027-s5-r2-ledger (1024x768)
[08:00:03] [tds] screen tds-027-s5-r2-ledger : x TallyPrime MANAGE EDU K: Company Accounting Voucher Creation Journal No. 2 Y: Data Z: Exchange A: Accept Search FinCom O: Import E: Export List of Led er Accounts PD TDS Contractor M: Share p: print x Create Show More • By Particulars PD Contract Exp CurBa1: Dr PD TDS Error Oops! Spelling Error Fl: Help F-2: Date F-3: Company F-4: Contra F-5: Payment F-6: Receipt F-7: Journal F-9: Purchase PIO: E: Autofill H: Change = Mode I: More - Details O: Related ¯ Repons L: Optional T: post = -Dated J: Stat o 66dbe to ru 2c7c- 0462- acep 7753- 0462- acep .337. c-786 ening '32dd2 ing j _id" : 7753- Narr...
[shot] tds-028-s5-r2-sub1 (1024x768)
[08:00:04] [tds] screen tds-028-s5-r2-sub1 : x TallyPrime MANAGE EDU K: Company Accounting Voucher Creation Journal No. 2 Y: Data Z: Exchange A: Accept Search FinCom O: Import E: Export List of Led er Accounts PD TDS Contractor M: Share p: print x Create Show More • By Particulars PD Contract Exp CurBa1: Dr PD TDS Error Oops! Spelling Error Fl: Help F-2: Date F-3: Company F-4: Contra F-5: Payment F-6: Receipt F-7: Journal F-9: Purchase PIO: E: Autofill H: Change = Mode I: More - Details O: Related ¯ Repons L: Optional T: post = -Dated J: Stat o 66dbe to ru 2c7c- 0462- acep 7753- 0462- acep .337. c-786 ening '32dd2 ing j _id" : 7753- Narr...
[shot] tds-029-s5-r2-amount-shown (1024x768)
[08:00:05] [tds] screen tds-029-s5-r2-amount-shown : x TallyPrime MANAGE EDU K: Company Accounting Voucher Creation Journal No. 2 Y: Data Z: Exchange A: Accept Search FinCom O: Import E: Export List of Led er Accounts PD TDS Contractor M: Share p: print x Create Show More • By Particulars PD Contract Exp CurBa1: Dr PD TDS Error Oops! Spelling Error Fl: Help F-2: Date F-3: Company F-4: Contra F-5: Payment F-6: Receipt F-7: Journal F-9: Purchase PIO: E: Autofill H: Change = Mode I: More - Details O: Related ¯ Repons L: Optional T: post = -Dated J: Stat o 66dbe to ru 2c7c- 0462- acep 7753- 0462- acep .337. c-786 ening '32dd2 ing j _id" : 7753- Narr...
[keys] '2000{ENTER}'
[shot] tds-030-s5-r2-amount-typed (1024x768)
[08:00:09] [tds] screen tds-030-s5-r2-amount-typed : x TallyPrime MANAGE EDU K: Company Accounting Voucher Creation Journal No. 2 Y: Data Z: Exchange A: Accept Search FinCom O: Import E: Export List of Led er Accounts PD TDS Contractor M: Share p: print x Create Show More • By Particulars PD Contract Exp CurBa1: Dr PD TDS Error Oops! Spelling Error Fl: Help F-2: Date F-3: Company F-4: Contra F-5: Payment F-6: Receipt F-7: Journal F-9: Purchase PIO: E: Autofill H: Change = Mode I: More - Details O: Related ¯ Repons L: Optional T: post = -Dated J: Stat o 66dbe to ru 2c7c- 0462- acep 7753- 0462- acep .337. c-786 ening '32dd2 ing j _id" : 7753- Narr...
[shot] tds-031-s5-r2-after1 (1024x768)
[08:00:10] [tds] screen tds-031-s5-r2-after1 : x TallyPrime MANAGE EDU K: Company Accounting Voucher Creation Journal No. 2 Y: Data Z: Exchange A: Accept Search FinCom O: Import E: Export List of Led er Accounts PD TDS Contractor M: Share p: print x Create Show More • By Particulars PD Contract Exp CurBa1: Dr PD TDS Error Oops! Spelling Error Fl: Help F-2: Date F-3: Company F-4: Contra F-5: Payment F-6: Receipt F-7: Journal F-9: Purchase PIO: E: Autofill H: Change = Mode I: More - Details O: Related ¯ Repons L: Optional T: post = -Dated J: Stat o 66dbe to ru 2c7c- 0462- acep 7753- 0462- acep .337. c-786 ening '32dd2 ing j _id" : 7753- Narr...
[keys] 't{ENTER}'
[shot] tds-032-s5-r3-to (1024x768)
[08:00:12] [tds] screen tds-032-s5-r3-to : x TallyPrime MANAGE EDU K: Company Accounting Voucher Creation Journal No. 2 Y: Data Z: Exchange A: Accept Search FinCom O: Import E: Export List of Led er Accounts PD TDS Contractor M: Share p: print x Create Show More • By Particulars PD Contract Exp CurBa1: Dr PD TDS Error Oops! Spelling Error Fl: Help F-2: Date F-3: Company F-4: Contra F-5: Payment F-6: Receipt F-7: Journal F-9: Purchase PIO: E: Autofill H: Change = Mode I: More - Details O: Related ¯ Repons L: Optional T: post = -Dated J: Stat o 66dbe to ru 2c7c- 0462- acep 7753- 0462- acep .337. c-786 ening '32dd2 ing j _id" : 7753- Narr...
[keys] 'PD TDS Contractor{ENTER}'
[shot] tds-033-s5-r3-ledger (1024x768)
[08:00:16] [tds] screen tds-033-s5-r3-ledger : x TallyPrime MANAGE EDU K: Company Accounting Voucher Creation Journal No. 2 Y: Data Z: Exchange A: Accept Search FinCom O: Import E: Export List of Led er Accounts PD TDS Contractor M: Share p: print x Create Show More • By Particulars PD Contract Exp CurBa1: Dr PD TDS Error Oops! Spelling Error Fl: Help F-2: Date F-3: Company F-4: Contra F-5: Payment F-6: Receipt F-7: Journal F-9: Purchase PIO: E: Autofill H: Change = Mode I: More - Details O: Related ¯ Repons L: Optional T: post = -Dated J: Stat o 66dbe to ru 2c7c- 0462- acep 7753- 0462- acep .337. c-786 ening '32dd2 ing j _id" : 7753- Narr...
[shot] tds-034-s5-r3-amount-shown (1024x768)
[08:00:17] [tds] screen tds-034-s5-r3-amount-shown : x TallyPrime MANAGE EDU K: Company Accounting Voucher Creation Journal No. 2 Y: Data Z: Exchange A: Accept Search FinCom O: Import E: Export List of Led er Accounts PD TDS Contractor M: Share p: print x Create Show More • By Particulars PD Contract Exp CurBa1: Dr PD TDS Error Oops! Spelling Error Fl: Help F-2: Date F-3: Company F-4: Contra F-5: Payment F-6: Receipt F-7: Journal F-9: Purchase PIO: E: Autofill H: Change = Mode I: More - Details O: Related ¯ Repons L: Optional T: post = -Dated J: Stat o 66dbe to ru 2c7c- 0462- acep 7753- 0462- acep .337. c-786 ening '32dd2 ing j _id" : 7753- Narr...
[keys] '98000{ENTER}'
[shot] tds-035-s5-r3-amount-typed (1024x768)
[08:00:21] [tds] screen tds-035-s5-r3-amount-typed : x TallyPrime MANAGE EDU K: Company Accounting Voucher Creation Journal No. 2 Y: Data Z: Exchange A: Accept Search FinCom O: Import E: Export List of Led er Accounts PD TDS Contractor M: Share p: print x Create Show More • By Particulars PD Contract Exp CurBa1: Dr PD TDS Error Oops! Spelling Error Fl: Help F-2: Date F-3: Company F-4: Contra F-5: Payment F-6: Receipt F-7: Journal F-9: Purchase PIO: E: Autofill H: Change = Mode I: More - Details O: Related ¯ Repons L: Optional T: post = -Dated J: Stat o 66dbe to ru 2c7c- 0462- acep 7753- 0462- acep .337. c-786 ening '32dd2 ing j _id" : 7753- Narr...
[shot] tds-036-s5-r3-after1 (1024x768)
[08:00:22] [tds] screen tds-036-s5-r3-after1 : x TallyPrime MANAGE EDU K: Company Accounting Voucher Creation Journal No. 2 Y: Data Z: Exchange A: Accept Search FinCom O: Import E: Export List of Led er Accounts PD TDS Contractor M: Share p: print x Create Show More • By Particulars PD Contract Exp CurBa1: Dr PD TDS Error Oops! Spelling Error Fl: Help F-2: Date F-3: Company F-4: Contra F-5: Payment F-6: Receipt F-7: Journal F-9: Purchase PIO: E: Autofill H: Change = Mode I: More - Details O: Related ¯ Repons L: Optional T: post = -Dated J: Stat o 66dbe to ru 2c7c- 0462- acep 7753- 0462- acep .337. c-786 ening '32dd2 ing j _id" : 7753- Narr...
[shot] tds-037-s5-before-narration (1024x768)
[08:00:22] [tds] screen tds-037-s5-before-narration : x TallyPrime MANAGE EDU K: Company Accounting Voucher Creation Journal No. 2 Y: Data Z: Exchange A: Accept Search FinCom O: Import E: Export List of Led er Accounts PD TDS Contractor M: Share p: print x Create Show More • By Particulars PD Contract Exp CurBa1: Dr PD TDS Error Oops! Spelling Error Fl: Help F-2: Date F-3: Company F-4: Contra F-5: Payment F-6: Receipt F-7: Journal F-9: Purchase PIO: E: Autofill H: Change = Mode I: More - Details O: Related ¯ Repons L: Optional T: post = -Dated J: Stat o 66dbe to ru 2c7c- 0462- acep 7753- 0462- acep .337. c-786 ening '32dd2 ing j _id" : 7753- Narr...
[keys] 'PD TDS 194C typed on the screen{ENTER}'
[shot] tds-038-s5-narration (1024x768)
[08:00:26] [tds] screen tds-038-s5-narration : x TallyPrime MANAGE EDU K: Company Accounting Voucher Creation Journal No. 2 Y: Data Z: Exchange A: Accept Search FinCom O: Import E: Export List of Led er Accounts PD TDS Contractor M: Share p: print x Create Show More • By Particulars PD Contract Exp CurBa1: Dr PD TDSc Error Oops! Spelling Error Fl: Help F-2: Date F-3: Company F-4: Contra F-5: Payment F-6: Receipt F-7: Journal F-9: Purchase PIO: E: Autofill H: Change = Mode I: More - Details O: Related ¯ Repons L: Optional T: post = -Dated J: Stat o 66dbe to ru 2c7c- 0462- acep 7753- 0462- acep .337. c-786 ening '32dd2 ing j _id" : 7753- Nar...
[shot] tds-039-s5-accept-q (1024x768)
[08:00:27] [tds] screen tds-039-s5-accept-q : x TallyPrime MANAGE EDU K: Company Accounting Voucher Creation Journal No. 2 Y: Data Z: Exchange A: Accept Search FinCom O: Import E: Export List of Led er Accounts PD TDS Contractor M: Share p: print x Create Show More • By Particulars PD Contract Exp CurBa1: Dr PD TDSc Error Oops! Spelling Error Fl: Help F-2: Date F-3: Company F-4: Contra F-5: Payment F-6: Receipt F-7: Journal F-9: Purchase PIO: E: Autofill H: Change = Mode I: More - Details O: Related ¯ Repons L: Optional T: post = -Dated J: Stat o 66dbe to ru 2c7c- 0462- acep 7753- 0462- acep .337. c-786 ening '32dd2 ing j _id" : 7753- Nar...
[keys] 'y'
[shot] tds-040-s5-accepted (1024x768)
[08:00:31] [tds] screen tds-040-s5-accepted : x TallyPrime MANAGE EDU K: Company Accounting Voucher Creation Journal No. 2 Y: Data Z: Exchange A: Accept Search FinCom O: Import E: Export List of Led er Accounts PD TDS Contractor M: Share p: print x Create Show More • By Particulars PD Contract Exp CurBa1: Dr PD TDSc Error Oops! Spelling Error Fl: Help F-2: Date F-3: Company F-4: Contra F-5: Payment F-6: Receipt F-7: Journal F-9: Purchase PIO: E: Autofill H: Change = Mode I: More - Details O: Related ¯ Repons L: Optional T: post = -Dated J: Stat o 66dbe to ru 2c7c- 0462- acep 7753- 0462- acep .337. c-786 ening '32dd2 ing j _id" : 7753- Nar...
[08:00:31.480] TDS: TDS row amount typed (2000); OCR read the screens
[08:00:51.548] TDS: no entry saved (see the tds-* screenshots)
[08:00:55.565] done (v3)
