[20:02:24] ---- c1 install and open the company (TallyPrime 3.0)
  INFO installed: C:\Program Files\TallyPrime\tally.exe; tally.exe 11457160 bytes, 2026-10-08, FileVersion 1.1.3.0, ProductVersion 1.1.3.0, ProductName TallyPrime
  INFO company folder made by flow.ps1: D:\a\_temp\TallyData\100000
[keys] 'a' -> Tally 'TallyPrime:9000'
[keys] 't' -> Tally 'TallyPrime:9000'
[shot] v-00-started (1024x768)
[companies] 8 ms: <ENVELOPE><HEADER><VERSION>1</VERSION><STATUS>1</STATUS></HEADER><BODY><DESC><CMPINFO><COMPANY>0</COMPANY><GROUP>0</GROUP><LEDGER>0</LEDGER><COSTCATEGORY>0</COSTCATEGORY><COSTCENTRE>0</COSTCENTRE><GODOWN>0</GODOWN><STOCKGROUP>0</STOCKGROUP><STOCKCATEGORY>0</STOCKCATEGORY><STOCKITEM>0</STOCKITEM><VOUCHERTYPE>0</VOUCHERTYPE><CURRENCY>0</CURRENCY><UNIT>0</UNIT><BUDGET>0</BUDGET><CLIENTRULE>0</CLIENTRULE><SERVERRULE>0</SERVERRULE><STATE>0</STATE><TDSRATE>0</TDSRATE><TAXCLASSIFICATION>0</TAXCLASSIFICATION><STCATEGORY>0</STCATEGORY><DEDUCTEETYPE>0</DEDUCTEETYPE><ATTENDANCETYPE>0</ATTENDANCETYPE><FBT...
[header] 8 ms: <ENVELOPE><HEADER><VERSION>1</VERSION><STATUS>1</STATUS><PRODMAJORVER>1</PRODMAJORVER><PRODMINORVER>1</PRODMINORVER><PRODMAJORREL>3</PRODMAJORREL><PRODMINORREL>0</PRODMINORREL><PRODTYPE>5</PRODTYPE></HEADER><BODY><DESC><CMPINFO><COMPANY>0</COMPANY><GROUP>0</GROUP><LEDGER>0</LEDGER><COSTCATEGORY>0</COSTCATEGORY><COSTCENTRE>0</COSTCENTRE><GODOWN>0</GODOWN><STOCKGROUP>0</STOCKGROUP><STOCKCATEGORY>0</STOCKCATEGORY><STOCKITEM>0</STOCKITEM><VOUCHERTYPE>0</VOUCHERTYPE><CURRENCY>0</CURRENCY><UNIT>0</UNIT><BUDGET>0</BUDGET><CLIENTRULE>0</CLIENTRULE><SERVERRULE>0</SERVERRULE><STATE>0</STATE><TDSRATE>0</...
  INFO Tally's own release in its answer header: PRODMAJORREL 3 PRODMINORREL 0 (PRODMAJORVER 1 PRODMINORVER 1 PRODTYPE 5)
######## PASS c1 install and open the company: installed tally.exe 11457160 bytes, 2026-10-08, FileVersion 1.1.3.0, ProductVersion 1.1.3.0, ProductName TallyPrime; company folder 100000 loaded at start: True; window 'TallyPrime:9000'
######## PASS c2 port and company list: port 9000 answered 10.1 s after start, GET 19 ms ('<RESPONSE>TallyPrime Server is Running</RESPONSE>'); company list 8 ms, 'FinCom Spike Co' in it: True
[20:02:57] ---- the stub cloud and the bridge
  INFO selfck: PostgreSQL (postgresql-x64-17) with migration 65's tally_selfcheck_words (the ref's file, 5399 chars)
[ledger Spike Income] 13 ms: <RESPONSE><CREATED>1</CREATED><ALTERED>0</ALTERED><DELETED>0</DELETED><LASTVCHID>0</LASTVCHID><LASTMID>0</LASTMID><COMBINED>0</COMBINED><IGNORED>0</IGNORED><ERRORS>0</ERRORS><CANCELLED>0</CANCELLED></RESPONSE>
[renum journal] 28 ms: <RESPONSE><CREATED>1</CREATED><ALTERED>0</ALTERED><DELETED>0</DELETED><LASTVCHID>2</LASTVCHID><LASTMID>0</LASTMID><COMBINED>0</COMBINED><IGNORED>0</IGNORED><ERRORS>0</ERRORS><CANCELLED>0</CANCELLED></RESPONSE>
  INFO setup origin: BUILT from source dist/FinComBridge-Setup-2.4.0.exe SHA-256 49cd65b6fd84ec30f808104d743537d236c271463ea5b48242f5215994dda76d; bridge source: f97e4d8a8e30dc4f5ede557058eb0c3ddb34dc8d release-240: merge origin/release-235 (5edbda08): FinComVoucherByNumber too only right after Tally's company list (next-fastfetch 188e9aa6, 2.3.4 L-d)
  INFO selfck: the window seeded 02:03-03:03 (the runner's clock 20:03)
bridge setup ended with 0
  INFO bridge on 127.0.0.1:9100, version 2.4.0, allowImport True, readOnly '', testMode False
  bridge log: 2026-10-08 20:03:09  FinCom Bridge 2.4.0: started just for runnervmfi6oq\runneradmin (no service); it keeps the bridge and its icon running
  bridge log: 2026-10-08 20:03:09  FinCom Bridge 2.4.0 (Go) started on 127.0.0.1:9100: the only bridge on this computer; working for runnervmfi6oq\runneradmin, Windows session 2; runs just for this Windows user (starts at sign-in, no service)
  bridge log: 2026-10-08 20:03:09  Tally is open on port 9000; the bridge reads it only after an event (a client opened in FinCom, Update now, a posting, the nightly catch-up at 02:00)
  bridge log: 2026-10-08 20:03:09  Recorder: re-scan of the add-on's files for 2.4.0: 0 line(s) sent earlier without their entry found (a new entry's line with no MasterID, a GUID of another entry, or read while the body fetch was off)
  bridge log: 2026-10-08 20:03:10  Check:  - 
  bridge log: 2026-10-08 20:03:12  Tray icon: set to show next to the clock always (Windows 11)
  bridge log: 2026-10-08 20:03:13  Company FinCom Spike Co: its Tally GUID 2f26384a-2af1-41b0-9955-2b3008c58e32 is held from now on
  bridge log: 2026-10-08 20:03:13  Company FinCom Spike Co: its starting point is recorded: ALTVCHID=2, ALTMSTID=209 (reading is prospective only: the bridge follows what changes after this)
  bridge log: 2026-10-08 20:03:13  Company FinCom Spike Co: change numbers read with form a: ALTVCHID=2, ALTMSTID=209
  bridge log: 2026-10-08 20:03:13  Light check of FinCom Spike Co: starting point recorded (ALTVCHID=2, ALTMSTID=209)
  bridge log: 2026-10-08 20:03:13  Bank dates: FinCom Spike Co: following Tally's voucher counter from ALTVCHID=2 (a move the add-on's lines do not explain is a bank date set, or another change Tally makes without a voucher form)
  bridge log: 2026-10-08 20:03:14  Trial tools switched on for this computer in FinCom: the tray shows the trial items
  bridge log: 2026-10-08 20:03:14  FinCom: this bridge is now the main bridge on this computer (set by the setup); it reads and posts
  INFO add-on: recorder files after start: none
[20:03:56] ---- selfck: the nightly self-check forced, FinCom's copy missing three entries
  INFO selfck: the starting point recorded: True
[VAll] 2 vouchers: 1/1/Journal/20260401/spike TDSDesk:test-1, 2/2/Journal/20261001/renum before the bridge
[keys] 'v' -> Tally 'TallyPrime:9000'
[shot] v-sc-10-vouchers (1024x768)
[keys] '{F6}' -> Tally 'TallyPrime:9000'
[keys] '{F2}' -> Tally 'TallyPrime:9000'
[keys] '2-10-2026{ENTER}' -> Tally 'TallyPrime:9000'
[keys] 'Cash{ENTER}' -> Tally 'TallyPrime:9000'
[keys] 'Spike Income{ENTER}' -> Tally 'TallyPrime:9000'
[shot] v-sc-11-particular (1024x768)
[keys] '710{ENTER}' -> Tally 'TallyPrime:9000'
[keys] '^a' -> Tally 'TallyPrime:9000'
[shot] v-sc-12-saved (1024x768)
[shot] tds-001-gw0 (1024x768)
[20:04:36] [tds] screen tds-001-gw0 : x TallyPrime MANAGE {1' EDU 5: Company Accounting Voucher Creation Recei t No. 2 Account • Current balance: Particulars Narration: Unity Quit Y: Data Q Z: Exchange A Accept Search O: Import E: Export M: E-mail FinCom • ke Co p: print x 2-Oct-26 Friday Amount Fl: Help Q: Date Company Ed: Contra Payment F-6: Receipt Journal Sales Purchase Fl O: OåuVooctgs E: Autofill Change Mode More Details O: Related ¯ Repons Optional post -Dated J: Stat o to ru ation 56Ud5 01-4 d3013 ' , "orc '4bd5a 01-4 d3013 .337. on_id ning relat 62a56 ing j ' , "sou 1194- : "4bd5 D: Delete x: Cancel Vch Adjustment El 2: C...
[keys] '{ESC}' -> Tally 'TallyPrime:9000'
[shot] tds-002-gw1 (1024x768)
[20:04:40] [tds] screen tds-002-gw1 : TallyPrime MANAGE {1' EDU 5: Company Accounting Voucher Creation Recei t No. 2 Account • Current balance: Particulars Narration: Unity Q: Quit Y: Data Q Z: Exchange A: Accept Search O: Import E: Export M: E-mail FinCom p: print x 2-Oct-26 Friday Amount Quit o Yes or No D: Delete X: Cancel Vch x Fl: Help F-2: Date F-3: Company F-4: Contra F-5: Payment F-6: Receipt F-7: Journal F-9: Purchase PIO: E: Autofill H: Change = Mode I: More - Details O: Related ¯ Repons L: Optional T: post = -Dated J: Stat ¯ Adjustment F-12: Configure o to ru ation 56Ud5 01-4 d3013 ' , "orc '4bd5a 01-4 d3013 .337. on_id...
[keys] 'y' -> Tally 'TallyPrime:9000'
[shot] tds-003-gw2 (1024x768)
[20:04:44] [tds] screen tds-003-gw2 : TallyPrime MANAGE {1' EDU 5: Company Gatewa of Tall CURRENT PERIOD I-Apr-26 to 31-Mar-27 NAME OF COMPANY FinCom Spike Co Unity Y: Data Q Z: Exchange CURRENT OATE Friday, 2-Oct-2026 2-Oct-26 Search O: Import E: Export M: E-mail p: pnnt x Fl: Help Date Company Gateway of Tally MASTERS Create Alter CHart of Accounts TRANSACTIONS Vouchers Day 800K UTILITIES BaNking REPORTS Balance Sheet Profit & Loss A/c Stock Summary Ratio Analysis Display More Reports Quit o to ru ation 56Ud5 01-4 d3013 ' , "orc 'L.Ibd5a 01-4 d3013 .337. on_id ning relat 62a56 ing j ' , "sou 1194- : "4bd5 Mode Windows Server 202...
[VAll] 3 vouchers: 1/1/Journal/20260401/spike TDSDesk:test-1, 2/2/Journal/20261001/renum before the bridge, 3/3/Receipt/20261002/
[selfck journal 1] 7 ms: <RESPONSE><LINEERROR/><CREATED>0</CREATED><ALTERED>0</ALTERED><DELETED>0</DELETED><LASTVCHID>0</LASTVCHID><LASTMID>0</LASTMID><COMBINED>0</COMBINED><IGNORED>0</IGNORED><ERRORS>1</ERRORS><CANCELLED>0</CANCELLED></RESPONSE>
  INFO selfck journal 1: Tally answered <CREATED>0</CREATED> <ALTERED>0</ALTERED> <DELETED>0</DELETED> <LASTVCHID>0</LASTVCHID> <LASTMID>0</LASTMID> <COMBINED>0</COMBINED> <IGNORED>0</IGNORED> <ERRORS>1</ERRORS>
[selfck journal 2] 6 ms: <RESPONSE><LINEERROR/><CREATED>0</CREATED><ALTERED>0</ALTERED><DELETED>0</DELETED><LASTVCHID>0</LASTVCHID><LASTMID>0</LASTMID><COMBINED>0</COMBINED><IGNORED>0</IGNORED><ERRORS>1</ERRORS><CANCELLED>0</CANCELLED></RESPONSE>
  INFO selfck journal 2: Tally answered <CREATED>0</CREATED> <ALTERED>0</ALTERED> <DELETED>0</DELETED> <LASTVCHID>0</LASTVCHID> <LASTMID>0</LASTMID> <COMBINED>0</COMBINED> <IGNORED>0</IGNORED> <ERRORS>1</ERRORS>
[selfck journal 3] 5 ms: <RESPONSE><LINEERROR/><CREATED>0</CREATED><ALTERED>0</ALTERED><DELETED>0</DELETED><LASTVCHID>0</LASTVCHID><LASTMID>0</LASTMID><COMBINED>0</COMBINED><IGNORED>0</IGNORED><ERRORS>1</ERRORS><CANCELLED>0</CANCELLED></RESPONSE>
  INFO selfck journal 3: Tally answered <CREATED>0</CREATED> <ALTERED>0</ALTERED> <DELETED>0</DELETED> <LASTVCHID>0</LASTVCHID> <LASTMID>0</LASTMID> <COMBINED>0</COMBINED> <IGNORED>0</IGNORED> <ERRORS>1</ERRORS>
[VAll] 3 vouchers: 1/1/Journal/20260401/spike TDSDesk:test-1, 2/2/Journal/20261001/renum before the bridge, 3/3/Receipt/20261002/
selfck stopped: the three journals by XML: 0 made at <ScriptBlock>, D:\a\testingtdsdesk\testingtdsdesk\.github\tally-spike\selfckv.ps1: line 63
at <ScriptBlock>, D:\a\testingtdsdesk\testingtdsdesk\.github\tally-spike\flowv.ps1: line 294
at <ScriptBlock>, D:\a\_temp\548193be-80eb-4885-9264-85eadf46f19b.ps1: line 2
at <ScriptBlock>, <No file>: line 1
######## HARNESS n1 nightly check: Tally's changes compared, the missing fetched: the harness stopped: the three journals by XML: 0 made
######## HARNESS n2 nightly check: the words recorded: the harness stopped: the three journals by XML: 0 made
######## HARNESS n3 nightly check: once a night: the harness stopped: the three journals by XML: 0 made
  bridge log: 2026-10-08 20:04:27  Recorder: Receipt 1 of 02-Oct-2026 (MasterID 3, line fc0aa04e…): asking Tally by MasterID
  bridge log: 2026-10-08 20:04:27  Recorder: entry fetch of FinCom Spike Co: answered in 7 ms
  bridge log: 2026-10-08 20:04:27  Recorder: Receipt 1 of 02-Oct-2026 (MasterID 3, line fc0aa04e…): taken: Tally's GUID 2f26384a-2af1-41b0-9955-2b3008c58e32-00000003, AlterID 3
  bridge log: 2026-10-08 20:04:27  Renumbering: made Receipt 1 of 02-Oct-2026 in FinCom Spike Co: FinCom holds 0 later Receipt entries; each is read again from Tally to see whether Tally renumbered it
