2026-10-08 17:52:16  FinCom Bridge 2.3.4: started just for runnervmfi6oq\runneradmin (no service); it keeps the bridge and its icon running
2026-10-08 17:52:16  FinCom Bridge 2.3.4 (Go) started on 127.0.0.1:9100: the only bridge on this computer; working for runnervmfi6oq\runneradmin, Windows session 2; runs just for this Windows user (starts at sign-in, no service)
2026-10-08 17:52:16  Tally is open on port 9000; the bridge reads it only after an event (a client opened in FinCom, Update now, a posting, the nightly catch-up at 02:00)
2026-10-08 17:52:16  Recorder: re-scan of the add-on's files for 2.3.4: 0 line(s) sent earlier without their entry found (a new entry's line with no MasterID, a GUID of another entry, or read while the body fetch was off)
2026-10-08 17:52:17  Check:  - 
2026-10-08 17:52:19  Tray icon: set to show next to the clock always (Windows 11)
2026-10-08 17:52:19  Trial tools switched on for this computer in FinCom: the tray shows the trial items
2026-10-08 17:52:19  FinCom: this bridge is now the main bridge on this computer (set by the setup); it reads and posts
2026-10-08 17:52:20  Company FinCom Spike Co: its Tally GUID 6e6a4e4e-5125-4e78-b4f0-d4c7371e1913 is held from now on
2026-10-08 17:52:20  Company FinCom Spike Co: its starting point is recorded: ALTVCHID=2, ALTMSTID=209 (reading is prospective only: the bridge follows what changes after this)
2026-10-08 17:52:20  Company FinCom Spike Co: change numbers read with form a: ALTVCHID=2, ALTMSTID=209
2026-10-08 17:52:20  Light check of FinCom Spike Co: starting point recorded (ALTVCHID=2, ALTMSTID=209)
2026-10-08 17:53:33  Recorder: Receipt 1 of 31-Oct-2026 (MasterID 3, line c7382550…): asking Tally by MasterID
2026-10-08 17:53:33  Recorder: entry fetch of FinCom Spike Co: answered in 18 ms
2026-10-08 17:53:33  Recorder: Receipt 1 of 31-Oct-2026 (MasterID 3, line c7382550…): taken: Tally's GUID 6e6a4e4e-5125-4e78-b4f0-d4c7371e1913-00000003, AlterID 3
2026-10-08 17:54:10  Recorder: Receipt 2 of 01-Nov-2026 (MasterID 4, line bd7963d8…): asking Tally by MasterID
2026-10-08 17:54:10  Recorder: entry fetch of FinCom Spike Co: answered in 26 ms
2026-10-08 17:54:10  Recorder: Receipt 2 of 01-Nov-2026 (MasterID 4, line bd7963d8…): taken: Tally's GUID 6e6a4e4e-5125-4e78-b4f0-d4c7371e1913-00000004, AlterID 4
2026-10-08 17:54:47  Recorder: Receipt 3 of 02-Nov-2026 (MasterID 5, line 2d2bea05…): asking Tally by MasterID
2026-10-08 17:54:47  Recorder: entry fetch of FinCom Spike Co: answered in 25 ms
2026-10-08 17:54:47  Recorder: Receipt 3 of 02-Nov-2026 (MasterID 5, line 2d2bea05…): taken: Tally's GUID 6e6a4e4e-5125-4e78-b4f0-d4c7371e1913-00000005, AlterID 5
2026-10-08 17:55:00  Reading from Tally stopped on this computer from FinCom: Stopped by the owner from FinCom (harness s1). Postings still go; reading starts again only from FinCom
2026-10-08 17:55:05  Light check: skipped: reading is stopped from FinCom (Stopped by the owner from FinCom (harness s1))
2026-10-08 17:55:28  Recorder: Receipt 4 of 02-Oct-2026 (MasterID 6, line 3884f4a1…): asking Tally by MasterID
2026-10-08 17:55:28  Recorder: Receipt 4 of 02-Oct-2026 (MasterID 6, line 3884f4a1…): held at once: waiting: reading from Tally is stopped from FinCom; asked again when it is resumed (sent now without its body; FinCom shows it held, and this bridge asks Tally again)
2026-10-08 17:55:28  Recorder: Receipt 4 of 02-Oct-2026 (MasterID 6, line 3884f4a1…): asking Tally again (a held line, ask 1 of 2: one request; if it stops or fails the line ends with the Day Book words)
2026-10-08 17:55:28  Recorder: Receipt 4 of 02-Oct-2026 (MasterID 6, line 3884f4a1…): not asked this time: Reading from Tally is stopped on this computer from FinCom (Stopped by the owner from FinCom (harness s1), 2026-10-08 17:54:56); nothing was sent to Tally. Post; asked when reading is resumed (not counted as a try)
2026-10-08 17:55:28  Recorder: held lines: 0 from FinCom, 0 asked, 0 resolved, 1 still held (1 in the list)
2026-10-08 17:55:28  Recorder: held lines: 0 from FinCom, 0 asked, 0 resolved, 1 still held (1 in the list)
2026-10-08 17:55:28  Recorder: held lines: 0 from FinCom, 0 asked, 0 resolved, 1 still held (1 in the list)
2026-10-08 17:55:29  Recorder: held lines: 0 from FinCom, 0 asked, 0 resolved, 1 still held (1 in the list)
2026-10-08 17:55:29  Recorder: held lines: 0 from FinCom, 0 asked, 0 resolved, 1 still held (1 in the list)
2026-10-08 17:55:29  Recorder: held lines: 0 from FinCom, 0 asked, 0 resolved, 1 still held (1 in the list)
2026-10-08 17:55:29  Recorder: held lines: 0 from FinCom, 0 asked, 0 resolved, 1 still held (1 in the list)
2026-10-08 17:55:30  Recorder: held lines: 0 from FinCom, 0 asked, 0 resolved, 1 still held (1 in the list)
2026-10-08 17:55:30  Recorder: held lines: 0 from FinCom, 0 asked, 0 resolved, 1 still held (1 in the list)
2026-10-08 17:55:30  Recorder: held lines: 0 from FinCom, 0 asked, 0 resolved, 1 still held (1 in the list)
2026-10-08 17:55:30  Recorder: held lines: 0 from FinCom, 0 asked, 0 resolved, 1 still held (1 in the list)
2026-10-08 17:55:31  Recorder: held lines: 0 from FinCom, 0 asked, 0 resolved, 1 still held (1 in the list)
2026-10-08 17:55:31  Recorder: held lines: 0 from FinCom, 0 asked, 0 resolved, 1 still held (1 in the list)
2026-10-08 17:55:31  Recorder: held lines: 0 from FinCom, 0 asked, 0 resolved, 1 still held (1 in the list)
2026-10-08 17:55:31  Recorder: held lines: 0 from FinCom, 0 asked, 0 resolved, 1 still held (1 in the list)
2026-10-08 17:55:32  Recorder: held lines: 0 from FinCom, 0 asked, 0 resolved, 1 still held (1 in the list)
2026-10-08 17:55:32  Recorder: held lines: 0 from FinCom, 0 asked, 0 resolved, 1 still held (1 in the list)
2026-10-08 17:55:32  Recorder: held lines: 0 from FinCom, 0 asked, 0 resolved, 1 still held (1 in the list)
2026-10-08 17:55:32  Recorder: held lines: 0 from FinCom, 0 asked, 0 resolved, 1 still held (1 in the list)
2026-10-08 17:55:33  Recorder: held lines: 0 from FinCom, 0 asked, 0 resolved, 1 still held (1 in the list)
2026-10-08 17:55:33  Recorder: held lines: 0 from FinCom, 0 asked, 0 resolved, 1 still held (1 in the list)
2026-10-08 17:55:33  Recorder: held lines: 0 from FinCom, 0 asked, 0 resolved, 1 still held (1 in the list)
2026-10-08 17:55:33  Recorder: held lines: 0 from FinCom, 0 asked, 0 resolved, 1 still held (1 in the list)
2026-10-08 17:55:34  Recorder: held lines: 0 from FinCom, 0 asked, 0 resolved, 1 still held (1 in the list)
2026-10-08 17:55:34  Recorder: held lines: 0 from FinCom, 0 asked, 0 resolved, 1 still held (1 in the list)
2026-10-08 17:55:34  Recorder: held lines: 0 from FinCom, 0 asked, 0 resolved, 1 still held (1 in the list)
2026-10-08 17:55:34  Recorder: held lines: 0 from FinCom, 0 asked, 0 resolved, 1 still held (1 in the list)
2026-10-08 17:55:35  Recorder: held lines: 0 from FinCom, 0 asked, 0 resolved, 1 still held (1 in the list)
2026-10-08 17:55:35  Recorder: held lines: 0 from FinCom, 0 asked, 0 resolved, 1 still held (1 in the list)
2026-10-08 17:55:35  Recorder: held lines: 0 from FinCom, 0 asked, 0 resolved, 1 still held (1 in the list)
2026-10-08 17:55:35  Recorder: held lines: 0 from FinCom, 0 asked, 0 resolved, 1 still held (1 in the list)
2026-10-08 17:55:36  Recorder: held lines: 0 from FinCom, 0 asked, 0 resolved, 1 still held (1 in the list)
2026-10-08 17:55:36  Recorder: held lines: 0 from FinCom, 0 asked, 0 resolved, 1 still held (1 in the list)
2026-10-08 17:55:36  Recorder: held lines: 0 from FinCom, 0 asked, 0 resolved, 1 still held (1 in the list)
2026-10-08 17:55:36  Recorder: held lines: 0 from FinCom, 0 asked, 0 resolved, 1 still held (1 in the list)
2026-10-08 17:55:37  Recorder: held lines: 0 from FinCom, 0 asked, 0 resolved, 1 still held (1 in the list)
2026-10-08 17:55:37  Recorder: held lines: 0 from FinCom, 0 asked, 0 resolved, 1 still held (1 in the list)
2026-10-08 17:55:37  Recorder: held lines: 0 from FinCom, 0 asked, 0 resolved, 1 still held (1 in the list)
2026-10-08 17:55:37  Recorder: held lines: 0 from FinCom, 0 asked, 0 resolved, 1 still held (1 in the list)
2026-10-08 17:55:38  Recorder: held lines: 0 from FinCom, 0 asked, 0 resolved, 1 still held (1 in the list)
2026-10-08 17:55:38  Recorder: held lines: 0 from FinCom, 0 asked, 0 resolved, 1 still held (1 in the list)
2026-10-08 17:55:38  Recorder: held lines: 0 from FinCom, 0 asked, 0 resolved, 1 still held (1 in the list)
2026-10-08 17:55:38  Recorder: held lines: 0 from FinCom, 0 asked, 0 resolved, 1 still held (1 in the list)
2026-10-08 17:55:39  Recorder: held lines: 0 from FinCom, 0 asked, 0 resolved, 1 still held (1 in the list)
2026-10-08 17:55:39  Recorder: held lines: 0 from FinCom, 0 asked, 0 resolved, 1 still held (1 in the list)
2026-10-08 17:55:39  Recorder: held lines: 0 from FinCom, 0 asked, 0 resolved, 1 still held (1 in the list)
2026-10-08 17:55:39  Recorder: held lines: 0 from FinCom, 0 asked, 0 resolved, 1 still held (1 in the list)
2026-10-08 17:55:40  Recorder: held lines: 0 from FinCom, 0 asked, 0 resolved, 1 still held (1 in the list)
2026-10-08 17:55:40  Recorder: held lines: 0 from FinCom, 0 asked, 0 resolved, 1 still held (1 in the list)
2026-10-08 17:55:40  Recorder: held lines: 0 from FinCom, 0 asked, 0 resolved, 1 still held (1 in the list)
2026-10-08 17:55:40  Recorder: held lines: 0 from FinCom, 0 asked, 0 resolved, 1 still held (1 in the list)
2026-10-08 17:55:41  Recorder: held lines: 0 from FinCom, 0 asked, 0 resolved, 1 still held (1 in the list)
2026-10-08 17:55:41  Recorder: held lines: 0 from FinCom, 0 asked, 0 resolved, 1 still held (1 in the list)
2026-10-08 17:55:41  Recorder: held lines: 0 from FinCom, 0 asked, 0 resolved, 1 still held (1 in the list)
2026-10-08 17:55:41  Recorder: held lines: 0 from FinCom, 0 asked, 0 resolved, 1 still held (1 in the list)
2026-10-08 17:55:42  Recorder: held lines: 0 from FinCom, 0 asked, 0 resolved, 1 still held (1 in the list)
2026-10-08 17:55:42  Recorder: held lines: 0 from FinCom, 0 asked, 0 resolved, 1 still held (1 in the list)
2026-10-08 17:55:42  Recorder: held lines: 0 from FinCom, 0 asked, 0 resolved, 1 still held (1 in the list)
2026-10-08 17:55:42  Recorder: held lines: 0 from FinCom, 0 asked, 0 resolved, 1 still held (1 in the list)
2026-10-08 17:55:43  Recorder: held lines: 0 from FinCom, 0 asked, 0 resolved, 1 still held (1 in the list)
2026-10-08 17:55:43  Recorder: held lines: 0 from FinCom, 0 asked, 0 resolved, 1 still held (1 in the list)
2026-10-08 17:55:43  Recorder: held lines: 0 from FinCom, 0 asked, 0 resolved, 1 still held (1 in the list)
2026-10-08 17:55:43  Recorder: held lines: 0 from FinCom, 0 asked, 0 resolved, 1 still held (1 in the list)
2026-10-08 17:55:44  Recorder: held lines: 0 from FinCom, 0 asked, 0 resolved, 1 still held (1 in the list)
2026-10-08 17:55:44  Recorder: held lines: 0 from FinCom, 0 asked, 0 resolved, 1 still held (1 in the list)
2026-10-08 17:55:44  Recorder: held lines: 0 from FinCom, 0 asked, 0 resolved, 1 still held (1 in the list)
2026-10-08 17:55:44  Recorder: held lines: 0 from FinCom, 0 asked, 0 resolved, 1 still held (1 in the list)
2026-10-08 17:55:45  Recorder: held lines: 0 from FinCom, 0 asked, 0 resolved, 1 still held (1 in the list)
2026-10-08 17:55:45  Recorder: held lines: 0 from FinCom, 0 asked, 0 resolved, 1 still held (1 in the list)
2026-10-08 17:55:45  Recorder: held lines: 0 from FinCom, 0 asked, 0 resolved, 1 still held (1 in the list)
2026-10-08 17:55:45  Recorder: held lines: 0 from FinCom, 0 asked, 0 resolved, 1 still held (1 in the list)
2026-10-08 17:55:46  Recorder: held lines: 0 from FinCom, 0 asked, 0 resolved, 1 still held (1 in the list)
2026-10-08 17:55:46  Recorder: held lines: 0 from FinCom, 0 asked, 0 resolved, 1 still held (1 in the list)
2026-10-08 17:55:46  Recorder: held lines: 0 from FinCom, 0 asked, 0 resolved, 1 still held (1 in the list)
2026-10-08 17:55:46  Recorder: held lines: 0 from FinCom, 0 asked, 0 resolved, 1 still held (1 in the list)
2026-10-08 17:55:47  Recorder: held lines: 0 from FinCom, 0 asked, 0 resolved, 1 still held (1 in the list)
2026-10-08 17:55:47  Recorder: held lines: 0 from FinCom, 0 asked, 0 resolved, 1 still held (1 in the list)
2026-10-08 17:55:47  Recorder: held lines: 0 from FinCom, 0 asked, 0 resolved, 1 still held (1 in the list)
2026-10-08 17:55:48  Recorder: held lines: 0 from FinCom, 0 asked, 0 resolved, 1 still held (1 in the list)
2026-10-08 17:55:48  Recorder: held lines: 0 from FinCom, 0 asked, 0 resolved, 1 still held (1 in the list)
2026-10-08 17:55:48  Recorder: held lines: 0 from FinCom, 0 asked, 0 resolved, 1 still held (1 in the list)
2026-10-08 17:55:48  Recorder: held lines: 0 from FinCom, 0 asked, 0 resolved, 1 still held (1 in the list)
2026-10-08 17:55:49  Recorder: held lines: 0 from FinCom, 0 asked, 0 resolved, 1 still held (1 in the list)
2026-10-08 17:55:49  Recorder: held lines: 0 from FinCom, 0 asked, 0 resolved, 1 still held (1 in the list)
2026-10-08 17:55:49  Recorder: held lines: 0 from FinCom, 0 asked, 0 resolved, 1 still held (1 in the list)
2026-10-08 17:55:49  Recorder: held lines: 0 from FinCom, 0 asked, 0 resolved, 1 still held (1 in the list)
2026-10-08 17:55:50  Recorder: held lines: 0 from FinCom, 0 asked, 0 resolved, 1 still held (1 in the list)
2026-10-08 17:55:50  Recorder: held lines: 0 from FinCom, 0 asked, 0 resolved, 1 still held (1 in the list)
2026-10-08 17:55:50  Recorder: held lines: 0 from FinCom, 0 asked, 0 resolved, 1 still held (1 in the list)
2026-10-08 17:55:50  Recorder: held lines: 0 from FinCom, 0 asked, 0 resolved, 1 still held (1 in the list)
2026-10-08 17:55:51  Recorder: held lines: 0 from FinCom, 0 asked, 0 resolved, 1 still held (1 in the list)
2026-10-08 17:55:51  Recorder: held lines: 0 from FinCom, 0 asked, 0 resolved, 1 still held (1 in the list)
2026-10-08 17:55:51  Recorder: held lines: 0 from FinCom, 0 asked, 0 resolved, 1 still held (1 in the list)
2026-10-08 17:55:51  Recorder: held lines: 0 from FinCom, 0 asked, 0 resolved, 1 still held (1 in the list)
2026-10-08 17:55:52  Recorder: held lines: 0 from FinCom, 0 asked, 0 resolved, 1 still held (1 in the list)
2026-10-08 17:55:52  Recorder: held lines: 0 from FinCom, 0 asked, 0 resolved, 1 still held (1 in the list)
2026-10-08 17:55:52  Recorder: held lines: 0 from FinCom, 0 asked, 0 resolved, 1 still held (1 in the list)
2026-10-08 17:55:52  Recorder: held lines: 0 from FinCom, 0 asked, 0 resolved, 1 still held (1 in the list)
2026-10-08 17:55:53  Recorder: held lines: 0 from FinCom, 0 asked, 0 resolved, 1 still held (1 in the list)
2026-10-08 17:55:53  Recorder: held lines: 0 from FinCom, 0 asked, 0 resolved, 1 still held (1 in the list)
2026-10-08 17:55:53  Recorder: held lines: 0 from FinCom, 0 asked, 0 resolved, 1 still held (1 in the list)
2026-10-08 17:55:53  Recorder: held lines: 0 from FinCom, 0 asked, 0 resolved, 1 still held (1 in the list)
2026-10-08 17:55:54  Recorder: held lines: 0 from FinCom, 0 asked, 0 resolved, 1 still held (1 in the list)
2026-10-08 17:55:54  Recorder: held lines: 0 from FinCom, 0 asked, 0 resolved, 1 still held (1 in the list)
2026-10-08 17:55:54  Recorder: held lines: 0 from FinCom, 0 asked, 0 resolved, 1 still held (1 in the list)
2026-10-08 17:55:54  Recorder: held lines: 0 from FinCom, 0 asked, 0 resolved, 1 still held (1 in the list)
2026-10-08 17:55:55  Recorder: held lines: 0 from FinCom, 0 asked, 0 resolved, 1 still held (1 in the list)
2026-10-08 17:55:55  Recorder: held lines: 0 from FinCom, 0 asked, 0 resolved, 1 still held (1 in the list)
2026-10-08 17:55:55  Recorder: held lines: 0 from FinCom, 0 asked, 0 resolved, 1 still held (1 in the list)
2026-10-08 17:55:55  Recorder: held lines: 0 from FinCom, 0 asked, 0 resolved, 1 still held (1 in the list)
2026-10-08 17:55:56  Recorder: held lines: 0 from FinCom, 0 asked, 0 resolved, 1 still held (1 in the list)
2026-10-08 17:55:56  Recorder: held lines: 0 from FinCom, 0 asked, 0 resolved, 1 still held (1 in the list)
2026-10-08 17:55:56  Recorder: held lines: 0 from FinCom, 0 asked, 0 resolved, 1 still held (1 in the list)
2026-10-08 17:55:56  Recorder: held lines: 0 from FinCom, 0 asked, 0 resolved, 1 still held (1 in the list)
2026-10-08 17:55:57  Recorder: held lines: 0 from FinCom, 0 asked, 0 resolved, 1 still held (1 in the list)
2026-10-08 17:55:57  Recorder: held lines: 0 from FinCom, 0 asked, 0 resolved, 1 still held (1 in the list)
2026-10-08 17:55:57  Recorder: held lines: 0 from FinCom, 0 asked, 0 resolved, 1 still held (1 in the list)
2026-10-08 17:55:57  Recorder: held lines: 0 from FinCom, 0 asked, 0 resolved, 1 still held (1 in the list)
2026-10-08 17:55:58  Recorder: held lines: 0 from FinCom, 0 asked, 0 resolved, 1 still held (1 in the list)
2026-10-08 17:55:58  Recorder: held lines: 0 from FinCom, 0 asked, 0 resolved, 1 still held (1 in the list)
2026-10-08 17:55:58  Recorder: held lines: 0 from FinCom, 0 asked, 0 resolved, 1 still held (1 in the list)
2026-10-08 17:55:59  Recorder: held lines: 0 from FinCom, 0 asked, 0 resolved, 1 still held (1 in the list)
2026-10-08 17:55:59  Recorder: held lines: 0 from FinCom, 0 asked, 0 resolved, 1 still held (1 in the list)
2026-10-08 17:55:59  Recorder: held lines: 0 from FinCom, 0 asked, 0 resolved, 1 still held (1 in the list)
2026-10-08 17:55:59  Recorder: held lines: 0 from FinCom, 0 asked, 0 resolved, 1 still held (1 in the list)
2026-10-08 17:56:00  Recorder: held lines: 0 from FinCom, 0 asked, 0 resolved, 1 still held (1 in the list)
2026-10-08 17:56:00  Recorder: held lines: 0 from FinCom, 0 asked, 0 resolved, 1 still held (1 in the list)
2026-10-08 17:56:00  Recorder: held lines: 0 from FinCom, 0 asked, 0 resolved, 1 still held (1 in the list)
2026-10-08 17:56:00  Recorder: held lines: 0 from FinCom, 0 asked, 0 resolved, 1 still held (1 in the list)
2026-10-08 17:56:01  Recorder: held lines: 0 from FinCom, 0 asked, 0 resolved, 1 still held (1 in the list)
2026-10-08 17:56:01  Recorder: held lines: 0 from FinCom, 0 asked, 0 resolved, 1 still held (1 in the list)
2026-10-08 17:56:01  Recorder: held lines: 0 from FinCom, 0 asked, 0 resolved, 1 still held (1 in the list)
2026-10-08 17:56:01  Recorder: held lines: 0 from FinCom, 0 asked, 0 resolved, 1 still held (1 in the list)
2026-10-08 17:56:02  Recorder: held lines: 0 from FinCom, 0 asked, 0 resolved, 1 still held (1 in the list)
2026-10-08 17:56:02  Recorder: held lines: 0 from FinCom, 0 asked, 0 resolved, 1 still held (1 in the list)
2026-10-08 17:56:02  Recorder: held lines: 0 from FinCom, 0 asked, 0 resolved, 1 still held (1 in the list)
2026-10-08 17:56:02  Recorder: held lines: 0 from FinCom, 0 asked, 0 resolved, 1 still held (1 in the list)
2026-10-08 17:56:03  Recorder: held lines: 0 from FinCom, 0 asked, 0 resolved, 1 still held (1 in the list)
2026-10-08 17:56:03  Recorder: held lines: 0 from FinCom, 0 asked, 0 resolved, 1 still held (1 in the list)
2026-10-08 17:56:03  Recorder: held lines: 0 from FinCom, 0 asked, 0 resolved, 1 still held (1 in the list)
2026-10-08 17:56:03  Recorder: held lines: 0 from FinCom, 0 asked, 0 resolved, 1 still held (1 in the list)
2026-10-08 17:56:04  Recorder: held lines: 0 from FinCom, 0 asked, 0 resolved, 1 still held (1 in the list)
2026-10-08 17:56:04  Recorder: held lines: 0 from FinCom, 0 asked, 0 resolved, 1 still held (1 in the list)
2026-10-08 17:56:04  Recorder: held lines: 0 from FinCom, 0 asked, 0 resolved, 1 still held (1 in the list)
2026-10-08 17:56:04  Recorder: held lines: 0 from FinCom, 0 asked, 0 resolved, 1 still held (1 in the list)
2026-10-08 17:56:05  Recorder: held lines: 0 from FinCom, 0 asked, 0 resolved, 1 still held (1 in the list)
2026-10-08 17:56:05  Recorder: held lines: 0 from FinCom, 0 asked, 0 resolved, 1 still held (1 in the list)
2026-10-08 17:56:05  Recorder: held lines: 0 from FinCom, 0 asked, 0 resolved, 1 still held (1 in the list)
2026-10-08 17:56:05  Recorder: held lines: 0 from FinCom, 0 asked, 0 resolved, 1 still held (1 in the list)
2026-10-08 17:56:06  Recorder: held lines: 0 from FinCom, 0 asked, 0 resolved, 1 still held (1 in the list)
2026-10-08 17:56:06  Recorder: held lines: 0 from FinCom, 0 asked, 0 resolved, 1 still held (1 in the list)
2026-10-08 17:56:06  Recorder: held lines: 0 from FinCom, 0 asked, 0 resolved, 1 still held (1 in the list)
2026-10-08 17:56:06  Recorder: held lines: 0 from FinCom, 0 asked, 0 resolved, 1 still held (1 in the list)
2026-10-08 17:56:07  Recorder: held lines: 0 from FinCom, 0 asked, 0 resolved, 1 still held (1 in the list)
2026-10-08 17:56:07  Recorder: held lines: 0 from FinCom, 0 asked, 0 resolved, 1 still held (1 in the list)
2026-10-08 17:56:07  Recorder: held lines: 0 from FinCom, 0 asked, 0 resolved, 1 still held (1 in the list)
2026-10-08 17:56:07  Recorder: held lines: 0 from FinCom, 0 asked, 0 resolved, 1 still held (1 in the list)
2026-10-08 17:56:08  Recorder: held lines: 0 from FinCom, 0 asked, 0 resolved, 1 still held (1 in the list)
2026-10-08 17:56:08  Recorder: held lines: 0 from FinCom, 0 asked, 0 resolved, 1 still held (1 in the list)
2026-10-08 17:56:08  Recorder: held lines: 0 from FinCom, 0 asked, 0 resolved, 1 still held (1 in the list)
2026-10-08 17:56:08  Recorder: held lines: 0 from FinCom, 0 asked, 0 resolved, 1 still held (1 in the list)
2026-10-08 17:56:09  Recorder: held lines: 0 from FinCom, 0 asked, 0 resolved, 1 still held (1 in the list)
2026-10-08 17:56:09  Recorder: held lines: 0 from FinCom, 0 asked, 0 resolved, 1 still held (1 in the list)
2026-10-08 17:56:09  Recorder: held lines: 0 from FinCom, 0 asked, 0 resolved, 1 still held (1 in the list)
2026-10-08 17:56:09  Recorder: held lines: 0 from FinCom, 0 asked, 0 resolved, 1 still held (1 in the list)
2026-10-08 17:56:10  Recorder: held lines: 0 from FinCom, 0 asked, 0 resolved, 1 still held (1 in the list)
2026-10-08 17:56:10  Recorder: held lines: 0 from FinCom, 0 asked, 0 resolved, 1 still held (1 in the list)
2026-10-08 17:56:10  Recorder: held lines: 0 from FinCom, 0 asked, 0 resolved, 1 still held (1 in the list)
2026-10-08 17:56:10  Recorder: held lines: 0 from FinCom, 0 asked, 0 resolved, 1 still held (1 in the list)
2026-10-08 17:56:11  Recorder: held lines: 0 from FinCom, 0 asked, 0 resolved, 1 still held (1 in the list)
2026-10-08 17:56:11  Recorder: held lines: 0 from FinCom, 0 asked, 0 resolved, 1 still held (1 in the list)
2026-10-08 17:56:11  Recorder: held lines: 0 from FinCom, 0 asked, 0 resolved, 1 still held (1 in the list)
2026-10-08 17:56:11  Recorder: held lines: 0 from FinCom, 0 asked, 0 resolved, 1 still held (1 in the list)
2026-10-08 17:56:12  Recorder: held lines: 0 from FinCom, 0 asked, 0 resolved, 1 still held (1 in the list)
2026-10-08 17:56:12  Recorder: held lines: 0 from FinCom, 0 asked, 0 resolved, 1 still held (1 in the list)
2026-10-08 17:56:12  Recorder: held lines: 0 from FinCom, 0 asked, 0 resolved, 1 still held (1 in the list)
2026-10-08 17:56:13  Recorder: held lines: 0 from FinCom, 0 asked, 0 resolved, 1 still held (1 in the list)
2026-10-08 17:56:13  Recorder: held lines: 0 from FinCom, 0 asked, 0 resolved, 1 still held (1 in the list)
2026-10-08 17:56:13  Recorder: held lines: 0 from FinCom, 0 asked, 0 resolved, 1 still held (1 in the list)
2026-10-08 17:56:13  Recorder: held lines: 0 from FinCom, 0 asked, 0 resolved, 1 still held (1 in the list)
2026-10-08 17:56:14  Recorder: held lines: 0 from FinCom, 0 asked, 0 resolved, 1 still held (1 in the list)
2026-10-08 17:56:14  Recorder: held lines: 0 from FinCom, 0 asked, 0 resolved, 1 still held (1 in the list)
2026-10-08 17:56:14  Recorder: held lines: 0 from FinCom, 0 asked, 0 resolved, 1 still held (1 in the list)
2026-10-08 17:56:14  Recorder: held lines: 0 from FinCom, 0 asked, 0 resolved, 1 still held (1 in the list)
2026-10-08 17:56:15  Recorder: held lines: 0 from FinCom, 0 asked, 0 resolved, 1 still held (1 in the list)
2026-10-08 17:56:15  Recorder: held lines: 0 from FinCom, 0 asked, 0 resolved, 1 still held (1 in the list)
2026-10-08 17:56:15  Recorder: held lines: 0 from FinCom, 0 asked, 0 resolved, 1 still held (1 in the list)
2026-10-08 17:56:15  Recorder: held lines: 0 from FinCom, 0 asked, 0 resolved, 1 still held (1 in the list)
2026-10-08 17:56:16  Recorder: held lines: 0 from FinCom, 0 asked, 0 resolved, 1 still held (1 in the list)
2026-10-08 17:56:16  Recorder: held lines: 0 from FinCom, 0 asked, 0 resolved, 1 still held (1 in the list)
2026-10-08 17:56:16  Recorder: held lines: 0 from FinCom, 0 asked, 0 resolved, 1 still held (1 in the list)
2026-10-08 17:56:16  Recorder: held lines: 0 from FinCom, 0 asked, 0 resolved, 1 still held (1 in the list)
2026-10-08 17:56:17  Recorder: held lines: 0 from FinCom, 0 asked, 0 resolved, 1 still held (1 in the list)
2026-10-08 17:56:17  Recorder: Receipt 1 of 31-Oct-2026 (MasterID 3, line 9bf14aeb…): asking Tally by MasterID
2026-10-08 17:56:17  Recorder: Receipt 1 of 31-Oct-2026 (MasterID 3, line 9bf14aeb…): held at once: waiting: reading from Tally is stopped from FinCom; asked again when it is resumed (sent now without its body; FinCom shows it held, and this bridge asks Tally again)
2026-10-08 17:56:17  Recorder: Receipt 1 of 31-Oct-2026 (MasterID 3, line 9bf14aeb…): asking Tally again (a held line, ask 1 of 2: one request; if it stops or fails the line ends with the Day Book words)
2026-10-08 17:56:17  Recorder: Receipt 1 of 31-Oct-2026 (MasterID 3, line 9bf14aeb…): not asked this time: Reading from Tally is stopped on this computer from FinCom (Stopped by the owner from FinCom (harness s1), 2026-10-08 17:54:56); nothing was sent to Tally. Post; asked when reading is resumed (not counted as a try)
2026-10-08 17:56:17  Recorder: held lines: 0 from FinCom, 0 asked, 0 resolved, 2 still held (2 in the list)
2026-10-08 17:56:17  Recorder: held lines: 0 from FinCom, 0 asked, 0 resolved, 2 still held (2 in the list)
2026-10-08 17:56:17  Recorder: held lines: 0 from FinCom, 0 asked, 0 resolved, 2 still held (2 in the list)
2026-10-08 17:56:17  Recorder: held lines: 0 from FinCom, 0 asked, 0 resolved, 2 still held (2 in the list)
2026-10-08 17:56:18  Recorder: held lines: 0 from FinCom, 0 asked, 0 resolved, 2 still held (2 in the list)
2026-10-08 17:56:18  Recorder: held lines: 0 from FinCom, 0 asked, 0 resolved, 2 still held (2 in the list)
2026-10-08 17:56:18  Recorder: held lines: 0 from FinCom, 0 asked, 0 resolved, 2 still held (2 in the list)
2026-10-08 17:56:18  Recorder: held lines: 0 from FinCom, 0 asked, 0 resolved, 2 still held (2 in the list)
2026-10-08 17:56:19  Recorder: held lines: 0 from FinCom, 0 asked, 0 resolved, 2 still held (2 in the list)
2026-10-08 17:56:19  Recorder: held lines: 0 from FinCom, 0 asked, 0 resolved, 2 still held (2 in the list)
2026-10-08 17:56:19  Recorder: held lines: 0 from FinCom, 0 asked, 0 resolved, 2 still held (2 in the list)
2026-10-08 17:56:19  Recorder: held lines: 0 from FinCom, 0 asked, 0 resolved, 2 still held (2 in the list)
2026-10-08 17:56:20  Recorder: held lines: 0 from FinCom, 0 asked, 0 resolved, 2 still held (2 in the list)
2026-10-08 17:56:20  Recorder: held lines: 0 from FinCom, 0 asked, 0 resolved, 2 still held (2 in the list)
2026-10-08 17:56:20  Recorder: held lines: 0 from FinCom, 0 asked, 0 resolved, 2 still held (2 in the list)
2026-10-08 17:56:20  Recorder: held lines: 0 from FinCom, 0 asked, 0 resolved, 2 still held (2 in the list)
2026-10-08 17:56:21  Recorder: held lines: 0 from FinCom, 0 asked, 0 resolved, 2 still held (2 in the list)
2026-10-08 17:56:21  Recorder: held lines: 0 from FinCom, 0 asked, 0 resolved, 2 still held (2 in the list)
2026-10-08 17:56:21  Recorder: held lines: 0 from FinCom, 0 asked, 0 resolved, 2 still held (2 in the list)
2026-10-08 17:56:21  Recorder: held lines: 0 from FinCom, 0 asked, 0 resolved, 2 still held (2 in the list)
2026-10-08 17:56:22  Recorder: held lines: 0 from FinCom, 0 asked, 0 resolved, 2 still held (2 in the list)
2026-10-08 17:56:22  Recorder: held lines: 0 from FinCom, 0 asked, 0 resolved, 2 still held (2 in the list)
2026-10-08 17:56:22  Recorder: held lines: 0 from FinCom, 0 asked, 0 resolved, 2 still held (2 in the list)
2026-10-08 17:56:22  Recorder: held lines: 0 from FinCom, 0 asked, 0 resolved, 2 still held (2 in the list)
2026-10-08 17:56:23  Recorder: held lines: 0 from FinCom, 0 asked, 0 resolved, 2 still held (2 in the list)
2026-10-08 17:56:23  Recorder: held lines: 0 from FinCom, 0 asked, 0 resolved, 2 still held (2 in the list)
2026-10-08 17:56:23  Recorder: held lines: 0 from FinCom, 0 asked, 0 resolved, 2 still held (2 in the list)
2026-10-08 17:56:23  Recorder: held lines: 0 from FinCom, 0 asked, 0 resolved, 2 still held (2 in the list)
2026-10-08 17:56:24  Recorder: held lines: 0 from FinCom, 0 asked, 0 resolved, 2 still held (2 in the list)
2026-10-08 17:56:24  Recorder: held lines: 0 from FinCom, 0 asked, 0 resolved, 2 still held (2 in the list)
2026-10-08 17:56:24  Recorder: held lines: 0 from FinCom, 0 asked, 0 resolved, 2 still held (2 in the list)
2026-10-08 17:56:24  Recorder: held lines: 0 from FinCom, 0 asked, 0 resolved, 2 still held (2 in the list)
2026-10-08 17:56:25  Recorder: held lines: 0 from FinCom, 0 asked, 0 resolved, 2 still held (2 in the list)
2026-10-08 17:56:25  Recorder: held lines: 0 from FinCom, 0 asked, 0 resolved, 2 still held (2 in the list)
2026-10-08 17:56:25  Recorder: held lines: 0 from FinCom, 0 asked, 0 resolved, 2 still held (2 in the list)
2026-10-08 17:56:25  Recorder: held lines: 0 from FinCom, 0 asked, 0 resolved, 2 still held (2 in the list)
2026-10-08 17:56:26  Recorder: held lines: 0 from FinCom, 0 asked, 0 resolved, 2 still held (2 in the list)
2026-10-08 17:56:26  Recorder: held lines: 0 from FinCom, 0 asked, 0 resolved, 2 still held (2 in the list)
2026-10-08 17:56:26  Recorder: held lines: 0 from FinCom, 0 asked, 0 resolved, 2 still held (2 in the list)
2026-10-08 17:56:26  Recorder: held lines: 0 from FinCom, 0 asked, 0 resolved, 2 still held (2 in the list)
2026-10-08 17:56:27  Recorder: held lines: 0 from FinCom, 0 asked, 0 resolved, 2 still held (2 in the list)
2026-10-08 17:56:27  Recorder: held lines: 0 from FinCom, 0 asked, 0 resolved, 2 still held (2 in the list)
2026-10-08 17:56:27  Recorder: held lines: 0 from FinCom, 0 asked, 0 resolved, 2 still held (2 in the list)
2026-10-08 17:56:27  Recorder: held lines: 0 from FinCom, 0 asked, 0 resolved, 2 still held (2 in the list)
2026-10-08 17:56:28  Recorder: held lines: 0 from FinCom, 0 asked, 0 resolved, 2 still held (2 in the list)
2026-10-08 17:56:28  Recorder: held lines: 0 from FinCom, 0 asked, 0 resolved, 2 still held (2 in the list)
2026-10-08 17:56:28  Recorder: held lines: 0 from FinCom, 0 asked, 0 resolved, 2 still held (2 in the list)
2026-10-08 17:56:29  Recorder: held lines: 0 from FinCom, 0 asked, 0 resolved, 2 still held (2 in the list)
2026-10-08 17:56:29  Recorder: held lines: 0 from FinCom, 0 asked, 0 resolved, 2 still held (2 in the list)
2026-10-08 17:56:29  Recorder: held lines: 0 from FinCom, 0 asked, 0 resolved, 2 still held (2 in the list)
2026-10-08 17:56:29  Recorder: held lines: 0 from FinCom, 0 asked, 0 resolved, 2 still held (2 in the list)
2026-10-08 17:56:30  Recorder: held lines: 0 from FinCom, 0 asked, 0 resolved, 2 still held (2 in the list)
2026-10-08 17:56:30  Recorder: held lines: 0 from FinCom, 0 asked, 0 resolved, 2 still held (2 in the list)
2026-10-08 17:56:30  Recorder: held lines: 0 from FinCom, 0 asked, 0 resolved, 2 still held (2 in the list)
2026-10-08 17:56:30  Recorder: held lines: 0 from FinCom, 0 asked, 0 resolved, 2 still held (2 in the list)
2026-10-08 17:56:31  Recorder: held lines: 0 from FinCom, 0 asked, 0 resolved, 2 still held (2 in the list)
2026-10-08 17:56:31  Recorder: held lines: 0 from FinCom, 0 asked, 0 resolved, 2 still held (2 in the list)
2026-10-08 17:56:31  Recorder: held lines: 0 from FinCom, 0 asked, 0 resolved, 2 still held (2 in the list)
2026-10-08 17:56:31  Recorder: held lines: 0 from FinCom, 0 asked, 0 resolved, 2 still held (2 in the list)
2026-10-08 17:56:32  Recorder: held lines: 0 from FinCom, 0 asked, 0 resolved, 2 still held (2 in the list)
2026-10-08 17:56:32  Recorder: held lines: 0 from FinCom, 0 asked, 0 resolved, 2 still held (2 in the list)
2026-10-08 17:56:32  Recorder: held lines: 0 from FinCom, 0 asked, 0 resolved, 2 still held (2 in the list)
2026-10-08 17:56:32  Recorder: held lines: 0 from FinCom, 0 asked, 0 resolved, 2 still held (2 in the list)
2026-10-08 17:56:33  Recorder: held lines: 0 from FinCom, 0 asked, 0 resolved, 2 still held (2 in the list)
2026-10-08 17:56:33  Recorder: held lines: 0 from FinCom, 0 asked, 0 resolved, 2 still held (2 in the list)
2026-10-08 17:56:33  Recorder: held lines: 0 from FinCom, 0 asked, 0 resolved, 2 still held (2 in the list)
2026-10-08 17:56:33  Recorder: held lines: 0 from FinCom, 0 asked, 0 resolved, 2 still held (2 in the list)
2026-10-08 17:56:34  Recorder: held lines: 0 from FinCom, 0 asked, 0 resolved, 2 still held (2 in the list)
2026-10-08 17:56:34  Recorder: held lines: 0 from FinCom, 0 asked, 0 resolved, 2 still held (2 in the list)
2026-10-08 17:56:34  Recorder: held lines: 0 from FinCom, 0 asked, 0 resolved, 2 still held (2 in the list)
2026-10-08 17:56:34  Recorder: held lines: 0 from FinCom, 0 asked, 0 resolved, 2 still held (2 in the list)
2026-10-08 17:56:35  Recorder: held lines: 0 from FinCom, 0 asked, 0 resolved, 2 still held (2 in the list)
2026-10-08 17:56:35  Recorder: held lines: 0 from FinCom, 0 asked, 0 resolved, 2 still held (2 in the list)
2026-10-08 17:56:35  Recorder: held lines: 0 from FinCom, 0 asked, 0 resolved, 2 still held (2 in the list)
2026-10-08 17:56:35  Recorder: held lines: 0 from FinCom, 0 asked, 0 resolved, 2 still held (2 in the list)
2026-10-08 17:56:36  Recorder: held lines: 0 from FinCom, 0 asked, 0 resolved, 2 still held (2 in the list)
2026-10-08 17:56:36  Recorder: held lines: 0 from FinCom, 0 asked, 0 resolved, 2 still held (2 in the list)
2026-10-08 17:56:36  Recorder: held lines: 0 from FinCom, 0 asked, 0 resolved, 2 still held (2 in the list)
2026-10-08 17:56:36  Recorder: held lines: 0 from FinCom, 0 asked, 0 resolved, 2 still held (2 in the list)
2026-10-08 17:56:37  Recorder: held lines: 0 from FinCom, 0 asked, 0 resolved, 2 still held (2 in the list)
2026-10-08 17:56:37  Recorder: held lines: 0 from FinCom, 0 asked, 0 resolved, 2 still held (2 in the list)
2026-10-08 17:56:37  Recorder: held lines: 0 from FinCom, 0 asked, 0 resolved, 2 still held (2 in the list)
2026-10-08 17:56:38  Recorder: held lines: 0 from FinCom, 0 asked, 0 resolved, 2 still held (2 in the list)
2026-10-08 17:56:38  Recorder: held lines: 0 from FinCom, 0 asked, 0 resolved, 2 still held (2 in the list)
2026-10-08 17:56:38  Recorder: held lines: 0 from FinCom, 0 asked, 0 resolved, 2 still held (2 in the list)
2026-10-08 17:56:38  Recorder: held lines: 0 from FinCom, 0 asked, 0 resolved, 2 still held (2 in the list)
2026-10-08 17:56:39  Recorder: held lines: 0 from FinCom, 0 asked, 0 resolved, 2 still held (2 in the list)
2026-10-08 17:56:39  Recorder: held lines: 0 from FinCom, 0 asked, 0 resolved, 2 still held (2 in the list)
2026-10-08 17:56:39  Recorder: held lines: 0 from FinCom, 0 asked, 0 resolved, 2 still held (2 in the list)
2026-10-08 17:56:39  Recorder: held lines: 0 from FinCom, 0 asked, 0 resolved, 2 still held (2 in the list)
2026-10-08 17:56:40  Recorder: held lines: 0 from FinCom, 0 asked, 0 resolved, 2 still held (2 in the list)
2026-10-08 17:56:40  Recorder: held lines: 0 from FinCom, 0 asked, 0 resolved, 2 still held (2 in the list)
2026-10-08 17:56:40  Recorder: held lines: 0 from FinCom, 0 asked, 0 resolved, 2 still held (2 in the list)
2026-10-08 17:56:40  Recorder: held lines: 0 from FinCom, 0 asked, 0 resolved, 2 still held (2 in the list)
2026-10-08 17:56:41  Recorder: held lines: 0 from FinCom, 0 asked, 0 resolved, 2 still held (2 in the list)
2026-10-08 17:56:41  Recorder: held lines: 0 from FinCom, 0 asked, 0 resolved, 2 still held (2 in the list)
2026-10-08 17:56:41  Recorder: held lines: 0 from FinCom, 0 asked, 0 resolved, 2 still held (2 in the list)
2026-10-08 17:56:41  Recorder: held lines: 0 from FinCom, 0 asked, 0 resolved, 2 still held (2 in the list)
2026-10-08 17:56:42  Recorder: held lines: 0 from FinCom, 0 asked, 0 resolved, 2 still held (2 in the list)
2026-10-08 17:56:42  Recorder: held lines: 0 from FinCom, 0 asked, 0 resolved, 2 still held (2 in the list)
2026-10-08 17:56:42  Recorder: held lines: 0 from FinCom, 0 asked, 0 resolved, 2 still held (2 in the list)
2026-10-08 17:56:42  Recorder: held lines: 0 from FinCom, 0 asked, 0 resolved, 2 still held (2 in the list)
2026-10-08 17:56:43  Recorder: held lines: 0 from FinCom, 0 asked, 0 resolved, 2 still held (2 in the list)
2026-10-08 17:56:43  Recorder: held lines: 0 from FinCom, 0 asked, 0 resolved, 2 still held (2 in the list)
2026-10-08 17:56:43  Recorder: held lines: 0 from FinCom, 0 asked, 0 resolved, 2 still held (2 in the list)
2026-10-08 17:56:43  Recorder: held lines: 0 from FinCom, 0 asked, 0 resolved, 2 still held (2 in the list)
2026-10-08 17:56:44  Recorder: held lines: 0 from FinCom, 0 asked, 0 resolved, 2 still held (2 in the list)
2026-10-08 17:56:44  Recorder: held lines: 0 from FinCom, 0 asked, 0 resolved, 2 still held (2 in the list)
2026-10-08 17:56:44  Recorder: held lines: 0 from FinCom, 0 asked, 0 resolved, 2 still held (2 in the list)
2026-10-08 17:56:44  Recorder: held lines: 0 from FinCom, 0 asked, 0 resolved, 2 still held (2 in the list)
2026-10-08 17:56:45  Recorder: held lines: 0 from FinCom, 0 asked, 0 resolved, 2 still held (2 in the list)
2026-10-08 17:56:45  Recorder: held lines: 0 from FinCom, 0 asked, 0 resolved, 2 still held (2 in the list)
2026-10-08 17:56:45  Recorder: held lines: 0 from FinCom, 0 asked, 0 resolved, 2 still held (2 in the list)
2026-10-08 17:56:45  Recorder: held lines: 0 from FinCom, 0 asked, 0 resolved, 2 still held (2 in the list)
2026-10-08 17:56:46  Recorder: held lines: 0 from FinCom, 0 asked, 0 resolved, 2 still held (2 in the list)
2026-10-08 17:56:46  Recorder: held lines: 0 from FinCom, 0 asked, 0 resolved, 2 still held (2 in the list)
2026-10-08 17:56:46  Recorder: held lines: 0 from FinCom, 0 asked, 0 resolved, 2 still held (2 in the list)
2026-10-08 17:56:46  Recorder: held lines: 0 from FinCom, 0 asked, 0 resolved, 2 still held (2 in the list)
2026-10-08 17:56:47  Recorder: held lines: 0 from FinCom, 0 asked, 0 resolved, 2 still held (2 in the list)
2026-10-08 17:56:47  Recorder: held lines: 0 from FinCom, 0 asked, 0 resolved, 2 still held (2 in the list)
2026-10-08 17:56:47  Recorder: held lines: 0 from FinCom, 0 asked, 0 resolved, 2 still held (2 in the list)
2026-10-08 17:56:47  Recorder: held lines: 0 from FinCom, 0 asked, 0 resolved, 2 still held (2 in the list)
2026-10-08 17:56:48  Recorder: held lines: 0 from FinCom, 0 asked, 0 resolved, 2 still held (2 in the list)
2026-10-08 17:56:48  Recorder: held lines: 0 from FinCom, 0 asked, 0 resolved, 2 still held (2 in the list)
2026-10-08 17:56:48  Recorder: held lines: 0 from FinCom, 0 asked, 0 resolved, 2 still held (2 in the list)
2026-10-08 17:56:48  Recorder: held lines: 0 from FinCom, 0 asked, 0 resolved, 2 still held (2 in the list)
2026-10-08 17:56:49  Recorder: held lines: 0 from FinCom, 0 asked, 0 resolved, 2 still held (2 in the list)
2026-10-08 17:56:49  Recorder: Receipt 2 of 01-Nov-2026 (MasterID 4, line 50b53ed4…): asking Tally by MasterID
2026-10-08 17:56:49  Recorder: FinCom Spike Co: delete of mid 4: held: this computer's Tally could not be asked whether it was deleted here (waiting: reading from Tally is stopped from FinCom; asked again when it is resumed); not sent as a delete: held
2026-10-08 17:56:49  Recorder: held lines: 0 from FinCom, 0 asked, 0 resolved, 3 still held (3 in the list)
2026-10-08 17:56:49  Recorder: held lines: 0 from FinCom, 0 asked, 0 resolved, 3 still held (3 in the list)
2026-10-08 17:56:49  Recorder: held lines: 0 from FinCom, 0 asked, 0 resolved, 3 still held (3 in the list)
2026-10-08 17:56:49  Recorder: held lines: 0 from FinCom, 0 asked, 0 resolved, 3 still held (3 in the list)
2026-10-08 17:56:50  Recorder: held lines: 0 from FinCom, 0 asked, 0 resolved, 3 still held (3 in the list)
2026-10-08 17:56:50  Recorder: held lines: 0 from FinCom, 0 asked, 0 resolved, 3 still held (3 in the list)
2026-10-08 17:56:50  Recorder: held lines: 0 from FinCom, 0 asked, 0 resolved, 3 still held (3 in the list)
2026-10-08 17:56:50  Recorder: held lines: 0 from FinCom, 0 asked, 0 resolved, 3 still held (3 in the list)
2026-10-08 17:56:51  Recorder: held lines: 0 from FinCom, 0 asked, 0 resolved, 3 still held (3 in the list)
2026-10-08 17:56:51  Recorder: held lines: 0 from FinCom, 0 asked, 0 resolved, 3 still held (3 in the list)
2026-10-08 17:56:51  Recorder: held lines: 0 from FinCom, 0 asked, 0 resolved, 3 still held (3 in the list)
2026-10-08 17:56:51  Recorder: held lines: 0 from FinCom, 0 asked, 0 resolved, 3 still held (3 in the list)
2026-10-08 17:56:52  Recorder: held lines: 0 from FinCom, 0 asked, 0 resolved, 3 still held (3 in the list)
2026-10-08 17:56:52  Recorder: held lines: 0 from FinCom, 0 asked, 0 resolved, 3 still held (3 in the list)
2026-10-08 17:56:52  Recorder: held lines: 0 from FinCom, 0 asked, 0 resolved, 3 still held (3 in the list)
2026-10-08 17:56:52  Recorder: held lines: 0 from FinCom, 0 asked, 0 resolved, 3 still held (3 in the list)
2026-10-08 17:56:53  Recorder: held lines: 0 from FinCom, 0 asked, 0 resolved, 3 still held (3 in the list)
2026-10-08 17:56:53  Recorder: held lines: 0 from FinCom, 0 asked, 0 resolved, 3 still held (3 in the list)
2026-10-08 17:56:53  Recorder: held lines: 0 from FinCom, 0 asked, 0 resolved, 3 still held (3 in the list)
2026-10-08 17:56:53  Recorder: held lines: 0 from FinCom, 0 asked, 0 resolved, 3 still held (3 in the list)
2026-10-08 17:56:54  Recorder: held lines: 0 from FinCom, 0 asked, 0 resolved, 3 still held (3 in the list)
2026-10-08 17:56:54  Recorder: held lines: 0 from FinCom, 0 asked, 0 resolved, 3 still held (3 in the list)
2026-10-08 17:56:54  Recorder: held lines: 0 from FinCom, 0 asked, 0 resolved, 3 still held (3 in the list)
2026-10-08 17:56:55  Recorder: held lines: 0 from FinCom, 0 asked, 0 resolved, 3 still held (3 in the list)
2026-10-08 17:56:55  Recorder: held lines: 0 from FinCom, 0 asked, 0 resolved, 3 still held (3 in the list)
2026-10-08 17:56:55  Recorder: held lines: 0 from FinCom, 0 asked, 0 resolved, 3 still held (3 in the list)
2026-10-08 17:56:55  Recorder: held lines: 0 from FinCom, 0 asked, 0 resolved, 3 still held (3 in the list)
2026-10-08 17:56:56  Recorder: held lines: 0 from FinCom, 0 asked, 0 resolved, 3 still held (3 in the list)
2026-10-08 17:56:56  Recorder: held lines: 0 from FinCom, 0 asked, 0 resolved, 3 still held (3 in the list)
2026-10-08 17:56:56  Recorder: held lines: 0 from FinCom, 0 asked, 0 resolved, 3 still held (3 in the list)
2026-10-08 17:56:56  Recorder: held lines: 0 from FinCom, 0 asked, 0 resolved, 3 still held (3 in the list)
2026-10-08 17:56:57  Recorder: held lines: 0 from FinCom, 0 asked, 0 resolved, 3 still held (3 in the list)
2026-10-08 17:56:57  Recorder: held lines: 0 from FinCom, 0 asked, 0 resolved, 3 still held (3 in the list)
2026-10-08 17:56:57  Recorder: held lines: 0 from FinCom, 0 asked, 0 resolved, 3 still held (3 in the list)
2026-10-08 17:56:57  Recorder: held lines: 0 from FinCom, 0 asked, 0 resolved, 3 still held (3 in the list)
2026-10-08 17:56:58  Recorder: held lines: 0 from FinCom, 0 asked, 0 resolved, 3 still held (3 in the list)
2026-10-08 17:56:58  Recorder: held lines: 0 from FinCom, 0 asked, 0 resolved, 3 still held (3 in the list)
2026-10-08 17:56:58  Recorder: held lines: 0 from FinCom, 0 asked, 0 resolved, 3 still held (3 in the list)
2026-10-08 17:56:58  Recorder: held lines: 0 from FinCom, 0 asked, 0 resolved, 3 still held (3 in the list)
2026-10-08 17:56:59  Recorder: held lines: 0 from FinCom, 0 asked, 0 resolved, 3 still held (3 in the list)
2026-10-08 17:56:59  Recorder: held lines: 0 from FinCom, 0 asked, 0 resolved, 3 still held (3 in the list)
2026-10-08 17:56:59  Recorder: held lines: 0 from FinCom, 0 asked, 0 resolved, 3 still held (3 in the list)
2026-10-08 17:57:00  Recorder: held lines: 0 from FinCom, 0 asked, 0 resolved, 3 still held (3 in the list)
2026-10-08 17:57:00  Reading from Tally resumed from FinCom (it was stopped: Stopped by the owner from FinCom (harness s1))
2026-10-08 17:57:00  Recorder: entry fetch of FinCom Spike Co: answered in 20 ms
2026-10-08 17:57:00  Recorder: Receipt 1 of 31-Oct-2026 (MasterID 3, line 9bf14aeb…): taken: Tally's GUID 6e6a4e4e-5125-4e78-b4f0-d4c7371e1913-00000003, AlterID 7
2026-10-08 17:57:00  Recorder: Receipt 1 of 20261031 in FinCom Spike Co resolved: sent as altered with its GUID 6e6a4e4e-5125-4e78-b4f0-d4c7371e1913-00000003 and body
2026-10-08 17:57:00  Recorder: entry fetch of FinCom Spike Co: answered in 33 ms
2026-10-08 17:57:00  Recorder: Receipt 4 of 02-Oct-2026 (MasterID 6, line 3884f4a1…): taken: Tally's GUID 6e6a4e4e-5125-4e78-b4f0-d4c7371e1913-00000006, AlterID 6
2026-10-08 17:57:00  Recorder: Receipt 4 of 20261002 in FinCom Spike Co resolved: sent as created with its GUID 6e6a4e4e-5125-4e78-b4f0-d4c7371e1913-00000006 and body
2026-10-08 17:57:00  Recorder: Receipt 2 of 01-Nov-2026 (MasterID 4, line 50b53ed4…): asking Tally again (a held line, ask 1 of 1: one request; if it stops or fails the line ends with the Day Book words)
2026-10-08 17:57:00  Recorder: entry fetch of FinCom Spike Co: answered in 13 ms
2026-10-08 17:57:01  Recorder: entry fetch of FinCom Spike Co: answered in 12 ms
2026-10-08 17:57:01  Recorder: FinCom Spike Co: delete of mid 4: not in this Tally (asked by MasterID): proven deleted here
2026-10-08 17:57:01  Recorder: Receipt 2 of 01-Nov-2026 (MasterID 4, line 50b53ed4…): proven in this Tally now: the delete goes as 50b53ed4c9d4596f05ffd255612d578b:resolved
2026-10-08 17:57:01  Recorder: held lines: 0 from FinCom, 3 asked, 3 resolved, 0 still held (3 in the list)
2026-10-08 17:57:01  Recorder: FinCom Spike Co: delete of mid 4: GUID from the bridge's record: 6e6a4e4e-5125-4e78-b4f0-d4c7371e1913-00000004; the GUID its MasterID makes agrees
2026-10-08 17:57:15  Reading from Tally stopped on this computer from FinCom: Stopped by the owner from FinCom (harness s3). Postings still go; reading starts again only from FinCom
2026-10-08 17:57:43  Recorder: Receipt 3 of 02-Nov-2026 (MasterID 5, line 09bf801d…): asking Tally by MasterID
2026-10-08 17:57:43  Recorder: FinCom Spike Co: delete of mid 5: held: this computer's Tally could not be asked whether it was deleted here (waiting: reading from Tally is stopped from FinCom; asked again when it is resumed); not sent as a delete: held
2026-10-08 17:57:43  Recorder: Receipt 3 of 02-Nov-2026 (MasterID 5, line 09bf801d…): asking Tally again (a held line, ask 1 of 1: one request; if it stops or fails the line ends with the Day Book words)
2026-10-08 17:57:43  Recorder: Receipt 3 of 02-Nov-2026 (MasterID 5, line 09bf801d…): not asked this time: Reading from Tally is stopped on this computer from FinCom (Stopped by the owner from FinCom (harness s3), 2026-10-08 17:57:13); nothing was sent to Tally. Post; asked when reading is resumed (not counted as a try)
2026-10-08 17:57:43  Recorder: held lines: 0 from FinCom, 0 asked, 0 resolved, 1 still held (1 in the list)
2026-10-08 17:57:43  Recorder: held lines: 0 from FinCom, 0 asked, 0 resolved, 1 still held (1 in the list)
2026-10-08 17:57:43  Recorder: held lines: 0 from FinCom, 0 asked, 0 resolved, 1 still held (1 in the list)
2026-10-08 17:57:44  Recorder: held lines: 0 from FinCom, 0 asked, 0 resolved, 1 still held (1 in the list)
2026-10-08 17:57:44  Recorder: held lines: 0 from FinCom, 0 asked, 0 resolved, 1 still held (1 in the list)
2026-10-08 17:57:44  Recorder: held lines: 0 from FinCom, 0 asked, 0 resolved, 1 still held (1 in the list)
2026-10-08 17:57:44  Recorder: held lines: 0 from FinCom, 0 asked, 0 resolved, 1 still held (1 in the list)
2026-10-08 17:57:45  Recorder: held lines: 0 from FinCom, 0 asked, 0 resolved, 1 still held (1 in the list)
2026-10-08 17:57:45  Recorder: held lines: 0 from FinCom, 0 asked, 0 resolved, 1 still held (1 in the list)
2026-10-08 17:57:45  Recorder: held lines: 0 from FinCom, 0 asked, 0 resolved, 1 still held (1 in the list)
2026-10-08 17:57:45  Recorder: held lines: 0 from FinCom, 0 asked, 0 resolved, 1 still held (1 in the list)
2026-10-08 17:57:46  Recorder: held lines: 0 from FinCom, 0 asked, 0 resolved, 1 still held (1 in the list)
2026-10-08 17:57:46  Recorder: held lines: 0 from FinCom, 0 asked, 0 resolved, 1 still held (1 in the list)
2026-10-08 17:57:46  Recorder: held lines: 0 from FinCom, 0 asked, 0 resolved, 1 still held (1 in the list)
2026-10-08 17:57:46  Recorder: held lines: 0 from FinCom, 0 asked, 0 resolved, 1 still held (1 in the list)
2026-10-08 17:57:47  Recorder: held lines: 0 from FinCom, 0 asked, 0 resolved, 1 still held (1 in the list)
2026-10-08 17:57:47  Recorder: held lines: 0 from FinCom, 0 asked, 0 resolved, 1 still held (1 in the list)
2026-10-08 17:57:47  Recorder: held lines: 0 from FinCom, 0 asked, 0 resolved, 1 still held (1 in the list)
2026-10-08 17:57:47  Recorder: held lines: 0 from FinCom, 0 asked, 0 resolved, 1 still held (1 in the list)
2026-10-08 17:57:48  Recorder: held lines: 0 from FinCom, 0 asked, 0 resolved, 1 still held (1 in the list)
2026-10-08 17:57:48  Recorder: held lines: 0 from FinCom, 0 asked, 0 resolved, 1 still held (1 in the list)
2026-10-08 17:57:48  Recorder: held lines: 0 from FinCom, 0 asked, 0 resolved, 1 still held (1 in the list)
2026-10-08 17:57:48  Recorder: held lines: 0 from FinCom, 0 asked, 0 resolved, 1 still held (1 in the list)
2026-10-08 17:57:49  Recorder: held lines: 0 from FinCom, 0 asked, 0 resolved, 1 still held (1 in the list)
2026-10-08 17:57:49  Recorder: held lines: 0 from FinCom, 0 asked, 0 resolved, 1 still held (1 in the list)
2026-10-08 17:57:49  Recorder: held lines: 0 from FinCom, 0 asked, 0 resolved, 1 still held (1 in the list)
2026-10-08 17:57:49  Recorder: held lines: 0 from FinCom, 0 asked, 0 resolved, 1 still held (1 in the list)
2026-10-08 17:57:50  Recorder: held lines: 0 from FinCom, 0 asked, 0 resolved, 1 still held (1 in the list)
2026-10-08 17:57:50  Recorder: held lines: 0 from FinCom, 0 asked, 0 resolved, 1 still held (1 in the list)
2026-10-08 17:57:50  Recorder: held lines: 0 from FinCom, 0 asked, 0 resolved, 1 still held (1 in the list)
2026-10-08 17:57:50  Recorder: held lines: 0 from FinCom, 0 asked, 0 resolved, 1 still held (1 in the list)
2026-10-08 17:57:51  Recorder: held lines: 0 from FinCom, 0 asked, 0 resolved, 1 still held (1 in the list)
2026-10-08 17:57:51  Restarting: asked from the tray icon
2026-10-08 17:57:52  FinCom Bridge 2.3.4 (Go) started on 127.0.0.1:9100: the only bridge on this computer; working for runnervmfi6oq\runneradmin, Windows session 2; runs just for this Windows user (starts at sign-in, no service)
2026-10-08 17:57:52  Tally is open on port 9000; the bridge reads it only after an event (a client opened in FinCom, Update now, a posting, the nightly catch-up at 02:00)
2026-10-08 17:57:52  Recorder: Receipt 3 of 02-Nov-2026 (MasterID 5, line 09bf801d…): asking Tally again (a held line, ask 1 of 1: one request; if it stops or fails the line ends with the Day Book words)
2026-10-08 17:57:52  Recorder: Receipt 3 of 02-Nov-2026 (MasterID 5, line 09bf801d…): not asked this time: Reading from Tally is stopped on this computer from FinCom (Stopped by the owner from FinCom (harness s3), 2026-10-08 17:57:13); nothing was sent to Tally. Post; asked when reading is resumed (not counted as a try)
2026-10-08 17:57:52  Recorder: held lines: 0 from FinCom, 0 asked, 0 resolved, 1 still held (1 in the list)
2026-10-08 17:57:52  Check:  - 
2026-10-08 17:57:53  Recorder: held lines: 0 from FinCom, 0 asked, 0 resolved, 1 still held (1 in the list)
2026-10-08 17:57:53  Recorder: held lines: 0 from FinCom, 0 asked, 0 resolved, 1 still held (1 in the list)
2026-10-08 17:57:53  Recorder: held lines: 0 from FinCom, 0 asked, 0 resolved, 1 still held (1 in the list)
2026-10-08 17:57:53  Recorder: held lines: 0 from FinCom, 0 asked, 0 resolved, 1 still held (1 in the list)
2026-10-08 17:57:54  Recorder: held lines: 0 from FinCom, 0 asked, 0 resolved, 1 still held (1 in the list)
2026-10-08 17:57:54  Recorder: held lines: 0 from FinCom, 0 asked, 0 resolved, 1 still held (1 in the list)
2026-10-08 17:57:54  Recorder: held lines: 0 from FinCom, 0 asked, 0 resolved, 1 still held (1 in the list)
2026-10-08 17:57:54  Recorder: held lines: 0 from FinCom, 0 asked, 0 resolved, 1 still held (1 in the list)
2026-10-08 17:57:55  Recorder: held lines: 0 from FinCom, 0 asked, 0 resolved, 1 still held (1 in the list)
2026-10-08 17:57:55  Recorder: held lines: 0 from FinCom, 0 asked, 0 resolved, 1 still held (1 in the list)
2026-10-08 17:57:55  Recorder: held lines: 0 from FinCom, 0 asked, 0 resolved, 1 still held (1 in the list)
2026-10-08 17:57:55  Light check of FinCom Spike Co: skipped: reading is stopped from FinCom (Stopped by the owner from FinCom (harness s3))
2026-10-08 17:57:55  Trial tools switched on for this computer in FinCom: the tray shows the trial items
2026-10-08 17:57:55  Recorder: held lines: 0 from FinCom, 0 asked, 0 resolved, 1 still held (1 in the list)
2026-10-08 17:57:56  Recorder: held lines: 0 from FinCom, 0 asked, 0 resolved, 1 still held (1 in the list)
2026-10-08 17:57:56  Recorder: held lines: 0 from FinCom, 0 asked, 0 resolved, 1 still held (1 in the list)
2026-10-08 17:57:56  Recorder: held lines: 0 from FinCom, 0 asked, 0 resolved, 1 still held (1 in the list)
2026-10-08 17:57:56  Recorder: held lines: 0 from FinCom, 0 asked, 0 resolved, 1 still held (1 in the list)
2026-10-08 17:57:57  Recorder: held lines: 0 from FinCom, 0 asked, 0 resolved, 1 still held (1 in the list)
2026-10-08 17:57:57  Recorder: held lines: 0 from FinCom, 0 asked, 0 resolved, 1 still held (1 in the list)
2026-10-08 17:57:57  Recorder: held lines: 0 from FinCom, 0 asked, 0 resolved, 1 still held (1 in the list)
2026-10-08 17:57:57  Recorder: held lines: 0 from FinCom, 0 asked, 0 resolved, 1 still held (1 in the list)
2026-10-08 17:57:58  Recorder: held lines: 0 from FinCom, 0 asked, 0 resolved, 1 still held (1 in the list)
2026-10-08 17:57:58  Recorder: held lines: 0 from FinCom, 0 asked, 0 resolved, 1 still held (1 in the list)
2026-10-08 17:57:58  Recorder: held lines: 0 from FinCom, 0 asked, 0 resolved, 1 still held (1 in the list)
2026-10-08 17:57:58  Recorder: held lines: 0 from FinCom, 0 asked, 0 resolved, 1 still held (1 in the list)
2026-10-08 17:57:59  Recorder: held lines: 0 from FinCom, 0 asked, 0 resolved, 1 still held (1 in the list)
2026-10-08 17:57:59  Recorder: held lines: 0 from FinCom, 0 asked, 0 resolved, 1 still held (1 in the list)
2026-10-08 17:57:59  Recorder: held lines: 0 from FinCom, 0 asked, 0 resolved, 1 still held (1 in the list)
2026-10-08 17:57:59  Recorder: held lines: 0 from FinCom, 0 asked, 0 resolved, 1 still held (1 in the list)
2026-10-08 17:58:00  Recorder: held lines: 0 from FinCom, 0 asked, 0 resolved, 1 still held (1 in the list)
2026-10-08 17:58:00  Recorder: held lines: 0 from FinCom, 0 asked, 0 resolved, 1 still held (1 in the list)
2026-10-08 17:58:00  Recorder: held lines: 0 from FinCom, 0 asked, 0 resolved, 1 still held (1 in the list)
2026-10-08 17:58:00  Recorder: held lines: 0 from FinCom, 0 asked, 0 resolved, 1 still held (1 in the list)
2026-10-08 17:58:01  Recorder: held lines: 0 from FinCom, 0 asked, 0 resolved, 1 still held (1 in the list)
2026-10-08 17:58:01  Recorder: held lines: 0 from FinCom, 0 asked, 0 resolved, 1 still held (1 in the list)
2026-10-08 17:58:01  Recorder: held lines: 0 from FinCom, 0 asked, 0 resolved, 1 still held (1 in the list)
2026-10-08 17:58:01  Recorder: held lines: 0 from FinCom, 0 asked, 0 resolved, 1 still held (1 in the list)
2026-10-08 17:58:02  Recorder: held lines: 0 from FinCom, 0 asked, 0 resolved, 1 still held (1 in the list)
2026-10-08 17:58:02  Recorder: held lines: 0 from FinCom, 0 asked, 0 resolved, 1 still held (1 in the list)
2026-10-08 17:58:02  Recorder: held lines: 0 from FinCom, 0 asked, 0 resolved, 1 still held (1 in the list)
2026-10-08 17:58:02  Recorder: held lines: 0 from FinCom, 0 asked, 0 resolved, 1 still held (1 in the list)
2026-10-08 17:58:03  Recorder: held lines: 0 from FinCom, 0 asked, 0 resolved, 1 still held (1 in the list)
2026-10-08 17:58:03  Recorder: held lines: 0 from FinCom, 0 asked, 0 resolved, 1 still held (1 in the list)
2026-10-08 17:58:03  Recorder: held lines: 0 from FinCom, 0 asked, 0 resolved, 1 still held (1 in the list)
2026-10-08 17:58:03  Recorder: held lines: 0 from FinCom, 0 asked, 0 resolved, 1 still held (1 in the list)
2026-10-08 17:58:04  Recorder: held lines: 0 from FinCom, 0 asked, 0 resolved, 1 still held (1 in the list)
2026-10-08 17:58:04  Recorder: held lines: 0 from FinCom, 0 asked, 0 resolved, 1 still held (1 in the list)
2026-10-08 17:58:04  Recorder: held lines: 0 from FinCom, 0 asked, 0 resolved, 1 still held (1 in the list)
2026-10-08 17:58:04  Recorder: held lines: 0 from FinCom, 0 asked, 0 resolved, 1 still held (1 in the list)
2026-10-08 17:58:05  Recorder: held lines: 0 from FinCom, 0 asked, 0 resolved, 1 still held (1 in the list)
2026-10-08 17:58:05  Recorder: held lines: 0 from FinCom, 0 asked, 0 resolved, 1 still held (1 in the list)
2026-10-08 17:58:05  Recorder: held lines: 0 from FinCom, 0 asked, 0 resolved, 1 still held (1 in the list)
2026-10-08 17:58:05  Recorder: held lines: 0 from FinCom, 0 asked, 0 resolved, 1 still held (1 in the list)
2026-10-08 17:58:06  Recorder: held lines: 0 from FinCom, 0 asked, 0 resolved, 1 still held (1 in the list)
2026-10-08 17:58:06  Recorder: held lines: 0 from FinCom, 0 asked, 0 resolved, 1 still held (1 in the list)
2026-10-08 17:58:06  Recorder: held lines: 0 from FinCom, 0 asked, 0 resolved, 1 still held (1 in the list)
2026-10-08 17:58:06  Recorder: held lines: 0 from FinCom, 0 asked, 0 resolved, 1 still held (1 in the list)
2026-10-08 17:58:07  Recorder: held lines: 0 from FinCom, 0 asked, 0 resolved, 1 still held (1 in the list)
2026-10-08 17:58:07  Recorder: held lines: 0 from FinCom, 0 asked, 0 resolved, 1 still held (1 in the list)
2026-10-08 17:58:07  Recorder: held lines: 0 from FinCom, 0 asked, 0 resolved, 1 still held (1 in the list)
2026-10-08 17:58:07  Recorder: held lines: 0 from FinCom, 0 asked, 0 resolved, 1 still held (1 in the list)
2026-10-08 17:58:08  Recorder: held lines: 0 from FinCom, 0 asked, 0 resolved, 1 still held (1 in the list)
2026-10-08 17:58:08  Recorder: held lines: 0 from FinCom, 0 asked, 0 resolved, 1 still held (1 in the list)
2026-10-08 17:58:08  Recorder: held lines: 0 from FinCom, 0 asked, 0 resolved, 1 still held (1 in the list)
2026-10-08 17:58:08  Recorder: held lines: 0 from FinCom, 0 asked, 0 resolved, 1 still held (1 in the list)
2026-10-08 17:58:09  Recorder: held lines: 0 from FinCom, 0 asked, 0 resolved, 1 still held (1 in the list)
2026-10-08 17:58:09  Recorder: held lines: 0 from FinCom, 0 asked, 0 resolved, 1 still held (1 in the list)
2026-10-08 17:58:09  Recorder: held lines: 0 from FinCom, 0 asked, 0 resolved, 1 still held (1 in the list)
2026-10-08 17:58:10  Recorder: held lines: 0 from FinCom, 0 asked, 0 resolved, 1 still held (1 in the list)
2026-10-08 17:58:10  Recorder: held lines: 0 from FinCom, 0 asked, 0 resolved, 1 still held (1 in the list)
2026-10-08 17:58:10  Recorder: held lines: 0 from FinCom, 0 asked, 0 resolved, 1 still held (1 in the list)
2026-10-08 17:58:10  Recorder: held lines: 0 from FinCom, 0 asked, 0 resolved, 1 still held (1 in the list)
2026-10-08 17:58:11  Recorder: held lines: 0 from FinCom, 0 asked, 0 resolved, 1 still held (1 in the list)
2026-10-08 17:58:11  Recorder: held lines: 0 from FinCom, 0 asked, 0 resolved, 1 still held (1 in the list)
2026-10-08 17:58:11  Recorder: held lines: 0 from FinCom, 0 asked, 0 resolved, 1 still held (1 in the list)
2026-10-08 17:58:11  Recorder: held lines: 0 from FinCom, 0 asked, 0 resolved, 1 still held (1 in the list)
2026-10-08 17:58:12  Recorder: held lines: 0 from FinCom, 0 asked, 0 resolved, 1 still held (1 in the list)
2026-10-08 17:58:12  Recorder: held lines: 0 from FinCom, 0 asked, 0 resolved, 1 still held (1 in the list)
2026-10-08 17:58:12  Recorder: held lines: 0 from FinCom, 0 asked, 0 resolved, 1 still held (1 in the list)
2026-10-08 17:58:12  Recorder: held lines: 0 from FinCom, 0 asked, 0 resolved, 1 still held (1 in the list)
2026-10-08 17:58:13  Recorder: held lines: 0 from FinCom, 0 asked, 0 resolved, 1 still held (1 in the list)
2026-10-08 17:58:13  Recorder: held lines: 0 from FinCom, 0 asked, 0 resolved, 1 still held (1 in the list)
2026-10-08 17:58:13  Recorder: held lines: 0 from FinCom, 0 asked, 0 resolved, 1 still held (1 in the list)
2026-10-08 17:58:13  Recorder: held lines: 0 from FinCom, 0 asked, 0 resolved, 1 still held (1 in the list)
2026-10-08 17:58:14  Recorder: held lines: 0 from FinCom, 0 asked, 0 resolved, 1 still held (1 in the list)
2026-10-08 17:58:14  Recorder: held lines: 0 from FinCom, 0 asked, 0 resolved, 1 still held (1 in the list)
2026-10-08 17:58:14  Recorder: held lines: 0 from FinCom, 0 asked, 0 resolved, 1 still held (1 in the list)
2026-10-08 17:58:14  Recorder: held lines: 0 from FinCom, 0 asked, 0 resolved, 1 still held (1 in the list)
2026-10-08 17:58:15  Recorder: held lines: 0 from FinCom, 0 asked, 0 resolved, 1 still held (1 in the list)
2026-10-08 17:58:15  Recorder: held lines: 0 from FinCom, 0 asked, 0 resolved, 1 still held (1 in the list)
2026-10-08 17:58:15  Recorder: held lines: 0 from FinCom, 0 asked, 0 resolved, 1 still held (1 in the list)
2026-10-08 17:58:16  Recorder: held lines: 0 from FinCom, 0 asked, 0 resolved, 1 still held (1 in the list)
2026-10-08 17:58:16  Recorder: held lines: 0 from FinCom, 0 asked, 0 resolved, 1 still held (1 in the list)
2026-10-08 17:58:16  Recorder: held lines: 0 from FinCom, 0 asked, 0 resolved, 1 still held (1 in the list)
2026-10-08 17:58:16  Recorder: held lines: 0 from FinCom, 0 asked, 0 resolved, 1 still held (1 in the list)
2026-10-08 17:58:17  Recorder: held lines: 0 from FinCom, 0 asked, 0 resolved, 1 still held (1 in the list)
2026-10-08 17:58:17  Recorder: held lines: 0 from FinCom, 0 asked, 0 resolved, 1 still held (1 in the list)
2026-10-08 17:58:17  Recorder: held lines: 0 from FinCom, 0 asked, 0 resolved, 1 still held (1 in the list)
2026-10-08 17:58:17  Recorder: held lines: 0 from FinCom, 0 asked, 0 resolved, 1 still held (1 in the list)
2026-10-08 17:58:18  Recorder: held lines: 0 from FinCom, 0 asked, 0 resolved, 1 still held (1 in the list)
2026-10-08 17:58:18  Recorder: held lines: 0 from FinCom, 0 asked, 0 resolved, 1 still held (1 in the list)
2026-10-08 17:58:18  Recorder: held lines: 0 from FinCom, 0 asked, 0 resolved, 1 still held (1 in the list)
2026-10-08 17:58:18  Recorder: held lines: 0 from FinCom, 0 asked, 0 resolved, 1 still held (1 in the list)
2026-10-08 17:58:19  Recorder: held lines: 0 from FinCom, 0 asked, 0 resolved, 1 still held (1 in the list)
2026-10-08 17:58:19  Recorder: held lines: 0 from FinCom, 0 asked, 0 resolved, 1 still held (1 in the list)
2026-10-08 17:58:19  Recorder: held lines: 0 from FinCom, 0 asked, 0 resolved, 1 still held (1 in the list)
2026-10-08 17:58:19  Recorder: held lines: 0 from FinCom, 0 asked, 0 resolved, 1 still held (1 in the list)
2026-10-08 17:58:20  Recorder: held lines: 0 from FinCom, 0 asked, 0 resolved, 1 still held (1 in the list)
2026-10-08 17:58:20  Recorder: held lines: 0 from FinCom, 0 asked, 0 resolved, 1 still held (1 in the list)
2026-10-08 17:58:20  Recorder: held lines: 0 from FinCom, 0 asked, 0 resolved, 1 still held (1 in the list)
2026-10-08 17:58:20  Reading from Tally resumed from FinCom (it was stopped: Stopped by the owner from FinCom (harness s3))
2026-10-08 17:58:20  Recorder: entry fetch of FinCom Spike Co: answered in 14 ms
2026-10-08 17:58:21  Recorder: entry fetch of FinCom Spike Co: answered in 24 ms
2026-10-08 17:58:21  Recorder: FinCom Spike Co: delete of mid 5: not in this Tally (asked by MasterID): proven deleted here
2026-10-08 17:58:21  Recorder: Receipt 3 of 02-Nov-2026 (MasterID 5, line 09bf801d…): proven in this Tally now: the delete goes as 09bf801db89c05cc342e25682593c9db:resolved
2026-10-08 17:58:21  Recorder: held lines: 0 from FinCom, 1 asked, 1 resolved, 0 still held (1 in the list)
2026-10-08 17:58:21  Recorder: FinCom Spike Co: delete of mid 5: GUID from the bridge's record: 6e6a4e4e-5125-4e78-b4f0-d4c7371e1913-00000005; the GUID its MasterID makes agrees
2026-10-08 17:58:25  Company FinCom Spike Co: change numbers read with form a: ALTVCHID=11, ALTMSTID=209
2026-10-08 17:58:25  Light check of FinCom Spike Co: unchanged starting point ALTVCHID=2; now ALTVCHID=11, ALTMSTID=209
2026-10-08 17:59:03  Recorder: Receipt 5 of 01-Dec-2026 (MasterID 9, line d1321538…): asking Tally by MasterID
2026-10-08 17:59:05  Tally 9000: Other took 2.2s and failed: Tally took longer than the recorder's limit; the bridge stopped waiting (2 s)
2026-10-08 17:59:05  Tally 9000 did not answer in time at 17:59:05 (FinComVoucherObject, try 1); trying again by itself at 17:59:20
2026-10-08 17:59:05  Recorder: entry fetch of FinCom Spike Co: over 2 s (stopped)
2026-10-08 17:59:05  Recorder: Receipt 5 of 01-Dec-2026 (MasterID 9, line d1321538…): held at once: waiting: Tally took longer than 2 s; FinCom asks once more at 18:04 (sent now without its body; FinCom shows it held, and this bridge asks Tally once more)
2026-10-08 17:59:23  Tally 9000 finished the request the bridge stopped waiting for (FinComVoucherObject) 18s after the stop; its answer is discarded and the next request goes now
2026-10-08 18:02:48  Notification shown: Tally not open (tally:71c60cddd415f4bf; not shown again for this problem)
2026-10-08 18:04:05  Recorder: Receipt 5 of 01-Dec-2026 (MasterID 9, line d1321538…): asking Tally again (a held line, ask 1 of 1: one request; if it stops or fails the line ends with the Day Book words)
2026-10-08 18:04:05  Recorder: Receipt 5 of 01-Dec-2026 (MasterID 9, line d1321538…): not asked this time: TallyPrime is not running in your Windows login, or does not accept connections (F1 Help > Settings > Connectivity: TallyPrime acts as Both). (not counted as a try)
2026-10-08 18:04:05  Recorder: held lines: 0 from FinCom, 1 asked, 0 resolved, 1 still held (1 in the list)
