[20:16:45] ---- c1 install and open the company (TallyPrime 4.1)
  INFO installed: C:\Program Files\TallyPrime\tally.exe; tally.exe 15413896 bytes, 2026-10-09, FileVersion 1.1.4.1, ProductVersion 1.1.4.1, ProductName TallyPrime
  INFO company folder made by flow.ps1: D:\a\_temp\TallyData\100000
[keys] 'a' -> Tally 'TallyPrime:9000'
[keys] 't' -> Tally 'TallyPrime:9000'
[shot] v-00-started (1024x768)
[companies] 9 ms: <ENVELOPE><HEADER><VERSION>1</VERSION><STATUS>1</STATUS></HEADER><BODY><DESC><CMPINFO><COMPANY>0</COMPANY><GROUP>0</GROUP><LEDGER>0</LEDGER><COSTCATEGORY>0</COSTCATEGORY><COSTCENTRE>0</COSTCENTRE><GODOWN>0</GODOWN><STOCKGROUP>0</STOCKGROUP><STOCKCATEGORY>0</STOCKCATEGORY><STOCKITEM>0</STOCKITEM><VOUCHERTYPE>0</VOUCHERTYPE><CURRENCY>0</CURRENCY><UNIT>0</UNIT><BUDGET>0</BUDGET><CLIENTRULE>0</CLIENTRULE><SERVERRULE>0</SERVERRULE><STATE>0</STATE><TDSRATE>0</TDSRATE><TAXCLASSIFICATION>0</TAXCLASSIFICATION><STCATEGORY>0</STCATEGORY><DEDUCTEETYPE>0</DEDUCTEETYPE><ATTENDANCETYPE>0</ATTENDANCETYPE><FBT...
[header] 8 ms: <ENVELOPE><HEADER><VERSION>1</VERSION><STATUS>1</STATUS><PRODMAJORVER>1</PRODMAJORVER><PRODMINORVER>1</PRODMINORVER><PRODMAJORREL>4</PRODMAJORREL><PRODMINORREL>1</PRODMINORREL><PRODTYPE>5</PRODTYPE></HEADER><BODY><DESC><CMPINFO><COMPANY>0</COMPANY><GROUP>0</GROUP><LEDGER>0</LEDGER><COSTCATEGORY>0</COSTCATEGORY><COSTCENTRE>0</COSTCENTRE><GODOWN>0</GODOWN><STOCKGROUP>0</STOCKGROUP><STOCKCATEGORY>0</STOCKCATEGORY><STOCKITEM>0</STOCKITEM><VOUCHERTYPE>0</VOUCHERTYPE><CURRENCY>0</CURRENCY><UNIT>0</UNIT><BUDGET>0</BUDGET><CLIENTRULE>0</CLIENTRULE><SERVERRULE>0</SERVERRULE><STATE>0</STATE><TDSRATE>0</...
  INFO Tally's own release in its answer header: PRODMAJORREL 4 PRODMINORREL 1 (PRODMAJORVER 1 PRODMINORVER 1 PRODTYPE 5)
######## PASS c1 install and open the company: installed tally.exe 15413896 bytes, 2026-10-09, FileVersion 1.1.4.1, ProductVersion 1.1.4.1, ProductName TallyPrime; company folder 100000 loaded at start: True; window 'TallyPrime:9000'
######## PASS c2 port and company list: port 9000 answered 10.1 s after start, GET 15 ms ('<RESPONSE>TallyPrime Server is Running</RESPONSE>'); company list 9 ms, 'FinCom Spike Co' in it: True
[20:17:18] ---- the stub cloud and the bridge
[ledger Spike Income] 11 ms: <RESPONSE><CREATED>1</CREATED><ALTERED>0</ALTERED><DELETED>0</DELETED><LASTVCHID>0</LASTVCHID><LASTMID>0</LASTMID><COMBINED>0</COMBINED><IGNORED>0</IGNORED><ERRORS>0</ERRORS><CANCELLED>0</CANCELLED><EXCEPTIONS>0</EXCEPTIONS></RESPONSE>
[renum journal] 37 ms: <RESPONSE><CREATED>1</CREATED><ALTERED>0</ALTERED><DELETED>0</DELETED><LASTVCHID>2</LASTVCHID><LASTMID>0</LASTMID><COMBINED>0</COMBINED><IGNORED>0</IGNORED><ERRORS>0</ERRORS><CANCELLED>0</CANCELLED><EXCEPTIONS>0</EXCEPTIONS></RESPONSE>
  INFO setup origin: COMMITTED assets-test/bridge-go/FinComBridge-Setup-2.4.1.exe SHA-256 8c5b8b077a7249b17f404d5dc8723ba7af6c0107810696d3b08979de2f0975b3; bridge source: 5eaafd2f2c4508ba813b0e08b6dc9465b0de9f83 Bridge 2.4.1 built (from the published 2.4.0): setup SHA-256 8c5b8b07…75b3 (program c2643eec…2846), release log row (2.4.0 superseded), notes and test sheet fingerprint and build time (10-Oct-2026 01:08 IST); 2.4.0 assets moved to bridge-go-old; not published
[20:17:21] ---- upg seed: ten Journals by XML, the sync folder as 2.3.3 left it on NWS144
[VAll] 2 vouchers: 1/1/Journal/20260401/spike TDSDesk:test-1, 2/2/Journal/20261001/renum before the bridge
[upg journal 1] 11 ms: <RESPONSE><LINEERROR/><CREATED>0</CREATED><ALTERED>0</ALTERED><DELETED>0</DELETED><LASTVCHID>0</LASTVCHID><LASTMID>0</LASTMID><COMBINED>0</COMBINED><IGNORED>0</IGNORED><ERRORS>0</ERRORS><CANCELLED>0</CANCELLED><EXCEPTIONS>1</EXCEPTIONS></RESPONSE>
  INFO upg journal 1: Tally answered <CREATED>0</CREATED> <ALTERED>0</ALTERED> <DELETED>0</DELETED> <LASTVCHID>0</LASTVCHID> <LASTMID>0</LASTMID> <COMBINED>0</COMBINED> <IGNORED>0</IGNORED> <ERRORS>0</ERRORS>
[upg journal 2] 11 ms: <RESPONSE><LINEERROR/><CREATED>0</CREATED><ALTERED>0</ALTERED><DELETED>0</DELETED><LASTVCHID>0</LASTVCHID><LASTMID>0</LASTMID><COMBINED>0</COMBINED><IGNORED>0</IGNORED><ERRORS>0</ERRORS><CANCELLED>0</CANCELLED><EXCEPTIONS>1</EXCEPTIONS></RESPONSE>
  INFO upg journal 2: Tally answered <CREATED>0</CREATED> <ALTERED>0</ALTERED> <DELETED>0</DELETED> <LASTVCHID>0</LASTVCHID> <LASTMID>0</LASTMID> <COMBINED>0</COMBINED> <IGNORED>0</IGNORED> <ERRORS>0</ERRORS>
[upg journal 3] 11 ms: <RESPONSE><LINEERROR/><CREATED>0</CREATED><ALTERED>0</ALTERED><DELETED>0</DELETED><LASTVCHID>0</LASTVCHID><LASTMID>0</LASTMID><COMBINED>0</COMBINED><IGNORED>0</IGNORED><ERRORS>0</ERRORS><CANCELLED>0</CANCELLED><EXCEPTIONS>1</EXCEPTIONS></RESPONSE>
  INFO upg journal 3: Tally answered <CREATED>0</CREATED> <ALTERED>0</ALTERED> <DELETED>0</DELETED> <LASTVCHID>0</LASTVCHID> <LASTMID>0</LASTMID> <COMBINED>0</COMBINED> <IGNORED>0</IGNORED> <ERRORS>0</ERRORS>
[upg journal 4] 10 ms: <RESPONSE><LINEERROR/><CREATED>0</CREATED><ALTERED>0</ALTERED><DELETED>0</DELETED><LASTVCHID>0</LASTVCHID><LASTMID>0</LASTMID><COMBINED>0</COMBINED><IGNORED>0</IGNORED><ERRORS>0</ERRORS><CANCELLED>0</CANCELLED><EXCEPTIONS>1</EXCEPTIONS></RESPONSE>
  INFO upg journal 4: Tally answered <CREATED>0</CREATED> <ALTERED>0</ALTERED> <DELETED>0</DELETED> <LASTVCHID>0</LASTVCHID> <LASTMID>0</LASTMID> <COMBINED>0</COMBINED> <IGNORED>0</IGNORED> <ERRORS>0</ERRORS>
[upg journal 5] 11 ms: <RESPONSE><LINEERROR/><CREATED>0</CREATED><ALTERED>0</ALTERED><DELETED>0</DELETED><LASTVCHID>0</LASTVCHID><LASTMID>0</LASTMID><COMBINED>0</COMBINED><IGNORED>0</IGNORED><ERRORS>0</ERRORS><CANCELLED>0</CANCELLED><EXCEPTIONS>1</EXCEPTIONS></RESPONSE>
  INFO upg journal 5: Tally answered <CREATED>0</CREATED> <ALTERED>0</ALTERED> <DELETED>0</DELETED> <LASTVCHID>0</LASTVCHID> <LASTMID>0</LASTMID> <COMBINED>0</COMBINED> <IGNORED>0</IGNORED> <ERRORS>0</ERRORS>
[upg journal 6] 11 ms: <RESPONSE><LINEERROR/><CREATED>0</CREATED><ALTERED>0</ALTERED><DELETED>0</DELETED><LASTVCHID>0</LASTVCHID><LASTMID>0</LASTMID><COMBINED>0</COMBINED><IGNORED>0</IGNORED><ERRORS>0</ERRORS><CANCELLED>0</CANCELLED><EXCEPTIONS>1</EXCEPTIONS></RESPONSE>
  INFO upg journal 6: Tally answered <CREATED>0</CREATED> <ALTERED>0</ALTERED> <DELETED>0</DELETED> <LASTVCHID>0</LASTVCHID> <LASTMID>0</LASTMID> <COMBINED>0</COMBINED> <IGNORED>0</IGNORED> <ERRORS>0</ERRORS>
[upg journal 7] 10 ms: <RESPONSE><LINEERROR/><CREATED>0</CREATED><ALTERED>0</ALTERED><DELETED>0</DELETED><LASTVCHID>0</LASTVCHID><LASTMID>0</LASTMID><COMBINED>0</COMBINED><IGNORED>0</IGNORED><ERRORS>0</ERRORS><CANCELLED>0</CANCELLED><EXCEPTIONS>1</EXCEPTIONS></RESPONSE>
  INFO upg journal 7: Tally answered <CREATED>0</CREATED> <ALTERED>0</ALTERED> <DELETED>0</DELETED> <LASTVCHID>0</LASTVCHID> <LASTMID>0</LASTMID> <COMBINED>0</COMBINED> <IGNORED>0</IGNORED> <ERRORS>0</ERRORS>
[upg journal 8] 10 ms: <RESPONSE><LINEERROR/><CREATED>0</CREATED><ALTERED>0</ALTERED><DELETED>0</DELETED><LASTVCHID>0</LASTVCHID><LASTMID>0</LASTMID><COMBINED>0</COMBINED><IGNORED>0</IGNORED><ERRORS>0</ERRORS><CANCELLED>0</CANCELLED><EXCEPTIONS>1</EXCEPTIONS></RESPONSE>
  INFO upg journal 8: Tally answered <CREATED>0</CREATED> <ALTERED>0</ALTERED> <DELETED>0</DELETED> <LASTVCHID>0</LASTVCHID> <LASTMID>0</LASTMID> <COMBINED>0</COMBINED> <IGNORED>0</IGNORED> <ERRORS>0</ERRORS>
[upg journal 9] 11 ms: <RESPONSE><LINEERROR/><CREATED>0</CREATED><ALTERED>0</ALTERED><DELETED>0</DELETED><LASTVCHID>0</LASTVCHID><LASTMID>0</LASTMID><COMBINED>0</COMBINED><IGNORED>0</IGNORED><ERRORS>0</ERRORS><CANCELLED>0</CANCELLED><EXCEPTIONS>1</EXCEPTIONS></RESPONSE>
  INFO upg journal 9: Tally answered <CREATED>0</CREATED> <ALTERED>0</ALTERED> <DELETED>0</DELETED> <LASTVCHID>0</LASTVCHID> <LASTMID>0</LASTMID> <COMBINED>0</COMBINED> <IGNORED>0</IGNORED> <ERRORS>0</ERRORS>
[upg journal 10] 10 ms: <RESPONSE><LINEERROR/><CREATED>0</CREATED><ALTERED>0</ALTERED><DELETED>0</DELETED><LASTVCHID>0</LASTVCHID><LASTMID>0</LASTMID><COMBINED>0</COMBINED><IGNORED>0</IGNORED><ERRORS>0</ERRORS><CANCELLED>0</CANCELLED><EXCEPTIONS>1</EXCEPTIONS></RESPONSE>
  INFO upg journal 10: Tally answered <CREATED>0</CREATED> <ALTERED>0</ALTERED> <DELETED>0</DELETED> <LASTVCHID>0</LASTVCHID> <LASTMID>0</LASTMID> <COMBINED>0</COMBINED> <IGNORED>0</IGNORED> <ERRORS>0</ERRORS>
[VAll] 2 vouchers: 1/1/Journal/20260401/spike TDSDesk:test-1, 2/2/Journal/20261001/renum before the bridge
[companies] 3 ms: <ENVELOPE><HEADER><VERSION>1</VERSION><STATUS>1</STATUS></HEADER><BODY><DESC><CMPINFO><COMPANY>0</COMPANY><GROUP>0</GROUP><LEDGER>24</LEDGER><COSTCATEGORY>0</COSTCATEGORY><COSTCENTRE>0</COSTCENTRE><GODOWN>0</GODOWN><STOCKGROUP>0</STOCKGROUP><STOCKCATEGORY>0</STOCKCATEGORY><STOCKITEM>0</STOCKITEM><VOUCHERTYPE>0</VOUCHERTYPE><CURRENCY>1</CURRENCY><UNIT>0</UNIT><BUDGET>0</BUDGET><CLIENTRULE>0</CLIENTRULE><SERVERRULE>0</SERVERRULE><STATE>0</STATE><TDSRATE>0</TDSRATE><TAXCLASSIFICATION>0</TAXCLASSIFICATION><STCATEGORY>0</STCATEGORY><DEDUCTEETYPE>0</DEDUCTEETYPE><ATTENDANCETYPE>0</ATTENDANCETYPE><FB...
  INFO upg: seeded 50 held lines (50 old: plain / 20 tries / final / refetch, MasterIDs 900001..900050; 10 of Tally's own Journals by XML, MasterIDs ) and 10 ids 2.3.3 ended, company GUID '0435b418-d803-426a-be51-70843add1e64'
[20:17:24] proxy 127.0.0.2:9000 -> Tally: True (HTTP 200, pid 8756)
bridge setup ended with 0
  INFO bridge on 127.0.0.1:9100, version 2.4.0, allowImport True, readOnly '', testMode False
  bridge log: 2026-10-09 20:17:31  FinCom Bridge 2.4.0: started just for runnervmfi6oq\runneradmin (no service); it keeps the bridge and its icon running
  bridge log: 2026-10-09 20:17:31  FinCom Bridge 2.4.0 (Go) started on 127.0.0.1:9100: the only bridge on this computer; working for runnervmfi6oq\runneradmin, Windows session 2; runs just for this Windows user (starts at sign-in, no service)
  bridge log: 2026-10-09 20:17:31  Tally is open on port 9000; the bridge reads it only after an event (a client opened in FinCom, Update now, a posting, the nightly catch-up at 19:00)
  bridge log: 2026-10-09 20:17:31  Recorder: 50 held line(s) kept by an earlier bridge are asked once with the fast request (whatever their earlier tries): answered, each goes to FinCom with Tally's body; else it ends with the Day Book words
  bridge log: 2026-10-09 20:17:31  Recorder: re-scan of the add-on's files for 2.4.0: 0 line(s) sent earlier without their entry found (a new entry's line with no MasterID, a GUID of another entry, or read while the body fetch was off)
  bridge log: 2026-10-09 20:17:32  Check:  - 
  bridge log: 2026-10-09 20:17:32  Nightly catch-up (19:00): Tally is open and nobody has used FinCom for 15 minutes
  bridge log: 2026-10-09 20:17:32  Nightly catch-up: waiting, Tally has just opened; letting it finish loading
  bridge log: 2026-10-09 20:17:34  Tray icon: set to show next to the clock always (Windows 11)
  bridge log: 2026-10-09 20:17:35  Trial tools switched on for this computer in FinCom: the tray shows the trial items
  bridge log: 2026-10-09 20:17:35  FinCom: this bridge is now the main bridge on this computer (set by the setup); it reads and posts
  bridge log: 2026-10-09 20:17:35  Company FinCom Spike Co: its Tally GUID 0435b418-d803-426a-be51-70843add1e64 is held from now on
  bridge log: 2026-10-09 20:17:35  Company FinCom Spike Co: its starting point is recorded: ALTVCHID=2, ALTMSTID=209 (reading is prospective only: the bridge follows what changes after this)
  bridge log: 2026-10-09 20:17:35  Company FinCom Spike Co: change numbers read with form a: ALTVCHID=2, ALTMSTID=209
  bridge log: 2026-10-09 20:17:35  Light check of FinCom Spike Co: starting point recorded (ALTVCHID=2, ALTMSTID=209)
  bridge log: 2026-10-09 20:17:35  Bank dates: FinCom Spike Co: following Tally's voucher counter from ALTVCHID=2 (a move the add-on's lines do not explain is a bank date set, or another change Tally makes without a voucher form)
  bridge log: 2026-10-09 20:17:35  Nightly check of FinCom Spike Co: not now: Tally has just opened; letting it finish loading
  bridge log: 2026-10-09 20:17:35  Recorder: Journal OLD-011 of 01-Oct-2026 (MasterID 900012, line upgold01…): not asked this turn: 10 held lines asked already; asked in a later turn
  bridge log: 2026-10-09 20:17:35  Recorder: Journal OLD-012 of 01-Oct-2026 (MasterID 900013, line upgold01…): not asked this turn: 10 held lines asked already; asked in a later turn
  bridge log: 2026-10-09 20:17:35  Recorder: Journal OLD-013 of 01-Oct-2026 (MasterID 900014, line upgold01…): not asked this turn: 10 held lines asked already; asked in a later turn
  bridge log: 2026-10-09 20:17:35  Recorder: Journal OLD-014 of 01-Oct-2026 (MasterID 900015, line upgold01…): not asked this turn: 10 held lines asked already; asked in a later turn
  bridge log: 2026-10-09 20:17:35  Recorder: Journal OLD-015 of 01-Oct-2026 (MasterID 900016, line upgold01…): not asked this turn: 10 held lines asked already; asked in a later turn
  bridge log: 2026-10-09 20:17:35  Recorder: Journal OLD-016 of 01-Oct-2026 (MasterID 900017, line upgold01…): not asked this turn: 10 held lines asked already; asked in a later turn
  bridge log: 2026-10-09 20:17:35  Recorder: Journal OLD-017 of 01-Oct-2026 (MasterID 900018, line upgold01…): not asked this turn: 10 held lines asked already; asked in a later turn
  bridge log: 2026-10-09 20:17:35  Recorder: Journal OLD-018 of 01-Oct-2026 (MasterID 900019, line upgold01…): not asked this turn: 10 held lines asked already; asked in a later turn
  bridge log: 2026-10-09 20:17:35  Recorder: Journal OLD-019 of 01-Oct-2026 (MasterID 900020, line upgold01…): not asked this turn: 10 held lines asked already; asked in a later turn
  bridge log: 2026-10-09 20:17:35  Recorder: Journal OLD-020 of 01-Oct-2026 (MasterID 900021, line upgold02…): not asked this turn: 10 held lines asked already; asked in a later turn
  bridge log: 2026-10-09 20:17:35  Recorder: Journal OLD-021 of 01-Oct-2026 (MasterID 900022, line upgold02…): not asked this turn: 10 held lines asked already; asked in a later turn
  bridge log: 2026-10-09 20:17:35  Recorder: Journal OLD-022 of 01-Oct-2026 (MasterID 900023, line upgold02…): not asked this turn: 10 held lines asked already; asked in a later turn
  bridge log: 2026-10-09 20:17:35  Recorder: Journal OLD-023 of 01-Oct-2026 (MasterID 900024, line upgold02…): not asked this turn: 10 held lines asked already; asked in a later turn
  bridge log: 2026-10-09 20:17:35  Recorder: Journal OLD-024 of 01-Oct-2026 (MasterID 900025, line upgold02…): not asked this turn: 10 held lines asked already; asked in a later turn
  bridge log: 2026-10-09 20:17:35  Recorder: Journal OLD-025 of 01-Oct-2026 (MasterID 900026, line upgold02…): not asked this turn: 10 held lines asked already; asked in a later turn
  bridge log: 2026-10-09 20:17:35  Recorder: Journal OLD-026 of 01-Oct-2026 (MasterID 900027, line upgold02…): not asked this turn: 10 held lines asked already; asked in a later turn
  bridge log: 2026-10-09 20:17:35  Recorder: Journal OLD-027 of 01-Oct-2026 (MasterID 900028, line upgold02…): not asked this turn: 10 held lines asked already; asked in a later turn
  bridge log: 2026-10-09 20:17:35  Recorder: Journal OLD-028 of 01-Oct-2026 (MasterID 900029, line upgold02…): not asked this turn: 10 held lines asked already; asked in a later turn
  bridge log: 2026-10-09 20:17:35  Recorder: Journal OLD-029 of 01-Oct-2026 (MasterID 900030, line upgold02…): not asked this turn: 10 held lines asked already; asked in a later turn
  bridge log: 2026-10-09 20:17:35  Recorder: Journal OLD-030 of 01-Oct-2026 (MasterID 900031, line upgold03…): not asked this turn: 10 held lines asked already; asked in a later turn
  bridge log: 2026-10-09 20:17:35  Recorder: Journal OLD-031 of 01-Oct-2026 (MasterID 900032, line upgold03…): not asked this turn: 10 held lines asked already; asked in a later turn
  bridge log: 2026-10-09 20:17:35  Recorder: Journal OLD-032 of 01-Oct-2026 (MasterID 900033, line upgold03…): not asked this turn: 10 held lines asked already; asked in a later turn
  bridge log: 2026-10-09 20:17:35  Recorder: Journal OLD-033 of 01-Oct-2026 (MasterID 900034, line upgold03…): not asked this turn: 10 held lines asked already; asked in a later turn
  bridge log: 2026-10-09 20:17:35  Recorder: Journal OLD-034 of 01-Oct-2026 (MasterID 900035, line upgold03…): not asked this turn: 10 held lines asked already; asked in a later turn
  bridge log: 2026-10-09 20:17:35  Recorder: Journal OLD-035 of 01-Oct-2026 (MasterID 900036, line upgold03…): not asked this turn: 10 held lines asked already; asked in a later turn
  bridge log: 2026-10-09 20:17:35  Recorder: Journal OLD-036 of 01-Oct-2026 (MasterID 900037, line upgold03…): not asked this turn: 10 held lines asked already; asked in a later turn
  bridge log: 2026-10-09 20:17:35  Recorder: Journal OLD-037 of 01-Oct-2026 (MasterID 900038, line upgold03…): not asked this turn: 10 held lines asked already; asked in a later turn
  bridge log: 2026-10-09 20:17:35  Recorder: Journal OLD-038 of 01-Oct-2026 (MasterID 900039, line upgold03…): not asked this turn: 10 held lines asked already; asked in a later turn
  bridge log: 2026-10-09 20:17:35  Recorder: Journal OLD-039 of 01-Oct-2026 (MasterID 900040, line upgold03…): not asked this turn: 10 held lines asked already; asked in a later turn
  bridge log: 2026-10-09 20:17:35  Recorder: Journal OLD-040 of 01-Oct-2026 (MasterID 900041, line upgold04…): not asked this turn: 10 held lines asked already; asked in a later turn
  bridge log: 2026-10-09 20:17:35  Recorder: Journal OLD-041 of 01-Oct-2026 (MasterID 900042, line upgold04…): not asked this turn: 10 held lines asked already; asked in a later turn
  bridge log: 2026-10-09 20:17:35  Recorder: Journal OLD-042 of 01-Oct-2026 (MasterID 900043, line upgold04…): not asked this turn: 10 held lines asked already; asked in a later turn
  bridge log: 2026-10-09 20:17:35  Recorder: Journal OLD-043 of 01-Oct-2026 (MasterID 900044, line upgold04…): not asked this turn: 10 held lines asked already; asked in a later turn
  bridge log: 2026-10-09 20:17:35  Recorder: Journal OLD-044 of 01-Oct-2026 (MasterID 900045, line upgold04…): not asked this turn: 10 held lines asked already; asked in a later turn
  bridge log: 2026-10-09 20:17:35  Recorder: Journal OLD-045 of 01-Oct-2026 (MasterID 900046, line upgold04…): not asked this turn: 10 held lines asked already; asked in a later turn
  bridge log: 2026-10-09 20:17:35  Recorder: Journal OLD-046 of 01-Oct-2026 (MasterID 900047, line upgold04…): not asked this turn: 10 held lines asked already; asked in a later turn
  bridge log: 2026-10-09 20:17:35  Recorder: Journal OLD-047 of 01-Oct-2026 (MasterID 900048, line upgold04…): not asked this turn: 10 held lines asked already; asked in a later turn
  bridge log: 2026-10-09 20:17:35  Recorder: Journal OLD-048 of 01-Oct-2026 (MasterID 900049, line upgold04…): not asked this turn: 10 held lines asked already; asked in a later turn
  bridge log: 2026-10-09 20:17:35  Recorder: Journal OLD-049 of 01-Oct-2026 (MasterID 900050, line upgold04…): not asked this turn: 10 held lines asked already; asked in a later turn
  bridge log: 2026-10-09 20:17:35  Recorder: Journal OLD-000 of 01-Oct-2026 (MasterID 900001, line upgold00…): asking Tally again (a held line, ask 1 of 1: one request; if it stops or fails the line ends with the Day Book words)
  bridge log: 2026-10-09 20:17:35  Recorder: entry fetch of FinCom Spike Co: answered in 13 ms
  bridge log: 2026-10-09 20:17:35  Recorder: Journal OLD-000 of 01-Oct-2026 (MasterID 900001, line upgold00…): still held: Tally gave no voucher with MasterID 900001 on 01-Oct-2026
  bridge log: 2026-10-09 20:17:35  Recorder: Journal OLD-001 of 01-Oct-2026 (MasterID 900002, line upgold00…): asking Tally again (a held line, ask 1 of 1: one request; if it stops or fails the line ends with the Day Book words)
  bridge log: 2026-10-09 20:17:36  Recorder: entry fetch of FinCom Spike Co: answered in 21 ms
  bridge log: 2026-10-09 20:17:36  Recorder: Journal OLD-001 of 01-Oct-2026 (MasterID 900002, line upgold00…): still held: Tally gave no voucher with MasterID 900002 on 01-Oct-2026
  bridge log: 2026-10-09 20:17:36  Recorder: Journal OLD-002 of 01-Oct-2026 (MasterID 900003, line upgold00…): asking Tally again (a held line, ask 1 of 1: one request; if it stops or fails the line ends with the Day Book words)
  bridge log: 2026-10-09 20:17:36  Recorder: entry fetch of FinCom Spike Co: answered in 12 ms
  bridge log: 2026-10-09 20:17:36  Recorder: Journal OLD-002 of 01-Oct-2026 (MasterID 900003, line upgold00…): still held: Tally gave no voucher with MasterID 900003 on 01-Oct-2026
  bridge log: 2026-10-09 20:17:36  Recorder: Journal OLD-003 of 01-Oct-2026 (MasterID 900004, line upgold00…): asking Tally again (a held line, ask 1 of 1: one request; if it stops or fails the line ends with the Day Book words)
  bridge log: 2026-10-09 20:17:36  Recorder: entry fetch of FinCom Spike Co: answered in 24 ms
  bridge log: 2026-10-09 20:17:36  Recorder: Journal OLD-003 of 01-Oct-2026 (MasterID 900004, line upgold00…): still held: Tally gave no voucher with MasterID 900004 on 01-Oct-2026
  bridge log: 2026-10-09 20:17:36  Recorder: Journal OLD-004 of 01-Oct-2026 (MasterID 900005, line upgold00…): asking Tally again (a held line, ask 1 of 1: one request; if it stops or fails the line ends with the Day Book words)
  bridge log: 2026-10-09 20:17:37  Recorder: entry fetch of FinCom Spike Co: answered in 22 ms
  bridge log: 2026-10-09 20:17:37  Recorder: Journal OLD-004 of 01-Oct-2026 (MasterID 900005, line upgold00…): still held: Tally gave no voucher with MasterID 900005 on 01-Oct-2026
  bridge log: 2026-10-09 20:17:37  Recorder: Journal OLD-005 of 01-Oct-2026 (MasterID 900006, line upgold00…): asking Tally again (a held line, ask 1 of 1: one request; if it stops or fails the line ends with the Day Book words)
  bridge log: 2026-10-09 20:17:37  Recorder: Journal OLD-005 of 01-Oct-2026 (MasterID 900006, line upgold00…): still held: Tally gave no voucher with MasterID 900006 on 01-Oct-2026
  bridge log: 2026-10-09 20:17:37  Recorder: Journal OLD-006 of 01-Oct-2026 (MasterID 900007, line upgold00…): asking Tally again (a held line, ask 1 of 1: one request; if it stops or fails the line ends with the Day Book words)
  bridge log: 2026-10-09 20:17:37  Recorder: Journal OLD-006 of 01-Oct-2026 (MasterID 900007, line upgold00…): still held: Tally gave no voucher with MasterID 900007 on 01-Oct-2026
  bridge log: 2026-10-09 20:17:37  Recorder: Journal OLD-007 of 01-Oct-2026 (MasterID 900008, line upgold00…): asking Tally again (a held line, ask 1 of 1: one request; if it stops or fails the line ends with the Day Book words)
  bridge log: 2026-10-09 20:17:38  Recorder: Journal OLD-007 of 01-Oct-2026 (MasterID 900008, line upgold00…): still held: Tally gave no voucher with MasterID 900008 on 01-Oct-2026
  bridge log: 2026-10-09 20:17:38  Recorder: Journal OLD-009 of 01-Oct-2026 (MasterID 900010, line upgold00…): asking Tally again (a held line, ask 1 of 1: one request; if it stops or fails the line ends with the Day Book words)
  bridge log: 2026-10-09 20:17:38  Recorder: entry fetch of FinCom Spike Co: answered in 26 ms
  bridge log: 2026-10-09 20:17:38  Recorder: Journal OLD-009 of 01-Oct-2026 (MasterID 900010, line upgold00…): still held: Tally gave no voucher with MasterID 900010 on 01-Oct-2026
  bridge log: 2026-10-09 20:17:38  Recorder: Journal OLD-010 of 01-Oct-2026 (MasterID 900011, line upgold01…): asking Tally again (a held line, ask 1 of 1: one request; if it stops or fails the line ends with the Day Book words)
  bridge log: 2026-10-09 20:17:38  Recorder: Journal OLD-010 of 01-Oct-2026 (MasterID 900011, line upgold01…): still held: Tally gave no voucher with MasterID 900011 on 01-Oct-2026
  bridge log: 2026-10-09 20:17:38  Recorder: Journal OLD-000 of 01-Oct-2026 (MasterID 900001, line upgold00…): held: Tally did not give this entry when asked again; upload that day's Day Book to settle it (ended: not asked of Tally again)
  bridge log: 2026-10-09 20:17:38  Recorder: Journal OLD-001 of 01-Oct-2026 (MasterID 900002, line upgold00…): held: Tally did not give this entry when asked again; upload that day's Day Book to settle it (ended: not asked of Tally again)
  bridge log: 2026-10-09 20:17:38  Recorder: Journal OLD-002 of 01-Oct-2026 (MasterID 900003, line upgold00…): held: Tally did not give this entry when asked again; upload that day's Day Book to settle it (ended: not asked of Tally again)
  bridge log: 2026-10-09 20:17:38  Recorder: Journal OLD-003 of 01-Oct-2026 (MasterID 900004, line upgold00…): held: Tally did not give this entry when asked again; upload that day's Day Book to settle it (ended: not asked of Tally again)
  bridge log: 2026-10-09 20:17:38  Recorder: Journal OLD-004 of 01-Oct-2026 (MasterID 900005, line upgold00…): held: Tally did not give this entry when asked again; upload that day's Day Book to settle it (ended: not asked of Tally again)
  bridge log: 2026-10-09 20:17:38  Recorder: Journal OLD-005 of 01-Oct-2026 (MasterID 900006, line upgold00…): held: Tally did not give this entry when asked again; upload that day's Day Book to settle it (ended: not asked of Tally again)
  bridge log: 2026-10-09 20:17:38  Recorder: Journal OLD-006 of 01-Oct-2026 (MasterID 900007, line upgold00…): held: Tally did not give this entry when asked again; upload that day's Day Book to settle it (ended: not asked of Tally again)
  bridge log: 2026-10-09 20:17:38  Recorder: Journal OLD-007 of 01-Oct-2026 (MasterID 900008, line upgold00…): held: Tally did not give this entry when asked again; upload that day's Day Book to settle it (ended: not asked of Tally again)
  bridge log: 2026-10-09 20:17:38  Recorder: Journal OLD-009 of 01-Oct-2026 (MasterID 900010, line upgold00…): held: Tally did not give this entry when asked again; upload that day's Day Book to settle it (ended: not asked of Tally again)
  bridge log: 2026-10-09 20:17:38  Recorder: Journal OLD-010 of 01-Oct-2026 (MasterID 900011, line upgold01…): held: Tally did not give this entry when asked again; upload that day's Day Book to settle it (ended: not asked of Tally again)
  bridge log: 2026-10-09 20:17:38  Recorder: held lines: 0 from FinCom, 10 asked, 0 resolved, 50 still held (50 in the list)
  bridge log: 2026-10-09 20:17:38  Recorder: Journal OLD-008 of 01-Oct-2026 (MasterID 900009, line upgold00…): asking Tally again (a held line, ask 1 of 1: one request; if it stops or fails the line ends with the Day Book words)
  bridge log: 2026-10-09 20:17:39  Recorder: entry fetch of FinCom Spike Co: answered in 14 ms
  bridge log: 2026-10-09 20:17:39  Recorder: Journal OLD-008 of 01-Oct-2026 (MasterID 900009, line upgold00…): still held: Tally gave no voucher with MasterID 900009 on 01-Oct-2026
  bridge log: 2026-10-09 20:17:39  Recorder: Journal OLD-011 of 01-Oct-2026 (MasterID 900012, line upgold01…): asking Tally again (a held line, ask 1 of 1: one request; if it stops or fails the line ends with the Day Book words)
  bridge log: 2026-10-09 20:17:39  Recorder: Journal OLD-011 of 01-Oct-2026 (MasterID 900012, line upgold01…): still held: Tally gave no voucher with MasterID 900012 on 01-Oct-2026
  bridge log: 2026-10-09 20:17:39  Recorder: Journal OLD-012 of 01-Oct-2026 (MasterID 900013, line upgold01…): asking Tally again (a held line, ask 1 of 1: one request; if it stops or fails the line ends with the Day Book words)
  bridge log: 2026-10-09 20:17:39  Recorder: Journal OLD-012 of 01-Oct-2026 (MasterID 900013, line upgold01…): still held: Tally gave no voucher with MasterID 900013 on 01-Oct-2026
  bridge log: 2026-10-09 20:17:39  Recorder: Journal OLD-014 of 01-Oct-2026 (MasterID 900015, line upgold01…): asking Tally again (a held line, ask 1 of 1: one request; if it stops or fails the line ends with the Day Book words)
  bridge log: 2026-10-09 20:17:40  Recorder: Journal OLD-014 of 01-Oct-2026 (MasterID 900015, line upgold01…): still held: Tally gave no voucher with MasterID 900015 on 01-Oct-2026
  bridge log: 2026-10-09 20:17:40  Recorder: Journal OLD-015 of 01-Oct-2026 (MasterID 900016, line upgold01…): asking Tally again (a held line, ask 1 of 1: one request; if it stops or fails the line ends with the Day Book words)
  bridge log: 2026-10-09 20:17:40  Recorder: Journal OLD-015 of 01-Oct-2026 (MasterID 900016, line upgold01…): still held: Tally gave no voucher with MasterID 900016 on 01-Oct-2026
  bridge log: 2026-10-09 20:17:40  Recorder: Journal OLD-016 of 01-Oct-2026 (MasterID 900017, line upgold01…): asking Tally again (a held line, ask 1 of 1: one request; if it stops or fails the line ends with the Day Book words)
  bridge log: 2026-10-09 20:17:40  Recorder: entry fetch of FinCom Spike Co: answered in 20 ms
  bridge log: 2026-10-09 20:17:40  Recorder: Journal OLD-016 of 01-Oct-2026 (MasterID 900017, line upgold01…): still held: Tally gave no voucher with MasterID 900017 on 01-Oct-2026
  bridge log: 2026-10-09 20:17:40  Recorder: Journal OLD-017 of 01-Oct-2026 (MasterID 900018, line upgold01…): asking Tally again (a held line, ask 1 of 1: one request; if it stops or fails the line ends with the Day Book words)
  bridge log: 2026-10-09 20:17:41  Recorder: Journal OLD-017 of 01-Oct-2026 (MasterID 900018, line upgold01…): still held: Tally gave no voucher with MasterID 900018 on 01-Oct-2026
  bridge log: 2026-10-09 20:17:41  Recorder: Journal OLD-019 of 01-Oct-2026 (MasterID 900020, line upgold01…): asking Tally again (a held line, ask 1 of 1: one request; if it stops or fails the line ends with the Day Book words)
  bridge log: 2026-10-09 20:17:41  Recorder: Journal OLD-019 of 01-Oct-2026 (MasterID 900020, line upgold01…): still held: Tally gave no voucher with MasterID 900020 on 01-Oct-2026
  bridge log: 2026-10-09 20:17:41  Recorder: Journal OLD-020 of 01-Oct-2026 (MasterID 900021, line upgold02…): asking Tally again (a held line, ask 1 of 1: one request; if it stops or fails the line ends with the Day Book words)
  bridge log: 2026-10-09 20:17:42  Recorder: Journal OLD-020 of 01-Oct-2026 (MasterID 900021, line upgold02…): still held: Tally gave no voucher with MasterID 900021 on 01-Oct-2026
  bridge log: 2026-10-09 20:17:42  Recorder: Journal OLD-021 of 01-Oct-2026 (MasterID 900022, line upgold02…): asking Tally again (a held line, ask 1 of 1: one request; if it stops or fails the line ends with the Day Book words)
  bridge log: 2026-10-09 20:17:42  Recorder: entry fetch of FinCom Spike Co: answered in 23 ms
  bridge log: 2026-10-09 20:17:42  Recorder: Journal OLD-021 of 01-Oct-2026 (MasterID 900022, line upgold02…): still held: Tally gave no voucher with MasterID 900022 on 01-Oct-2026
  bridge log: 2026-10-09 20:17:42  Recorder: Journal OLD-008 of 01-Oct-2026 (MasterID 900009, line upgold00…): held: Tally did not give this entry when asked again; upload that day's Day Book to settle it (ended: not asked of Tally again)
  bridge log: 2026-10-09 20:17:42  Recorder: Journal OLD-011 of 01-Oct-2026 (MasterID 900012, line upgold01…): held: Tally did not give this entry when asked again; upload that day's Day Book to settle it (ended: not asked of Tally again)
  bridge log: 2026-10-09 20:17:42  Recorder: Journal OLD-012 of 01-Oct-2026 (MasterID 900013, line upgold01…): held: Tally did not give this entry when asked again; upload that day's Day Book to settle it (ended: not asked of Tally again)
  bridge log: 2026-10-09 20:17:42  Recorder: Journal OLD-014 of 01-Oct-2026 (MasterID 900015, line upgold01…): held: Tally did not give this entry when asked again; upload that day's Day Book to settle it (ended: not asked of Tally again)
  bridge log: 2026-10-09 20:17:42  Recorder: Journal OLD-015 of 01-Oct-2026 (MasterID 900016, line upgold01…): held: Tally did not give this entry when asked again; upload that day's Day Book to settle it (ended: not asked of Tally again)
  bridge log: 2026-10-09 20:17:42  Recorder: Journal OLD-016 of 01-Oct-2026 (MasterID 900017, line upgold01…): held: Tally did not give this entry when asked again; upload that day's Day Book to settle it (ended: not asked of Tally again)
  bridge log: 2026-10-09 20:17:42  Recorder: Journal OLD-017 of 01-Oct-2026 (MasterID 900018, line upgold01…): held: Tally did not give this entry when asked again; upload that day's Day Book to settle it (ended: not asked of Tally again)
  bridge log: 2026-10-09 20:17:42  Recorder: Journal OLD-019 of 01-Oct-2026 (MasterID 900020, line upgold01…): held: Tally did not give this entry when asked again; upload that day's Day Book to settle it (ended: not asked of Tally again)
  bridge log: 2026-10-09 20:17:42  Recorder: Journal OLD-020 of 01-Oct-2026 (MasterID 900021, line upgold02…): held: Tally did not give this entry when asked again; upload that day's Day Book to settle it (ended: not asked of Tally again)
  bridge log: 2026-10-09 20:17:42  Recorder: Journal OLD-021 of 01-Oct-2026 (MasterID 900022, line upgold02…): held: Tally did not give this entry when asked again; upload that day's Day Book to settle it (ended: not asked of Tally again)
  bridge log: 2026-10-09 20:17:42  Recorder: held lines: 0 from FinCom, 10 asked, 0 resolved, 40 still held (40 in the list)
  bridge log: 2026-10-09 20:17:42  Recorder: Journal OLD-013 of 01-Oct-2026 (MasterID 900014, line upgold01…): asking Tally again (a held line, ask 1 of 1: one request; if it stops or fails the line ends with the Day Book words)
  bridge log: 2026-10-09 20:17:42  Recorder: Journal OLD-013 of 01-Oct-2026 (MasterID 900014, line upgold01…): still held: Tally gave no voucher with MasterID 900014 on 01-Oct-2026
  bridge log: 2026-10-09 20:17:42  Recorder: Journal OLD-022 of 01-Oct-2026 (MasterID 900023, line upgold02…): asking Tally again (a held line, ask 1 of 1: one request; if it stops or fails the line ends with the Day Book words)
  bridge log: 2026-10-09 20:17:43  Recorder: entry fetch of FinCom Spike Co: answered in 6 ms
  bridge log: 2026-10-09 20:17:43  Recorder: Journal OLD-022 of 01-Oct-2026 (MasterID 900023, line upgold02…): still held: Tally gave no voucher with MasterID 900023 on 01-Oct-2026
  bridge log: 2026-10-09 20:17:43  Recorder: Journal OLD-024 of 01-Oct-2026 (MasterID 900025, line upgold02…): asking Tally again (a held line, ask 1 of 1: one request; if it stops or fails the line ends with the Day Book words)
  bridge log: 2026-10-09 20:17:43  Recorder: Journal OLD-024 of 01-Oct-2026 (MasterID 900025, line upgold02…): still held: Tally gave no voucher with MasterID 900025 on 01-Oct-2026
  bridge log: 2026-10-09 20:17:43  Recorder: Journal OLD-025 of 01-Oct-2026 (MasterID 900026, line upgold02…): asking Tally again (a held line, ask 1 of 1: one request; if it stops or fails the line ends with the Day Book words)
  bridge log: 2026-10-09 20:17:43  Recorder: entry fetch of FinCom Spike Co: answered in 2 ms
  bridge log: 2026-10-09 20:17:43  Recorder: Journal OLD-025 of 01-Oct-2026 (MasterID 900026, line upgold02…): still held: Tally gave no voucher with MasterID 900026 on 01-Oct-2026
  bridge log: 2026-10-09 20:17:43  Recorder: Journal OLD-026 of 01-Oct-2026 (MasterID 900027, line upgold02…): asking Tally again (a held line, ask 1 of 1: one request; if it stops or fails the line ends with the Day Book words)
  bridge log: 2026-10-09 20:17:44  Recorder: entry fetch of FinCom Spike Co: answered in 17 ms
  bridge log: 2026-10-09 20:17:44  Recorder: Journal OLD-026 of 01-Oct-2026 (MasterID 900027, line upgold02…): still held: Tally gave no voucher with MasterID 900027 on 01-Oct-2026
  bridge log: 2026-10-09 20:17:44  Recorder: Journal OLD-027 of 01-Oct-2026 (MasterID 900028, line upgold02…): asking Tally again (a held line, ask 1 of 1: one request; if it stops or fails the line ends with the Day Book words)
  bridge log: 2026-10-09 20:17:44  Recorder: Journal OLD-027 of 01-Oct-2026 (MasterID 900028, line upgold02…): still held: Tally gave no voucher with MasterID 900028 on 01-Oct-2026
  bridge log: 2026-10-09 20:17:44  Recorder: Journal OLD-029 of 01-Oct-2026 (MasterID 900030, line upgold02…): asking Tally again (a held line, ask 1 of 1: one request; if it stops or fails the line ends with the Day Book words)
  bridge log: 2026-10-09 20:17:44  Recorder: Journal OLD-029 of 01-Oct-2026 (MasterID 900030, line upgold02…): still held: Tally gave no voucher with MasterID 900030 on 01-Oct-2026
  bridge log: 2026-10-09 20:17:44  Recorder: Journal OLD-030 of 01-Oct-2026 (MasterID 900031, line upgold03…): asking Tally again (a held line, ask 1 of 1: one request; if it stops or fails the line ends with the Day Book words)
  bridge log: 2026-10-09 20:17:45  Recorder: Journal OLD-030 of 01-Oct-2026 (MasterID 900031, line upgold03…): still held: Tally gave no voucher with MasterID 900031 on 01-Oct-2026
  bridge log: 2026-10-09 20:17:45  Recorder: Journal OLD-031 of 01-Oct-2026 (MasterID 900032, line upgold03…): asking Tally again (a held line, ask 1 of 1: one request; if it stops or fails the line ends with the Day Book words)
  bridge log: 2026-10-09 20:17:45  Recorder: Journal OLD-031 of 01-Oct-2026 (MasterID 900032, line upgold03…): still held: Tally gave no voucher with MasterID 900032 on 01-Oct-2026
  bridge log: 2026-10-09 20:17:45  Recorder: Journal OLD-032 of 01-Oct-2026 (MasterID 900033, line upgold03…): asking Tally again (a held line, ask 1 of 1: one request; if it stops or fails the line ends with the Day Book words)
  bridge log: 2026-10-09 20:17:45  Recorder: Journal OLD-032 of 01-Oct-2026 (MasterID 900033, line upgold03…): still held: Tally gave no voucher with MasterID 900033 on 01-Oct-2026
  bridge log: 2026-10-09 20:17:45  Recorder: Journal OLD-013 of 01-Oct-2026 (MasterID 900014, line upgold01…): held: Tally did not give this entry when asked again; upload that day's Day Book to settle it (ended: not asked of Tally again)
  bridge log: 2026-10-09 20:17:45  Recorder: Journal OLD-022 of 01-Oct-2026 (MasterID 900023, line upgold02…): held: Tally did not give this entry when asked again; upload that day's Day Book to settle it (ended: not asked of Tally again)
  bridge log: 2026-10-09 20:17:45  Recorder: Journal OLD-024 of 01-Oct-2026 (MasterID 900025, line upgold02…): held: Tally did not give this entry when asked again; upload that day's Day Book to settle it (ended: not asked of Tally again)
  bridge log: 2026-10-09 20:17:45  Recorder: Journal OLD-025 of 01-Oct-2026 (MasterID 900026, line upgold02…): held: Tally did not give this entry when asked again; upload that day's Day Book to settle it (ended: not asked of Tally again)
  bridge log: 2026-10-09 20:17:45  Recorder: Journal OLD-026 of 01-Oct-2026 (MasterID 900027, line upgold02…): held: Tally did not give this entry when asked again; upload that day's Day Book to settle it (ended: not asked of Tally again)
  bridge log: 2026-10-09 20:17:45  Recorder: Journal OLD-027 of 01-Oct-2026 (MasterID 900028, line upgold02…): held: Tally did not give this entry when asked again; upload that day's Day Book to settle it (ended: not asked of Tally again)
  bridge log: 2026-10-09 20:17:45  Recorder: Journal OLD-029 of 01-Oct-2026 (MasterID 900030, line upgold02…): held: Tally did not give this entry when asked again; upload that day's Day Book to settle it (ended: not asked of Tally again)
  bridge log: 2026-10-09 20:17:45  Recorder: Journal OLD-030 of 01-Oct-2026 (MasterID 900031, line upgold03…): held: Tally did not give this entry when asked again; upload that day's Day Book to settle it (ended: not asked of Tally again)
  bridge log: 2026-10-09 20:17:45  Recorder: Journal OLD-031 of 01-Oct-2026 (MasterID 900032, line upgold03…): held: Tally did not give this entry when asked again; upload that day's Day Book to settle it (ended: not asked of Tally again)
  bridge log: 2026-10-09 20:17:45  Recorder: Journal OLD-032 of 01-Oct-2026 (MasterID 900033, line upgold03…): held: Tally did not give this entry when asked again; upload that day's Day Book to settle it (ended: not asked of Tally again)
  bridge log: 2026-10-09 20:17:45  Recorder: held lines: 0 from FinCom, 10 asked, 0 resolved, 30 still held (30 in the list)
  bridge log: 2026-10-09 20:17:45  Recorder: Journal OLD-018 of 01-Oct-2026 (MasterID 900019, line upgold01…): asking Tally again (a held line, ask 1 of 1: one request; if it stops or fails the line ends with the Day Book words)
  bridge log: 2026-10-09 20:17:46  Recorder: Journal OLD-018 of 01-Oct-2026 (MasterID 900019, line upgold01…): still held: Tally gave no voucher with MasterID 900019 on 01-Oct-2026
  bridge log: 2026-10-09 20:17:46  Recorder: Journal OLD-034 of 01-Oct-2026 (MasterID 900035, line upgold03…): asking Tally again (a held line, ask 1 of 1: one request; if it stops or fails the line ends with the Day Book words)
  bridge log: 2026-10-09 20:17:46  Recorder: Journal OLD-034 of 01-Oct-2026 (MasterID 900035, line upgold03…): still held: Tally gave no voucher with MasterID 900035 on 01-Oct-2026
  bridge log: 2026-10-09 20:17:46  Recorder: Journal OLD-035 of 01-Oct-2026 (MasterID 900036, line upgold03…): asking Tally again (a held line, ask 1 of 1: one request; if it stops or fails the line ends with the Day Book words)
  bridge log: 2026-10-09 20:17:46  Recorder: Journal OLD-035 of 01-Oct-2026 (MasterID 900036, line upgold03…): still held: Tally gave no voucher with MasterID 900036 on 01-Oct-2026
  bridge log: 2026-10-09 20:17:46  Recorder: Journal OLD-036 of 01-Oct-2026 (MasterID 900037, line upgold03…): asking Tally again (a held line, ask 1 of 1: one request; if it stops or fails the line ends with the Day Book words)
  bridge log: 2026-10-09 20:17:47  Recorder: Journal OLD-036 of 01-Oct-2026 (MasterID 900037, line upgold03…): still held: Tally gave no voucher with MasterID 900037 on 01-Oct-2026
  bridge log: 2026-10-09 20:17:47  Recorder: Journal OLD-037 of 01-Oct-2026 (MasterID 900038, line upgold03…): asking Tally again (a held line, ask 1 of 1: one request; if it stops or fails the line ends with the Day Book words)
  bridge log: 2026-10-09 20:17:47  Recorder: Journal OLD-037 of 01-Oct-2026 (MasterID 900038, line upgold03…): still held: Tally gave no voucher with MasterID 900038 on 01-Oct-2026
  bridge log: 2026-10-09 20:17:47  Recorder: Journal OLD-039 of 01-Oct-2026 (MasterID 900040, line upgold03…): asking Tally again (a held line, ask 1 of 1: one request; if it stops or fails the line ends with the Day Book words)
  bridge log: 2026-10-09 20:17:47  Recorder: Journal OLD-039 of 01-Oct-2026 (MasterID 900040, line upgold03…): still held: Tally gave no voucher with MasterID 900040 on 01-Oct-2026
  bridge log: 2026-10-09 20:17:47  Recorder: Journal OLD-040 of 01-Oct-2026 (MasterID 900041, line upgold04…): asking Tally again (a held line, ask 1 of 1: one request; if it stops or fails the line ends with the Day Book words)
  bridge log: 2026-10-09 20:17:48  Recorder: entry fetch of FinCom Spike Co: answered in 3 ms
  bridge log: 2026-10-09 20:17:48  Recorder: Journal OLD-040 of 01-Oct-2026 (MasterID 900041, line upgold04…): still held: Tally gave no voucher with MasterID 900041 on 01-Oct-2026
  bridge log: 2026-10-09 20:17:48  Recorder: Journal OLD-041 of 01-Oct-2026 (MasterID 900042, line upgold04…): asking Tally again (a held line, ask 1 of 1: one request; if it stops or fails the line ends with the Day Book words)
  bridge log: 2026-10-09 20:17:48  Recorder: Journal OLD-041 of 01-Oct-2026 (MasterID 900042, line upgold04…): still held: Tally gave no voucher with MasterID 900042 on 01-Oct-2026
  bridge log: 2026-10-09 20:17:48  Recorder: Journal OLD-042 of 01-Oct-2026 (MasterID 900043, line upgold04…): asking Tally again (a held line, ask 1 of 1: one request; if it stops or fails the line ends with the Day Book words)
  bridge log: 2026-10-09 20:17:48  Recorder: entry fetch of FinCom Spike Co: answered in 18 ms
  bridge log: 2026-10-09 20:17:48  Recorder: Journal OLD-042 of 01-Oct-2026 (MasterID 900043, line upgold04…): still held: Tally gave no voucher with MasterID 900043 on 01-Oct-2026
  bridge log: 2026-10-09 20:17:48  Recorder: Journal OLD-044 of 01-Oct-2026 (MasterID 900045, line upgold04…): asking Tally again (a held line, ask 1 of 1: one request; if it stops or fails the line ends with the Day Book words)
  bridge log: 2026-10-09 20:17:49  Recorder: Journal OLD-044 of 01-Oct-2026 (MasterID 900045, line upgold04…): still held: Tally gave no voucher with MasterID 900045 on 01-Oct-2026
  bridge log: 2026-10-09 20:17:49  Recorder: Journal OLD-018 of 01-Oct-2026 (MasterID 900019, line upgold01…): held: Tally did not give this entry when asked again; upload that day's Day Book to settle it (ended: not asked of Tally again)
  bridge log: 2026-10-09 20:17:49  Recorder: Journal OLD-034 of 01-Oct-2026 (MasterID 900035, line upgold03…): held: Tally did not give this entry when asked again; upload that day's Day Book to settle it (ended: not asked of Tally again)
  bridge log: 2026-10-09 20:17:49  Recorder: Journal OLD-035 of 01-Oct-2026 (MasterID 900036, line upgold03…): held: Tally did not give this entry when asked again; upload that day's Day Book to settle it (ended: not asked of Tally again)
  bridge log: 2026-10-09 20:17:49  Recorder: Journal OLD-036 of 01-Oct-2026 (MasterID 900037, line upgold03…): held: Tally did not give this entry when asked again; upload that day's Day Book to settle it (ended: not asked of Tally again)
  bridge log: 2026-10-09 20:17:49  Recorder: Journal OLD-037 of 01-Oct-2026 (MasterID 900038, line upgold03…): held: Tally did not give this entry when asked again; upload that day's Day Book to settle it (ended: not asked of Tally again)
  bridge log: 2026-10-09 20:17:49  Recorder: Journal OLD-039 of 01-Oct-2026 (MasterID 900040, line upgold03…): held: Tally did not give this entry when asked again; upload that day's Day Book to settle it (ended: not asked of Tally again)
  bridge log: 2026-10-09 20:17:49  Recorder: Journal OLD-040 of 01-Oct-2026 (MasterID 900041, line upgold04…): held: Tally did not give this entry when asked again; upload that day's Day Book to settle it (ended: not asked of Tally again)
  bridge log: 2026-10-09 20:17:49  Recorder: Journal OLD-041 of 01-Oct-2026 (MasterID 900042, line upgold04…): held: Tally did not give this entry when asked again; upload that day's Day Book to settle it (ended: not asked of Tally again)
  bridge log: 2026-10-09 20:17:49  Recorder: Journal OLD-042 of 01-Oct-2026 (MasterID 900043, line upgold04…): held: Tally did not give this entry when asked again; upload that day's Day Book to settle it (ended: not asked of Tally again)
  bridge log: 2026-10-09 20:17:49  Recorder: Journal OLD-044 of 01-Oct-2026 (MasterID 900045, line upgold04…): held: Tally did not give this entry when asked again; upload that day's Day Book to settle it (ended: not asked of Tally again)
  bridge log: 2026-10-09 20:17:49  Recorder: held lines: 0 from FinCom, 10 asked, 0 resolved, 20 still held (20 in the list)
  bridge log: 2026-10-09 20:17:49  Recorder: Journal OLD-023 of 01-Oct-2026 (MasterID 900024, line upgold02…): asking Tally again (a held line, ask 1 of 1: one request; if it stops or fails the line ends with the Day Book words)
  bridge log: 2026-10-09 20:17:49  Recorder: Journal OLD-023 of 01-Oct-2026 (MasterID 900024, line upgold02…): still held: Tally gave no voucher with MasterID 900024 on 01-Oct-2026
  bridge log: 2026-10-09 20:17:49  Recorder: Journal OLD-045 of 01-Oct-2026 (MasterID 900046, line upgold04…): asking Tally again (a held line, ask 1 of 1: one request; if it stops or fails the line ends with the Day Book words)
  bridge log: 2026-10-09 20:17:49  Recorder: Journal OLD-045 of 01-Oct-2026 (MasterID 900046, line upgold04…): still held: Tally gave no voucher with MasterID 900046 on 01-Oct-2026
  bridge log: 2026-10-09 20:17:49  Recorder: Journal OLD-046 of 01-Oct-2026 (MasterID 900047, line upgold04…): asking Tally again (a held line, ask 1 of 1: one request; if it stops or fails the line ends with the Day Book words)
  bridge log: 2026-10-09 20:17:50  Recorder: Journal OLD-046 of 01-Oct-2026 (MasterID 900047, line upgold04…): still held: Tally gave no voucher with MasterID 900047 on 01-Oct-2026
  bridge log: 2026-10-09 20:17:50  Recorder: Journal OLD-047 of 01-Oct-2026 (MasterID 900048, line upgold04…): asking Tally again (a held line, ask 1 of 1: one request; if it stops or fails the line ends with the Day Book words)
  bridge log: 2026-10-09 20:17:50  Recorder: entry fetch of FinCom Spike Co: answered in 25 ms
  bridge log: 2026-10-09 20:17:50  Recorder: Journal OLD-047 of 01-Oct-2026 (MasterID 900048, line upgold04…): still held: Tally gave no voucher with MasterID 900048 on 01-Oct-2026
  bridge log: 2026-10-09 20:17:50  Recorder: Journal OLD-049 of 01-Oct-2026 (MasterID 900050, line upgold04…): asking Tally again (a held line, ask 1 of 1: one request; if it stops or fails the line ends with the Day Book words)
  bridge log: 2026-10-09 20:17:50  Recorder: Journal OLD-049 of 01-Oct-2026 (MasterID 900050, line upgold04…): still held: Tally gave no voucher with MasterID 900050 on 01-Oct-2026
  bridge log: 2026-10-09 20:17:50  Recorder: Journal OLD-023 of 01-Oct-2026 (MasterID 900024, line upgold02…): held: Tally did not give this entry when asked again; upload that day's Day Book to settle it (ended: not asked of Tally again)
  bridge log: 2026-10-09 20:17:50  Recorder: Journal OLD-045 of 01-Oct-2026 (MasterID 900046, line upgold04…): held: Tally did not give this entry when asked again; upload that day's Day Book to settle it (ended: not asked of Tally again)
  bridge log: 2026-10-09 20:17:50  Recorder: Journal OLD-046 of 01-Oct-2026 (MasterID 900047, line upgold04…): held: Tally did not give this entry when asked again; upload that day's Day Book to settle it (ended: not asked of Tally again)
  bridge log: 2026-10-09 20:17:50  Recorder: Journal OLD-047 of 01-Oct-2026 (MasterID 900048, line upgold04…): held: Tally did not give this entry when asked again; upload that day's Day Book to settle it (ended: not asked of Tally again)
  bridge log: 2026-10-09 20:17:50  Recorder: Journal OLD-049 of 01-Oct-2026 (MasterID 900050, line upgold04…): held: Tally did not give this entry when asked again; upload that day's Day Book to settle it (ended: not asked of Tally again)
  bridge log: 2026-10-09 20:17:50  Recorder: held lines: 0 from FinCom, 5 asked, 0 resolved, 10 still held (10 in the list)
  bridge log: 2026-10-09 20:17:50  Recorder: Journal OLD-028 of 01-Oct-2026 (MasterID 900029, line upgold02…): asking Tally again (a held line, ask 1 of 1: one request; if it stops or fails the line ends with the Day Book words)
  bridge log: 2026-10-09 20:17:51  Recorder: Journal OLD-028 of 01-Oct-2026 (MasterID 900029, line upgold02…): still held: Tally gave no voucher with MasterID 900029 on 01-Oct-2026
  bridge log: 2026-10-09 20:17:51  Recorder: Journal OLD-028 of 01-Oct-2026 (MasterID 900029, line upgold02…): held: Tally did not give this entry when asked again; upload that day's Day Book to settle it (ended: not asked of Tally again)
  bridge log: 2026-10-09 20:17:51  Recorder: held lines: 0 from FinCom, 1 asked, 0 resolved, 5 still held (5 in the list)
  bridge log: 2026-10-09 20:17:51  Recorder: Journal OLD-033 of 01-Oct-2026 (MasterID 900034, line upgold03…): asking Tally again (a held line, ask 1 of 1: one request; if it stops or fails the line ends with the Day Book words)
  bridge log: 2026-10-09 20:17:51  Recorder: Journal OLD-033 of 01-Oct-2026 (MasterID 900034, line upgold03…): still held: Tally gave no voucher with MasterID 900034 on 01-Oct-2026
  bridge log: 2026-10-09 20:17:51  Recorder: Journal OLD-033 of 01-Oct-2026 (MasterID 900034, line upgold03…): held: Tally did not give this entry when asked again; upload that day's Day Book to settle it (ended: not asked of Tally again)
  bridge log: 2026-10-09 20:17:51  Recorder: held lines: 0 from FinCom, 1 asked, 0 resolved, 4 still held (4 in the list)
  bridge log: 2026-10-09 20:17:51  Recorder: Journal OLD-038 of 01-Oct-2026 (MasterID 900039, line upgold03…): asking Tally again (a held line, ask 1 of 1: one request; if it stops or fails the line ends with the Day Book words)
  bridge log: 2026-10-09 20:17:51  Recorder: Journal OLD-038 of 01-Oct-2026 (MasterID 900039, line upgold03…): still held: Tally gave no voucher with MasterID 900039 on 01-Oct-2026
  bridge log: 2026-10-09 20:17:51  Recorder: Journal OLD-038 of 01-Oct-2026 (MasterID 900039, line upgold03…): held: Tally did not give this entry when asked again; upload that day's Day Book to settle it (ended: not asked of Tally again)
  bridge log: 2026-10-09 20:17:51  Recorder: held lines: 0 from FinCom, 1 asked, 0 resolved, 3 still held (3 in the list)
  bridge log: 2026-10-09 20:17:51  Recorder: Journal OLD-043 of 01-Oct-2026 (MasterID 900044, line upgold04…): asking Tally again (a held line, ask 1 of 1: one request; if it stops or fails the line ends with the Day Book words)
  bridge log: 2026-10-09 20:17:52  Recorder: Journal OLD-043 of 01-Oct-2026 (MasterID 900044, line upgold04…): still held: Tally gave no voucher with MasterID 900044 on 01-Oct-2026
  bridge log: 2026-10-09 20:17:52  Recorder: Journal OLD-043 of 01-Oct-2026 (MasterID 900044, line upgold04…): held: Tally did not give this entry when asked again; upload that day's Day Book to settle it (ended: not asked of Tally again)
  bridge log: 2026-10-09 20:17:52  Recorder: held lines: 0 from FinCom, 1 asked, 0 resolved, 2 still held (2 in the list)
  bridge log: 2026-10-09 20:17:52  Recorder: Journal OLD-048 of 01-Oct-2026 (MasterID 900049, line upgold04…): asking Tally again (a held line, ask 1 of 1: one request; if it stops or fails the line ends with the Day Book words)
  bridge log: 2026-10-09 20:17:52  Recorder: Journal OLD-048 of 01-Oct-2026 (MasterID 900049, line upgold04…): still held: Tally gave no voucher with MasterID 900049 on 01-Oct-2026
  bridge log: 2026-10-09 20:17:52  Recorder: Journal OLD-048 of 01-Oct-2026 (MasterID 900049, line upgold04…): held: Tally did not give this entry when asked again; upload that day's Day Book to settle it (ended: not asked of Tally again)
  bridge log: 2026-10-09 20:17:52  Recorder: held lines: 0 from FinCom, 1 asked, 0 resolved, 1 still held (1 in the list)
  INFO add-on: recorder files after start: none
[20:18:19] ---- upg: 2.4.0 over a running 2.3.3
  INFO upg: the bridge before the upgrade: version 2.4.0 (expected 2.4.0), port 9100
  INFO upg: 2.4.0 recorded the starting point: True
[shot] tds-001-gw0 (1024x768)
[20:18:22] [tds] screen tds-001-gw0 : TallyPrime MANAGE Recyc EDU K: Company Gatewa of Tall Y: Data 161 t to Q Z: Exchange CURRENT OATE Wednesday, I-Apr-2026 upr-26 Search O: Import E: Export M: Share p: print Fl: Help Date Firefo Googl Chro Micros 46 IypÅ Unity CURRENT PERIOD I-Apr-26 to 31-Mar-27 NAME OF COMPANY FinCom Spike Co Gateway of Tally MASTERS Create Alter CHart of Accounts TRANSACTIONS Vouchers Day 800K UTILITIES BaNking REPORTS Balance Sheet Profit & Loss A/c Stock Summary Ratio Analysis Display More Reports DashbOard Quit Company tion_ 6U1df 8c63e c5813 ubl' , I' Oaed4 c63eb 5813c on_id isten rrela bd3eb unnin ource ...
[VAll] 2 vouchers: 1/1/Journal/20260401/spike TDSDesk:test-1, 2/2/Journal/20261001/renum before the bridge
[keys] 'v' -> Tally 'TallyPrime:9000'
[shot] v-upg-s0-vouchers (1024x768)
[keys] '{F6}' -> Tally 'TallyPrime:9000'
[keys] '{F2}' -> Tally 'TallyPrime:9000'
[keys] '2-10-2026{ENTER}' -> Tally 'TallyPrime:9000'
[keys] 'Cash{ENTER}' -> Tally 'TallyPrime:9000'
[keys] 'Spike Income{ENTER}' -> Tally 'TallyPrime:9000'
[keys] '701{ENTER}' -> Tally 'TallyPrime:9000'
[keys] '^a' -> Tally 'TallyPrime:9000'
[shot] v-upg-s0-saved (1024x768)
[shot] tds-002-gw0 (1024x768)
[20:18:56] [tds] screen tds-002-gw0 : TallyPrime MANAGE Recyc EDU K: Company Accounting Voucher Creation Recei t No. 2 Firefo Account Current balance: Particulars Googl Chro Micros 46 IypÅ Narration: Unity Quit 161 Y: Data Z: Exchange A Accept Search O: Import E: Export M: Share FinCom • ke Co p: print x 2-Oct-26 Friday Amount Fl: Help Q: Date t to Company Ed: Contra Payment F-6: Receipt Journal Sales Purchase Fl O: OåuVooctgs E: Autofill Change Mode More Details O: Related ¯ Repons Optional post -Dated J: Stat Adjustment El 2: Configure tion_ 6U1df 8c63e c5813 ubl' , I' ' Oaed4 c63eb 5813c on_id isten rrela bd3eb unnin ource 5-17...
[keys] '{ESC}' -> Tally 'TallyPrime:9000'
[shot] tds-003-gw1 (1024x768)
[20:19:00] [tds] screen tds-003-gw1 : TallyPrime MANAGE Recyc EDU K: Company Accounting Voucher Creation Recei t No. 2 Firefo Account Current balance: Particulars Googl Chro Micros 46 IypÅ Narration: Unity Q: Quit Y: Data Q Z: Exchange A: Accept Search O: Import E: Export M: Share FinCom p: print x 2-Oct-26 Friday Amount Quit o Yes or No Fl: Help F-2: Date F-3: Company F-4: Contra F-5: Payment F-6: Receipt F-7: Journal F-9: Purchase PIO: E: Autofill H: Change = Mode I: More - Details O: Related ¯ Repons L: Optional T: post = -Dated J: Stat ¯ Adjustment F-12: Configure 161 t to tion_ 6U1df 8c63e c5813 ubl' , I' ' Oaed4 c63eb 5813c ...
[keys] 'y' -> Tally 'TallyPrime:9000'
[shot] tds-004-gw2 (1024x768)
[20:19:03] [tds] screen tds-004-gw2 : TallyPrime MANAGE Recyc EDU K: Company Gatewa of Tall Y: Data Z: Exchange CURRENT OATE Friday, 2-Oct-2026 2-Oct-26 Search O: Import E: Export M: Share p: print Fl: Help Date 161 t to Firefo Googl Chro Micros 46 IypÅ Unity CURRENT PERIOD I-Apr-26 to 31-Mar-27 NAME OF COMPANY FinCom Spike Co * (e) Data exceptions exist Gateway of Tally MASTERS Create Alter CHart of Accounts TRANSACTIONS Vouchers Day 800K UTILITIES BaNking REPORTS Balance Sheet Profit & Loss A/c Stock Summary Ratio Analysis Display More Reports DashbOard Quit Q Company tion_ 6U1df 8c63e c5813 ubl' , I' Oaed4 c63eb 5813c on_id ist...
[VAll] 3 vouchers: 1/1/Journal/20260401/spike TDSDesk:test-1, 2/2/Journal/20261001/renum before the bridge, 3/3/Receipt/20261002/
  INFO upg: S0 (mid 3, 0435b418-d803-426a-be51-70843add1e64-00000003) under 2.3.3: in the stub with its body at 20:18:52
[shot] tds-005-gw0 (1024x768)
[20:19:04] [tds] screen tds-005-gw0 : TallyPrime MANAGE Recyc EDU K: Company Gatewa of Tall Y: Data Z: Exchange CURRENT OATE Friday, 2-Oct-2026 2-Oct-26 Search O: Import E: Export M: Share p: print Fl: Help Date 161 t to Firefo Googl Chro Micros 46 IypÅ Unity CURRENT PERIOD I-Apr-26 to 31-Mar-27 NAME OF COMPANY FinCom Spike Co * (e) Data exceptions exist Gateway of Tally MASTERS Create Alter CHart of Accounts TRANSACTIONS Vouchers Day 800K UTILITIES BaNking REPORTS Balance Sheet Profit & Loss A/c Stock Summary Ratio Analysis Display More Reports DashbOard Quit Q Company tion_ 6U1df 8c63e c5813 ubl' , I' Oaed4 c63eb 5813c on_id ist...
[VAll] 3 vouchers: 1/1/Journal/20260401/spike TDSDesk:test-1, 2/2/Journal/20261001/renum before the bridge, 3/3/Receipt/20261002/
[keys] 'v' -> Tally 'TallyPrime:9000'
[shot] v-upg-s1-vouchers (1024x768)
[keys] '{F6}' -> Tally 'TallyPrime:9000'
[keys] '{F2}' -> Tally 'TallyPrime:9000'
[keys] '2-10-2026{ENTER}' -> Tally 'TallyPrime:9000'
[keys] 'Cash{ENTER}' -> Tally 'TallyPrime:9000'
[keys] 'Spike Income{ENTER}' -> Tally 'TallyPrime:9000'
[keys] '702{ENTER}' -> Tally 'TallyPrime:9000'
[keys] '^a' -> Tally 'TallyPrime:9000'
[shot] v-upg-s1-saved (1024x768)
[shot] tds-006-gw0 (1024x768)
[20:19:38] [tds] screen tds-006-gw0 : TallyPrime MANAGE Recyc EDU K: Company Accounting Voucher Creation Recei t Firefo Account Current balance: Particulars Googl Chro Micros 46 IypÅ Narration: Unity Quit 161 Y: Data Z: Exchange A Accept Search O: Import E: Export M: Share FinCom • ke Co p: print x 2-Oct-26 Friday Amount Fl: Help Q: Date t to Company Ed: Contra Payment F-6: Receipt Journal Sales Purchase Fl O: OåuVooctgs E: Autofill Change Mode More Details O: Related ¯ Repons Optional post -Dated J: Stat Adjustment El 2: Configure tion_ 6U1df 8c63e c5813 ubl' , I' ' Oaed4 c63eb 5813c on_id isten rrela bd3eb unnin ource 5-170 age"...
[keys] '{ESC}' -> Tally 'TallyPrime:9000'
[shot] tds-007-gw1 (1024x768)
[20:19:42] [tds] screen tds-007-gw1 : TallyPrime MANAGE Recyc EDU K: Company Accounting Voucher Creation Recei t Firefo Account Current balance: Particulars Googl Chro Micros 46 IypÅ Narration: Unity Q: Quit Y: Data Q Z: Exchange A: Accept Search O: Import E: Export M: Share FinCom p: print x 2-Oct-26 Friday Amount Quit o Yes or No Fl: Help F-2: Date F-3: Company F-4: Contra F-5: Payment F-6: Receipt F-7: Journal F-9: Purchase PIO: E: Autofill H: Change = Mode I: More - Details O: Related ¯ Repons L: Optional T: post = -Dated J: Stat ¯ Adjustment F-12: Configure 161 t to tion_ 6U1df 8c63e c5813 ubl' , I' ' Oaed4 c63eb 5813c on_id ...
[keys] 'y' -> Tally 'TallyPrime:9000'
[shot] tds-008-gw2 (1024x768)
[20:19:45] [tds] screen tds-008-gw2 : TallyPrime MANAGE Recyc EDU K: Company Gatewa of Tall Y: Data Z: Exchange CURRENT OATE Friday, 2-Oct-2026 2-Oct-26 Search O: Import E: Export M: Share p: print Fl: Help Date 161 t to Firefo Googl Chro Micros 46 IypÅ Unity CURRENT PERIOD I-Apr-26 to 31-Mar-27 NAME OF COMPANY FinCom Spike Co * (e) Data exceptions exist Gateway of Tally MASTERS Create Alter CHart of Accounts TRANSACTIONS Vouchers Day 800K UTILITIES BaNking REPORTS Balance Sheet Profit & Loss A/c Stock Summary Ratio Analysis Display More Reports DashbOard Quit Q Company tion_ 6U1df 8c63e c5813 ubl' , I' Oaed4 c63eb 5813c on_id ist...
[VAll] 4 vouchers: 1/1/Journal/20260401/spike TDSDesk:test-1, 2/2/Journal/20261001/renum before the bridge, 3/3/Receipt/20261002/, 4/4/Receipt/20261002/
  INFO upg: 0 lines held by 2.3.3 at the upgrade; running FinComBridge-Setup-2.4.1.exe (setup origin: COMMITTED assets-test/bridge-go/FinComBridge-Setup-2.4.1.exe SHA-256 8c5b8b077a7249b17f404d5dc8723ba7af6c0107810696d3b08979de2f0975b3) over it
  INFO upg: the new setup ended with 0
######## PASS u1 2.4.1 installed over 2.4.0: the version and the settings carried: before: 2.4.0 on port 9100; the setup FinComBridge-Setup-2.4.1.exe ended 0; after: version 2.4.1 on port 9100; settings changed: none (port, key, cloud, Tally ports and host kept)
[keys] 'a' -> Tally 'TallyPrime:9000'
[keys] 't' -> Tally 'TallyPrime:9000'
[shot] v-upg-addon240-started (1024x768)
[20:20:40] proxy 127.0.0.2:9000 -> Tally: True (HTTP 200, pid 2936)
[20:20:40] Tally started again (addon240, add-on C:\fcspike\FinComRecorder.tdl): pid 3612, port up True, proxy True
[shot] tds-009-gw0 (1024x768)
[20:20:40] [tds] screen tds-009-gw0 : TallyPrime MANAGE Recyc EDU K: Company Gatewa of Tall Y: Data Z: Exchange CURRENT OATE Friday, 2-Oct-2026 2-Oct-26 Search O: Import E: Export M: Share p: print Fl: Help Date 161 t to Firefo Googl Chro Micros 46 IypÅ Unity CURRENT PERIOD I-Apr-26 to 31-Mar-27 NAME OF COMPANY FinCom Spike Co * (e) Data exceptions exist Gateway of Tally MASTERS Create Alter CHart of Accounts TRANSACTIONS Vouchers Day 800K UTILITIES BaNking REPORTS Balance Sheet Profit & Loss A/c Stock Summary Ratio Analysis Display More Reports DashbOard Quit Q Company tion_ 6U1df 8c63e c5813 ubl' , I' Oaed4 c63eb 5813c on_id ist...
[VAll] 4 vouchers: 1/1/Journal/20260401/spike TDSDesk:test-1, 2/2/Journal/20261001/renum before the bridge, 3/3/Receipt/20261002/, 4/4/Receipt/20261002/
[keys] 'v' -> Tally 'TallyPrime:9000'
[shot] v-upg-s2-vouchers (1024x768)
[keys] '{F6}' -> Tally 'TallyPrime:9000'
[keys] '{F2}' -> Tally 'TallyPrime:9000'
[keys] '2-10-2026{ENTER}' -> Tally 'TallyPrime:9000'
[keys] 'Cash{ENTER}' -> Tally 'TallyPrime:9000'
[keys] 'Spike Income{ENTER}' -> Tally 'TallyPrime:9000'
[keys] '703{ENTER}' -> Tally 'TallyPrime:9000'
[keys] '^a' -> Tally 'TallyPrime:9000'
[shot] v-upg-s2-saved (1024x768)
[shot] tds-010-gw0 (1024x768)
[20:21:15] [tds] screen tds-010-gw0 : TallyPrime MANAGE Recyc EDU K: Company Accounting Voucher Creation Recei t No. 4 Firefo Account Current balance: Particulars Googl Chro Micros 46 IypÅ Narration: Unity Quit 161 Y: Data Z: Exchange A Accept Search O: Import E: Export M: Share FinCom • ke Co p: print x 2-Oct-26 Friday Amount Fl: Help Q: Date t to Company Ed: Contra Payment F-6: Receipt Journal Sales Purchase Fl O: OåuVooctgs E: Autofill Change Mode More Details O: Related ¯ Repons Optional post -Dated J: Stat Adjustment El 2: Configure tion_ 6U1df 8c63e c5813 ubl' , I' ' Oaed4 c63eb 5813c on_id isten rrela bd3eb unnin ource 5-17...
[keys] '{ESC}' -> Tally 'TallyPrime:9000'
[shot] tds-011-gw1 (1024x768)
[20:21:18] [tds] screen tds-011-gw1 : TallyPrime MANAGE Recyc EDU K: Company Accounting Voucher Creation Recei t No. 4 Firefo Account Current balance: Particulars Googl Chro Micros 46 IypÅ Narration: Unity Q: Quit Y: Data Q Z: Exchange A: Accept Search O: Import E: Export M: Share FinCom p: print x 2-Oct-26 Friday Amount Quit o Yes or No Fl: Help F-2: Date F-3: Company F-4: Contra F-5: Payment F-6: Receipt F-7: Journal F-9: Purchase PIO: E: Autofill H: Change = Mode I: More - Details O: Related ¯ Repons L: Optional T: post = -Dated J: Stat ¯ Adjustment F-12: Configure 161 t to tion_ 6U1df 8c63e c5813 ubl' , I' ' Oaed4 c63eb 5813c ...
[keys] 'y' -> Tally 'TallyPrime:9000'
[shot] tds-012-gw2 (1024x768)
[20:21:21] [tds] screen tds-012-gw2 : TallyPrime MANAGE Recyc EDU K: Company Gatewa of Tall Y: Data Z: Exchange CURRENT OATE Friday, 2-Oct-2026 2-Oct-26 Search O: Import E: Export M: Share p: print Fl: Help Date 161 t to Firefo Googl Chro Micros 46 IypÅ Unity CURRENT PERIOD I-Apr-26 to 31-Mar-27 NAME OF COMPANY FinCom Spike Co * (e) Data exceptions exist Gateway of Tally MASTERS Create Alter CHart of Accounts TRANSACTIONS Vouchers Day 800K UTILITIES BaNking REPORTS Balance Sheet Profit & Loss A/c Stock Summary Ratio Analysis Display More Reports DashbOard Quit Q Company tion_ 6U1df 8c63e c5813 ubl' , I' Oaed4 c63eb 5813c on_id ist...
[VAll] 5 vouchers: 1/1/Journal/20260401/spike TDSDesk:test-1, 2/2/Journal/20261001/renum before the bridge, 3/3/Receipt/20261002/, 4/4/Receipt/20261002/, 5/5/Receipt/20261002/
######## FAIL u2 the recorder state carried: nothing sent twice, nothing lost: start-point.json the same after the upgrade: True; S0 (2.3.3's, mid 3) sent again by 2.4.0: 1; the ids 2.3.3 ended sent again: 0; S1 (saved just before the upgrade, mid 4): lines 1, with its body 1 (stub 20:19:34 recorder line event=created guid=0435b418-d803-426a-be51-70843add1e64-00000004 mid=4 aid=4 vch=Receipt/2/20261002 body=yes(876 chars))
######## PASS u3 held lines from 2.4.0: each asked once in all and ended: 50 seeded lines (final 10, plain 20, refetch 10, tries20 10); held by 2.4.0 at the upgrade: 0; asked again by 2.4.1 though 2.4.0 had ended them: 0; each asked once in all and ended: 50; not so: none; lost: none
######## PASS u4 a new save after the upgrade arrives with its body: S2 mid 5 guid 0435b418-d803-426a-be51-70843add1e64-00000005: stub 20:21:10 recorder line event=created guid=0435b418-d803-426a-be51-70843add1e64-00000005 mid=5 aid=5 vch=Receipt/3/20261002 body=yes(876 chars); the add-on's files written after the upgrade: 0435b418-d803-426a-be51-70843add1e64-9-Oct-26-runneradmin.txt
  bridge log: 2026-10-09 20:18:52  Recorder: Receipt 1 of 02-Oct-2026 (MasterID 3, line 74f02b5f…): asking Tally by MasterID
  bridge log: 2026-10-09 20:18:52  Recorder: Receipt 1 of 02-Oct-2026 (MasterID 3, line 74f02b5f…): taken: Tally's GUID 0435b418-d803-426a-be51-70843add1e64-00000003, AlterID 3
  bridge log: 2026-10-09 20:18:52  Renumbering: made Receipt 1 of 02-Oct-2026 in FinCom Spike Co: FinCom holds 0 later Receipt entries; each is read again from Tally to see whether Tally renumbered it
  bridge log: 2026-10-09 20:19:34  Recorder: Receipt 2 of 02-Oct-2026 (MasterID 4, line ddaf3b83…): asking Tally by MasterID
  bridge log: 2026-10-09 20:19:34  Recorder: entry fetch of FinCom Spike Co: answered in 7 ms
  bridge log: 2026-10-09 20:19:34  Recorder: Receipt 2 of 02-Oct-2026 (MasterID 4, line ddaf3b83…): taken: Tally's GUID 0435b418-d803-426a-be51-70843add1e64-00000004, AlterID 4
  bridge log: 2026-10-09 20:19:34  Renumbering: made Receipt 2 of 02-Oct-2026 in FinCom Spike Co: FinCom holds 0 later Receipt entries; each is read again from Tally to see whether Tally renumbered it
  bridge log: 2026-10-09 20:19:45  Nightly catch-up: not finished (Tally or the company not open) (109 request(s) to Tally)
  bridge log: 2026-10-09 20:19:45  Stopping: asked to (setup or uninstall)
  bridge log: 2026-10-09 20:19:49  FinCom Bridge 2.4.1: started just for runnervmfi6oq\runneradmin (no service); it keeps the bridge and its icon running
  bridge log: 2026-10-09 20:19:49  FinCom Bridge 2.4.1 (Go) started on 127.0.0.1:9100: the only bridge on this computer; working for runnervmfi6oq\runneradmin, Windows session 2; runs just for this Windows user (starts at sign-in, no service)
  bridge log: 2026-10-09 20:19:49  Tally is open on port 9000; the bridge reads it only after an event (a client opened in FinCom, Update now, a posting, the nightly catch-up at 19:00)
  bridge log: 2026-10-09 20:19:49  Recorder: re-scan of the add-on's files for 2.4.1: 0 line(s) sent earlier without their entry found (a new entry's line with no MasterID, a GUID of another entry, or read while the body fetch was off)
  bridge log: 2026-10-09 20:19:49  Check:  - 
  bridge log: 2026-10-09 20:19:52  Trial tools switched on for this computer in FinCom: the tray shows the trial items
  bridge log: 2026-10-09 20:19:52  FinCom: this bridge is now the main bridge on this computer (set by the setup); it reads and posts
  bridge log: 2026-10-09 20:19:52  Company FinCom Spike Co: change numbers read with form a: ALTVCHID=4, ALTMSTID=209
  bridge log: 2026-10-09 20:19:52  Light check of FinCom Spike Co: unchanged starting point ALTVCHID=2; now ALTVCHID=4, ALTMSTID=209
  bridge log: 2026-10-09 20:19:52  Bank dates: FinCom Spike Co: Tally's voucher counter moved with no add-on line for 2 entries (a bank date set in Bank Reconciliation, or another change Tally makes without a voucher form); each is read again from Tally
  bridge log: 2026-10-09 20:19:52  Nightly check of FinCom Spike Co: not now: someone is working in Tally
  bridge log: 2026-10-09 20:19:53  Recorder: entry fetch of FinCom Spike Co: answered in 28 ms
  bridge log: 2026-10-09 20:19:53  Recorder: Receipt 1 of 02-Oct-2026 (MasterID 3, line f47f4d81…): taken: Tally's GUID 0435b418-d803-426a-be51-70843add1e64-00000003, AlterID 3
  bridge log: 2026-10-09 20:19:53  Recorder: entry fetch of FinCom Spike Co: answered in 25 ms
  bridge log: 2026-10-09 20:19:53  Recorder: Receipt 2 of 02-Oct-2026 (MasterID 4, line 12c22b92…): taken: Tally's GUID 0435b418-d803-426a-be51-70843add1e64-00000004, AlterID 4
  bridge log: 2026-10-09 20:21:10  Recorder: Receipt 3 of 02-Oct-2026 (MasterID 5, line d9948789…): asking Tally by MasterID
  bridge log: 2026-10-09 20:21:10  Recorder: entry fetch of FinCom Spike Co: answered in 26 ms
  bridge log: 2026-10-09 20:21:10  Recorder: Receipt 3 of 02-Oct-2026 (MasterID 5, line d9948789…): taken: Tally's GUID 0435b418-d803-426a-be51-70843add1e64-00000005, AlterID 5
  bridge log: 2026-10-09 20:21:10  Renumbering: made Receipt 3 of 02-Oct-2026 in FinCom Spike Co: FinCom holds 0 later Receipt entries; each is read again from Tally to see whether Tally renumbered it
