2026-10-06 00:04:26  FinCom Bridge 2.3.0: started just for runnervmfi6oq\runneradmin (no service); it keeps the bridge and its icon running
2026-10-06 00:04:26  FinCom Bridge 2.3.0 (Go) started on 127.0.0.1:9100: the only bridge on this computer; working for runnervmfi6oq\runneradmin, Windows session 2; runs just for this Windows user (starts at sign-in, no service)
2026-10-06 00:04:26  Tally is open on port 9000; the bridge reads it only after an event (a client opened in FinCom, Update now, a posting, the nightly catch-up at 02:00)
2026-10-06 00:04:26  Recorder: re-scan of the add-on's files for 2.3.0: 0 line(s) sent earlier without their entry found (a new entry's line with no MasterID, a GUID of another entry, or read while the body fetch was off)
2026-10-06 00:04:26  Check:  - 
2026-10-06 00:04:29  Tray icon: set to show next to the clock always (Windows 11)
2026-10-06 00:04:29  FinCom: this bridge is now the main bridge on this computer (set by the setup); it reads and posts
2026-10-06 00:04:29  Company FinCom Spike Co: its Tally GUID 85986070-c48d-4140-ba39-3225aec343c5 is held from now on
2026-10-06 00:04:29  Company FinCom Spike Co: its starting point is recorded: ALTVCHID=1, ALTMSTID=211 (reading is prospective only: the bridge follows what changes after this)
2026-10-06 00:04:29  Company FinCom Spike Co: change numbers read with form a: ALTVCHID=1, ALTMSTID=211
2026-10-06 00:04:29  Light check of FinCom Spike Co: starting point recorded (ALTVCHID=1, ALTMSTID=211)
2026-10-06 00:04:32  Refused a request from a program of another Windows user (/tray/idle): not your FinCom Bridge
2026-10-06 00:04:32  Refused a request from a program of another Windows user (/tray/status): not your FinCom Bridge
2026-10-06 00:04:44  Refused a request from a program of another Windows user (/status): not your FinCom Bridge
2026-10-06 00:05:44  Recorder: Receipt 1 of 02-Oct-2026 (MasterID 2, line 757f545b…): asking Tally by MasterID
2026-10-06 00:05:48  Recorder: Receipt 1 of 02-Oct-2026 (MasterID 2, line 757f545b…): taken: Tally's GUID 85986070-c48d-4140-ba39-3225aec343c5-00000002, AlterID 2
2026-10-06 00:06:34  Recorder: Receipt 1 of 02-Oct-2026 (MasterID 2, line b10ea9ba…): asking Tally by MasterID
2026-10-06 00:06:39  Recorder: Receipt 1 of 02-Oct-2026 (MasterID 2, line b10ea9ba…): taken: Tally's GUID 85986070-c48d-4140-ba39-3225aec343c5-00000002, AlterID 3
2026-10-06 00:07:21  Recorder: Receipt 2 of 02-Oct-2026 (MasterID 3, line 241711c0…): asking Tally by MasterID
2026-10-06 00:07:25  Recorder: Receipt 2 of 02-Oct-2026 (MasterID 3, line 241711c0…): taken: Tally's GUID 85986070-c48d-4140-ba39-3225aec343c5-00000003, AlterID 4
2026-10-06 00:08:18  Recorder: Receipt 1 of 02-Oct-2026 (MasterID 2, line 6d10699e…): asking Tally by MasterID
2026-10-06 00:08:23  Recorder: FinCom Spike Co: cancel of mid 2: GUID from Tally (asked by MasterID): 85986070-c48d-4140-ba39-3225aec343c5-00000002; the GUID its MasterID makes agrees
2026-10-06 00:09:01  Recorder: Receipt 2 of 02-Oct-2026 (MasterID 3, line 49d9bfb1…): asking Tally by MasterID
2026-10-06 00:09:05  Recorder: FinCom Spike Co: delete of mid 3: not in this Tally (asked by MasterID): proven deleted here
2026-10-06 00:09:05  Recorder: FinCom Spike Co: delete of mid 3: GUID from the bridge's record: 85986070-c48d-4140-ba39-3225aec343c5-00000003; the GUID its MasterID makes agrees
2026-10-06 00:14:59  Light check of FinCom Spike Co: unchanged starting point ALTVCHID=1; now ALTVCHID=7, ALTMSTID=211
2026-10-06 00:15:11  Recorder: FinCom Spike U2: lines from a Tally this bridge does not read (company not open here): not sent
