[15:52:34] ---- the bridge built from the ref
bridge source: ae2b2cf974dec0e2379f923567e50731dc072011 2.3.1 notes: what was not yet proven on real Tally when published (TDS on a payment, the retry timings)
setup origin: COMMITTED assets-test/bridge-go/FinComBridge-Setup-2.3.1.exe SHA-256 7d4a37a93a52dbc55ab9992c7148c7d607485d567fd34e1bde7d607288a216be
setup: FinComBridge-Setup-2.3.1.exe 3325727 bytes SHA256 7D4A37A93A52DBC55AB9992C7148C7D607485D567FD34E1BDE7D607288A216BE
[15:52:34] ---- the second Windows user (not an administrator)
user 2: fcuser2 S-1-5-21-1643835476-1616584234-1346609752-1003; administrators: runnervmfi6oq\runneradmin
user 2's profile: C:\Users\fcuser2
 SESSIONNAME               USERNAME                 ID  STATE   TYPE        DEVICE 
 services                                            0  Disc                        
 rdp-tcp#0                 fcuser2                   1  Active                      
>console                   runneradmin               2  Active                      
 31c5ce94259d4006a9e4                            65536  Listen                      
 rdp-tcp                                         65537  Listen                      

[15:52:58] user 2's own Windows session by Remote Desktop: True (session 1)
[shot] r4-03-rdp-session (1024x768)
task fcu2 registered for fcuser2 (interactive)
  [as fcuser2] who=runnervmfi6oq\fcuser2 session=1
  [as fcuser2] no Tally window in session 1; keys '{ENTER}' to the window in front
  [as fcuser2] shot u2-desktop
[15:53:29] ---- the stub cloud
[15:53:32] ---- user 1's Tally (9000) with the add-on; a copy of the program for user 2 first (its own tally.ini and port)
  still running from the Tally folder: tallyscheduler 6208
  robocopy:    Bytes :  177.74 m  177.74 m         0         0       512         0
  robocopy:    Times :   0:00:00   0:00:00                       0:00:00   0:00:00
  robocopy: 
  robocopy: 
  robocopy:    Speed :           2,301,034,530 Bytes/sec.
  robocopy:    Speed :             131,666.250 MegaBytes/min.
  robocopy:    Ended : Tuesday, October 6, 2026 3:53:35 PM
  robocopy: 
[15:53:35] copy for user 2: robocopy 9, tally.exe there: True
Tally :9000 answers: True
[keys] 'a' -> Tally :9000 'TallyPrime:9000'
[keys] 't' -> Tally :9000 'TallyPrime:9000'
[shot] r4-00-tally1 (1024x768)
[ledger Spike Income :9000] <RESPONSE><CREATED>1</CREATED><ALTERED>0</ALTERED><DELETED>0</DELETED><LASTVCHID>0</LASTVCHID><LASTMID>0</LASTMID><COMBINED>0</COMBINED><IGNORED>0</IGNORED><ERRORS>0</ERRORS><CANCELLED>0</CANCELLED><EXCEPTIONS>0</EXCEPTIONS></RESPONSE>
[ledger Salesify Marketing LLP (bill-by-bill) :9000] <RESPONSE><CREATED>1</CREATED><ALTERED>0</ALTERED><DELETED>0</DELETED><LASTVCHID>0</LASTVCHID><LASTMID>0</LASTMID><COMBINED>0</COMBINED><IGNORED>0</IGNORED><ERRORS>0</ERRORS><CANCELLED>0</CANCELLED><EXCEPTIONS>0</EXCEPTIONS></RESPONSE>
[15:54:07] ---- check 8's masters on user 1's Tally: unit, two stock items (GST 18%), Sales/Purchase, CGST/SGST 9%, customer, supplier
[unit Nos :9000] <RESPONSE><CREATED>1</CREATED><ALTERED>0</ALTERED><DELETED>0</DELETED><LASTVCHID>0</LASTVCHID><LASTMID>0</LASTMID><COMBINED>0</COMBINED><IGNORED>0</IGNORED><ERRORS>0</ERRORS><CANCELLED>0</CANCELLED><EXCEPTIONS>0</EXCEPTIONS></RESPONSE>
[stock item Spike Widget (GST 18%) :9000] <RESPONSE><CREATED>1</CREATED><ALTERED>0</ALTERED><DELETED>0</DELETED><LASTVCHID>0</LASTVCHID><LASTMID>0</LASTMID><COMBINED>0</COMBINED><IGNORED>0</IGNORED><ERRORS>0</ERRORS><CANCELLED>0</CANCELLED><EXCEPTIONS>0</EXCEPTIONS></RESPONSE>
[stock item Spike Gadget (GST 18%) :9000] <RESPONSE><CREATED>1</CREATED><ALTERED>0</ALTERED><DELETED>0</DELETED><LASTVCHID>0</LASTVCHID><LASTMID>0</LASTMID><COMBINED>0</COMBINED><IGNORED>0</IGNORED><ERRORS>0</ERRORS><CANCELLED>0</CANCELLED><EXCEPTIONS>0</EXCEPTIONS></RESPONSE>
[stock items :9000] <ENVELOPE><HEADER><VERSION>1</VERSION><STATUS>1</STATUS></HEADER><BODY><DESC><CMPINFO><COMPANY>0</COMPANY><GROUP>0</GROUP><LEDGER>2</LEDGER><COSTCATEGORY>0</COSTCATEGORY><COSTCENTRE>0</COSTCENTRE><GODOWN>0</GODOWN><STOCKGROUP>0</STOCKGROUP><STOCKCATEGORY>0</STOCKCATEGORY><STOCKITEM>2</STOCKITEM><VOUCHERTYPE>0</VOUCHERTYPE><CURRENCY>0</CURRENCY><UNIT>1</UNIT><BUDGET>0</BUDGET><CLIENTRULE>0</CLIENTRULE><SERVERRULE>0</SERVERRULE><STATE>0</STATE><TDSRATE>0</TDSRATE><TAXCLASSIFICATION>0</TAXCLASSIFICATION><STCATEGORY>0</STCATEGORY><DEDUCTEETYPE>0</DEDUCTEETYPE><ATTENDANCETYPE>0</ATTENDANCETYPE><FBT...
[check 8 ledgers :9000] <RESPONSE><CREATED>6</CREATED><ALTERED>0</ALTERED><DELETED>0</DELETED><LASTVCHID>0</LASTVCHID><LASTMID>0</LASTMID><COMBINED>0</COMBINED><IGNORED>0</IGNORED><ERRORS>0</ERRORS><CANCELLED>0</CANCELLED><EXCEPTIONS>0</EXCEPTIONS></RESPONSE>
[stock items :9000] <ENVELOPE><HEADER><VERSION>1</VERSION><STATUS>1</STATUS></HEADER><BODY><DESC><CMPINFO><COMPANY>0</COMPANY><GROUP>0</GROUP><LEDGER>8</LEDGER><COSTCATEGORY>0</COSTCATEGORY><COSTCENTRE>0</COSTCENTRE><GODOWN>0</GODOWN><STOCKGROUP>0</STOCKGROUP><STOCKCATEGORY>0</STOCKCATEGORY><STOCKITEM>2</STOCKITEM><VOUCHERTYPE>0</VOUCHERTYPE><CURRENCY>0</CURRENCY><UNIT>1</UNIT><BUDGET>0</BUDGET><CLIENTRULE>0</CLIENTRULE><SERVERRULE>0</SERVERRULE><STATE>0</STATE><TDSRATE>0</TDSRATE><TAXCLASSIFICATION>0</TAXCLASSIFICATION><STCATEGORY>0</STCATEGORY><DEDUCTEETYPE>0</DEDUCTEETYPE><ATTENDANCETYPE>0</ATTENDANCETYPE><FBT...
[15:54:07] ---- 2.3.1 scenarios: the masters (stock items with HSN and GST rate, GST, TDS, cost centre, bank and party ledgers)
  scen231: 7 master sets, 14 entries -> D:\a\testingtdsdesk\testingtdsdesk\spike-results\37489632354-windows-latest\round4\scen231
[masters-1-items :9000] 33 ms, 269 bytes: <RESPONSE><CREATED>4</CREATED><ALTERED>0</ALTERED><DELETED>0</DELETED><LASTVCHID>0</LASTVCHID><LASTMID>0</LASTMID><COMBINED>0</COMBINED><IGNORED>0</IGNORED><ERRORS>0</ERRORS><CANCELLED>0</CANCELLED><EXCEPTIONS>0</EXCEPTIONS></RESPONSE>
[masters-2-costs :9000] 20 ms, 269 bytes: <RESPONSE><CREATED>3</CREATED><ALTERED>0</ALTERED><DELETED>0</DELETED><LASTVCHID>0</LASTVCHID><LASTMID>0</LASTMID><COMBINED>0</COMBINED><IGNORED>0</IGNORED><ERRORS>0</ERRORS><CANCELLED>0</CANCELLED><EXCEPTIONS>0</EXCEPTIONS></RESPONSE>
[masters-4-ledgers :9000] 70 ms, 270 bytes: <RESPONSE><CREATED>14</CREATED><ALTERED>0</ALTERED><DELETED>0</DELETED><LASTVCHID>0</LASTVCHID><LASTMID>0</LASTMID><COMBINED>0</COMBINED><IGNORED>0</IGNORED><ERRORS>0</ERRORS><CANCELLED>0</CANCELLED><EXCEPTIONS>0</EXCEPTIONS></RESPONSE>
[masters-6-bulk :9000] 1754 ms, 271 bytes: <RESPONSE><CREATED>400</CREATED><ALTERED>0</ALTERED><DELETED>0</DELETED><LASTVCHID>0</LASTVCHID><LASTMID>0</LASTMID><COMBINED>0</COMBINED><IGNORED>0</IGNORED><ERRORS>0</ERRORS><CANCELLED>0</CANCELLED><EXCEPTIONS>0</EXCEPTIONS></RESPONSE>
[S4 the bill (New Ref S231-BILL-1, a journal) :9000] 42 ms, 269 bytes: <RESPONSE><CREATED>1</CREATED><ALTERED>0</ALTERED><DELETED>0</DELETED><LASTVCHID>2</LASTVCHID><LASTMID>0</LASTMID><COMBINED>0</COMBINED><IGNORED>0</IGNORED><ERRORS>0</ERRORS><CANCELLED>0</CANCELLED><EXCEPTIONS>0</EXCEPTIONS></RESPONSE>
[ledger master S231 Buyer :9000] 9 ms, 17392 bytes: <ENVELOPE><HEADER><VERSION>1</VERSION><STATUS>1</STATUS></HEADER><BODY><DESC><CMPINFO><COMPANY>0</COMPANY><GROUP>0</GROUP><LEDGER>425</LEDGER><COSTCATEGORY>1</COSTCATEGORY><COSTCENTRE>2</COSTCENTRE><GODOWN>0</GODOWN><STOCKGROUP>0</STOCKGROUP><STOCKCATEGORY>0</STOCKCATEGORY><STOCKITEM>6</STOCKITEM><VOUCHERTYPE>0</VOUCHERTYPE><CURRENCY>1</CURRENCY><UNIT>1</UNIT><BUDGET>0</BUDGET><CLIENTRULE>0</CLIENTRULE><SERVERRULE>0</SERVERRULE><STATE>0</STATE><TDSRATE>0</TDSRATE><TAXCLASSIFICATION>0</TAXCLASSIF...
[shot] r4-s231-00-masters (1024x768)
[15:54:13] ---- user 2's own Tally (9001), run as fcuser2: a company made by keys, then started again with it and the add-on
  [as fcuser2] pid=9648 session=1 user=runnervmfi6oq\fcuser2
Tally :9001 (pid 9648) answers: True; owner: fcuser2; session 1 (runner's own: 2)
  [as fcuser2] keys 'a' -> Tally pid 9648 'TallyPrime:9001' session 1 foreground=True
  [as fcuser2] keys 't' -> Tally pid 9648 'TallyPrime:9001' session 1 foreground=True
  [as fcuser2] shot 01-tally2-start
  [as fcuser2] keys '{ENTER}' -> Tally pid 9648 'TallyPrime:9001' session 1 foreground=True
  [as fcuser2] shot 01b-tally2-create-company
  [as fcuser2] keys 'FinCom Spike U2' -> Tally pid 9648 'TallyPrime:9001' session 1 foreground=True
  [as fcuser2] keys '^a' -> Tally pid 9648 'TallyPrime:9001' session 1 foreground=True
  [as fcuser2] shot 01c-tally2-ctrl-a
[companies :9001] <ENVELOPE><HEADER><VERSION>1</VERSION><STATUS>1</STATUS></HEADER><BODY><DESC><CMPINFO><COMPANY>0</COMPANY><GROUP>0</GROUP><LEDGER>0</LEDGER><COSTCATEGORY>0</COSTCATEGORY><COSTCENTRE>0</COSTCENTRE><GODOWN>0</GODOWN><STOCKGROUP>0</STOCKGROUP><STOCKCATEGORY>0</STOCKCATEGORY><STOCKITEM>0</STOCKITEM><VOUCHERTYPE>0</VOUCHERTYPE><CURRENCY>0</CURRENCY><UNIT>0</UNIT><BUDGET>0</BUDGET><CLIENTRULE>0</CLIENTRULE><SERVERRULE>0</SERVERRULE><STATE>0</STATE><TDSRATE>0</TDSRATE><TAXCLASSIFICATION>0</TAXCLASSIFICATION><STCATEGORY>0</STCATEGORY><DEDUCTEETYPE>0</DEDUCTEETYPE><ATTENDANCETYPE>0</ATTENDANCETYPE><FBT...
  [as fcuser2] keys '^a' -> Tally pid 9648 'TallyPrime:9001' session 1 foreground=True
  [as fcuser2] shot 01d-tally2-company
user 2's company made: True, folder 100000
  [as fcuser2] pid=11240 session=1 user=runnervmfi6oq\fcuser2
  [as fcuser2] keys 'a' -> Tally pid 11240 'TallyPrime:9001' session 1 foreground=True
  [as fcuser2] keys 't' -> Tally pid 11240 'TallyPrime:9001' session 1 foreground=True
  [as fcuser2] shot 01e-tally2-gateway
[ledger Spike Income :9001] <RESPONSE><CREATED>1</CREATED><ALTERED>0</ALTERED><DELETED>0</DELETED><LASTVCHID>0</LASTVCHID><LASTMID>0</LASTMID><COMBINED>0</COMBINED><IGNORED>0</IGNORED><ERRORS>0</ERRORS><CANCELLED>0</CANCELLED><EXCEPTIONS>0</EXCEPTIONS></RESPONSE>
[companies :9001] <ENVELOPE><HEADER><VERSION>1</VERSION><STATUS>1</STATUS></HEADER><BODY><DESC><CMPINFO><COMPANY>0</COMPANY><GROUP>0</GROUP><LEDGER>1</LEDGER><COSTCATEGORY>0</COSTCATEGORY><COSTCENTRE>0</COSTCENTRE><GODOWN>0</GODOWN><STOCKGROUP>0</STOCKGROUP><STOCKCATEGORY>0</STOCKCATEGORY><STOCKITEM>0</STOCKITEM><VOUCHERTYPE>0</VOUCHERTYPE><CURRENCY>0</CURRENCY><UNIT>0</UNIT><BUDGET>0</BUDGET><CLIENTRULE>0</CLIENTRULE><SERVERRULE>0</SERVERRULE><STATE>0</STATE><TDSRATE>0</TDSRATE><TAXCLASSIFICATION>0</TAXCLASSIFICATION><STCATEGORY>0</STCATEGORY><DEDUCTEETYPE>0</DEDUCTEETYPE><ATTENDANCETYPE>0</ATTENDANCETYPE><FBT...
[ledger Spike Party :9001] <RESPONSE><CREATED>1</CREATED><ALTERED>0</ALTERED><DELETED>0</DELETED><LASTVCHID>0</LASTVCHID><LASTMID>0</LASTMID><COMBINED>0</COMBINED><IGNORED>0</IGNORED><ERRORS>0</ERRORS><CANCELLED>0</CANCELLED><EXCEPTIONS>0</EXCEPTIONS></RESPONSE>
[journal :9001 :9001] <RESPONSE><CREATED>1</CREATED><ALTERED>0</ALTERED><DELETED>0</DELETED><LASTVCHID>1</LASTVCHID><LASTMID>0</LASTMID><COMBINED>0</COMBINED><IGNORED>0</IGNORED><ERRORS>0</ERRORS><CANCELLED>0</CANCELLED><EXCEPTIONS>0</EXCEPTIONS></RESPONSE>
== user 2's own Tally with its company and the add-on: True
[15:55:50] ---- the bridges, each installed by its own Windows user with the real setup, just for me; the settings seeded first
setup as runneradmin (just for me) ended with 0
  install.log 1: 2026-10-06 15:55:51  Install (just for this user, no service): FinCom Bridge 2.3.1 for runnervmfi6oq\runneradmin (S-1-5-21-1643835476-1616584234-1346609752-500), sole mode, folder C:\Users\runneradmin\AppData\Local\TDS Desk Bridge
  install.log 1: 2026-10-06 15:55:54  Install: the add-on FinComRecorder.tdl written in C:\ProgramData\FinCom\addon
  install.log 1: 2026-10-06 15:55:54  Install: the add-on FinComRecorderAnyCompany.tdl written in C:\ProgramData\FinCom\addon
  install.log 1: 2026-10-06 15:55:54  Install: the recorder folder C:\ProgramData\FinCom\recorder and the add-on folder C:\ProgramData\FinCom\addon are ready (just for this user)
  install.log 1: 2026-10-06 15:55:54  Install: starts when runnervmfi6oq\runneradmin signs in to Windows (HKCU Run)
  install.log 1: 2026-10-06 15:55:55  Install: done; the bridge answers on 127.0.0.1:9100
  install.log 1: 2026-10-06 15:55:55  Setup: FinComBridge.exe install: done, the bridge answers
  install.log 1: 2026-10-06 15:55:55  Setup: Finished: installed and running (sole mode)
seed as fcuser2: runnervmfi6oq\fcuser2 session 1 C:\Users\fcuser2\AppData\Local
  [as fcuser2] exit=0 user=runnervmfi6oq\fcuser2 session=1
setup as fcuser2 (just for me) ended: exit=0 user=runnervmfi6oq\fcuser2 session=1
  install.log 2: 2026-10-06 15:55:58  Install (just for this user, no service): FinCom Bridge 2.3.1 for runnervmfi6oq\fcuser2 (S-1-5-21-1643835476-1616584234-1346609752-1003), sole mode, folder C:\Users\fcuser2\AppData\Local\TDS Desk Bridge
  install.log 2: 2026-10-06 15:56:01  Install: the add-on FinComRecorder.tdl was not written in C:\ProgramData\FinCom\addon: remove C:\ProgramData\FinCom\addon\FinComRecorder.tdl: Access is denied.
  install.log 2: 2026-10-06 15:56:01  Install: the add-on FinComRecorderAnyCompany.tdl was not written in C:\ProgramData\FinCom\addon: remove C:\ProgramData\FinCom\addon\FinComRecorderAnyCompany.tdl: Access is denied.
  install.log 2: 2026-10-06 15:56:01  Install: the recorder folder C:\ProgramData\FinCom\recorder and the add-on folder C:\ProgramData\FinCom\addon are ready (just for this user)
  install.log 2: 2026-10-06 15:56:01  Install: starts when runnervmfi6oq\fcuser2 signs in to Windows (HKCU Run)
  install.log 2: 2026-10-06 15:56:02  Install: done; the bridge answers on 127.0.0.1:9101
  install.log 2: 2026-10-06 15:56:02  Setup: FinComBridge.exe install: done, the bridge answers
  install.log 2: 2026-10-06 15:56:02  Setup: Finished: installed and running (sole mode)
bridge 1: user runneradmin, port 9100, id go-d61804c9e361, key 24 chars, Owner runnervmfi6oq\runneradmin, OwnerSid S-1-5-21-1643835476-1616584234-1346609752-500
bridge 2: user fcuser2, port 9101, id go-601850c62dac, key 24 chars, Owner runnervmfi6oq\fcuser2, OwnerSid S-1-5-21-1643835476-1616584234-1346609752-1003
[shot] r4-02-bridges (1024x768)
[15:56:12] ---- 6a: both bridges run at once, on their own ports, as their own users
  process 2788 as runneradmin in session 2: "C:\Users\runneradmin\AppData\Local\FinCom Bridge\FinComBridge.exe" user --config "C:\Users\runneradmin\AppData\Local\TDS Desk Bridge\tds-bridge.config.json"
  process 1172 as runneradmin in session 2: "C:\Users\runneradmin\AppData\Local\FinCom Bridge\FinComBridge.exe" tray --quiet --config "C:\Users\runneradmin\AppData\Local\TDS Desk Bridge\tds-bridge.config.json"
  process 11032 as runneradmin in session 2: "C:\Users\runneradmin\AppData\Local\FinCom Bridge\FinComBridge.exe" worker --config "C:\Users\runneradmin\AppData\Local\TDS Desk Bridge\tds-bridge.config.json" --home "C:\Users\runneradmin\AppData\Local\TDS Desk Bridge" --parent 2788
  process 7492 as fcuser2 in session 1: "C:\Users\fcuser2\AppData\Local\FinCom Bridge\FinComBridge.exe" user --config "C:\Users\fcuser2\AppData\Local\TDS Desk Bridge\tds-bridge.config.json"
  process 2560 as fcuser2 in session 1: "C:\Users\fcuser2\AppData\Local\FinCom Bridge\FinComBridge.exe" worker --config "C:\Users\fcuser2\AppData\Local\TDS Desk Bridge\tds-bridge.config.json" --home "C:\Users\fcuser2\AppData\Local\TDS Desk Bridge" --parent 7492
  process 10428 as fcuser2 in session 1: "C:\Users\fcuser2\AppData\Local\FinCom Bridge\FinComBridge.exe" tray
  listening 127.0.0.1:9101 pid 2560 user fcuser2
  listening 127.0.0.1:9100 pid 11032 user runneradmin
  Tally pid 10904 session 2 owner runneradmin
  Tally pid 11240 session 1 owner fcuser2
######## PASS 6a two bridges at once: bridge 1 runneradmin on 127.0.0.1:9100 (pid 11032, session 2, go-d61804c9e361); bridge 2 fcuser2 on 127.0.0.1:9101 (pid 2560, session 1, go-601850c62dac); both listening at 15:56:13
[15:56:13] ---- 6b: the /ping proof: HMAC-SHA256(bridge key, nonce || bridge id || port), only to the bridge's own Windows user
runneradmin -> own bridge, no Origin: {"bridge":"FinCom Tally Bridge","bridgeId":"go-d61804c9e361","impl":"go","loopSec":0,"ok":true,"pid":11032,"port":9100,"runMode":"user","testMode":false,"version":"2.3.1","yours":true}
runneradmin -> own bridge: {"bridge":"FinCom Tally Bridge","bridgeId":"go-d61804c9e361","impl":"go","loopSec":0,"ok":true,"pairProof":"e12d66e3e7c47f2b779945b7cf3622c51b06508246ff4300047def1fa3d248f5","pid":11032,"port":9100,"proof":"3b8a510381e6863a175edccfcc7fa7f7b9b34e6a3494429e1d53bb31351b38ef","runMode":"user","testMode":false,"version":"2.3.1","yours":true}
runneradmin -> user 2's bridge: {"bridge":"FinCom Tally Bridge","impl":"go","loopSec":0,"ok":true,"pid":2560,"runMode":"user","testMode":false,"version":"2.3.1","yours":false}
as fcuser2 (): {"ownStatus":401,"other":{"bridge":"FinCom Tally Bridge","impl":"go","loopSec":0,"ok":true,"pid":11032,"runMode":"user","testMode":false,"version":"2.3.1","yours":false},"session":1,"own":{"bridge":"FinCom Tally Bridge","bridgeId":"go-601850c62dac","impl":"go","loopSec":0,"ok":true,"pairProof":"3827c15232801fb3bdc21ecf53abb1e610a9b126fce51ddcdc5cd37c0fd7d7a3","pid":2560,"port":9101,"proof":"6ac7df245e984980e9b8b56758e681d9889ac730a6d3ea3f87a2a7e942a0c858","runMode":"user","testMode":false,"version":"2.3.1","yours":true},"otherStatus":403,"who":"runnervmfi6oq\\fcuser2"}
  ok   bridge 1 proves itself to runneradmin: yours=True bridgeId=go-d61804c9e361 port=9100 proof=3b8a510381e6863a175edccfcc7fa7f7b9b34e6a3494429e1d53bb31351b38ef
  ok   bridge 1 proof checked against user 2 identity fails: HMAC(key2, nonce||go-601850c62dac||9101)=01e0b0c1d390664e110fe9ccf22fc89f3f13e45ccd474ccdc3728d00d1766c5a
  ok   bridge 2 proves itself to fcuser2: yours=True bridgeId=go-601850c62dac port=9101 proof=6ac7df245e984980e9b8b56758e681d9889ac730a6d3ea3f87a2a7e942a0c858
  ok   bridge 2 proof checked against user 1 identity fails: HMAC(key1, nonce||go-d61804c9e361||9100)=2f7b981e07ed2f0597797b2b9628b58f4df288e87b935d9664c76e976f802e67
  ok   bridge 2 gives runneradmin no proof: yours=False proof= bridgeId=
  ok   bridge 1 gives fcuser2 no proof: yours=False proof=
  ok   other users refused 403 beyond /ping: runneradmin: own /status 401, other 403; fcuser2: own /status 401, other 403
######## PASS 6b /ping proof: bridge 1 proves itself to runneradmin: ok; bridge 1 proof checked against user 2 identity fails: ok; bridge 2 proves itself to fcuser2: ok; bridge 2 proof checked against user 1 identity fails: ok; bridge 2 gives runneradmin no proof: ok; bridge 1 gives fcuser2 no proof: ok; other users refused 403 beyond /ping: ok
  bridge1 log: 2026-10-06 15:55:54  FinCom Bridge 2.3.1: started just for runnervmfi6oq\runneradmin (no service); it keeps the bridge and its icon running
  bridge1 log: 2026-10-06 15:55:54  FinCom Bridge 2.3.1 (Go) started on 127.0.0.1:9100: the only bridge on this computer; working for runnervmfi6oq\runneradmin, Windows session 2; runs just for this Windows user (starts at sign-in, no service)
  bridge1 log: 2026-10-06 15:55:54  Tally is open on port 9000; the bridge reads it only after an event (a client opened in FinCom, Update now, a posting, the nightly catch-up at 02:00)
  bridge1 log: 2026-10-06 15:55:54  Recorder: re-scan of the add-on's files for 2.3.1: 0 line(s) sent earlier without their entry found (a new entry's line with no MasterID, a GUID of another entry, or read while the body fetch was off)
  bridge1 log: 2026-10-06 15:55:54  Check:  - 
  bridge1 log: 2026-10-06 15:55:57  Tray icon: set to show next to the clock always (Windows 11)
  bridge1 log: 2026-10-06 15:55:57  FinCom: this bridge is now the main bridge on this computer (set by the setup); it reads and posts
  bridge1 log: 2026-10-06 15:55:58  Company FinCom Spike Co: its Tally GUID 49af0a16-0297-4046-a99a-154a1ad56310 is held from now on
  bridge1 log: 2026-10-06 15:55:58  Company FinCom Spike Co: its starting point is recorded: ALTVCHID=2, ALTMSTID=642 (reading is prospective only: the bridge follows what changes after this)
  bridge1 log: 2026-10-06 15:55:58  Company FinCom Spike Co: change numbers read with form a: ALTVCHID=2, ALTMSTID=642
  bridge1 log: 2026-10-06 15:55:58  Light check of FinCom Spike Co: starting point recorded (ALTVCHID=2, ALTMSTID=642)
  bridge1 log: 2026-10-06 15:56:01  Refused a request from a program of another Windows user (/tray/idle): not your FinCom Bridge
  bridge1 log: 2026-10-06 15:56:01  Refused a request from a program of another Windows user (/tray/status): not your FinCom Bridge
  bridge1 log: 2026-10-06 15:56:14  Refused a request from a program of another Windows user (/status): not your FinCom Bridge
  bridge2 log: 2026-10-06 15:56:01  FinCom Bridge 2.3.1: started just for runnervmfi6oq\fcuser2 (no service); it keeps the bridge and its icon running
  bridge2 log: 2026-10-06 15:56:01  Port 9100 is taken (another Windows user's FinCom Bridge, or another program); this bridge uses port 9101 and remembers it
  bridge2 log: 2026-10-06 15:56:01  FinCom Bridge 2.3.1 (Go) started on 127.0.0.1:9101: the only bridge on this computer; working for runnervmfi6oq\fcuser2, Windows session 1; runs just for this Windows user (starts at sign-in, no service)
  bridge2 log: 2026-10-06 15:56:01  Tally is open on port 9001; the bridge reads it only after an event (a client opened in FinCom, Update now, a posting, the nightly catch-up at 02:00)
  bridge2 log: 2026-10-06 15:56:01  Recorder: re-scan of the add-on's files for 2.3.1: 0 line(s) sent earlier without their entry found (a new entry's line with no MasterID, a GUID of another entry, or read while the body fetch was off)
  bridge2 log: 2026-10-06 15:56:01  Check:  - 
  bridge2 log: 2026-10-06 15:56:04  FinCom: this bridge is now the main bridge on this computer (set by the setup); it reads and posts
  bridge2 log: 2026-10-06 15:56:04  Tray icon: set to show next to the clock always (Windows 11)
  bridge2 log: 2026-10-06 15:56:04  Company FinCom Spike U2: its Tally GUID edb46709-e5e3-4e51-8e22-c3fff1727866 is held from now on
  bridge2 log: 2026-10-06 15:56:05  Company FinCom Spike U2: its starting point is recorded: ALTVCHID=1, ALTMSTID=209 (reading is prospective only: the bridge follows what changes after this)
  bridge2 log: 2026-10-06 15:56:05  Company FinCom Spike U2: change numbers read with form a: ALTVCHID=1, ALTMSTID=209
  bridge2 log: 2026-10-06 15:56:05  Light check of FinCom Spike U2: starting point recorded (ALTVCHID=1, ALTMSTID=209)
  bridge2 log: 2026-10-06 15:56:13  Refused a request from a program of another Windows user (/status): not your FinCom Bridge (the program asking has no Windows user)
[15:56:45] ---- only S5 (on the screen) and R1
[15:56:45] ---- 2.3.1 scenarios: the company's TDS and cost centre features, the TDS nature of payment and ledgers
[masters-0-company :9000] 16 ms, 269 bytes: <RESPONSE><CREATED>0</CREATED><ALTERED>1</ALTERED><DELETED>0</DELETED><LASTVCHID>0</LASTVCHID><LASTMID>0</LASTMID><COMBINED>0</COMBINED><IGNORED>0</IGNORED><ERRORS>0</ERRORS><CANCELLED>0</CANCELLED><EXCEPTIONS>0</EXCEPTIONS></RESPONSE>
[masters-3-nature :9000] 9 ms, 269 bytes: <RESPONSE><CREATED>1</CREATED><ALTERED>0</ALTERED><DELETED>0</DELETED><LASTVCHID>0</LASTVCHID><LASTMID>0</LASTMID><COMBINED>0</COMBINED><IGNORED>0</IGNORED><ERRORS>0</ERRORS><CANCELLED>0</CANCELLED><EXCEPTIONS>0</EXCEPTIONS></RESPONSE>
[masters-5-tds :9000] 21 ms, 350 bytes: <RESPONSE><LINEERROR>TDS Rate &apos;S231 Contract Work&apos; does not exist!</LINEERROR><CREATED>1</CREATED><ALTERED>0</ALTERED><DELETED>0</DELETED><LASTVCHID>0</LASTVCHID><LASTMID>0</LASTMID><COMBINED>0</COMBINED><IGNORED>0</IGNORED><ERRORS>0</ERRORS><CANCELLED>0</CANCELLED><EXCEPTIONS>2</EXCEPTIONS></RESPONSE>
[ledger master S231 Contractor :9000] 9 ms, 16893 bytes: <ENVELOPE><HEADER><VERSION>1</VERSION><STATUS>1</STATUS></HEADER><BODY><DESC><CMPINFO><COMPANY>1</COMPANY><GROUP>0</GROUP><LEDGER>426</LEDGER><COSTCATEGORY>1</COSTCATEGORY><COSTCENTRE>2</COSTCENTRE><GODOWN>0</GODOWN><STOCKGROUP>0</STOCKGROUP><STOCKCATEGORY>0</STOCKCATEGORY><STOCKITEM>6</STOCKITEM><VOUCHERTYPE>0</VOUCHERTYPE><CURRENCY>2</CURRENCY><UNIT>1</UNIT><BUDGET>0</BUDGET><CLIENTRULE>0</CLIENTRULE><SERVERRULE>0</SERVERRULE><STATE>0</STATE><TDSRATE>0</TDSRATE><TAXCLASSIFICATION>1</TAXCLASSIF...
[ledger master S231 Contract Exp :9000] 7 ms, 1499 bytes: <ENVELOPE><HEADER><VERSION>1</VERSION><STATUS>1</STATUS></HEADER><BODY><DESC><CMPINFO><COMPANY>1</COMPANY><GROUP>0</GROUP><LEDGER>426</LEDGER><COSTCATEGORY>1</COSTCATEGORY><COSTCENTRE>2</COSTCENTRE><GODOWN>0</GODOWN><STOCKGROUP>0</STOCKGROUP><STOCKCATEGORY>0</STOCKCATEGORY><STOCKITEM>6</STOCKITEM><VOUCHERTYPE>0</VOUCHERTYPE><CURRENCY>2</CURRENCY><UNIT>1</UNIT><BUDGET>0</BUDGET><CLIENTRULE>0</CLIENTRULE><SERVERRULE>0</SERVERRULE><STATE>0</STATE><TDSRATE>0</TDSRATE><TAXCLASSIFICATION>1</TAXCLASSIF...
[ledger master S231 TDS Payable :9000] 6 ms, 1499 bytes: <ENVELOPE><HEADER><VERSION>1</VERSION><STATUS>1</STATUS></HEADER><BODY><DESC><CMPINFO><COMPANY>1</COMPANY><GROUP>0</GROUP><LEDGER>426</LEDGER><COSTCATEGORY>1</COSTCATEGORY><COSTCENTRE>2</COSTCENTRE><GODOWN>0</GODOWN><STOCKGROUP>0</STOCKGROUP><STOCKCATEGORY>0</STOCKCATEGORY><STOCKITEM>6</STOCKITEM><VOUCHERTYPE>0</VOUCHERTYPE><CURRENCY>2</CURRENCY><UNIT>1</UNIT><BUDGET>0</BUDGET><CLIENTRULE>0</CLIENTRULE><SERVERRULE>0</SERVERRULE><STATE>0</STATE><TDSRATE>0</TDSRATE><TAXCLASSIFICATION>1</TAXCLASSIF...
[stock items :9000] 9 ms, 47546 bytes: <ENVELOPE><HEADER><VERSION>1</VERSION><STATUS>1</STATUS></HEADER><BODY><DESC><CMPINFO><COMPANY>1</COMPANY><GROUP>0</GROUP><LEDGER>426</LEDGER><COSTCATEGORY>1</COSTCATEGORY><COSTCENTRE>2</COSTCENTRE><GODOWN>0</GODOWN><STOCKGROUP>0</STOCKGROUP><STOCKCATEGORY>0</STOCKCATEGORY><STOCKITEM>6</STOCKITEM><VOUCHERTYPE>0</VOUCHERTYPE><CURRENCY>2</CURRENCY><UNIT>1</UNIT><BUDGET>0</BUDGET><CLIENTRULE>0</CLIENTRULE><SERVERRULE>0</SERVERRULE><STATE>0</STATE><TDSRATE>0</TDSRATE><TAXCLASSIFICATION>1</TAXCLASSIF...
[company features :9000] 2 ms, 1788 bytes: <ENVELOPE><HEADER><VERSION>1</VERSION><STATUS>1</STATUS></HEADER><BODY><DESC><CMPINFO><COMPANY>1</COMPANY><GROUP>0</GROUP><LEDGER>426</LEDGER><COSTCATEGORY>1</COSTCATEGORY><COSTCENTRE>2</COSTCENTRE><GODOWN>0</GODOWN><STOCKGROUP>0</STOCKGROUP><STOCKCATEGORY>0</STOCKCATEGORY><STOCKITEM>6</STOCKITEM><VOUCHERTYPE>0</VOUCHERTYPE><CURRENCY>2</CURRENCY><UNIT>1</UNIT><BUDGET>0</BUDGET><CLIENTRULE>0</CLIENTRULE><SERVERRULE>0</SERVERRULE><STATE>0</STATE><TDSRATE>0</TDSRATE><TAXCLASSIFICATION>1</TAXCLASSIF...
[15:56:45] ---- S5 on the screen: a journal with TDS typed in Tally (masters by XML)
[shot] tds-001-gw0 (1024x768)
[15:56:48] [tds] screen tds-001-gw0 : 127.0.0.2 - Remote Desktop Connection EDU prim prime K: Company Y: Data x Find details entered in masters and transactions. Z: Exchange CURRENT OATE Wednesday, I-Apr-2026 OATE OF LAST ENTRY (Alt+F) O: Import E: Export M: Share p: print Gateway Tally CURRE CURRENT PERIOD I-Apr. I-Apr-26 to 31-Mar-27 NAME NAME OF COMPANY FinC( FinCom Spike Co (Schedule Backup) Q Search I-OctQ6 Gateway of Tally MASTERS Create Alter CHart of Accounts TRANSACTIONS Vouchers Day 800K UTILITIES BaNking REPORTS Balance Sheet Profit & Loss A/c Stock Summary Ratio Analysis Display More Reports DashbOard Quit Fl: Help Dat...
[keys] 'c' -> Tally :9000 'TallyPrime:9000'
[shot] tds-002-create-TDSNatureofPayments (1024x768)
[15:56:52] [tds] screen tds-002-create-TDSNatureofPayments : 127.0.0.2 - Remote Desktop Connection EDU prim x prime Gateway CURR I-Apr NAME FinC Quit K: Company Y: Data Find details entered in masters and transactions. Z: Exchange inCom Spike Master Creation (Alt+F) O: Import E: Export M: Share p: print x List of Masters Accounting Masters Group Ledger Cost Category Cost Centre Currency Voucher Type Inventory Masters Stock Group Stock Category Stock Item Unit Location Statutory Masters GST Registration GST Classification TDS Nature of Payments Change Company Show More Q Search Fl: Help pany 3:56 PM 10/6/2026
[keys] '{BACKSPACE}{BACKSPACE}{BACKSPACE}{BACKSPACE}{BACKSPACE}{BACKSPACE}{BACKSPACE}{BACKSPACE}{BACKSPACE}{BACKSPACE}{BACKSPACE}{BACKSPACE}{BACKSPACE}{BACKSPACE}{BACKSPACE}{BACKSPACE}{BACKSPACE}{BACKSPACE}{BACKSPACE}{BACKSPACE}{BACKSPACE}{BACKSPACE}{BACKSPACE}{BACKSPACE}{BACKSPACE}{BACKSPACE}{BACKSPACE}{BACKSPACE}{BACKSPACE}{BACKSPACE}' -> Tally :9000 'TallyPrime:9000'
[keys] 'TDS Nature of Payments' -> Tally :9000 'TallyPrime:9000'
[shot] tds-003-typed-TDSNatureofPayments (1024x768)
[15:56:58] [tds] screen tds-003-typed-TDSNatureofPayments : 127.0.0.2 - Remote Desktop Connection EDU prim prime Gateway CURR I-Apr NAME FinC Quit K: Company Y: Data Find details entered in masters and transactions. Z: Exchange inCom Spike Master Creation TDS Nature of Pa ments (Alt+F) O: Import E: Export M: Share p: print Fl: Help x x pany List of Masters Statutory Masters TDS Nature of Payments Change Company Show More Q Search 3:56 PM 10/6/2026
[keys] '{ENTER}' -> Tally :9000 'TallyPrime:9000'
[shot] tds-004-form-TDSNatureofPayments (1024x768)
[15:57:02] [tds] screen tds-004-form-TDSNatureofPayments : 127.0.0.2 - Remote Desktop Connection EDU prim prime K: Company Y: Data Gateway LTOS Nature ef Payment Name CURRE I-Apr. Section Payment code NAME Remittance code FinC( Rate for individuals/HUF With PAN Rate for other deductee types With PAN Is zero rated Threshold/exemption limit Quit x Find details entered in masters and transactions. Z: Exchange inCom Spike 0% 0% (Alt+F) O: Import E: Export M: Share p: print A Accept D: Delete Q Search Fl: Help x F2: Period pany Company F7 FIO: Other Masters More Details Helper F12: Configure 3:57 PM 10/6/2026
[keys] 'S231 Contract Work{ENTER}' -> Tally :9000 'TallyPrime:9000'
[shot] tds-005-nat-name (1024x768)
[15:57:06] [tds] screen tds-005-nat-name : 127.0.0.2 - Remote Desktop Connection EDU prim prime K: Company Y: Data Gateway LTOS Nature ef Payment x Find details entered in masters and transactions. Z: Exchange inCom Spike 0% 0% (Alt+F) O: Import E: Export M: Share p: print Name CURRE I-Apr. Section S231 Contract Work Payment code NAME Remittance code FinC( Rate for individuals/HUF With PAN Rate for other deductee types With PAN Is zero rated Threshold/exemption limit Quit Q A Accept D: Delete Search Fl: Help x F2: Period pany Company F7 FIO: Other Masters More Details Helper F12: Configure 3:57 PM 10/6/2026
[keys] '194C{ENTER}' -> Tally :9000 'TallyPrime:9000'
[shot] tds-006-nat-section (1024x768)
[15:57:09] [tds] screen tds-006-nat-section : 127.0.0.2 - Remote Desktop Connection EDU prim prime K: Company Y: Data Gateway LTOS Nature ef Payment x Find details entered in masters and transactions. Z: Exchange inCom Spike 194C 0% 0% (Alt+F) O: Import E: Export M: Share p: print Name CURRE I-Apr. Section S231 Contract Work Payment code NAME Remittance code FinC( Rate for individuals/HUF With PAN Rate for other deductee types With PAN Is zero rated Threshold/exemption limit Quit Q A Accept D: Delete Search Fl: Help x F2: Period pany Company F7 FIO: Other Masters More Details Helper F12: Configure 3:57 PM 10/6/2026
[keys] '94C{ENTER}' -> Tally :9000 'TallyPrime:9000'
[shot] tds-007-nat-paycode (1024x768)
[15:57:12] [tds] screen tds-007-nat-paycode : 127.0.0.2 - Remote Desktop Connection EDU prim prime K: Company Y: Data Gateway LTOS Nature ef Payment x Find details entered in masters and transactions. Z: Exchange inCom Spike 194C 94C 0% 0% (Alt+F) O: Import E: Export M: Share p: print Name CURRE I-Apr. Section S231 Contract Work Payment code NAME Remittance code FinC( Rate for individuals/HUF With PAN Rate for other deductee types With PAN Is zero rated Threshold/exemption limit Quit Q A Accept D: Delete Search Fl: Help x F2: Period pany Company F7 FIO: Other Masters More Details Helper F12: Configure 3:57 PM 10/6/2026
[keys] '{ENTER}' -> Tally :9000 'TallyPrime:9000'
[shot] tds-008-nat-remit (1024x768)
[15:57:15] [tds] screen tds-008-nat-remit : 127.0.0.2 - Remote Desktop Connection EDU prim prime K: Company Y: Data Gateway LTOS Nature ef Payment x Find details entered in masters and transactions. Z: Exchange inCom Spike 194C 94C 0% (Alt+F) O: Import E: Export M: Share p: print Name CURRE I-Apr. Section S231 Contract Work Payment code NAME Remittance code FinC( Rate for individuals/HUF With PAN Rate for other deductee types With PAN Is zero rated Threshold/exemption limit Quit Q A Accept D: Delete Search Fl: Help x F2: Period pany Company F7 FIO: Other Masters More Details Helper F12: Configure 3:57 PM 10/6/2026
[keys] '1{ENTER}' -> Tally :9000 'TallyPrime:9000'
[shot] tds-009-nat-rate-ind (1024x768)
[15:57:18] [tds] screen tds-009-nat-rate-ind : 127.0.0.2 - Remote Desktop Connection EDU prim prime K: Company Y: Data Gateway LTOS Nature ef Payment x Find details entered in masters and transactions. Z: Exchange inCom Spike 194C 94C (Alt+F) O: Import E: Export M: Share p: print Name CURRE I-Apr. Section S231 Contract Work Payment code NAME Remittance code FinC( Rate for individuals/HUF With PAN Rate for other deductee types With PAN Threshold/exemption limit Quit Q A Accept D: Delete Search Fl: Help x F2: Period pany Company F7 FIO: Other Masters More Details Helper F12: Configure 3:57 PM 10/6/2026
[keys] '2{ENTER}' -> Tally :9000 'TallyPrime:9000'
[shot] tds-010-nat-rate-oth (1024x768)
[15:57:21] [tds] screen tds-010-nat-rate-oth : 127.0.0.2 - Remote Desktop Connection EDU prim prime K: Company Y: Data Gateway LTOS Nature ef Payment x Find details entered in masters and transactions. Z: Exchange inCom Spike 194C 94C 1% 2% (Alt+F) O: Import E: Export M: Share p: print Name CURRE I-Apr. Section S231 Contract Work Payment code NAME Remittance code FinC( Rate for individuals/HUF With PAN Rate for other deductee types With PAN Threshold/exemption limit Quit Q A Accept D: Delete Search Fl: Help x F2: Period pany Company F7 FIO: Other Masters More Details Helper F12: Configure 3:57 PM 10/6/2026
[keys] '{ENTER}' -> Tally :9000 'TallyPrime:9000'
[shot] tds-011-nat-zero (1024x768)
[15:57:25] [tds] screen tds-011-nat-zero : 127.0.0.2 - Remote Desktop Connection EDU prim prime Gateway LTOS Nature ef Payment x K: Company Y: Data S231 Contract Work Find details entered In masters and transactions Z: Exchange inCom Spike 194C 94C 1% 2% O: Import E: Export M: Share p: print Name CURRE I-Apr. Section Payment code NAME Remittance code FinC( Rate for individuals/HUF With PAN Rate for other deductee types With PAN Threshold/exemption limit Q: Quit Q A: Accept Accept Q Yes or No D: Delete Search Fl:Help x F2: Period pany F3: Company F7 FIO: Other Masters l: More Details H: Helper Fl 2: Configure 3:57 PM 10/6/2026
[keys] '{ENTER}' -> Tally :9000 'TallyPrime:9000'
[shot] tds-012-nat-threshold (1024x768)
[15:57:28] [tds] screen tds-012-nat-threshold : 127.0.0.2 - Remote Desktop Connection EDU prim prime K: Company Y: Data Gateway LTOS Nature ef Payment Name CURRE I-Apr. Section Payment code NAME Remittance code FinC( Rate for individuals/HUF With PAN Rate for other deductee types With PAN Is zero rated Threshold/exemption limit Quit x Find details entered in masters and transactions. Z: Exchange inCom Spike 0% 0% (Alt+F) O: Import E: Export M: Share p: print A Accept D: Delete Q Search Fl: Help x F2: Period pany Company F7 FIO: Other Masters More Details Helper F12: Configure 3:57 PM 10/6/2026
[keys] '^a' -> Tally :9000 'TallyPrime:9000'
[shot] tds-013-nat-accept (1024x768)
[15:57:32] [tds] screen tds-013-nat-accept : 127.0.0.2 - Remote Desktop Connection EDU prim prime K: Company Y: Data Gateway LTOS Nature ef Payment Name CURRE I-Apr. Section Payment code NAME Remittance code FinC( Rate for individuals/HUF With PAN Rate for other deductee types With PAN Is zero rated Threshold/exemption limit Quit x Find details entered in masters and transactions. Z: Exchange inCom Spike 0% 0% (Alt+F) O: Import E: Export M: Share p: print A Accept D: Delete Q Search Fl: Help x F2: Period pany Company F7 FIO: Other Masters More Details Helper F12: Configure 3:57 PM 10/6/2026
[keys] '{ESC}' -> Tally :9000 'TallyPrime:9000'
[shot] tds-014-nat-esc1 (1024x768)
[15:57:36] [tds] screen tds-014-nat-esc1 : 127.0.0.2 - Remote Desktop Connection EDU prim prime K: Company Y: Data Gateway LTOS Nature ef Payment Name CURRE I-Apr. Section Payment code NAME Remittance code FinC( Rate for individuals/HUF With PAN Rate for other deductee types With PAN Is zero rated Threshold/exemption limit Q: Quit x Find details entered In masters and transactions Z: Exchange inCom Spike 0% 0% O: Import E: Export M: Share p: print A: Accept Quito I Yes or No D: Delete Q Search Fl:Help x F2: Period pany F3: Company F7 FIO: Other Masters l: More Details H: Helper Fl 2: Configure 3:57 PM 10/6/2026
[keys] '{ESC}' -> Tally :9000 'TallyPrime:9000'
[shot] tds-015-nat-esc2 (1024x768)
[15:57:40] [tds] screen tds-015-nat-esc2 : 127.0.0.2 - Remote Desktop Connection EDU prim x prime Gateway CURR I-Apr NAME FinC Quit K: Company Y: Data Find details entered in masters and transactions. Z: Exchange inCom Spike Master Creation (Alt+F) O: Import E: Export M: Share p: print x List of Masters Accounting Masters Group Ledger Cost Category Cost Centre Currency Voucher Type Inventory Masters Stock Group Stock Category Stock Item Unit Location Statutory Masters GST Registration GST Classification TDS Nature of Payments Change Company Show More Q Search Fl: Help pany 3:57 PM 10/6/2026
[15:57:40] [tds] nature 'S231 Contract Work' in Tally's export (TDSRate): True
[shot] tds-016-gw0 (1024x768)
[15:57:40] [tds] screen tds-016-gw0 : 127.0.0.2 - Remote Desktop Connection EDU prim x prime Gateway CURR I-Apr NAME FinC Quit K: Company Y: Data Find details entered in masters and transactions. Z: Exchange inCom Spike Master Creation (Alt+F) O: Import E: Export M: Share p: print x List of Masters Accounting Masters Group Ledger Cost Category Cost Centre Currency Voucher Type Inventory Masters Stock Group Stock Category Stock Item Unit Location Statutory Masters GST Registration GST Classification TDS Nature of Payments Change Company Show More Q Search Fl: Help pany 3:57 PM 10/6/2026
[keys] '{ESC}' -> Tally :9000 'TallyPrime:9000'
[shot] tds-017-gw1 (1024x768)
[15:57:44] [tds] screen tds-017-gw1 : 127.0.0.2 - Remote Desktop Connection EDU prim prime K: Company Y: Data x Find details entered in masters and transactions. Z: Exchange CURRENT OATE Wednesday, I-Apr-2026 OATE OF LAST ENTRY (Alt+F) O: Import E: Export M: Share p: print Gateway Tally CURRE CURRENT PERIOD I-Apr. I-Apr-26 to 31-Mar-27 NAME NAME OF COMPANY FinC( FinCom Spike Co * (e) Data exceptions exist (e) (Schedule Backup) Q Search I-OctQ6 Gateway of Tally MASTERS Create Alter CHart of Accounts TRANSACTIONS Vouchers Day 800K UTILITIES BaNking REPORTS Balance Sheet Profit & Loss A/c Stock Summary Ratio Analysis Display More Rep...
[masters-5-tds again (after the nature on its form) :9000] 27 ms, 269 bytes: <RESPONSE><CREATED>0</CREATED><ALTERED>3</ALTERED><DELETED>0</DELETED><LASTVCHID>0</LASTVCHID><LASTMID>0</LASTMID><COMBINED>0</COMBINED><IGNORED>0</IGNORED><ERRORS>0</ERRORS><CANCELLED>0</CANCELLED><EXCEPTIONS>0</EXCEPTIONS></RESPONSE>
[ledger master S231 Contractor :9000] 8 ms, 16893 bytes: <ENVELOPE><HEADER><VERSION>1</VERSION><STATUS>1</STATUS></HEADER><BODY><DESC><CMPINFO><COMPANY>1</COMPANY><GROUP>0</GROUP><LEDGER>429</LEDGER><COSTCATEGORY>1</COSTCATEGORY><COSTCENTRE>2</COSTCENTRE><GODOWN>0</GODOWN><STOCKGROUP>0</STOCKGROUP><STOCKCATEGORY>0</STOCKCATEGORY><STOCKITEM>6</STOCKITEM><VOUCHERTYPE>0</VOUCHERTYPE><CURRENCY>2</CURRENCY><UNIT>1</UNIT><BUDGET>0</BUDGET><CLIENTRULE>0</CLIENTRULE><SERVERRULE>0</SERVERRULE><STATE>0</STATE><TDSRATE>1</TDSRATE><TAXCLASSIFICATION>1</TAXCLASSIF...
[ledger master S231 Contract Exp :9000] 11 ms, 16850 bytes: <ENVELOPE><HEADER><VERSION>1</VERSION><STATUS>1</STATUS></HEADER><BODY><DESC><CMPINFO><COMPANY>1</COMPANY><GROUP>0</GROUP><LEDGER>429</LEDGER><COSTCATEGORY>1</COSTCATEGORY><COSTCENTRE>2</COSTCENTRE><GODOWN>0</GODOWN><STOCKGROUP>0</STOCKGROUP><STOCKCATEGORY>0</STOCKCATEGORY><STOCKITEM>6</STOCKITEM><VOUCHERTYPE>0</VOUCHERTYPE><CURRENCY>2</CURRENCY><UNIT>1</UNIT><BUDGET>0</BUDGET><CLIENTRULE>0</CLIENTRULE><SERVERRULE>0</SERVERRULE><STATE>0</STATE><TDSRATE>1</TDSRATE><TAXCLASSIFICATION>1</TAXCLASSIF...
[ledger master S231 TDS Payable :9000] 12 ms, 16843 bytes: <ENVELOPE><HEADER><VERSION>1</VERSION><STATUS>1</STATUS></HEADER><BODY><DESC><CMPINFO><COMPANY>1</COMPANY><GROUP>0</GROUP><LEDGER>429</LEDGER><COSTCATEGORY>1</COSTCATEGORY><COSTCENTRE>2</COSTCENTRE><GODOWN>0</GODOWN><STOCKGROUP>0</STOCKGROUP><STOCKCATEGORY>0</STOCKCATEGORY><STOCKITEM>6</STOCKITEM><VOUCHERTYPE>0</VOUCHERTYPE><CURRENCY>2</CURRENCY><UNIT>1</UNIT><BUDGET>0</BUDGET><CLIENTRULE>0</CLIENTRULE><SERVERRULE>0</SERVERRULE><STATE>0</STATE><TDSRATE>1</TDSRATE><TAXCLASSIFICATION>1</TAXCLASSIF...
  Tally :9000 voucher mid=1 aid=1 guid=49af0a16-0297-4046-a99a-154a1ad56310-00000001 no=1 cancelled=False
  Tally :9000 voucher mid=2 aid=2 guid=49af0a16-0297-4046-a99a-154a1ad56310-00000002 no=2 cancelled=False
[shot] tds-018-gw0 (1024x768)
[15:57:45] [tds] screen tds-018-gw0 : 127.0.0.2 - Remote Desktop Connection EDU prim prime K: Company Y: Data x Find details entered in masters and transactions. Z: Exchange CURRENT OATE Wednesday, I-Apr-2026 OATE OF LAST ENTRY (Alt+F) O: Import E: Export M: Share p: print Gateway Tally CURRE CURRENT PERIOD I-Apr. I-Apr-26 to 31-Mar-27 NAME NAME OF COMPANY FinC( FinCom Spike Co * (e) Data exceptions exist (e) (Schedule Backup) Q Search I-OctQ6 Gateway of Tally MASTERS Create Alter CHart of Accounts TRANSACTIONS Vouchers Day 800K UTILITIES BaNking REPORTS Balance Sheet Profit & Loss A/c Stock Summary Ratio Analysis Display More Rep...
[keys] 'v' -> Tally :9000 'TallyPrime:9000'
[shot] tds-019-s5-vouchers (1024x768)
[15:57:49] [tds] screen tds-019-s5-vouchers : 127.0.0.2 - Remote Desktop Connection EDU prim prime K: Company Y: Data Gateway •ccounting Voucher Creati Pa ment No. 1 CURR I-Apr. Account NAME Current balance: Particulars FinC( Narration: Quit x Find details entered in masters and transactions. (Alt+F) O: Import Z: Exchange A Accept E: Export M: Share inCom Spike p: print upr-26 Wednesday Amount D: Delete x: Q Search Cancel Vch 12 Fl: Help Date Company pany Contra F5: Payment Receipt Journal Purchase FIO: E: Autofill Change Mode More Details O: Related = Reports L: Optional post -Dated J: Stat ¯ Adjustment Unused ¯ Vch No. Fl 2: Configure 3...
[keys] '{F7}' -> Tally :9000 'TallyPrime:9000'
[shot] tds-020-s5-journal (1024x768)
[15:57:54] [tds] screen tds-020-s5-journal : 127.0.0.2 - Remote Desktop Connection EDU prim x a Find details entered in masters and transactions. (Alt+F) prime K: Company Y: Data Gateway •ccounting Voucher Creati Journal CURR I-Apr. Particulars NAME Z: Exchange M: Share inCom Spike Co FinC( By Narration: Quit O: Import E: Export List of Ledger Accounts Input CGST Input SGST output CGST output SGST Profit & Loss A/c S231 Billwise Party S231 Buyer S231 Contract Exp S231 Contractor S231 Freight Charged S231 Office Exp S231 Old Name Party S231 Party 001 S231 Party 002 S231 Party 003 S231 Party 004 S231 Party 005 S231 Party 006 S231 Party 007...
[keys] '{F2}' -> Tally :9000 'TallyPrime:9000'
[shot] tds-021-s5-date-box (1024x768)
[15:57:57] [tds] screen tds-021-s5-date-box : 127.0.0.2 - Remote Desktop Connection EDU prim prime K: Company Y: Data Gateway Change Voucher Date CURR I-Apr NAME FinC Quit Find details entered in masters and transactions. (Alt+F) O: Import Z: Exchange A Accept E: Export M: Share p: print Fl: Help x x pany FinCom Spike Co Voucher Date 24-2026 Q Search 3:57 PM 10/6/2026
[keys] '1-1-2027{ENTER}' -> Tally :9000 'TallyPrime:9000'
[shot] tds-022-s5-date-set (1024x768)
[15:58:01] [tds] screen tds-022-s5-date-set : 127.0.0.2 - Remote Desktop Connection EDU prim x a Find details entered in masters and transactions. (Alt+F) prime K: Company Y: Data Gateway •ccounting Voucher Creati Journal CURR I-Apr. Particulars NAME Z: Exchange M: Share inCom Spike Co FinC( By Narration: Quit O: Import E: Export List of Ledger Accounts Input CGST Input SGST output CGST output SGST Profit & Loss A/c S231 Billwise Party S231 Buyer S231 Contract Exp S231 Contractor S231 Freight Charged S231 Office Exp S231 Old Name Party S231 Party 001 S231 Party 002 S231 Party 003 S231 Party 004 S231 Party 005 S231 Party 006 S231 Party 007...
[keys] 'S231 Contract Exp{ENTER}' -> Tally :9000 'TallyPrime:9000'
[shot] tds-023-s5-r1-ledger (1024x768)
[15:58:05] [tds] screen tds-023-s5-r1-ledger : 127.0.0.2 - Remote Desktop Connection EDU prim prime K: Company Y: Data Gateway •ccounting Voucher Creati Journal CURR I-Apr. Particulars NAME By S231 Contract Exp FinC( Cur Bal: By Narration: Quit x Find details entered in masters and transactions. (Alt+F) O: Import Z: Exchange A Accept E: Export inCom Spike Co M: Share Debit p: print I-Jana Friday Credit D: Delete x: Q Search Cancel Vch 12 Fl: Help Date Company pany Contra F5: payment F6 Receipt F7: Journal Purchase FIO: E: Autofill H: Change = Mode More Details Related o: ¯ Reports L: Optional post -Dated J: Stat ¯ Adjustment Unused ¯ Vch N...
[keys] '100000{ENTER}' -> Tally :9000 'TallyPrime:9000'
[shot] tds-024-s5-r1-amount (1024x768)
[15:58:09] [tds] screen tds-024-s5-r1-amount : 127.0.0.2 - Remote Desktop Connection EDU prim prime K: Company Y: Data Gateway •ccounting Voucher Creati Journal CURR I-Apr. Particulars NAME By S231 Contract Exp FinC( CurBal: Dr Narration: Quit x Find details entered in masters and transactions. (Alt+F) O: Import Z: Exchange A Accept E: Export M: Share inCom Spike Co p: print I-Jana Friday Credit Debit 1,00 00000 1,00 00000 D: Delete x: Q Search Cancel Vch 12 Fl: Help Date Company pany Contra F5: payment F6 Receipt F7: Journal Purchase FIO: E: Autofill H: Change = Mode More Details Related o: ¯ Reports L: Optional post -Dated J: Stat ¯ Adju...
[keys] 't{ENTER}' -> Tally :9000 'TallyPrime:9000'
[shot] tds-025-s5-r2-to (1024x768)
[15:58:12] [tds] screen tds-025-s5-r2-to : 127.0.0.2 - Remote Desktop Connection EDU prim x a Find details entered in masters and transactions. (Alt+F) prime K: Company Y: Data Gateway •ccounting Voucher Creati Journal CURR I-Apr. Particulars NAME By S231 Contract Exp FinC( CurBa1: Dr Narration: Quit Z: Exchange A Accept M: Share inCom Spike Co O: Import E: Export List of Ledger Accounts Input CGST Input SGST output CGST output SGST Profit & Loss A/c S231 Billwise Party S231 Buyer S231 Contract Exp S231 Contractor S231 Freight Charged S231 Office Exp S231 Old Name Party S231 Party 001 S231 Party 002 S231 Party 003 S231 Party 004 S231 P...
[keys] 'S231 TDS Payable{ENTER}' -> Tally :9000 'TallyPrime:9000'
[shot] tds-026-s5-r2-ledger (1024x768)
[15:58:16] [tds] screen tds-026-s5-r2-ledger : 127.0.0.2 - Remote Desktop Connection EDU prim prime K: Company Y: Data Gateway •ccounting Voucher Creati Journal CURR I-Apr. Particulars NAME By S231 Contract Exp FinC( CurBal: Dr To S231 TDS Payable CurBal: Cr Narration: Quit x Find details entered in masters and transactions. (Alt+F) O: Import Z: Exchange A Accept E: Export M: Share inCom Spike Co p: print I-Jana Friday Credit Debit 1,00 00000 D: Delete x: Q Search Cancel Vch 12 Fl: Help Date Company pany Contra F5: payment F6 Receipt F7: Journal Purchase FIO: E: Autofill H: Change = Mode More Details Related o: ¯ Reports L: Optional post -...
[shot] tds-027-s5-r2-sub1 (1024x768)
[15:58:17] [tds] screen tds-027-s5-r2-sub1 : 127.0.0.2 - Remote Desktop Connection EDU prim prime K: Company Y: Data Gateway •ccounting Voucher Creati Journal CURR I-Apr. Particulars NAME By S231 Contract Exp FinC( CurBal: Dr To S231 TDS Payable CurBal: Cr Narration: Quit x Find details entered in masters and transactions. (Alt+F) O: Import Z: Exchange A Accept E: Export M: Share inCom Spike Co p: print I-Jana Friday Credit Debit 1,00 00000 D: Delete x: Q Search Cancel Vch 12 Fl: Help Date Company pany Contra F5: payment F6 Receipt F7: Journal Purchase FIO: E: Autofill H: Change = Mode More Details Related o: ¯ Reports L: Optional post -...
[shot] tds-028-s5-r2-amount-shown (1024x768)
[15:58:18] [tds] screen tds-028-s5-r2-amount-shown : 127.0.0.2 - Remote Desktop Connection EDU prim prime K: Company Y: Data Gateway •ccounting Voucher Creati Journal CURR I-Apr. Particulars NAME By S231 Contract Exp FinC( CurBal: Dr To S231 TDS Payable CurBal: Cr Narration: Quit x Find details entered in masters and transactions. (Alt+F) O: Import Z: Exchange A Accept E: Export M: Share inCom Spike Co p: print I-Jana Friday Credit Debit 1,00 00000 D: Delete x: Q Search Cancel Vch 12 Fl: Help Date Company pany Contra F5: payment F6 Receipt F7: Journal Purchase FIO: E: Autofill H: Change = Mode More Details Related o: ¯ Reports L: Optional post -...
[keys] '2000{ENTER}' -> Tally :9000 'TallyPrime:9000'
[shot] tds-029-s5-r2-amount-typed (1024x768)
[15:58:22] [tds] screen tds-029-s5-r2-amount-typed : 127.0.0.2 - Remote Desktop Connection EDU prim prime K: Company Y: Data Gateway •ccounting Voucher Creati Journal CURR I-Apr. Particulars NAME By S231 Contract Exp FinC( CurBa1: Dr To S231 TDS Payable CurBal: 2,000.00 Cr Narration: Quit x Find details entered in masters and transactions. (Alt+F) O: Import Z: Exchange A Accept E: Export M: Share inCom Spike Co Debit 1,00 00000 1,00 00000 p: print I-Jana Friday Credit 2,000.00 2,000.00 D: Delete x: Q Search Cancel Vch 12 Fl: Help Date Company pany Contra F5: payment F6 Receipt F7: Journal Purchase FIO: E: Autofill H: Change = Mode More Details R...
[shot] tds-030-s5-r2-after1 (1024x768)
[15:58:23] [tds] screen tds-030-s5-r2-after1 : 127.0.0.2 - Remote Desktop Connection EDU prim prime K: Company Y: Data Gateway •ccounting Voucher Creati Journal CURR I-Apr. Particulars NAME By S231 Contract Exp FinC( CurBa1: Dr To S231 TDS Payable CurBal: 2,000.00 Cr Narration: Quit x Find details entered in masters and transactions. (Alt+F) O: Import Z: Exchange A Accept E: Export M: Share inCom Spike Co Debit 1,00 00000 1,00 00000 p: print I-Jana Friday Credit 2,000.00 2,000.00 D: Delete x: Q Search Cancel Vch 12 Fl: Help Date Company pany Contra F5: payment F6 Receipt F7: Journal Purchase FIO: E: Autofill H: Change = Mode More Details R...
[keys] 't{ENTER}' -> Tally :9000 'TallyPrime:9000'
[shot] tds-031-s5-r3-to (1024x768)
[15:58:26] [tds] screen tds-031-s5-r3-to : 127.0.0.2 - Remote Desktop Connection EDU prim x a Find details entered in masters and transactions. (Alt+F) prime K: Company Y: Data Gateway •ccounting Voucher Creati Journal Z: Exchange A Accept M: Share inCom Spike Co CURR I-Apr. NAME By FinC( Particulars S231 Contract Exp CurBa1: Dr S231 TDS Payable CurBa1: 2,000.00 Cr Narration: Quit O: Import E: Export List of Ledger Accounts Input CGST Input SGST output CGST output SGST Profit & Loss A/c S231 Billwise Party S231 Buyer S231 Contract Exp S231 Contractor S231 Freight Charged S231 Office Exp S231 Old Name Party S231 Party 001 S231 Party 002...
[keys] 'S231 Contractor{ENTER}' -> Tally :9000 'TallyPrime:9000'
[shot] tds-032-s5-r3-ledger (1024x768)
[15:58:30] [tds] screen tds-032-s5-r3-ledger : 127.0.0.2 - Remote Desktop Connection EDU prim prime K: Company Y: Data Gateway •ccounting Voucher Creati Journal CURR I-Apr. Particulars NAME By S231 Contract Exp FinC( CurBa1: Dr To S231 TDS Payable CurBal: 2,000.00 Cr To S231 Contractor CurBa1: Cr Narration: Quit x Find details entered in masters and transactions. (Alt+F) O: Import Z: Exchange A Accept E: Export M: Share inCom Spike Co Debit 1,00 00000 p: print I-Jana Friday Credit 2,000.00 D: Delete x: Q Search Cancel Vch 12 Fl: Help Date Company pany Contra F5: payment F6 Receipt F7: Journal Purchase FIO: E: Autofill H: Change = Mode More...
[shot] tds-033-s5-r3-amount-shown (1024x768)
[15:58:31] [tds] screen tds-033-s5-r3-amount-shown : 127.0.0.2 - Remote Desktop Connection EDU prim prime K: Company Y: Data Gateway •ccounting Voucher Creati Journal CURR I-Apr. Particulars NAME By S231 Contract Exp FinC( CurBa1: Dr To S231 TDS Payable CurBal: 2,000.00 Cr To S231 Contractor CurBa1: Cr Narration: Quit x Find details entered in masters and transactions. (Alt+F) O: Import Z: Exchange A Accept E: Export M: Share inCom Spike Co Debit 1,00 00000 p: print I-Jana Friday Credit 2,000.00 D: Delete x: Q Search Cancel Vch 12 Fl: Help Date Company pany Contra F5: payment F6 Receipt F7: Journal Purchase FIO: E: Autofill H: Change = Mode More...
[keys] '98000{ENTER}' -> Tally :9000 'TallyPrime:9000'
[shot] tds-034-s5-r3-amount-typed (1024x768)
[15:58:35] [tds] screen tds-034-s5-r3-amount-typed : 127.0.0.2 - Remote Desktop Connection EDU prim prime K: Company Y: Data Gateway •ccounting Voucher Creati Journal CURR I-Apr. Particulars NAME By S231 Contract Exp FinC( CurBa1: Dr To S231 TDS Payable CurBal: 2,000.00 Cr To S231 Contractor CurBa1: 98,000.00 Cr Narration: Quit x Find details entered in masters and transactions. (Alt+F) O: Import Z: Exchange A Accept E: Export M: Share inCom Spike Co Debit 1,00 00000 p: print I-Jana Friday Credit 2,000.00 98,000.00 D: Delete x: Q Search Cancel Vch 12 Fl: Help Date Company pany Contra F5: payment F6 Receipt F7: Journal Purchase FIO: E: Autofill H...
[shot] tds-035-s5-r3-after1 (1024x768)
[15:58:36] [tds] screen tds-035-s5-r3-after1 : 127.0.0.2 - Remote Desktop Connection EDU prim prime K: Company Y: Data Gateway •ccounting Voucher Creati Journal CURR I-Apr. Particulars NAME By S231 Contract Exp FinC( CurBa1: Dr To S231 TDS Payable CurBal: 2,000.00 Cr To S231 Contractor CurBa1: 98,000.00 Cr Narration: Quit x Find details entered in masters and transactions. (Alt+F) O: Import Z: Exchange A Accept E: Export M: Share inCom Spike Co Debit 1,00 00000 p: print I-Jana Friday Credit 2,000.00 98,000.00 D: Delete x: Q Search Cancel Vch 12 Fl: Help Date Company pany Contra F5: payment F6 Receipt F7: Journal Purchase FIO: E: Autofill H...
[shot] tds-036-s5-before-narration (1024x768)
[15:58:37] [tds] screen tds-036-s5-before-narration : 127.0.0.2 - Remote Desktop Connection EDU prim prime K: Company Y: Data Gateway •ccounting Voucher Creati Journal CURR I-Apr. Particulars NAME By S231 Contract Exp FinC( CurBa1: Dr To S231 TDS Payable CurBal: 2,000.00 Cr To S231 Contractor CurBa1: 98,000.00 Cr Narration: Quit x Find details entered in masters and transactions. (Alt+F) O: Import Z: Exchange A Accept E: Export M: Share inCom Spike Co Debit 1,00 00000 p: print I-Jana Friday Credit 2,000.00 98,000.00 D: Delete x: Q Search Cancel Vch 12 Fl: Help Date Company pany Contra F5: payment F6 Receipt F7: Journal Purchase FIO: E: Autofill H...
[keys] 'S5 contract work TDS 194C entered on the screen{ENTER}' -> Tally :9000 'TallyPrime:9000'
[shot] tds-037-s5-narration (1024x768)
[15:58:42] [tds] screen tds-037-s5-narration : 127.0.0.2 - Remote Desktop Connection EDU prim prime K: Company Y: Data Gateway •ccounting Voucher Creati Journal CURR I-Apr. Particulars NAME By S231 Contract Exp FinC( CurBa1: Dr To S231 TDS Payable CurBal: 2,000.00 Cr To S231 Contractor CurBa1: 98,000.00 Cr Narration: x Find details entered In masters and transactions Z: Exchange inCom Spike Co O: Import E: Export M: Share Debit 1,00 00000 S5 contract work TDS 194C entered on the screen p: print I-Jana Friday Credit 2,000.00 98,000.00 Accept Q Yes or No Q: Quit Q A: Accept Search D: Delete X: Cancel Vch 12 Fl: Help F2: Date pany F3: Company...
[shot] tds-038-s5-accept-q (1024x768)
[15:58:42] [tds] screen tds-038-s5-accept-q : 127.0.0.2 - Remote Desktop Connection EDU prim prime K: Company Y: Data Gateway •ccounting Voucher Creati Journal CURR I-Apr. Particulars NAME By S231 Contract Exp FinC( CurBa1: Dr To S231 TDS Payable CurBal: 2,000.00 Cr To S231 Contractor CurBa1: 98,000.00 Cr Narration: x Find details entered In masters and transactions Z: Exchange inCom Spike Co O: Import E: Export M: Share Debit 1,00 00000 S5 contract work TDS 194C entered on the screen p: print I-Jana Friday Credit 2,000.00 98,000.00 Accept Q Yes or No Q: Quit Q A: Accept Search D: Delete X: Cancel Vch 12 Fl: Help F2: Date pany F3: Company...
[keys] 'y' -> Tally :9000 'TallyPrime:9000'
[shot] tds-039-s5-accepted (1024x768)
[15:58:47] [tds] screen tds-039-s5-accepted : 127.0.0.2 - Remote Desktop Connection EDU prim x a Find details entered in masters and transactions. (Alt+F) prime K: Company Y: Data Gateway •ccounting Voucher Creati No. 4 Journal CURR I-Apr. Particulars NAME Z: Exchange M: Share inCom Spike Co FinC( Narration: Quit O: Import E: Export List of Ledger Accounts Input CGST Input SGST output CGST output SGST Profit & Loss A/c S231 Billwise Party S231 Buyer S231 Contract Exp S231 Contractor S231 Freight Charged S231 Office Exp S231 Old Name Party S231 Party 001 S231 Party 002 S231 Party 003 S231 Party 004 S231 Party 005 S231 Party 006 S231 Party ...
[shot] tds-040-gw0 (1024x768)
[15:58:48] [tds] screen tds-040-gw0 : 127.0.0.2 - Remote Desktop Connection EDU prim x a Find details entered in masters and transactions. (Alt+F) prime K: Company Y: Data Gateway •ccounting Voucher Creati No. 4 Journal CURR I-Apr. Particulars NAME Z: Exchange M: Share inCom Spike Co FinC( Narration: Quit O: Import E: Export List of Ledger Accounts Input CGST Input SGST output CGST output SGST Profit & Loss A/c S231 Billwise Party S231 Buyer S231 Contract Exp S231 Contractor S231 Freight Charged S231 Office Exp S231 Old Name Party S231 Party 001 S231 Party 002 S231 Party 003 S231 Party 004 S231 Party 005 S231 Party 006 S231 Party ...
[keys] '{ESC}' -> Tally :9000 'TallyPrime:9000'
[shot] tds-041-gw1 (1024x768)
[15:58:52] [tds] screen tds-041-gw1 : 127.0.0.2 - Remote Desktop Connection EDU prim prime K: Company Y: Data Gateway •ccounting Voucher Creati No. 4 Journal CURR I-Apr. Particulars NAME x Find details entered In masters and transactions Z: Exchange inCom Spike Co O: Import E: Export M: Share Debit FinC( Narration: Q: Quit p: print I-Jana Friday Credit Quit o Yes or No Q A: Accept Search D: Delete X: Cancel Vch 12 Fl: Help F2: Date pany F3: Company F4: Contra F5: Payment F6: Receipt F7: Journal F8: Sales F9: Purchase Flo: E: Autofill H: Change = Mode l: More = Details O: Related = Reports L: Optional T: post = -Dated J: Stat ¯ Adj...
[keys] 'y' -> Tally :9000 'TallyPrime:9000'
[shot] tds-042-gw2 (1024x768)
[15:58:55] [tds] screen tds-042-gw2 : 127.0.0.2 - Remote Desktop Connection EDU prim prime K: Company Y: Data x Find details entered in masters and transactions. Z: Exchange CURRENT OATE Friday, I-Jan-2027 OATE OF LAST ENTRY (Alt+F) O: Import E: Export M: Share p: print Gateway Tally CURRE CURRENT PERIOD I-Apr. I-Apr-26 to 31-Mar-27 NAME NAME OF COMPANY FinC( FinCom Spike Co (Schedule Backup) Q Search I-Jan-27 Gateway of Tally MASTERS Create Alter CHart of Accounts TRANSACTIONS Vouchers Day 800K UTILITIES BaNking REPORTS Balance Sheet Profit & Loss A/c Stock Summary Ratio Analysis Display More Reports DashbOard Quit Fl: Help Date ...
  Tally :9000 voucher mid=1 aid=1 guid=49af0a16-0297-4046-a99a-154a1ad56310-00000001 no=1 cancelled=False
  Tally :9000 voucher mid=2 aid=2 guid=49af0a16-0297-4046-a99a-154a1ad56310-00000002 no=2 cancelled=False
  Tally :9000 voucher mid=3 aid=3 guid=49af0a16-0297-4046-a99a-154a1ad56310-00000003 no=3 cancelled=False
[S5 the bridge's entry request :9000] 32 ms, 5881 bytes: <ENVELOPE><HEADER><VERSION>1</VERSION><STATUS>1</STATUS></HEADER><BODY><DESC><CMPINFO><COMPANY>1</COMPANY><GROUP>0</GROUP><LEDGER>433</LEDGER><COSTCATEGORY>1</COSTCATEGORY><COSTCENTRE>2</COSTCENTRE><GODOWN>0</GODOWN><STOCKGROUP>0</STOCKGROUP><STOCKCATEGORY>0</STOCKCATEGORY><STOCKITEM>6</STOCKITEM><VOUCHERTYPE>0</VOUCHERTYPE><CURRENCY>3</CURRENCY><UNIT>1</UNIT><BUDGET>0</BUDGET><CLIENTRULE>0</CLIENTRULE><SERVERRULE>0</SERVERRULE><STATE>0</STATE><TDSRATE>1</TDSRATE><TAXCLASSIFICATION>1</TAXCLASSIF...
  parsecheck s231: S5 fail
######## FAIL S5 payment with TDS entered on the screen: Tally mid 3, the bridge's created line at 15:58:44, body 4360 chars, full=True; voucher type: Tally Journal / FinCom Journal / entered Journal; FinCom's lines add up to 0: Tally 0 / FinCom 0 / entered 0; ledger S231 Contract Exp: Tally -100000 / FinCom -100000 / entered -100000; ledger S231 TDS Payable: Tally 2000 / FinCom 2000 / entered 2000; ledger S231 Contractor: Tally 98000 / FinCom 98000 / entered 98000; parse.js's accuracy checks: Tally (none) / FinCom none; TDS nature of payment: Tally S231 Contract Work / FinCom (none) / entered S231 Contract Work NO; TDS rate: Tally 0 / FinCom (none) / entered 2 NO; TDS assessable value: Tally 100000 / FinCom (none) / entered 100000 NO; TDS amount: Tally 2000 / FinCom (none) / entered 2000 NO
[15:59:01] R1: Tally 9000 started again for a clean screen
[keys] 'a' -> Tally :9000 'TallyPrime:9000'
[keys] 't' -> Tally :9000 'TallyPrime:9000'
[shot] r4-r1-00-fresh (1024x768)
[15:59:37] ---- R1: the retry schedule while Tally is busy for about 3 minutes
[R1 ledger (no cost centres) :9000] 20 ms, 269 bytes: <RESPONSE><CREATED>1</CREATED><ALTERED>0</ALTERED><DELETED>0</DELETED><LASTVCHID>0</LASTVCHID><LASTMID>0</LASTMID><COMBINED>0</COMBINED><IGNORED>0</IGNORED><ERRORS>0</ERRORS><CANCELLED>0</CANCELLED><EXCEPTIONS>0</EXCEPTIONS></RESPONSE>
  Tally :9000 voucher mid=1 aid=1 guid=49af0a16-0297-4046-a99a-154a1ad56310-00000001 no=1 cancelled=False
  Tally :9000 voucher mid=2 aid=2 guid=49af0a16-0297-4046-a99a-154a1ad56310-00000002 no=2 cancelled=False
  Tally :9000 voucher mid=3 aid=3 guid=49af0a16-0297-4046-a99a-154a1ad56310-00000003 no=3 cancelled=False
[R1 the entry :9000] 42 ms, 269 bytes: <RESPONSE><CREATED>1</CREATED><ALTERED>0</ALTERED><DELETED>0</DELETED><LASTVCHID>4</LASTVCHID><LASTMID>0</LASTMID><COMBINED>0</COMBINED><IGNORED>0</IGNORED><ERRORS>0</ERRORS><CANCELLED>0</CANCELLED><EXCEPTIONS>0</EXCEPTIONS></RESPONSE>
  Tally :9000 voucher mid=1 aid=1 guid=49af0a16-0297-4046-a99a-154a1ad56310-00000001 no=1 cancelled=False
  Tally :9000 voucher mid=4 aid=4 guid=49af0a16-0297-4046-a99a-154a1ad56310-00000004 no=1 cancelled=False
  Tally :9000 voucher mid=2 aid=2 guid=49af0a16-0297-4046-a99a-154a1ad56310-00000002 no=2 cancelled=False
  Tally :9000 voucher mid=3 aid=3 guid=49af0a16-0297-4046-a99a-154a1ad56310-00000003 no=3 cancelled=False
[keys] '%g' -> Tally :9000 'TallyPrime:9000'
[keys] 'Day Book' -> Tally :9000 'TallyPrime:9000'
[keys] '{ENTER}' -> Tally :9000 'TallyPrime:9000'
[keys] '{F2}' -> Tally :9000 'TallyPrime:9000'
[keys] '1-8-2026{ENTER}' -> Tally :9000 'TallyPrime:9000'
[shot] r4-r1-daybook (1024x768)
[keys] '{END}' -> Tally :9000 'TallyPrime:9000'
[keys] '{ENTER}' -> Tally :9000 'TallyPrime:9000'
[shot] r4-r1-open (1024x768)
[keys] '^a' -> Tally :9000 'TallyPrime:9000'
R1: Tally 9000 (pid 2552) suspended at 16:00:06.437
R1: Tally 9000 resumed at 16:03:06
[shot] r4-r1-resumed (1024x768)
######## HARNESS R1 retry schedule: Tally silent 16:00:06..16:03:06 (suspended; a small request: no answer (suspended); the entry saved 16:00:06); bridge 1's tries: ; steps  s (expected 15, 30, 60, 120, then 300); back to normal: not seen; switch-off words: none; posting queued 16:00:26, taken 16:00:27, updates 16:00:27 taken done 0; 16:00:36 taken done 0, in Tally: False; the entry at the stub 16:00:06 (Tally free 16:03:06; the first try after that none); the bridge's busy lines: 16:00:36  Tally 9000 is busy (no answer in 8s); nothing more is sent to it until it answers a small check (the company's name), asked once a minute | 16:00:36  Posting job r1-job-1: Waiting for Tally: Tally is busy (a report, a pop-up or another user may be holding it) — finish or close it in TallyPrime; it will be posted automatically; no try in bridge 1's log (did the bridge ask before the suspension?)
[16:03:11] ---- what is kept: the bridges' logs, install logs, settings without their keys
  Tally :9000 voucher mid=1 aid=1 guid=49af0a16-0297-4046-a99a-154a1ad56310-00000001 no=1 cancelled=False
  Tally :9000 voucher mid=4 aid=5 guid=49af0a16-0297-4046-a99a-154a1ad56310-00000004 no=1 cancelled=False
  Tally :9000 voucher mid=2 aid=2 guid=49af0a16-0297-4046-a99a-154a1ad56310-00000002 no=2 cancelled=False
  Tally :9000 voucher mid=3 aid=3 guid=49af0a16-0297-4046-a99a-154a1ad56310-00000003 no=3 cancelled=False
== results
INFO setup origin: COMMITTED assets-test/bridge-go/FinComBridge-Setup-2.3.1.exe SHA-256 7d4a37a93a52dbc55ab9992c7148c7d607485d567fd34e1bde7d607288a216be; on this runner SHA-256 7d4a37a93a52dbc55ab9992c7148c7d607485d567fd34e1bde7d607288a216be
INFO user 2 (fcuser2) works in a Windows session of their own (session 1, by a Remote Desktop connection to 127.0.0.2); runneradmin in session 2
INFO S231 import masters-1-items: created 4, altered 0, errors 0
INFO S231 import masters-2-costs: created 3, altered 0, errors 0
INFO S231 import masters-4-ledgers: created 14, altered 0, errors 0
INFO S231 import masters-6-bulk: created 400, altered 0, errors 0
INFO S231 import S4 the bill (New Ref S231-BILL-1, a journal): created 1, altered 0, errors 0
PASS 6a two bridges at once: bridge 1 runneradmin on 127.0.0.1:9100 (pid 11032, session 2, go-d61804c9e361); bridge 2 fcuser2 on 127.0.0.1:9101 (pid 2560, session 1, go-601850c62dac); both listening at 15:56:13
INFO /ping with a nonce but no Origin (own bridge): proof not given
PASS 6b /ping proof: bridge 1 proves itself to runneradmin: ok; bridge 1 proof checked against user 2 identity fails: ok; bridge 2 proves itself to fcuser2: ok; bridge 2 proof checked against user 1 identity fails: ok; bridge 2 gives runneradmin no proof: ok; bridge 1 gives fcuser2 no proof: ok; other users refused 403 beyond /ping: ok
INFO S231 import masters-0-company: created 0, altered 1, errors 0
INFO S231 import masters-3-nature: created 1, altered 0, errors 0
INFO S231 import masters-5-tds: created 1, altered 0, errors 0 (TDS Rate &apos;S231 Contract Work&apos; does not exist!)
INFO S231 company features after the import: ISBILLWISEON=Yes ISCOSTCENTRESON=Yes ISTDSON=Yes ISGSTON=Yes
INFO S5 screen: the nature of payment 'S231 Contract Work' made on its form: True; Tally's TDS Rate export: GUID=49af0a16-0297-4046-a99a-154a1ad56310-00000285 REMOTEALTGUID=49af0a16-0297-4046-a99a-154a1ad56310 ASORIGINAL=No ISACTIVE=Yes MARKFORDELETION=No ISBASEDONREALIZATION=No ERRKEY=0 REMOTEALTERID=0 UPDATEDDATETIME=000000000 NAME=S231 Contract Work APPLICABLEFROM=20260401 TDSRATECHALLANCODE=94C TDSRATESECTION=194C ISABOVEEXEMPTIONLIMIT=No
INFO S231 import masters-5-tds again (after the nature on its form): created 0, altered 3, errors 0
INFO S5 screen: the company's TDS details in Tally: TANUMBER=DELF01234E TANREGNO=DELF01234E TDSDEDUCTORTYPE=Company ISTDSON=Yes
INFO S5 screen: the TDS masters in Tally: S231 Contractor [TDSRATE=1 DEDUCTEETYPE=0 INCOMETAXSLAB=0 INCOMETAXCLASSIFICATION=0 INCOMETAXNUMBER=AAACS2310K TDSAPPLICABLE=Yes TDSDEDUCTEETYPE=Company - Resident IGNORETDSEXEMPT=No ISTDSAPPLICABLE=Yes ISTDSEXPENSE=No INTERESTINCLDAYOFDEDUCTION=No TDSDEDUCTEEISSPECIALRATE=No TDSDEDUCTEESPECIALRATE=0]; S231 Contract Exp [TDSRATE=1 DEDUCTEETYPE=0 INCOMETAXSLAB=0 INCOMETAXCLASSIFICATION=0 TDSRATENAME=S231 Contract Work IGNORETDSEXEMPT=No ISTDSAPPLICABLE=Yes ISTDSEXPENSE=Yes INTERESTINCLDAYOFDEDUCTION=No TDSDEDUCTEEISSPECIALRATE=No TDSDEDUCTEESPECIALRATE=0]; S231 TDS Payable [TDSRATE=1 DEDUCTEETYPE=0 INCOMETAXSLAB=0 INCOMETAXCLASSIFICATION=0 TDSRATENAME=S231 Contract Work IGNORETDSEXEMPT=No ISTDSAPPLICABLE=No ISTDSEXPENSE=No INTERESTINCLDAYOFDEDUCTION=No TDSDEDUCTEEISSPECIALRATE=No TDSDEDUCTEESPECIALRATE=0]
INFO S5 screen: OCR read the screens; TDS row amount not filled by Tally: 2000 typed ; sub-screens after the TDS ledger: none; screenshots tds-*
INFO S5 TDS section: Tally gives no TDSDEDUCTEESECTIONNUMBER on this entry; FinCom's section (none) (from (none))
INFO S5 deductee type: Tally's ledger master TDSDEDUCTEETYPE "Company - Resident"; the entry body carries none (FinCom: (none))
FAIL S5 payment with TDS entered on the screen: Tally mid 3, the bridge's created line at 15:58:44, body 4360 chars, full=True; voucher type: Tally Journal / FinCom Journal / entered Journal; FinCom's lines add up to 0: Tally 0 / FinCom 0 / entered 0; ledger S231 Contract Exp: Tally -100000 / FinCom -100000 / entered -100000; ledger S231 TDS Payable: Tally 2000 / FinCom 2000 / entered 2000; ledger S231 Contractor: Tally 98000 / FinCom 98000 / entered 98000; parse.js's accuracy checks: Tally (none) / FinCom none; TDS nature of payment: Tally S231 Contract Work / FinCom (none) / entered S231 Contract Work NO; TDS rate: Tally 0 / FinCom (none) / entered 2 NO; TDS assessable value: Tally 100000 / FinCom (none) / entered 100000 NO; TDS amount: Tally 2000 / FinCom (none) / entered 2000 NO
TAG TAXOBJECTALLOCATIONS.LIST: WITH A VALUE in Tally's own Day Book export (S5 on the screen) x2 'S231 Contract Work TDS 5XAkE1Oajv98GfrC S231 Contractor S231 Contract Exp New Re'
TAG TDSDEDUCTEESECTIONNUMBER: NOT SEEN WITH A VALUE
TAG TDSDEDUCTEETYPE: NOT SEEN WITH A VALUE
INFO S231 import R1 ledger (no cost centres): created 1, altered 0, errors 0
INFO S231 import R1 the entry: created 1, altered 0, errors 0
HARNESS R1 retry schedule: Tally silent 16:00:06..16:03:06 (suspended; a small request: no answer (suspended); the entry saved 16:00:06); bridge 1's tries: ; steps  s (expected 15, 30, 60, 120, then 300); back to normal: not seen; switch-off words: none; posting queued 16:00:26, taken 16:00:27, updates 16:00:27 taken done 0; 16:00:36 taken done 0, in Tally: False; the entry at the stub 16:00:06 (Tally free 16:03:06; the first try after that none); the bridge's busy lines: 16:00:36  Tally 9000 is busy (no answer in 8s); nothing more is sent to it until it answers a small check (the company's name), asked once a minute | 16:00:36  Posting job r1-job-1: Waiting for Tally: Tally is busy (a report, a pop-up or another user may be holding it) — finish or close it in TallyPrime; it will be posted automatically; no try in bridge 1's log (did the bridge ask before the suspension?)
== round 4 end
