2026-10-09 20:25:12  FinCom Bridge 2.4.1: started just for runnervmfi6oq\runneradmin (no service); it keeps the bridge and its icon running
2026-10-09 20:25:12  FinCom Bridge 2.4.1 (Go) started on 127.0.0.1:9100: the only bridge on this computer; working for runnervmfi6oq\runneradmin, Windows session 2; runs just for this Windows user (starts at sign-in, no service)
2026-10-09 20:25:12  Tally is open on port 9000; the bridge reads it only after an event (a client opened in FinCom, Update now, a posting, the nightly catch-up at 19:00)
2026-10-09 20:25:12  Recorder: re-scan of the add-on's files for 2.4.1: 0 line(s) sent earlier without their entry found (a new entry's line with no MasterID, a GUID of another entry, or read while the body fetch was off)
2026-10-09 20:25:12  Check:  - 
2026-10-09 20:25:15  Tray icon: set to show next to the clock always (Windows 11)
2026-10-09 20:25:15  Trial tools switched on for this computer in FinCom: the tray shows the trial items
2026-10-09 20:25:15  FinCom: this bridge is now the main bridge on this computer (set by the setup); it reads and posts
2026-10-09 20:25:15  Company FinCom Spike Co: its Tally GUID f84413f0-e7ee-4ccc-b254-c8febf728d4b is held from now on
2026-10-09 20:25:16  Company FinCom Spike Co: its starting point is recorded: ALTVCHID=2, ALTMSTID=211 (reading is prospective only: the bridge follows what changes after this)
2026-10-09 20:25:16  Company FinCom Spike Co: change numbers read with form a: ALTVCHID=2, ALTMSTID=211
2026-10-09 20:25:16  Light check of FinCom Spike Co: starting point recorded (ALTVCHID=2, ALTMSTID=211)
2026-10-09 20:25:16  Bank dates: FinCom Spike Co: following Tally's voucher counter from ALTVCHID=2 (a move the add-on's lines do not explain is a bank date set, or another change Tally makes without a voucher form)
2026-10-09 20:26:34  Recorder: Receipt 1 of 31-Oct-2026 (MasterID 3, line 1ff576b9…): asking Tally by MasterID
2026-10-09 20:26:35  Recorder: entry fetch of FinCom Spike Co: answered in 27 ms
2026-10-09 20:26:35  Recorder: Receipt 1 of 31-Oct-2026 (MasterID 3, line 1ff576b9…): taken: Tally's GUID f84413f0-e7ee-4ccc-b254-c8febf728d4b-00000003, AlterID 3
2026-10-09 20:26:35  Renumbering: made Receipt 1 of 31-Oct-2026 in FinCom Spike Co: FinCom holds 0 later Receipt entries; each is read again from Tally to see whether Tally renumbered it
2026-10-09 20:27:11  Recorder: Receipt 2 of 01-Nov-2026 (MasterID 4, line 036dac42…): asking Tally by MasterID
2026-10-09 20:27:12  Recorder: Receipt 2 of 01-Nov-2026 (MasterID 4, line 036dac42…): taken: Tally's GUID f84413f0-e7ee-4ccc-b254-c8febf728d4b-00000004, AlterID 4
2026-10-09 20:27:12  Renumbering: made Receipt 2 of 01-Nov-2026 in FinCom Spike Co: FinCom holds 0 later Receipt entries; each is read again from Tally to see whether Tally renumbered it
2026-10-09 20:27:49  Recorder: Receipt 3 of 02-Nov-2026 (MasterID 5, line 707959d9…): asking Tally by MasterID
2026-10-09 20:27:49  Recorder: entry fetch of FinCom Spike Co: answered in 32 ms
2026-10-09 20:27:49  Recorder: Receipt 3 of 02-Nov-2026 (MasterID 5, line 707959d9…): taken: Tally's GUID f84413f0-e7ee-4ccc-b254-c8febf728d4b-00000005, AlterID 5
2026-10-09 20:27:49  Renumbering: made Receipt 3 of 02-Nov-2026 in FinCom Spike Co: FinCom holds 0 later Receipt entries; each is read again from Tally to see whether Tally renumbered it
2026-10-09 20:28:01  Reading from Tally stopped on this computer from FinCom: Stopped by the owner from FinCom (harness s1). Postings still go; reading starts again only from FinCom
2026-10-09 20:28:06  Light check: skipped: reading is stopped from FinCom (Stopped by the owner from FinCom (harness s1))
2026-10-09 20:28:31  Recorder: Receipt 4 of 02-Oct-2026 (MasterID 6, line e616761a…): asking Tally by MasterID
2026-10-09 20:28:31  Recorder: Receipt 4 of 02-Oct-2026 (MasterID 6, line e616761a…): held at once: waiting: reading from Tally is stopped from FinCom; asked again when it is resumed (sent now without its body; FinCom shows it held, and this bridge asks Tally again)
2026-10-09 20:28:31  Recorder: Receipt 4 of 02-Oct-2026 (MasterID 6, line e616761a…): asking Tally again (a held line, ask 1 of 2: one request; if it stops or fails the line ends with the Day Book words)
2026-10-09 20:28:31  Recorder: Receipt 4 of 02-Oct-2026 (MasterID 6, line e616761a…): not asked this time: Reading from Tally is stopped on this computer from FinCom (Stopped by the owner from FinCom (harness s1), 2026-10-09 20:27:57); nothing was sent to Tally. Post; asked when reading is resumed (not counted as a try)
2026-10-09 20:28:31  Recorder: held lines: 0 from FinCom, 0 asked, 0 resolved, 1 still held (1 in the list)
2026-10-09 20:28:31  Recorder: held lines: 0 from FinCom, 0 asked, 0 resolved, 1 still held (1 in the list)
2026-10-09 20:28:31  Recorder: held lines: 0 from FinCom, 0 asked, 0 resolved, 1 still held (1 in the list)
2026-10-09 20:28:31  Recorder: held lines: 0 from FinCom, 0 asked, 0 resolved, 1 still held (1 in the list)
2026-10-09 20:28:31  Recorder: held lines: 0 from FinCom, 0 asked, 0 resolved, 1 still held (1 in the list)
2026-10-09 20:28:32  Recorder: held lines: 0 from FinCom, 0 asked, 0 resolved, 1 still held (1 in the list)
2026-10-09 20:28:32  Recorder: held lines: 0 from FinCom, 0 asked, 0 resolved, 1 still held (1 in the list)
2026-10-09 20:28:32  Recorder: held lines: 0 from FinCom, 0 asked, 0 resolved, 1 still held (1 in the list)
2026-10-09 20:28:33  Recorder: held lines: 0 from FinCom, 0 asked, 0 resolved, 1 still held (1 in the list)
2026-10-09 20:28:33  Recorder: held lines: 0 from FinCom, 0 asked, 0 resolved, 1 still held (1 in the list)
2026-10-09 20:28:33  Recorder: held lines: 0 from FinCom, 0 asked, 0 resolved, 1 still held (1 in the list)
2026-10-09 20:28:33  Recorder: held lines: 0 from FinCom, 0 asked, 0 resolved, 1 still held (1 in the list)
2026-10-09 20:28:34  Recorder: held lines: 0 from FinCom, 0 asked, 0 resolved, 1 still held (1 in the list)
2026-10-09 20:28:34  Recorder: held lines: 0 from FinCom, 0 asked, 0 resolved, 1 still held (1 in the list)
2026-10-09 20:28:34  Recorder: held lines: 0 from FinCom, 0 asked, 0 resolved, 1 still held (1 in the list)
2026-10-09 20:28:34  Recorder: held lines: 0 from FinCom, 0 asked, 0 resolved, 1 still held (1 in the list)
2026-10-09 20:28:35  Recorder: held lines: 0 from FinCom, 0 asked, 0 resolved, 1 still held (1 in the list)
2026-10-09 20:28:35  Recorder: held lines: 0 from FinCom, 0 asked, 0 resolved, 1 still held (1 in the list)
2026-10-09 20:28:35  Recorder: held lines: 0 from FinCom, 0 asked, 0 resolved, 1 still held (1 in the list)
2026-10-09 20:28:35  Recorder: held lines: 0 from FinCom, 0 asked, 0 resolved, 1 still held (1 in the list)
2026-10-09 20:28:36  Recorder: held lines: 0 from FinCom, 0 asked, 0 resolved, 1 still held (1 in the list)
2026-10-09 20:28:36  Recorder: held lines: 0 from FinCom, 0 asked, 0 resolved, 1 still held (1 in the list)
2026-10-09 20:28:36  Recorder: held lines: 0 from FinCom, 0 asked, 0 resolved, 1 still held (1 in the list)
2026-10-09 20:28:36  Recorder: held lines: 0 from FinCom, 0 asked, 0 resolved, 1 still held (1 in the list)
2026-10-09 20:28:37  Recorder: held lines: 0 from FinCom, 0 asked, 0 resolved, 1 still held (1 in the list)
2026-10-09 20:28:37  Recorder: held lines: 0 from FinCom, 0 asked, 0 resolved, 1 still held (1 in the list)
2026-10-09 20:28:37  Recorder: held lines: 0 from FinCom, 0 asked, 0 resolved, 1 still held (1 in the list)
2026-10-09 20:28:37  Recorder: held lines: 0 from FinCom, 0 asked, 0 resolved, 1 still held (1 in the list)
2026-10-09 20:28:38  Recorder: held lines: 0 from FinCom, 0 asked, 0 resolved, 1 still held (1 in the list)
2026-10-09 20:28:38  Recorder: held lines: 0 from FinCom, 0 asked, 0 resolved, 1 still held (1 in the list)
2026-10-09 20:28:38  Recorder: held lines: 0 from FinCom, 0 asked, 0 resolved, 1 still held (1 in the list)
2026-10-09 20:28:38  Recorder: held lines: 0 from FinCom, 0 asked, 0 resolved, 1 still held (1 in the list)
2026-10-09 20:28:39  Recorder: held lines: 0 from FinCom, 0 asked, 0 resolved, 1 still held (1 in the list)
2026-10-09 20:28:39  Recorder: held lines: 0 from FinCom, 0 asked, 0 resolved, 1 still held (1 in the list)
2026-10-09 20:28:39  Recorder: held lines: 0 from FinCom, 0 asked, 0 resolved, 1 still held (1 in the list)
2026-10-09 20:28:39  Recorder: held lines: 0 from FinCom, 0 asked, 0 resolved, 1 still held (1 in the list)
2026-10-09 20:28:40  Recorder: held lines: 0 from FinCom, 0 asked, 0 resolved, 1 still held (1 in the list)
2026-10-09 20:28:40  Recorder: held lines: 0 from FinCom, 0 asked, 0 resolved, 1 still held (1 in the list)
2026-10-09 20:28:40  Recorder: held lines: 0 from FinCom, 0 asked, 0 resolved, 1 still held (1 in the list)
2026-10-09 20:28:40  Recorder: held lines: 0 from FinCom, 0 asked, 0 resolved, 1 still held (1 in the list)
2026-10-09 20:28:41  Recorder: held lines: 0 from FinCom, 0 asked, 0 resolved, 1 still held (1 in the list)
2026-10-09 20:28:41  Recorder: held lines: 0 from FinCom, 0 asked, 0 resolved, 1 still held (1 in the list)
2026-10-09 20:28:41  Recorder: held lines: 0 from FinCom, 0 asked, 0 resolved, 1 still held (1 in the list)
2026-10-09 20:28:41  Recorder: held lines: 0 from FinCom, 0 asked, 0 resolved, 1 still held (1 in the list)
2026-10-09 20:28:42  Recorder: held lines: 0 from FinCom, 0 asked, 0 resolved, 1 still held (1 in the list)
2026-10-09 20:28:42  Recorder: held lines: 0 from FinCom, 0 asked, 0 resolved, 1 still held (1 in the list)
2026-10-09 20:28:42  Recorder: held lines: 0 from FinCom, 0 asked, 0 resolved, 1 still held (1 in the list)
2026-10-09 20:28:42  Recorder: held lines: 0 from FinCom, 0 asked, 0 resolved, 1 still held (1 in the list)
2026-10-09 20:28:43  Recorder: held lines: 0 from FinCom, 0 asked, 0 resolved, 1 still held (1 in the list)
2026-10-09 20:28:43  Recorder: held lines: 0 from FinCom, 0 asked, 0 resolved, 1 still held (1 in the list)
2026-10-09 20:28:43  Recorder: held lines: 0 from FinCom, 0 asked, 0 resolved, 1 still held (1 in the list)
2026-10-09 20:28:43  Recorder: held lines: 0 from FinCom, 0 asked, 0 resolved, 1 still held (1 in the list)
2026-10-09 20:28:44  Recorder: held lines: 0 from FinCom, 0 asked, 0 resolved, 1 still held (1 in the list)
2026-10-09 20:28:44  Recorder: held lines: 0 from FinCom, 0 asked, 0 resolved, 1 still held (1 in the list)
2026-10-09 20:28:44  Recorder: held lines: 0 from FinCom, 0 asked, 0 resolved, 1 still held (1 in the list)
2026-10-09 20:28:44  Recorder: held lines: 0 from FinCom, 0 asked, 0 resolved, 1 still held (1 in the list)
2026-10-09 20:28:45  Recorder: held lines: 0 from FinCom, 0 asked, 0 resolved, 1 still held (1 in the list)
2026-10-09 20:28:45  Recorder: held lines: 0 from FinCom, 0 asked, 0 resolved, 1 still held (1 in the list)
2026-10-09 20:28:45  Recorder: held lines: 0 from FinCom, 0 asked, 0 resolved, 1 still held (1 in the list)
2026-10-09 20:28:45  Recorder: held lines: 0 from FinCom, 0 asked, 0 resolved, 1 still held (1 in the list)
2026-10-09 20:28:46  Recorder: held lines: 0 from FinCom, 0 asked, 0 resolved, 1 still held (1 in the list)
2026-10-09 20:28:46  Recorder: held lines: 0 from FinCom, 0 asked, 0 resolved, 1 still held (1 in the list)
2026-10-09 20:28:46  Recorder: held lines: 0 from FinCom, 0 asked, 0 resolved, 1 still held (1 in the list)
2026-10-09 20:28:46  Recorder: held lines: 0 from FinCom, 0 asked, 0 resolved, 1 still held (1 in the list)
2026-10-09 20:28:47  Recorder: held lines: 0 from FinCom, 0 asked, 0 resolved, 1 still held (1 in the list)
2026-10-09 20:28:47  Recorder: held lines: 0 from FinCom, 0 asked, 0 resolved, 1 still held (1 in the list)
2026-10-09 20:28:47  Recorder: held lines: 0 from FinCom, 0 asked, 0 resolved, 1 still held (1 in the list)
2026-10-09 20:28:47  Recorder: held lines: 0 from FinCom, 0 asked, 0 resolved, 1 still held (1 in the list)
2026-10-09 20:28:48  Recorder: held lines: 0 from FinCom, 0 asked, 0 resolved, 1 still held (1 in the list)
2026-10-09 20:28:48  Recorder: held lines: 0 from FinCom, 0 asked, 0 resolved, 1 still held (1 in the list)
2026-10-09 20:28:48  Recorder: held lines: 0 from FinCom, 0 asked, 0 resolved, 1 still held (1 in the list)
2026-10-09 20:28:48  Recorder: held lines: 0 from FinCom, 0 asked, 0 resolved, 1 still held (1 in the list)
2026-10-09 20:28:49  Recorder: held lines: 0 from FinCom, 0 asked, 0 resolved, 1 still held (1 in the list)
2026-10-09 20:28:49  Recorder: held lines: 0 from FinCom, 0 asked, 0 resolved, 1 still held (1 in the list)
2026-10-09 20:28:49  Recorder: held lines: 0 from FinCom, 0 asked, 0 resolved, 1 still held (1 in the list)
2026-10-09 20:28:49  Recorder: held lines: 0 from FinCom, 0 asked, 0 resolved, 1 still held (1 in the list)
2026-10-09 20:28:50  Recorder: held lines: 0 from FinCom, 0 asked, 0 resolved, 1 still held (1 in the list)
2026-10-09 20:28:50  Recorder: held lines: 0 from FinCom, 0 asked, 0 resolved, 1 still held (1 in the list)
2026-10-09 20:28:50  Recorder: held lines: 0 from FinCom, 0 asked, 0 resolved, 1 still held (1 in the list)
2026-10-09 20:28:51  Recorder: held lines: 0 from FinCom, 0 asked, 0 resolved, 1 still held (1 in the list)
2026-10-09 20:28:51  Recorder: held lines: 0 from FinCom, 0 asked, 0 resolved, 1 still held (1 in the list)
2026-10-09 20:28:51  Recorder: held lines: 0 from FinCom, 0 asked, 0 resolved, 1 still held (1 in the list)
2026-10-09 20:28:51  Recorder: held lines: 0 from FinCom, 0 asked, 0 resolved, 1 still held (1 in the list)
2026-10-09 20:28:52  Recorder: held lines: 0 from FinCom, 0 asked, 0 resolved, 1 still held (1 in the list)
2026-10-09 20:28:52  Recorder: held lines: 0 from FinCom, 0 asked, 0 resolved, 1 still held (1 in the list)
2026-10-09 20:28:52  Recorder: held lines: 0 from FinCom, 0 asked, 0 resolved, 1 still held (1 in the list)
2026-10-09 20:28:52  Recorder: held lines: 0 from FinCom, 0 asked, 0 resolved, 1 still held (1 in the list)
2026-10-09 20:28:53  Recorder: held lines: 0 from FinCom, 0 asked, 0 resolved, 1 still held (1 in the list)
2026-10-09 20:28:53  Recorder: held lines: 0 from FinCom, 0 asked, 0 resolved, 1 still held (1 in the list)
2026-10-09 20:28:53  Recorder: held lines: 0 from FinCom, 0 asked, 0 resolved, 1 still held (1 in the list)
2026-10-09 20:28:53  Recorder: held lines: 0 from FinCom, 0 asked, 0 resolved, 1 still held (1 in the list)
2026-10-09 20:28:54  Recorder: held lines: 0 from FinCom, 0 asked, 0 resolved, 1 still held (1 in the list)
2026-10-09 20:28:54  Recorder: held lines: 0 from FinCom, 0 asked, 0 resolved, 1 still held (1 in the list)
2026-10-09 20:28:54  Recorder: held lines: 0 from FinCom, 0 asked, 0 resolved, 1 still held (1 in the list)
2026-10-09 20:28:54  Recorder: held lines: 0 from FinCom, 0 asked, 0 resolved, 1 still held (1 in the list)
2026-10-09 20:28:55  Recorder: held lines: 0 from FinCom, 0 asked, 0 resolved, 1 still held (1 in the list)
2026-10-09 20:28:55  Recorder: held lines: 0 from FinCom, 0 asked, 0 resolved, 1 still held (1 in the list)
2026-10-09 20:28:55  Recorder: held lines: 0 from FinCom, 0 asked, 0 resolved, 1 still held (1 in the list)
2026-10-09 20:28:55  Recorder: held lines: 0 from FinCom, 0 asked, 0 resolved, 1 still held (1 in the list)
2026-10-09 20:28:56  Recorder: held lines: 0 from FinCom, 0 asked, 0 resolved, 1 still held (1 in the list)
2026-10-09 20:28:56  Recorder: held lines: 0 from FinCom, 0 asked, 0 resolved, 1 still held (1 in the list)
2026-10-09 20:28:56  Recorder: held lines: 0 from FinCom, 0 asked, 0 resolved, 1 still held (1 in the list)
2026-10-09 20:28:56  Recorder: held lines: 0 from FinCom, 0 asked, 0 resolved, 1 still held (1 in the list)
2026-10-09 20:28:57  Recorder: held lines: 0 from FinCom, 0 asked, 0 resolved, 1 still held (1 in the list)
2026-10-09 20:28:57  Recorder: held lines: 0 from FinCom, 0 asked, 0 resolved, 1 still held (1 in the list)
2026-10-09 20:28:57  Recorder: held lines: 0 from FinCom, 0 asked, 0 resolved, 1 still held (1 in the list)
2026-10-09 20:28:57  Recorder: held lines: 0 from FinCom, 0 asked, 0 resolved, 1 still held (1 in the list)
2026-10-09 20:28:58  Recorder: held lines: 0 from FinCom, 0 asked, 0 resolved, 1 still held (1 in the list)
2026-10-09 20:28:58  Recorder: held lines: 0 from FinCom, 0 asked, 0 resolved, 1 still held (1 in the list)
2026-10-09 20:28:58  Recorder: held lines: 0 from FinCom, 0 asked, 0 resolved, 1 still held (1 in the list)
2026-10-09 20:28:58  Recorder: held lines: 0 from FinCom, 0 asked, 0 resolved, 1 still held (1 in the list)
2026-10-09 20:28:59  Recorder: held lines: 0 from FinCom, 0 asked, 0 resolved, 1 still held (1 in the list)
2026-10-09 20:28:59  Recorder: held lines: 0 from FinCom, 0 asked, 0 resolved, 1 still held (1 in the list)
2026-10-09 20:28:59  Recorder: held lines: 0 from FinCom, 0 asked, 0 resolved, 1 still held (1 in the list)
2026-10-09 20:28:59  Recorder: held lines: 0 from FinCom, 0 asked, 0 resolved, 1 still held (1 in the list)
2026-10-09 20:29:00  Recorder: held lines: 0 from FinCom, 0 asked, 0 resolved, 1 still held (1 in the list)
2026-10-09 20:29:00  Recorder: held lines: 0 from FinCom, 0 asked, 0 resolved, 1 still held (1 in the list)
2026-10-09 20:29:00  Recorder: held lines: 0 from FinCom, 0 asked, 0 resolved, 1 still held (1 in the list)
2026-10-09 20:29:00  Recorder: held lines: 0 from FinCom, 0 asked, 0 resolved, 1 still held (1 in the list)
2026-10-09 20:29:01  Recorder: held lines: 0 from FinCom, 0 asked, 0 resolved, 1 still held (1 in the list)
2026-10-09 20:29:01  Recorder: held lines: 0 from FinCom, 0 asked, 0 resolved, 1 still held (1 in the list)
2026-10-09 20:29:01  Recorder: held lines: 0 from FinCom, 0 asked, 0 resolved, 1 still held (1 in the list)
2026-10-09 20:29:02  Recorder: held lines: 0 from FinCom, 0 asked, 0 resolved, 1 still held (1 in the list)
2026-10-09 20:29:02  Recorder: held lines: 0 from FinCom, 0 asked, 0 resolved, 1 still held (1 in the list)
2026-10-09 20:29:02  Recorder: held lines: 0 from FinCom, 0 asked, 0 resolved, 1 still held (1 in the list)
2026-10-09 20:29:02  Recorder: held lines: 0 from FinCom, 0 asked, 0 resolved, 1 still held (1 in the list)
2026-10-09 20:29:03  Recorder: held lines: 0 from FinCom, 0 asked, 0 resolved, 1 still held (1 in the list)
2026-10-09 20:29:03  Recorder: held lines: 0 from FinCom, 0 asked, 0 resolved, 1 still held (1 in the list)
2026-10-09 20:29:03  Recorder: held lines: 0 from FinCom, 0 asked, 0 resolved, 1 still held (1 in the list)
2026-10-09 20:29:03  Recorder: held lines: 0 from FinCom, 0 asked, 0 resolved, 1 still held (1 in the list)
2026-10-09 20:29:04  Recorder: held lines: 0 from FinCom, 0 asked, 0 resolved, 1 still held (1 in the list)
2026-10-09 20:29:04  Recorder: held lines: 0 from FinCom, 0 asked, 0 resolved, 1 still held (1 in the list)
2026-10-09 20:29:04  Recorder: held lines: 0 from FinCom, 0 asked, 0 resolved, 1 still held (1 in the list)
2026-10-09 20:29:04  Recorder: held lines: 0 from FinCom, 0 asked, 0 resolved, 1 still held (1 in the list)
2026-10-09 20:29:05  Recorder: held lines: 0 from FinCom, 0 asked, 0 resolved, 1 still held (1 in the list)
2026-10-09 20:29:05  Recorder: held lines: 0 from FinCom, 0 asked, 0 resolved, 1 still held (1 in the list)
2026-10-09 20:29:05  Recorder: held lines: 0 from FinCom, 0 asked, 0 resolved, 1 still held (1 in the list)
2026-10-09 20:29:05  Recorder: held lines: 0 from FinCom, 0 asked, 0 resolved, 1 still held (1 in the list)
2026-10-09 20:29:06  Recorder: held lines: 0 from FinCom, 0 asked, 0 resolved, 1 still held (1 in the list)
2026-10-09 20:29:06  Recorder: held lines: 0 from FinCom, 0 asked, 0 resolved, 1 still held (1 in the list)
2026-10-09 20:29:06  Recorder: held lines: 0 from FinCom, 0 asked, 0 resolved, 1 still held (1 in the list)
2026-10-09 20:29:06  Recorder: held lines: 0 from FinCom, 0 asked, 0 resolved, 1 still held (1 in the list)
2026-10-09 20:29:07  Recorder: held lines: 0 from FinCom, 0 asked, 0 resolved, 1 still held (1 in the list)
2026-10-09 20:29:07  Recorder: held lines: 0 from FinCom, 0 asked, 0 resolved, 1 still held (1 in the list)
2026-10-09 20:29:07  Recorder: held lines: 0 from FinCom, 0 asked, 0 resolved, 1 still held (1 in the list)
2026-10-09 20:29:07  Recorder: held lines: 0 from FinCom, 0 asked, 0 resolved, 1 still held (1 in the list)
2026-10-09 20:29:08  Recorder: held lines: 0 from FinCom, 0 asked, 0 resolved, 1 still held (1 in the list)
2026-10-09 20:29:08  Recorder: held lines: 0 from FinCom, 0 asked, 0 resolved, 1 still held (1 in the list)
2026-10-09 20:29:08  Recorder: held lines: 0 from FinCom, 0 asked, 0 resolved, 1 still held (1 in the list)
2026-10-09 20:29:08  Recorder: held lines: 0 from FinCom, 0 asked, 0 resolved, 1 still held (1 in the list)
2026-10-09 20:29:09  Recorder: held lines: 0 from FinCom, 0 asked, 0 resolved, 1 still held (1 in the list)
2026-10-09 20:29:09  Recorder: held lines: 0 from FinCom, 0 asked, 0 resolved, 1 still held (1 in the list)
2026-10-09 20:29:09  Recorder: held lines: 0 from FinCom, 0 asked, 0 resolved, 1 still held (1 in the list)
2026-10-09 20:29:09  Recorder: held lines: 0 from FinCom, 0 asked, 0 resolved, 1 still held (1 in the list)
2026-10-09 20:29:10  Recorder: held lines: 0 from FinCom, 0 asked, 0 resolved, 1 still held (1 in the list)
2026-10-09 20:29:10  Recorder: held lines: 0 from FinCom, 0 asked, 0 resolved, 1 still held (1 in the list)
2026-10-09 20:29:10  Recorder: held lines: 0 from FinCom, 0 asked, 0 resolved, 1 still held (1 in the list)
2026-10-09 20:29:10  Recorder: held lines: 0 from FinCom, 0 asked, 0 resolved, 1 still held (1 in the list)
2026-10-09 20:29:11  Recorder: held lines: 0 from FinCom, 0 asked, 0 resolved, 1 still held (1 in the list)
2026-10-09 20:29:11  Recorder: held lines: 0 from FinCom, 0 asked, 0 resolved, 1 still held (1 in the list)
2026-10-09 20:29:11  Recorder: held lines: 0 from FinCom, 0 asked, 0 resolved, 1 still held (1 in the list)
2026-10-09 20:29:11  Recorder: held lines: 0 from FinCom, 0 asked, 0 resolved, 1 still held (1 in the list)
2026-10-09 20:29:12  Recorder: held lines: 0 from FinCom, 0 asked, 0 resolved, 1 still held (1 in the list)
2026-10-09 20:29:12  Recorder: held lines: 0 from FinCom, 0 asked, 0 resolved, 1 still held (1 in the list)
2026-10-09 20:29:12  Recorder: held lines: 0 from FinCom, 0 asked, 0 resolved, 1 still held (1 in the list)
2026-10-09 20:29:12  Recorder: held lines: 0 from FinCom, 0 asked, 0 resolved, 1 still held (1 in the list)
2026-10-09 20:29:13  Recorder: held lines: 0 from FinCom, 0 asked, 0 resolved, 1 still held (1 in the list)
2026-10-09 20:29:13  Recorder: held lines: 0 from FinCom, 0 asked, 0 resolved, 1 still held (1 in the list)
2026-10-09 20:29:13  Recorder: held lines: 0 from FinCom, 0 asked, 0 resolved, 1 still held (1 in the list)
2026-10-09 20:29:13  Recorder: held lines: 0 from FinCom, 0 asked, 0 resolved, 1 still held (1 in the list)
2026-10-09 20:29:14  Recorder: held lines: 0 from FinCom, 0 asked, 0 resolved, 1 still held (1 in the list)
2026-10-09 20:29:14  Recorder: held lines: 0 from FinCom, 0 asked, 0 resolved, 1 still held (1 in the list)
2026-10-09 20:29:14  Recorder: held lines: 0 from FinCom, 0 asked, 0 resolved, 1 still held (1 in the list)
2026-10-09 20:29:15  Recorder: held lines: 0 from FinCom, 0 asked, 0 resolved, 1 still held (1 in the list)
2026-10-09 20:29:15  Recorder: held lines: 0 from FinCom, 0 asked, 0 resolved, 1 still held (1 in the list)
2026-10-09 20:29:15  Recorder: held lines: 0 from FinCom, 0 asked, 0 resolved, 1 still held (1 in the list)
2026-10-09 20:29:15  Recorder: held lines: 0 from FinCom, 0 asked, 0 resolved, 1 still held (1 in the list)
2026-10-09 20:29:16  Recorder: held lines: 0 from FinCom, 0 asked, 0 resolved, 1 still held (1 in the list)
2026-10-09 20:29:16  Recorder: held lines: 0 from FinCom, 0 asked, 0 resolved, 1 still held (1 in the list)
2026-10-09 20:29:16  Recorder: held lines: 0 from FinCom, 0 asked, 0 resolved, 1 still held (1 in the list)
2026-10-09 20:29:16  Recorder: held lines: 0 from FinCom, 0 asked, 0 resolved, 1 still held (1 in the list)
2026-10-09 20:29:17  Recorder: held lines: 0 from FinCom, 0 asked, 0 resolved, 1 still held (1 in the list)
2026-10-09 20:29:17  Recorder: held lines: 0 from FinCom, 0 asked, 0 resolved, 1 still held (1 in the list)
2026-10-09 20:29:17  Recorder: held lines: 0 from FinCom, 0 asked, 0 resolved, 1 still held (1 in the list)
2026-10-09 20:29:17  Recorder: held lines: 0 from FinCom, 0 asked, 0 resolved, 1 still held (1 in the list)
2026-10-09 20:29:18  Recorder: held lines: 0 from FinCom, 0 asked, 0 resolved, 1 still held (1 in the list)
2026-10-09 20:29:18  Recorder: held lines: 0 from FinCom, 0 asked, 0 resolved, 1 still held (1 in the list)
2026-10-09 20:29:18  Recorder: held lines: 0 from FinCom, 0 asked, 0 resolved, 1 still held (1 in the list)
2026-10-09 20:29:18  Recorder: held lines: 0 from FinCom, 0 asked, 0 resolved, 1 still held (1 in the list)
2026-10-09 20:29:19  Recorder: held lines: 0 from FinCom, 0 asked, 0 resolved, 1 still held (1 in the list)
2026-10-09 20:29:19  Recorder: held lines: 0 from FinCom, 0 asked, 0 resolved, 1 still held (1 in the list)
2026-10-09 20:29:19  Recorder: held lines: 0 from FinCom, 0 asked, 0 resolved, 1 still held (1 in the list)
2026-10-09 20:29:19  Recorder: held lines: 0 from FinCom, 0 asked, 0 resolved, 1 still held (1 in the list)
2026-10-09 20:29:20  Recorder: held lines: 0 from FinCom, 0 asked, 0 resolved, 1 still held (1 in the list)
2026-10-09 20:29:20  Recorder: held lines: 0 from FinCom, 0 asked, 0 resolved, 1 still held (1 in the list)
2026-10-09 20:29:20  Recorder: held lines: 0 from FinCom, 0 asked, 0 resolved, 1 still held (1 in the list)
2026-10-09 20:29:20  Recorder: held lines: 0 from FinCom, 0 asked, 0 resolved, 1 still held (1 in the list)
2026-10-09 20:29:21  Recorder: Receipt 1 of 31-Oct-2026 (MasterID 3, line 21eb200d…): asking Tally by MasterID
2026-10-09 20:29:21  Recorder: Receipt 1 of 31-Oct-2026 (MasterID 3, line 21eb200d…): held at once: waiting: reading from Tally is stopped from FinCom; asked again when it is resumed (sent now without its body; FinCom shows it held, and this bridge asks Tally again)
2026-10-09 20:29:21  Recorder: Receipt 1 of 31-Oct-2026 (MasterID 3, line 21eb200d…): asking Tally again (a held line, ask 1 of 2: one request; if it stops or fails the line ends with the Day Book words)
2026-10-09 20:29:21  Recorder: Receipt 1 of 31-Oct-2026 (MasterID 3, line 21eb200d…): not asked this time: Reading from Tally is stopped on this computer from FinCom (Stopped by the owner from FinCom (harness s1), 2026-10-09 20:27:57); nothing was sent to Tally. Post; asked when reading is resumed (not counted as a try)
2026-10-09 20:29:21  Recorder: held lines: 0 from FinCom, 0 asked, 0 resolved, 2 still held (2 in the list)
2026-10-09 20:29:21  Recorder: held lines: 0 from FinCom, 0 asked, 0 resolved, 2 still held (2 in the list)
2026-10-09 20:29:21  Recorder: held lines: 0 from FinCom, 0 asked, 0 resolved, 2 still held (2 in the list)
2026-10-09 20:29:21  Recorder: held lines: 0 from FinCom, 0 asked, 0 resolved, 2 still held (2 in the list)
2026-10-09 20:29:21  Recorder: held lines: 0 from FinCom, 0 asked, 0 resolved, 2 still held (2 in the list)
2026-10-09 20:29:22  Recorder: held lines: 0 from FinCom, 0 asked, 0 resolved, 2 still held (2 in the list)
2026-10-09 20:29:22  Recorder: held lines: 0 from FinCom, 0 asked, 0 resolved, 2 still held (2 in the list)
2026-10-09 20:29:22  Recorder: held lines: 0 from FinCom, 0 asked, 0 resolved, 2 still held (2 in the list)
2026-10-09 20:29:22  Recorder: held lines: 0 from FinCom, 0 asked, 0 resolved, 2 still held (2 in the list)
2026-10-09 20:29:23  Recorder: held lines: 0 from FinCom, 0 asked, 0 resolved, 2 still held (2 in the list)
2026-10-09 20:29:23  Recorder: held lines: 0 from FinCom, 0 asked, 0 resolved, 2 still held (2 in the list)
2026-10-09 20:29:23  Recorder: held lines: 0 from FinCom, 0 asked, 0 resolved, 2 still held (2 in the list)
2026-10-09 20:29:23  Recorder: held lines: 0 from FinCom, 0 asked, 0 resolved, 2 still held (2 in the list)
2026-10-09 20:29:24  Recorder: held lines: 0 from FinCom, 0 asked, 0 resolved, 2 still held (2 in the list)
2026-10-09 20:29:24  Recorder: held lines: 0 from FinCom, 0 asked, 0 resolved, 2 still held (2 in the list)
2026-10-09 20:29:24  Recorder: held lines: 0 from FinCom, 0 asked, 0 resolved, 2 still held (2 in the list)
2026-10-09 20:29:24  Recorder: held lines: 0 from FinCom, 0 asked, 0 resolved, 2 still held (2 in the list)
2026-10-09 20:29:25  Recorder: held lines: 0 from FinCom, 0 asked, 0 resolved, 2 still held (2 in the list)
2026-10-09 20:29:25  Recorder: held lines: 0 from FinCom, 0 asked, 0 resolved, 2 still held (2 in the list)
2026-10-09 20:29:25  Recorder: held lines: 0 from FinCom, 0 asked, 0 resolved, 2 still held (2 in the list)
2026-10-09 20:29:25  Recorder: held lines: 0 from FinCom, 0 asked, 0 resolved, 2 still held (2 in the list)
2026-10-09 20:29:26  Recorder: held lines: 0 from FinCom, 0 asked, 0 resolved, 2 still held (2 in the list)
2026-10-09 20:29:26  Recorder: held lines: 0 from FinCom, 0 asked, 0 resolved, 2 still held (2 in the list)
2026-10-09 20:29:26  Recorder: held lines: 0 from FinCom, 0 asked, 0 resolved, 2 still held (2 in the list)
2026-10-09 20:29:26  Recorder: held lines: 0 from FinCom, 0 asked, 0 resolved, 2 still held (2 in the list)
2026-10-09 20:29:27  Recorder: held lines: 0 from FinCom, 0 asked, 0 resolved, 2 still held (2 in the list)
2026-10-09 20:29:27  Recorder: held lines: 0 from FinCom, 0 asked, 0 resolved, 2 still held (2 in the list)
2026-10-09 20:29:27  Recorder: held lines: 0 from FinCom, 0 asked, 0 resolved, 2 still held (2 in the list)
2026-10-09 20:29:27  Recorder: held lines: 0 from FinCom, 0 asked, 0 resolved, 2 still held (2 in the list)
2026-10-09 20:29:28  Recorder: held lines: 0 from FinCom, 0 asked, 0 resolved, 2 still held (2 in the list)
2026-10-09 20:29:28  Recorder: held lines: 0 from FinCom, 0 asked, 0 resolved, 2 still held (2 in the list)
2026-10-09 20:29:28  Recorder: held lines: 0 from FinCom, 0 asked, 0 resolved, 2 still held (2 in the list)
2026-10-09 20:29:28  Recorder: held lines: 0 from FinCom, 0 asked, 0 resolved, 2 still held (2 in the list)
2026-10-09 20:29:29  Recorder: held lines: 0 from FinCom, 0 asked, 0 resolved, 2 still held (2 in the list)
2026-10-09 20:29:29  Recorder: held lines: 0 from FinCom, 0 asked, 0 resolved, 2 still held (2 in the list)
2026-10-09 20:29:29  Recorder: held lines: 0 from FinCom, 0 asked, 0 resolved, 2 still held (2 in the list)
2026-10-09 20:29:29  Recorder: held lines: 0 from FinCom, 0 asked, 0 resolved, 2 still held (2 in the list)
2026-10-09 20:29:30  Recorder: held lines: 0 from FinCom, 0 asked, 0 resolved, 2 still held (2 in the list)
2026-10-09 20:29:30  Recorder: held lines: 0 from FinCom, 0 asked, 0 resolved, 2 still held (2 in the list)
2026-10-09 20:29:30  Recorder: held lines: 0 from FinCom, 0 asked, 0 resolved, 2 still held (2 in the list)
2026-10-09 20:29:30  Recorder: held lines: 0 from FinCom, 0 asked, 0 resolved, 2 still held (2 in the list)
2026-10-09 20:29:31  Recorder: held lines: 0 from FinCom, 0 asked, 0 resolved, 2 still held (2 in the list)
2026-10-09 20:29:31  Recorder: held lines: 0 from FinCom, 0 asked, 0 resolved, 2 still held (2 in the list)
2026-10-09 20:29:31  Recorder: held lines: 0 from FinCom, 0 asked, 0 resolved, 2 still held (2 in the list)
2026-10-09 20:29:32  Recorder: held lines: 0 from FinCom, 0 asked, 0 resolved, 2 still held (2 in the list)
2026-10-09 20:29:32  Recorder: held lines: 0 from FinCom, 0 asked, 0 resolved, 2 still held (2 in the list)
2026-10-09 20:29:32  Recorder: held lines: 0 from FinCom, 0 asked, 0 resolved, 2 still held (2 in the list)
2026-10-09 20:29:32  Recorder: held lines: 0 from FinCom, 0 asked, 0 resolved, 2 still held (2 in the list)
2026-10-09 20:29:33  Recorder: held lines: 0 from FinCom, 0 asked, 0 resolved, 2 still held (2 in the list)
2026-10-09 20:29:33  Recorder: held lines: 0 from FinCom, 0 asked, 0 resolved, 2 still held (2 in the list)
2026-10-09 20:29:33  Recorder: held lines: 0 from FinCom, 0 asked, 0 resolved, 2 still held (2 in the list)
2026-10-09 20:29:33  Recorder: held lines: 0 from FinCom, 0 asked, 0 resolved, 2 still held (2 in the list)
2026-10-09 20:29:34  Recorder: held lines: 0 from FinCom, 0 asked, 0 resolved, 2 still held (2 in the list)
2026-10-09 20:29:34  Recorder: held lines: 0 from FinCom, 0 asked, 0 resolved, 2 still held (2 in the list)
2026-10-09 20:29:34  Recorder: held lines: 0 from FinCom, 0 asked, 0 resolved, 2 still held (2 in the list)
2026-10-09 20:29:34  Recorder: held lines: 0 from FinCom, 0 asked, 0 resolved, 2 still held (2 in the list)
2026-10-09 20:29:35  Recorder: held lines: 0 from FinCom, 0 asked, 0 resolved, 2 still held (2 in the list)
2026-10-09 20:29:35  Recorder: held lines: 0 from FinCom, 0 asked, 0 resolved, 2 still held (2 in the list)
2026-10-09 20:29:35  Recorder: held lines: 0 from FinCom, 0 asked, 0 resolved, 2 still held (2 in the list)
2026-10-09 20:29:35  Recorder: held lines: 0 from FinCom, 0 asked, 0 resolved, 2 still held (2 in the list)
2026-10-09 20:29:36  Recorder: held lines: 0 from FinCom, 0 asked, 0 resolved, 2 still held (2 in the list)
2026-10-09 20:29:36  Recorder: held lines: 0 from FinCom, 0 asked, 0 resolved, 2 still held (2 in the list)
2026-10-09 20:29:36  Recorder: held lines: 0 from FinCom, 0 asked, 0 resolved, 2 still held (2 in the list)
2026-10-09 20:29:36  Recorder: held lines: 0 from FinCom, 0 asked, 0 resolved, 2 still held (2 in the list)
2026-10-09 20:29:37  Recorder: held lines: 0 from FinCom, 0 asked, 0 resolved, 2 still held (2 in the list)
2026-10-09 20:29:37  Recorder: held lines: 0 from FinCom, 0 asked, 0 resolved, 2 still held (2 in the list)
2026-10-09 20:29:37  Recorder: held lines: 0 from FinCom, 0 asked, 0 resolved, 2 still held (2 in the list)
2026-10-09 20:29:38  Recorder: held lines: 0 from FinCom, 0 asked, 0 resolved, 2 still held (2 in the list)
2026-10-09 20:29:38  Recorder: held lines: 0 from FinCom, 0 asked, 0 resolved, 2 still held (2 in the list)
2026-10-09 20:29:38  Recorder: held lines: 0 from FinCom, 0 asked, 0 resolved, 2 still held (2 in the list)
2026-10-09 20:29:38  Recorder: held lines: 0 from FinCom, 0 asked, 0 resolved, 2 still held (2 in the list)
2026-10-09 20:29:39  Recorder: held lines: 0 from FinCom, 0 asked, 0 resolved, 2 still held (2 in the list)
2026-10-09 20:29:39  Recorder: held lines: 0 from FinCom, 0 asked, 0 resolved, 2 still held (2 in the list)
2026-10-09 20:29:39  Recorder: held lines: 0 from FinCom, 0 asked, 0 resolved, 2 still held (2 in the list)
2026-10-09 20:29:39  Recorder: held lines: 0 from FinCom, 0 asked, 0 resolved, 2 still held (2 in the list)
2026-10-09 20:29:40  Recorder: held lines: 0 from FinCom, 0 asked, 0 resolved, 2 still held (2 in the list)
2026-10-09 20:29:40  Recorder: held lines: 0 from FinCom, 0 asked, 0 resolved, 2 still held (2 in the list)
2026-10-09 20:29:40  Recorder: held lines: 0 from FinCom, 0 asked, 0 resolved, 2 still held (2 in the list)
2026-10-09 20:29:40  Recorder: held lines: 0 from FinCom, 0 asked, 0 resolved, 2 still held (2 in the list)
2026-10-09 20:29:41  Recorder: held lines: 0 from FinCom, 0 asked, 0 resolved, 2 still held (2 in the list)
2026-10-09 20:29:41  Recorder: held lines: 0 from FinCom, 0 asked, 0 resolved, 2 still held (2 in the list)
2026-10-09 20:29:41  Recorder: held lines: 0 from FinCom, 0 asked, 0 resolved, 2 still held (2 in the list)
2026-10-09 20:29:41  Recorder: held lines: 0 from FinCom, 0 asked, 0 resolved, 2 still held (2 in the list)
2026-10-09 20:29:42  Recorder: held lines: 0 from FinCom, 0 asked, 0 resolved, 2 still held (2 in the list)
2026-10-09 20:29:42  Recorder: held lines: 0 from FinCom, 0 asked, 0 resolved, 2 still held (2 in the list)
2026-10-09 20:29:42  Recorder: held lines: 0 from FinCom, 0 asked, 0 resolved, 2 still held (2 in the list)
2026-10-09 20:29:42  Recorder: held lines: 0 from FinCom, 0 asked, 0 resolved, 2 still held (2 in the list)
2026-10-09 20:29:43  Recorder: held lines: 0 from FinCom, 0 asked, 0 resolved, 2 still held (2 in the list)
2026-10-09 20:29:43  Recorder: held lines: 0 from FinCom, 0 asked, 0 resolved, 2 still held (2 in the list)
2026-10-09 20:29:43  Recorder: held lines: 0 from FinCom, 0 asked, 0 resolved, 2 still held (2 in the list)
2026-10-09 20:29:43  Recorder: held lines: 0 from FinCom, 0 asked, 0 resolved, 2 still held (2 in the list)
2026-10-09 20:29:44  Recorder: held lines: 0 from FinCom, 0 asked, 0 resolved, 2 still held (2 in the list)
2026-10-09 20:29:44  Recorder: held lines: 0 from FinCom, 0 asked, 0 resolved, 2 still held (2 in the list)
2026-10-09 20:29:44  Recorder: held lines: 0 from FinCom, 0 asked, 0 resolved, 2 still held (2 in the list)
2026-10-09 20:29:44  Recorder: held lines: 0 from FinCom, 0 asked, 0 resolved, 2 still held (2 in the list)
2026-10-09 20:29:45  Recorder: held lines: 0 from FinCom, 0 asked, 0 resolved, 2 still held (2 in the list)
2026-10-09 20:29:45  Recorder: held lines: 0 from FinCom, 0 asked, 0 resolved, 2 still held (2 in the list)
2026-10-09 20:29:45  Recorder: held lines: 0 from FinCom, 0 asked, 0 resolved, 2 still held (2 in the list)
2026-10-09 20:29:45  Recorder: held lines: 0 from FinCom, 0 asked, 0 resolved, 2 still held (2 in the list)
2026-10-09 20:29:46  Recorder: held lines: 0 from FinCom, 0 asked, 0 resolved, 2 still held (2 in the list)
2026-10-09 20:29:46  Recorder: held lines: 0 from FinCom, 0 asked, 0 resolved, 2 still held (2 in the list)
2026-10-09 20:29:46  Recorder: held lines: 0 from FinCom, 0 asked, 0 resolved, 2 still held (2 in the list)
2026-10-09 20:29:46  Recorder: held lines: 0 from FinCom, 0 asked, 0 resolved, 2 still held (2 in the list)
2026-10-09 20:29:47  Recorder: held lines: 0 from FinCom, 0 asked, 0 resolved, 2 still held (2 in the list)
2026-10-09 20:29:47  Recorder: held lines: 0 from FinCom, 0 asked, 0 resolved, 2 still held (2 in the list)
2026-10-09 20:29:47  Recorder: held lines: 0 from FinCom, 0 asked, 0 resolved, 2 still held (2 in the list)
2026-10-09 20:29:47  Recorder: held lines: 0 from FinCom, 0 asked, 0 resolved, 2 still held (2 in the list)
2026-10-09 20:29:48  Recorder: held lines: 0 from FinCom, 0 asked, 0 resolved, 2 still held (2 in the list)
2026-10-09 20:29:48  Recorder: held lines: 0 from FinCom, 0 asked, 0 resolved, 2 still held (2 in the list)
2026-10-09 20:29:48  Recorder: held lines: 0 from FinCom, 0 asked, 0 resolved, 2 still held (2 in the list)
2026-10-09 20:29:48  Recorder: held lines: 0 from FinCom, 0 asked, 0 resolved, 2 still held (2 in the list)
2026-10-09 20:29:49  Recorder: held lines: 0 from FinCom, 0 asked, 0 resolved, 2 still held (2 in the list)
2026-10-09 20:29:49  Recorder: held lines: 0 from FinCom, 0 asked, 0 resolved, 2 still held (2 in the list)
2026-10-09 20:29:49  Recorder: held lines: 0 from FinCom, 0 asked, 0 resolved, 2 still held (2 in the list)
2026-10-09 20:29:49  Recorder: held lines: 0 from FinCom, 0 asked, 0 resolved, 2 still held (2 in the list)
2026-10-09 20:29:50  Recorder: held lines: 0 from FinCom, 0 asked, 0 resolved, 2 still held (2 in the list)
2026-10-09 20:29:50  Recorder: held lines: 0 from FinCom, 0 asked, 0 resolved, 2 still held (2 in the list)
2026-10-09 20:29:50  Recorder: held lines: 0 from FinCom, 0 asked, 0 resolved, 2 still held (2 in the list)
2026-10-09 20:29:50  Recorder: held lines: 0 from FinCom, 0 asked, 0 resolved, 2 still held (2 in the list)
2026-10-09 20:29:51  Recorder: held lines: 0 from FinCom, 0 asked, 0 resolved, 2 still held (2 in the list)
2026-10-09 20:29:51  Recorder: held lines: 0 from FinCom, 0 asked, 0 resolved, 2 still held (2 in the list)
2026-10-09 20:29:51  Recorder: held lines: 0 from FinCom, 0 asked, 0 resolved, 2 still held (2 in the list)
2026-10-09 20:29:51  Recorder: held lines: 0 from FinCom, 0 asked, 0 resolved, 2 still held (2 in the list)
2026-10-09 20:29:52  Recorder: held lines: 0 from FinCom, 0 asked, 0 resolved, 2 still held (2 in the list)
2026-10-09 20:29:52  Recorder: held lines: 0 from FinCom, 0 asked, 0 resolved, 2 still held (2 in the list)
2026-10-09 20:29:52  Recorder: held lines: 0 from FinCom, 0 asked, 0 resolved, 2 still held (2 in the list)
2026-10-09 20:29:52  Recorder: Receipt 2 of 01-Nov-2026 (MasterID 4, line 3bc99a23…): asking Tally by MasterID
2026-10-09 20:29:52  Recorder: FinCom Spike Co: delete of mid 4: held: this computer's Tally could not be asked whether it was deleted here (waiting: reading from Tally is stopped from FinCom; asked again when it is resumed); not sent as a delete: held
2026-10-09 20:29:52  Recorder: held lines: 0 from FinCom, 0 asked, 0 resolved, 3 still held (3 in the list)
2026-10-09 20:29:52  Renumbering: deleted Receipt 2 of 01-Nov-2026 in FinCom Spike Co: FinCom holds 0 later Receipt entries; each is read again from Tally to see whether Tally renumbered it
2026-10-09 20:29:52  Recorder: held lines: 0 from FinCom, 0 asked, 0 resolved, 3 still held (3 in the list)
2026-10-09 20:29:53  Recorder: held lines: 0 from FinCom, 0 asked, 0 resolved, 3 still held (3 in the list)
2026-10-09 20:29:53  Recorder: held lines: 0 from FinCom, 0 asked, 0 resolved, 3 still held (3 in the list)
2026-10-09 20:29:53  Recorder: held lines: 0 from FinCom, 0 asked, 0 resolved, 3 still held (3 in the list)
2026-10-09 20:29:54  Recorder: held lines: 0 from FinCom, 0 asked, 0 resolved, 3 still held (3 in the list)
2026-10-09 20:29:54  Recorder: held lines: 0 from FinCom, 0 asked, 0 resolved, 3 still held (3 in the list)
2026-10-09 20:29:54  Recorder: held lines: 0 from FinCom, 0 asked, 0 resolved, 3 still held (3 in the list)
2026-10-09 20:29:54  Recorder: held lines: 0 from FinCom, 0 asked, 0 resolved, 3 still held (3 in the list)
2026-10-09 20:29:55  Recorder: held lines: 0 from FinCom, 0 asked, 0 resolved, 3 still held (3 in the list)
2026-10-09 20:29:55  Recorder: held lines: 0 from FinCom, 0 asked, 0 resolved, 3 still held (3 in the list)
2026-10-09 20:29:55  Recorder: held lines: 0 from FinCom, 0 asked, 0 resolved, 3 still held (3 in the list)
2026-10-09 20:29:55  Recorder: held lines: 0 from FinCom, 0 asked, 0 resolved, 3 still held (3 in the list)
2026-10-09 20:29:56  Recorder: held lines: 0 from FinCom, 0 asked, 0 resolved, 3 still held (3 in the list)
2026-10-09 20:29:56  Recorder: held lines: 0 from FinCom, 0 asked, 0 resolved, 3 still held (3 in the list)
2026-10-09 20:29:56  Recorder: held lines: 0 from FinCom, 0 asked, 0 resolved, 3 still held (3 in the list)
2026-10-09 20:29:56  Recorder: held lines: 0 from FinCom, 0 asked, 0 resolved, 3 still held (3 in the list)
2026-10-09 20:29:57  Recorder: held lines: 0 from FinCom, 0 asked, 0 resolved, 3 still held (3 in the list)
2026-10-09 20:29:57  Recorder: held lines: 0 from FinCom, 0 asked, 0 resolved, 3 still held (3 in the list)
2026-10-09 20:29:57  Recorder: held lines: 0 from FinCom, 0 asked, 0 resolved, 3 still held (3 in the list)
2026-10-09 20:29:57  Recorder: held lines: 0 from FinCom, 0 asked, 0 resolved, 3 still held (3 in the list)
2026-10-09 20:29:58  Recorder: held lines: 0 from FinCom, 0 asked, 0 resolved, 3 still held (3 in the list)
2026-10-09 20:29:58  Recorder: held lines: 0 from FinCom, 0 asked, 0 resolved, 3 still held (3 in the list)
2026-10-09 20:29:58  Recorder: held lines: 0 from FinCom, 0 asked, 0 resolved, 3 still held (3 in the list)
2026-10-09 20:29:58  Recorder: held lines: 0 from FinCom, 0 asked, 0 resolved, 3 still held (3 in the list)
2026-10-09 20:29:59  Recorder: held lines: 0 from FinCom, 0 asked, 0 resolved, 3 still held (3 in the list)
2026-10-09 20:29:59  Recorder: held lines: 0 from FinCom, 0 asked, 0 resolved, 3 still held (3 in the list)
2026-10-09 20:29:59  Recorder: held lines: 0 from FinCom, 0 asked, 0 resolved, 3 still held (3 in the list)
2026-10-09 20:29:59  Recorder: held lines: 0 from FinCom, 0 asked, 0 resolved, 3 still held (3 in the list)
2026-10-09 20:30:00  Recorder: held lines: 0 from FinCom, 0 asked, 0 resolved, 3 still held (3 in the list)
2026-10-09 20:30:00  Recorder: held lines: 0 from FinCom, 0 asked, 0 resolved, 3 still held (3 in the list)
2026-10-09 20:30:00  Recorder: held lines: 0 from FinCom, 0 asked, 0 resolved, 3 still held (3 in the list)
2026-10-09 20:30:00  Recorder: held lines: 0 from FinCom, 0 asked, 0 resolved, 3 still held (3 in the list)
2026-10-09 20:30:01  Recorder: held lines: 0 from FinCom, 0 asked, 0 resolved, 3 still held (3 in the list)
2026-10-09 20:30:01  Recorder: held lines: 0 from FinCom, 0 asked, 0 resolved, 3 still held (3 in the list)
2026-10-09 20:30:01  Recorder: held lines: 0 from FinCom, 0 asked, 0 resolved, 3 still held (3 in the list)
2026-10-09 20:30:01  Recorder: held lines: 0 from FinCom, 0 asked, 0 resolved, 3 still held (3 in the list)
2026-10-09 20:30:02  Recorder: held lines: 0 from FinCom, 0 asked, 0 resolved, 3 still held (3 in the list)
2026-10-09 20:30:02  Recorder: held lines: 0 from FinCom, 0 asked, 0 resolved, 3 still held (3 in the list)
2026-10-09 20:30:02  Recorder: held lines: 0 from FinCom, 0 asked, 0 resolved, 3 still held (3 in the list)
2026-10-09 20:30:03  Recorder: held lines: 0 from FinCom, 0 asked, 0 resolved, 3 still held (3 in the list)
2026-10-09 20:30:03  Recorder: held lines: 0 from FinCom, 0 asked, 0 resolved, 3 still held (3 in the list)
2026-10-09 20:30:03  Recorder: held lines: 0 from FinCom, 0 asked, 0 resolved, 3 still held (3 in the list)
2026-10-09 20:30:03  Recorder: held lines: 0 from FinCom, 0 asked, 0 resolved, 3 still held (3 in the list)
2026-10-09 20:30:04  Recorder: held lines: 0 from FinCom, 0 asked, 0 resolved, 3 still held (3 in the list)
2026-10-09 20:30:04  Recorder: held lines: 0 from FinCom, 0 asked, 0 resolved, 3 still held (3 in the list)
2026-10-09 20:30:04  Recorder: held lines: 0 from FinCom, 0 asked, 0 resolved, 3 still held (3 in the list)
2026-10-09 20:30:04  Recorder: held lines: 0 from FinCom, 0 asked, 0 resolved, 3 still held (3 in the list)
2026-10-09 20:30:05  Recorder: held lines: 0 from FinCom, 0 asked, 0 resolved, 3 still held (3 in the list)
2026-10-09 20:30:05  Recorder: held lines: 0 from FinCom, 0 asked, 0 resolved, 3 still held (3 in the list)
2026-10-09 20:30:05  Recorder: held lines: 0 from FinCom, 0 asked, 0 resolved, 3 still held (3 in the list)
2026-10-09 20:30:05  Recorder: held lines: 0 from FinCom, 0 asked, 0 resolved, 3 still held (3 in the list)
2026-10-09 20:30:06  Recorder: held lines: 0 from FinCom, 0 asked, 0 resolved, 3 still held (3 in the list)
2026-10-09 20:30:06  Reading from Tally resumed from FinCom (it was stopped: Stopped by the owner from FinCom (harness s1))
2026-10-09 20:30:06  Recorder: entry fetch of FinCom Spike Co: answered in 28 ms
2026-10-09 20:30:06  Recorder: Receipt 1 of 31-Oct-2026 (MasterID 3, line 21eb200d…): taken: Tally's GUID f84413f0-e7ee-4ccc-b254-c8febf728d4b-00000003, AlterID 7
2026-10-09 20:30:06  Recorder: Receipt 1 of 20261031 in FinCom Spike Co resolved: sent as altered with its GUID f84413f0-e7ee-4ccc-b254-c8febf728d4b-00000003 and body
2026-10-09 20:30:07  Recorder: entry fetch of FinCom Spike Co: answered in 19 ms
2026-10-09 20:30:07  Recorder: Receipt 4 of 02-Oct-2026 (MasterID 6, line e616761a…): taken: Tally's GUID f84413f0-e7ee-4ccc-b254-c8febf728d4b-00000006, AlterID 6
2026-10-09 20:30:07  Recorder: Receipt 4 of 20261002 in FinCom Spike Co resolved: sent as created with its GUID f84413f0-e7ee-4ccc-b254-c8febf728d4b-00000006 and body
2026-10-09 20:30:07  Recorder: Receipt 2 of 01-Nov-2026 (MasterID 4, line 3bc99a23…): asking Tally again (a held line, ask 1 of 1: one request; if it stops or fails the line ends with the Day Book words)
2026-10-09 20:30:07  Recorder: entry fetch of FinCom Spike Co: answered in 15 ms
2026-10-09 20:30:07  Recorder: entry fetch of FinCom Spike Co: answered in 14 ms
2026-10-09 20:30:07  Recorder: FinCom Spike Co: delete of mid 4: not in this Tally (asked by MasterID): proven deleted here
2026-10-09 20:30:07  Recorder: Receipt 2 of 01-Nov-2026 (MasterID 4, line 3bc99a23…): proven in this Tally now: the delete goes as 3bc99a23c222f10dff7ec75299f1bd2b:resolved
2026-10-09 20:30:07  Recorder: held lines: 0 from FinCom, 3 asked, 3 resolved, 0 still held (3 in the list)
2026-10-09 20:30:07  Recorder: FinCom Spike Co: delete of mid 4: GUID from the bridge's record: f84413f0-e7ee-4ccc-b254-c8febf728d4b-00000004; the GUID its MasterID makes agrees
2026-10-09 20:30:07  Renumbering: made Receipt 4 of 02-Oct-2026 in FinCom Spike Co: FinCom holds 0 later Receipt entries; each is read again from Tally to see whether Tally renumbered it
2026-10-09 20:30:21  Reading from Tally stopped on this computer from FinCom: Stopped by the owner from FinCom (harness s3). Postings still go; reading starts again only from FinCom
2026-10-09 20:30:50  Recorder: Receipt 3 of 02-Nov-2026 (MasterID 5, line 29dd4dea…): asking Tally by MasterID
2026-10-09 20:30:50  Recorder: FinCom Spike Co: delete of mid 5: held: this computer's Tally could not be asked whether it was deleted here (waiting: reading from Tally is stopped from FinCom; asked again when it is resumed); not sent as a delete: held
2026-10-09 20:30:50  Recorder: Receipt 3 of 02-Nov-2026 (MasterID 5, line 29dd4dea…): asking Tally again (a held line, ask 1 of 1: one request; if it stops or fails the line ends with the Day Book words)
2026-10-09 20:30:50  Recorder: Receipt 3 of 02-Nov-2026 (MasterID 5, line 29dd4dea…): not asked this time: Reading from Tally is stopped on this computer from FinCom (Stopped by the owner from FinCom (harness s3), 2026-10-09 20:30:19); nothing was sent to Tally. Post; asked when reading is resumed (not counted as a try)
2026-10-09 20:30:50  Recorder: held lines: 0 from FinCom, 0 asked, 0 resolved, 1 still held (1 in the list)
2026-10-09 20:30:50  Renumbering: deleted Receipt 3 of 02-Nov-2026 in FinCom Spike Co: FinCom holds 0 later Receipt entries; each is read again from Tally to see whether Tally renumbered it
2026-10-09 20:30:50  Recorder: held lines: 0 from FinCom, 0 asked, 0 resolved, 1 still held (1 in the list)
2026-10-09 20:30:50  Recorder: held lines: 0 from FinCom, 0 asked, 0 resolved, 1 still held (1 in the list)
2026-10-09 20:30:50  Recorder: held lines: 0 from FinCom, 0 asked, 0 resolved, 1 still held (1 in the list)
2026-10-09 20:30:51  Recorder: held lines: 0 from FinCom, 0 asked, 0 resolved, 1 still held (1 in the list)
2026-10-09 20:30:51  Recorder: held lines: 0 from FinCom, 0 asked, 0 resolved, 1 still held (1 in the list)
2026-10-09 20:30:51  Recorder: held lines: 0 from FinCom, 0 asked, 0 resolved, 1 still held (1 in the list)
2026-10-09 20:30:51  Recorder: held lines: 0 from FinCom, 0 asked, 0 resolved, 1 still held (1 in the list)
2026-10-09 20:30:52  Recorder: held lines: 0 from FinCom, 0 asked, 0 resolved, 1 still held (1 in the list)
2026-10-09 20:30:52  Recorder: held lines: 0 from FinCom, 0 asked, 0 resolved, 1 still held (1 in the list)
2026-10-09 20:30:52  Recorder: held lines: 0 from FinCom, 0 asked, 0 resolved, 1 still held (1 in the list)
2026-10-09 20:30:52  Recorder: held lines: 0 from FinCom, 0 asked, 0 resolved, 1 still held (1 in the list)
2026-10-09 20:30:53  Recorder: held lines: 0 from FinCom, 0 asked, 0 resolved, 1 still held (1 in the list)
2026-10-09 20:30:53  Recorder: held lines: 0 from FinCom, 0 asked, 0 resolved, 1 still held (1 in the list)
2026-10-09 20:30:53  Recorder: held lines: 0 from FinCom, 0 asked, 0 resolved, 1 still held (1 in the list)
2026-10-09 20:30:53  Recorder: held lines: 0 from FinCom, 0 asked, 0 resolved, 1 still held (1 in the list)
2026-10-09 20:30:54  Recorder: held lines: 0 from FinCom, 0 asked, 0 resolved, 1 still held (1 in the list)
2026-10-09 20:30:54  Recorder: held lines: 0 from FinCom, 0 asked, 0 resolved, 1 still held (1 in the list)
2026-10-09 20:30:54  Recorder: held lines: 0 from FinCom, 0 asked, 0 resolved, 1 still held (1 in the list)
2026-10-09 20:30:54  Recorder: held lines: 0 from FinCom, 0 asked, 0 resolved, 1 still held (1 in the list)
2026-10-09 20:30:55  Recorder: held lines: 0 from FinCom, 0 asked, 0 resolved, 1 still held (1 in the list)
2026-10-09 20:30:55  Recorder: held lines: 0 from FinCom, 0 asked, 0 resolved, 1 still held (1 in the list)
2026-10-09 20:30:55  Recorder: held lines: 0 from FinCom, 0 asked, 0 resolved, 1 still held (1 in the list)
2026-10-09 20:30:56  Recorder: held lines: 0 from FinCom, 0 asked, 0 resolved, 1 still held (1 in the list)
2026-10-09 20:30:56  Recorder: held lines: 0 from FinCom, 0 asked, 0 resolved, 1 still held (1 in the list)
2026-10-09 20:30:56  Recorder: held lines: 0 from FinCom, 0 asked, 0 resolved, 1 still held (1 in the list)
2026-10-09 20:30:56  Recorder: held lines: 0 from FinCom, 0 asked, 0 resolved, 1 still held (1 in the list)
2026-10-09 20:30:57  Recorder: held lines: 0 from FinCom, 0 asked, 0 resolved, 1 still held (1 in the list)
2026-10-09 20:30:57  Recorder: held lines: 0 from FinCom, 0 asked, 0 resolved, 1 still held (1 in the list)
2026-10-09 20:30:57  Recorder: held lines: 0 from FinCom, 0 asked, 0 resolved, 1 still held (1 in the list)
2026-10-09 20:30:57  Recorder: held lines: 0 from FinCom, 0 asked, 0 resolved, 1 still held (1 in the list)
2026-10-09 20:30:58  Recorder: held lines: 0 from FinCom, 0 asked, 0 resolved, 1 still held (1 in the list)
2026-10-09 20:30:58  Recorder: held lines: 0 from FinCom, 0 asked, 0 resolved, 1 still held (1 in the list)
2026-10-09 20:30:58  Recorder: held lines: 0 from FinCom, 0 asked, 0 resolved, 1 still held (1 in the list)
2026-10-09 20:30:58  Restarting: asked from the tray icon
2026-10-09 20:31:00  FinCom Bridge 2.4.1 (Go) started on 127.0.0.1:9100: the only bridge on this computer; working for runnervmfi6oq\runneradmin, Windows session 2; runs just for this Windows user (starts at sign-in, no service)
2026-10-09 20:31:00  Tally is open on port 9000; the bridge reads it only after an event (a client opened in FinCom, Update now, a posting, the nightly catch-up at 19:00)
2026-10-09 20:31:00  Recorder: Receipt 3 of 02-Nov-2026 (MasterID 5, line 29dd4dea…): asking Tally again (a held line, ask 1 of 1: one request; if it stops or fails the line ends with the Day Book words)
2026-10-09 20:31:00  Recorder: Receipt 3 of 02-Nov-2026 (MasterID 5, line 29dd4dea…): not asked this time: Reading from Tally is stopped on this computer from FinCom (Stopped by the owner from FinCom (harness s3), 2026-10-09 20:30:19); nothing was sent to Tally. Post; asked when reading is resumed (not counted as a try)
2026-10-09 20:31:00  Recorder: held lines: 0 from FinCom, 0 asked, 0 resolved, 1 still held (1 in the list)
2026-10-09 20:31:00  Check:  - 
2026-10-09 20:31:00  Recorder: held lines: 0 from FinCom, 0 asked, 0 resolved, 1 still held (1 in the list)
2026-10-09 20:31:00  Recorder: held lines: 0 from FinCom, 0 asked, 0 resolved, 1 still held (1 in the list)
2026-10-09 20:31:00  Recorder: held lines: 0 from FinCom, 0 asked, 0 resolved, 1 still held (1 in the list)
2026-10-09 20:31:01  Recorder: held lines: 0 from FinCom, 0 asked, 0 resolved, 1 still held (1 in the list)
2026-10-09 20:31:01  Recorder: held lines: 0 from FinCom, 0 asked, 0 resolved, 1 still held (1 in the list)
2026-10-09 20:31:01  Recorder: held lines: 0 from FinCom, 0 asked, 0 resolved, 1 still held (1 in the list)
2026-10-09 20:31:01  Recorder: held lines: 0 from FinCom, 0 asked, 0 resolved, 1 still held (1 in the list)
2026-10-09 20:31:02  Recorder: held lines: 0 from FinCom, 0 asked, 0 resolved, 1 still held (1 in the list)
2026-10-09 20:31:02  Recorder: held lines: 0 from FinCom, 0 asked, 0 resolved, 1 still held (1 in the list)
2026-10-09 20:31:02  Recorder: held lines: 0 from FinCom, 0 asked, 0 resolved, 1 still held (1 in the list)
2026-10-09 20:31:02  Recorder: held lines: 0 from FinCom, 0 asked, 0 resolved, 1 still held (1 in the list)
2026-10-09 20:31:03  Light check of FinCom Spike Co: skipped: reading is stopped from FinCom (Stopped by the owner from FinCom (harness s3))
2026-10-09 20:31:03  Trial tools switched on for this computer in FinCom: the tray shows the trial items
2026-10-09 20:31:03  Recorder: held lines: 0 from FinCom, 0 asked, 0 resolved, 1 still held (1 in the list)
2026-10-09 20:31:03  Recorder: held lines: 0 from FinCom, 0 asked, 0 resolved, 1 still held (1 in the list)
2026-10-09 20:31:03  Recorder: held lines: 0 from FinCom, 0 asked, 0 resolved, 1 still held (1 in the list)
2026-10-09 20:31:03  Recorder: held lines: 0 from FinCom, 0 asked, 0 resolved, 1 still held (1 in the list)
2026-10-09 20:31:04  Recorder: held lines: 0 from FinCom, 0 asked, 0 resolved, 1 still held (1 in the list)
2026-10-09 20:31:04  Recorder: held lines: 0 from FinCom, 0 asked, 0 resolved, 1 still held (1 in the list)
2026-10-09 20:31:04  Recorder: held lines: 0 from FinCom, 0 asked, 0 resolved, 1 still held (1 in the list)
2026-10-09 20:31:04  Recorder: held lines: 0 from FinCom, 0 asked, 0 resolved, 1 still held (1 in the list)
2026-10-09 20:31:05  Recorder: held lines: 0 from FinCom, 0 asked, 0 resolved, 1 still held (1 in the list)
2026-10-09 20:31:05  Recorder: held lines: 0 from FinCom, 0 asked, 0 resolved, 1 still held (1 in the list)
2026-10-09 20:31:05  Recorder: held lines: 0 from FinCom, 0 asked, 0 resolved, 1 still held (1 in the list)
2026-10-09 20:31:05  Recorder: held lines: 0 from FinCom, 0 asked, 0 resolved, 1 still held (1 in the list)
2026-10-09 20:31:06  Recorder: held lines: 0 from FinCom, 0 asked, 0 resolved, 1 still held (1 in the list)
2026-10-09 20:31:06  Recorder: held lines: 0 from FinCom, 0 asked, 0 resolved, 1 still held (1 in the list)
2026-10-09 20:31:06  Recorder: held lines: 0 from FinCom, 0 asked, 0 resolved, 1 still held (1 in the list)
2026-10-09 20:31:06  Recorder: held lines: 0 from FinCom, 0 asked, 0 resolved, 1 still held (1 in the list)
2026-10-09 20:31:07  Recorder: held lines: 0 from FinCom, 0 asked, 0 resolved, 1 still held (1 in the list)
2026-10-09 20:31:07  Recorder: held lines: 0 from FinCom, 0 asked, 0 resolved, 1 still held (1 in the list)
2026-10-09 20:31:07  Recorder: held lines: 0 from FinCom, 0 asked, 0 resolved, 1 still held (1 in the list)
2026-10-09 20:31:07  Recorder: held lines: 0 from FinCom, 0 asked, 0 resolved, 1 still held (1 in the list)
2026-10-09 20:31:08  Recorder: held lines: 0 from FinCom, 0 asked, 0 resolved, 1 still held (1 in the list)
2026-10-09 20:31:08  Recorder: held lines: 0 from FinCom, 0 asked, 0 resolved, 1 still held (1 in the list)
2026-10-09 20:31:08  Recorder: held lines: 0 from FinCom, 0 asked, 0 resolved, 1 still held (1 in the list)
2026-10-09 20:31:08  Recorder: held lines: 0 from FinCom, 0 asked, 0 resolved, 1 still held (1 in the list)
2026-10-09 20:31:09  Recorder: held lines: 0 from FinCom, 0 asked, 0 resolved, 1 still held (1 in the list)
2026-10-09 20:31:09  Recorder: held lines: 0 from FinCom, 0 asked, 0 resolved, 1 still held (1 in the list)
2026-10-09 20:31:09  Recorder: held lines: 0 from FinCom, 0 asked, 0 resolved, 1 still held (1 in the list)
2026-10-09 20:31:09  Recorder: held lines: 0 from FinCom, 0 asked, 0 resolved, 1 still held (1 in the list)
2026-10-09 20:31:10  Recorder: held lines: 0 from FinCom, 0 asked, 0 resolved, 1 still held (1 in the list)
2026-10-09 20:31:10  Recorder: held lines: 0 from FinCom, 0 asked, 0 resolved, 1 still held (1 in the list)
2026-10-09 20:31:10  Recorder: held lines: 0 from FinCom, 0 asked, 0 resolved, 1 still held (1 in the list)
2026-10-09 20:31:10  Recorder: held lines: 0 from FinCom, 0 asked, 0 resolved, 1 still held (1 in the list)
2026-10-09 20:31:11  Recorder: held lines: 0 from FinCom, 0 asked, 0 resolved, 1 still held (1 in the list)
2026-10-09 20:31:11  Recorder: held lines: 0 from FinCom, 0 asked, 0 resolved, 1 still held (1 in the list)
2026-10-09 20:31:11  Recorder: held lines: 0 from FinCom, 0 asked, 0 resolved, 1 still held (1 in the list)
2026-10-09 20:31:12  Recorder: held lines: 0 from FinCom, 0 asked, 0 resolved, 1 still held (1 in the list)
2026-10-09 20:31:12  Recorder: held lines: 0 from FinCom, 0 asked, 0 resolved, 1 still held (1 in the list)
2026-10-09 20:31:12  Recorder: held lines: 0 from FinCom, 0 asked, 0 resolved, 1 still held (1 in the list)
2026-10-09 20:31:12  Recorder: held lines: 0 from FinCom, 0 asked, 0 resolved, 1 still held (1 in the list)
2026-10-09 20:31:13  Recorder: held lines: 0 from FinCom, 0 asked, 0 resolved, 1 still held (1 in the list)
2026-10-09 20:31:13  Recorder: held lines: 0 from FinCom, 0 asked, 0 resolved, 1 still held (1 in the list)
2026-10-09 20:31:13  Recorder: held lines: 0 from FinCom, 0 asked, 0 resolved, 1 still held (1 in the list)
2026-10-09 20:31:13  Recorder: held lines: 0 from FinCom, 0 asked, 0 resolved, 1 still held (1 in the list)
2026-10-09 20:31:14  Recorder: held lines: 0 from FinCom, 0 asked, 0 resolved, 1 still held (1 in the list)
2026-10-09 20:31:14  Recorder: held lines: 0 from FinCom, 0 asked, 0 resolved, 1 still held (1 in the list)
2026-10-09 20:31:14  Recorder: held lines: 0 from FinCom, 0 asked, 0 resolved, 1 still held (1 in the list)
2026-10-09 20:31:14  Recorder: held lines: 0 from FinCom, 0 asked, 0 resolved, 1 still held (1 in the list)
2026-10-09 20:31:15  Recorder: held lines: 0 from FinCom, 0 asked, 0 resolved, 1 still held (1 in the list)
2026-10-09 20:31:15  Recorder: held lines: 0 from FinCom, 0 asked, 0 resolved, 1 still held (1 in the list)
2026-10-09 20:31:15  Recorder: held lines: 0 from FinCom, 0 asked, 0 resolved, 1 still held (1 in the list)
2026-10-09 20:31:15  Recorder: held lines: 0 from FinCom, 0 asked, 0 resolved, 1 still held (1 in the list)
2026-10-09 20:31:16  Recorder: held lines: 0 from FinCom, 0 asked, 0 resolved, 1 still held (1 in the list)
2026-10-09 20:31:16  Recorder: held lines: 0 from FinCom, 0 asked, 0 resolved, 1 still held (1 in the list)
2026-10-09 20:31:16  Recorder: held lines: 0 from FinCom, 0 asked, 0 resolved, 1 still held (1 in the list)
2026-10-09 20:31:16  Recorder: held lines: 0 from FinCom, 0 asked, 0 resolved, 1 still held (1 in the list)
2026-10-09 20:31:17  Recorder: held lines: 0 from FinCom, 0 asked, 0 resolved, 1 still held (1 in the list)
2026-10-09 20:31:17  Recorder: held lines: 0 from FinCom, 0 asked, 0 resolved, 1 still held (1 in the list)
2026-10-09 20:31:17  Recorder: held lines: 0 from FinCom, 0 asked, 0 resolved, 1 still held (1 in the list)
2026-10-09 20:31:17  Recorder: held lines: 0 from FinCom, 0 asked, 0 resolved, 1 still held (1 in the list)
2026-10-09 20:31:18  Recorder: held lines: 0 from FinCom, 0 asked, 0 resolved, 1 still held (1 in the list)
2026-10-09 20:31:18  Recorder: held lines: 0 from FinCom, 0 asked, 0 resolved, 1 still held (1 in the list)
2026-10-09 20:31:18  Recorder: held lines: 0 from FinCom, 0 asked, 0 resolved, 1 still held (1 in the list)
2026-10-09 20:31:18  Recorder: held lines: 0 from FinCom, 0 asked, 0 resolved, 1 still held (1 in the list)
2026-10-09 20:31:19  Recorder: held lines: 0 from FinCom, 0 asked, 0 resolved, 1 still held (1 in the list)
2026-10-09 20:31:19  Recorder: held lines: 0 from FinCom, 0 asked, 0 resolved, 1 still held (1 in the list)
2026-10-09 20:31:19  Recorder: held lines: 0 from FinCom, 0 asked, 0 resolved, 1 still held (1 in the list)
2026-10-09 20:31:19  Recorder: held lines: 0 from FinCom, 0 asked, 0 resolved, 1 still held (1 in the list)
2026-10-09 20:31:20  Recorder: held lines: 0 from FinCom, 0 asked, 0 resolved, 1 still held (1 in the list)
2026-10-09 20:31:20  Recorder: held lines: 0 from FinCom, 0 asked, 0 resolved, 1 still held (1 in the list)
2026-10-09 20:31:20  Recorder: held lines: 0 from FinCom, 0 asked, 0 resolved, 1 still held (1 in the list)
2026-10-09 20:31:21  Recorder: held lines: 0 from FinCom, 0 asked, 0 resolved, 1 still held (1 in the list)
2026-10-09 20:31:21  Recorder: held lines: 0 from FinCom, 0 asked, 0 resolved, 1 still held (1 in the list)
2026-10-09 20:31:21  Recorder: held lines: 0 from FinCom, 0 asked, 0 resolved, 1 still held (1 in the list)
2026-10-09 20:31:21  Recorder: held lines: 0 from FinCom, 0 asked, 0 resolved, 1 still held (1 in the list)
2026-10-09 20:31:22  Recorder: held lines: 0 from FinCom, 0 asked, 0 resolved, 1 still held (1 in the list)
2026-10-09 20:31:22  Recorder: held lines: 0 from FinCom, 0 asked, 0 resolved, 1 still held (1 in the list)
2026-10-09 20:31:22  Recorder: held lines: 0 from FinCom, 0 asked, 0 resolved, 1 still held (1 in the list)
2026-10-09 20:31:22  Recorder: held lines: 0 from FinCom, 0 asked, 0 resolved, 1 still held (1 in the list)
2026-10-09 20:31:23  Recorder: held lines: 0 from FinCom, 0 asked, 0 resolved, 1 still held (1 in the list)
2026-10-09 20:31:23  Recorder: held lines: 0 from FinCom, 0 asked, 0 resolved, 1 still held (1 in the list)
2026-10-09 20:31:23  Recorder: held lines: 0 from FinCom, 0 asked, 0 resolved, 1 still held (1 in the list)
2026-10-09 20:31:23  Recorder: held lines: 0 from FinCom, 0 asked, 0 resolved, 1 still held (1 in the list)
2026-10-09 20:31:24  Recorder: held lines: 0 from FinCom, 0 asked, 0 resolved, 1 still held (1 in the list)
2026-10-09 20:31:24  Recorder: held lines: 0 from FinCom, 0 asked, 0 resolved, 1 still held (1 in the list)
2026-10-09 20:31:24  Recorder: held lines: 0 from FinCom, 0 asked, 0 resolved, 1 still held (1 in the list)
2026-10-09 20:31:24  Recorder: held lines: 0 from FinCom, 0 asked, 0 resolved, 1 still held (1 in the list)
2026-10-09 20:31:25  Recorder: held lines: 0 from FinCom, 0 asked, 0 resolved, 1 still held (1 in the list)
2026-10-09 20:31:25  Recorder: held lines: 0 from FinCom, 0 asked, 0 resolved, 1 still held (1 in the list)
2026-10-09 20:31:25  Recorder: held lines: 0 from FinCom, 0 asked, 0 resolved, 1 still held (1 in the list)
2026-10-09 20:31:25  Recorder: held lines: 0 from FinCom, 0 asked, 0 resolved, 1 still held (1 in the list)
2026-10-09 20:31:26  Recorder: held lines: 0 from FinCom, 0 asked, 0 resolved, 1 still held (1 in the list)
2026-10-09 20:31:26  Recorder: held lines: 0 from FinCom, 0 asked, 0 resolved, 1 still held (1 in the list)
2026-10-09 20:31:26  Recorder: held lines: 0 from FinCom, 0 asked, 0 resolved, 1 still held (1 in the list)
2026-10-09 20:31:26  Recorder: held lines: 0 from FinCom, 0 asked, 0 resolved, 1 still held (1 in the list)
2026-10-09 20:31:27  Recorder: held lines: 0 from FinCom, 0 asked, 0 resolved, 1 still held (1 in the list)
2026-10-09 20:31:27  Recorder: held lines: 0 from FinCom, 0 asked, 0 resolved, 1 still held (1 in the list)
2026-10-09 20:31:27  Recorder: held lines: 0 from FinCom, 0 asked, 0 resolved, 1 still held (1 in the list)
2026-10-09 20:31:27  Recorder: held lines: 0 from FinCom, 0 asked, 0 resolved, 1 still held (1 in the list)
2026-10-09 20:31:28  Reading from Tally resumed from FinCom (it was stopped: Stopped by the owner from FinCom (harness s3))
2026-10-09 20:31:28  Recorder: entry fetch of FinCom Spike Co: answered in 15 ms
2026-10-09 20:31:28  Recorder: entry fetch of FinCom Spike Co: answered in 22 ms
2026-10-09 20:31:28  Recorder: FinCom Spike Co: delete of mid 5: not in this Tally (asked by MasterID): proven deleted here
2026-10-09 20:31:28  Recorder: Receipt 3 of 02-Nov-2026 (MasterID 5, line 29dd4dea…): proven in this Tally now: the delete goes as 29dd4dea9067433a2a09d3ca88473ba7:resolved
2026-10-09 20:31:29  Recorder: held lines: 0 from FinCom, 1 asked, 1 resolved, 0 still held (1 in the list)
2026-10-09 20:31:29  Recorder: FinCom Spike Co: delete of mid 5: GUID from the bridge's record: f84413f0-e7ee-4ccc-b254-c8febf728d4b-00000005; the GUID its MasterID makes agrees
2026-10-09 20:31:29  Renumbering: deleted Receipt 3 of 02-Nov-2026 in FinCom Spike Co: FinCom holds 0 later Receipt entries; each is read again from Tally to see whether Tally renumbered it
2026-10-09 20:31:33  Company FinCom Spike Co: change numbers read with form a: ALTVCHID=11, ALTMSTID=211
2026-10-09 20:31:33  Light check of FinCom Spike Co: unchanged starting point ALTVCHID=2; now ALTVCHID=11, ALTMSTID=211
2026-10-09 20:32:10  Recorder: Receipt 5 of 01-Dec-2026 (MasterID 9, line b720a342…): asking Tally by MasterID
2026-10-09 20:32:12  Tally 9000: Other took 2.2s and failed: Tally took longer than the recorder's limit; the bridge stopped waiting (2 s)
2026-10-09 20:32:12  Tally 9000 did not answer in time at 20:32:12 (FinComVoucherObject, try 1); trying again by itself at 20:32:27
2026-10-09 20:32:12  Recorder: entry fetch of FinCom Spike Co: over 2 s (stopped)
2026-10-09 20:32:12  Recorder: Receipt 5 of 01-Dec-2026 (MasterID 9, line b720a342…): held at once: waiting: Tally took longer than 2 s; FinCom asks once more at 20:37 (sent now without its body; FinCom shows it held, and this bridge asks Tally once more)
2026-10-09 20:32:30  Tally 9000 finished the request the bridge stopped waiting for (FinComVoucherObject) 18s after the stop; its answer is discarded and the next request goes now
2026-10-09 20:35:53  Notification shown: Tally not open (tally:d47ca5d986f61bed; not shown again for this problem)
2026-10-09 20:37:12  Recorder: Receipt 5 of 01-Dec-2026 (MasterID 9, line b720a342…): asking Tally again (a held line, ask 1 of 1: one request; if it stops or fails the line ends with the Day Book words)
2026-10-09 20:37:12  Recorder: Receipt 5 of 01-Dec-2026 (MasterID 9, line b720a342…): not asked this time: TallyPrime is not running in your Windows login, or does not accept connections (F1 Help > Settings > Connectivity: TallyPrime acts as Both). (not counted as a try)
2026-10-09 20:37:12  Recorder: held lines: 0 from FinCom, 1 asked, 0 resolved, 1 still held (1 in the list)
