[08:44:19] ---- c1 install and open the company (TallyPrime 7.1)
  INFO installed: C:\Program Files\TallyPrime\tally.exe; tally.exe 18405568 bytes, 2026-10-09, FileVersion 1.1.7.1, ProductVersion 1.1.7.1, ProductName TallyPrime
  INFO company folder made by flow.ps1: D:\a\_temp\TallyData\100000
[keys] 'a' -> Tally 'TallyPrime:9000'
[keys] 't' -> Tally 'TallyPrime:9000'
[shot] v-00-started (1024x768)
[companies] 6 ms: <ENVELOPE><HEADER><VERSION>1</VERSION><STATUS>1</STATUS></HEADER><BODY><DESC><CMPINFO><COMPANY>0</COMPANY><GROUP>0</GROUP><LEDGER>0</LEDGER><COSTCATEGORY>0</COSTCATEGORY><COSTCENTRE>0</COSTCENTRE><GODOWN>0</GODOWN><STOCKGROUP>0</STOCKGROUP><STOCKCATEGORY>0</STOCKCATEGORY><STOCKITEM>0</STOCKITEM><VOUCHERTYPE>0</VOUCHERTYPE><CURRENCY>0</CURRENCY><UNIT>0</UNIT><BUDGET>0</BUDGET><CLIENTRULE>0</CLIENTRULE><SERVERRULE>0</SERVERRULE><STATE>0</STATE><TDSRATE>0</TDSRATE><TAXCLASSIFICATION>0</TAXCLASSIFICATION><STCATEGORY>0</STCATEGORY><DEDUCTEETYPE>0</DEDUCTEETYPE><ATTENDANCETYPE>0</ATTENDANCETYPE><FBT...
[header] 5 ms: <ENVELOPE><HEADER><VERSION>1</VERSION><STATUS>1</STATUS><PRODMAJORVER>1</PRODMAJORVER><PRODMINORVER>1</PRODMINORVER><PRODMAJORREL>7</PRODMAJORREL><PRODMINORREL>1</PRODMINORREL><PRODTYPE>5</PRODTYPE></HEADER><BODY><DESC><CMPINFO><COMPANY>0</COMPANY><GROUP>0</GROUP><LEDGER>0</LEDGER><COSTCATEGORY>0</COSTCATEGORY><COSTCENTRE>0</COSTCENTRE><GODOWN>0</GODOWN><STOCKGROUP>0</STOCKGROUP><STOCKCATEGORY>0</STOCKCATEGORY><STOCKITEM>0</STOCKITEM><VOUCHERTYPE>0</VOUCHERTYPE><CURRENCY>0</CURRENCY><UNIT>0</UNIT><BUDGET>0</BUDGET><CLIENTRULE>0</CLIENTRULE><SERVERRULE>0</SERVERRULE><STATE>0</STATE><TDSRATE>0</...
  INFO Tally's own release in its answer header: PRODMAJORREL 7 PRODMINORREL 1 (PRODMAJORVER 1 PRODMINORVER 1 PRODTYPE 5)
######## PASS c1 install and open the company: installed tally.exe 18405568 bytes, 2026-10-09, FileVersion 1.1.7.1, ProductVersion 1.1.7.1, ProductName TallyPrime; company folder 100000 loaded at start: True; window 'TallyPrime:9000'
######## PASS c2 port and company list: port 9000 answered 11.1 s after start, GET 1016 ms ('<RESPONSE>TallyPrime Server is Running</RESPONSE>'); company list 6 ms, 'FinCom Spike Co' in it: True
[08:44:53] ---- the stub cloud and the bridge
[ledger Spike Income] 12 ms: <RESPONSE><CREATED>1</CREATED><ALTERED>0</ALTERED><DELETED>0</DELETED><LASTVCHID>0</LASTVCHID><LASTMID>0</LASTMID><COMBINED>0</COMBINED><IGNORED>0</IGNORED><ERRORS>0</ERRORS><CANCELLED>0</CANCELLED><EXCEPTIONS>0</EXCEPTIONS></RESPONSE>
[renum journal] 24 ms: <RESPONSE><CREATED>1</CREATED><ALTERED>0</ALTERED><DELETED>0</DELETED><LASTVCHID>2</LASTVCHID><LASTMID>0</LASTMID><COMBINED>0</COMBINED><IGNORED>0</IGNORED><ERRORS>0</ERRORS><CANCELLED>0</CANCELLED><EXCEPTIONS>0</EXCEPTIONS></RESPONSE>
  INFO setup origin: COMMITTED assets-test/bridge-go/FinComBridge-Setup-2.4.0.exe SHA-256 00ab8042dff1b1b508410632f832d20ee1169fcc71493f682af38a413ac416dc; bridge source: 3bf7b6d9e890defce82160799c09b6b960eede11 Bridge 2.4.0 built (one combined release from 2.3.3): setup SHA-256 00ab8042…16dc (program 7bc063e7…c2a9), release log row (2.3.3 superseded), notes and test sheet fingerprint and build time (09-Oct-2026 13:52 IST); 2.3.3 assets moved to bridge-go-old; not published
[08:44:57] ---- upg seed: ten Journals by XML, the sync folder as 2.3.3 left it on NWS144
[VAll] 2 vouchers: 1/1/Journal/20260401/spike TDSDesk:test-1, 2/2/Journal/20261001/renum before the bridge
[upg journal 1] 11 ms: <RESPONSE><LINEERROR>Voucher date is missing for: &apos;Journal&apos; voucher 1.  Verify the data, resolve errors (if any) and retry Split.</LINEERROR><CREATED>0</CREATED><ALTERED>0</ALTERED><DELETED>0</DELETED><LASTVCHID>0</LASTVCHID><LASTMID>0</LASTMID><COMBINED>0</COMBINED><IGNORED>0</IGNORED><ERRORS>0</ERRORS><CANCELLED>0</CANCELLED><EXCEPTIONS>1</EXCEPTIONS></RESPONSE>
  INFO upg journal 1: Tally answered <CREATED>0</CREATED> <ALTERED>0</ALTERED> <DELETED>0</DELETED> <LASTVCHID>0</LASTVCHID> <LASTMID>0</LASTMID> <COMBINED>0</COMBINED> <IGNORED>0</IGNORED> <ERRORS>0</ERRORS> Voucher date is missing for: &apos;Journal&apos; voucher 1.  Verify the data, resolve errors (if any) and retry Split.
[upg journal 2] 8 ms: <RESPONSE><LINEERROR>Voucher date is missing for: &apos;Journal&apos; voucher 1.  Verify the data, resolve errors (if any) and retry Split.</LINEERROR><CREATED>0</CREATED><ALTERED>0</ALTERED><DELETED>0</DELETED><LASTVCHID>0</LASTVCHID><LASTMID>0</LASTMID><COMBINED>0</COMBINED><IGNORED>0</IGNORED><ERRORS>0</ERRORS><CANCELLED>0</CANCELLED><EXCEPTIONS>1</EXCEPTIONS></RESPONSE>
  INFO upg journal 2: Tally answered <CREATED>0</CREATED> <ALTERED>0</ALTERED> <DELETED>0</DELETED> <LASTVCHID>0</LASTVCHID> <LASTMID>0</LASTMID> <COMBINED>0</COMBINED> <IGNORED>0</IGNORED> <ERRORS>0</ERRORS> Voucher date is missing for: &apos;Journal&apos; voucher 1.  Verify the data, resolve errors (if any) and retry Split.
[upg journal 3] 8 ms: <RESPONSE><LINEERROR>Voucher date is missing for: &apos;Journal&apos; voucher 1.  Verify the data, resolve errors (if any) and retry Split.</LINEERROR><CREATED>0</CREATED><ALTERED>0</ALTERED><DELETED>0</DELETED><LASTVCHID>0</LASTVCHID><LASTMID>0</LASTMID><COMBINED>0</COMBINED><IGNORED>0</IGNORED><ERRORS>0</ERRORS><CANCELLED>0</CANCELLED><EXCEPTIONS>1</EXCEPTIONS></RESPONSE>
  INFO upg journal 3: Tally answered <CREATED>0</CREATED> <ALTERED>0</ALTERED> <DELETED>0</DELETED> <LASTVCHID>0</LASTVCHID> <LASTMID>0</LASTMID> <COMBINED>0</COMBINED> <IGNORED>0</IGNORED> <ERRORS>0</ERRORS> Voucher date is missing for: &apos;Journal&apos; voucher 1.  Verify the data, resolve errors (if any) and retry Split.
[upg journal 4] 8 ms: <RESPONSE><LINEERROR>Voucher date is missing for: &apos;Journal&apos; voucher 1.  Verify the data, resolve errors (if any) and retry Split.</LINEERROR><CREATED>0</CREATED><ALTERED>0</ALTERED><DELETED>0</DELETED><LASTVCHID>0</LASTVCHID><LASTMID>0</LASTMID><COMBINED>0</COMBINED><IGNORED>0</IGNORED><ERRORS>0</ERRORS><CANCELLED>0</CANCELLED><EXCEPTIONS>1</EXCEPTIONS></RESPONSE>
  INFO upg journal 4: Tally answered <CREATED>0</CREATED> <ALTERED>0</ALTERED> <DELETED>0</DELETED> <LASTVCHID>0</LASTVCHID> <LASTMID>0</LASTMID> <COMBINED>0</COMBINED> <IGNORED>0</IGNORED> <ERRORS>0</ERRORS> Voucher date is missing for: &apos;Journal&apos; voucher 1.  Verify the data, resolve errors (if any) and retry Split.
[upg journal 5] 8 ms: <RESPONSE><LINEERROR>Voucher date is missing for: &apos;Journal&apos; voucher 1.  Verify the data, resolve errors (if any) and retry Split.</LINEERROR><CREATED>0</CREATED><ALTERED>0</ALTERED><DELETED>0</DELETED><LASTVCHID>0</LASTVCHID><LASTMID>0</LASTMID><COMBINED>0</COMBINED><IGNORED>0</IGNORED><ERRORS>0</ERRORS><CANCELLED>0</CANCELLED><EXCEPTIONS>1</EXCEPTIONS></RESPONSE>
  INFO upg journal 5: Tally answered <CREATED>0</CREATED> <ALTERED>0</ALTERED> <DELETED>0</DELETED> <LASTVCHID>0</LASTVCHID> <LASTMID>0</LASTMID> <COMBINED>0</COMBINED> <IGNORED>0</IGNORED> <ERRORS>0</ERRORS> Voucher date is missing for: &apos;Journal&apos; voucher 1.  Verify the data, resolve errors (if any) and retry Split.
[upg journal 6] 8 ms: <RESPONSE><LINEERROR>Voucher date is missing for: &apos;Journal&apos; voucher 1.  Verify the data, resolve errors (if any) and retry Split.</LINEERROR><CREATED>0</CREATED><ALTERED>0</ALTERED><DELETED>0</DELETED><LASTVCHID>0</LASTVCHID><LASTMID>0</LASTMID><COMBINED>0</COMBINED><IGNORED>0</IGNORED><ERRORS>0</ERRORS><CANCELLED>0</CANCELLED><EXCEPTIONS>1</EXCEPTIONS></RESPONSE>
  INFO upg journal 6: Tally answered <CREATED>0</CREATED> <ALTERED>0</ALTERED> <DELETED>0</DELETED> <LASTVCHID>0</LASTVCHID> <LASTMID>0</LASTMID> <COMBINED>0</COMBINED> <IGNORED>0</IGNORED> <ERRORS>0</ERRORS> Voucher date is missing for: &apos;Journal&apos; voucher 1.  Verify the data, resolve errors (if any) and retry Split.
[upg journal 7] 8 ms: <RESPONSE><LINEERROR>Voucher date is missing for: &apos;Journal&apos; voucher 1.  Verify the data, resolve errors (if any) and retry Split.</LINEERROR><CREATED>0</CREATED><ALTERED>0</ALTERED><DELETED>0</DELETED><LASTVCHID>0</LASTVCHID><LASTMID>0</LASTMID><COMBINED>0</COMBINED><IGNORED>0</IGNORED><ERRORS>0</ERRORS><CANCELLED>0</CANCELLED><EXCEPTIONS>1</EXCEPTIONS></RESPONSE>
  INFO upg journal 7: Tally answered <CREATED>0</CREATED> <ALTERED>0</ALTERED> <DELETED>0</DELETED> <LASTVCHID>0</LASTVCHID> <LASTMID>0</LASTMID> <COMBINED>0</COMBINED> <IGNORED>0</IGNORED> <ERRORS>0</ERRORS> Voucher date is missing for: &apos;Journal&apos; voucher 1.  Verify the data, resolve errors (if any) and retry Split.
[upg journal 8] 8 ms: <RESPONSE><LINEERROR>Voucher date is missing for: &apos;Journal&apos; voucher 1.  Verify the data, resolve errors (if any) and retry Split.</LINEERROR><CREATED>0</CREATED><ALTERED>0</ALTERED><DELETED>0</DELETED><LASTVCHID>0</LASTVCHID><LASTMID>0</LASTMID><COMBINED>0</COMBINED><IGNORED>0</IGNORED><ERRORS>0</ERRORS><CANCELLED>0</CANCELLED><EXCEPTIONS>1</EXCEPTIONS></RESPONSE>
  INFO upg journal 8: Tally answered <CREATED>0</CREATED> <ALTERED>0</ALTERED> <DELETED>0</DELETED> <LASTVCHID>0</LASTVCHID> <LASTMID>0</LASTMID> <COMBINED>0</COMBINED> <IGNORED>0</IGNORED> <ERRORS>0</ERRORS> Voucher date is missing for: &apos;Journal&apos; voucher 1.  Verify the data, resolve errors (if any) and retry Split.
[upg journal 9] 8 ms: <RESPONSE><LINEERROR>Voucher date is missing for: &apos;Journal&apos; voucher 1.  Verify the data, resolve errors (if any) and retry Split.</LINEERROR><CREATED>0</CREATED><ALTERED>0</ALTERED><DELETED>0</DELETED><LASTVCHID>0</LASTVCHID><LASTMID>0</LASTMID><COMBINED>0</COMBINED><IGNORED>0</IGNORED><ERRORS>0</ERRORS><CANCELLED>0</CANCELLED><EXCEPTIONS>1</EXCEPTIONS></RESPONSE>
  INFO upg journal 9: Tally answered <CREATED>0</CREATED> <ALTERED>0</ALTERED> <DELETED>0</DELETED> <LASTVCHID>0</LASTVCHID> <LASTMID>0</LASTMID> <COMBINED>0</COMBINED> <IGNORED>0</IGNORED> <ERRORS>0</ERRORS> Voucher date is missing for: &apos;Journal&apos; voucher 1.  Verify the data, resolve errors (if any) and retry Split.
[upg journal 10] 8 ms: <RESPONSE><LINEERROR>Voucher date is missing for: &apos;Journal&apos; voucher 1.  Verify the data, resolve errors (if any) and retry Split.</LINEERROR><CREATED>0</CREATED><ALTERED>0</ALTERED><DELETED>0</DELETED><LASTVCHID>0</LASTVCHID><LASTMID>0</LASTMID><COMBINED>0</COMBINED><IGNORED>0</IGNORED><ERRORS>0</ERRORS><CANCELLED>0</CANCELLED><EXCEPTIONS>1</EXCEPTIONS></RESPONSE>
  INFO upg journal 10: Tally answered <CREATED>0</CREATED> <ALTERED>0</ALTERED> <DELETED>0</DELETED> <LASTVCHID>0</LASTVCHID> <LASTMID>0</LASTMID> <COMBINED>0</COMBINED> <IGNORED>0</IGNORED> <ERRORS>0</ERRORS> Voucher date is missing for: &apos;Journal&apos; voucher 1.  Verify the data, resolve errors (if any) and retry Split.
[VAll] 2 vouchers: 1/1/Journal/20260401/spike TDSDesk:test-1, 2/2/Journal/20261001/renum before the bridge
[companies] 2 ms: <ENVELOPE><HEADER><VERSION>1</VERSION><STATUS>1</STATUS></HEADER><BODY><DESC><CMPINFO><COMPANY>0</COMPANY><GROUP>0</GROUP><LEDGER>24</LEDGER><COSTCATEGORY>0</COSTCATEGORY><COSTCENTRE>0</COSTCENTRE><GODOWN>0</GODOWN><STOCKGROUP>0</STOCKGROUP><STOCKCATEGORY>0</STOCKCATEGORY><STOCKITEM>0</STOCKITEM><VOUCHERTYPE>0</VOUCHERTYPE><CURRENCY>1</CURRENCY><UNIT>0</UNIT><BUDGET>0</BUDGET><CLIENTRULE>0</CLIENTRULE><SERVERRULE>0</SERVERRULE><STATE>0</STATE><TDSRATE>0</TDSRATE><TAXCLASSIFICATION>0</TAXCLASSIFICATION><STCATEGORY>0</STCATEGORY><DEDUCTEETYPE>0</DEDUCTEETYPE><ATTENDANCETYPE>0</ATTENDANCETYPE><FB...
  INFO upg: seeded 50 held lines (50 old: plain / 20 tries / final / refetch, MasterIDs 900001..900050; 10 of Tally's own Journals by XML, MasterIDs ) and 10 ids 2.3.3 ended, company GUID '2667e57b-6562-41f6-a822-2a1ed081d784'
[08:44:59] proxy 127.0.0.2:9000 -> Tally: True (HTTP 200, pid 8964)
bridge setup ended with 0
  INFO bridge on 127.0.0.1:9100, version 2.3.3, allowImport True, readOnly '', testMode False
  bridge log: 2026-10-09 08:45:11  FinCom Bridge 2.3.3: started just for runnervmfi6oq\runneradmin (no service); it keeps the bridge and its icon running
  bridge log: 2026-10-09 08:45:11  FinCom Bridge 2.3.3 (Go) started on 127.0.0.1:9100: the only bridge on this computer; working for runnervmfi6oq\runneradmin, Windows session 2; runs just for this Windows user (starts at sign-in, no service)
  bridge log: 2026-10-09 08:45:11  Tally is open on port 9000; the bridge reads it only after an event (a client opened in FinCom, Update now, a posting, the nightly catch-up at 02:00)
  bridge log: 2026-10-09 08:45:11  Recorder: Journal OLD-001 of 01-Oct-2026 (MasterID 900002, line upgold00…): held: Tally did not give this entry after 20 tries; upload that day's Day Book to settle it
  bridge log: 2026-10-09 08:45:11  Recorder: Journal OLD-006 of 01-Oct-2026 (MasterID 900007, line upgold00…): held: Tally did not give this entry after 20 tries; upload that day's Day Book to settle it
  bridge log: 2026-10-09 08:45:11  Recorder: Journal OLD-011 of 01-Oct-2026 (MasterID 900012, line upgold01…): held: Tally did not give this entry after 20 tries; upload that day's Day Book to settle it
  bridge log: 2026-10-09 08:45:11  Recorder: Journal OLD-016 of 01-Oct-2026 (MasterID 900017, line upgold01…): held: Tally did not give this entry after 20 tries; upload that day's Day Book to settle it
  bridge log: 2026-10-09 08:45:11  Recorder: Journal OLD-021 of 01-Oct-2026 (MasterID 900022, line upgold02…): held: Tally did not give this entry after 20 tries; upload that day's Day Book to settle it
  bridge log: 2026-10-09 08:45:11  Recorder: Journal OLD-026 of 01-Oct-2026 (MasterID 900027, line upgold02…): held: Tally did not give this entry after 20 tries; upload that day's Day Book to settle it
  bridge log: 2026-10-09 08:45:11  Recorder: Journal OLD-031 of 01-Oct-2026 (MasterID 900032, line upgold03…): held: Tally did not give this entry after 20 tries; upload that day's Day Book to settle it
  bridge log: 2026-10-09 08:45:11  Recorder: Journal OLD-036 of 01-Oct-2026 (MasterID 900037, line upgold03…): held: Tally did not give this entry after 20 tries; upload that day's Day Book to settle it
  bridge log: 2026-10-09 08:45:11  Recorder: Journal OLD-041 of 01-Oct-2026 (MasterID 900042, line upgold04…): held: Tally did not give this entry after 20 tries; upload that day's Day Book to settle it
  bridge log: 2026-10-09 08:45:11  Recorder: Journal OLD-046 of 01-Oct-2026 (MasterID 900047, line upgold04…): held: Tally did not give this entry after 20 tries; upload that day's Day Book to settle it
  bridge log: 2026-10-09 08:45:11  Recorder: re-scan of the add-on's files for 2.3.3: 0 line(s) sent earlier without their entry found (a new entry's line with no MasterID, a GUID of another entry, or read while the body fetch was off)
  bridge log: 2026-10-09 08:45:11  Check:  - 
  bridge log: 2026-10-09 08:45:14  Tray icon: set to show next to the clock always (Windows 11)
  bridge log: 2026-10-09 08:45:14  Trial tools switched on for this computer in FinCom: the tray shows the trial items
  bridge log: 2026-10-09 08:45:14  FinCom: this bridge is now the main bridge on this computer (set by the setup); it reads and posts
  bridge log: 2026-10-09 08:45:14  Company FinCom Spike Co: its Tally GUID 2667e57b-6562-41f6-a822-2a1ed081d784 is held from now on
  bridge log: 2026-10-09 08:45:14  Company FinCom Spike Co: its starting point is recorded: ALTVCHID=2, ALTMSTID=211 (reading is prospective only: the bridge follows what changes after this)
  bridge log: 2026-10-09 08:45:14  Company FinCom Spike Co: change numbers read with form a: ALTVCHID=2, ALTMSTID=211
  bridge log: 2026-10-09 08:45:14  Light check of FinCom Spike Co: starting point recorded (ALTVCHID=2, ALTMSTID=211)
  bridge log: 2026-10-09 08:45:14  Recorder: Journal OLD-021 of 01-Oct-2026 (MasterID 900022, line upgold02…): not asked this turn: 10 held lines asked already; asked in a later turn
  bridge log: 2026-10-09 08:45:14  Recorder: Journal OLD-023 of 01-Oct-2026 (MasterID 900024, line upgold02…): not asked this turn: 10 held lines asked already; asked in a later turn
  bridge log: 2026-10-09 08:45:14  Recorder: Journal OLD-024 of 01-Oct-2026 (MasterID 900025, line upgold02…): not asked this turn: 10 held lines asked already; asked in a later turn
  bridge log: 2026-10-09 08:45:14  Recorder: Journal OLD-025 of 01-Oct-2026 (MasterID 900026, line upgold02…): not asked this turn: 10 held lines asked already; asked in a later turn
  bridge log: 2026-10-09 08:45:14  Recorder: Journal OLD-026 of 01-Oct-2026 (MasterID 900027, line upgold02…): not asked this turn: 10 held lines asked already; asked in a later turn
  bridge log: 2026-10-09 08:45:14  Recorder: Journal OLD-028 of 01-Oct-2026 (MasterID 900029, line upgold02…): not asked this turn: 10 held lines asked already; asked in a later turn
  bridge log: 2026-10-09 08:45:14  Recorder: Journal OLD-029 of 01-Oct-2026 (MasterID 900030, line upgold02…): not asked this turn: 10 held lines asked already; asked in a later turn
  bridge log: 2026-10-09 08:45:14  Recorder: Journal OLD-030 of 01-Oct-2026 (MasterID 900031, line upgold03…): not asked this turn: 10 held lines asked already; asked in a later turn
  bridge log: 2026-10-09 08:45:14  Recorder: Journal OLD-031 of 01-Oct-2026 (MasterID 900032, line upgold03…): not asked this turn: 10 held lines asked already; asked in a later turn
  bridge log: 2026-10-09 08:45:14  Recorder: Journal OLD-033 of 01-Oct-2026 (MasterID 900034, line upgold03…): not asked this turn: 10 held lines asked already; asked in a later turn
  bridge log: 2026-10-09 08:45:14  Recorder: Journal OLD-034 of 01-Oct-2026 (MasterID 900035, line upgold03…): not asked this turn: 10 held lines asked already; asked in a later turn
  bridge log: 2026-10-09 08:45:14  Recorder: Journal OLD-035 of 01-Oct-2026 (MasterID 900036, line upgold03…): not asked this turn: 10 held lines asked already; asked in a later turn
  bridge log: 2026-10-09 08:45:14  Recorder: Journal OLD-036 of 01-Oct-2026 (MasterID 900037, line upgold03…): not asked this turn: 10 held lines asked already; asked in a later turn
  bridge log: 2026-10-09 08:45:14  Recorder: Journal OLD-038 of 01-Oct-2026 (MasterID 900039, line upgold03…): not asked this turn: 10 held lines asked already; asked in a later turn
  bridge log: 2026-10-09 08:45:14  Recorder: Journal OLD-039 of 01-Oct-2026 (MasterID 900040, line upgold03…): not asked this turn: 10 held lines asked already; asked in a later turn
  bridge log: 2026-10-09 08:45:14  Recorder: Journal OLD-040 of 01-Oct-2026 (MasterID 900041, line upgold04…): not asked this turn: 10 held lines asked already; asked in a later turn
  bridge log: 2026-10-09 08:45:14  Recorder: Journal OLD-041 of 01-Oct-2026 (MasterID 900042, line upgold04…): not asked this turn: 10 held lines asked already; asked in a later turn
  bridge log: 2026-10-09 08:45:14  Recorder: Journal OLD-043 of 01-Oct-2026 (MasterID 900044, line upgold04…): not asked this turn: 10 held lines asked already; asked in a later turn
  bridge log: 2026-10-09 08:45:14  Recorder: Journal OLD-044 of 01-Oct-2026 (MasterID 900045, line upgold04…): not asked this turn: 10 held lines asked already; asked in a later turn
  bridge log: 2026-10-09 08:45:14  Recorder: Journal OLD-045 of 01-Oct-2026 (MasterID 900046, line upgold04…): not asked this turn: 10 held lines asked already; asked in a later turn
  bridge log: 2026-10-09 08:45:14  Recorder: Journal OLD-046 of 01-Oct-2026 (MasterID 900047, line upgold04…): not asked this turn: 10 held lines asked already; asked in a later turn
  bridge log: 2026-10-09 08:45:14  Recorder: Journal OLD-048 of 01-Oct-2026 (MasterID 900049, line upgold04…): not asked this turn: 10 held lines asked already; asked in a later turn
  bridge log: 2026-10-09 08:45:14  Recorder: Journal OLD-049 of 01-Oct-2026 (MasterID 900050, line upgold04…): not asked this turn: 10 held lines asked already; asked in a later turn
  bridge log: 2026-10-09 08:45:14  Recorder: Journal OLD-000 of 01-Oct-2026 (MasterID 900001, line upgold00…): asking Tally again (a held line, ask 1 of 1: one request; if it stops or fails the line ends with the Day Book words)
  bridge log: 2026-10-09 08:45:14  Recorder: entry fetch of FinCom Spike Co: answered in 15 ms
  bridge log: 2026-10-09 08:45:14  Recorder: Journal OLD-000 of 01-Oct-2026 (MasterID 900001, line upgold00…): still held: Tally gave no voucher with MasterID 900001 on 01-Oct-2026
  bridge log: 2026-10-09 08:45:14  Recorder: Journal OLD-003 of 01-Oct-2026 (MasterID 900004, line upgold00…): asking Tally again (a held line, ask 1 of 1: one request; if it stops or fails the line ends with the Day Book words)
  bridge log: 2026-10-09 08:45:14  Recorder: entry fetch of FinCom Spike Co: answered in 23 ms
  bridge log: 2026-10-09 08:45:14  Recorder: Journal OLD-003 of 01-Oct-2026 (MasterID 900004, line upgold00…): still held: Tally gave no voucher with MasterID 900004 on 01-Oct-2026
  bridge log: 2026-10-09 08:45:14  Recorder: Journal OLD-004 of 01-Oct-2026 (MasterID 900005, line upgold00…): asking Tally again (a held line, ask 1 of 1: one request; if it stops or fails the line ends with the Day Book words)
  bridge log: 2026-10-09 08:45:15  Recorder: entry fetch of FinCom Spike Co: answered in 24 ms
  bridge log: 2026-10-09 08:45:15  Recorder: Journal OLD-004 of 01-Oct-2026 (MasterID 900005, line upgold00…): still held: Tally gave no voucher with MasterID 900005 on 01-Oct-2026
  bridge log: 2026-10-09 08:45:15  Recorder: Journal OLD-005 of 01-Oct-2026 (MasterID 900006, line upgold00…): asking Tally again (a held line, ask 1 of 1: one request; if it stops or fails the line ends with the Day Book words)
  bridge log: 2026-10-09 08:45:15  Recorder: entry fetch of FinCom Spike Co: answered in 30 ms
  bridge log: 2026-10-09 08:45:15  Recorder: Journal OLD-005 of 01-Oct-2026 (MasterID 900006, line upgold00…): still held: Tally gave no voucher with MasterID 900006 on 01-Oct-2026
  bridge log: 2026-10-09 08:45:15  Recorder: Journal OLD-009 of 01-Oct-2026 (MasterID 900010, line upgold00…): asking Tally again (a held line, ask 1 of 1: one request; if it stops or fails the line ends with the Day Book words)
  bridge log: 2026-10-09 08:45:15  Recorder: entry fetch of FinCom Spike Co: answered in 26 ms
  bridge log: 2026-10-09 08:45:15  Recorder: Journal OLD-009 of 01-Oct-2026 (MasterID 900010, line upgold00…): still held: Tally gave no voucher with MasterID 900010 on 01-Oct-2026
  bridge log: 2026-10-09 08:45:15  Recorder: Journal OLD-010 of 01-Oct-2026 (MasterID 900011, line upgold01…): asking Tally again (a held line, ask 1 of 1: one request; if it stops or fails the line ends with the Day Book words)
  bridge log: 2026-10-09 08:45:15  Recorder: Journal OLD-010 of 01-Oct-2026 (MasterID 900011, line upgold01…): still held: Tally gave no voucher with MasterID 900011 on 01-Oct-2026
  bridge log: 2026-10-09 08:45:15  Recorder: Journal OLD-014 of 01-Oct-2026 (MasterID 900015, line upgold01…): asking Tally again (a held line, ask 1 of 1: one request; if it stops or fails the line ends with the Day Book words)
  bridge log: 2026-10-09 08:45:15  Recorder: entry fetch of FinCom Spike Co: answered in 12 ms
  bridge log: 2026-10-09 08:45:15  Recorder: Journal OLD-014 of 01-Oct-2026 (MasterID 900015, line upgold01…): still held: Tally gave no voucher with MasterID 900015 on 01-Oct-2026
  bridge log: 2026-10-09 08:45:15  Recorder: Journal OLD-015 of 01-Oct-2026 (MasterID 900016, line upgold01…): asking Tally again (a held line, ask 1 of 1: one request; if it stops or fails the line ends with the Day Book words)
  bridge log: 2026-10-09 08:45:16  Recorder: entry fetch of FinCom Spike Co: answered in 25 ms
  bridge log: 2026-10-09 08:45:16  Recorder: Journal OLD-015 of 01-Oct-2026 (MasterID 900016, line upgold01…): still held: Tally gave no voucher with MasterID 900016 on 01-Oct-2026
  bridge log: 2026-10-09 08:45:16  Recorder: Journal OLD-019 of 01-Oct-2026 (MasterID 900020, line upgold01…): asking Tally again (a held line, ask 1 of 1: one request; if it stops or fails the line ends with the Day Book words)
  bridge log: 2026-10-09 08:45:16  Recorder: entry fetch of FinCom Spike Co: answered in 38 ms
  bridge log: 2026-10-09 08:45:16  Recorder: Journal OLD-019 of 01-Oct-2026 (MasterID 900020, line upgold01…): still held: Tally gave no voucher with MasterID 900020 on 01-Oct-2026
  bridge log: 2026-10-09 08:45:16  Recorder: Journal OLD-020 of 01-Oct-2026 (MasterID 900021, line upgold02…): asking Tally again (a held line, ask 1 of 1: one request; if it stops or fails the line ends with the Day Book words)
  bridge log: 2026-10-09 08:45:16  Recorder: entry fetch of FinCom Spike Co: answered in 36 ms
  bridge log: 2026-10-09 08:45:16  Recorder: Journal OLD-020 of 01-Oct-2026 (MasterID 900021, line upgold02…): still held: Tally gave no voucher with MasterID 900021 on 01-Oct-2026
  bridge log: 2026-10-09 08:45:16  Recorder: Journal OLD-000 of 01-Oct-2026 (MasterID 900001, line upgold00…): held: Tally did not give this entry when asked again; upload that day's Day Book to settle it (ended: not asked of Tally again)
  bridge log: 2026-10-09 08:45:16  Recorder: Journal OLD-003 of 01-Oct-2026 (MasterID 900004, line upgold00…): held: Tally did not give this entry when asked again; upload that day's Day Book to settle it (ended: not asked of Tally again)
  bridge log: 2026-10-09 08:45:16  Recorder: Journal OLD-004 of 01-Oct-2026 (MasterID 900005, line upgold00…): held: Tally did not give this entry when asked again; upload that day's Day Book to settle it (ended: not asked of Tally again)
  bridge log: 2026-10-09 08:45:16  Recorder: Journal OLD-005 of 01-Oct-2026 (MasterID 900006, line upgold00…): held: Tally did not give this entry when asked again; upload that day's Day Book to settle it (ended: not asked of Tally again)
  bridge log: 2026-10-09 08:45:16  Recorder: Journal OLD-009 of 01-Oct-2026 (MasterID 900010, line upgold00…): held: Tally did not give this entry when asked again; upload that day's Day Book to settle it (ended: not asked of Tally again)
  bridge log: 2026-10-09 08:45:16  Recorder: Journal OLD-010 of 01-Oct-2026 (MasterID 900011, line upgold01…): held: Tally did not give this entry when asked again; upload that day's Day Book to settle it (ended: not asked of Tally again)
  bridge log: 2026-10-09 08:45:16  Recorder: Journal OLD-014 of 01-Oct-2026 (MasterID 900015, line upgold01…): held: Tally did not give this entry when asked again; upload that day's Day Book to settle it (ended: not asked of Tally again)
  bridge log: 2026-10-09 08:45:16  Recorder: Journal OLD-015 of 01-Oct-2026 (MasterID 900016, line upgold01…): held: Tally did not give this entry when asked again; upload that day's Day Book to settle it (ended: not asked of Tally again)
  bridge log: 2026-10-09 08:45:16  Recorder: Journal OLD-019 of 01-Oct-2026 (MasterID 900020, line upgold01…): held: Tally did not give this entry when asked again; upload that day's Day Book to settle it (ended: not asked of Tally again)
  bridge log: 2026-10-09 08:45:16  Recorder: Journal OLD-020 of 01-Oct-2026 (MasterID 900021, line upgold02…): held: Tally did not give this entry when asked again; upload that day's Day Book to settle it (ended: not asked of Tally again)
  bridge log: 2026-10-09 08:45:16  Recorder: held lines: 0 from FinCom, 10 asked, 0 resolved, 50 still held (50 in the list)
  bridge log: 2026-10-09 08:45:16  Recorder: Journal OLD-008 of 01-Oct-2026 (MasterID 900009, line upgold00…): asking Tally again (a held line, ask 1 of 1: one request; if it stops or fails the line ends with the Day Book words)
  bridge log: 2026-10-09 08:45:16  Recorder: entry fetch of FinCom Spike Co: answered in 29 ms
  bridge log: 2026-10-09 08:45:16  Recorder: Journal OLD-008 of 01-Oct-2026 (MasterID 900009, line upgold00…): still held: Tally gave no voucher with MasterID 900009 on 01-Oct-2026
  bridge log: 2026-10-09 08:45:16  Recorder: Journal OLD-024 of 01-Oct-2026 (MasterID 900025, line upgold02…): asking Tally again (a held line, ask 1 of 1: one request; if it stops or fails the line ends with the Day Book words)
  bridge log: 2026-10-09 08:45:16  Recorder: Journal OLD-024 of 01-Oct-2026 (MasterID 900025, line upgold02…): still held: Tally gave no voucher with MasterID 900025 on 01-Oct-2026
  bridge log: 2026-10-09 08:45:16  Recorder: Journal OLD-025 of 01-Oct-2026 (MasterID 900026, line upgold02…): asking Tally again (a held line, ask 1 of 1: one request; if it stops or fails the line ends with the Day Book words)
  bridge log: 2026-10-09 08:45:17  Recorder: Journal OLD-025 of 01-Oct-2026 (MasterID 900026, line upgold02…): still held: Tally gave no voucher with MasterID 900026 on 01-Oct-2026
  bridge log: 2026-10-09 08:45:17  Recorder: Journal OLD-029 of 01-Oct-2026 (MasterID 900030, line upgold02…): asking Tally again (a held line, ask 1 of 1: one request; if it stops or fails the line ends with the Day Book words)
  bridge log: 2026-10-09 08:45:17  Recorder: entry fetch of FinCom Spike Co: answered in 32 ms
  bridge log: 2026-10-09 08:45:17  Recorder: Journal OLD-029 of 01-Oct-2026 (MasterID 900030, line upgold02…): still held: Tally gave no voucher with MasterID 900030 on 01-Oct-2026
  bridge log: 2026-10-09 08:45:17  Recorder: Journal OLD-030 of 01-Oct-2026 (MasterID 900031, line upgold03…): asking Tally again (a held line, ask 1 of 1: one request; if it stops or fails the line ends with the Day Book words)
  bridge log: 2026-10-09 08:45:17  Recorder: entry fetch of FinCom Spike Co: answered in 37 ms
  bridge log: 2026-10-09 08:45:17  Recorder: Journal OLD-030 of 01-Oct-2026 (MasterID 900031, line upgold03…): still held: Tally gave no voucher with MasterID 900031 on 01-Oct-2026
  bridge log: 2026-10-09 08:45:17  Recorder: Journal OLD-034 of 01-Oct-2026 (MasterID 900035, line upgold03…): asking Tally again (a held line, ask 1 of 1: one request; if it stops or fails the line ends with the Day Book words)
  bridge log: 2026-10-09 08:45:17  Recorder: entry fetch of FinCom Spike Co: answered in 21 ms
  bridge log: 2026-10-09 08:45:17  Recorder: Journal OLD-034 of 01-Oct-2026 (MasterID 900035, line upgold03…): still held: Tally gave no voucher with MasterID 900035 on 01-Oct-2026
  bridge log: 2026-10-09 08:45:17  Recorder: Journal OLD-035 of 01-Oct-2026 (MasterID 900036, line upgold03…): asking Tally again (a held line, ask 1 of 1: one request; if it stops or fails the line ends with the Day Book words)
  bridge log: 2026-10-09 08:45:17  Recorder: Journal OLD-035 of 01-Oct-2026 (MasterID 900036, line upgold03…): still held: Tally gave no voucher with MasterID 900036 on 01-Oct-2026
  bridge log: 2026-10-09 08:45:17  Recorder: Journal OLD-039 of 01-Oct-2026 (MasterID 900040, line upgold03…): asking Tally again (a held line, ask 1 of 1: one request; if it stops or fails the line ends with the Day Book words)
  bridge log: 2026-10-09 08:45:17  Recorder: entry fetch of FinCom Spike Co: answered in 22 ms
  bridge log: 2026-10-09 08:45:17  Recorder: Journal OLD-039 of 01-Oct-2026 (MasterID 900040, line upgold03…): still held: Tally gave no voucher with MasterID 900040 on 01-Oct-2026
  bridge log: 2026-10-09 08:45:17  Recorder: Journal OLD-040 of 01-Oct-2026 (MasterID 900041, line upgold04…): asking Tally again (a held line, ask 1 of 1: one request; if it stops or fails the line ends with the Day Book words)
  bridge log: 2026-10-09 08:45:18  Recorder: Journal OLD-040 of 01-Oct-2026 (MasterID 900041, line upgold04…): still held: Tally gave no voucher with MasterID 900041 on 01-Oct-2026
  bridge log: 2026-10-09 08:45:18  Recorder: Journal OLD-044 of 01-Oct-2026 (MasterID 900045, line upgold04…): asking Tally again (a held line, ask 1 of 1: one request; if it stops or fails the line ends with the Day Book words)
  bridge log: 2026-10-09 08:45:18  Recorder: Journal OLD-044 of 01-Oct-2026 (MasterID 900045, line upgold04…): still held: Tally gave no voucher with MasterID 900045 on 01-Oct-2026
  bridge log: 2026-10-09 08:45:18  Recorder: Journal OLD-008 of 01-Oct-2026 (MasterID 900009, line upgold00…): held: Tally did not give this entry when asked again; upload that day's Day Book to settle it (ended: not asked of Tally again)
  bridge log: 2026-10-09 08:45:18  Recorder: Journal OLD-024 of 01-Oct-2026 (MasterID 900025, line upgold02…): held: Tally did not give this entry when asked again; upload that day's Day Book to settle it (ended: not asked of Tally again)
  bridge log: 2026-10-09 08:45:18  Recorder: Journal OLD-025 of 01-Oct-2026 (MasterID 900026, line upgold02…): held: Tally did not give this entry when asked again; upload that day's Day Book to settle it (ended: not asked of Tally again)
  bridge log: 2026-10-09 08:45:18  Recorder: Journal OLD-029 of 01-Oct-2026 (MasterID 900030, line upgold02…): held: Tally did not give this entry when asked again; upload that day's Day Book to settle it (ended: not asked of Tally again)
  bridge log: 2026-10-09 08:45:18  Recorder: Journal OLD-030 of 01-Oct-2026 (MasterID 900031, line upgold03…): held: Tally did not give this entry when asked again; upload that day's Day Book to settle it (ended: not asked of Tally again)
  bridge log: 2026-10-09 08:45:18  Recorder: Journal OLD-034 of 01-Oct-2026 (MasterID 900035, line upgold03…): held: Tally did not give this entry when asked again; upload that day's Day Book to settle it (ended: not asked of Tally again)
  bridge log: 2026-10-09 08:45:18  Recorder: Journal OLD-035 of 01-Oct-2026 (MasterID 900036, line upgold03…): held: Tally did not give this entry when asked again; upload that day's Day Book to settle it (ended: not asked of Tally again)
  bridge log: 2026-10-09 08:45:18  Recorder: Journal OLD-039 of 01-Oct-2026 (MasterID 900040, line upgold03…): held: Tally did not give this entry when asked again; upload that day's Day Book to settle it (ended: not asked of Tally again)
  bridge log: 2026-10-09 08:45:18  Recorder: Journal OLD-040 of 01-Oct-2026 (MasterID 900041, line upgold04…): held: Tally did not give this entry when asked again; upload that day's Day Book to settle it (ended: not asked of Tally again)
  bridge log: 2026-10-09 08:45:18  Recorder: Journal OLD-044 of 01-Oct-2026 (MasterID 900045, line upgold04…): held: Tally did not give this entry when asked again; upload that day's Day Book to settle it (ended: not asked of Tally again)
  bridge log: 2026-10-09 08:45:18  Recorder: held lines: 0 from FinCom, 10 asked, 0 resolved, 40 still held (40 in the list)
  bridge log: 2026-10-09 08:45:18  Recorder: Journal OLD-013 of 01-Oct-2026 (MasterID 900014, line upgold01…): asking Tally again (a held line, ask 1 of 1: one request; if it stops or fails the line ends with the Day Book words)
  bridge log: 2026-10-09 08:45:18  Recorder: Journal OLD-013 of 01-Oct-2026 (MasterID 900014, line upgold01…): still held: Tally gave no voucher with MasterID 900014 on 01-Oct-2026
  bridge log: 2026-10-09 08:45:18  Recorder: Journal OLD-045 of 01-Oct-2026 (MasterID 900046, line upgold04…): asking Tally again (a held line, ask 1 of 1: one request; if it stops or fails the line ends with the Day Book words)
  bridge log: 2026-10-09 08:45:18  Recorder: Journal OLD-045 of 01-Oct-2026 (MasterID 900046, line upgold04…): still held: Tally gave no voucher with MasterID 900046 on 01-Oct-2026
  bridge log: 2026-10-09 08:45:18  Recorder: Journal OLD-049 of 01-Oct-2026 (MasterID 900050, line upgold04…): asking Tally again (a held line, ask 1 of 1: one request; if it stops or fails the line ends with the Day Book words)
  bridge log: 2026-10-09 08:45:18  Recorder: Journal OLD-049 of 01-Oct-2026 (MasterID 900050, line upgold04…): still held: Tally gave no voucher with MasterID 900050 on 01-Oct-2026
  bridge log: 2026-10-09 08:45:18  Recorder: Journal OLD-013 of 01-Oct-2026 (MasterID 900014, line upgold01…): held: Tally did not give this entry when asked again; upload that day's Day Book to settle it (ended: not asked of Tally again)
  bridge log: 2026-10-09 08:45:18  Recorder: Journal OLD-045 of 01-Oct-2026 (MasterID 900046, line upgold04…): held: Tally did not give this entry when asked again; upload that day's Day Book to settle it (ended: not asked of Tally again)
  bridge log: 2026-10-09 08:45:18  Recorder: Journal OLD-049 of 01-Oct-2026 (MasterID 900050, line upgold04…): held: Tally did not give this entry when asked again; upload that day's Day Book to settle it (ended: not asked of Tally again)
  bridge log: 2026-10-09 08:45:18  Recorder: held lines: 0 from FinCom, 3 asked, 0 resolved, 30 still held (30 in the list)
  bridge log: 2026-10-09 08:45:18  Recorder: Journal OLD-018 of 01-Oct-2026 (MasterID 900019, line upgold01…): asking Tally again (a held line, ask 1 of 1: one request; if it stops or fails the line ends with the Day Book words)
  bridge log: 2026-10-09 08:45:18  Recorder: Journal OLD-018 of 01-Oct-2026 (MasterID 900019, line upgold01…): still held: Tally gave no voucher with MasterID 900019 on 01-Oct-2026
  bridge log: 2026-10-09 08:45:18  Recorder: Journal OLD-018 of 01-Oct-2026 (MasterID 900019, line upgold01…): held: Tally did not give this entry when asked again; upload that day's Day Book to settle it (ended: not asked of Tally again)
  bridge log: 2026-10-09 08:45:18  Recorder: held lines: 0 from FinCom, 1 asked, 0 resolved, 27 still held (27 in the list)
  bridge log: 2026-10-09 08:45:18  Recorder: Journal OLD-023 of 01-Oct-2026 (MasterID 900024, line upgold02…): asking Tally again (a held line, ask 1 of 1: one request; if it stops or fails the line ends with the Day Book words)
  bridge log: 2026-10-09 08:45:19  Recorder: Journal OLD-023 of 01-Oct-2026 (MasterID 900024, line upgold02…): still held: Tally gave no voucher with MasterID 900024 on 01-Oct-2026
  bridge log: 2026-10-09 08:45:19  Recorder: Journal OLD-023 of 01-Oct-2026 (MasterID 900024, line upgold02…): held: Tally did not give this entry when asked again; upload that day's Day Book to settle it (ended: not asked of Tally again)
  bridge log: 2026-10-09 08:45:19  Recorder: held lines: 0 from FinCom, 1 asked, 0 resolved, 26 still held (26 in the list)
  bridge log: 2026-10-09 08:45:19  Recorder: Journal OLD-028 of 01-Oct-2026 (MasterID 900029, line upgold02…): asking Tally again (a held line, ask 1 of 1: one request; if it stops or fails the line ends with the Day Book words)
  bridge log: 2026-10-09 08:45:19  Recorder: Journal OLD-028 of 01-Oct-2026 (MasterID 900029, line upgold02…): still held: Tally gave no voucher with MasterID 900029 on 01-Oct-2026
  bridge log: 2026-10-09 08:45:19  Recorder: Journal OLD-028 of 01-Oct-2026 (MasterID 900029, line upgold02…): held: Tally did not give this entry when asked again; upload that day's Day Book to settle it (ended: not asked of Tally again)
  bridge log: 2026-10-09 08:45:19  Recorder: held lines: 0 from FinCom, 1 asked, 0 resolved, 25 still held (25 in the list)
  bridge log: 2026-10-09 08:45:19  Recorder: Journal OLD-033 of 01-Oct-2026 (MasterID 900034, line upgold03…): asking Tally again (a held line, ask 1 of 1: one request; if it stops or fails the line ends with the Day Book words)
  bridge log: 2026-10-09 08:45:19  Recorder: Journal OLD-033 of 01-Oct-2026 (MasterID 900034, line upgold03…): still held: Tally gave no voucher with MasterID 900034 on 01-Oct-2026
  bridge log: 2026-10-09 08:45:19  Recorder: Journal OLD-033 of 01-Oct-2026 (MasterID 900034, line upgold03…): held: Tally did not give this entry when asked again; upload that day's Day Book to settle it (ended: not asked of Tally again)
  bridge log: 2026-10-09 08:45:19  Recorder: held lines: 0 from FinCom, 1 asked, 0 resolved, 24 still held (24 in the list)
  bridge log: 2026-10-09 08:45:19  Recorder: Journal OLD-038 of 01-Oct-2026 (MasterID 900039, line upgold03…): asking Tally again (a held line, ask 1 of 1: one request; if it stops or fails the line ends with the Day Book words)
  bridge log: 2026-10-09 08:45:19  Recorder: entry fetch of FinCom Spike Co: answered in 31 ms
  bridge log: 2026-10-09 08:45:19  Recorder: Journal OLD-038 of 01-Oct-2026 (MasterID 900039, line upgold03…): still held: Tally gave no voucher with MasterID 900039 on 01-Oct-2026
  bridge log: 2026-10-09 08:45:19  Recorder: Journal OLD-038 of 01-Oct-2026 (MasterID 900039, line upgold03…): held: Tally did not give this entry when asked again; upload that day's Day Book to settle it (ended: not asked of Tally again)
  bridge log: 2026-10-09 08:45:19  Recorder: held lines: 0 from FinCom, 1 asked, 0 resolved, 23 still held (23 in the list)
  bridge log: 2026-10-09 08:45:19  Recorder: Journal OLD-043 of 01-Oct-2026 (MasterID 900044, line upgold04…): asking Tally again (a held line, ask 1 of 1: one request; if it stops or fails the line ends with the Day Book words)
  bridge log: 2026-10-09 08:45:19  Recorder: entry fetch of FinCom Spike Co: answered in 27 ms
  bridge log: 2026-10-09 08:45:19  Recorder: Journal OLD-043 of 01-Oct-2026 (MasterID 900044, line upgold04…): still held: Tally gave no voucher with MasterID 900044 on 01-Oct-2026
  bridge log: 2026-10-09 08:45:19  Recorder: Journal OLD-043 of 01-Oct-2026 (MasterID 900044, line upgold04…): held: Tally did not give this entry when asked again; upload that day's Day Book to settle it (ended: not asked of Tally again)
  bridge log: 2026-10-09 08:45:19  Recorder: held lines: 0 from FinCom, 1 asked, 0 resolved, 22 still held (22 in the list)
  bridge log: 2026-10-09 08:45:19  Recorder: Journal OLD-048 of 01-Oct-2026 (MasterID 900049, line upgold04…): asking Tally again (a held line, ask 1 of 1: one request; if it stops or fails the line ends with the Day Book words)
  bridge log: 2026-10-09 08:45:20  Recorder: Journal OLD-048 of 01-Oct-2026 (MasterID 900049, line upgold04…): still held: Tally gave no voucher with MasterID 900049 on 01-Oct-2026
  bridge log: 2026-10-09 08:45:20  Recorder: Journal OLD-048 of 01-Oct-2026 (MasterID 900049, line upgold04…): held: Tally did not give this entry when asked again; upload that day's Day Book to settle it (ended: not asked of Tally again)
  bridge log: 2026-10-09 08:45:20  Recorder: held lines: 0 from FinCom, 1 asked, 0 resolved, 21 still held (21 in the list)
  INFO add-on: recorder files after start: none
[08:45:57] ---- upg: 2.4.0 over a running 2.3.3
  INFO upg: the bridge before the upgrade: version 2.3.3 (expected 2.3.3), port 9100
  INFO upg: 2.3.3 recorded the starting point: True
[shot] tds-001-gw0 (1024x768)
[08:45:59] [tds] screen tds-001-gw0 : EDU Recyc prime K: Company Y: Data Gateway.f Tally CURRENT PERIOD Firefo I-Apr-26 to 31-Mar-27 NAME OF COMPANY Find details entered in masters and transactions. Z: Exchange CURRENT OATE Wednesday, I-Apr-2026 OATE OF LAST ENTRY (Alt+F) O: Import E: Export M: Share p: print FinCom Spike Co (Schedule Backup) Q Search upr-26 Googl Chro Micros 46 IypÅ Unity Gateway of Tally MASTERS Create Alter CHart of Accounts TRANSACTIONS Vouchers Day 800K UTILITIES BaNking REPORTS Balance Sheet Profit & Loss A/c Stock Summary Ratio Analysis Display More Reports DashbOard Quit 161 Fl: Help Date nt to Company ati...
[VAll] 2 vouchers: 1/1/Journal/20260401/spike TDSDesk:test-1, 2/2/Journal/20261001/renum before the bridge
[keys] 'v' -> Tally 'TallyPrime:9000'
[shot] v-upg-s0-vouchers (1024x768)
[keys] '{F6}' -> Tally 'TallyPrime:9000'
[keys] '{F2}' -> Tally 'TallyPrime:9000'
[keys] '2-10-2026{ENTER}' -> Tally 'TallyPrime:9000'
[keys] 'Cash{ENTER}' -> Tally 'TallyPrime:9000'
[keys] 'Spike Income{ENTER}' -> Tally 'TallyPrime:9000'
[keys] '701{ENTER}' -> Tally 'TallyPrime:9000'
[keys] '^a' -> Tally 'TallyPrime:9000'
[shot] v-upg-s0-saved (1024x768)
[shot] tds-002-gw0 (1024x768)
[08:46:33] [tds] screen tds-002-gw0 : EDU Recyc prime K: Company Y: Data •ccounting Voucher Creati Recei t No. 2 Firefo Account Cument balance: Particulars Googl Chro Micros 46 IypÅ Narration: Unity Quit Find details entered in masters and transactions. Z: Exchange inCom Spike Co (Alt+F) O: Import E: Export M: Share p: print 2-Oct-26 Friday Amount 161 Fl: Help Date nt to Company A Accept Search x: Contra F5: payment F6: Receipt Journal Purchase FIO: E: Autofill Change Mode More Details O: Related = Reports L: Optional post -Dated J: Stat ¯ Adjustment Unused ¯ Vch No. Fl 2: Configure ation 78UbL1 • 2405- da799 ubl' , I' '8e201 9024...
[keys] '{ESC}' -> Tally 'TallyPrime:9000'
[shot] tds-003-gw1 (1024x768)
[08:46:37] [tds] screen tds-003-gw1 : Find details entered In masters and transactions EDU Recyc prime K: Company Y: Data •ccounting Voucher Creati Recei t No. 2 Firefo Account Cument balance: Particulars Googl Chro Micros 46 IypÅ Narration: Unity Q: Quit Z: Exchange A: Accept Search O: Import E: Export M: Share inCom Spike Co p: print 2-Oct-26 Friday Amount Quit o Yes or No Fl: Help F2: Date F3: Company F4: Contra F5: Payment F6: Receipt F7: Journal F8: Sales F9: Purchase Flo: E: Autofill H: Change = Mode l: More = Details O: Related = Reports L: Optional T: post = -Dated J: Stat ¯ Adjustment • Unused = Vch No. Fl 2: Configure 16...
[keys] 'y' -> Tally 'TallyPrime:9000'
[shot] tds-004-gw2 (1024x768)
[08:46:41] [tds] screen tds-004-gw2 : EDU Recyc prime K: Company Y: Data Gateway.f Tally CURRENT PERIOD Firefo I-Apr-26 to 31-Mar-27 NAME OF COMPANY Find details entered in masters and transactions. Z: Exchange CURRENT OATE Friday, 2-Oct-2026 OATE OF LAST ENTRY (Alt+F) O: Import E: Export M: Share p: print FinCom Spike Co * (e) Data exceptions exist (e) (Schedule Backup) Q Search 2-OctQ6 Googl Chro Micros 46 IypÅ Unity Gateway of Tally MASTERS Create Alter CHart of Accounts TRANSACTIONS Vouchers Day 800K UTILITIES BaNking REPORTS Balance Sheet Profit & Loss A/c Stock Summary Ratio Analysis Display More Reports DashbOard Quit 161 F...
[VAll] 3 vouchers: 1/1/Journal/20260401/spike TDSDesk:test-1, 2/2/Journal/20261001/renum before the bridge, 3/3/Receipt/20261002/
  INFO upg: S0 (mid 3, 2667e57b-6562-41f6-a822-2a1ed081d784-00000003) under 2.3.3: in the stub with its body at 08:46:28
[shot] tds-005-gw0 (1024x768)
[08:46:44] [tds] screen tds-005-gw0 : EDU Recyc prime K: Company Y: Data Gateway.f Tally CURRENT PERIOD Firefo I-Apr-26 to 31-Mar-27 NAME OF COMPANY Find details entered in masters and transactions. Z: Exchange CURRENT OATE Friday, 2-Oct-2026 OATE OF LAST ENTRY (Alt+F) O: Import E: Export M: Share p: print FinCom Spike Co * (e) Data exceptions exist (e) (Schedule Backup) Q Search 2-OctQ6 Googl Chro Micros 46 IypÅ Unity Gateway of Tally MASTERS Create Alter CHart of Accounts TRANSACTIONS Vouchers Day 800K UTILITIES BaNking REPORTS Balance Sheet Profit & Loss A/c Stock Summary Ratio Analysis Display More Reports DashbOard Quit 161 F...
[VAll] 3 vouchers: 1/1/Journal/20260401/spike TDSDesk:test-1, 2/2/Journal/20261001/renum before the bridge, 3/3/Receipt/20261002/
[keys] 'v' -> Tally 'TallyPrime:9000'
[shot] v-upg-s1-vouchers (1024x768)
[keys] '{F6}' -> Tally 'TallyPrime:9000'
[keys] '{F2}' -> Tally 'TallyPrime:9000'
[keys] '2-10-2026{ENTER}' -> Tally 'TallyPrime:9000'
[keys] 'Cash{ENTER}' -> Tally 'TallyPrime:9000'
[keys] 'Spike Income{ENTER}' -> Tally 'TallyPrime:9000'
[keys] '702{ENTER}' -> Tally 'TallyPrime:9000'
[keys] '^a' -> Tally 'TallyPrime:9000'
[shot] v-upg-s1-saved (1024x768)
[shot] tds-006-gw0 (1024x768)
[08:47:18] [tds] screen tds-006-gw0 : EDU Recyc prime K: Company Y: Data •ccounting Voucher Creati Recei t Firefo Account Cument balance: Particulars Googl Chro Micros 46 IypÅ Narration: Unity Quit Find details entered in masters and transactions. Z: Exchange inCom Spike Co (Alt+F) O: Import E: Export M: Share p: print 2-Oct-26 Friday Amount 161 Fl: Help Date nt to Company A Accept Search x: Contra F5: payment F6: Receipt Journal Purchase FIO: E: Autofill Change Mode More Details O: Related = Reports L: Optional post -Dated J: Stat ¯ Adjustment Unused ¯ Vch No. Fl 2: Configure ation 78UbL1 • 2405- da799 ubl' , I' '8e201 90240 acda...
[keys] '{ESC}' -> Tally 'TallyPrime:9000'
[shot] tds-007-gw1 (1024x768)
[08:47:21] [tds] screen tds-007-gw1 : Find details entered In masters and transactions EDU Recyc prime K: Company Y: Data •ccounting Voucher Creati Recei t Firefo Account Cument balance: Particulars Googl Chro Micros 46 IypÅ Narration: Unity Q: Quit Z: Exchange A: Accept Search O: Import E: Export M: Share inCom Spike Co p: print 2-Oct-26 Friday Amount Quit o Yes or No Fl: Help F2: Date F3: Company F4: Contra F5: Payment F6: Receipt F7: Journal F8: Sales F9: Purchase Flo: E: Autofill H: Change = Mode l: More = Details O: Related = Reports L: Optional T: post = -Dated J: Stat ¯ Adjustment • Unused = Vch No. Fl 2: Configure 161 nt t...
[keys] 'y' -> Tally 'TallyPrime:9000'
[shot] tds-008-gw2 (1024x768)
[08:47:25] [tds] screen tds-008-gw2 : EDU Recyc prime K: Company Y: Data Gateway.f Tally CURRENT PERIOD Firefo I-Apr-26 to 31-Mar-27 NAME OF COMPANY Find details entered in masters and transactions. Z: Exchange CURRENT OATE Friday, 2-Oct-2026 OATE OF LAST ENTRY (Alt+F) O: Import E: Export M: Share p: print FinCom Spike Co * (e) Data exceptions exist (e) (Schedule Backup) Q Search 2-OctQ6 Googl Chro Micros 46 IypÅ Unity Gateway of Tally MASTERS Create Alter CHart of Accounts TRANSACTIONS Vouchers Day 800K UTILITIES BaNking REPORTS Balance Sheet Profit & Loss A/c Stock Summary Ratio Analysis Display More Reports DashbOard Quit 161 F...
[VAll] 4 vouchers: 1/1/Journal/20260401/spike TDSDesk:test-1, 2/2/Journal/20261001/renum before the bridge, 3/3/Receipt/20261002/, 4/4/Receipt/20261002/
  INFO upg: 20 lines held by 2.3.3 at the upgrade; running FinComBridge-Setup-2.4.0.exe (setup origin: COMMITTED assets-test/bridge-go/FinComBridge-Setup-2.4.0.exe SHA-256 00ab8042dff1b1b508410632f832d20ee1169fcc71493f682af38a413ac416dc) over it
  INFO upg: the new setup ended with 0
######## PASS u1 2.4.0 installed over 2.3.3: the version and the settings carried: before: 2.3.3 on port 9100; the setup FinComBridge-Setup-2.4.0.exe ended 0; after: version 2.4.0 on port 9100; settings changed: none (port, key, cloud, Tally ports and host kept)
[keys] 'a' -> Tally 'TallyPrime:9000'
[keys] 't' -> Tally 'TallyPrime:9000'
[shot] v-upg-addon240-started (1024x768)
[08:48:25] proxy 127.0.0.2:9000 -> Tally: True (HTTP 200, pid 3588)
[08:48:25] Tally started again (addon240, add-on C:\fcspike\FinComRecorder.tdl): pid 3288, port up True, proxy True
[shot] tds-009-gw0 (1024x768)
[08:48:25] [tds] screen tds-009-gw0 : EDU Recyc prime K: Company Y: Data Gateway.f Tally CURRENT PERIOD Firefo I-Apr-26 to 31-Mar-27 NAME OF COMPANY Find details entered in masters and transactions. Z: Exchange CURRENT OATE Friday, 2-Oct-2026 OATE OF LAST ENTRY (Alt+F) O: Import E: Export M: Share p: print FinCom Spike Co * (e) Data exceptions exist (e) (Schedule Backup) Q Search 2-OctQ6 Googl Chro Micros 46 IypÅ Unity Gateway of Tally MASTERS Create Alter CHart of Accounts TRANSACTIONS Vouchers Day 800K UTILITIES BaNking REPORTS Balance Sheet Profit & Loss A/c Stock Summary Ratio Analysis Display More Reports DashbOard Quit 161 F...
[VAll] 4 vouchers: 1/1/Journal/20260401/spike TDSDesk:test-1, 2/2/Journal/20261001/renum before the bridge, 3/3/Receipt/20261002/, 4/4/Receipt/20261002/
[keys] 'v' -> Tally 'TallyPrime:9000'
[shot] v-upg-s2-vouchers (1024x768)
[keys] '{F6}' -> Tally 'TallyPrime:9000'
[keys] '{F2}' -> Tally 'TallyPrime:9000'
[keys] '2-10-2026{ENTER}' -> Tally 'TallyPrime:9000'
[keys] 'Cash{ENTER}' -> Tally 'TallyPrime:9000'
[keys] 'Spike Income{ENTER}' -> Tally 'TallyPrime:9000'
[keys] '703{ENTER}' -> Tally 'TallyPrime:9000'
[keys] '^a' -> Tally 'TallyPrime:9000'
[shot] v-upg-s2-saved (1024x768)
[shot] tds-010-gw0 (1024x768)
[08:48:59] [tds] screen tds-010-gw0 : EDU Recyc prime K: Company Y: Data •ccounting Voucher Creati Recei t No. 4 Firefo Account Cument balance: Particulars Googl Chro Micros 46 IypÅ Narration: Unity Quit Find details entered in masters and transactions. Z: Exchange inCom Spike Co (Alt+F) O: Import E: Export M: Share p: print 2-Oct-26 Friday Amount 161 Fl: Help Date nt to Company A Accept Search x: Contra F5: payment F6: Receipt Journal Purchase FIO: E: Autofill Change Mode More Details O: Related = Reports L: Optional post -Dated J: Stat ¯ Adjustment Unused ¯ Vch No. Fl 2: Configure ation 78UbL1 • 2405- da799 ubl' , I' '8e201 9024...
[keys] '{ESC}' -> Tally 'TallyPrime:9000'
[shot] tds-011-gw1 (1024x768)
[08:49:03] [tds] screen tds-011-gw1 : Find details entered In masters and transactions EDU Recyc prime K: Company Y: Data •ccounting Voucher Creati Recei t No. 4 Firefo Account Cument balance: Particulars Googl Chro Micros 46 IypÅ Narration: Unity Q: Quit Z: Exchange A: Accept Search O: Import E: Export M: Share inCom Spike Co p: print 2-Oct-26 Friday Amount Quit o Yes or No Fl: Help F2: Date F3: Company F4: Contra F5: Payment F6: Receipt F7: Journal F8: Sales F9: Purchase Flo: E: Autofill H: Change = Mode l: More = Details O: Related = Reports L: Optional T: post = -Dated J: Stat ¯ Adjustment • Unused = Vch No. Fl 2: Configure 16...
[keys] 'y' -> Tally 'TallyPrime:9000'
[shot] tds-012-gw2 (1024x768)
[08:49:06] [tds] screen tds-012-gw2 : EDU Recyc prime K: Company Y: Data Gateway.f Tally CURRENT PERIOD Firefo I-Apr-26 to 31-Mar-27 NAME OF COMPANY Find details entered in masters and transactions. Z: Exchange CURRENT OATE Friday, 2-Oct-2026 OATE OF LAST ENTRY (Alt+F) O: Import E: Export M: Share p: print FinCom Spike Co * (e) Data exceptions exist (e) (Schedule Backup) Q Search 2-OctQ6 Googl Chro Micros 46 IypÅ Unity Gateway of Tally MASTERS Create Alter CHart of Accounts TRANSACTIONS Vouchers Day 800K UTILITIES BaNking REPORTS Balance Sheet Profit & Loss A/c Stock Summary Ratio Analysis Display More Reports DashbOard Quit 161 F...
[VAll] 5 vouchers: 1/1/Journal/20260401/spike TDSDesk:test-1, 2/2/Journal/20261001/renum before the bridge, 3/3/Receipt/20261002/, 4/4/Receipt/20261002/, 5/5/Receipt/20261002/
######## PASS u2 the recorder state carried: nothing sent twice, nothing lost: start-point.json the same after the upgrade: True; S0 (2.3.3's, mid 3) sent again by 2.4.0: 0; the ids 2.3.3 ended sent again: 0; S1 (saved just before the upgrade, mid 4): lines 1, with its body 1 (stub 08:47:13 recorder line event=created guid=2667e57b-6562-41f6-a822-2a1ed081d784-00000004 mid=4 aid=4 vch=Receipt/2/20261002 body=yes(3494 chars))
######## PASS u3 held lines from 2.3.3: each asked once and ended: 20 lines held at the upgrade (final 10, tries20 10); asked once by 2.4.0 and ended: 20; not so: none; seeded lines neither held at the upgrade nor ended (lost): none; e.g. upgold001: Tally did not give this entry when asked again; upload that day's Day Book to settle it | upgold002: Tally did not give this entry when asked again; upload that day's Day Book to settle it
######## PASS u4 a new save after the upgrade arrives with its body: S2 mid 5 guid 2667e57b-6562-41f6-a822-2a1ed081d784-00000005: stub 08:48:54 recorder line event=created guid=2667e57b-6562-41f6-a822-2a1ed081d784-00000005 mid=5 aid=5 vch=Receipt/3/20261002 body=yes(876 chars); the add-on's files written after the upgrade: 2667e57b-6562-41f6-a822-2a1ed081d784-9-Oct-26-runneradmin.txt
  bridge log: 2026-10-09 08:46:28  Recorder: Receipt 1 of 02-Oct-2026 (MasterID 3, line 4e1f88e6…): asking Tally by MasterID
  bridge log: 2026-10-09 08:46:28  Recorder: entry fetch of FinCom Spike Co: answered in 53 ms
  bridge log: 2026-10-09 08:46:28  Recorder: Receipt 1 of 02-Oct-2026 (MasterID 3, line 4e1f88e6…): taken: Tally's GUID 2667e57b-6562-41f6-a822-2a1ed081d784-00000003, AlterID 3
  bridge log: 2026-10-09 08:47:13  Recorder: Receipt 2 of 02-Oct-2026 (MasterID 4, line 115e4360…): asking Tally by MasterID
  bridge log: 2026-10-09 08:47:13  Recorder: Receipt 2 of 02-Oct-2026 (MasterID 4, line 115e4360…): taken: Tally's GUID 2667e57b-6562-41f6-a822-2a1ed081d784-00000004, AlterID 4
  bridge log: 2026-10-09 08:47:25  Stopping: asked to (setup or uninstall)
  bridge log: 2026-10-09 08:47:29  FinCom Bridge 2.4.0: started just for runnervmfi6oq\runneradmin (no service); it keeps the bridge and its icon running
  bridge log: 2026-10-09 08:47:29  FinCom Bridge 2.4.0 (Go) started on 127.0.0.1:9100: the only bridge on this computer; working for runnervmfi6oq\runneradmin, Windows session 2; runs just for this Windows user (starts at sign-in, no service)
  bridge log: 2026-10-09 08:47:29  Tally is open on port 9000; the bridge reads it only after an event (a client opened in FinCom, Update now, a posting, the nightly catch-up at 19:00)
  bridge log: 2026-10-09 08:47:29  Recorder: Journal OLD-026 of 01-Oct-2026 (MasterID 900027, line upgold02…): not asked this turn: 10 held lines asked already; asked in a later turn
  bridge log: 2026-10-09 08:47:29  Recorder: Journal OLD-027 of 01-Oct-2026 (MasterID 900028, line upgold02…): not asked this turn: 10 held lines asked already; asked in a later turn
  bridge log: 2026-10-09 08:47:29  Recorder: Journal OLD-031 of 01-Oct-2026 (MasterID 900032, line upgold03…): not asked this turn: 10 held lines asked already; asked in a later turn
  bridge log: 2026-10-09 08:47:29  Recorder: Journal OLD-032 of 01-Oct-2026 (MasterID 900033, line upgold03…): not asked this turn: 10 held lines asked already; asked in a later turn
  bridge log: 2026-10-09 08:47:29  Recorder: Journal OLD-036 of 01-Oct-2026 (MasterID 900037, line upgold03…): not asked this turn: 10 held lines asked already; asked in a later turn
  bridge log: 2026-10-09 08:47:29  Recorder: Journal OLD-037 of 01-Oct-2026 (MasterID 900038, line upgold03…): not asked this turn: 10 held lines asked already; asked in a later turn
  bridge log: 2026-10-09 08:47:29  Recorder: Journal OLD-041 of 01-Oct-2026 (MasterID 900042, line upgold04…): not asked this turn: 10 held lines asked already; asked in a later turn
  bridge log: 2026-10-09 08:47:29  Recorder: Journal OLD-042 of 01-Oct-2026 (MasterID 900043, line upgold04…): not asked this turn: 10 held lines asked already; asked in a later turn
  bridge log: 2026-10-09 08:47:29  Recorder: Journal OLD-046 of 01-Oct-2026 (MasterID 900047, line upgold04…): not asked this turn: 10 held lines asked already; asked in a later turn
  bridge log: 2026-10-09 08:47:29  Recorder: Journal OLD-047 of 01-Oct-2026 (MasterID 900048, line upgold04…): not asked this turn: 10 held lines asked already; asked in a later turn
  bridge log: 2026-10-09 08:47:29  Recorder: 20 held line(s) kept by an earlier bridge are asked once with the fast request (whatever their earlier tries): answered, each goes to FinCom with Tally's body; else it ends with the Day Book words
  bridge log: 2026-10-09 08:47:29  Recorder: Journal OLD-001 of 01-Oct-2026 (MasterID 900002, line upgold00…): asking Tally again (a held line, ask 1 of 1: one request; if it stops or fails the line ends with the Day Book words)
  bridge log: 2026-10-09 08:47:29  Recorder: re-scan of the add-on's files for 2.4.0: 0 line(s) sent earlier without their entry found (a new entry's line with no MasterID, a GUID of another entry, or read while the body fetch was off)
  bridge log: 2026-10-09 08:47:29  Check:  - 
  bridge log: 2026-10-09 08:47:29  Recorder: entry fetch of FinCom Spike Co: answered in 13 ms
  bridge log: 2026-10-09 08:47:29  Recorder: Journal OLD-001 of 01-Oct-2026 (MasterID 900002, line upgold00…): still held: Tally gave no voucher with MasterID 900002 on 01-Oct-2026
  bridge log: 2026-10-09 08:47:29  Recorder: Journal OLD-002 of 01-Oct-2026 (MasterID 900003, line upgold00…): asking Tally again (a held line, ask 1 of 1: one request; if it stops or fails the line ends with the Day Book words)
  bridge log: 2026-10-09 08:47:29  Recorder: Journal OLD-002 of 01-Oct-2026 (MasterID 900003, line upgold00…): still held: Tally gave no voucher with MasterID 900003 on 01-Oct-2026
  bridge log: 2026-10-09 08:47:29  Recorder: Journal OLD-006 of 01-Oct-2026 (MasterID 900007, line upgold00…): asking Tally again (a held line, ask 1 of 1: one request; if it stops or fails the line ends with the Day Book words)
  bridge log: 2026-10-09 08:47:30  Recorder: entry fetch of FinCom Spike Co: answered in 12 ms
  bridge log: 2026-10-09 08:47:30  Recorder: Journal OLD-006 of 01-Oct-2026 (MasterID 900007, line upgold00…): still held: Tally gave no voucher with MasterID 900007 on 01-Oct-2026
  bridge log: 2026-10-09 08:47:30  Recorder: Journal OLD-007 of 01-Oct-2026 (MasterID 900008, line upgold00…): asking Tally again (a held line, ask 1 of 1: one request; if it stops or fails the line ends with the Day Book words)
  bridge log: 2026-10-09 08:47:30  Recorder: Journal OLD-007 of 01-Oct-2026 (MasterID 900008, line upgold00…): still held: Tally gave no voucher with MasterID 900008 on 01-Oct-2026
  bridge log: 2026-10-09 08:47:30  Recorder: Journal OLD-011 of 01-Oct-2026 (MasterID 900012, line upgold01…): asking Tally again (a held line, ask 1 of 1: one request; if it stops or fails the line ends with the Day Book words)
  bridge log: 2026-10-09 08:47:30  Recorder: entry fetch of FinCom Spike Co: answered in 1 ms
  bridge log: 2026-10-09 08:47:30  Recorder: Journal OLD-011 of 01-Oct-2026 (MasterID 900012, line upgold01…): still held: Tally gave no voucher with MasterID 900012 on 01-Oct-2026
  bridge log: 2026-10-09 08:47:30  Recorder: Journal OLD-012 of 01-Oct-2026 (MasterID 900013, line upgold01…): asking Tally again (a held line, ask 1 of 1: one request; if it stops or fails the line ends with the Day Book words)
  bridge log: 2026-10-09 08:47:31  Recorder: entry fetch of FinCom Spike Co: answered in 2 ms
  bridge log: 2026-10-09 08:47:31  Recorder: Journal OLD-012 of 01-Oct-2026 (MasterID 900013, line upgold01…): still held: Tally gave no voucher with MasterID 900013 on 01-Oct-2026
  bridge log: 2026-10-09 08:47:31  Recorder: Journal OLD-016 of 01-Oct-2026 (MasterID 900017, line upgold01…): asking Tally again (a held line, ask 1 of 1: one request; if it stops or fails the line ends with the Day Book words)
  bridge log: 2026-10-09 08:47:31  Recorder: entry fetch of FinCom Spike Co: answered in 21 ms
  bridge log: 2026-10-09 08:47:31  Recorder: Journal OLD-016 of 01-Oct-2026 (MasterID 900017, line upgold01…): still held: Tally gave no voucher with MasterID 900017 on 01-Oct-2026
  bridge log: 2026-10-09 08:47:31  Recorder: Journal OLD-017 of 01-Oct-2026 (MasterID 900018, line upgold01…): asking Tally again (a held line, ask 1 of 1: one request; if it stops or fails the line ends with the Day Book words)
  bridge log: 2026-10-09 08:47:31  Recorder: Journal OLD-017 of 01-Oct-2026 (MasterID 900018, line upgold01…): still held: Tally gave no voucher with MasterID 900018 on 01-Oct-2026
  bridge log: 2026-10-09 08:47:31  Recorder: Journal OLD-021 of 01-Oct-2026 (MasterID 900022, line upgold02…): asking Tally again (a held line, ask 1 of 1: one request; if it stops or fails the line ends with the Day Book words)
  bridge log: 2026-10-09 08:47:32  Recorder: entry fetch of FinCom Spike Co: answered in 26 ms
  bridge log: 2026-10-09 08:47:32  Recorder: Journal OLD-021 of 01-Oct-2026 (MasterID 900022, line upgold02…): still held: Tally gave no voucher with MasterID 900022 on 01-Oct-2026
  bridge log: 2026-10-09 08:47:32  Recorder: Journal OLD-022 of 01-Oct-2026 (MasterID 900023, line upgold02…): asking Tally again (a held line, ask 1 of 1: one request; if it stops or fails the line ends with the Day Book words)
  bridge log: 2026-10-09 08:47:32  Trial tools switched on for this computer in FinCom: the tray shows the trial items
  bridge log: 2026-10-09 08:47:32  FinCom: this bridge is now the main bridge on this computer (set by the setup); it reads and posts
  bridge log: 2026-10-09 08:47:32  Company FinCom Spike Co: change numbers read with form a: ALTVCHID=4, ALTMSTID=211
  bridge log: 2026-10-09 08:47:32  Light check of FinCom Spike Co: unchanged starting point ALTVCHID=2; now ALTVCHID=4, ALTMSTID=211
  bridge log: 2026-10-09 08:47:32  Bank dates: FinCom Spike Co: following Tally's voucher counter from ALTVCHID=4 (a move the add-on's lines do not explain is a bank date set, or another change Tally makes without a voucher form)
  bridge log: 2026-10-09 08:47:32  Recorder: Journal OLD-022 of 01-Oct-2026 (MasterID 900023, line upgold02…): still held: Tally gave no voucher with MasterID 900023 on 01-Oct-2026
  bridge log: 2026-10-09 08:47:32  Recorder: Journal OLD-001 of 01-Oct-2026 (MasterID 900002, line upgold00…): held: Tally did not give this entry when asked again; upload that day's Day Book to settle it (ended: not asked of Tally again)
  bridge log: 2026-10-09 08:47:32  Recorder: Journal OLD-002 of 01-Oct-2026 (MasterID 900003, line upgold00…): held: Tally did not give this entry when asked again; upload that day's Day Book to settle it (ended: not asked of Tally again)
  bridge log: 2026-10-09 08:47:32  Recorder: Journal OLD-006 of 01-Oct-2026 (MasterID 900007, line upgold00…): held: Tally did not give this entry when asked again; upload that day's Day Book to settle it (ended: not asked of Tally again)
  bridge log: 2026-10-09 08:47:32  Recorder: Journal OLD-007 of 01-Oct-2026 (MasterID 900008, line upgold00…): held: Tally did not give this entry when asked again; upload that day's Day Book to settle it (ended: not asked of Tally again)
  bridge log: 2026-10-09 08:47:32  Recorder: Journal OLD-011 of 01-Oct-2026 (MasterID 900012, line upgold01…): held: Tally did not give this entry when asked again; upload that day's Day Book to settle it (ended: not asked of Tally again)
  bridge log: 2026-10-09 08:47:32  Recorder: Journal OLD-012 of 01-Oct-2026 (MasterID 900013, line upgold01…): held: Tally did not give this entry when asked again; upload that day's Day Book to settle it (ended: not asked of Tally again)
  bridge log: 2026-10-09 08:47:32  Recorder: Journal OLD-016 of 01-Oct-2026 (MasterID 900017, line upgold01…): held: Tally did not give this entry when asked again; upload that day's Day Book to settle it (ended: not asked of Tally again)
  bridge log: 2026-10-09 08:47:32  Recorder: Journal OLD-017 of 01-Oct-2026 (MasterID 900018, line upgold01…): held: Tally did not give this entry when asked again; upload that day's Day Book to settle it (ended: not asked of Tally again)
  bridge log: 2026-10-09 08:47:32  Recorder: Journal OLD-021 of 01-Oct-2026 (MasterID 900022, line upgold02…): held: Tally did not give this entry when asked again; upload that day's Day Book to settle it (ended: not asked of Tally again)
  bridge log: 2026-10-09 08:47:32  Recorder: Journal OLD-022 of 01-Oct-2026 (MasterID 900023, line upgold02…): held: Tally did not give this entry when asked again; upload that day's Day Book to settle it (ended: not asked of Tally again)
  bridge log: 2026-10-09 08:47:32  Recorder: held lines: 0 from FinCom, 10 asked, 0 resolved, 20 still held (20 in the list)
  bridge log: 2026-10-09 08:47:32  Recorder: Journal OLD-026 of 01-Oct-2026 (MasterID 900027, line upgold02…): asking Tally again (a held line, ask 1 of 1: one request; if it stops or fails the line ends with the Day Book words)
  bridge log: 2026-10-09 08:47:32  Recorder: entry fetch of FinCom Spike Co: answered in 11 ms
  bridge log: 2026-10-09 08:47:32  Recorder: Journal OLD-026 of 01-Oct-2026 (MasterID 900027, line upgold02…): still held: Tally gave no voucher with MasterID 900027 on 01-Oct-2026
  bridge log: 2026-10-09 08:47:32  Recorder: Journal OLD-027 of 01-Oct-2026 (MasterID 900028, line upgold02…): asking Tally again (a held line, ask 1 of 1: one request; if it stops or fails the line ends with the Day Book words)
  bridge log: 2026-10-09 08:47:33  Recorder: Journal OLD-027 of 01-Oct-2026 (MasterID 900028, line upgold02…): still held: Tally gave no voucher with MasterID 900028 on 01-Oct-2026
  bridge log: 2026-10-09 08:47:33  Recorder: Journal OLD-031 of 01-Oct-2026 (MasterID 900032, line upgold03…): asking Tally again (a held line, ask 1 of 1: one request; if it stops or fails the line ends with the Day Book words)
  bridge log: 2026-10-09 08:47:33  Recorder: Journal OLD-031 of 01-Oct-2026 (MasterID 900032, line upgold03…): still held: Tally gave no voucher with MasterID 900032 on 01-Oct-2026
  bridge log: 2026-10-09 08:47:33  Recorder: Journal OLD-032 of 01-Oct-2026 (MasterID 900033, line upgold03…): asking Tally again (a held line, ask 1 of 1: one request; if it stops or fails the line ends with the Day Book words)
  bridge log: 2026-10-09 08:47:33  Recorder: Journal OLD-032 of 01-Oct-2026 (MasterID 900033, line upgold03…): still held: Tally gave no voucher with MasterID 900033 on 01-Oct-2026
  bridge log: 2026-10-09 08:47:33  Recorder: Journal OLD-036 of 01-Oct-2026 (MasterID 900037, line upgold03…): asking Tally again (a held line, ask 1 of 1: one request; if it stops or fails the line ends with the Day Book words)
  bridge log: 2026-10-09 08:47:34  Recorder: Journal OLD-036 of 01-Oct-2026 (MasterID 900037, line upgold03…): still held: Tally gave no voucher with MasterID 900037 on 01-Oct-2026
  bridge log: 2026-10-09 08:47:34  Recorder: Journal OLD-037 of 01-Oct-2026 (MasterID 900038, line upgold03…): asking Tally again (a held line, ask 1 of 1: one request; if it stops or fails the line ends with the Day Book words)
  bridge log: 2026-10-09 08:47:34  Recorder: entry fetch of FinCom Spike Co: answered in 14 ms
  bridge log: 2026-10-09 08:47:34  Recorder: Journal OLD-037 of 01-Oct-2026 (MasterID 900038, line upgold03…): still held: Tally gave no voucher with MasterID 900038 on 01-Oct-2026
  bridge log: 2026-10-09 08:47:34  Recorder: Journal OLD-041 of 01-Oct-2026 (MasterID 900042, line upgold04…): asking Tally again (a held line, ask 1 of 1: one request; if it stops or fails the line ends with the Day Book words)
  bridge log: 2026-10-09 08:47:34  Recorder: entry fetch of FinCom Spike Co: answered in 4 ms
  bridge log: 2026-10-09 08:47:34  Recorder: Journal OLD-041 of 01-Oct-2026 (MasterID 900042, line upgold04…): still held: Tally gave no voucher with MasterID 900042 on 01-Oct-2026
  bridge log: 2026-10-09 08:47:34  Recorder: Journal OLD-042 of 01-Oct-2026 (MasterID 900043, line upgold04…): asking Tally again (a held line, ask 1 of 1: one request; if it stops or fails the line ends with the Day Book words)
  bridge log: 2026-10-09 08:47:35  Recorder: Journal OLD-042 of 01-Oct-2026 (MasterID 900043, line upgold04…): still held: Tally gave no voucher with MasterID 900043 on 01-Oct-2026
  bridge log: 2026-10-09 08:47:35  Recorder: Journal OLD-046 of 01-Oct-2026 (MasterID 900047, line upgold04…): asking Tally again (a held line, ask 1 of 1: one request; if it stops or fails the line ends with the Day Book words)
  bridge log: 2026-10-09 08:47:35  Recorder: Journal OLD-046 of 01-Oct-2026 (MasterID 900047, line upgold04…): still held: Tally gave no voucher with MasterID 900047 on 01-Oct-2026
  bridge log: 2026-10-09 08:47:35  Recorder: Journal OLD-047 of 01-Oct-2026 (MasterID 900048, line upgold04…): asking Tally again (a held line, ask 1 of 1: one request; if it stops or fails the line ends with the Day Book words)
  bridge log: 2026-10-09 08:47:35  Recorder: Journal OLD-047 of 01-Oct-2026 (MasterID 900048, line upgold04…): still held: Tally gave no voucher with MasterID 900048 on 01-Oct-2026
  bridge log: 2026-10-09 08:47:35  Recorder: Journal OLD-026 of 01-Oct-2026 (MasterID 900027, line upgold02…): held: Tally did not give this entry when asked again; upload that day's Day Book to settle it (ended: not asked of Tally again)
  bridge log: 2026-10-09 08:47:35  Recorder: Journal OLD-027 of 01-Oct-2026 (MasterID 900028, line upgold02…): held: Tally did not give this entry when asked again; upload that day's Day Book to settle it (ended: not asked of Tally again)
  bridge log: 2026-10-09 08:47:35  Recorder: Journal OLD-031 of 01-Oct-2026 (MasterID 900032, line upgold03…): held: Tally did not give this entry when asked again; upload that day's Day Book to settle it (ended: not asked of Tally again)
  bridge log: 2026-10-09 08:47:35  Recorder: Journal OLD-032 of 01-Oct-2026 (MasterID 900033, line upgold03…): held: Tally did not give this entry when asked again; upload that day's Day Book to settle it (ended: not asked of Tally again)
  bridge log: 2026-10-09 08:47:35  Recorder: Journal OLD-036 of 01-Oct-2026 (MasterID 900037, line upgold03…): held: Tally did not give this entry when asked again; upload that day's Day Book to settle it (ended: not asked of Tally again)
  bridge log: 2026-10-09 08:47:35  Recorder: Journal OLD-037 of 01-Oct-2026 (MasterID 900038, line upgold03…): held: Tally did not give this entry when asked again; upload that day's Day Book to settle it (ended: not asked of Tally again)
  bridge log: 2026-10-09 08:47:35  Recorder: Journal OLD-041 of 01-Oct-2026 (MasterID 900042, line upgold04…): held: Tally did not give this entry when asked again; upload that day's Day Book to settle it (ended: not asked of Tally again)
  bridge log: 2026-10-09 08:47:35  Recorder: Journal OLD-042 of 01-Oct-2026 (MasterID 900043, line upgold04…): held: Tally did not give this entry when asked again; upload that day's Day Book to settle it (ended: not asked of Tally again)
  bridge log: 2026-10-09 08:47:35  Recorder: Journal OLD-046 of 01-Oct-2026 (MasterID 900047, line upgold04…): held: Tally did not give this entry when asked again; upload that day's Day Book to settle it (ended: not asked of Tally again)
  bridge log: 2026-10-09 08:47:35  Recorder: Journal OLD-047 of 01-Oct-2026 (MasterID 900048, line upgold04…): held: Tally did not give this entry when asked again; upload that day's Day Book to settle it (ended: not asked of Tally again)
  bridge log: 2026-10-09 08:47:35  Recorder: held lines: 0 from FinCom, 10 asked, 0 resolved, 10 still held (10 in the list)
  bridge log: 2026-10-09 08:48:54  Recorder: Receipt 3 of 02-Oct-2026 (MasterID 5, line b8294982…): asking Tally by MasterID
  bridge log: 2026-10-09 08:48:54  Recorder: entry fetch of FinCom Spike Co: answered in 18 ms
  bridge log: 2026-10-09 08:48:54  Recorder: Receipt 3 of 02-Oct-2026 (MasterID 5, line b8294982…): taken: Tally's GUID 2667e57b-6562-41f6-a822-2a1ed081d784-00000005, AlterID 5
  bridge log: 2026-10-09 08:48:54  Renumbering: made Receipt 3 of 02-Oct-2026 in FinCom Spike Co: FinCom holds 0 later Receipt entries; each is read again from Tally to see whether Tally renumbered it
