[06:14:40] ---- c1 install and open the company (TallyPrime 6.2)
  INFO installed: C:\Program Files\TallyPrime\tally.exe; tally.exe 17026752 bytes, 2026-10-08, FileVersion 1.1.6.2, ProductVersion 1.1.6.2, ProductName TallyPrime
  INFO company folder made by flow.ps1: D:\a\_temp\TallyData\100000
[keys] 'a' -> Tally 'TallyPrime:9000'
[keys] 't' -> Tally 'TallyPrime:9000'
[shot] v-00-started (1024x768)
[companies] 6 ms: <ENVELOPE><HEADER><VERSION>1</VERSION><STATUS>1</STATUS></HEADER><BODY><DESC><CMPINFO><COMPANY>0</COMPANY><GROUP>0</GROUP><LEDGER>0</LEDGER><COSTCATEGORY>0</COSTCATEGORY><COSTCENTRE>0</COSTCENTRE><GODOWN>0</GODOWN><STOCKGROUP>0</STOCKGROUP><STOCKCATEGORY>0</STOCKCATEGORY><STOCKITEM>0</STOCKITEM><VOUCHERTYPE>0</VOUCHERTYPE><CURRENCY>0</CURRENCY><UNIT>0</UNIT><BUDGET>0</BUDGET><CLIENTRULE>0</CLIENTRULE><SERVERRULE>0</SERVERRULE><STATE>0</STATE><TDSRATE>0</TDSRATE><TAXCLASSIFICATION>0</TAXCLASSIFICATION><STCATEGORY>0</STCATEGORY><DEDUCTEETYPE>0</DEDUCTEETYPE><ATTENDANCETYPE>0</ATTENDANCETYPE><FBT...
[header] 5 ms: <ENVELOPE><HEADER><VERSION>1</VERSION><STATUS>1</STATUS><PRODMAJORVER>1</PRODMAJORVER><PRODMINORVER>1</PRODMINORVER><PRODMAJORREL>6</PRODMAJORREL><PRODMINORREL>2</PRODMINORREL><PRODTYPE>5</PRODTYPE></HEADER><BODY><DESC><CMPINFO><COMPANY>0</COMPANY><GROUP>0</GROUP><LEDGER>0</LEDGER><COSTCATEGORY>0</COSTCATEGORY><COSTCENTRE>0</COSTCENTRE><GODOWN>0</GODOWN><STOCKGROUP>0</STOCKGROUP><STOCKCATEGORY>0</STOCKCATEGORY><STOCKITEM>0</STOCKITEM><VOUCHERTYPE>0</VOUCHERTYPE><CURRENCY>0</CURRENCY><UNIT>0</UNIT><BUDGET>0</BUDGET><CLIENTRULE>0</CLIENTRULE><SERVERRULE>0</SERVERRULE><STATE>0</STATE><TDSRATE>0</...
  INFO Tally's own release in its answer header: PRODMAJORREL 6 PRODMINORREL 2 (PRODMAJORVER 1 PRODMINORVER 1 PRODTYPE 5)
######## PASS c1 install and open the company: installed tally.exe 17026752 bytes, 2026-10-08, FileVersion 1.1.6.2, ProductVersion 1.1.6.2, ProductName TallyPrime; company folder 100000 loaded at start: True; window 'TallyPrime:9000'
######## PASS c2 port and company list: port 9000 answered 10.1 s after start, GET 13 ms ('<RESPONSE>TallyPrime Server is Running</RESPONSE>'); company list 6 ms, 'FinCom Spike Co' in it: True
[06:15:13] ---- hang: the hanging request of run 37729166801, one thing varied at a time, each probe in a fresh Tally
[hang masters] 14 ms: <RESPONSE><CREATED>5</CREATED><ALTERED>0</ALTERED><DELETED>0</DELETED><LASTVCHID>0</LASTVCHID><LASTMID>0</LASTMID><COMBINED>0</COMBINED><IGNORED>0</IGNORED><ERRORS>0</ERRORS><CANCELLED>0</CANCELLED><EXCEPTIONS>0</EXCEPTIONS></RESPONSE>
  INFO hang masters: <CREATED>5</CREATED> <ALTERED>0</ALTERED> <DELETED>0</DELETED> <LASTVCHID>0</LASTVCHID> <LASTMID>0</LASTMID> <COMBINED>0</COMBINED> <IGNORED>0</IGNORED> <ERRORS>0</ERRORS>
[06:15:17] hang: data kept as 'base'
[keys] 'a' -> Tally 'TallyPrime:9000'
[keys] 't' -> Tally 'TallyPrime:9000'
[shot] v-hang-setup-off-started (1024x768)
  INFO hang GST off: ISGSTON before 'Yes', now 'Yes'
[xml invoice GST off] 43 ms: <RESPONSE><CREATED>1</CREATED><ALTERED>0</ALTERED><DELETED>0</DELETED><LASTVCHID>2</LASTVCHID><LASTMID>0</LASTMID><COMBINED>0</COMBINED><IGNORED>0</IGNORED><ERRORS>0</ERRORS><CANCELLED>0</CANCELLED><EXCEPTIONS>0</EXCEPTIONS></RESPONSE>
  INFO hang GST off XML invoice: <CREATED>1</CREATED> <ALTERED>0</ALTERED> <DELETED>0</DELETED> <LASTVCHID>2</LASTVCHID> <LASTMID>0</LASTMID> <COMBINED>0</COMBINED> <IGNORED>0</IGNORED> <ERRORS>0</ERRORS>
[shot] tds-001-gw0 (1024x768)
[06:16:00] [tds] screen tds-001-gw0 : EDU Recyc Prime Gatewa of Tall CURRENT PERIOD K: Company Y: Data Z: Exchange CURRENT OATE Wednesday, I-Apr-2026 O: Import E: Export M: Share p: print Fl: Help Date 161 • aafa5 Firefo Googl Chro Micros 46 IypÅ Unity I-Apr-26 to 31-Mar-27 NAME OF COMPANY FinCom Spike Co Gateway of Tally MASTERS Create Alter CHart of Accounts TRANSACTIONS Vouchers Day 800K UTILITIES BaNking REPORTS Balance Sheet Profit & Loss A/c Stock Summary Ratio Analysis Display More Reports DashbOard Quit Q upr-26 Search Company nt to 59041 eUa7f ' , "tra Hub" , 87-dO eUa7f ' , "tra isten unnin ion_i age" , 87-dO 'tally Wind...
[shot] tds-002-scr-off-start (1024x768)
[06:16:00] [tds] screen tds-002-scr-off-start : EDU Recyc Prime Gatewa of Tall CURRENT PERIOD K: Company Y: Data Z: Exchange CURRENT OATE Wednesday, I-Apr-2026 O: Import E: Export M: Share p: print Fl: Help Date 161 • aafa5 Firefo Googl Chro Micros 46 IypÅ Unity I-Apr-26 to 31-Mar-27 NAME OF COMPANY FinCom Spike Co Gateway of Tally MASTERS Create Alter CHart of Accounts TRANSACTIONS Vouchers Day 800K UTILITIES BaNking REPORTS Balance Sheet Profit & Loss A/c Stock Summary Ratio Analysis Display More Reports DashbOard Quit Q upr-26 Search Company nt to 59041 eUa7f ' , "tra Hub" , 87-dO eUa7f ' , "tra isten unnin ion_i age" , 87-dO 'tally Wind...
[keys] 'v' -> Tally 'TallyPrime:9000'
[shot] tds-003-scr-off-vouchers (1024x768)
[06:16:04] [tds] screen tds-003-scr-off-vouchers : EDU Recyc Prime K: Company Y: Data Accounting Voucher Creation Pa ment No. 1 Firefo Account Current balance: Particulars Googl Chro Micros 46 IypÅ Narration: Unity Quit Z: Exchange A Accept Q Search O: Import E: Export M: Share FinCom • ke Co p: print upr-26 Wednesday Amount Fl: Help Q: Date Company Ed: Contra F-5: Payment Receipt Journal Sales Purchase Fl O: OåuVooctgs E: Autofill Change Mode More Details O: Related ¯ Repons Optional post -Dated J: Stat Adjustment El 2: Configure 161 • aafa5 nt to 59041 eUa7f : ' , "tra Hub" , 87-dO eUa7f ' , "tra isten unnin ion_i age" , 87-dO 'tally D: Dele...
[keys] '{F8}' -> Tally 'TallyPrime:9000'
[shot] tds-004-scr-off-type (1024x768)
[06:16:08] [tds] screen tds-004-scr-off-type : EDU Recyc Prime K: Company Y: Data Accounting Voucher Creation Sales No. 2 Firef Party Alc narne. Current balance: Sales ledger: Current balance: Name of Item Googl Chro Micros 46 IypÅ Narration: Unity Quit Z: Exchange A Accept Q Search O: Import E: Export List of Led er Accounts Cash Share Party Spike Party Spike Party 2 Ul Party M: Share FinCom • ke Co p: print x Create Fl: Help Date Company F4: Contra F5: Payment Receipt Journal F8: Sales Purchase F: Autofill Change Mode More Details o: L: 161 • aafa5 nt to 59041 eUa7f ' , "tra Hub" , 87-dO eUa7f ' , "tra isten unnin ion_i age" , 87-dO 'tal...
[keys] '^h' -> Tally 'TallyPrime:9000'
[shot] tds-005-scr-off-mode (1024x768)
[06:16:11] [tds] screen tds-005-scr-off-mode : o Recyc Firefo Googl Chron Micros lyp Unity EDU Prime Change Mode Quit K: Company Y: Data Z: Exchange O: Import E: Export o M: Share p: print x FinCom • ke Co Change Voucher Mode Item Invoice List of Modes/Usa es Item Invoice Accounting Invoice As Voucher A Accept Q Search Fl: Help • aafa5 nt to 59041 eUa7f ' , "tra Hub" , 87-dO eUa7f ' , "tra : '2.3 isten unnin ion_i age" , 87-dO 'tally Windows Server 2025 Datacenter Build 26100.ge_release240331-1435 6:16 AM 10/8/2026
[keys] 'Item Invoice{ENTER}' -> Tally 'TallyPrime:9000'
[shot] tds-006-scr-off-item-mode (1024x768)
[06:16:15] [tds] screen tds-006-scr-off-item-mode : EDU Recyc Prime K: Company Y: Data Accounting Voucher Creation Sales No. 2 Firef Party Alc narne. Current balance: Sales ledger: Current balance: Name of Item Googl Chro Micros 46 IypÅ Narration: Unity Quit Z: Exchange A Accept Q Search O: Import E: Export List of Led er Accounts Cash Share Party Spike Party Spike Party 2 Ul Party M: Share FinCom • ke Co p: print x Create Fl: Help Date Company F4: Contra F5: Payment Receipt Journal F8: Sales Purchase F: Autofill Change Mode More Details o: L: 161 • aafa5 nt to 59041 eUa7f ' , "tra Hub" , 87-dO eUa7f ' , "tra isten unnin ion_i age" , 87-dO 'tal...
[keys] '{F2}' -> Tally 'TallyPrime:9000'
[shot] tds-007-scr-off-date-box (1024x768)
[06:16:18] [tds] screen tds-007-scr-off-date-box : x Recyc Firefo EDU Prime Change Voucher Date K: Company Y: Data Z: Exchange A Accept Q Search O: Import E: Export o M: Share p: print o Fl: Help Googl Chron Micros lyp Unity Quit FinCom Spike Co Voucher Date 24-2026 • aafa5 nt to 59041 eUa7f ' , "tra Hub" , 87-dO eUa7f ' , "tra : '2.3 isten unnin ion_i age" , 87-dO 'tally Windows Server 2025 Datacenter Build 26100.ge_release240331-1435 6:16 AM 10/8/2026
[keys] '2-10-2026{ENTER}' -> Tally 'TallyPrime:9000'
[shot] tds-008-scr-off-date (1024x768)
[06:16:21] [tds] screen tds-008-scr-off-date : EDU Recyc Prime K: Company Y: Data Accounting Voucher Creation Sales No. 2 Firef Party Alc narne. Current balance: Sales ledger: Current balance: Name of Item Googl Chro Micros 46 IypÅ Narration: Unity Quit Z: Exchange A Accept Q Search O: Import E: Export List of Led er Accounts Cash Share Party Spike Party Spike Party 2 Ul Party M: Share FinCom • ke Co p: print x Create Fl: Help Date Company F4: Contra F5: Payment Receipt Journal F8: Sales Purchase F: Autofill Change Mode More Details o: L: 161 • aafa5 nt to 59041 eUa7f ' , "tra Hub" , 87-dO eUa7f ' , "tra isten unnin ion_i age" , 87-dO 'tal...
[keys] 'Share Party{ENTER}' -> Tally 'TallyPrime:9000'
[shot] tds-009-scr-off-party (1024x768)
[06:16:26] [tds] screen tds-009-scr-off-party : o Recyc Firefo Googl Chron EDU Prime Details K: Company Y: Data Z: Exchange A Accept Q Search O: Import E: Export o M: Share p: print x FinCom Spike Co Dispatch Details Dispatch Doc No. Dispatched through Destination Carrier Name/Agent Bill of No. Motor Vehicle No. Delivery Note No(s) Micros lyp Unity Quit Date: Fl: Help • aafa5 nt to 59041 eUa7f ' , "tra Hub" , 87-dO eUa7f ' , "tra : '2.3 isten unnin ion_i age" , 87-dO 'tally Windows Server 2025 Datacenter Build 26100.ge_release240331-1435 6:16 AM 10/8/2026
[shot] tds-010-scr-off-party-sub1 (1024x768)
[06:16:26] [tds] screen tds-010-scr-off-party-sub1 : o Recyc Firefo Googl Chron EDU Prime Details K: Company Y: Data Z: Exchange A Accept Q Search O: Import E: Export o M: Share p: print x FinCom Spike Co Dispatch Details Dispatch Doc No. Dispatched through Destination Carrier Name/Agent Bill of No. Motor Vehicle No. Delivery Note No(s) Micros lyp Unity Quit Date: Fl: Help • aafa5 nt to 59041 eUa7f ' , "tra Hub" , 87-dO eUa7f ' , "tra : '2.3 isten unnin ion_i age" , 87-dO 'tally Windows Server 2025 Datacenter Build 26100.ge_release240331-1435 6:16 AM 10/8/2026
[keys] '^a' -> Tally 'TallyPrime:9000'
[shot] tds-011-scr-off-party-sub-accept (1024x768)
[06:16:29] [tds] screen tds-011-scr-off-party-sub-accept : EDU Recyc Prime Details Firefo Googl Chron Micros Unity Quit K: Company Y: Data Z: Exchange FinCom Spike Co Party Details Share Pa List of Led er Accounts Share Party Spike Party Spike Party 2 Ul Party O: Import Create New Party E: Export M: Share p: print Fl: Help Buyer (Bill to) Mailing Name Address State Country GST Registration type GSTIN/UIN Place of Supply Accept Q Search x L: Fetch Details Using 161 • aafa5 nt to 59041 eUa7f ' , "tra Hub" , 87-dO eUa7f ' , "tra isten GSTIN/UIN unnin ion_i age" , 87-dO 'tally Configure Windows Server 2025 Datacenter Build 26100.ge_release240331-1435 6:16...
[shot] tds-012-scr-off-party-sub2 (1024x768)
[06:16:30] [tds] screen tds-012-scr-off-party-sub2 : EDU Recyc Prime Details Firefo Googl Chron Micros Unity Quit K: Company Y: Data Z: Exchange FinCom Spike Co Party Details Share Pa List of Led er Accounts Share Party Spike Party Spike Party 2 Ul Party O: Import Create New Party E: Export M: Share p: print Fl: Help Buyer (Bill to) Mailing Name Address State Country GST Registration type GSTIN/UIN Place of Supply Accept Q Search x L: Fetch Details Using 161 • aafa5 nt to 59041 eUa7f ' , "tra Hub" , 87-dO eUa7f ' , "tra isten GSTIN/UIN unnin ion_i age" , 87-dO 'tally Configure Windows Server 2025 Datacenter Build 26100.ge_release240331-1435 6:16...
[keys] '^a' -> Tally 'TallyPrime:9000'
[shot] tds-013-scr-off-party-sub-accept (1024x768)
[06:16:33] [tds] screen tds-013-scr-off-party-sub-accept : EDU Recyc Prime K: Company Y: Data Accounting Voucher Creation Z: Exchange A Accept Q Search FinCom • ke Co O: Import E: Export List of Led er Accounts Share Sales M: Share p: print Create Show More x Firef Googl Chro Micros 46 IypÅ Unity Sales Party Alc narne. Current balance: Sales ledger: Current balance: No. 2 Share Party 150.00 Dr Name of Item Narration: Quit Fl: Help Date Company F4: Contra F5: Payment Receipt Journal F8: Sales Purchase F: Autofill Change Mode More Details o: L: 161 • aafa5 nt to 59041 eUa7f ' , "tra Hub" , 87-dO eUa7f ' , "tra isten unnin ion_i age" , 87-dO 'tally D: De...
[shot] tds-014-scr-off-party-sub3 (1024x768)
[06:16:34] [tds] screen tds-014-scr-off-party-sub3 : EDU Recyc Prime K: Company Y: Data Accounting Voucher Creation Z: Exchange A Accept Q Search FinCom • ke Co O: Import E: Export List of Led er Accounts Share Sales M: Share p: print Create Show More x Firef Googl Chro Micros 46 IypÅ Unity Sales Party Alc narne. Current balance: Sales ledger: Current balance: No. 2 Share Party 150.00 Dr Name of Item Narration: Quit Fl: Help Date Company F4: Contra F5: Payment Receipt Journal F8: Sales Purchase F: Autofill Change Mode More Details o: L: 161 • aafa5 nt to 59041 eUa7f ' , "tra Hub" , 87-dO eUa7f ' , "tra isten unnin ion_i age" , 87-dO 'tally D: De...
[keys] 'Share Sales{ENTER}' -> Tally 'TallyPrime:9000'
[shot] tds-015-scr-off-ledger (1024x768)
[06:16:38] [tds] screen tds-015-scr-off-ledger : EDU Recyc Prime K: Company Y: Data Accounting Voucher Creation Z: Exchange A Accept Q Search FinCom • ke Co Sales Firef Party Alc narne. Current balance: Sales ledger: Current balance: No. 2 Share Party 150.00 Dr Share Sales 150.00 Cr O: Import Quantity E: Export Rate M: Share per p: print 2-Oct-26 Friday Amount Name of Item Googl Chron Micros 46 IypÅ Narration: Unity Quit Fl: Help Date Company F4: Contra F5: Payment Receipt Journal F8: Sales Purchase F: Autofill Change Mode More Details o: L: Related Reports Optional post -Dated 161 • aafa5 nt to 59041 eUa7f ' , "tra Hub" , 87-dO eUa7f ' , "t...
[shot] tds-016-scr-off-ledger-sub1 (1024x768)
[06:16:38] [tds] screen tds-016-scr-off-ledger-sub1 : EDU Recyc Prime K: Company Y: Data Accounting Voucher Creation Z: Exchange A Accept Q Search FinCom • ke Co Sales Firef Party Alc narne. Current balance: Sales ledger: Current balance: No. 2 Share Party 150.00 Dr Share Sales 150.00 Cr O: Import Quantity E: Export Rate M: Share per p: print 2-Oct-26 Friday Amount Name of Item Googl Chron Micros 46 IypÅ Narration: Unity Quit Fl: Help Date Company F4: Contra F5: Payment Receipt Journal F8: Sales Purchase F: Autofill Change Mode More Details o: L: Related Reports Optional post -Dated 161 • aafa5 nt to 59041 eUa7f ' , "tra Hub" , 87-dO eUa7f ' , "t...
[keys] 'Share Item{ENTER}' -> Tally 'TallyPrime:9000'
[shot] tds-017-scr-off-item (1024x768)
[06:16:42] [tds] screen tds-017-scr-off-item : EDU Recyc Prime K: Company Y: Data Accounting Voucher Creation Z: Exchange A Accept Q Search FinCom • ke Co Sales Firef Party Alc narne. Current balance: Sales ledger: Current balance: No. 2 Share Party 150.00 Dr Share Sales 150.00 Cr O: Import Quantity E: Export Rate M: Share per p: print 2-Oct-26 Friday Amount Name of Item Googl Chro Share Item Micros 46 IypÅ Narration: Unity Quit Fl: Help Date Company F4: Contra F5: Payment Receipt Journal F8: Sales Purchase F: Autofill Change Mode More Details o: L: Related Reports Optional post -Dated 161 • aafa5 nt to 59041 eUa7f ' , "tra Hub" , 87-dO eU...
[shot] tds-018-scr-off-item-sub1 (1024x768)
[06:16:42] [tds] screen tds-018-scr-off-item-sub1 : EDU Recyc Prime K: Company Y: Data Accounting Voucher Creation Z: Exchange A Accept Q Search FinCom • ke Co Sales Firef Party Alc narne. Current balance: Sales ledger: Current balance: No. 2 Share Party 150.00 Dr Share Sales 150.00 Cr O: Import Quantity E: Export Rate M: Share per p: print 2-Oct-26 Friday Amount Name of Item Googl Chro Share Item Micros 46 IypÅ Narration: Unity Quit Fl: Help Date Company F4: Contra F5: Payment Receipt Journal F8: Sales Purchase F: Autofill Change Mode More Details o: L: Related Reports Optional post -Dated 161 • aafa5 nt to 59041 eUa7f ' , "tra Hub" , 87-dO eU...
[keys] '2{ENTER}' -> Tally 'TallyPrime:9000'
[shot] tds-019-scr-off-qty (1024x768)
[06:16:45] [tds] screen tds-019-scr-off-qty : EDU Recyc Prime K: Company Y: Data Accounting Voucher Creation Z: Exchange A Accept Q Search FinCom • ke Co Sales Firef Party Alc narne. Current balance: Sales ledger: Current balance: No. 2 Share Party 150.00 Dr Share Sales 150.00 Cr O: Import Quantity 2 Nos 2 Nos E: Export Rate M: Share per p: print 2-Oct-26 Friday Amount Name of Item Googl Chro Share Item Micros 46 IypÅ Narration: Unity Quit Fl: Help Date Company F4: Contra F5: Payment Receipt Journal F8: Sales Purchase F: Autofill Change Mode More Details o: L: Related Reports Optional post -Dated 161 • aafa5 nt to 59041 eUa7f ' , "tra Hub...
[keys] '75{ENTER}' -> Tally 'TallyPrime:9000'
[shot] tds-020-scr-off-rate (1024x768)
[06:16:48] [tds] screen tds-020-scr-off-rate : EDU Recyc Prime K: Company Y: Data Accounting Voucher Creation Z: Exchange A Accept Q Search FinCom • ke Co Sales Firef Party Alc narne. Current balance: Sales ledger: Current balance: No. 2 Share Party 150.00 Dr Share Sales 150.00 Cr O: Import Quantity 2 Nos 2 Nos E: Export Rate 75.00 M: Share per Nos p: print 2-Oct-26 Friday Amount 150.00 Name of Item Googl Chro Share Item Micros 46 IypÅ Narration: Unity Quit Fl: Help Date Company F4: Contra F5: Payment Receipt Journal F8: Sales Purchase F: Autofill Change Mode More Details o: L: 150.00 Related Reports Optional post -Dated 161 • aafa5 nt to ...
[keys] '{ENTER}' -> Tally 'TallyPrime:9000'
[shot] tds-021-scr-off-amount (1024x768)
[06:16:51] [tds] screen tds-021-scr-off-amount : EDU Recyc Prime K: Company Y: Data Accounting Voucher Creation Z: Exchange A Accept Q Search FinCom • ke Co Sales Firef Party Alc narne. Current balance: Sales ledger: Current balance: No. 2 Share Party 150.00 Dr Share Sales 150.00 Cr O: Import Quantity 2 Nos 2 Nos E: Export Rate 75.00 M: Share per Nos p: print 2-Oct-26 Friday Amount 150.00 Name of Item Googl Chro Share Item Micros 46 IypÅ Narration: Unity Quit Fl: Help Date Company F4: Contra F5: Payment Receipt Journal F8: Sales Purchase F: Autofill Change Mode More Details o: L: 150.00 Related Reports Optional post -Dated 161 • aafa5 nt to ...
[shot] tds-022-scr-off-item-b-sub1 (1024x768)
[06:16:51] [tds] screen tds-022-scr-off-item-b-sub1 : EDU Recyc Prime K: Company Y: Data Accounting Voucher Creation Z: Exchange A Accept Q Search FinCom • ke Co Sales Firef Party Alc narne. Current balance: Sales ledger: Current balance: No. 2 Share Party 150.00 Dr Share Sales 150.00 Cr O: Import Quantity 2 Nos 2 Nos E: Export Rate 75.00 M: Share per Nos p: print 2-Oct-26 Friday Amount 050.00 Name of Item Googl Chro Share Item Micros 46 IypÅ Narration: Unity Quit Fl: Help Date Company F4: Contra F5: Payment Receipt Journal F8: Sales Purchase F: Autofill Change Mode More Details o: L: 150.00 Related Reports Optional post -Dated 161 • aafa5 nt to ...
[keys] '{ENTER}' -> Tally 'TallyPrime:9000'
[shot] tds-023-scr-off-items-done (1024x768)
[06:16:54] [tds] screen tds-023-scr-off-items-done : EDU Recyc Prime K: Company Y: Data Accounting Voucher Creation Z: Exchange A Accept Q Search FinCom • ke Co Sales Firef Party Alc narne. Current balance: Sales ledger: Current balance: No. 2 Share Party 150.00 Dr Share Sales 150.00 Cr O: Import Quantity 2 Nos 2 Nos E: Export Rate 75.00 M: Share per Nos Name of Item Googl Chro Share Item Micros 46 IypÅ Narration: Unity Quit p: print 2-Oct-26 Friday Amount 150.00 150.00 Fl: Help Date Company F4: Contra F5: Payment Receipt Journal F8: Sales Purchase F: Autofill Change Mode More Details o: L: 150.00 Related Reports Optional post -Dated 161 • aafa5...
[keys] '^a' -> Tally 'TallyPrime:9000'
[shot] tds-024-scr-off-accept1 (1024x768)
[06:16:58] [tds] screen tds-024-scr-off-accept1 : EDU Recyc Prime K: Company Y: Data Accounting Voucher Creation Sales No. 3 Firef Party Alc narne. Current balance: Sales ledger: Current balance: Name of Item Googl Chro Micros 46 IypÅ Narration: Unity Quit Z: Exchange A Accept Q Search O: Import E: Export List of Led er Accounts Cash Share Party Spike Party Spike Party 2 Ul Party M: Share FinCom • ke Co p: print x Create Fl: Help Date Company F4: Contra F5: Payment Receipt Journal F8: Sales Purchase F: Autofill Change Mode More Details o: L: 161 • aafa5 nt to 59041 eUa7f ' , "tra Hub" , 87-dO eUa7f ' , "tra isten unnin ion_i age" , 87-dO 'tal...
[shot] tds-025-scr-off-after1 (1024x768)
[06:16:59] [tds] screen tds-025-scr-off-after1 : EDU Recyc Prime K: Company Y: Data Accounting Voucher Creation Sales No. 3 Firef Party Alc narne. Current balance: Sales ledger: Current balance: Name of Item Googl Chro Micros 46 IypÅ Narration: Unity Quit Z: Exchange A Accept Q Search O: Import E: Export List of Led er Accounts Cash Share Party Spike Party Spike Party 2 Ul Party M: Share FinCom • ke Co p: print x Create Fl: Help Date Company F4: Contra F5: Payment Receipt Journal F8: Sales Purchase F: Autofill Change Mode More Details o: L: 161 • aafa5 nt to 59041 eUa7f ' , "tra Hub" , 87-dO eUa7f ' , "tra isten unnin ion_i age" , 87-dO 'tal...
[keys] '^a' -> Tally 'TallyPrime:9000'
[shot] tds-026-scr-off-accept2 (1024x768)
[06:17:03] [tds] screen tds-026-scr-off-accept2 : EDU Recyc Prime K: Company Y: Data Accounting Voucher Creation Firefo Googl Chron Micros Unity Q: Quit Z: Exchange A: Accept Q Search O: Import E: Export M: Share FinCom Spike Co p: print Fl: Help x F2: Date F3: Company F4: Contra F5: Payment t F6: Receipt F7: Journal F8: Sales F9: Purchase F: Autofill H: Change Mode l: More Details Error Oops! No Entries in Voucher! 161 • aafa5 nt to 59041 eUa7f ' , "tra Hub" , 87-dO eUa7f ' , "tra isten unnin ion_i age" , 87-dO 'tally p: Delete , cancel vch O: Related Reports k: Optional T: post -Dated Fl 2: Configure Windows Server 2025 Datacenter Build 261...
[shot] tds-027-scr-off-after2 (1024x768)
[06:17:04] [tds] screen tds-027-scr-off-after2 : EDU Recyc Prime K: Company Y: Data Accounting Voucher Creation Firefo Googl Chron Micros Unity Q: Quit Z: Exchange A: Accept Q Search O: Import E: Export M: Share FinCom Spike Co p: print Fl: Help x F2: Date F3: Company F4: Contra F5: Payment t F6: Receipt F7: Journal F8: Sales F9: Purchase F: Autofill H: Change Mode l: More Details Error Oops! No Entries in Voucher! 161 • aafa5 nt to 59041 eUa7f ' , "tra Hub" , 87-dO eUa7f ' , "tra isten unnin ion_i age" , 87-dO 'tally p: Delete , cancel vch O: Related Reports k: Optional T: post -Dated Fl 2: Configure Windows Server 2025 Datacenter Build 261...
[keys] '^a' -> Tally 'TallyPrime:9000'
[shot] tds-028-scr-off-accept3 (1024x768)
[06:17:08] [tds] screen tds-028-scr-off-accept3 : EDU Recyc Prime K: Company Y: Data Accounting Voucher Creation Z: Exchange A Accept Q Search FinCom • ke Co O: Import E: Export List of Led er Accounts Cash Share Party Spike Party Spike Party 2 Ul Party M: Share p: print x Create Firef Googl Chro Micros 46 IypÅ Unity Sales No. 3 Party A/c narne: Cash Current balance: Sales ledger: Share Sales Current balance: 300.00 Cr Name of Item End of List End of List Narration: Quit Fl: Help Date Company F4: Contra F5: Payment Receipt Journal F8: Sales Purchase F: Autofill Change Mode More Details o: L: 161 • aafa5 nt to 59041 eUa7f ' , "tra Hub" , 87-dO...
[shot] tds-029-scr-off-after3 (1024x768)
[06:17:09] [tds] screen tds-029-scr-off-after3 : EDU Recyc Prime K: Company Y: Data Accounting Voucher Creation Z: Exchange A Accept Q Search FinCom • ke Co O: Import E: Export List of Led er Accounts Cash Share Party Spike Party Spike Party 2 Ul Party M: Share p: print x Create Firef Googl Chro Micros 46 IypÅ Unity Sales No. 3 PartyA/c narne: Cash Current balance: Sales ledger: Share Sales Current balance: 300.00 Cr Name of Item End of List End of List Narration: Quit Fl: Help Date Company F4: Contra F5: Payment Receipt Journal F8: Sales Purchase F: Autofill Change Mode More Details o: L: 161 • aafa5 nt to 59041 eUa7f ' , "tra Hub" , 87-dO ...
[keys] '^a' -> Tally 'TallyPrime:9000'
[shot] tds-030-scr-off-accept4 (1024x768)
[06:17:13] [tds] screen tds-030-scr-off-accept4 : EDU Recyc Prime K: Company Y: Data Accounting Voucher Creation Firefo Googl Chron Micros Unity Q: Quit Z: Exchange A: Accept Q Search O: Import E: Export M: Share FinCom Spike Co p: print Fl: Help x F2: Date F3: Company F4: Contra F5: Payment t F6: Receipt F7: Journal F8: Sales F9: Purchase F: Autofill H: Change Mode l: More Details Error Oops! No Entries in Voucher! 161 • aafa5 nt to 59041 eUa7f ' , "tra Hub" , 87-dO eUa7f ' , "tra isten unnin ion_i age" , 87-dO 'tally p: Delete , cancel vch O: Related Reports k: Optional T: post -Dated Fl 2: Configure Windows Server 2025 Datacenter Build 261...
[shot] tds-031-scr-off-after4 (1024x768)
[06:17:14] [tds] screen tds-031-scr-off-after4 : EDU Recyc Prime K: Company Y: Data Accounting Voucher Creation Firefo Googl Chron Micros Unity Q: Quit Z: Exchange A: Accept Q Search O: Import E: Export M: Share FinCom Spike Co p: print Fl: Help x F2: Date F3: Company F4: Contra F5: Payment t F6: Receipt F7: Journal F8: Sales F9: Purchase F: Autofill H: Change Mode l: More Details Error Oops! No Entries in Voucher! 161 • aafa5 nt to 59041 eUa7f ' , "tra Hub" , 87-dO eUa7f ' , "tra isten unnin ion_i age" , 87-dO 'tally p: Delete , cancel vch O: Related Reports k: Optional T: post -Dated Fl 2: Configure Windows Server 2025 Datacenter Build 261...
[shot] tds-032-gw0 (1024x768)
[06:17:14] [tds] screen tds-032-gw0 : EDU Recyc Prime K: Company Y: Data Accounting Voucher Creation Firefo Googl Chron Micros Unity Q: Quit Z: Exchange A: Accept Q Search O: Import E: Export M: Share FinCom Spike Co p: print Fl: Help x F2: Date F3: Company F4: Contra F5: Payment t F6: Receipt F7: Journal F8: Sales F9: Purchase F: Autofill H: Change Mode l: More Details Error Oops! No Entries in Voucher! 161 • aafa5 nt to 59041 eUa7f ' , "tra Hub" , 87-dO eUa7f ' , "tra isten unnin ion_i age" , 87-dO 'tally p: Delete , cancel vch O: Related Reports k: Optional T: post -Dated Fl 2: Configure Windows Server 2025 Datacenter Build 261...
[keys] '{ESC}' -> Tally 'TallyPrime:9000'
[shot] tds-033-gw1 (1024x768)
[06:17:17] [tds] screen tds-033-gw1 : EDU Recyc Prime K: Company Y: Data Accounting Voucher Creation Z: Exchange A Accept Q Search FinCom • ke Co O: Import E: Export List of Led er Accounts Cash Share Party Spike Party Spike Party 2 Ul Party M: Share p: print x Create Firef Googl Chro Micros 46 IypÅ Unity Sales No. 3 Party A/c narne: Cash Current balance: Sales ledger: Share Sales Current balance: 300.00 Cr Name of Item End of List End of List Narration: Quit Fl: Help Date Company F4: Contra F5: Payment Receipt Journal F8: Sales Purchase F: Autofill Change Mode More Details o: L: 161 • aafa5 nt to 59041 eUa7f ' , "tra Hub" , 87-dO...
[keys] '{ESC}' -> Tally 'TallyPrime:9000'
[shot] tds-034-gw2 (1024x768)
[06:17:21] [tds] screen tds-034-gw2 : EDU Recyc Prime K: Company Y: Data Accounting Voucher Creation Z: Exchange A Accept Q Search FinCom • ke Co O: Import E: Export List of Led er Accounts Cash Share Party Spike Party Spike Party 2 Ul Party M: Share p: print x Create Firef Googl Chro Micros 46 IypÅ Unity Sales No. 3 Party Alc narne. Current balance: Sales ledger: Share Sales Current balance: 300.00 Cr Name of Item End of List End of List Narration: Quit Fl: Help Date Company F4: Contra F5: Payment Receipt Journal F8: Sales Purchase F: Autofill Change Mode More Details o: L: 161 • aafa5 nt to 59041 eUa7f ' , "tra Hub" , 87-dO eUa7...
[keys] '{ESC}' -> Tally 'TallyPrime:9000'
[shot] tds-035-gw3 (1024x768)
[06:17:24] [tds] screen tds-035-gw3 : EDU Recyc Prime K: Company Y: Data Accounting Voucher Creation Z: Exchange A: Accept Q Search FinCom Firef Googl Chro Micros 46 IypÅ Unity Sales No. 3 Party Alc narne. Current balance: Sales ledger: Share Sales Current balance: 300.00 Cr Name of Item End of List End of List Narration: Q: Quit O: Import Quantity E: Export Rate M: Share per p: print 2-Oct-26 Friday Amount Quit o Yes or No 161 • aafa5 nt to 59041 eUa7f ' , "tra Hub" , 87-dO eUa7f ' , "tra isten unnin ion_i age" , 87-dO 'tally D: Delete X: Cancel Vch Fl: Help F2: Date F3: Company F4: Contra F5: Payment F6: Receipt F7: Journal F8: ...
[keys] 'y' -> Tally 'TallyPrime:9000'
[shot] tds-036-gw4 (1024x768)
[06:17:27] [tds] screen tds-036-gw4 : EDU Recyc Prime Gatewa of Tall CURRENT PERIOD K: Company Y: Data Z: Exchange O: Import E: Export M: Share p: print Fl: Help Date 161 • aafa5 Firefo Googl Chro Micros 46 IypÅ Unity I-Apr-26 to 31-Mar-27 NAME OF COMPANY FinCom Spike Co Q CURRENT OATE Friday, 2-Oct-2026 2-Oct-26 Search Gateway of Tally MASTERS Create Alter CHart of Accounts TRANSACTIONS Vouchers Day 800K UTILITIES BaNking REPORTS Balance Sheet Profit & Loss A/c Stock Summary Ratio Analysis Display More Reports DashbOard Quit Company nt to 59041 eUa7f ' , "tra Hub" , 87-dO eUa7f ' , "tra isten unnin ion_i age" , 87-dO 'tally Windo...
  voucher mid=1 aid=1 Journal/1/20260401 guid=48732dd2-22d1-4f4c-88b3-be0b9c1dfc21-00000001 cancelled=False
  voucher mid=2 aid=2 Sales/1/20261002 guid=48732dd2-22d1-4f4c-88b3-be0b9c1dfc21-00000002 cancelled=False
  voucher mid=3 aid=3 Sales/2/20261002 guid=48732dd2-22d1-4f4c-88b3-be0b9c1dfc21-00000003 cancelled=False
[06:17:32] hang: data kept as 'gstoff'
[keys] 'a' -> Tally 'TallyPrime:9000'
[keys] 't' -> Tally 'TallyPrime:9000'
[shot] v-hang-setup-on-started (1024x768)
[company GST on] 8 ms: <RESPONSE><CREATED>0</CREATED><ALTERED>1</ALTERED><DELETED>0</DELETED><LASTVCHID>0</LASTVCHID><LASTMID>0</LASTMID><COMBINED>0</COMBINED><IGNORED>0</IGNORED><ERRORS>0</ERRORS><CANCELLED>0</CANCELLED><EXCEPTIONS>0</EXCEPTIONS></RESPONSE>
  INFO hang GST on: ISGSTON before 'Yes', now 'Yes'
[xml invoice GST on] 38 ms: <RESPONSE><CREATED>1</CREATED><ALTERED>0</ALTERED><DELETED>0</DELETED><LASTVCHID>2</LASTVCHID><LASTMID>0</LASTMID><COMBINED>0</COMBINED><IGNORED>0</IGNORED><ERRORS>0</ERRORS><CANCELLED>0</CANCELLED><EXCEPTIONS>0</EXCEPTIONS></RESPONSE>
  INFO hang GST on XML invoice: <CREATED>1</CREATED> <ALTERED>0</ALTERED> <DELETED>0</DELETED> <LASTVCHID>2</LASTVCHID> <LASTMID>0</LASTMID> <COMBINED>0</COMBINED> <IGNORED>0</IGNORED> <ERRORS>0</ERRORS>
[shot] tds-037-gw0 (1024x768)
[06:18:11] [tds] screen tds-037-gw0 : EDU Recyc Prime Gatewa of Tall CURRENT PERIOD K: Company Y: Data Z: Exchange CURRENT OATE Wednesday, I-Apr-2026 O: Import E: Export M: Share p: print Fl: Help Date 161 • aafa5 Firefo Googl Chro Micros 46 IypÅ Unity I-Apr-26 to 31-Mar-27 NAME OF COMPANY FinCom Spike Co Gateway of Tally MASTERS Create Alter CHart of Accounts TRANSACTIONS Vouchers Day 800K UTILITIES BaNking REPORTS Balance Sheet Profit & Loss A/c Stock Summary Ratio Analysis Display More Reports DashbOard Quit Q upr-26 Search Company nt to 59041 eUa7f ' , "tra Hub" , 87-dO eUa7f ' , "tra isten unnin ion_i age" , 87-dO 'tally Wind...
[shot] tds-038-scr-on-start (1024x768)
[06:18:11] [tds] screen tds-038-scr-on-start : EDU Recyc Prime Gatewa of Tall CURRENT PERIOD K: Company Y: Data Z: Exchange CURRENT OATE Wednesday, I-Apr-2026 O: Import E: Export M: Share p: print Fl: Help Date 161 • aafa5 Firefo Googl Chro Micros 46 IypÅ Unity I-Apr-26 to 31-Mar-27 NAME OF COMPANY FinCom Spike Co Gateway of Tally MASTERS Create Alter CHart of Accounts TRANSACTIONS Vouchers Day 800K UTILITIES BaNking REPORTS Balance Sheet Profit & Loss A/c Stock Summary Ratio Analysis Display More Reports DashbOard Quit Q upr-26 Search Company nt to 59041 eUa7f ' , "tra Hub" , 87-dO eUa7f ' , "tra isten unnin ion_i age" , 87-dO 'tally Wind...
[keys] 'v' -> Tally 'TallyPrime:9000'
[shot] tds-039-scr-on-vouchers (1024x768)
[06:18:15] [tds] screen tds-039-scr-on-vouchers : EDU Recyc Prime K: Company Y: Data Accounting Voucher Creation Pa ment No. 1 Firefo Account Current balance: Particulars Googl Chro Micros 46 IypÅ Narration: Unity Quit Z: Exchange A Accept Q Search O: Import E: Export M: Share FinCom • ke Co p: print upr-26 Wednesday Amount Fl: Help Q: Date Company Ed: Contra F-5: Payment Receipt Journal Sales Purchase Fl O: OåuVooctgs E: Autofill Change Mode More Details O: Related ¯ Repons Optional post -Dated J: Stat Adjustment El 2: Configure 161 • aafa5 nt to 59041 eUa7f : ' , "tra Hub" , 87-dO eUa7f ' , "tra isten unnin ion_i age" , 87-dO 'tally D: Dele...
[keys] '{F8}' -> Tally 'TallyPrime:9000'
[shot] tds-040-scr-on-type (1024x768)
[06:18:19] [tds] screen tds-040-scr-on-type : EDU Recyc Prime K: Company Y: Data Accounting Voucher Creation Sales No. 2 Firef Party Alc narne. Current balance: Sales ledger: Current balance: Name of Item Googl Chro Micros 46 IypÅ Narration: Unity Quit Z: Exchange A Accept Q Search O: Import E: Export List of Led er Accounts Cash Share Party Spike Party Spike Party 2 Ul Party M: Share FinCom • ke Co p: print x Create Fl: Help Date Company F4: Contra F5: Payment Receipt Journal F8: Sales Purchase F: Autofill Change Mode More Details o: L: 161 • aafa5 nt to 59041 eUa7f ' , "tra Hub" , 87-dO eUa7f ' , "tra isten unnin ion_i age" , 87-dO 'tal...
[keys] '^h' -> Tally 'TallyPrime:9000'
[shot] tds-041-scr-on-mode (1024x768)
[06:18:22] [tds] screen tds-041-scr-on-mode : o Recyc Firefo Googl Chron Micros lyp Unity EDU Prime Change Mode Quit K: Company Y: Data Z: Exchange O: Import E: Export o M: Share p: print x FinCom • ke Co Change Voucher Mode Item Invoice List of Modes/Usa es Item Invoice Accounting Invoice As Voucher A Accept Q Search Fl: Help • aafa5 nt to 59041 eUa7f ' , "tra Hub" , 87-dO eUa7f ' , "tra : '2.3 isten unnin ion_i age" , 87-dO 'tally Windows Server 2025 Datacenter Build 26100.ge_release240331-1435 6:18 AM 10/8/2026
[keys] 'Item Invoice{ENTER}' -> Tally 'TallyPrime:9000'
[shot] tds-042-scr-on-item-mode (1024x768)
[06:18:26] [tds] screen tds-042-scr-on-item-mode : EDU Recyc Prime K: Company Y: Data Accounting Voucher Creation Sales No. 2 Firef Party Alc narne. Current balance: Sales ledger: Current balance: Name of Item Googl Chro Micros 46 IypÅ Narration: Unity Quit Z: Exchange A Accept Q Search O: Import E: Export List of Led er Accounts Cash Share Party Spike Party Spike Party 2 Ul Party M: Share FinCom • ke Co p: print x Create Fl: Help Date Company F4: Contra F5: Payment Receipt Journal F8: Sales Purchase F: Autofill Change Mode More Details o: L: 161 • aafa5 nt to 59041 eUa7f ' , "tra Hub" , 87-dO eUa7f ' , "tra isten unnin ion_i age" , 87-dO 'tal...
[keys] '{F2}' -> Tally 'TallyPrime:9000'
[shot] tds-043-scr-on-date-box (1024x768)
[06:18:29] [tds] screen tds-043-scr-on-date-box : x Recyc Firefo EDU Prime Change Voucher Date K: Company Y: Data Z: Exchange A Accept Q Search O: Import E: Export o M: Share p: print o Fl: Help Googl Chron Micros lyp Unity Quit FinCom Spike Co Voucher Date 24-2026 • aafa5 nt to 59041 eUa7f ' , "tra Hub" , 87-dO eUa7f ' , "tra : '2.3 isten unnin ion_i age" , 87-dO 'tally Windows Server 2025 Datacenter Build 26100.ge_release240331-1435 6:18 AM 10/8/2026
[keys] '2-10-2026{ENTER}' -> Tally 'TallyPrime:9000'
[shot] tds-044-scr-on-date (1024x768)
[06:18:32] [tds] screen tds-044-scr-on-date : EDU Recyc Prime K: Company Y: Data Accounting Voucher Creation Sales No. 2 Firef Party Alc narne. Current balance: Sales ledger: Current balance: Name of Item Googl Chro Micros 46 IypÅ Narration: Unity Quit Z: Exchange A Accept Q Search O: Import E: Export List of Led er Accounts Cash Share Party Spike Party Spike Party 2 Ul Party M: Share FinCom • ke Co p: print x Create Fl: Help Date Company F4: Contra F5: Payment Receipt Journal F8: Sales Purchase F: Autofill Change Mode More Details o: L: 161 • aafa5 nt to 59041 eUa7f ' , "tra Hub" , 87-dO eUa7f ' , "tra isten unnin ion_i age" , 87-dO 'tal...
[keys] 'Share Party{ENTER}' -> Tally 'TallyPrime:9000'
[shot] tds-045-scr-on-party (1024x768)
[06:18:36] [tds] screen tds-045-scr-on-party : o Recyc Firefo Googl Chron EDU Prime Details K: Company Y: Data Z: Exchange A Accept Q Search O: Import E: Export o M: Share p: print x FinCom Spike Co Dispatch Details Dispatch Doc No. Dispatched through Destination Carrier Name/Agent Bill of No. Motor Vehicle No. Delivery Note No(s) Micros lyp Unity Quit Date: Fl: Help • aafa5 nt to 59041 eUa7f ' , "tra Hub" , 87-dO eUa7f ' , "tra : '2.3 isten unnin ion_i age" , 87-dO 'tally Windows Server 2025 Datacenter Build 26100.ge_release240331-1435 6:18 AM 10/8/2026
[shot] tds-046-scr-on-party-sub1 (1024x768)
[06:18:37] [tds] screen tds-046-scr-on-party-sub1 : o Recyc Firefo Googl Chron EDU Prime Details K: Company Y: Data Z: Exchange A Accept Q Search O: Import E: Export o M: Share p: print x FinCom Spike Co Dispatch Details Dispatch Doc No. Dispatched through Destination Carrier Name/Agent Bill of No. Motor Vehicle No. Delivery Note No(s) Micros lyp Unity Quit Date: Fl: Help • aafa5 nt to 59041 eUa7f ' , "tra Hub" , 87-dO eUa7f ' , "tra : '2.3 isten unnin ion_i age" , 87-dO 'tally Windows Server 2025 Datacenter Build 26100.ge_release240331-1435 6:18 AM 10/8/2026
[keys] '^a' -> Tally 'TallyPrime:9000'
[shot] tds-047-scr-on-party-sub-accept (1024x768)
[06:18:40] [tds] screen tds-047-scr-on-party-sub-accept : EDU Recyc Prime Details Firefo Googl Chron Micros Unity Quit K: Company Y: Data Z: Exchange FinCom Spike Co Party Details Share Pa List of Led er Accounts Share Party Spike Party Spike Party 2 Ul Party O: Import Create New Party E: Export M: Share p: print Fl: Help Buyer (Bill to) Mailing Name Address State Country GST Registration type GSTIN/UIN Place of Supply Accept Q Search x L: Fetch Details Using 161 • aafa5 nt to 59041 eUa7f ' , "tra Hub" , 87-dO eUa7f ' , "tra isten GSTIN/UIN unnin ion_i age" , 87-dO 'tally Configure Windows Server 2025 Datacenter Build 26100.ge_release240331-1435 6:18...
[shot] tds-048-scr-on-party-sub2 (1024x768)
[06:18:41] [tds] screen tds-048-scr-on-party-sub2 : EDU Recyc Prime Details Firefo Googl Chron Micros Unity Quit K: Company Y: Data Z: Exchange FinCom Spike Co Party Details Share Pa List of Led er Accounts Share Party Spike Party Spike Party 2 Ul Party O: Import Create New Party E: Export M: Share p: print Fl: Help Buyer (Bill to) Mailing Name Address State Country GST Registration type GSTIN/UIN Place of Supply Accept Q Search x L: Fetch Details Using 161 • aafa5 nt to 59041 eUa7f ' , "tra Hub" , 87-dO eUa7f ' , "tra isten GSTIN/UIN unnin ion_i age" , 87-dO 'tally Configure Windows Server 2025 Datacenter Build 26100.ge_release240331-1435 6:18...
[keys] '^a' -> Tally 'TallyPrime:9000'
[shot] tds-049-scr-on-party-sub-accept (1024x768)
[06:18:44] [tds] screen tds-049-scr-on-party-sub-accept : EDU Recyc Prime K: Company Y: Data Accounting Voucher Creation Z: Exchange A Accept Q Search FinCom • ke Co O: Import E: Export List of Led er Accounts Share Sales M: Share p: print Create Show More x Firef Googl Chro Micros 46 IypÅ Unity Sales Party Alc narne. Current balance: Sales ledger: Current balance: No. 2 Share Party 150.00 Dr Name of Item Narration: Quit Fl: Help Date Company F4: Contra F5: Payment Receipt Journal F8: Sales Purchase F: Autofill Change Mode More Details o: L: 161 • aafa5 nt to 59041 eUa7f ' , "tra Hub" , 87-dO eUa7f ' , "tra isten unnin ion_i age" , 87-dO 'tally D: De...
[shot] tds-050-scr-on-party-sub3 (1024x768)
[06:18:44] [tds] screen tds-050-scr-on-party-sub3 : EDU Recyc Prime K: Company Y: Data Accounting Voucher Creation Z: Exchange A Accept Q Search FinCom • ke Co O: Import E: Export List of Led er Accounts Share Sales M: Share p: print Create Show More x Firef Googl Chro Micros 46 IypÅ Unity Sales Party Alc narne. Current balance: Sales ledger: Current balance: No. 2 Share Party 150.00 Dr Name of Item Narration: Quit Fl: Help Date Company F4: Contra F5: Payment Receipt Journal F8: Sales Purchase F: Autofill Change Mode More Details o: L: 161 • aafa5 nt to 59041 eUa7f ' , "tra Hub" , 87-dO eUa7f ' , "tra isten unnin ion_i age" , 87-dO 'tally D: De...
[keys] 'Share Sales{ENTER}' -> Tally 'TallyPrime:9000'
[shot] tds-051-scr-on-ledger (1024x768)
[06:18:48] [tds] screen tds-051-scr-on-ledger : EDU Recyc Prime K: Company Y: Data Accounting Voucher Creation Z: Exchange A Accept Q Search FinCom • ke Co Sales Firef Party Alc narne. Current balance: Sales ledger: Current balance: No. 2 Share Party 150.00 Dr Share Sales 150.00 Cr O: Import Quantity E: Export Rate M: Share per p: print 2-Oct-26 Friday Amount Name of Item Googl Chron Micros 46 IypÅ Narration: Unity Quit Fl: Help Date Company F4: Contra F5: Payment Receipt Journal F8: Sales Purchase F: Autofill Change Mode More Details o: L: Related Reports Optional post -Dated 161 • aafa5 nt to 59041 eUa7f ' , "tra Hub" , 87-dO eUa7f ' , "t...
[shot] tds-052-scr-on-ledger-sub1 (1024x768)
[06:18:49] [tds] screen tds-052-scr-on-ledger-sub1 : EDU Recyc Prime K: Company Y: Data Accounting Voucher Creation Z: Exchange A Accept Q Search FinCom • ke Co Sales Firef Party Alc narne. Current balance: Sales ledger: Current balance: No. 2 Share Party 150.00 Dr Share Sales 150.00 Cr O: Import Quantity E: Export Rate M: Share per p: print 2-Oct-26 Friday Amount Name of Item Googl Chron Micros 46 IypÅ Narration: Unity Quit Fl: Help Date Company F4: Contra F5: Payment Receipt Journal F8: Sales Purchase F: Autofill Change Mode More Details o: L: Related Reports Optional post -Dated 161 • aafa5 nt to 59041 eUa7f ' , "tra Hub" , 87-dO eUa7f ' , "t...
[keys] 'Share Item{ENTER}' -> Tally 'TallyPrime:9000'
[shot] tds-053-scr-on-item (1024x768)
[06:18:52] [tds] screen tds-053-scr-on-item : EDU Recyc Prime K: Company Y: Data Accounting Voucher Creation Z: Exchange A Accept Q Search FinCom • ke Co Sales Firef Party Alc narne. Current balance: Sales ledger: Current balance: No. 2 Share Party 150.00 Dr Share Sales 150.00 Cr O: Import Quantity E: Export Rate M: Share per p: print 2-Oct-26 Friday Amount Name of Item Googl Chro Share Item Micros 46 IypÅ Narration: Unity Quit Fl: Help Date Company F4: Contra F5: Payment Receipt Journal F8: Sales Purchase F: Autofill Change Mode More Details o: L: Related Reports Optional post -Dated 161 • aafa5 nt to 59041 eUa7f ' , "tra Hub" , 87-dO eU...
[shot] tds-054-scr-on-item-sub1 (1024x768)
[06:18:53] [tds] screen tds-054-scr-on-item-sub1 : EDU Recyc Prime K: Company Y: Data Accounting Voucher Creation Z: Exchange A Accept Q Search FinCom • ke Co Sales Firef Party Alc narne. Current balance: Sales ledger: Current balance: No. 2 Share Party 150.00 Dr Share Sales 150.00 Cr O: Import Quantity E: Export Rate M: Share per p: print 2-Oct-26 Friday Amount Name of Item Googl Chro Share Item Micros 46 IypÅ Narration: Unity Quit Fl: Help Date Company F4: Contra F5: Payment Receipt Journal F8: Sales Purchase F: Autofill Change Mode More Details o: L: Related Reports Optional post -Dated 161 • aafa5 nt to 59041 eUa7f ' , "tra Hub" , 87-dO eU...
[keys] '2{ENTER}' -> Tally 'TallyPrime:9000'
[shot] tds-055-scr-on-qty (1024x768)
[06:18:55] [tds] screen tds-055-scr-on-qty : EDU Recyc Prime K: Company Y: Data Accounting Voucher Creation Z: Exchange A Accept Q Search FinCom • ke Co Sales Firef Party Alc narne. Current balance: Sales ledger: Current balance: No. 2 Share Party 150.00 Dr Share Sales 150.00 Cr O: Import Quantity 2 Nos 2 Nos E: Export Rate M: Share per p: print 2-Oct-26 Friday Amount Name of Item Googl Chro Share Item Micros 46 IypÅ Narration: Unity Quit Fl: Help Date Company F4: Contra F5: Payment Receipt Journal F8: Sales Purchase F: Autofill Change Mode More Details o: L: Related Reports Optional post -Dated 161 • aafa5 nt to 59041 eUa7f ' , "tra Hub...
[keys] '75{ENTER}' -> Tally 'TallyPrime:9000'
[shot] tds-056-scr-on-rate (1024x768)
[06:18:58] [tds] screen tds-056-scr-on-rate : EDU Recyc Prime K: Company Y: Data Accounting Voucher Creation Z: Exchange A Accept Q Search FinCom • ke Co Sales Firef Party Alc narne. Current balance: Sales ledger: Current balance: No. 2 Share Party 150.00 Dr Share Sales 150.00 Cr O: Import Quantity 2 Nos 2 Nos E: Export Rate 75.00 M: Share per Nos p: print 2-Oct-26 Friday Amount 150.00 Name of Item Googl Chro Share Item Micros 46 IypÅ Narration: Unity Quit Fl: Help Date Company F4: Contra F5: Payment Receipt Journal F8: Sales Purchase F: Autofill Change Mode More Details o: L: 150.00 Related Reports Optional post -Dated 161 • aafa5 nt to ...
[keys] '{ENTER}' -> Tally 'TallyPrime:9000'
[shot] tds-057-scr-on-amount (1024x768)
[06:19:01] [tds] screen tds-057-scr-on-amount : EDU Recyc Prime K: Company Y: Data Accounting Voucher Creation Z: Exchange A Accept Q Search FinCom • ke Co Sales Firef Party Alc narne. Current balance: Sales ledger: Current balance: No. 2 Share Party 150.00 Dr Share Sales 150.00 Cr O: Import Quantity 2 Nos 2 Nos E: Export Rate 75.00 M: Share per Nos p: print 2-Oct-26 Friday Amount 150.00 Name of Item Googl Chro Share Item Micros 46 IypÅ Narration: Unity Quit Fl: Help Date Company F4: Contra F5: Payment Receipt Journal F8: Sales Purchase F: Autofill Change Mode More Details o: L: 150.00 Related Reports Optional post -Dated 161 • aafa5 nt to ...
[shot] tds-058-scr-on-item-b-sub1 (1024x768)
[06:19:02] [tds] screen tds-058-scr-on-item-b-sub1 : EDU Recyc Prime K: Company Y: Data Accounting Voucher Creation Z: Exchange A Accept Q Search FinCom • ke Co Sales Firef Party Alc narne. Current balance: Sales ledger: Current balance: No. 2 Share Party 150.00 Dr Share Sales 150.00 Cr O: Import Quantity 2 Nos 2 Nos E: Export Rate 75.00 M: Share per Nos p: print 2-Oct-26 Friday Amount 050.00 Name of Item Googl Chro Share Item Micros 46 IypÅ Narration: Unity Quit Fl: Help Date Company F4: Contra F5: Payment Receipt Journal F8: Sales Purchase F: Autofill Change Mode More Details o: L: 150.00 Related Reports Optional post -Dated 161 • aafa5 nt to ...
[keys] '{ENTER}' -> Tally 'TallyPrime:9000'
[shot] tds-059-scr-on-items-done (1024x768)
[06:19:04] [tds] screen tds-059-scr-on-items-done : EDU Recyc Prime K: Company Y: Data Accounting Voucher Creation Z: Exchange A Accept Q Search FinCom • ke Co Sales Firef Party Alc narne. Current balance: Sales ledger: Current balance: No. 2 Share Party 150.00 Dr Share Sales 150.00 Cr O: Import Quantity 2 Nos 2 Nos E: Export Rate 75.00 M: Share per Nos Name of Item Googl Chro Share Item Micros 46 IypÅ Narration: Unity Quit p: print 2-Oct-26 Friday Amount 150.00 150.00 Fl: Help Date Company F4: Contra F5: Payment Receipt Journal F8: Sales Purchase F: Autofill Change Mode More Details o: L: 150.00 Related Reports Optional post -Dated 161 • aafa5...
[keys] '^a' -> Tally 'TallyPrime:9000'
[shot] tds-060-scr-on-accept1 (1024x768)
[06:19:09] [tds] screen tds-060-scr-on-accept1 : EDU Recyc Prime K: Company Y: Data Accounting Voucher Creation Sales No. 3 Firef Party Alc narne. Current balance: Sales ledger: Current balance: Name of Item Googl Chro Micros 46 IypÅ Narration: Unity Quit Z: Exchange A Accept Q Search O: Import E: Export List of Led er Accounts Cash Share Party Spike Party Spike Party 2 Ul Party M: Share FinCom • ke Co p: print x Create Fl: Help Date Company F4: Contra F5: Payment Receipt Journal F8: Sales Purchase F: Autofill Change Mode More Details o: L: 161 • aafa5 nt to 59041 eUa7f ' , "tra Hub" , 87-dO eUa7f ' , "tra isten unnin ion_i age" , 87-dO 'tal...
[shot] tds-061-scr-on-after1 (1024x768)
[06:19:09] [tds] screen tds-061-scr-on-after1 : EDU Recyc Prime K: Company Y: Data Accounting Voucher Creation Sales No. 3 Firef Party Alc narne. Current balance: Sales ledger: Current balance: Name of Item Googl Chro Micros 46 IypÅ Narration: Unity Quit Z: Exchange A Accept Q Search O: Import E: Export List of Led er Accounts Cash Share Party Spike Party Spike Party 2 Ul Party M: Share FinCom • ke Co p: print x Create Fl: Help Date Company F4: Contra F5: Payment Receipt Journal F8: Sales Purchase F: Autofill Change Mode More Details o: L: 161 • aafa5 nt to 59041 eUa7f ' , "tra Hub" , 87-dO eUa7f ' , "tra isten unnin ion_i age" , 87-dO 'tal...
[keys] '^a' -> Tally 'TallyPrime:9000'
[shot] tds-062-scr-on-accept2 (1024x768)
[06:19:14] [tds] screen tds-062-scr-on-accept2 : EDU Recyc Prime K: Company Y: Data Accounting Voucher Creation Firefo Googl Chron Micros Unity Q: Quit Z: Exchange A: Accept Q Search O: Import E: Export M: Share FinCom Spike Co p: print Fl: Help x F2: Date F3: Company F4: Contra F5: Payment t F6: Receipt F7: Journal F8: Sales F9: Purchase F: Autofill H: Change Mode l: More Details Error Oops! No Entries in Voucher! 161 • aafa5 nt to 59041 eUa7f ' , "tra Hub" , 87-dO eUa7f ' , "tra isten unnin ion_i age" , 87-dO 'tally p: Delete , cancel vch O: Related Reports k: Optional T: post -Dated Fl 2: Configure Windows Server 2025 Datacenter Build 261...
[shot] tds-063-scr-on-after2 (1024x768)
[06:19:14] [tds] screen tds-063-scr-on-after2 : EDU Recyc Prime K: Company Y: Data Accounting Voucher Creation Firefo Googl Chron Micros Unity Q: Quit Z: Exchange A: Accept Q Search O: Import E: Export M: Share FinCom Spike Co p: print Fl: Help x F2: Date F3: Company F4: Contra F5: Payment t F6: Receipt F7: Journal F8: Sales F9: Purchase F: Autofill H: Change Mode l: More Details Error Oops! No Entries in Voucher! 161 • aafa5 nt to 59041 eUa7f ' , "tra Hub" , 87-dO eUa7f ' , "tra isten unnin ion_i age" , 87-dO 'tally p: Delete , cancel vch O: Related Reports k: Optional T: post -Dated Fl 2: Configure Windows Server 2025 Datacenter Build 261...
[keys] '^a' -> Tally 'TallyPrime:9000'
[shot] tds-064-scr-on-accept3 (1024x768)
[06:19:19] [tds] screen tds-064-scr-on-accept3 : EDU Recyc Prime K: Company Y: Data Accounting Voucher Creation Z: Exchange A Accept Q Search FinCom • ke Co O: Import E: Export List of Led er Accounts Cash Share Party Spike Party Spike Party 2 Ul Party M: Share p: print x Create Firef Googl Chro Micros 46 IypÅ Unity Sales No. 3 PartyA/c narne: Cash Current balance: Sales ledger: Share Sales Current balance: 300.00 Cr Name of Item End of List End of List Narration: Quit Fl: Help Date Company F4: Contra F5: Payment Receipt Journal F8: Sales Purchase F: Autofill Change Mode More Details o: L: 161 • aafa5 nt to 59041 eUa7f ' , "tra Hub" , 87-dO ...
[shot] tds-065-scr-on-after3 (1024x768)
[06:19:19] [tds] screen tds-065-scr-on-after3 : EDU Recyc Prime K: Company Y: Data Accounting Voucher Creation Z: Exchange A Accept Q Search FinCom • ke Co O: Import E: Export List of Led er Accounts Cash Share Party Spike Party Spike Party 2 Ul Party M: Share p: print x Create Firef Googl Chro Micros 46 IypÅ Unity Sales No. 3 Party A/c narne: Cash Current balance: Sales ledger: Share Sales Current balance: 300.00 Cr Name of Item End of List End of List Narration: Quit Fl: Help Date Company F4: Contra F5: Payment Receipt Journal F8: Sales Purchase F: Autofill Change Mode More Details o: L: 161 • aafa5 nt to 59041 eUa7f ' , "tra Hub" , 87-dO...
[keys] '^a' -> Tally 'TallyPrime:9000'
[shot] tds-066-scr-on-accept4 (1024x768)
[06:19:24] [tds] screen tds-066-scr-on-accept4 : EDU Recyc Prime K: Company Y: Data Accounting Voucher Creation Firefo Googl Chron Micros Unity Q: Quit Z: Exchange A: Accept Q Search O: Import E: Export M: Share FinCom Spike Co p: print Fl: Help x F2: Date F3: Company F4: Contra F5: Payment t F6: Receipt F7: Journal F8: Sales F9: Purchase F: Autofill H: Change Mode l: More Details Error Oops! No Entries in Voucher! 161 • aafa5 nt to 59041 eUa7f ' , "tra Hub" , 87-dO eUa7f ' , "tra isten unnin ion_i age" , 87-dO 'tally p: Delete , cancel vch O: Related Reports k: Optional T: post -Dated Fl 2: Configure Windows Server 2025 Datacenter Build 261...
[shot] tds-067-scr-on-after4 (1024x768)
[06:19:24] [tds] screen tds-067-scr-on-after4 : EDU Recyc Prime K: Company Y: Data Accounting Voucher Creation Firefo Googl Chron Micros Unity Q: Quit Z: Exchange A: Accept Q Search O: Import E: Export M: Share FinCom Spike Co p: print Fl: Help x F2: Date F3: Company F4: Contra F5: Payment t F6: Receipt F7: Journal F8: Sales F9: Purchase F: Autofill H: Change Mode l: More Details Error Oops! No Entries in Voucher! 161 • aafa5 nt to 59041 eUa7f ' , "tra Hub" , 87-dO eUa7f ' , "tra isten unnin ion_i age" , 87-dO 'tally p: Delete , cancel vch O: Related Reports k: Optional T: post -Dated Fl 2: Configure Windows Server 2025 Datacenter Build 261...
[shot] tds-068-gw0 (1024x768)
[06:19:25] [tds] screen tds-068-gw0 : EDU Recyc Prime K: Company Y: Data Accounting Voucher Creation Firefo Googl Chron Micros Unity Q: Quit Z: Exchange A: Accept Q Search O: Import E: Export M: Share FinCom Spike Co p: print Fl: Help x F2: Date F3: Company F4: Contra F5: Payment t F6: Receipt F7: Journal F8: Sales F9: Purchase F: Autofill H: Change Mode l: More Details Error Oops! No Entries in Voucher! 161 • aafa5 nt to 59041 eUa7f ' , "tra Hub" , 87-dO eUa7f ' , "tra isten unnin ion_i age" , 87-dO 'tally p: Delete , cancel vch O: Related Reports k: Optional T: post -Dated Fl 2: Configure Windows Server 2025 Datacenter Build 261...
[keys] '{ESC}' -> Tally 'TallyPrime:9000'
[shot] tds-069-gw1 (1024x768)
[06:19:28] [tds] screen tds-069-gw1 : EDU Recyc Prime K: Company Y: Data Accounting Voucher Creation Z: Exchange A Accept Q Search FinCom • ke Co O: Import E: Export List of Led er Accounts Cash Share Party Spike Party Spike Party 2 Ul Party M: Share p: print x Create Firef Googl Chro Micros 46 IypÅ Unity Sales No. 3 Party A/c narne: Cash Current balance: Sales ledger: Share Sales Current balance: 300.00 Cr Name of Item End of List End of List Narration: Quit Fl: Help Date Company F4: Contra F5: Payment Receipt Journal F8: Sales Purchase F: Autofill Change Mode More Details o: L: 161 • aafa5 nt to 59041 eUa7f ' , "tra Hub" , 87-dO...
[keys] '{ESC}' -> Tally 'TallyPrime:9000'
[shot] tds-070-gw2 (1024x768)
[06:19:31] [tds] screen tds-070-gw2 : EDU Recyc Prime K: Company Y: Data Accounting Voucher Creation Z: Exchange A Accept Q Search FinCom • ke Co O: Import E: Export List of Led er Accounts Cash Share Party Spike Party Spike Party 2 Ul Party M: Share p: print x Create Firef Googl Chro Micros 46 IypÅ Unity Sales No. 3 Party Alc narne. Current balance: Sales ledger: Share Sales Current balance: 300.00 Cr Name of Item End of List End of List Narration: Quit Fl: Help Date Company F4: Contra F5: Payment Receipt Journal F8: Sales Purchase F: Autofill Change Mode More Details o: L: 161 • aafa5 nt to 59041 eUa7f ' , "tra Hub" , 87-dO eUa7...
[keys] '{ESC}' -> Tally 'TallyPrime:9000'
[shot] tds-071-gw3 (1024x768)
[06:19:35] [tds] screen tds-071-gw3 : EDU Recyc Prime K: Company Y: Data Accounting Voucher Creation Z: Exchange A: Accept Q Search FinCom Firef Googl Chro Micros 46 IypÅ Unity Sales No. 3 Party Alc narne. Current balance: Sales ledger: Share Sales Current balance: 300.00 Cr Name of Item End of List End of List Narration: Q: Quit O: Import Quantity E: Export Rate M: Share per p: print 2-Oct-26 Friday Amount Quit o Yes or No 161 • aafa5 nt to 59041 eUa7f ' , "tra Hub" , 87-dO eUa7f ' , "tra isten unnin ion_i age" , 87-dO 'tally D: Delete X: Cancel Vch Fl: Help F2: Date F3: Company F4: Contra F5: Payment F6: Receipt F7: Journal F8: ...
[keys] 'y' -> Tally 'TallyPrime:9000'
[shot] tds-072-gw4 (1024x768)
[06:19:38] [tds] screen tds-072-gw4 : EDU Recyc Prime Gatewa of Tall CURRENT PERIOD K: Company Y: Data Z: Exchange O: Import E: Export M: Share p: print Fl: Help Date 161 • aafa5 Firefo Googl Chro Micros 46 IypÅ Unity I-Apr-26 to 31-Mar-27 NAME OF COMPANY FinCom Spike Co Q CURRENT OATE Friday, 2-Oct-2026 2-Oct-26 Search Gateway of Tally MASTERS Create Alter CHart of Accounts TRANSACTIONS Vouchers Day 800K UTILITIES BaNking REPORTS Balance Sheet Profit & Loss A/c Stock Summary Ratio Analysis Display More Reports DashbOard Quit Company nt to 59041 eUa7f ' , "tra Hub" , 87-dO eUa7f ' , "tra isten unnin ion_i age" , 87-dO 'tally Windo...
  voucher mid=1 aid=1 Journal/1/20260401 guid=48732dd2-22d1-4f4c-88b3-be0b9c1dfc21-00000001 cancelled=False
  voucher mid=2 aid=2 Sales/1/20261002 guid=48732dd2-22d1-4f4c-88b3-be0b9c1dfc21-00000002 cancelled=False
  voucher mid=3 aid=3 Sales/2/20261002 guid=48732dd2-22d1-4f4c-88b3-be0b9c1dfc21-00000003 cancelled=False
[06:19:42] hang: data kept as 'gston'
  INFO hang entry off-screen: MasterID 3, number 2, 20261002
  INFO hang entry on-xml: MasterID 2, number 1, 20261002
  INFO hang entry on-screen: MasterID 3, number 2, 20261002
  INFO hang entry off-xml: MasterID 2, number 1, 20261002
[keys] 'a' -> Tally 'TallyPrime:9000'
[keys] 't' -> Tally 'TallyPrime:9000'
[shot] v-hang-off-xml-published-233-FinComVoucherByMaster-started (1024x768)
######## ANSWERED hang off-xml-published-233-FinComVoucherByMaster: GST off (ISGSTON 'Yes'), xml (XML import, accounting sales as run 37729166801, MasterID 2, 1), published-233-FinComVoucherByMaster: answered in 19 ms, 15415 chars, the entry in it; Tally answers after it: True; 60 s later: True ; started again: , the entry listed: 
[keys] 'a' -> Tally 'TallyPrime:9000'
[keys] 't' -> Tally 'TallyPrime:9000'
[shot] v-hang-off-xml-new-234-FinComVoucherObject-started (1024x768)
######## ANSWERED hang off-xml-new-234-FinComVoucherObject: GST off (ISGSTON 'Yes'), xml (XML import, accounting sales as run 37729166801, MasterID 2, 1), new-234-FinComVoucherObject: answered in 18 ms, 52567 chars, the entry in it; Tally answers after it: True; 60 s later: True ; started again: , the entry listed: 
[keys] 'a' -> Tally 'TallyPrime:9000'
[keys] 't' -> Tally 'TallyPrime:9000'
[shot] v-hang-off-xml-hanging-started (1024x768)
######## ANSWERED hang off-xml-hanging: GST off (ISGSTON 'Yes'), xml (XML import, accounting sales as run 37729166801, MasterID 2, 1), hanging: answered in 20 ms, 14494 chars, the entry in it; Tally answers after it: True; 60 s later: True ; started again: , the entry listed: 
[keys] 'a' -> Tally 'TallyPrime:9000'
[keys] 't' -> Tally 'TallyPrime:9000'
[shot] v-hang-on-xml-published-233-FinComVoucherByMaster-started (1024x768)
######## ANSWERED hang on-xml-published-233-FinComVoucherByMaster: GST on (ISGSTON 'Yes'), xml (XML import, accounting sales as run 37729166801, MasterID 2, 1), published-233-FinComVoucherByMaster: answered in 21 ms, 15415 chars, the entry in it; Tally answers after it: True; 60 s later: True ; started again: , the entry listed: 
[keys] 'a' -> Tally 'TallyPrime:9000'
[keys] 't' -> Tally 'TallyPrime:9000'
[shot] v-hang-on-xml-new-234-FinComVoucherObject-started (1024x768)
######## ANSWERED hang on-xml-new-234-FinComVoucherObject: GST on (ISGSTON 'Yes'), xml (XML import, accounting sales as run 37729166801, MasterID 2, 1), new-234-FinComVoucherObject: answered in 21 ms, 52567 chars, the entry in it; Tally answers after it: True; 60 s later: True ; started again: , the entry listed: 
[keys] 'a' -> Tally 'TallyPrime:9000'
[keys] 't' -> Tally 'TallyPrime:9000'
[shot] v-hang-on-xml-hanging-started (1024x768)
######## ANSWERED hang on-xml-hanging: GST on (ISGSTON 'Yes'), xml (XML import, accounting sales as run 37729166801, MasterID 2, 1), hanging: answered in 21 ms, 14494 chars, the entry in it; Tally answers after it: True; 60 s later: True ; started again: , the entry listed: 
[keys] 'a' -> Tally 'TallyPrime:9000'
[keys] 't' -> Tally 'TallyPrime:9000'
[shot] v-hang-off-screen-published-233-FinComVoucherByMaster-started (1024x768)
######## ANSWERED hang off-screen-published-233-FinComVoucherByMaster: GST off (ISGSTON 'Yes'), screen (typed: item invoice, keys, MasterID 3, 2), published-233-FinComVoucherByMaster: answered in 26 ms, 33640 chars, the entry in it; Tally answers after it: True; 60 s later: True ; started again: , the entry listed: 
[keys] 'a' -> Tally 'TallyPrime:9000'
[keys] 't' -> Tally 'TallyPrime:9000'
[shot] v-hang-off-screen-new-234-FinComVoucherObject-started (1024x768)
######## ANSWERED hang off-screen-new-234-FinComVoucherObject: GST off (ISGSTON 'Yes'), screen (typed: item invoice, keys, MasterID 3, 2), new-234-FinComVoucherObject: answered in 24 ms, 64258 chars, the entry in it; Tally answers after it: True; 60 s later: True ; started again: , the entry listed: 
[keys] 'a' -> Tally 'TallyPrime:9000'
[keys] 't' -> Tally 'TallyPrime:9000'
[shot] v-hang-off-screen-hanging-started (1024x768)
######## ANSWERED hang off-screen-hanging: GST off (ISGSTON 'Yes'), screen (typed: item invoice, keys, MasterID 3, 2), hanging: answered in 24 ms, 17759 chars, the entry in it; Tally answers after it: True; 60 s later: True ; started again: , the entry listed: 
[keys] 'a' -> Tally 'TallyPrime:9000'
[keys] 't' -> Tally 'TallyPrime:9000'
[shot] v-hang-on-screen-published-233-FinComVoucherByMaster-started (1024x768)
######## ANSWERED hang on-screen-published-233-FinComVoucherByMaster: GST on (ISGSTON 'Yes'), screen (typed: item invoice, keys, MasterID 3, 2), published-233-FinComVoucherByMaster: answered in 26 ms, 33640 chars, the entry in it; Tally answers after it: True; 60 s later: True ; started again: , the entry listed: 
[keys] 'a' -> Tally 'TallyPrime:9000'
[keys] 't' -> Tally 'TallyPrime:9000'
[shot] v-hang-on-screen-new-234-FinComVoucherObject-started (1024x768)
######## ANSWERED hang on-screen-new-234-FinComVoucherObject: GST on (ISGSTON 'Yes'), screen (typed: item invoice, keys, MasterID 3, 2), new-234-FinComVoucherObject: answered in 21 ms, 64258 chars, the entry in it; Tally answers after it: True; 60 s later: True ; started again: , the entry listed: 
[keys] 'a' -> Tally 'TallyPrime:9000'
[keys] 't' -> Tally 'TallyPrime:9000'
[shot] v-hang-on-screen-hanging-started (1024x768)
######## ANSWERED hang on-screen-hanging: GST on (ISGSTON 'Yes'), screen (typed: item invoice, keys, MasterID 3, 2), hanging: answered in 34 ms, 17759 chars, the entry in it; Tally answers after it: True; 60 s later: True ; started again: , the entry listed: 
[keys] 'a' -> Tally 'TallyPrime:9000'
[keys] 't' -> Tally 'TallyPrime:9000'
[shot] v-hang-off-xml-hanging-one-day-started (1024x768)
######## ANSWERED hang off-xml-hanging-one-day: GST off (ISGSTON 'Yes'), xml (XML import, accounting sales as run 37729166801, MasterID 2, 1), hanging-one-day: answered in 23 ms, 14494 chars, the entry in it; Tally answers after it: True; 60 s later: True ; started again: , the entry listed: 
[keys] 'a' -> Tally 'TallyPrime:9000'
[keys] 't' -> Tally 'TallyPrime:9000'
[shot] v-hang-off-xml-hanging-no-filter-started (1024x768)
######## ANSWERED hang off-xml-hanging-no-filter: GST off (ISGSTON 'Yes'), xml (XML import, accounting sales as run 37729166801, MasterID 2, 1), hanging-no-filter: answered in 24 ms, 43817 chars, the entry in it; Tally answers after it: True; 60 s later: True ; started again: , the entry listed: 
[keys] 'a' -> Tally 'TallyPrime:9000'
[keys] 't' -> Tally 'TallyPrime:9000'
[shot] v-hang-off-xml-hanging-IRN-only-started (1024x768)
######## ANSWERED hang off-xml-hanging-IRN-only: GST off (ISGSTON 'Yes'), xml (XML import, accounting sales as run 37729166801, MasterID 2, 1), hanging-IRN-only: answered in 21 ms, 14351 chars, the entry in it; Tally answers after it: True; 60 s later: True ; started again: , the entry listed: 
[keys] 'a' -> Tally 'TallyPrime:9000'
[keys] 't' -> Tally 'TallyPrime:9000'
[shot] v-hang-off-xml-hanging-IRNACKNO-only-started (1024x768)
######## ANSWERED hang off-xml-hanging-IRNACKNO-only: GST off (ISGSTON 'Yes'), xml (XML import, accounting sales as run 37729166801, MasterID 2, 1), hanging-IRNACKNO-only: answered in 47 ms, 14361 chars, the entry in it; Tally answers after it: True; 60 s later: True ; started again: , the entry listed: 
[keys] 'a' -> Tally 'TallyPrime:9000'
[keys] 't' -> Tally 'TallyPrime:9000'
[shot] v-hang-off-xml-hanging-IRNACKDATE-only-started (1024x768)
######## ANSWERED hang off-xml-hanging-IRNACKDATE-only: GST off (ISGSTON 'Yes'), xml (XML import, accounting sales as run 37729166801, MasterID 2, 1), hanging-IRNACKDATE-only: answered in 24 ms, 14363 chars, the entry in it; Tally answers after it: True; 60 s later: True ; started again: , the entry listed: 
[keys] 'a' -> Tally 'TallyPrime:9000'
[keys] 't' -> Tally 'TallyPrime:9000'
[shot] v-hang-off-xml-hanging-EWAYBILL-only-started (1024x768)
######## ANSWERED hang off-xml-hanging-EWAYBILL-only: GST off (ISGSTON 'Yes'), xml (XML import, accounting sales as run 37729166801, MasterID 2, 1), hanging-EWAYBILL-only: answered in 31 ms, 14376 chars, the entry in it; Tally answers after it: True; 60 s later: True ; started again: , the entry listed: 
[keys] 'a' -> Tally 'TallyPrime:9000'
[keys] 't' -> Tally 'TallyPrime:9000'
[shot] v-hang-off-xml-hanging-none-of-the-four-started (1024x768)
######## ANSWERED hang off-xml-hanging-none-of-the-four: GST off (ISGSTON 'Yes'), xml (XML import, accounting sales as run 37729166801, MasterID 2, 1), hanging-none-of-the-four: answered in 24 ms, 14319 chars, the entry in it; Tally answers after it: True; 60 s later: True ; started again: , the entry listed: 
[keys] 'a' -> Tally 'TallyPrime:9000'
[keys] 't' -> Tally 'TallyPrime:9000'
[shot] v-hang-off-xml-hanging-no-addon-started (1024x768)
######## ANSWERED hang off-xml-hanging-no-addon: GST off (ISGSTON 'Yes'), xml (XML import, accounting sales as run 37729166801, MasterID 2, 1), hanging-no-addon (add-on NOT loaded): answered in 20 ms, 14494 chars, the entry in it; Tally answers after it: True; 60 s later: True ; started again: , the entry listed: 
[keys] 'a' -> Tally 'TallyPrime:9000'
[keys] 't' -> Tally 'TallyPrime:9000'
[shot] v-hang-same-started (1024x768)
[xml invoice 2] 43 ms: <RESPONSE><CREATED>1</CREATED><ALTERED>0</ALTERED><DELETED>0</DELETED><LASTVCHID>4</LASTVCHID><LASTMID>0</LASTMID><COMBINED>0</COMBINED><IGNORED>0</IGNORED><ERRORS>0</ERRORS><CANCELLED>0</CANCELLED><EXCEPTIONS>0</EXCEPTIONS></RESPONSE>
  voucher mid=1 aid=1 Journal/1/20260401 guid=48732dd2-22d1-4f4c-88b3-be0b9c1dfc21-00000001 cancelled=False
  voucher mid=2 aid=2 Sales/1/20261002 guid=48732dd2-22d1-4f4c-88b3-be0b9c1dfc21-00000002 cancelled=False
  voucher mid=3 aid=3 Sales/2/20261002 guid=48732dd2-22d1-4f4c-88b3-be0b9c1dfc21-00000003 cancelled=False
  voucher mid=4 aid=4 Sales/3/20261002 guid=48732dd2-22d1-4f4c-88b3-be0b9c1dfc21-00000004 cancelled=False
######## ANSWERED hang off-xml2-hanging-same-session: GST off (ISGSTON 'Yes'), xml2 (XML import, then the request in the same session, MasterID System.Object[], System.Object[]), hanging-same-session (same Tally session as the import): answered in 12 ms, 1511 chars, the entry not in it; Tally answers after it: True; 60 s later: True ; started again: , the entry listed: 
[keys] 'a' -> Tally 'TallyPrime:9000'
[keys] 't' -> Tally 'TallyPrime:9000'
[shot] v-hang-same233-started (1024x768)
[xml invoice 2 (233)] 41 ms: <RESPONSE><CREATED>1</CREATED><ALTERED>0</ALTERED><DELETED>0</DELETED><LASTVCHID>4</LASTVCHID><LASTMID>0</LASTMID><COMBINED>0</COMBINED><IGNORED>0</IGNORED><ERRORS>0</ERRORS><CANCELLED>0</CANCELLED><EXCEPTIONS>0</EXCEPTIONS></RESPONSE>
  voucher mid=1 aid=1 Journal/1/20260401 guid=48732dd2-22d1-4f4c-88b3-be0b9c1dfc21-00000001 cancelled=False
  voucher mid=2 aid=2 Sales/1/20261002 guid=48732dd2-22d1-4f4c-88b3-be0b9c1dfc21-00000002 cancelled=False
  voucher mid=3 aid=3 Sales/2/20261002 guid=48732dd2-22d1-4f4c-88b3-be0b9c1dfc21-00000003 cancelled=False
  voucher mid=4 aid=4 Sales/3/20261002 guid=48732dd2-22d1-4f4c-88b3-be0b9c1dfc21-00000004 cancelled=False
######## ANSWERED hang off-xml2-published-233-same-session: GST off (ISGSTON 'Yes'), xml2 (XML import, then the request in the same session, MasterID System.Object[], System.Object[]), published-233-same-session (same Tally session as the import): answered in 15 ms, 1511 chars, the entry not in it; Tally answers after it: True; 60 s later: True ; started again: , the entry listed: 
  INFO hang: probes with no answer or Tally not answering after: none
[06:33:56] done (hang)
