[15:46:13] ---- the bridge built from the ref
bridge source: 098592b6931b04c56fa38970c6cfaa63aa7eb3ee Merge m45-test (migration 45 speed test: vacuum analyze, jit off) into per-user-bridge
setup: FinComBridge-Setup-2.2.4.exe 3275859 bytes SHA256 4E97B8E542288DFD171BC4C9BACD634E77B98BF37D86D276238A559E9041C89A
[15:46:13] ---- the second Windows user (not an administrator)
user 2: fcuser2 S-1-5-21-1643835476-1616584234-1346609752-1003; administrators: runnervmfi6oq\runneradmin
user 2's profile: C:\Users\fcuser2
[shot] r4-rdp-wait-02 (1024x768)
[shot] r4-rdp-wait-07 (1024x768)
[shot] r4-rdp-wait-12 (1024x768)
[shot] r4-rdp-wait-17 (1024x768)
[shot] r4-rdp-wait-22 (1024x768)
[shot] r4-rdp-wait-27 (1024x768)
 SESSIONNAME               USERNAME                 ID  STATE   TYPE        DEVICE 
 services                                            0  Disc                        
>console                   runneradmin               2  Active                      
 31c5ce94259d4006a9e4                            65536  Listen                      
 rdp-tcp                                         65537  Listen                      

[15:48:47] user 2's own Windows session by Remote Desktop: False (session )
[15:48:47] ---- the stub cloud
[15:48:50] ---- user 1's Tally (9000) with the add-on; a copy of the program for user 2 first (its own tally.ini and port)
  still running from the Tally folder: tallyscheduler 9992
  robocopy:    Bytes :  177.74 m  177.74 m         0         0       512         0
  robocopy:    Times :   0:00:00   0:00:00                       0:00:00   0:00:00
  robocopy: 
  robocopy: 
  robocopy:    Speed :           1,116,070,640 Bytes/sec.
  robocopy:    Speed :              63,862.074 MegaBytes/min.
  robocopy:    Ended : Monday, October 5, 2026 3:48:54 PM
  robocopy: 
[15:48:54] copy for user 2: robocopy 9, tally.exe there: True
Tally :9000 answers: True
[keys] 'a' -> Tally :9000 'TallyPrime:9000'
[keys] 't' -> Tally :9000 'TallyPrime:9000'
[shot] r4-00-tally1 (1024x768)
[ledger Spike Income :9000] <RESPONSE><CREATED>1</CREATED><ALTERED>0</ALTERED><DELETED>0</DELETED><LASTVCHID>0</LASTVCHID><LASTMID>0</LASTMID><COMBINED>0</COMBINED><IGNORED>0</IGNORED><ERRORS>0</ERRORS><CANCELLED>0</CANCELLED><EXCEPTIONS>0</EXCEPTIONS></RESPONSE>
[15:49:24] ---- user 2's own Tally (9001), run as fcuser2: a company made by keys, then started again with it and the add-on
Tally :9001 (pid 9580) answers: True; owner: fcuser2; session 2 (runner's own: 2)
[keys] 'a' -> Tally :9001 'TallyPrime:9001'
[keys] 't' -> Tally :9001 'TallyPrime:9001'
[shot] r4-01-tally2-start (1024x768)
[keys] '{ENTER}' -> Tally :9001 'TallyPrime:9001'
[shot] r4-01b-tally2-create-company (1024x768)
[keys] 'FinCom Spike U2' -> Tally :9001 'TallyPrime:9001'
[keys] '^a' -> Tally :9001 'TallyPrime:9001'
[shot] r4-01c-tally2-ctrl-a (1024x768)
[companies :9001] <ENVELOPE><HEADER><VERSION>1</VERSION><STATUS>1</STATUS></HEADER><BODY><DESC><CMPINFO><COMPANY>0</COMPANY><GROUP>0</GROUP><LEDGER>0</LEDGER><COSTCATEGORY>0</COSTCATEGORY><COSTCENTRE>0</COSTCENTRE><GODOWN>0</GODOWN><STOCKGROUP>0</STOCKGROUP><STOCKCATEGORY>0</STOCKCATEGORY><STOCKITEM>0</STOCKITEM><VOUCHERTYPE>0</VOUCHERTYPE><CURRENCY>0</CURRENCY><UNIT>0</UNIT><BUDGET>0</BUDGET><CLIENTRULE>0</CLIENTRULE><SERVERRULE>0</SERVERRULE><STATE>0</STATE><TDSRATE>0</TDSRATE><TAXCLASSIFICATION>0</TAXCLASSIFICATION><STCATEGORY>0</STCATEGORY><DEDUCTEETYPE>0</DEDUCTEETYPE><ATTENDANCETYPE>0</ATTENDANCETYPE><FBT...
[keys] '^a' -> Tally :9001 'TallyPrime:9001'
[shot] r4-01d-tally2-company (1024x768)
user 2's company made: True, folder 100000
[keys] 'a' -> Tally :9001 'TallyPrime:9001'
[keys] 't' -> Tally :9001 'TallyPrime:9001'
[shot] r4-01e-tally2-gateway (1024x768)
[ledger Spike Income :9001] <RESPONSE><CREATED>1</CREATED><ALTERED>0</ALTERED><DELETED>0</DELETED><LASTVCHID>0</LASTVCHID><LASTMID>0</LASTMID><COMBINED>0</COMBINED><IGNORED>0</IGNORED><ERRORS>0</ERRORS><CANCELLED>0</CANCELLED><EXCEPTIONS>0</EXCEPTIONS></RESPONSE>
[companies :9001] <ENVELOPE><HEADER><VERSION>1</VERSION><STATUS>1</STATUS></HEADER><BODY><DESC><CMPINFO><COMPANY>0</COMPANY><GROUP>0</GROUP><LEDGER>1</LEDGER><COSTCATEGORY>0</COSTCATEGORY><COSTCENTRE>0</COSTCENTRE><GODOWN>0</GODOWN><STOCKGROUP>0</STOCKGROUP><STOCKCATEGORY>0</STOCKCATEGORY><STOCKITEM>0</STOCKITEM><VOUCHERTYPE>0</VOUCHERTYPE><CURRENCY>0</CURRENCY><UNIT>0</UNIT><BUDGET>0</BUDGET><CLIENTRULE>0</CLIENTRULE><SERVERRULE>0</SERVERRULE><STATE>0</STATE><TDSRATE>0</TDSRATE><TAXCLASSIFICATION>0</TAXCLASSIFICATION><STCATEGORY>0</STCATEGORY><DEDUCTEETYPE>0</DEDUCTEETYPE><ATTENDANCETYPE>0</ATTENDANCETYPE><FBT...
== user 2's own Tally with its company and the add-on: True
[15:50:54] ---- the bridges, each installed by its own Windows user with the real setup, just for me; the settings seeded first
setup as runneradmin (just for me) ended with 0
  install.log 1: 2026-10-05 15:50:57  Install (just for this user, no service): FinCom Bridge 2.2.4 for runnervmfi6oq\runneradmin (S-1-5-21-1643835476-1616584234-1346609752-500), sole mode, folder C:\Users\runneradmin\AppData\Local\TDS Desk Bridge
  install.log 1: 2026-10-05 15:51:36  Install: the add-on FinComRecorder.tdl written in C:\ProgramData\FinCom\addon
  install.log 1: 2026-10-05 15:51:36  Install: the add-on FinComRecorderAnyCompany.tdl written in C:\ProgramData\FinCom\addon
  install.log 1: 2026-10-05 15:51:36  Install: the recorder folder C:\ProgramData\FinCom\recorder and the add-on folder C:\ProgramData\FinCom\addon are ready (just for this user)
  install.log 1: 2026-10-05 15:51:36  Install: starts when runnervmfi6oq\runneradmin signs in to Windows (HKCU Run)
  install.log 1: 2026-10-05 15:51:37  Install: done; the bridge answers on 127.0.0.1:9100
  install.log 1: 2026-10-05 15:51:37  Setup: FinComBridge.exe install: done, the bridge answers
  install.log 1: 2026-10-05 15:51:37  Setup: Finished: installed and running (sole mode)
seed as fcuser2: runnervmfi6oq\fcuser2 session 2 C:\Users\fcuser2\AppData\Local
setup as fcuser2 (just for me) ended: 0
  install.log 2: 2026-10-05 15:51:38  Install (just for this user, no service): FinCom Bridge 2.2.4 for runnervmfi6oq\fcuser2 (S-1-5-21-1643835476-1616584234-1346609752-1003), sole mode, folder C:\Users\fcuser2\AppData\Local\TDS Desk Bridge
  install.log 2: 2026-10-05 15:51:41  Install: the add-on FinComRecorder.tdl was not written in C:\ProgramData\FinCom\addon: remove C:\ProgramData\FinCom\addon\FinComRecorder.tdl: Access is denied.
  install.log 2: 2026-10-05 15:51:41  Install: the add-on FinComRecorderAnyCompany.tdl was not written in C:\ProgramData\FinCom\addon: remove C:\ProgramData\FinCom\addon\FinComRecorderAnyCompany.tdl: Access is denied.
  install.log 2: 2026-10-05 15:51:41  Install: the recorder folder C:\ProgramData\FinCom\recorder and the add-on folder C:\ProgramData\FinCom\addon are ready (just for this user)
  install.log 2: 2026-10-05 15:51:41  Install: starts when runnervmfi6oq\fcuser2 signs in to Windows (HKCU Run)
  install.log 2: 2026-10-05 15:51:42  Install: done; the bridge answers on 127.0.0.1:9101
  install.log 2: 2026-10-05 15:51:42  Setup: FinComBridge.exe install: done, the bridge answers
  install.log 2: 2026-10-05 15:51:42  Setup: Finished: installed and running (sole mode)
bridge 1: user runneradmin, port 9100, id go-c34d54612201, key 24 chars, Owner runnervmfi6oq\runneradmin, OwnerSid S-1-5-21-1643835476-1616584234-1346609752-500
bridge 2: user fcuser2, port 9101, id go-e0ebcd59650e, key 24 chars, Owner runnervmfi6oq\fcuser2, OwnerSid S-1-5-21-1643835476-1616584234-1346609752-1003
[shot] r4-02-bridges (1024x768)
[15:51:52] ---- 6a: both bridges run at once, on their own ports, as their own users
  process 5768 as runneradmin in session 2: "C:\Users\runneradmin\AppData\Local\FinCom Bridge\FinComBridge.exe" user --config "C:\Users\runneradmin\AppData\Local\TDS Desk Bridge\tds-bridge.config.json"
  process 9232 as runneradmin in session 2: "C:\Users\runneradmin\AppData\Local\FinCom Bridge\FinComBridge.exe" worker --config "C:\Users\runneradmin\AppData\Local\TDS Desk Bridge\tds-bridge.config.json" --home "C:\Users\runneradmin\AppData\Local\TDS Desk Bridge" --parent 5768
  process 1840 as runneradmin in session 2: "C:\Users\runneradmin\AppData\Local\FinCom Bridge\FinComBridge.exe" tray --quiet --config "C:\Users\runneradmin\AppData\Local\TDS Desk Bridge\tds-bridge.config.json"
  process 684 as fcuser2 in session 2: "C:\Users\fcuser2\AppData\Local\FinCom Bridge\FinComBridge.exe" user --config "C:\Users\fcuser2\AppData\Local\TDS Desk Bridge\tds-bridge.config.json"
  process 628 as fcuser2 in session 2: "C:\Users\fcuser2\AppData\Local\FinCom Bridge\FinComBridge.exe" worker --config "C:\Users\fcuser2\AppData\Local\TDS Desk Bridge\tds-bridge.config.json" --home "C:\Users\fcuser2\AppData\Local\TDS Desk Bridge" --parent 684
  listening 127.0.0.1:9101 pid 628 user fcuser2
  listening 127.0.0.1:9100 pid 9232 user runneradmin
  Tally pid 7440 session 2 owner runneradmin
  Tally pid 9724 session 2 owner fcuser2
######## PASS 6a two bridges at once: bridge 1 runneradmin on 127.0.0.1:9100 (pid 9232, session 2, go-c34d54612201); bridge 2 fcuser2 on 127.0.0.1:9101 (pid 628, session 2, go-e0ebcd59650e); both listening at 15:51:52
[15:51:52] ---- 6b: the /ping proof: HMAC-SHA256(bridge key, nonce || bridge id || port), only to the bridge's own Windows user
runneradmin -> own bridge: {"bridge":"FinCom Tally Bridge","bridgeId":"go-c34d54612201","impl":"go","loopSec":0,"ok":true,"pairProof":"edf47d85d8875d232e38c5160a07182d7b6389f7617f157caceac495154f1ff5","pid":9232,"port":9100,"proof":"ba6c5bf5487b9f7de60678ef2b501b870510a2d0217acd8a38f61c634b847f3b","runMode":"user","testMode":false,"version":"2.2.4","yours":true}
runneradmin -> user 2's bridge: {"bridge":"FinCom Tally Bridge","impl":"go","loopSec":0,"ok":true,"pid":628,"runMode":"user","testMode":false,"version":"2.2.4","yours":false}
as fcuser2 (): {"ownStatus":401,"other":{"bridge":"FinCom Tally Bridge","impl":"go","loopSec":0,"ok":true,"pid":9232,"runMode":"user","testMode":false,"version":"2.2.4","yours":false},"session":2,"own":{"bridge":"FinCom Tally Bridge","bridgeId":"go-e0ebcd59650e","impl":"go","loopSec":0,"ok":true,"pairProof":"442942cd8058c991d0f783272ddcd990d7c1e11c684562e74f61bc3438253798","pid":628,"port":9101,"proof":"778697fbd00de666beed188413fec1a2ac222fa4f6d631db47b1a16cdb97999e","runMode":"user","testMode":false,"version":"2.2.4","yours":true},"otherStatus":403,"who":"runnervmfi6oq\\fcuser2"}
  ok   bridge 1 proves itself to runneradmin: yours=True bridgeId=go-c34d54612201 port=9100 proof=ba6c5bf5487b9f7de60678ef2b501b870510a2d0217acd8a38f61c634b847f3b
  ok   bridge 1 proof checked against user 2 identity fails: HMAC(key2, nonce||go-e0ebcd59650e||9101)=44ed2cee41a25882cf290c9dc3153d6c7a247673e2489d500e3d5571c1c02c69
  ok   bridge 2 proves itself to fcuser2: yours=True bridgeId=go-e0ebcd59650e port=9101 proof=778697fbd00de666beed188413fec1a2ac222fa4f6d631db47b1a16cdb97999e
  ok   bridge 2 proof checked against user 1 identity fails: HMAC(key1, nonce||go-c34d54612201||9100)=1c324e0520bc89c600c506f50a1481d0bbe787586b989245b9006128abf7a519
  ok   bridge 2 gives runneradmin no proof: yours=False proof= bridgeId=
  ok   bridge 1 gives fcuser2 no proof: yours=False proof=
  ok   other users refused 403 beyond /ping: runneradmin: own /status 401, other 403; fcuser2: own /status 401, other 403
######## PASS 6b /ping proof: bridge 1 proves itself to runneradmin: ok; bridge 1 proof checked against user 2 identity fails: ok; bridge 2 proves itself to fcuser2: ok; bridge 2 proof checked against user 1 identity fails: ok; bridge 2 gives runneradmin no proof: ok; bridge 1 gives fcuser2 no proof: ok; other users refused 403 beyond /ping: ok
  bridge1 log: 2026-10-05 15:51:36  FinCom Bridge 2.2.4: started just for runnervmfi6oq\runneradmin (no service); it keeps the bridge and its icon running
  bridge1 log: 2026-10-05 15:51:36  FinCom Bridge 2.2.4 (Go) started on 127.0.0.1:9100: the only bridge on this computer; working for runnervmfi6oq\runneradmin, Windows session 2; runs just for this Windows user (starts at sign-in, no service)
  bridge1 log: 2026-10-05 15:51:36  Tally is open on port 9000; the bridge reads it only after an event (a client opened in FinCom, Update now, a posting, the nightly catch-up at 02:00)
  bridge1 log: 2026-10-05 15:51:36  Recorder: re-scan of the add-on's files for 2.2.4: 0 line(s) sent earlier without their entry found (a new entry's line with no MasterID, a GUID of another entry, or read while the body fetch was off)
  bridge1 log: 2026-10-05 15:51:36  Check:  - 
  bridge1 log: 2026-10-05 15:51:39  Tray icon: set to show next to the clock always (Windows 11)
  bridge1 log: 2026-10-05 15:51:39  FinCom: this bridge is now the main bridge on this computer (set by the setup); it reads and posts
  bridge1 log: 2026-10-05 15:51:39  Company FinCom Spike Co: its Tally GUID ed429be7-8c49-4176-946c-8dec007974f1 is held from now on
  bridge1 log: 2026-10-05 15:51:39  Company FinCom Spike U2: its Tally GUID 06f9dd70-e4f7-4c78-80c8-d93139d344b3 is held from now on
  bridge1 log: 2026-10-05 15:51:39  Company FinCom Spike Co: its starting point is recorded: ALTVCHID=1, ALTMSTID=211 (reading is prospective only: the bridge follows what changes after this)
  bridge1 log: 2026-10-05 15:51:39  Company FinCom Spike Co: change numbers read with form a: ALTVCHID=1, ALTMSTID=211
  bridge1 log: 2026-10-05 15:51:39  Light check of FinCom Spike Co: starting point recorded (ALTVCHID=1, ALTMSTID=211)
  bridge1 log: 2026-10-05 15:51:40  Company FinCom Spike U2: change numbers read with form a: ALTVCHID=0, ALTMSTID=207
  bridge1 log: 2026-10-05 15:51:40  Light check of FinCom Spike U2: no starting point recorded (start-point.json could not be written; see above); now ALTVCHID=0, ALTMSTID=207
  bridge1 log: 2026-10-05 15:51:55  Refused a request from a program of another Windows user (/status): not your FinCom Bridge
  bridge2 log: 2026-10-05 15:51:41  FinCom Bridge 2.2.4: started just for runnervmfi6oq\fcuser2 (no service); it keeps the bridge and its icon running
  bridge2 log: 2026-10-05 15:51:41  Port 9100 is taken (another Windows user's FinCom Bridge, or another program); this bridge uses port 9101 and remembers it
  bridge2 log: 2026-10-05 15:51:41  FinCom Bridge 2.2.4 (Go) started on 127.0.0.1:9101: the only bridge on this computer; working for runnervmfi6oq\fcuser2, Windows session 2; runs just for this Windows user (starts at sign-in, no service)
  bridge2 log: 2026-10-05 15:51:41  Tally is open on port 9001; the bridge reads it only after an event (a client opened in FinCom, Update now, a posting, the nightly catch-up at 02:00)
  bridge2 log: 2026-10-05 15:51:41  Recorder: re-scan of the add-on's files for 2.2.4: 0 line(s) sent earlier without their entry found (a new entry's line with no MasterID, a GUID of another entry, or read while the body fetch was off)
  bridge2 log: 2026-10-05 15:51:41  Check:  - 
  bridge2 log: 2026-10-05 15:51:44  FinCom: this bridge is now the main bridge on this computer (set by the setup); it reads and posts
  bridge2 log: 2026-10-05 15:51:44  Company FinCom Spike U2: its Tally GUID 06f9dd70-e4f7-4c78-80c8-d93139d344b3 is held from now on
  bridge2 log: 2026-10-05 15:51:44  Company FinCom Spike Co: its Tally GUID ed429be7-8c49-4176-946c-8dec007974f1 is held from now on
  bridge2 log: 2026-10-05 15:51:44  Company FinCom Spike U2: change numbers read with form a: ALTVCHID=0, ALTMSTID=207
  bridge2 log: 2026-10-05 15:51:44  Light check of FinCom Spike U2: no starting point recorded (start-point.json could not be written; see above); now ALTVCHID=0, ALTMSTID=207
  bridge2 log: 2026-10-05 15:51:45  Company FinCom Spike Co: its starting point is recorded: ALTVCHID=1, ALTMSTID=211 (reading is prospective only: the bridge follows what changes after this)
  bridge2 log: 2026-10-05 15:51:45  Company FinCom Spike Co: change numbers read with form a: ALTVCHID=1, ALTMSTID=211
  bridge2 log: 2026-10-05 15:51:45  Light check of FinCom Spike Co: starting point recorded (ALTVCHID=1, ALTMSTID=211)
  bridge2 log: 2026-10-05 15:51:53  Refused a request from a program of another Windows user (/status): not your FinCom Bridge
[15:52:25] ---- steps 1-5 on user 1's Tally (9000), as round 3
  Tally :9000 voucher mid=1 aid=1 guid=ed429be7-8c49-4176-946c-8dec007974f1-00000001 no=1 cancelled=False
[keys] 'v' -> Tally :9000 'TallyPrime:9000'
[shot] r4-10-vouchers (1024x768)
[keys] '{F6}' -> Tally :9000 'TallyPrime:9000'
[keys] '{F2}' -> Tally :9000 'TallyPrime:9000'
[keys] '2-10-2026{ENTER}' -> Tally :9000 'TallyPrime:9000'
[keys] 'Cash{ENTER}' -> Tally :9000 'TallyPrime:9000'
[keys] 'Spike Income{ENTER}' -> Tally :9000 'TallyPrime:9000'
[shot] r4-11-particular (1024x768)
[keys] '700{ENTER}' -> Tally :9000 'TallyPrime:9000'
[keys] '^a' -> Tally :9000 'TallyPrime:9000'
[shot] r4-12-created (1024x768)
  Tally :9000 voucher mid=1 aid=1 guid=ed429be7-8c49-4176-946c-8dec007974f1-00000001 no=1 cancelled=False
  Tally :9000 voucher mid=2 aid=2 guid=ed429be7-8c49-4176-946c-8dec007974f1-00000002 no=1 cancelled=False
  bridge1 log: 2026-10-05 15:52:55  Recorder: Receipt 1 of 02-Oct-2026 (MasterID 2, line 1f32f696…): asking Tally by MasterID
  bridge1 log: 2026-10-05 15:52:59  Recorder: Receipt 1 of 02-Oct-2026 (MasterID 2, line 1f32f696…): taken: Tally's GUID ed429be7-8c49-4176-946c-8dec007974f1-00000002, AlterID 2
  bridge2 log: 2026-10-05 15:52:55  Recorder: Receipt 1 of 02-Oct-2026 (MasterID 2, line 1f32f696…): asking Tally by MasterID
  bridge2 log: 2026-10-05 15:52:59  Recorder: Receipt 1 of 02-Oct-2026 (MasterID 2, line 1f32f696…): taken: Tally's GUID ed429be7-8c49-4176-946c-8dec007974f1-00000002, AlterID 2
  stub 15:52:59 recorder_lines event=created guid=ed429be7-8c49-4176-946c-8dec007974f1-00000002 mid=2 aid=2 vch=Receipt/1/20261002 user=runnervmfi6oq\fcuser2 bridge=go-e0ebcd59650e port=9101 company=FinCom Spike Co body=yes(2434 chars)
  stub 15:52:59 recorder_lines event=created guid=ed429be7-8c49-4176-946c-8dec007974f1-00000002 mid=2 aid=2 vch=Receipt/1/20261002 user=runnervmfi6oq\runneradmin bridge=go-c34d54612201 port=9100 company=FinCom Spike Co body=yes(2434 chars)
######## PASS 1 create: Tally made mid 2 guid ed429be7-8c49-4176-946c-8dec007974f1-00000002; stub 15:52:59 recorder_lines event=created guid=ed429be7-8c49-4176-946c-8dec007974f1-00000002 mid=2 aid=2 vch=Receipt/1/20261002 user=runnervmfi6oq\runneradmin bridge=go-c34d54612201 port=9100 company=FinCom Spike Co body=yes(2434 chars)
[keys] '%g' -> Tally :9000 'TallyPrime:9000'
[keys] 'Day Book' -> Tally :9000 'TallyPrime:9000'
[keys] '{ENTER}' -> Tally :9000 'TallyPrime:9000'
[keys] '{F2}' -> Tally :9000 'TallyPrime:9000'
[keys] '2-10-2026{ENTER}' -> Tally :9000 'TallyPrime:9000'
[shot] r4-13-daybook (1024x768)
[keys] '{END}' -> Tally :9000 'TallyPrime:9000'
[keys] '{ENTER}' -> Tally :9000 'TallyPrime:9000'
[shot] r4-14-open (1024x768)
[keys] '{ENTER}' -> Tally :9000 'TallyPrime:9000'
[keys] '{ENTER}' -> Tally :9000 'TallyPrime:9000'
[keys] '{ENTER}' -> Tally :9000 'TallyPrime:9000'
[shot] r4-15-at-amount (1024x768)
[keys] '800{ENTER}' -> Tally :9000 'TallyPrime:9000'
[keys] '^a' -> Tally :9000 'TallyPrime:9000'
[shot] r4-16-altered (1024x768)
  Tally :9000 voucher mid=1 aid=1 guid=ed429be7-8c49-4176-946c-8dec007974f1-00000001 no=1 cancelled=False
  Tally :9000 voucher mid=2 aid=3 guid=ed429be7-8c49-4176-946c-8dec007974f1-00000002 no=1 cancelled=False
  bridge1 log: 2026-10-05 15:53:49  Recorder: Receipt 1 of 02-Oct-2026 (MasterID 2, line ff463c1d…): asking Tally by MasterID
  bridge1 log: 2026-10-05 15:53:53  Recorder: Receipt 1 of 02-Oct-2026 (MasterID 2, line ff463c1d…): taken: Tally's GUID ed429be7-8c49-4176-946c-8dec007974f1-00000002, AlterID 3
  bridge2 log: 2026-10-05 15:53:49  Recorder: Receipt 1 of 02-Oct-2026 (MasterID 2, line ff463c1d…): asking Tally by MasterID
  bridge2 log: 2026-10-05 15:53:53  Recorder: Receipt 1 of 02-Oct-2026 (MasterID 2, line ff463c1d…): taken: Tally's GUID ed429be7-8c49-4176-946c-8dec007974f1-00000002, AlterID 3
  stub 15:53:53 recorder_lines event=altered guid=ed429be7-8c49-4176-946c-8dec007974f1-00000002 mid=2 aid=3 vch=Receipt/1/20261002 user=runnervmfi6oq\fcuser2 bridge=go-e0ebcd59650e port=9101 company=FinCom Spike Co body=yes(2434 chars)
  stub 15:53:53 recorder_lines event=altered guid=ed429be7-8c49-4176-946c-8dec007974f1-00000002 mid=2 aid=3 vch=Receipt/1/20261002 user=runnervmfi6oq\runneradmin bridge=go-c34d54612201 port=9100 company=FinCom Spike Co body=yes(2434 chars)
######## PASS 2 alter: Tally: mid 2 AlterID 2 -> 3; stub 15:53:53 recorder_lines event=altered guid=ed429be7-8c49-4176-946c-8dec007974f1-00000002 mid=2 aid=3 vch=Receipt/1/20261002 user=runnervmfi6oq\runneradmin bridge=go-c34d54612201 port=9100 company=FinCom Spike Co body=yes(2434 chars)
[keys] '%g' -> Tally :9000 'TallyPrime:9000'
[keys] 'Day Book' -> Tally :9000 'TallyPrime:9000'
[keys] '{ENTER}' -> Tally :9000 'TallyPrime:9000'
[keys] '{F2}' -> Tally :9000 'TallyPrime:9000'
[keys] '2-10-2026{ENTER}' -> Tally :9000 'TallyPrime:9000'
[shot] r4-17-daybook (1024x768)
[keys] '{END}' -> Tally :9000 'TallyPrime:9000'
[keys] '%2' -> Tally :9000 'TallyPrime:9000'
[shot] r4-18-duplicate (1024x768)
[keys] '{ENTER}' -> Tally :9000 'TallyPrime:9000'
[keys] '{ENTER}' -> Tally :9000 'TallyPrime:9000'
[shot] r4-19-dup-at-amount (1024x768)
[keys] '900{ENTER}' -> Tally :9000 'TallyPrime:9000'
[keys] '^a' -> Tally :9000 'TallyPrime:9000'
[shot] r4-20-dup-saved (1024x768)
  Tally :9000 voucher mid=1 aid=1 guid=ed429be7-8c49-4176-946c-8dec007974f1-00000001 no=1 cancelled=False
  Tally :9000 voucher mid=2 aid=3 guid=ed429be7-8c49-4176-946c-8dec007974f1-00000002 no=1 cancelled=False
  Tally :9000 voucher mid=3 aid=4 guid=ed429be7-8c49-4176-946c-8dec007974f1-00000003 no=2 cancelled=False
  bridge1 log: 2026-10-05 15:54:36  Recorder: Receipt 2 of 02-Oct-2026 (MasterID 3, line 6228826a…): asking Tally by MasterID
  bridge1 log: 2026-10-05 15:54:40  Recorder: Receipt 2 of 02-Oct-2026 (MasterID 3, line 6228826a…): taken: Tally's GUID ed429be7-8c49-4176-946c-8dec007974f1-00000003, AlterID 4
  bridge2 log: 2026-10-05 15:54:36  Recorder: Receipt 2 of 02-Oct-2026 (MasterID 3, line 6228826a…): asking Tally by MasterID
  bridge2 log: 2026-10-05 15:54:40  Recorder: Receipt 2 of 02-Oct-2026 (MasterID 3, line 6228826a…): taken: Tally's GUID ed429be7-8c49-4176-946c-8dec007974f1-00000003, AlterID 4
  stub 15:54:40 recorder_lines event=created guid=ed429be7-8c49-4176-946c-8dec007974f1-00000003 mid=3 aid=4 vch=Receipt/2/20261002 user=runnervmfi6oq\fcuser2 bridge=go-e0ebcd59650e port=9101 company=FinCom Spike Co body=yes(2434 chars) idsMismatch lineGuid=ed429be7-8c49-4176-946c-8dec007974f1-00000002
  stub 15:54:40 recorder_lines event=created guid=ed429be7-8c49-4176-946c-8dec007974f1-00000003 mid=3 aid=4 vch=Receipt/2/20261002 user=runnervmfi6oq\runneradmin bridge=go-c34d54612201 port=9100 company=FinCom Spike Co body=yes(2434 chars) idsMismatch lineGuid=ed429be7-8c49-4176-946c-8dec007974f1-00000002
######## PASS 3 Alt+2 copy: Tally made mid 3 guid ed429be7-8c49-4176-946c-8dec007974f1-00000003; source mid 2 AlterID still 3, no line for it; stub 15:54:40 recorder_lines event=created guid=ed429be7-8c49-4176-946c-8dec007974f1-00000003 mid=3 aid=4 vch=Receipt/2/20261002 user=runnervmfi6oq\runneradmin bridge=go-c34d54612201 port=9100 company=FinCom Spike Co body=yes(2434 chars) idsMismatch lineGuid=ed429be7-8c49-4176-946c-8dec007974f1-00000002
[keys] '%g' -> Tally :9000 'TallyPrime:9000'
[keys] 'Day Book' -> Tally :9000 'TallyPrime:9000'
[keys] '{ENTER}' -> Tally :9000 'TallyPrime:9000'
[keys] '{F2}' -> Tally :9000 'TallyPrime:9000'
[keys] '2-10-2026{ENTER}' -> Tally :9000 'TallyPrime:9000'
[shot] r4-21-daybook (1024x768)
[keys] '{HOME}' -> Tally :9000 'TallyPrime:9000'
[keys] '%x' -> Tally :9000 'TallyPrime:9000'
[keys] 'y' -> Tally :9000 'TallyPrime:9000'
[shot] r4-22-cancelled (1024x768)
  Tally :9000 voucher mid=1 aid=1 guid=ed429be7-8c49-4176-946c-8dec007974f1-00000001 no=1 cancelled=False
  Tally :9000 voucher mid=2 aid=5 guid=ed429be7-8c49-4176-946c-8dec007974f1-00000002 no=1 cancelled=True
  Tally :9000 voucher mid=3 aid=4 guid=ed429be7-8c49-4176-946c-8dec007974f1-00000003 no=2 cancelled=False
  bridge1 log: 2026-10-05 15:55:33  Recorder: Receipt 1 of 02-Oct-2026 (MasterID 2, line 060e812b…): asking Tally by MasterID
  bridge1 log: 2026-10-05 15:55:38  Recorder: FinCom Spike Co: cancel of mid 2: GUID from Tally (asked by MasterID): ed429be7-8c49-4176-946c-8dec007974f1-00000002; the GUID its MasterID makes agrees
  bridge2 log: 2026-10-05 15:55:33  Recorder: Receipt 1 of 02-Oct-2026 (MasterID 2, line 060e812b…): asking Tally by MasterID
  bridge2 log: 2026-10-05 15:55:37  Recorder: FinCom Spike Co: cancel of mid 2: GUID from Tally (asked by MasterID): ed429be7-8c49-4176-946c-8dec007974f1-00000002; the GUID its MasterID makes agrees
  stub 15:55:37 recorder_lines event=cancelled guid=ed429be7-8c49-4176-946c-8dec007974f1-00000002 mid=2 aid=5 vch=Receipt/1/20261002 user=runnervmfi6oq\fcuser2 bridge=go-e0ebcd59650e port=9101 company=FinCom Spike Co body=none
  stub 15:55:38 recorder_lines event=cancelled guid=ed429be7-8c49-4176-946c-8dec007974f1-00000002 mid=2 aid=5 vch=Receipt/1/20261002 user=runnervmfi6oq\runneradmin bridge=go-c34d54612201 port=9100 company=FinCom Spike Co body=none
######## PASS 4 cancel: Tally cancelled mid 2 guid ed429be7-8c49-4176-946c-8dec007974f1-00000002; stub 15:55:38 recorder_lines event=cancelled guid=ed429be7-8c49-4176-946c-8dec007974f1-00000002 mid=2 aid=5 vch=Receipt/1/20261002 user=runnervmfi6oq\runneradmin bridge=go-c34d54612201 port=9100 company=FinCom Spike Co body=none
[keys] '%g' -> Tally :9000 'TallyPrime:9000'
[keys] 'Day Book' -> Tally :9000 'TallyPrime:9000'
[keys] '{ENTER}' -> Tally :9000 'TallyPrime:9000'
[keys] '{F2}' -> Tally :9000 'TallyPrime:9000'
[keys] '2-10-2026{ENTER}' -> Tally :9000 'TallyPrime:9000'
[shot] r4-23-daybook (1024x768)
[keys] '{END}' -> Tally :9000 'TallyPrime:9000'
[keys] '%d' -> Tally :9000 'TallyPrime:9000'
[keys] 'y' -> Tally :9000 'TallyPrime:9000'
[shot] r4-24-deleted (1024x768)
  Tally :9000 voucher mid=1 aid=1 guid=ed429be7-8c49-4176-946c-8dec007974f1-00000001 no=1 cancelled=False
  Tally :9000 voucher mid=2 aid=5 guid=ed429be7-8c49-4176-946c-8dec007974f1-00000002 no=1 cancelled=True
  bridge1 log: 2026-10-05 15:56:15  Recorder: FinCom Spike Co: delete of mid 3: GUID from the bridge's record: ed429be7-8c49-4176-946c-8dec007974f1-00000003; the GUID its MasterID makes agrees
  bridge2 log: 2026-10-05 15:56:15  Recorder: FinCom Spike Co: delete of mid 3: GUID from the bridge's record: ed429be7-8c49-4176-946c-8dec007974f1-00000003; the GUID its MasterID makes agrees
  stub 15:56:15 recorder_lines event=deleted guid=ed429be7-8c49-4176-946c-8dec007974f1-00000003 mid=3 aid= vch=Receipt/2/20261002 user=runnervmfi6oq\fcuser2 bridge=go-e0ebcd59650e port=9101 company=FinCom Spike Co body=none
  stub 15:56:15 recorder_lines event=deleted guid=ed429be7-8c49-4176-946c-8dec007974f1-00000003 mid=3 aid= vch=Receipt/2/20261002 user=runnervmfi6oq\runneradmin bridge=go-c34d54612201 port=9100 company=FinCom Spike Co body=none
######## PASS 5 delete: Tally deleted mid 3 guid ed429be7-8c49-4176-946c-8dec007974f1-00000003; stub 15:56:15 recorder_lines event=deleted guid=ed429be7-8c49-4176-946c-8dec007974f1-00000003 mid=3 aid= vch=Receipt/2/20261002 user=runnervmfi6oq\runneradmin bridge=go-c34d54612201 port=9100 company=FinCom Spike Co body=none
[15:56:23] ---- 6d: user 2's own Tally event (a Receipt on 9001), recorded by user 2's bridge
[keys] 'v' -> Tally :9001 'TallyPrime:9001'
[shot] r4-30-u2-vouchers (1024x768)
[keys] '{F6}' -> Tally :9001 'TallyPrime:9001'
[keys] '{F2}' -> Tally :9001 'TallyPrime:9001'
[keys] '2-10-2026{ENTER}' -> Tally :9001 'TallyPrime:9001'
[keys] 'Cash{ENTER}' -> Tally :9001 'TallyPrime:9001'
[keys] 'Spike Income{ENTER}' -> Tally :9001 'TallyPrime:9001'
[shot] r4-31-u2-particular (1024x768)
[keys] '450{ENTER}' -> Tally :9001 'TallyPrime:9001'
[keys] '^a' -> Tally :9001 'TallyPrime:9001'
[shot] r4-32-u2-created (1024x768)
  Tally :9001 voucher mid=1 aid=1 guid=06f9dd70-e4f7-4c78-80c8-d93139d344b3-00000001 no=1 cancelled=False
  bridge1 log: 2026-10-05 15:56:53  Recorder: Receipt 1 of 02-Oct-2026 (MasterID 1, line db89cedc…): not asked: no starting point recorded for this company
  bridge2 log: 2026-10-05 15:56:53  Recorder: Receipt 1 of 02-Oct-2026 (MasterID 1, line db89cedc…): not asked: no starting point recorded for this company
######## FAIL 6d user 2 own Tally event: Tally :9001 (as fcuser2) made mid 1 guid 06f9dd70-e4f7-4c78-80c8-d93139d344b3-00000001; stub 15:56:53 recorder_lines event=created guid='' mid=1 aid= vch=Receipt/1/20261002 user=runnervmfi6oq\fcuser2 bridge=go-e0ebcd59650e port=9101 company=FinCom Spike U2 body=none
[15:57:22] ---- 6c: the beats, 6e: every recorder line attributed to the user whose Tally made it
######## PASS 6c beats: stub 15:57:09 beat x12 bridge=go-c34d54612201 user=runnervmfi6oq\runneradmin windowsUser=runnervmfi6oq\runneradmin bridgePort=9100 tallyPort=9000 dataFolder=D:\a\_temp\TallyData device=spike-computer-key-user1 computer=runnervmfi6oq | stub 15:57:14 beat x12 bridge=go-e0ebcd59650e user=runnervmfi6oq\fcuser2 windowsUser=runnervmfi6oq\fcuser2 bridgePort=9101 tallyPort=9001 dataFolder=C:\fcspike\u2data device=spike-computer-key-user2 computer=runnervmfi6oq
  all: stub 15:52:59 recorder_lines event=created guid=ed429be7-8c49-4176-946c-8dec007974f1-00000002 mid=2 aid=2 vch=Receipt/1/20261002 user=runnervmfi6oq\fcuser2 bridge=go-e0ebcd59650e port=9101 company=FinCom Spike Co body=yes(2434 chars)
  all: stub 15:52:59 recorder_lines event=created guid=ed429be7-8c49-4176-946c-8dec007974f1-00000002 mid=2 aid=2 vch=Receipt/1/20261002 user=runnervmfi6oq\runneradmin bridge=go-c34d54612201 port=9100 company=FinCom Spike Co body=yes(2434 chars)
  all: stub 15:53:53 recorder_lines event=altered guid=ed429be7-8c49-4176-946c-8dec007974f1-00000002 mid=2 aid=3 vch=Receipt/1/20261002 user=runnervmfi6oq\fcuser2 bridge=go-e0ebcd59650e port=9101 company=FinCom Spike Co body=yes(2434 chars)
  all: stub 15:53:53 recorder_lines event=altered guid=ed429be7-8c49-4176-946c-8dec007974f1-00000002 mid=2 aid=3 vch=Receipt/1/20261002 user=runnervmfi6oq\runneradmin bridge=go-c34d54612201 port=9100 company=FinCom Spike Co body=yes(2434 chars)
  all: stub 15:54:40 recorder_lines event=created guid=ed429be7-8c49-4176-946c-8dec007974f1-00000003 mid=3 aid=4 vch=Receipt/2/20261002 user=runnervmfi6oq\fcuser2 bridge=go-e0ebcd59650e port=9101 company=FinCom Spike Co body=yes(2434 chars) idsMismatch lineGuid=ed429be7-8c49-4176-946c-8dec007974f1-00000002
  all: stub 15:54:40 recorder_lines event=created guid=ed429be7-8c49-4176-946c-8dec007974f1-00000003 mid=3 aid=4 vch=Receipt/2/20261002 user=runnervmfi6oq\runneradmin bridge=go-c34d54612201 port=9100 company=FinCom Spike Co body=yes(2434 chars) idsMismatch lineGuid=ed429be7-8c49-4176-946c-8dec007974f1-00000002
  all: stub 15:55:37 recorder_lines event=cancelled guid=ed429be7-8c49-4176-946c-8dec007974f1-00000002 mid=2 aid=5 vch=Receipt/1/20261002 user=runnervmfi6oq\fcuser2 bridge=go-e0ebcd59650e port=9101 company=FinCom Spike Co body=none
  all: stub 15:55:38 recorder_lines event=cancelled guid=ed429be7-8c49-4176-946c-8dec007974f1-00000002 mid=2 aid=5 vch=Receipt/1/20261002 user=runnervmfi6oq\runneradmin bridge=go-c34d54612201 port=9100 company=FinCom Spike Co body=none
  all: stub 15:56:15 recorder_lines event=deleted guid=ed429be7-8c49-4176-946c-8dec007974f1-00000003 mid=3 aid= vch=Receipt/2/20261002 user=runnervmfi6oq\fcuser2 bridge=go-e0ebcd59650e port=9101 company=FinCom Spike Co body=none
  all: stub 15:56:15 recorder_lines event=deleted guid=ed429be7-8c49-4176-946c-8dec007974f1-00000003 mid=3 aid= vch=Receipt/2/20261002 user=runnervmfi6oq\runneradmin bridge=go-c34d54612201 port=9100 company=FinCom Spike Co body=none
  all: stub 15:56:53 recorder_lines event=created guid='' mid=1 aid= vch=Receipt/1/20261002 user=runnervmfi6oq\fcuser2 bridge=go-e0ebcd59650e port=9101 company=FinCom Spike U2 body=none
  all: stub 15:56:53 recorder_lines event=created guid='' mid=1 aid= vch=Receipt/1/20261002 user=runnervmfi6oq\runneradmin bridge=go-c34d54612201 port=9100 company=FinCom Spike U2 body=none
######## FAIL 6e attribution: 6 line(s) from bridge 1 (runneradmin, FinCom Spike Co), 6 from bridge 2 (fcuser2, FinCom Spike U2); misattributed: 6 e.g. stub 15:52:59 recorder_lines event=created guid=ed429be7-8c49-4176-946c-8dec007974f1-00000002 mid=2 aid=2 vch=Receipt/1/20261002 user=runnervmfi6oq\fcuser2 bridge=go-e0ebcd59650e port=9101 company=FinCom Spike Co body=yes(2434 chars)
[15:57:22] ---- step 6 as one line
######## FAIL 6 two Windows users: PASS 6a two bridges at once; PASS 6b /ping proof; FAIL 6d user 2 own Tally event; PASS 6c beats; FAIL 6e attribution
[15:57:22] ---- what is kept: the bridges' logs, install logs, settings without their keys
  Tally :9000 voucher mid=1 aid=1 guid=ed429be7-8c49-4176-946c-8dec007974f1-00000001 no=1 cancelled=False
  Tally :9000 voucher mid=2 aid=5 guid=ed429be7-8c49-4176-946c-8dec007974f1-00000002 no=1 cancelled=True
== results
INFO no session of their own for user 2: their programs run through the secondary logon (Start-Process -Credential) in the runner's session 2
PASS 6a two bridges at once: bridge 1 runneradmin on 127.0.0.1:9100 (pid 9232, session 2, go-c34d54612201); bridge 2 fcuser2 on 127.0.0.1:9101 (pid 628, session 2, go-e0ebcd59650e); both listening at 15:51:52
PASS 6b /ping proof: bridge 1 proves itself to runneradmin: ok; bridge 1 proof checked against user 2 identity fails: ok; bridge 2 proves itself to fcuser2: ok; bridge 2 proof checked against user 1 identity fails: ok; bridge 2 gives runneradmin no proof: ok; bridge 1 gives fcuser2 no proof: ok; other users refused 403 beyond /ping: ok
PASS 1 create: Tally made mid 2 guid ed429be7-8c49-4176-946c-8dec007974f1-00000002; stub 15:52:59 recorder_lines event=created guid=ed429be7-8c49-4176-946c-8dec007974f1-00000002 mid=2 aid=2 vch=Receipt/1/20261002 user=runnervmfi6oq\runneradmin bridge=go-c34d54612201 port=9100 company=FinCom Spike Co body=yes(2434 chars)
PASS 2 alter: Tally: mid 2 AlterID 2 -> 3; stub 15:53:53 recorder_lines event=altered guid=ed429be7-8c49-4176-946c-8dec007974f1-00000002 mid=2 aid=3 vch=Receipt/1/20261002 user=runnervmfi6oq\runneradmin bridge=go-c34d54612201 port=9100 company=FinCom Spike Co body=yes(2434 chars)
PASS 3 Alt+2 copy: Tally made mid 3 guid ed429be7-8c49-4176-946c-8dec007974f1-00000003; source mid 2 AlterID still 3, no line for it; stub 15:54:40 recorder_lines event=created guid=ed429be7-8c49-4176-946c-8dec007974f1-00000003 mid=3 aid=4 vch=Receipt/2/20261002 user=runnervmfi6oq\runneradmin bridge=go-c34d54612201 port=9100 company=FinCom Spike Co body=yes(2434 chars) idsMismatch lineGuid=ed429be7-8c49-4176-946c-8dec007974f1-00000002
PASS 4 cancel: Tally cancelled mid 2 guid ed429be7-8c49-4176-946c-8dec007974f1-00000002; stub 15:55:38 recorder_lines event=cancelled guid=ed429be7-8c49-4176-946c-8dec007974f1-00000002 mid=2 aid=5 vch=Receipt/1/20261002 user=runnervmfi6oq\runneradmin bridge=go-c34d54612201 port=9100 company=FinCom Spike Co body=none
PASS 5 delete: Tally deleted mid 3 guid ed429be7-8c49-4176-946c-8dec007974f1-00000003; stub 15:56:15 recorder_lines event=deleted guid=ed429be7-8c49-4176-946c-8dec007974f1-00000003 mid=3 aid= vch=Receipt/2/20261002 user=runnervmfi6oq\runneradmin bridge=go-c34d54612201 port=9100 company=FinCom Spike Co body=none
FAIL 6d user 2 own Tally event: Tally :9001 (as fcuser2) made mid 1 guid 06f9dd70-e4f7-4c78-80c8-d93139d344b3-00000001; stub 15:56:53 recorder_lines event=created guid='' mid=1 aid= vch=Receipt/1/20261002 user=runnervmfi6oq\fcuser2 bridge=go-e0ebcd59650e port=9101 company=FinCom Spike U2 body=none
PASS 6c beats: stub 15:57:09 beat x12 bridge=go-c34d54612201 user=runnervmfi6oq\runneradmin windowsUser=runnervmfi6oq\runneradmin bridgePort=9100 tallyPort=9000 dataFolder=D:\a\_temp\TallyData device=spike-computer-key-user1 computer=runnervmfi6oq | stub 15:57:14 beat x12 bridge=go-e0ebcd59650e user=runnervmfi6oq\fcuser2 windowsUser=runnervmfi6oq\fcuser2 bridgePort=9101 tallyPort=9001 dataFolder=C:\fcspike\u2data device=spike-computer-key-user2 computer=runnervmfi6oq
FAIL 6e attribution: 6 line(s) from bridge 1 (runneradmin, FinCom Spike Co), 6 from bridge 2 (fcuser2, FinCom Spike U2); misattributed: 6 e.g. stub 15:52:59 recorder_lines event=created guid=ed429be7-8c49-4176-946c-8dec007974f1-00000002 mid=2 aid=2 vch=Receipt/1/20261002 user=runnervmfi6oq\fcuser2 bridge=go-e0ebcd59650e port=9101 company=FinCom Spike Co body=yes(2434 chars)
FAIL 6 two Windows users: PASS 6a two bridges at once; PASS 6b /ping proof; FAIL 6d user 2 own Tally event; PASS 6c beats; FAIL 6e attribution
== round 4 end
