[06:06:30.959] push-design on TallyPrime 4.1: reps 5, heavy 3000 ledgers / 3000 items / up to 30000 vouchers (40 min), postings 1
[06:06:31.895] system clock step after timeBeginPeriod(1): 0.401 ms (min 0.0039, max 4.1858)
[06:06:31.923] two files written 2 ms apart: NTFS write times 16.9995 ms apart
[06:06:31.942] light company folder: D:\a\_temp\TallyData\100000
[06:06:31.993] fast234 (fast234g) on TallyPrime 4.1: today's request 2927 chars, 61 fields
[06:06:32.030] ---- fast234g: GST on (D:\a\_temp\fast234g\on)
[06:06:35.048] tally.ini: Data D:\a\_temp\fast234g\on; TDL: none
[keys] 'a'
[keys] 't'
[shot] p-g-on-setup-started (1024x768)
[06:07:03.175] Tally started (g-on-setup) in 28.1 s; company open: True
[06:07:03.205] import company GST on: 1 sent, created 0, errors 0, 12.5 ms
[06:07:03.210] GST on: ISGSTON before 'Yes', after the alteration 'Yes'
[06:07:03.437] import light masters: 60 sent, created 59, errors 0, 209.9 ms
[06:07:03.554] import xml item invoice: 1 sent, created 1, errors 0, 63.9 ms
[06:07:03.579] import xml accounting sales: 1 sent, created 1, errors 0, 22.6 ms
[06:07:03.602] import xml accounting sales (IRN to come): 1 sent, created 1, errors 0, 21 ms
[06:07:03.657] import IRN and e-way bill written back (alter): 1 sent, created 1, errors 0, 22.3 ms
[shot] tds-001-gw0 (1024x768)
[06:07:08] [tds] screen tds-001-gw0 : x TallyPrime MANAGE EDU K: Company Gatewa of Tall CURRENT PERIOD I-Apr-26 to 31-Mar-27 NAME OF COMPANY FinCom Spike Co Y: Data Z: Exchange CURRENT OATE Wednesday, I-Apr-2026 O: Import E: Export M: Share p: print Fl: Help Date o 3be9d Gateway of Tally MASTERS Create Alter CHart of Accounts TRANSACTIONS Vouchers Day 800K UTILITIES BaNking REPORTS Balance Sheet Profit & Loss A/c Stock Summary Ratio Analysis Display More Reports DashbOard Quit Unity Q upr-26 Search Company to ru c6d9— • ea3b— acep 5c6a— • ea3b— acep .337. 9—a46 ening '6d63c ing j _id" : 6—01 " 5c6a— Mode Windows Server 2025 Datace...
[shot] tds-002-g-on-screen-start (1024x768)
[06:07:09] [tds] screen tds-002-g-on-screen-start : x TallyPrime MANAGE EDU K: Company Gatewa of Tall CURRENT PERIOD I-Apr-26 to 31-Mar-27 NAME OF COMPANY FinCom Spike Co Y: Data Z: Exchange CURRENT OATE Wednesday, I-Apr-2026 O: Import E: Export M: Share p: print Fl: Help Date o 3be9d Gateway of Tally MASTERS Create Alter CHart of Accounts TRANSACTIONS Vouchers Day 800K UTILITIES BaNking REPORTS Balance Sheet Profit & Loss A/c Stock Summary Ratio Analysis Display More Reports DashbOard Quit Unity Q upr-26 Search Company to ru c6d9— • ea3b— acep 5c6a— • ea3b— acep .337. 9—a46 ening '6d63c ing j _id" : 6—01 " 5c6a— Mode Windows Server 2025 Datace...
[keys] 'v'
[shot] tds-003-g-on-screen-vouchers (1024x768)
[06:07:13] [tds] screen tds-003-g-on-screen-vouchers : x TallyPrime MANAGE EDU K: Company Accounting Voucher Creation Pa ment No. 1 Account Current balance: Particulars Narration: Quit Y: Data Z: Exchange A Accept Q Search O: Import E: Export M: Share FinCom • ke Co p: print upr-26 Wednesday Amount Fl: Help Q: Date Company Ed: Contra F-5: Payment Receipt Journal Sales o 3be9d to ru c6d9— • ea3b— acep 5c6a— Purchase • ea3b— Fl O: OåuVooctgs E: Autofill Change Mode More Details O: Related ¯ Repons Optional post -Dated J: Stat acep .337. 9—a46 ening '6d63c ing j _id" : 6—01 " 5c6a— Unity D: Delete x: Cancel Vch Adjustment El 2: Configure Mode Windows...
[keys] '{F8}'
[shot] tds-004-g-on-screen-type (1024x768)
[06:07:17] [tds] screen tds-004-g-on-screen-type : x TallyPrime MANAGE EDU K: Company Accounting Voucher Creation Sales Party Alc narne. Current balance: Sales ledger: • Current balance: Name of Item Narration: Quit Y: Data Z: Exchange A Accept Q Search FinCom • ke Co O: Import E: Export List of Led er Accounts Cash HDFC Bank Spike Party Spike Party 2 Template Party Ul Party M: Share p: print x Create Fl: Help Date o 3be9d Company to ru F4: Contra F5: Payment Receipt Journal F8: Sales c6d9— • ea3b— acep 5c6a— • ea3b— Purchase acep Fl 0: 0åHVouctg•s F: Autofill Change Mode More Details o: L: Related Reports Optional post -Dated .337. 9—a46 enin...
[keys] '^h'
[shot] tds-005-g-on-screen-mode (1024x768)
[06:07:20] [tds] screen tds-005-g-on-screen-mode : TallyPrime MANAGE EDU K: Company Change Mode Unity Quit Y: Data Z: Exchange O: Import E: Export M: Share p: print x Fl: Help FinCom • ke Co Change Voucher Mode Item Invoice List of Modes/Usa es Item Invoice Accounting Invoice As Voucher A Accept Q Search o 3be9d to ru c6d9— • ea3b— acep 5c6a— • ea3b— acep .337. 9—a46 ening '6d63c ing j _id" : 6—01 " 5c6a— Mode Windows Server 2025 Datacenter Build 26100.ge_release240331-1435 6:07 AM 10/8/2026
[keys] 'Item Invoice{ENTER}'
[shot] tds-006-g-on-screen-item-mode (1024x768)
[06:07:24] [tds] screen tds-006-g-on-screen-item-mode : x TallyPrime MANAGE EDU K: Company Accounting Voucher Creation Sales Party Alc narne. Current balance: Sales ledger: • Current balance: Name of Item Narration: Quit Y: Data Z: Exchange A Accept Q Search FinCom • ke Co O: Import E: Export List of Led er Accounts Cash HDFC Bank Spike Party Spike Party 2 Template Party Ul Party M: Share p: print x Create Fl: Help Date o 3be9d Company to ru F4: Contra F5: Payment Receipt Journal F8: Sales c6d9— • ea3b— acep 5c6a— • ea3b— Purchase acep Fl 0: 0åHVouctg•s F: Autofill Change Mode More Details o: L: Related Reports Optional post -Dated .337. 9—a46 enin...
[keys] '{F2}'
[shot] tds-007-g-on-screen-date-box (1024x768)
[06:07:26] [tds] screen tds-007-g-on-screen-date-box : TallyPrime MANAGE EDU K: Company Change Voucher Date Unity Quit Y: Data Z: Exchange A Accept Q Search O: Import E: Export M: Share p: print x Fl: Help FinCom Spike Co Voucher Date 24-2026 o 3be9d to ru c6d9— • ea3b— acep 5c6a— • ea3b— acep .337. 9—a46 ening '6d63c ing j _id" : 6—01 " 5c6a— Mode Windows Server 2025 Datacenter Build 26100.ge_release240331-1435 6:07 AM 10/8/2026
[keys] '2-10-2026{ENTER}'
[shot] tds-008-g-on-screen-date (1024x768)
[06:07:30] [tds] screen tds-008-g-on-screen-date : x TallyPrime MANAGE EDU K: Company Accounting Voucher Creation Sales Party Alc narne. Current balance: Sales ledger: • Current balance: Name of Item Narration: Quit Y: Data Z: Exchange A Accept Q Search FinCom • ke Co O: Import E: Export List of Led er Accounts Cash HDFC Bank Spike Party Spike Party 2 Template Party Ul Party M: Share p: print x Create Fl: Help Date o 3be9d Company to ru F4: Contra F5: Payment Receipt Journal F8: Sales c6d9— • ea3b— acep 5c6a— • ea3b— Purchase acep Fl 0: 0åHVouctg•s F: Autofill Change Mode More Details o: L: Related Reports Optional post -Dated .337. 9—a46 enin...
[keys] '{ENTER}'
[shot] tds-009-g-on-screen-ref (1024x768)
[06:07:32] [tds] screen tds-009-g-on-screen-ref : x R CEDU Details TallyPrime MANAGE K: Company Y: Data Z: Exchange Accept Q Search O: Import E: Export M: Share p: print Fl: Help x Delivery Note No(s) FinCom Spike Co Dispatch Details Dispatch Doc No. Dispatched through Destination Carrier Name/Agent Bill of No. Motor Vehicle No. Date: Unity Quit o 3be9d to ru c6d9— • ea3b— acep 5c6a— • ea3b— acep .337. 9—a46 ening '6d63c ing j _id" : 6—01 " 5c6a— Mode Windows Server 2025 Datacenter Build 26100.ge_release240331-1435 6:07 AM 10/8/2026
[keys] 'Template Party{ENTER}'
[shot] tds-010-g-on-screen-party (1024x768)
[06:07:36] [tds] screen tds-010-g-on-screen-party : x R CEDU Details TallyPrime MANAGE K: Company Y: Data Z: Exchange O: Import E: Export M: Share p: print Fl: Help x Delivery Note No(s) Template Party FinCom Spike Co Dispatch Details Dispatch Doc No. Dispatched through 2-Oct-26 Destination Carrier Name/Agent Bill of No. Motor Vehicle No. Quit Date. Accept Q Search Date: Unity o 3be9d to ru c6d9— • ea3b— acep 5c6a— • ea3b— acep .337. 9—a46 ening '6d63c ing j _id" : 6—01 " 5c6a— Mode Windows Server 2025 Datacenter Build 26100.ge_release240331-1435 6:07 AM 10/8/2026
[shot] tds-011-g-on-screen-party-sub1 (1024x768)
[06:07:37] [tds] screen tds-011-g-on-screen-party-sub1 : x R CEDU Details TallyPrime MANAGE K: Company Y: Data Z: Exchange O: Import E: Export M: Share p: print Fl: Help x Delivery Note No(s) Template Party FinCom Spike Co Dispatch Details Dispatch Doc No. Dispatched through Quit Date. Accept Q Search a-Oct-26 Destination Carrier Name/Agent Bill of No. Motor Vehicle No. Date: Unity o 3be9d to ru c6d9— • ea3b— acep 5c6a— • ea3b— acep .337. 9—a46 ening '6d63c ing j _id" : 6—01 " 5c6a— Mode Windows Server 2025 Datacenter Build 26100.ge_release240331-1435 6:07 AM 10/8/2026
[keys] '^a'
[shot] tds-012-g-on-screen-party-sub-accept (1024x768)
[06:07:40] [tds] screen tds-012-g-on-screen-party-sub-accept : x R CEDU TallyPrime MANAGE K: Company Y: Data Z: Exchange FinCom Spike Co Party Details Cash List of Led er Accounts Cash Spike Party Spike Party 2 Template Party Ul Party O: Import Create New Party E: Export M: Share p: print Fl: Help x Details Quit Buyer (Bill to) Mailing Name Address State Country GST Registration type GSTIN/UIN Place of Supply Accept Q Search o 3be9d to ru c6d9— • ea3b— acep 5c6a— • ea3b— acep .337. 9—a46 ening '6d63c ing j _id" : 6—01 " 5c6a— Unity Configure Mode Windows Server 2025 Datacenter Build 26100.ge_release240331-1435 6:07 AM 10/8/2026
[shot] tds-013-g-on-screen-party-sub2 (1024x768)
[06:07:41] [tds] screen tds-013-g-on-screen-party-sub2 : x R CEDU TallyPrime MANAGE K: Company Y: Data Z: Exchange FinCom Spike Co Party Details Cash List of Led er Accounts Cash Spike Party Spike Party 2 Template Party Ul Party O: Import Create New Party E: Export M: Share p: print Fl: Help x Details Quit Buyer (Bill to) Mailing Name Address State Country GST Registration type GSTIN/UIN Place of Supply Accept Q Search o 3be9d to ru c6d9— • ea3b— acep 5c6a— • ea3b— acep .337. 9—a46 ening '6d63c ing j _id" : 6—01 " 5c6a— Unity Configure Mode Windows Server 2025 Datacenter Build 26100.ge_release240331-1435 6:07 AM 10/8/2026
[keys] '^a'
[shot] tds-014-g-on-screen-party-sub-accept (1024x768)
[06:07:44] [tds] screen tds-014-g-on-screen-party-sub-accept : x TallyPrime MANAGE EDU K: Company Accounting Voucher Creation Sales PartyA/c narne: Cash Current balance: Sales ledger: • Current balance: Name of Item Narration: Quit Y: Data Z: Exchange A Accept Q Search FinCom • ke Co O: Import E: Export List of Led er Accounts Sales M: Share p: print x Create Show More Fl: Help Date o 3be9d Company to ru F4: Contra F5: Payment Receipt Journal F8: Sales c6d9— • ea3b— acep 5c6a— • ea3b— Purchase acep Fl 0: 0åHVouctg•s F: Autofill Change Mode More Details o: L: Related Reports Optional post -Dated .337. 9—a46 ening '6d63c ing j _id" : 6—01 " 5c6a— Unity D: D...
[shot] tds-015-g-on-screen-party-sub3 (1024x768)
[06:07:45] [tds] screen tds-015-g-on-screen-party-sub3 : x TallyPrime MANAGE EDU K: Company Accounting Voucher Creation Sales PartyA/c narne: Cash Current balance: Sales ledger: • Current balance: Name of Item Narration: Quit Y: Data Z: Exchange A Accept Q Search FinCom • ke Co O: Import E: Export List of Led er Accounts Sales M: Share p: print x Create Show More Fl: Help Date o 3be9d Company to ru F4: Contra F5: Payment Receipt Journal F8: Sales c6d9— • ea3b— acep 5c6a— • ea3b— Purchase acep Fl 0: 0åHVouctg•s F: Autofill Change Mode More Details o: L: Related Reports Optional post -Dated .337. 9—a46 ening '6d63c ing j _id" : 6—01 " 5c6a— Unity D: D...
[keys] 'Sales{ENTER}'
[shot] tds-016-g-on-screen-ledger (1024x768)
[06:07:49] [tds] screen tds-016-g-on-screen-ledger : x TallyPrime MANAGE EDU K: Company Accounting Voucher Creation Sales PartyA/c narne: Cash Current balance: Sales ledger: Sales • Current balance: 850.00 Cr Name of Item Ch Narration: Unity Quit Y: Data Z: Exchange A Accept Q Search FinCom • ke Co O: Import Quantity E: Export Rate M: Share per p: print 2-Oct-26 Friday Amount Fl: Help Date o 3be9d Company to ru F4: Contra F5: Payment Receipt Journal F8: Sales c6d9— • ea3b— acep 5c6a— • ea3b— Purchase acep Fl 0: 0åHVouctg•s F: Autofill Change Mode More Details o: L: Related Reports Optional post -Dated .337. 9—a46 ening '6d63c ing j _id" : 6—01 "...
[keys] 'Item T03{ENTER}'
[shot] tds-017-g-on-screen-item (1024x768)
[06:07:52] [tds] screen tds-017-g-on-screen-item : x TallyPrime MANAGE EDU K: Company Accounting Voucher Creation Sales PartyA/c narne: Cash Current balance: Sales ledger: Sales • Current balance: 850.00 Cr Name of Item Item T03 Narration: Quit Y: Data Z: Exchange A Accept Q Search FinCom • ke Co O: Import Quantity E: Export Rate M: Share per p: print 2-Oct-26 Friday Amount Fl: Help Date o 3be9d Company to ru F4: Contra F5: Payment Receipt Journal F8: Sales c6d9— • ea3b— acep 5c6a— • ea3b— Purchase acep Fl 0: 0åHVouctg•s F: Autofill Change Mode More Details o: L: Related Reports Optional post -Dated .337. 9—a46 ening '6d63c ing j _id" : 6—01 "...
[shot] tds-018-g-on-screen-item-sub1 (1024x768)
[06:07:53] [tds] screen tds-018-g-on-screen-item-sub1 : x TallyPrime MANAGE EDU K: Company Accounting Voucher Creation Sales PartyA/c narne: Cash Current balance: Sales ledger: Sales • Current balance: 850.00 Cr Name of Item Item T03 Narration: Quit Y: Data Z: Exchange A Accept Q Search FinCom • ke Co O: Import Quantity E: Export Rate M: Share per p: print 2-Oct-26 Friday Amount Fl: Help Date o 3be9d Company to ru F4: Contra F5: Payment Receipt Journal F8: Sales c6d9— • ea3b— acep 5c6a— • ea3b— Purchase acep Fl 0: 0åHVouctg•s F: Autofill Change Mode More Details o: L: Related Reports Optional post -Dated .337. 9—a46 ening '6d63c ing j _id" : 6—01 "...
[keys] '2{ENTER}'
[shot] tds-019-g-on-screen-qty (1024x768)
[06:07:56] [tds] screen tds-019-g-on-screen-qty : x TallyPrime MANAGE EDU K: Company Accounting Voucher Creation Sales PartyA/c narne: Cash Current balance: Sales ledger: Sales • Current balance: 850.00 Cr Name of Item Item T03 Narration: Quit Y: Data Z: Exchange A Accept Q Search FinCom • ke Co O: Import Quantity 2 Nos 2 Nos E: Export Rate M: Share per p: print 2-Oct-26 Friday Amount Fl: Help Date o 3be9d Company to ru F4: Contra F5: Payment Receipt Journal F8: Sales c6d9— • ea3b— acep 5c6a— • ea3b— Purchase acep Fl 0: 0åHVouctg•s F: Autofill Change Mode More Details o: L: Related Reports Optional post -Dated .337. 9—a46 ening '6d63c ing j _...
[keys] '100{ENTER}'
[shot] tds-020-g-on-screen-rate (1024x768)
[06:07:58] [tds] screen tds-020-g-on-screen-rate : x TallyPrime MANAGE EDU K: Company Accounting Voucher Creation Sales PartyA/c narne: Cash Current balance: Sales ledger: Sales • Current balance: 850.00 Cr Name of Item Item T03 Narration: Quit Y: Data Z: Exchange A Accept Q Search FinCom • ke Co O: Import Quantity 2 Nos 2 Nos E: Export Rate 100.00 M: Share per Nos p: print 2-Oct-26 Friday Amount 200.00 Fl: Help Date o 3be9d Company to ru F4: Contra F5: Payment Receipt Journal F8: Sales c6d9— • ea3b— acep 5c6a— • ea3b— Purchase acep Fl 0: 0åHVouctg•s F: Autofill Change Mode More Details o: L: 200.00 Related Reports Optional post -Dated .337. 9...
[keys] '{ENTER}'
[shot] tds-021-g-on-screen-amount (1024x768)
[06:08:01] [tds] screen tds-021-g-on-screen-amount : x TallyPrime MANAGE EDU K: Company Accounting Voucher Creation Sales PartyA/c narne: Cash Current balance: Sales ledger: Sales • Current balance: 850.00 Cr Name of Item Item T03 Narration: Quit Y: Data Z: Exchange A Accept Q Search FinCom • ke Co O: Import Quantity 2 Nos 2 Nos E: Export Rate 100.00 M: Share per Nos p: print 2-Oct-26 Friday Amount 200.00 Fl: Help Date o 3be9d Company to ru F4: Contra F5: Payment Receipt Journal F8: Sales c6d9— • ea3b— acep 5c6a— • ea3b— Purchase acep Fl 0: 0åHVouctg•s F: Autofill Change Mode More Details o: L: 200.00 Related Reports Optional post -Dated .337. 9...
[shot] tds-022-g-on-screen-item-b-sub1 (1024x768)
[06:08:02] [tds] screen tds-022-g-on-screen-item-b-sub1 : x TallyPrime MANAGE EDU K: Company Accounting Voucher Creation Sales PartyA/c narne: Cash Current balance: Sales ledger: Sales • Current balance: 850.00 Cr Name of Item Item T03 Narration: Quit Y: Data Z: Exchange A Accept Q Search FinCom • ke Co O: Import Quantity 2 Nos 2 Nos E: Export Rate 100.00 M: Share per Nos p: print 2-Oct-26 Friday Amount 200.00 Fl: Help Date o 3be9d Company to ru F4: Contra F5: Payment Receipt Journal F8: Sales c6d9— • ea3b— acep 5c6a— • ea3b— Purchase acep Fl 0: 0åHVouctg•s F: Autofill Change Mode More Details o: L: 200.00 Related Reports Optional post -Dated .337. 9...
[keys] '{ENTER}'
[shot] tds-023-g-on-screen-items-done (1024x768)
[06:08:05] [tds] screen tds-023-g-on-screen-items-done : x TallyPrime MANAGE EDU K: Company Accounting Voucher Creation Sales PartyA/c narne: Cash Current balance: Sales ledger: Sales • Current balance: 850.00 Cr Name of Item Item T03 Narration: Quit Y: Data Z: Exchange A Accept Q Search FinCom • ke Co O: Import Quantity 2 Nos 2 Nos E: Export Rate 100.00 M: Share per Nos p: print 2-Oct-26 Friday Amount 200.00 200.00 Fl: Help Date o 3be9d Company to ru F4: Contra F5: Payment Receipt Journal F8: Sales c6d9— • ea3b— acep 5c6a— • ea3b— Purchase Fl 0: 0åHVouctg•s F: Autofill Change Mode More Details o: L: 200.00 Related Reports Optional post -Dated acep ...
[shot] tds-024-g-on-screen-narr-q (1024x768)
[06:08:06] [tds] screen tds-024-g-on-screen-narr-q : x TallyPrime MANAGE EDU K: Company Accounting Voucher Creation Sales PartyA/c narne: Cash Current balance: Sales ledger: Sales • Current balance: 850.00 Cr Name of Item Item T03 Narration: Quit Y: Data Z: Exchange A Accept Q Search FinCom • ke Co O: Import Quantity 2 Nos 2 Nos E: Export Rate 100.00 M: Share per Nos p: print 2-Oct-26 Friday Amount 200.00 200.00 Fl: Help Date o 3be9d Company to ru F4: Contra F5: Payment Receipt Journal F8: Sales c6d9— • ea3b— acep 5c6a— • ea3b— Purchase Fl 0: 0åHVouctg•s F: Autofill Change Mode More Details o: L: 200.00 Related Reports Optional post -Dated acep ...
[keys] 'g screen item invoice{ENTER}'
[shot] tds-025-g-on-screen-narr (1024x768)
[06:08:09] [tds] screen tds-025-g-on-screen-narr : O: Import E: Export Fl: Help M: Share P: Print x F2: Date EDU K: Company Y: Data Accounting Voucher No. 5 Sales PatyA/c name: Cash Current balance: Sales ledger: Sales • Current balance: 850.00 Cr Name of Item Item T03 s Narration: Unn Q: Quit Z: Exchange A: Accept Q Search List of Stock Items • End of List Item TOI Item T02 Item T03 Item T04 Item T05 Item T06 Item TOT Item T08 Item T09 Item TIO Item Til Item T12 Item T13 Item T 14 Item T15 Item T16 Item T17 Item T18 Item T19 Item T20 Item T21 Item T22 Item T23 Item T24 Item T25 Item T26 Item T27 Item T28 Item T29 I D: Delete Create 99,998 Nos...
[keys] '^a'
[shot] tds-026-g-on-screen-accept1 (1024x768)
[06:08:14] [tds] screen tds-026-g-on-screen-accept1 : O: Import E: Export Fl: Help M: Share P: Print x F2: Date EDU K: Company Y: Data Accounting Voucher No. 5 Sales PatyA/c name: Cash Current balance: Sales ledger: Sales • Current balance: 850.00 Cr Name of Item Item T03 s Narration: Unn Q: Quit Z: Exchange A: Accept Q Search List of Stock Items • End of List Item TOI Item T02 Item T03 Item T04 Item T05 Item T06 Item TOT Item T08 Item T09 Item TIO Item Til Item T12 Item T13 Item T 14 Item T15 Item T16 Item T17 Item T18 Item T19 Item T20 Item T21 Item T22 Item T23 Item T24 Item T25 Item T26 Item T27 Item T28 Item T29 I D: Delete Create 99,998 Nos...
[shot] tds-027-g-on-screen-after1 (1024x768)
[06:08:15] [tds] screen tds-027-g-on-screen-after1 : O: Import E: Export Fl: Help M: Share P: Print x F2: Date EDU K: Company Y: Data Accounting Voucher No. 5 Sales PatyA/c name: Cash Current balance: Sales ledger: Sales • Current balance: 850.00 Cr Name of Item Item T03 s Narration: Unn Q: Quit Z: Exchange A: Accept Q Search List of Stock Items • End of List Item TOI Item T02 Item T03 Item T04 Item T05 Item T06 Item TOT Item T08 Item T09 Item TIO Item Til Item T12 Item T13 Item T 14 Item T15 Item T16 Item T17 Item T18 Item T19 Item T20 Item T21 Item T22 Item T23 Item T24 Item T25 Item T26 Item T27 Item T28 Item T29 I D: Delete Create 99,998 Nos...
[keys] '^a'
[shot] tds-028-g-on-screen-accept2 (1024x768)
[06:08:19] [tds] screen tds-028-g-on-screen-accept2 : O: Import E: Export Fl: Help M: Share P: Print x F2: Date EDU K: Company Y: Data Accounting Voucher No. 5 Sales PatyA/c name: Cash Current balance: Sales ledger: Sales • Current balance: 850.00 Cr Name of Item Item T03 s Narration: Unn Q: Quit Z: Exchange A: Accept Q Search List of Stock Items • End of List Item TOI Item T02 Item T03 Item T04 Item T05 Item T06 Item TOT Item T08 Item T09 Item TIO Item Til Item T12 Item T13 Item T 14 Item T15 Item T16 Item T17 Item T18 Item T19 Item T20 Item T21 Item T22 Item T23 Item T24 Item T25 Item T26 Item T27 Item T28 Item T29 I D: Delete Create 99,998 Nos...
[shot] tds-029-g-on-screen-after2 (1024x768)
[06:08:20] [tds] screen tds-029-g-on-screen-after2 : O: Import E: Export Fl: Help M: Share P: Print x F2: Date EDU K: Company Y: Data Accounting Voucher No. 5 Sales PatyA/c name: Cash Current balance: Sales ledger: Sales • Current balance: 850.00 Cr Name of Item Item T03 s Narration: Unn Q: Quit Z: Exchange A: Accept Q Search List of Stock Items • End of List Item TOI Item T02 Item T03 Item T04 Item T05 Item T06 Item TOT Item T08 Item T09 Item TIO Item Til Item T12 Item T13 Item T 14 Item T15 Item T16 Item T17 Item T18 Item T19 Item T20 Item T21 Item T22 Item T23 Item T24 Item T25 Item T26 Item T27 Item T28 Item T29 I D: Delete Create 99,998 Nos...
[keys] '^a'
[shot] tds-030-g-on-screen-accept3 (1024x768)
[06:08:24] [tds] screen tds-030-g-on-screen-accept3 : O: Import E: Export Fl: Help M: Share P: Print x F2: Date EDU K: Company Y: Data Accounting Voucher No. 5 Sales PatyA/c name: Cash Current balance: Sales ledger: Sales • Current balance: 850.00 Cr Name of Item Item T03 s Narration: Unn Q: Quit Z: Exchange A: Accept Q Search List of Stock Items • End of List Item TOI Item T02 Item T03 Item T04 Item T05 Item T06 Item TOT Item T08 Item T09 Item TIO Item Til Item T12 Item T13 Item T 14 Item T15 Item T16 Item T17 Item T18 Item T19 Item T20 Item T21 Item T22 Item T23 Item T24 Item T25 Item T26 Item T27 Item T28 Item T29 I D: Delete Create 99,998 Nos...
[shot] tds-031-g-on-screen-after3 (1024x768)
[06:08:25] [tds] screen tds-031-g-on-screen-after3 : O: Import E: Export Fl: Help M: Share P: Print x F2: Date EDU K: Company Y: Data Accounting Voucher No. 5 Sales PatyA/c name: Cash Current balance: Sales ledger: Sales • Current balance: 850.00 Cr Name of Item Item T03 s Narration: Unn Q: Quit Z: Exchange A: Accept Q Search List of Stock Items • End of List Item TOI Item T02 Item T03 Item T04 Item T05 Item T06 Item TOT Item T08 Item T09 Item TIO Item Til Item T12 Item T13 Item T 14 Item T15 Item T16 Item T17 Item T18 Item T19 Item T20 Item T21 Item T22 Item T23 Item T24 Item T25 Item T26 Item T27 Item T28 Item T29 I D: Delete Create 99,998 Nos...
[shot] tds-032-gw0 (1024x768)
[06:08:26] [tds] screen tds-032-gw0 : O: Import E: Export Fl: Help M: Share P: Print x F2: Date EDU K: Company Y: Data Accounting Voucher No. 5 Sales PatyA/c name: Cash Current balance: Sales ledger: Sales • Current balance: 850.00 Cr Name of Item Item T03 s Narration: Unn Q: Quit Z: Exchange A: Accept Q Search List of Stock Items • End of List Item TOI Item T02 Item T03 Item T04 Item T05 Item T06 Item TOT Item T08 Item T09 Item TIO Item Til Item T12 Item T13 Item T 14 Item T15 Item T16 Item T17 Item T18 Item T19 Item T20 Item T21 Item T22 Item T23 Item T24 Item T25 Item T26 Item T27 Item T28 Item T29 I D: Delete Create 99,998 Nos...
[keys] '{ESC}'
[shot] tds-033-gw1 (1024x768)
[06:08:30] [tds] screen tds-033-gw1 : M: Share P: Print O: Import G: Go To List of Stock Items • End of List Item TOI Item T02 Item T03 Item T04 Item T05 Item T06 Item TOT Item T08 Item T09 Item TIO Item Til Item T12 Item T13 Item T 14 Item T15 Item T16 Item T17 Item T18 Item T19 Item T20 Item T21 Item T22 Item T23 Item T24 Item T25 Item T26 Item T27 Item T28 Item T29 I D: Delete E: Export Cancel Vch Fl: Help F2: Date 3be9d EDU K: Company Y: Data Accounting Voucher No. 5 Sales PatyA/c name: Cash Current balance: Sales ledger: Sales • Current balance: 850.00 Cr Name of Item Item T03 s Narration: Unn Z: Exchange A: Accept Q Search C...
[keys] '{ESC}'
[shot] tds-034-gw2 (1024x768)
[06:08:33] [tds] screen tds-034-gw2 : M: Share P: Print O: Import G: Go To List of Stock Items • End of List Item TOI Item T02 Item T03 Item T04 Item T05 Item T06 Item TOT Item T08 Item T09 Item TIO Item Til Item T12 Item T13 Item T 14 Item T15 Item T16 Item T17 Item T18 Item T19 Item T20 Item T21 Item T22 Item T23 Item T24 Item T25 Item T26 Item T27 Item T28 Item T29 I D: Delete E: Export Cancel Vch Fl: Help F2: Date 3be9d EDU K: Company Y: Data Accounting Voucher No. 5 Sales PatyA/c name: Cash Current balance: Sales ledger: Sales • Current balance: 850.00 Cr Name of Item Item T03 Narration: Unn Z: Exchange A: Accept Q Search Cre...
[keys] '{ESC}'
[shot] tds-035-gw3 (1024x768)
[06:08:37] [tds] screen tds-035-gw3 : Unity TallyPrime MANAGE EDU K: Company Accounting Voucher Creation Sales PartyA/c narne: Cash Current balance: Sales ledger: Sales • Current balance: 850.00 Cr Name of Item Item T03 Narration: Q: Quit Y: Data Z: Exchange FinCom A: Accept Q Search O: Import Quantity 2 Nos 2 Nos E: Export Rate 100.00 M: Share per Nos p: print 2-Oct-26 Friday Amount 200.00 200.00 Quit o Yes or No D: Delete X: Cancel Vch x Fl: Help F2: Date F3: Company F4: Contra F5: Payment F6: Receipt F7: Journal F8: Sales F9: Purchase F: Autofill H: Change Mode l: More Details O: Related Reports k: Optional T: post -Dated Fl 2:...
[keys] 'y'
[shot] tds-036-gw4 (1024x768)
[06:08:40] [tds] screen tds-036-gw4 : x TallyPrime MANAGE EDU K: Company Gatewa of Tall CURRENT PERIOD I-Apr-26 to 31-Mar-27 NAME OF COMPANY FinCom Spike Co Y: Data Z: Exchange O: Import E: Export M: Share p: print Fl: Help Date o 3be9d Q CURRENT OATE Friday, 2-Oct-2026 2-Oct-26 Search Gateway of Tally MASTERS Create Alter CHart of Accounts TRANSACTIONS Vouchers Day 800K UTILITIES BaNking REPORTS Balance Sheet Profit & Loss A/c Stock Summary Ratio Analysis Display More Reports DashbOard Quit Unity Company to ru c6d9— • ea3b— acep 5c6a— • ea3b— acep .337. 9—a46 ening '6d63c ing j _id" : 6—01 " 5c6a— Mode Windows Server 2025 Datacen...
[06:08:40.390] GST on xml-item: MasterID 2, Sales 1 of 20261002
[06:08:40.391] GST on xml-acct: MasterID 3, Sales 2 of 20261002
[06:08:40.391] GST on xml-acct-irn: MasterID 4, Sales 3 of 20261002
[06:08:40.394] HARNESS: GST on screen-item: not made
[06:08:43.405] tally.ini: Data D:\a\_temp\fast234g\on; TDL: none
[keys] 'a'
[keys] 't'
[shot] p-g-on-xml-item-object-started (1024x768)
[06:09:11.401] Tally started (g-on-xml-item-object) in 28 s; company open: True
[06:09:11.440] G on xml-item (XML Sales 1, MasterID 2) object: ANSWERED, 29.4 ms, 113563 chars, the entry in it; Tally answers after it: True; a fresh start answers: True 
[06:09:14.446] tally.ini: Data D:\a\_temp\fast234g\on; TDL: none
[keys] 'a'
[keys] 't'
[shot] p-g-on-xml-item-bynumber-started (1024x768)
[06:09:42.419] Tally started (g-on-xml-item-bynumber) in 28 s; company open: True
[06:09:42.457] G on xml-item (XML Sales 1, MasterID 2) bynumber: ANSWERED, 33.2 ms, 69606 chars, the entry in it; Tally answers after it: True; a fresh start answers: True 
[06:09:45.462] tally.ini: Data D:\a\_temp\fast234g\on; TDL: none
[keys] 'a'
[keys] 't'
[shot] p-g-on-xml-acct-object-started (1024x768)
[06:10:13.417] Tally started (g-on-xml-acct-object) in 28 s; company open: True
[06:10:13.447] G on xml-acct (XML Sales 2, MasterID 3) object: ANSWERED, 20.9 ms, 51087 chars, the entry in it; Tally answers after it: True; a fresh start answers: True 
[06:10:16.452] tally.ini: Data D:\a\_temp\fast234g\on; TDL: none
[keys] 'a'
[keys] 't'
[shot] p-g-on-xml-acct-bynumber-started (1024x768)
[06:10:44.441] Tally started (g-on-xml-acct-bynumber) in 28 s; company open: True
[06:10:44.469] G on xml-acct (XML Sales 2, MasterID 3) bynumber: ANSWERED, 23.6 ms, 15423 chars, the entry in it; Tally answers after it: True; a fresh start answers: True 
[06:10:47.475] tally.ini: Data D:\a\_temp\fast234g\on; TDL: none
[keys] 'a'
[keys] 't'
[shot] p-g-on-xml-acct-irn-object-started (1024x768)
[06:11:15.452] Tally started (g-on-xml-acct-irn-object) in 28 s; company open: True
[06:11:15.479] G on xml-acct-irn (XML, then IRN by an XML alteration Sales 3, MasterID 4) object: ANSWERED, 21.6 ms, 51091 chars, the entry in it; Tally answers after it: True; a fresh start answers: True 
[06:11:18.484] tally.ini: Data D:\a\_temp\fast234g\on; TDL: none
[keys] 'a'
[keys] 't'
[shot] p-g-on-xml-acct-irn-bynumber-started (1024x768)
[06:11:46.449] Tally started (g-on-xml-acct-irn-bynumber) in 28 s; company open: True
[06:11:46.485] G on xml-acct-irn (XML, then IRN by an XML alteration Sales 3, MasterID 4) bynumber: ANSWERED, 31.4 ms, 15427 chars, the entry in it; Tally answers after it: True; a fresh start answers: True 
[06:11:49.494] tally.ini: Data D:\a\_temp\fast234g\on; TDL: none
[keys] 'a'
[keys] 't'
[shot] p-g-on-xml-acct-helper-collection-started (1024x768)
[06:12:17.457] Tally started (g-on-xml-acct-helper-collection) in 28 s; company open: True
[06:12:17.484] G on xml-acct (XML Sales 2, MasterID 3) helper-collection: ANSWERED, 22.6 ms, 14492 chars, the entry in it; Tally answers after it: True; a fresh start answers: True 
[06:12:20.490] tally.ini: Data D:\a\_temp\fast234g\on; TDL: none
[keys] 'a'
[keys] 't'
[shot] p-g-on-xml-acct-irn-helper-collection-started (1024x768)
[06:12:48.467] Tally started (g-on-xml-acct-irn-helper-collection) in 28 s; company open: True
[06:12:48.500] G on xml-acct-irn (XML, then IRN by an XML alteration Sales 3, MasterID 4) helper-collection: ANSWERED, 26.4 ms, 14492 chars, the entry in it; Tally answers after it: True; a fresh start answers: True 
[06:12:51.514] ---- fast234g: GST off (D:\a\_temp\fast234g\off)
[06:12:54.518] tally.ini: Data D:\a\_temp\fast234g\off; TDL: none
[keys] 'a'
[keys] 't'
[shot] p-g-off-setup-started (1024x768)
[06:13:22.526] Tally started (g-off-setup) in 28 s; company open: True
[06:13:22.542] import company GST off: 1 sent, created 0, errors 0, 12.7 ms
[06:13:22.545] GST off: ISGSTON before 'Yes', after the alteration 'No'
[06:13:22.756] import light masters: 60 sent, created 59, errors 0, 207.4 ms
[06:13:22.791] import xml item invoice: 1 sent, created 1, errors 0, 33.8 ms
[06:13:22.807] import xml accounting sales: 1 sent, created 1, errors 0, 13.9 ms
[06:13:22.822] import xml accounting sales (IRN to come): 1 sent, created 1, errors 0, 14 ms
[06:13:22.860] import IRN and e-way bill written back (alter): 1 sent, created 1, errors 0, 19.2 ms
[shot] tds-037-gw0 (1024x768)
[06:13:23] [tds] screen tds-037-gw0 : x TallyPrime MANAGE EDU K: Company Gatewa of Tall CURRENT PERIOD I-Apr-26 to 31-Mar-27 NAME OF COMPANY FinCom Spike Co Y: Data Z: Exchange CURRENT OATE Wednesday, I-Apr-2026 O: Import E: Export M: Share p: print Fl: Help Date o 3be9d Gateway of Tally MASTERS Create Alter CHart of Accounts TRANSACTIONS Vouchers Day 800K UTILITIES BaNking REPORTS Balance Sheet Profit & Loss A/c Stock Summary Ratio Analysis Display More Reports DashbOard Quit Unity Q upr-26 Search Company to ru c6d9— • ea3b— acep 5c6a— • ea3b— acep .337. 9—a46 ening '6d63c ing j _id" : 6—01 " 5c6a— Mode Windows Server 2025 Datace...
[shot] tds-038-g-off-screen-start (1024x768)
[06:13:24] [tds] screen tds-038-g-off-screen-start : x TallyPrime MANAGE EDU K: Company Gatewa of Tall CURRENT PERIOD I-Apr-26 to 31-Mar-27 NAME OF COMPANY FinCom Spike Co Y: Data Z: Exchange CURRENT OATE Wednesday, I-Apr-2026 O: Import E: Export M: Share p: print Fl: Help Date o 3be9d Gateway of Tally MASTERS Create Alter CHart of Accounts TRANSACTIONS Vouchers Day 800K UTILITIES BaNking REPORTS Balance Sheet Profit & Loss A/c Stock Summary Ratio Analysis Display More Reports DashbOard Quit Unity Q upr-26 Search Company to ru c6d9— • ea3b— acep 5c6a— • ea3b— acep .337. 9—a46 ening '6d63c ing j _id" : 6—01 " 5c6a— Mode Windows Server 2025 Datace...
[keys] 'v'
[shot] tds-039-g-off-screen-vouchers (1024x768)
[06:13:28] [tds] screen tds-039-g-off-screen-vouchers : x TallyPrime MANAGE EDU K: Company Accounting Voucher Creation Pa ment No. 1 Account Current balance: Particulars Narration: Unity Quit Y: Data Z: Exchange A Accept Q Search O: Import E: Export M: Share FinCom • ke Co p: print upr-26 Wednesday Amount Fl: Help Date o 3be9d Company to ru c6d9— F4: Contra • ea3b— F5: Payment acep F6 Receipt Journal 5c6a— Sales • ea3b— Purchase acep Fl 0: 0åHVouctg•s F: Autofill Change Mode More Details O: Related Reports L: Optional post -Dated .337. 9—a46 ening '6d63c ing j _id" : 6—01 " 5c6a— D: Delete x: Cancel Vch F12: Configure Mode Windows Server 2025 Datac...
[keys] '{F8}'
[shot] tds-040-g-off-screen-type (1024x768)
[06:13:32] [tds] screen tds-040-g-off-screen-type : x TallyPrime MANAGE EDU K: Company Accounting Voucher Creation Sales Party Alc narne. Current balance: Sales ledger: • Current balance: Name of Item Narration: Quit Y: Data Z: Exchange A Accept Q Search FinCom • ke Co O: Import E: Export List of Led er Accounts Cash HDFC Bank Spike Party Spike Party 2 Template Party Ul Party M: Share p: print x Create Fl: Help Date o 3be9d Company to ru F4: Contra F5: Payment Receipt Journal F8: Sales c6d9— • ea3b— acep 5c6a— • ea3b— Purchase acep Fl 0: 0åHVouctg•s F: Autofill Change Mode More Details o: L: Related Reports Optional post -Dated .337. 9—a46 enin...
[keys] '^h'
[shot] tds-041-g-off-screen-mode (1024x768)
[06:13:35] [tds] screen tds-041-g-off-screen-mode : TallyPrime MANAGE EDU K: Company Change Mode Unity Quit Y: Data Z: Exchange O: Import E: Export M: Share p: print x Fl: Help FinCom • ke Co Change Voucher Mode Item Invoice List of Modes/Usa es Item Invoice Accounting Invoice As Voucher A Accept Q Search o 3be9d to ru c6d9— • ea3b— acep 5c6a— • ea3b— acep .337. 9—a46 ening '6d63c ing j _id" : 6—01 " 5c6a— Mode Windows Server 2025 Datacenter Build 26100.ge_release240331-1435 6:13 AM 10/8/2026
[keys] 'Item Invoice{ENTER}'
[shot] tds-042-g-off-screen-item-mode (1024x768)
[06:13:38] [tds] screen tds-042-g-off-screen-item-mode : x TallyPrime MANAGE EDU K: Company Accounting Voucher Creation Sales Party Alc narne. Current balance: Sales ledger: • Current balance: Name of Item Narration: Quit Y: Data Z: Exchange A Accept Q Search FinCom • ke Co O: Import E: Export List of Led er Accounts Cash HDFC Bank Spike Party Spike Party 2 Template Party Ul Party M: Share p: print x Create Fl: Help Date o 3be9d Company to ru F4: Contra F5: Payment Receipt Journal F8: Sales c6d9— • ea3b— acep 5c6a— • ea3b— Purchase acep Fl 0: 0åHVouctg•s F: Autofill Change Mode More Details o: L: Related Reports Optional post -Dated .337. 9—a46 enin...
[keys] '{F2}'
[shot] tds-043-g-off-screen-date-box (1024x768)
[06:13:41] [tds] screen tds-043-g-off-screen-date-box : TallyPrime MANAGE EDU K: Company Change Voucher Date Unity Quit Y: Data Z: Exchange A Accept Q Search O: Import E: Export M: Share p: print x Fl: Help FinCom Spike Co Voucher Date 24-2026 o 3be9d to ru c6d9— • ea3b— acep 5c6a— • ea3b— acep .337. 9—a46 ening '6d63c ing j _id" : 6—01 " 5c6a— Mode Windows Server 2025 Datacenter Build 26100.ge_release240331-1435 6:13 AM 10/8/2026
[keys] '2-10-2026{ENTER}'
[shot] tds-044-g-off-screen-date (1024x768)
[06:13:44] [tds] screen tds-044-g-off-screen-date : x TallyPrime MANAGE EDU K: Company Accounting Voucher Creation Sales Party Alc narne. Current balance: Sales ledger: • Current balance: Name of Item Narration: Quit Y: Data Z: Exchange A Accept Q Search FinCom • ke Co O: Import E: Export List of Led er Accounts Cash HDFC Bank Spike Party Spike Party 2 Template Party Ul Party M: Share p: print x Create Fl: Help Date o 3be9d Company to ru F4: Contra F5: Payment Receipt Journal F8: Sales c6d9— • ea3b— acep 5c6a— • ea3b— Purchase acep Fl 0: 0åHVouctg•s F: Autofill Change Mode More Details o: L: Related Reports Optional post -Dated .337. 9—a46 enin...
[keys] '{ENTER}'
[shot] tds-045-g-off-screen-ref (1024x768)
[06:13:47] [tds] screen tds-045-g-off-screen-ref : x R CEDU Details TallyPrime MANAGE K: Company Y: Data Z: Exchange Accept Q Search O: Import E: Export M: Share p: print Fl: Help x Delivery Note No(s) FinCom Spike Co Dispatch Details Dispatch Doc No. Dispatched through Destination Carrier Name/Agent Bill of No. Motor Vehicle No. Date: Unity Quit o 3be9d to ru c6d9— • ea3b— acep 5c6a— • ea3b— acep .337. 9—a46 ening '6d63c ing j _id" : 6—01 " 5c6a— Mode Windows Server 2025 Datacenter Build 26100.ge_release240331-1435 6:13 AM 10/8/2026
[keys] 'Template Party{ENTER}'
[shot] tds-046-g-off-screen-party (1024x768)
[06:13:52] [tds] screen tds-046-g-off-screen-party : x R CEDU Details TallyPrime MANAGE K: Company Y: Data Z: Exchange O: Import E: Export M: Share p: print Fl: Help x Delivery Note No(s) Template Party FinCom Spike Co Dispatch Details Dispatch Doc No. Dispatched through 2-Oct-26 Destination Carrier Name/Agent Bill of No. Motor Vehicle No. Quit Date. Accept Q Search Date: Unity o 3be9d to ru c6d9— • ea3b— acep 5c6a— • ea3b— acep .337. 9—a46 ening '6d63c ing j _id" : 6—01 " 5c6a— Mode Windows Server 2025 Datacenter Build 26100.ge_release240331-1435 6:13 AM 10/8/2026
[shot] tds-047-g-off-screen-party-sub1 (1024x768)
[06:13:53] [tds] screen tds-047-g-off-screen-party-sub1 : x R CEDU Details TallyPrime MANAGE K: Company Y: Data Z: Exchange O: Import E: Export M: Share p: print Fl: Help x Delivery Note No(s) Template Party FinCom Spike Co Dispatch Details Dispatch Doc No. Dispatched through 2-Oct-26 Destination Carrier Name/Agent Bill of No. Motor Vehicle No. Quit Date. Accept Q Search Date: Unity o 3be9d to ru c6d9— • ea3b— acep 5c6a— • ea3b— acep .337. 9—a46 ening '6d63c ing j _id" : 6—01 " 5c6a— Mode Windows Server 2025 Datacenter Build 26100.ge_release240331-1435 6:13 AM 10/8/2026
[keys] '^a'
[shot] tds-048-g-off-screen-party-sub-accept (1024x768)
[06:13:56] [tds] screen tds-048-g-off-screen-party-sub-accept : x R CEDU TallyPrime MANAGE K: Company Y: Data Z: Exchange FinCom Spike Co Party Details Cash List of Led er Accounts Cash Spike Party Spike Party 2 Template Party Ul Party O: Import Create New Party E: Export M: Share p: print Fl: Help x Details Quit Buyer (Bill to) Mailing Name Address State Country Accept Q Search o 3be9d to ru c6d9— • ea3b— acep 5c6a— • ea3b— acep .337. 9—a46 ening '6d63c ing j _id" : 6—01 " 5c6a— Unity Configure Mode Windows Server 2025 Datacenter Build 26100.ge_release240331-1435 6:13 AM 10/8/2026
[shot] tds-049-g-off-screen-party-sub2 (1024x768)
[06:13:57] [tds] screen tds-049-g-off-screen-party-sub2 : x R CEDU TallyPrime MANAGE K: Company Y: Data Z: Exchange FinCom Spike Co Party Details Cash List of Led er Accounts Cash Spike Party Spike Party 2 Template Party Ul Party O: Import Create New Party E: Export M: Share p: print Fl: Help x Details Quit Buyer (Bill to) Mailing Name Address State Country Accept Q Search o 3be9d to ru c6d9— • ea3b— acep 5c6a— • ea3b— acep .337. 9—a46 ening '6d63c ing j _id" : 6—01 " 5c6a— Unity Configure Mode Windows Server 2025 Datacenter Build 26100.ge_release240331-1435 6:13 AM 10/8/2026
[keys] '^a'
[shot] tds-050-g-off-screen-party-sub-accept (1024x768)
[06:14:00] [tds] screen tds-050-g-off-screen-party-sub-accept : x TallyPrime MANAGE EDU K: Company Accounting Voucher Creation Sales PartyA/c narne: Cash Current balance: Sales ledger: • Current balance: Name of Item Narration: Quit Y: Data Z: Exchange A Accept Q Search FinCom • ke Co O: Import E: Export List of Led er Accounts Sales M: Share p: print x Create Show More Fl: Help Date o 3be9d Company to ru F4: Contra F5: Payment Receipt Journal F8: Sales c6d9— • ea3b— acep 5c6a— • ea3b— Purchase acep Fl 0: 0åHVouctg•s F: Autofill Change Mode More Details o: L: Related Reports Optional post -Dated .337. 9—a46 ening '6d63c ing j _id" : 6—01 " 5c6a— Unity D: D...
[shot] tds-051-g-off-screen-party-sub3 (1024x768)
[06:14:01] [tds] screen tds-051-g-off-screen-party-sub3 : x TallyPrime MANAGE EDU K: Company Accounting Voucher Creation Sales PartyA/c narne: Cash Current balance: Sales ledger: • Current balance: Name of Item Narration: Quit Y: Data Z: Exchange A Accept Q Search FinCom • ke Co O: Import E: Export List of Led er Accounts Sales M: Share p: print x Create Show More Fl: Help Date o 3be9d Company to ru F4: Contra F5: Payment Receipt Journal F8: Sales c6d9— • ea3b— acep 5c6a— • ea3b— Purchase acep Fl 0: 0åHVouctg•s F: Autofill Change Mode More Details o: L: Related Reports Optional post -Dated .337. 9—a46 ening '6d63c ing j _id" : 6—01 " 5c6a— Unity D: D...
[keys] 'Sales{ENTER}'
[shot] tds-052-g-off-screen-ledger (1024x768)
[06:14:04] [tds] screen tds-052-g-off-screen-ledger : x TallyPrime MANAGE EDU K: Company Accounting Voucher Creation Sales PartyA/c narne: Cash Current balance: Sales ledger: Sales • Current balance: 850.00 Cr Name of Item Ch Narration: Unity Quit Y: Data Z: Exchange A Accept Q Search FinCom • ke Co O: Import Quantity E: Export Rate M: Share per p: print 2-Oct-26 Friday Amount Fl: Help Date o 3be9d Company to ru F4: Contra F5: Payment Receipt Journal F8: Sales c6d9— • ea3b— acep 5c6a— • ea3b— Purchase acep Fl 0: 0åHVouctg•s F: Autofill Change Mode More Details o: L: Related Reports Optional post -Dated .337. 9—a46 ening '6d63c ing j _id" : 6—01 "...
[keys] 'Item T03{ENTER}'
[shot] tds-053-g-off-screen-item (1024x768)
[06:14:08] [tds] screen tds-053-g-off-screen-item : x TallyPrime MANAGE EDU K: Company Accounting Voucher Creation Sales PartyA/c narne: Cash Current balance: Sales ledger: Sales • Current balance: 850.00 Cr Name of Item Item T03 Narration: Quit Y: Data Z: Exchange A Accept Q Search FinCom • ke Co O: Import Quantity E: Export Rate M: Share per p: print 2-Oct-26 Friday Amount Fl: Help Date o 3be9d Company to ru F4: Contra F5: Payment Receipt Journal F8: Sales c6d9— • ea3b— acep 5c6a— • ea3b— Purchase acep Fl 0: 0åHVouctg•s F: Autofill Change Mode More Details o: L: Related Reports Optional post -Dated .337. 9—a46 ening '6d63c ing j _id" : 6—01 "...
[shot] tds-054-g-off-screen-item-sub1 (1024x768)
[06:14:09] [tds] screen tds-054-g-off-screen-item-sub1 : x TallyPrime MANAGE EDU K: Company Accounting Voucher Creation Sales PartyA/c narne: Cash Current balance: Sales ledger: Sales • Current balance: 850.00 Cr Name of Item Item T03 Narration: Quit Y: Data Z: Exchange A Accept Q Search FinCom • ke Co O: Import Quantity E: Export Rate M: Share per p: print 2-Oct-26 Friday Amount Fl: Help Date o 3be9d Company to ru F4: Contra F5: Payment Receipt Journal F8: Sales c6d9— • ea3b— acep 5c6a— • ea3b— Purchase acep Fl 0: 0åHVouctg•s F: Autofill Change Mode More Details o: L: Related Reports Optional post -Dated .337. 9—a46 ening '6d63c ing j _id" : 6—01 "...
[keys] '2{ENTER}'
[shot] tds-055-g-off-screen-qty (1024x768)
[06:14:11] [tds] screen tds-055-g-off-screen-qty : x TallyPrime MANAGE EDU K: Company Accounting Voucher Creation Sales PartyA/c narne: Cash Current balance: Sales ledger: Sales • Current balance: 850.00 Cr Name of Item Item T03 Narration: Quit Y: Data Z: Exchange A Accept Q Search FinCom • ke Co O: Import Quantity 2 Nos 2 Nos E: Export Rate M: Share per p: print 2-Oct-26 Friday Amount Fl: Help Date o 3be9d Company to ru F4: Contra F5: Payment Receipt Journal F8: Sales c6d9— • ea3b— acep 5c6a— • ea3b— Purchase acep Fl 0: 0åHVouctg•s F: Autofill Change Mode More Details o: L: Related Reports Optional post -Dated .337. 9—a46 ening '6d63c ing j _...
[keys] '100{ENTER}'
[shot] tds-056-g-off-screen-rate (1024x768)
[06:14:14] [tds] screen tds-056-g-off-screen-rate : x TallyPrime MANAGE EDU K: Company Accounting Voucher Creation Sales PartyA/c narne: Cash Current balance: Sales ledger: Sales • Current balance: 850.00 Cr Name of Item Item T03 Narration: Quit Y: Data Z: Exchange A Accept Q Search FinCom • ke Co O: Import Quantity 2 Nos 2 Nos E: Export Rate 100.00 M: Share per Nos p: print 2-Oct-26 Friday Amount 200.00 Fl: Help Date o 3be9d Company to ru F4: Contra F5: Payment Receipt Journal F8: Sales c6d9— • ea3b— acep 5c6a— • ea3b— Purchase acep Fl 0: 0åHVouctg•s F: Autofill Change Mode More Details o: L: 200.00 Related Reports Optional post -Dated .337. 9...
[keys] '{ENTER}'
[shot] tds-057-g-off-screen-amount (1024x768)
[06:14:17] [tds] screen tds-057-g-off-screen-amount : x TallyPrime MANAGE EDU K: Company Accounting Voucher Creation Sales PartyA/c narne: Cash Current balance: Sales ledger: Sales • Current balance: 850.00 Cr Name of Item Item T03 Narration: Quit Y: Data Z: Exchange A Accept Q Search FinCom • ke Co O: Import Quantity 2 Nos 2 Nos E: Export Rate 100.00 M: Share per Nos p: print 2-Oct-26 Friday Amount 200.00 Fl: Help Date o 3be9d Company to ru F4: Contra F5: Payment Receipt Journal F8: Sales c6d9— • ea3b— acep 5c6a— • ea3b— Purchase acep Fl 0: 0åHVouctg•s F: Autofill Change Mode More Details o: L: 200.00 Related Reports Optional post -Dated .337. 9...
[shot] tds-058-g-off-screen-item-b-sub1 (1024x768)
[06:14:18] [tds] screen tds-058-g-off-screen-item-b-sub1 : x TallyPrime MANAGE EDU K: Company Accounting Voucher Creation Sales PartyA/c narne: Cash Current balance: Sales ledger: Sales • Current balance: 850.00 Cr Name of Item Item T03 Narration: Quit Y: Data Z: Exchange A Accept Q Search FinCom • ke Co O: Import Quantity 2 Nos 2 Nos E: Export Rate 100.00 M: Share per Nos p: print 2-Oct-26 Friday Amount 200.00 Fl: Help Date o 3be9d Company to ru F4: Contra F5: Payment Receipt Journal F8: Sales c6d9— • ea3b— acep 5c6a— • ea3b— Purchase acep Fl 0: 0åHVouctg•s F: Autofill Change Mode More Details o: L: 200.00 Related Reports Optional post -Dated .337. 9...
[keys] '{ENTER}'
[shot] tds-059-g-off-screen-items-done (1024x768)
[06:14:21] [tds] screen tds-059-g-off-screen-items-done : x TallyPrime MANAGE EDU K: Company Accounting Voucher Creation Sales PartyA/c narne: Cash Current balance: Sales ledger: Sales • Current balance: 850.00 Cr Name of Item Item T03 Narration: Quit Y: Data Z: Exchange A Accept Q Search FinCom • ke Co O: Import Quantity 2 Nos 2 Nos E: Export Rate 100.00 M: Share per Nos p: print 2-Oct-26 Friday Amount 200.00 200.00 Fl: Help Date o 3be9d Company to ru F4: Contra F5: Payment Receipt Journal F8: Sales c6d9— • ea3b— acep 5c6a— • ea3b— Purchase Fl 0: 0åHVouctg•s F: Autofill Change Mode More Details o: L: 200.00 Related Reports Optional post -Dated acep ...
[shot] tds-060-g-off-screen-narr-q (1024x768)
[06:14:22] [tds] screen tds-060-g-off-screen-narr-q : x TallyPrime MANAGE EDU K: Company Accounting Voucher Creation Sales PartyA/c narne: Cash Current balance: Sales ledger: Sales • Current balance: 850.00 Cr Name of Item Item T03 Narration: Quit Y: Data Z: Exchange A Accept Q Search FinCom • ke Co O: Import Quantity 2 Nos 2 Nos E: Export Rate 100.00 M: Share per Nos p: print 2-Oct-26 Friday Amount 200.00 200.00 Fl: Help Date o 3be9d Company to ru F4: Contra F5: Payment Receipt Journal F8: Sales c6d9— • ea3b— acep 5c6a— • ea3b— Purchase Fl 0: 0åHVouctg•s F: Autofill Change Mode More Details o: L: 200.00 Related Reports Optional post -Dated acep ...
[keys] 'g screen item invoice{ENTER}'
[shot] tds-061-g-off-screen-narr (1024x768)
[06:14:25] [tds] screen tds-061-g-off-screen-narr : O: Import E: Export Fl: Help M: Share P: Print x F2: Date EDU K: Company Y: Data Accounting Voucher No. 5 Sales PatyA/c name: Cash Current balance: Sales ledger: Sales • Current balance: 850.00 Cr Name of Item Item T03 s Narration: Unn Q: Quit Z: Exchange A: Accept Q Search List of Stock Items • End of List Item TOI Item T02 Item T03 Item T04 Item T05 Item T06 Item TOT Item T08 Item T09 Item TIO Item Til Item T12 Item T13 Item T 14 Item T15 Item T16 Item T17 Item T18 Item T19 Item T20 Item T21 Item T22 Item T23 Item T24 Item T25 Item T26 Item T27 Item T28 Item T29 I D: Delete Create 99,998 Nos...
[keys] '^a'
[shot] tds-062-g-off-screen-accept1 (1024x768)
[06:14:29] [tds] screen tds-062-g-off-screen-accept1 : O: Import E: Export Fl: Help M: Share P: Print x F2: Date EDU K: Company Y: Data Accounting Voucher No. 5 Sales PatyA/c name: Cash Current balance: Sales ledger: Sales • Current balance: 850.00 Cr Name of Item Item T03 s Narration: Unn Q: Quit Z: Exchange A: Accept Q Search List of Stock Items • End of List Item TOI Item T02 Item T03 Item T04 Item T05 Item T06 Item TOT Item T08 Item T09 Item TIO Item Til Item T12 Item T13 Item T 14 Item T15 Item T16 Item T17 Item T18 Item T19 Item T20 Item T21 Item T22 Item T23 Item T24 Item T25 Item T26 Item T27 Item T28 Item T29 I D: Delete Create 99,998 Nos...
[shot] tds-063-g-off-screen-after1 (1024x768)
[06:14:30] [tds] screen tds-063-g-off-screen-after1 : O: Import E: Export Fl: Help M: Share P: Print x F2: Date EDU K: Company Y: Data Accounting Voucher No. 5 Sales PatyA/c name: Cash Current balance: Sales ledger: Sales • Current balance: 850.00 Cr Name of Item Item T03 s Narration: Unn Q: Quit Z: Exchange A: Accept Q Search List of Stock Items • End of List Item TOI Item T02 Item T03 Item T04 Item T05 Item T06 Item TOT Item T08 Item T09 Item TIO Item Til Item T12 Item T13 Item T 14 Item T15 Item T16 Item T17 Item T18 Item T19 Item T20 Item T21 Item T22 Item T23 Item T24 Item T25 Item T26 Item T27 Item T28 Item T29 I D: Delete Create 99,998 Nos...
[keys] '^a'
[shot] tds-064-g-off-screen-accept2 (1024x768)
[06:14:35] [tds] screen tds-064-g-off-screen-accept2 : O: Import E: Export Fl: Help M: Share P: Print x F2: Date EDU K: Company Y: Data Accounting Voucher No. 5 Sales PatyA/c name: Cash Current balance: Sales ledger: Sales • Current balance: 850.00 Cr Name of Item Item T03 s Narration: Unn Q: Quit Z: Exchange A: Accept Q Search List of Stock Items • End of List Item TOI Item T02 Item T03 Item T04 Item T05 Item T06 Item TOT Item T08 Item T09 Item TIO Item Til Item T12 Item T13 Item T 14 Item T15 Item T16 Item T17 Item T18 Item T19 Item T20 Item T21 Item T22 Item T23 Item T24 Item T25 Item T26 Item T27 Item T28 Item T29 I D: Delete Create 99,998 Nos...
[shot] tds-065-g-off-screen-after2 (1024x768)
[06:14:36] [tds] screen tds-065-g-off-screen-after2 : O: Import E: Export Fl: Help M: Share P: Print x F2: Date EDU K: Company Y: Data Accounting Voucher No. 5 Sales PatyA/c name: Cash Current balance: Sales ledger: Sales • Current balance: 850.00 Cr Name of Item Item T03 s Narration: Unn Q: Quit Z: Exchange A: Accept Q Search List of Stock Items • End of List Item TOI Item T02 Item T03 Item T04 Item T05 Item T06 Item TOT Item T08 Item T09 Item TIO Item Til Item T12 Item T13 Item T 14 Item T15 Item T16 Item T17 Item T18 Item T19 Item T20 Item T21 Item T22 Item T23 Item T24 Item T25 Item T26 Item T27 Item T28 Item T29 I D: Delete Create 99,998 Nos...
[keys] '^a'
[shot] tds-066-g-off-screen-accept3 (1024x768)
[06:14:40] [tds] screen tds-066-g-off-screen-accept3 : O: Import E: Export Fl: Help M: Share P: Print x F2: Date EDU K: Company Y: Data Accounting Voucher No. 5 Sales PatyA/c name: Cash Current balance: Sales ledger: Sales • Current balance: 850.00 Cr Name of Item Item T03 s Narration: Unn Q: Quit Z: Exchange A: Accept Q Search List of Stock Items • End of List Item TOI Item T02 Item T03 Item T04 Item T05 Item T06 Item TOT Item T08 Item T09 Item TIO Item Til Item T12 Item T13 Item T 14 Item T15 Item T16 Item T17 Item T18 Item T19 Item T20 Item T21 Item T22 Item T23 Item T24 Item T25 Item T26 Item T27 Item T28 Item T29 I D: Delete Create 99,998 Nos...
[shot] tds-067-g-off-screen-after3 (1024x768)
[06:14:41] [tds] screen tds-067-g-off-screen-after3 : O: Import E: Export Fl: Help M: Share P: Print x F2: Date EDU K: Company Y: Data Accounting Voucher No. 5 Sales PatyA/c name: Cash Current balance: Sales ledger: Sales • Current balance: 850.00 Cr Name of Item Item T03 s Narration: Unn Q: Quit Z: Exchange A: Accept Q Search List of Stock Items • End of List Item TOI Item T02 Item T03 Item T04 Item T05 Item T06 Item TOT Item T08 Item T09 Item TIO Item Til Item T12 Item T13 Item T 14 Item T15 Item T16 Item T17 Item T18 Item T19 Item T20 Item T21 Item T22 Item T23 Item T24 Item T25 Item T26 Item T27 Item T28 Item T29 I D: Delete Create 99,998 Nos...
[shot] tds-068-gw0 (1024x768)
[06:14:42] [tds] screen tds-068-gw0 : O: Import E: Export Fl: Help M: Share P: Print x F2: Date EDU K: Company Y: Data Accounting Voucher No. 5 Sales PatyA/c name: Cash Current balance: Sales ledger: Sales • Current balance: 850.00 Cr Name of Item Item T03 s Narration: Unn Q: Quit Z: Exchange A: Accept Q Search List of Stock Items • End of List Item TOI Item T02 Item T03 Item T04 Item T05 Item T06 Item TOT Item T08 Item T09 Item TIO Item Til Item T12 Item T13 Item T 14 Item T15 Item T16 Item T17 Item T18 Item T19 Item T20 Item T21 Item T22 Item T23 Item T24 Item T25 Item T26 Item T27 Item T28 Item T29 I D: Delete Create 99,998 Nos...
[keys] '{ESC}'
[shot] tds-069-gw1 (1024x768)
[06:14:46] [tds] screen tds-069-gw1 : M: Share P: Print O: Import G: Go To List of Stock Items • End of List Item TOI Item T02 Item T03 Item T04 Item T05 Item T06 Item TOT Item T08 Item T09 Item TIO Item Til Item T12 Item T13 Item T 14 Item T15 Item T16 Item T17 Item T18 Item T19 Item T20 Item T21 Item T22 Item T23 Item T24 Item T25 Item T26 Item T27 Item T28 Item T29 I D: Delete E: Export Cancel Vch Fl: Help F2: Date 3be9d EDU K: Company Y: Data Accounting Voucher No. 5 Sales PatyA/c name: Cash Current balance: Sales ledger: Sales • Current balance: 850.00 Cr Name of Item Item T03 s Narration: Unn Z: Exchange A: Accept Q Search C...
[keys] '{ESC}'
[shot] tds-070-gw2 (1024x768)
[06:14:49] [tds] screen tds-070-gw2 : M: Share P: Print O: Import G: Go To List of Stock Items • End of List Item TOI Item T02 Item T03 Item T04 Item T05 Item T06 Item TOT Item T08 Item T09 Item TIO Item Til Item T12 Item T13 Item T 14 Item T15 Item T16 Item T17 Item T18 Item T19 Item T20 Item T21 Item T22 Item T23 Item T24 Item T25 Item T26 Item T27 Item T28 Item T29 I D: Delete E: Export Cancel Vch Fl: Help F2: Date 3be9d EDU K: Company Y: Data Accounting Voucher No. 5 Sales PatyA/c name: Cash Current balance: Sales ledger: Sales • Current balance: 850.00 Cr Name of Item Item T03 Narration: Unn Z: Exchange A: Accept Q Search Cre...
[keys] '{ESC}'
[shot] tds-071-gw3 (1024x768)
[06:14:52] [tds] screen tds-071-gw3 : Unity TallyPrime MANAGE EDU K: Company Accounting Voucher Creation Sales PartyA/c narne: Cash Current balance: Sales ledger: Sales • Current balance: 850.00 Cr Name of Item Item T03 Narration: Q: Quit Y: Data Z: Exchange FinCom A: Accept Q Search O: Import Quantity 2 Nos 2 Nos E: Export Rate 100.00 M: Share per Nos p: print 2-Oct-26 Friday Amount 200.00 200.00 Quit o Yes or No D: Delete X: Cancel Vch x Fl: Help F2: Date F3: Company F4: Contra F5: Payment F6: Receipt F7: Journal F8: Sales F9: Purchase F: Autofill H: Change Mode l: More Details O: Related Reports k: Optional T: post -Dated Fl 2:...
[keys] 'y'
[shot] tds-072-gw4 (1024x768)
[06:14:56] [tds] screen tds-072-gw4 : x TallyPrime MANAGE EDU K: Company Gatewa of Tall CURRENT PERIOD I-Apr-26 to 31-Mar-27 NAME OF COMPANY FinCom Spike Co Y: Data Z: Exchange O: Import E: Export M: Share p: print Fl: Help Date o 3be9d Q CURRENT OATE Friday, 2-Oct-2026 2-Oct-26 Search Gateway of Tally MASTERS Create Alter CHart of Accounts TRANSACTIONS Vouchers Day 800K UTILITIES BaNking REPORTS Balance Sheet Profit & Loss A/c Stock Summary Ratio Analysis Display More Reports DashbOard Quit Unity Company to ru c6d9— • ea3b— acep 5c6a— • ea3b— acep .337. 9—a46 ening '6d63c ing j _id" : 6—01 " 5c6a— Mode Windows Server 2025 Datacen...
[06:14:56.233] GST off xml-item: MasterID 2, Sales 1 of 20261002
[06:14:56.234] GST off xml-acct: MasterID 3, Sales 2 of 20261002
[06:14:56.235] GST off xml-acct-irn: MasterID 4, Sales 3 of 20261002
[06:14:56.236] HARNESS: GST off screen-item: not made
[06:14:59.242] tally.ini: Data D:\a\_temp\fast234g\off; TDL: none
[keys] 'a'
[keys] 't'
[shot] p-g-off-xml-item-object-started (1024x768)
[06:15:27.206] Tally started (g-off-xml-item-object) in 28 s; company open: True
[06:15:27.239] G off xml-item (XML Sales 1, MasterID 2) object: ANSWERED, 27.8 ms, 110806 chars, the entry in it; Tally answers after it: True; a fresh start answers: True 
[06:15:30.245] tally.ini: Data D:\a\_temp\fast234g\off; TDL: none
[keys] 'a'
[keys] 't'
[shot] p-g-off-xml-item-bynumber-started (1024x768)
[06:15:58.193] Tally started (g-off-xml-item-bynumber) in 27.9 s; company open: True
[06:15:58.235] G off xml-item (XML Sales 1, MasterID 2) bynumber: ANSWERED, 34.6 ms, 65422 chars, the entry in it; Tally answers after it: True; a fresh start answers: True 
[06:16:01.241] tally.ini: Data D:\a\_temp\fast234g\off; TDL: none
[keys] 'a'
[keys] 't'
[shot] p-g-off-xml-acct-object-started (1024x768)
[06:16:29.217] Tally started (g-off-xml-acct-object) in 28 s; company open: True
[06:16:29.239] G off xml-acct (XML Sales 2, MasterID 3) object: ANSWERED, 18.1 ms, 49261 chars, the entry in it; Tally answers after it: True; a fresh start answers: True 
[06:16:32.245] tally.ini: Data D:\a\_temp\fast234g\off; TDL: none
[keys] 'a'
[keys] 't'
[shot] p-g-off-xml-acct-bynumber-started (1024x768)
[06:17:00.245] Tally started (g-off-xml-acct-bynumber) in 28 s; company open: True
[06:17:00.272] G off xml-acct (XML Sales 2, MasterID 3) bynumber: ANSWERED, 23.4 ms, 14906 chars, the entry in it; Tally answers after it: True; a fresh start answers: True 
[06:17:03.277] tally.ini: Data D:\a\_temp\fast234g\off; TDL: none
[keys] 'a'
[keys] 't'
[shot] p-g-off-xml-acct-irn-object-started (1024x768)
[06:17:31.256] Tally started (g-off-xml-acct-irn-object) in 28 s; company open: True
[06:17:31.278] G off xml-acct-irn (XML, then IRN by an XML alteration Sales 3, MasterID 4) object: ANSWERED, 17.7 ms, 49265 chars, the entry in it; Tally answers after it: True; a fresh start answers: True 
[06:17:34.283] tally.ini: Data D:\a\_temp\fast234g\off; TDL: none
[keys] 'a'
[keys] 't'
[shot] p-g-off-xml-acct-irn-bynumber-started (1024x768)
[06:18:02.249] Tally started (g-off-xml-acct-irn-bynumber) in 28 s; company open: True
[06:18:02.276] G off xml-acct-irn (XML, then IRN by an XML alteration Sales 3, MasterID 4) bynumber: ANSWERED, 23.5 ms, 14910 chars, the entry in it; Tally answers after it: True; a fresh start answers: True 
[06:18:05.282] tally.ini: Data D:\a\_temp\fast234g\off; TDL: none
[keys] 'a'
[keys] 't'
[shot] p-g-off-xml-acct-helper-collection-started (1024x768)
[06:18:33.247] Tally started (g-off-xml-acct-helper-collection) in 28 s; company open: True
[06:18:33.276] G off xml-acct (XML Sales 2, MasterID 3) helper-collection: ANSWERED, 23.8 ms, 14237 chars, the entry in it; Tally answers after it: True; a fresh start answers: True 
[06:18:36.282] tally.ini: Data D:\a\_temp\fast234g\off; TDL: none
[keys] 'a'
[keys] 't'
[shot] p-g-off-xml-acct-irn-helper-collection-started (1024x768)
[06:19:04.288] Tally started (g-off-xml-acct-irn-helper-collection) in 28 s; company open: True
[06:19:04.315] G off xml-acct-irn (XML, then IRN by an XML alteration Sales 3, MasterID 4) helper-collection: ANSWERED, 22.7 ms, 14237 chars, the entry in it; Tally answers after it: True; a fresh start answers: True 
[06:19:10.319] done (fast234 fast234g)
