origin/tax-accuracy: 1ae3eae migration 53, review M1: an altered placeholder line is 'duplicate' only when the copy's entry is above every line settled before it
bridge: 9431040 bytes, SHA256 C6F3C2F001EED26740FAEA9CDFD3096147FC6430478DD940A0DF70CCE100E952; add-on: 9609 bytes
python: C:\hostedtoolcache\windows\Python\3.12.10\x64\python.exe
stub answers
[keys] sent 'a' to tally 'TallyPrime:9000'
[keys] sent 't' to tally 'TallyPrime:9000'
[shot] r3-00-gateway (1024x768)
ledger Spike Income: <RESPONSE>
 <CREATED>1</CREATED>
 <ALTERED>0</ALTERED>
 <DELETED>0</DELETED>
 <LASTVCHID>0</LASTVCHID>
 <LASTMID>0</LASTMID>
 <COMBINED>0</COMBINED>
 <IGNORED>0</IGNORED>
 <ERRORS>0</ERRORS>
 <CANCELLED>0</CANCELLED>
 <EXCEPTIONS>0</EXCEPTIONS>
</RESPONSE>

bridge pid 1236
===== after step 'start' (bridge running: True)
  log: 2026-10-05 11:05:46  FinCom Bridge 2.2.2 (Go) started on 127.0.0.1:9100: the only bridge on this computer; working for runnervmfi6oq\runneradmin, Windows session 2; runs in a window
  log: 2026-10-05 11:05:46  Tally is open on port 9000; the bridge reads it only after an event (a client opened in FinCom, Update now, a posting, the nightly catch-up at 02:00)
  log: 2026-10-05 11:05:46  Recorder: re-scan of the add-on's files for 2.2.2: 0 line(s) sent earlier without their entry found (a new entry's line with no MasterID, a GUID of another entry, or read while the body fetch was off)
  log: 2026-10-05 11:05:47  Check:  - 
  log: 2026-10-05 11:05:50  Company FinCom Spike Co: its Tally GUID b47e578a-c834-4cd7-89a5-6ab6345f9208 is held from now on
  log: 2026-10-05 11:05:50  Company FinCom Spike Co: its starting point is recorded: ALTVCHID=1, ALTMSTID=211 (reading is prospective only: the bridge follows what changes after this)
  log: 2026-10-05 11:05:50  Company FinCom Spike Co: change numbers read with form b: ALTVCHID=1, ALTMSTID=211
  log: 2026-10-05 11:05:50  Light check of FinCom Spike Co: starting point recorded (ALTVCHID=1, ALTMSTID=211)
  cloud: 11:05:13 ping
  cloud: 11:05:49 beat
[keys] sent 'v' to tally 'TallyPrime:9000'
[shot] r3-01-vouchers (1024x768)
[keys] sent '{F6}' to tally 'TallyPrime:9000'
[keys] sent '{F2}' to tally 'TallyPrime:9000'
[keys] sent '2-10-2026{ENTER}' to tally 'TallyPrime:9000'
[keys] sent 'Cash{ENTER}' to tally 'TallyPrime:9000'
[keys] sent 'Spike Income{ENTER}' to tally 'TallyPrime:9000'
[shot] r3-02-particular (1024x768)
[keys] sent '700{ENTER}' to tally 'TallyPrime:9000'
[keys] sent '^a' to tally 'TallyPrime:9000'
[shot] r3-03-created (1024x768)
===== after step 'a-create' (bridge running: True)
  log: 2026-10-05 11:06:31  Recorder: Receipt 1 of 02-Oct-2026 (MasterID 2, line db9e6b11…): asking Tally by MasterID
  log: 2026-10-05 11:06:35  Recorder: Receipt 1 of 02-Oct-2026 (MasterID 2, line db9e6b11…): asking Tally by type and number (Tally gave no voucher with MasterID 2 on 02-Oct-2026)
  log: 2026-10-05 11:06:35  Tally 9000: FinComVoucherByNumber refused before sending: it carries a period and reading old entries is off (ReadDays)
  log: 2026-10-05 11:06:35  Recorder: Receipt 1 of 02-Oct-2026 (MasterID 2, line db9e6b11…): held: Tally gave no voucher with MasterID 2 on 02-Oct-2026; asked by its type and number: Reading entries from Tally is off on this computer (FinCom reads entries only as they change; history comes from the Day Book upload). (sent without its body and GUID; FinCom holds the line until it is resolved)
  cloud: 11:06:19 beat
  cloud: 11:06:30 recorder_lines company=FinCom Spike Co lines=0
  cloud: 11:06:35 recorder_lines company=FinCom Spike Co lines=1
    LINE event=created object_guid= master_id=2 alter_id= vch=Receipt/1/20261002 xml=False heldWhy=Tally gave no voucher with MasterID 2 on 02-Oct-2026; asked by its type and number: Reading entries from Tally is off on this computer (FinCom reads entries only as they change; history comes from the Day Book upload). idsMismatch= lineGuid=
  cloud: 11:06:47 companies
  cloud: 11:06:49 beat
[keys] sent '%g' to tally 'TallyPrime:9000'
[keys] sent 'Day Book' to tally 'TallyPrime:9000'
[keys] sent '{ENTER}' to tally 'TallyPrime:9000'
[keys] sent '{F2}' to tally 'TallyPrime:9000'
[keys] sent '2-10-2026{ENTER}' to tally 'TallyPrime:9000'
[shot] r3-04-daybook (1024x768)
[keys] sent '{END}' to tally 'TallyPrime:9000'
[keys] sent '{ENTER}' to tally 'TallyPrime:9000'
[shot] r3-05-open (1024x768)
[keys] sent '{ENTER}' to tally 'TallyPrime:9000'
[keys] sent '{ENTER}' to tally 'TallyPrime:9000'
[keys] sent '{ENTER}' to tally 'TallyPrime:9000'
[shot] r3-06-at-amount (1024x768)
[keys] sent '800{ENTER}' to tally 'TallyPrime:9000'
[keys] sent '^a' to tally 'TallyPrime:9000'
[shot] r3-07-altered (1024x768)
===== after step 'b-alter' (bridge running: True)
  log: 2026-10-05 11:07:56  Recorder: Receipt 1 of 02-Oct-2026 (MasterID 2, line da2b33c7…): asking Tally by MasterID
  log: 2026-10-05 11:08:00  Recorder: Receipt 1 of 02-Oct-2026 (MasterID 2, line da2b33c7…): asking Tally by type and number (Tally gave no voucher with MasterID 2 on 02-Oct-2026)
  log: 2026-10-05 11:08:00  Tally 9000: FinComVoucherByNumber refused before sending: it carries a period and reading old entries is off (ReadDays)
  log: 2026-10-05 11:08:00  Recorder: Receipt 1 of 02-Oct-2026 (MasterID 2, line da2b33c7…): held: Tally gave no voucher with MasterID 2 on 02-Oct-2026; asked by its type and number: Reading entries from Tally is off on this computer (FinCom reads entries only as they change; history comes from the Day Book upload). (sent without its body and GUID; FinCom holds the line until it is resolved)
  cloud: 11:07:19 beat
  cloud: 11:07:49 beat
  cloud: 11:08:00 recorder_lines company=FinCom Spike Co lines=1
    LINE event=altered object_guid= master_id=2 alter_id= vch=Receipt/1/20261002 xml=False heldWhy=Tally gave no voucher with MasterID 2 on 02-Oct-2026; asked by its type and number: Reading entries from Tally is off on this computer (FinCom reads entries only as they change; history comes from the Day Book upload). idsMismatch= lineGuid=
  cloud: 11:08:19 beat
[keys] sent '{END}' to tally 'TallyPrime:9000'
[keys] sent '%2' to tally 'TallyPrime:9000'
[shot] r3-08-duplicate (1024x768)
[keys] sent '{ENTER}' to tally 'TallyPrime:9000'
[keys] sent '{ENTER}' to tally 'TallyPrime:9000'
[keys] sent '{ENTER}' to tally 'TallyPrime:9000'
[shot] r3-09-dup-at-amount (1024x768)
[keys] sent '900{ENTER}' to tally 'TallyPrime:9000'
[keys] sent '^a' to tally 'TallyPrime:9000'
[shot] r3-10-dup-saved (1024x768)
===== after step 'c-duplicate' (bridge running: True)
  cloud: 11:08:49 beat
  cloud: 11:09:19 beat
[keys] sent '{HOME}' to tally 'TallyPrime:9000'
[keys] sent '%x' to tally 'TallyPrime:9000'
[keys] sent 'y' to tally 'TallyPrime:9000'
[shot] r3-11-cancelled (1024x768)
===== after step 'd-cancel' (bridge running: True)
  cloud: 11:09:49 beat
  cloud: 11:09:52 recorder_lines company=FinCom Spike Co lines=1
    LINE event=cancelled object_guid=b47e578a-c834-4cd7-89a5-6ab6345f9208-00000002 master_id=2 alter_id=3 vch=Receipt/2/20261002 xml=False heldWhy= idsMismatch= lineGuid=
  cloud: 11:10:19 beat
[keys] sent '{END}' to tally 'TallyPrime:9000'
[keys] sent '%d' to tally 'TallyPrime:9000'
[keys] sent 'y' to tally 'TallyPrime:9000'
[shot] r3-12-deleted (1024x768)
===== after step 'e-delete' (bridge running: True)
  cloud: 11:10:44 recorder_lines company=FinCom Spike Co lines=1
    LINE event=deleted object_guid= master_id=3 alter_id= vch=Receipt/2/20261002 xml=False heldWhy= idsMismatch= lineGuid=
  cloud: 11:10:49 beat
  cloud: 11:11:19 beat
== round 3 end
