[23:46:27] ---- c1 install and open the company (TallyPrime 4.1)
  INFO installed: C:\Program Files\TallyPrime\tally.exe; tally.exe 15413896 bytes, 2026-10-09, FileVersion 1.1.4.1, ProductVersion 1.1.4.1, ProductName TallyPrime
  INFO company folder made by flow.ps1: D:\a\_temp\TallyData\100000
[keys] 'a' -> Tally 'TallyPrime:9000'
[keys] 't' -> Tally 'TallyPrime:9000'
[shot] v-00-started (1024x768)
[companies] 6 ms: <ENVELOPE><HEADER><VERSION>1</VERSION><STATUS>1</STATUS></HEADER><BODY><DESC><CMPINFO><COMPANY>0</COMPANY><GROUP>0</GROUP><LEDGER>0</LEDGER><COSTCATEGORY>0</COSTCATEGORY><COSTCENTRE>0</COSTCENTRE><GODOWN>0</GODOWN><STOCKGROUP>0</STOCKGROUP><STOCKCATEGORY>0</STOCKCATEGORY><STOCKITEM>0</STOCKITEM><VOUCHERTYPE>0</VOUCHERTYPE><CURRENCY>0</CURRENCY><UNIT>0</UNIT><BUDGET>0</BUDGET><CLIENTRULE>0</CLIENTRULE><SERVERRULE>0</SERVERRULE><STATE>0</STATE><TDSRATE>0</TDSRATE><TAXCLASSIFICATION>0</TAXCLASSIFICATION><STCATEGORY>0</STCATEGORY><DEDUCTEETYPE>0</DEDUCTEETYPE><ATTENDANCETYPE>0</ATTENDANCETYPE><FBT...
[header] 6 ms: <ENVELOPE><HEADER><VERSION>1</VERSION><STATUS>1</STATUS><PRODMAJORVER>1</PRODMAJORVER><PRODMINORVER>1</PRODMINORVER><PRODMAJORREL>4</PRODMAJORREL><PRODMINORREL>1</PRODMINORREL><PRODTYPE>5</PRODTYPE></HEADER><BODY><DESC><CMPINFO><COMPANY>0</COMPANY><GROUP>0</GROUP><LEDGER>0</LEDGER><COSTCATEGORY>0</COSTCATEGORY><COSTCENTRE>0</COSTCENTRE><GODOWN>0</GODOWN><STOCKGROUP>0</STOCKGROUP><STOCKCATEGORY>0</STOCKCATEGORY><STOCKITEM>0</STOCKITEM><VOUCHERTYPE>0</VOUCHERTYPE><CURRENCY>0</CURRENCY><UNIT>0</UNIT><BUDGET>0</BUDGET><CLIENTRULE>0</CLIENTRULE><SERVERRULE>0</SERVERRULE><STATE>0</STATE><TDSRATE>0</...
  INFO Tally's own release in its answer header: PRODMAJORREL 4 PRODMINORREL 1 (PRODMAJORVER 1 PRODMINORVER 1 PRODTYPE 5)
######## PASS c1 install and open the company: installed tally.exe 15413896 bytes, 2026-10-09, FileVersion 1.1.4.1, ProductVersion 1.1.4.1, ProductName TallyPrime; company folder 100000 loaded at start: True; window 'TallyPrime:9000'
######## PASS c2 port and company list: port 9000 answered 10.1 s after start, GET 13 ms ('<RESPONSE>TallyPrime Server is Running</RESPONSE>'); company list 6 ms, 'FinCom Spike Co' in it: True
[23:47:00] ---- the stub cloud and the bridge
[ledger Spike Income] 9 ms: <RESPONSE><CREATED>1</CREATED><ALTERED>0</ALTERED><DELETED>0</DELETED><LASTVCHID>0</LASTVCHID><LASTMID>0</LASTMID><COMBINED>0</COMBINED><IGNORED>0</IGNORED><ERRORS>0</ERRORS><CANCELLED>0</CANCELLED><EXCEPTIONS>0</EXCEPTIONS></RESPONSE>
[renum journal] 17 ms: <RESPONSE><CREATED>1</CREATED><ALTERED>0</ALTERED><DELETED>0</DELETED><LASTVCHID>2</LASTVCHID><LASTMID>0</LASTMID><COMBINED>0</COMBINED><IGNORED>0</IGNORED><ERRORS>0</ERRORS><CANCELLED>0</CANCELLED><EXCEPTIONS>0</EXCEPTIONS></RESPONSE>
[bankb ledger Share Bank] 6 ms: <RESPONSE><CREATED>1</CREATED><ALTERED>0</ALTERED><DELETED>0</DELETED><LASTVCHID>0</LASTVCHID><LASTMID>0</LASTMID><COMBINED>0</COMBINED><IGNORED>0</IGNORED><ERRORS>0</ERRORS><CANCELLED>0</CANCELLED><EXCEPTIONS>0</EXCEPTIONS></RESPONSE>
[bankb contras] 16 ms: <RESPONSE><CREATED>4</CREATED><ALTERED>0</ALTERED><DELETED>0</DELETED><LASTVCHID>6</LASTVCHID><LASTMID>0</LASTMID><COMBINED>0</COMBINED><IGNORED>0</IGNORED><ERRORS>0</ERRORS><CANCELLED>0</CANCELLED><EXCEPTIONS>0</EXCEPTIONS></RESPONSE>
  INFO bankb: four contras with bank allocations (2-10-2026, Share Bank): <CREATED>4</CREATED> <ALTERED>0</ALTERED> <DELETED>0</DELETED> <LASTVCHID>6</LASTVCHID> <LASTMID>0</LASTMID> <COMBINED>0</COMBINED> <IGNORED>0</IGNORED> <ERRORS>0</ERRORS>
  INFO setup origin: COMMITTED assets-test/bridge-go/FinComBridge-Setup-2.4.1.exe SHA-256 79e95ba3bf701ed2222b769d207f5cc885980a51f1443ded74fbd0ce7a5ae06a; bridge source: c89c58ffa929d561d1de3d7bf3ca175dbc24af22 Bridge 2.4.1 built (from the published 2.4.0, after the gate fix): setup SHA-256 79e95ba3…e06a (program f59866e0…6eab), release log row (2.4.0 superseded; the withdrawn build 8c5b8b07…75b3 recorded), notes and test sheet fingerprint and build time (10-Oct-2026 04:59 IST); 2.4.0 assets moved to bridge-go-old; not published
bridge setup ended with 0
  INFO bridge on 127.0.0.1:9100, version 2.4.1, allowImport True, readOnly '', testMode False
  bridge log: 2026-10-09 23:47:20  FinCom Bridge 2.4.1: started just for runnervmfi6oq\runneradmin (no service); it keeps the bridge and its icon running
  bridge log: 2026-10-09 23:47:20  FinCom Bridge 2.4.1 (Go) started on 127.0.0.1:9100: the only bridge on this computer; working for runnervmfi6oq\runneradmin, Windows session 2; runs just for this Windows user (starts at sign-in, no service)
  bridge log: 2026-10-09 23:47:20  Tally is open on port 9000; the bridge reads it only after an event (a client opened in FinCom, Update now, a posting, the nightly catch-up at 19:00)
  bridge log: 2026-10-09 23:47:20  Recorder: re-scan of the add-on's files for 2.4.1: 0 line(s) sent earlier without their entry found (a new entry's line with no MasterID, a GUID of another entry, or read while the body fetch was off)
  bridge log: 2026-10-09 23:47:20  Check:  - 
  bridge log: 2026-10-09 23:47:20  Nightly catch-up (19:00): Tally is open and nobody has used FinCom for 15 minutes
  bridge log: 2026-10-09 23:47:20  Nightly catch-up: waiting, Tally has just opened; letting it finish loading
  bridge log: 2026-10-09 23:47:23  Tray icon: set to show next to the clock always (Windows 11)
  bridge log: 2026-10-09 23:47:23  Trial tools switched on for this computer in FinCom: the tray shows the trial items
  bridge log: 2026-10-09 23:47:23  FinCom: this bridge is now the main bridge on this computer (set by the setup); it reads and posts
  bridge log: 2026-10-09 23:47:23  Company FinCom Spike Co: its Tally GUID 8171f4f1-f4ed-4dc1-954e-e9a9ced49f46 is held from now on
  bridge log: 2026-10-09 23:47:24  Company FinCom Spike Co: its starting point is recorded: ALTVCHID=6, ALTMSTID=210 (reading is prospective only: the bridge follows what changes after this)
  bridge log: 2026-10-09 23:47:24  Company FinCom Spike Co: change numbers read with form a: ALTVCHID=6, ALTMSTID=210
  bridge log: 2026-10-09 23:47:24  Light check of FinCom Spike Co: starting point recorded (ALTVCHID=6, ALTMSTID=210)
  bridge log: 2026-10-09 23:47:24  Bank dates: FinCom Spike Co: following Tally's voucher counter from ALTVCHID=6 (a move the add-on's lines do not explain is a bank date set, or another change Tally makes without a voucher form)
  bridge log: 2026-10-09 23:47:24  Nightly check of FinCom Spike Co: not now: Tally has just opened; letting it finish loading
  INFO add-on: recorder files after start: none
[23:48:07] ---- bank: does any event fire when a bank date is set (probe), and what it costs
[23:48:10] ---- bankb: bank dates set in Bank Reconciliation reach FinCom (the bridge from the ref, stubr.py as the cloud)
  INFO bankb: the bridge's bank route started (its first light check) before the bank dates: True
  INFO bankb: Tally's contras (FinCom's copy seeded with them, as from a Day Book upload): mid 3 'bank probe C1' AlterID 3 bank date ''; mid 4 'bank probe C2' AlterID 4 bank date ''; mid 5 'bank probe C3' AlterID 5 bank date ''; mid 6 'bank probe C4' AlterID 6 bank date ''
[shot] tds-001-gw0 (1024x768)
[23:48:17] [tds] screen tds-001-gw0 : TallyPrime MANAGE Recyc EDU K: Company Gatewa of Tall Y: Data Q Z: Exchange CURRENT OATE Wednesday, I-Apr-2026 upr-26 Search O: Import E: Export M: Share p: print Fl: Help Date Company Firefo Googl Chro Micros 46 IypÅ Unity CURRENT PERIOD I-Apr-26 to 31-Mar-27 NAME OF COMPANY FinCom Spike Co Gateway of Tally MASTERS Create Alter CHart of Accounts TRANSACTIONS Vouchers Day 800K UTILITIES BaNking REPORTS Balance Sheet Profit & Loss A/c Stock Summary Ratio Analysis Display More Reports DashbOard Quit 161 nt to •elati 312eU 1b7f4 —cb8c Hub" , l' : "Lle 1b7f4 —cb8c tion_ eU860 isten corre ud7c3 unn...
[keys] '%g' -> Tally 'TallyPrime:9000'
[shot] tds-002-B1-brs-goto (1024x768)
[23:48:20] [tds] screen tds-002-B1-brs-goto : TallyPrime MANAGE Recyc EDU Firefo Googl Chron Micros Unity Quit K: Company List of Re Y: Data Its Z: Exchange O: Import E: Export M: Share p: print Fl: Help x FinCom Spike Co (Predefined) (Predefined) (Predefined) Saved Views Purchase Dashboard Sales Dashboard Outstanding MSME Bills Common Reports Dashboard Balance Sheet Profit & Loss A/c Cash/Bank Book Day Book Ledger Vouchers Stock Summary Trial Balance Bills Receivable Bills Payable Master and Voucher Statistics Stock Query Chart of Accounts Final Accounts Reports Receivables & Payables Reports Banking Utilities Ledger Reports Create Vouch...
[keys] 'Bank Reconciliation' -> Tally 'TallyPrime:9000'
[shot] tds-003-B1-brs-typed (1024x768)
[23:48:23] [tds] screen tds-003-B1-brs-typed : Recyc Firefo TallyPrime MANAGE EDU K: Company List of Re Y: Data Its Z: Exchange FinCom Spike Co Bank Reconciliation _ Q Search O: Import E: Export M: Share p: print Create Voucher Create Master Alter Master Expand All Show More Googl Chron Micros lyp Unity Quit Banking Utilities Bank Reconciliation x Fl: Help nt to •elati 312eU 1b7f4 —cb8c Hub" , l' : "Lle 1b7f4 —cb8c : '2.3 tion_ eU860 isten corre ud7c3 unnin " , "so 16b1b age" , l' : "Lle Windows Server 2025 Datacenter Build 26100.ge_release240331-1435 11:48 PM 10/9/2026
[keys] '{ENTER}' -> Tally 'TallyPrime:9000'
[shot] tds-004-B1-brs-select (1024x768)
[23:48:27] [tds] screen tds-004-B1-brs-select : Recyc TallyPrime MANAGE EDU K: Company Select Bank Y: Data Z: Exchange FinCom • ke Co Name of Bank Ledger O: Import Account No. Create E: Export M: Share p: print Firefo Googl Chron Micros lyp Unity Quit List of Bank Led Ledger Name Share Bank A Accept Q Search x Fl: Help nt to •elati 312eU 1b7f4 —cb8c Hub" , l' : "Lle 1b7f4 —cb8c : '2.3 tion_ eU860 isten corre ud7c3 unnin " , "so 16b1b age" , l' : "Lle Windows Server 2025 Datacenter Build 26100.ge_release240331-1435 11:48 PM 10/9/2026
[keys] 'Share Bank{ENTER}' -> Tally 'TallyPrime:9000'
[shot] tds-005-B1-brs-bank (1024x768)
[23:48:32] [tds] screen tds-005-B1-brs-bank : TallyPrime MANAGE Recyc EDU K: Company Bank Reconciliation Ledger: Share Bank Y: Data Vch Type Contra Contra Contra Contra Q Z: Exchange O: Import E: Export FinCom • ke Co (Reconciliation Transaction Type Instrument No. M: Share p: print As on . • 2-0ct-26 Firefo Googl Chro Micros 46 IypÅ Unity Date 2-Oct-26 2-Oct-26 2-Oct-26 2-Oct-26 Quit Particulars Cash Cash Cash Cash Instrument Date 2-Oct-26 2-Oct-26 2-Oct-26 2-Oct-26 Bank Date Debit 101.00 102.00 103.00 104.00 410.00 410.00 Credit Cash Cash Cash Cash A Accept Search Fl: Help period • Carnpany V4: Bank FIO Basis of B: — Values Change Vie w...
[shot] tds-006-B1-brs-screen (1024x768)
[23:48:32] [tds] screen tds-006-B1-brs-screen : TallyPrime MANAGE Recyc EDU K: Company Bank Reconciliation Ledger: Share Bank Y: Data Vch Type Contra Contra Contra Contra Q Z: Exchange O: Import E: Export FinCom • ke Co (Reconciliation Transaction Type Instrument No. M: Share p: print As on . • 2-0ct-26 Firefo Googl Chro Micros 46 IypÅ Unity Date 2-Oct-26 2-Oct-26 2-Oct-26 2-Oct-26 Quit Particulars Cash Cash Cash Cash Instrument Date 2-Oct-26 2-Oct-26 2-Oct-26 2-Oct-26 Bank Date Debit 101.00 102.00 103.00 104.00 410.00 410.00 Credit Cash Cash Cash Cash A Accept Search Fl: Help period • Carnpany V4: Bank FIO Basis of B: — Values Change Vie w...
[keys] '2-10-2026{ENTER}' -> Tally 'TallyPrime:9000'
[shot] tds-007-B1-brs-date (1024x768)
[23:48:36] [tds] screen tds-007-B1-brs-date : TallyPrime MANAGE Recyc EDU K: Company Bank Reconciliation Ledger: Share Bank Y: Data Vch Type Contra Contra Contra Contra Q Z: Exchange O: Import E: Export FinCom • ke Co (Reconciliation Transaction Type Instrument No. M: Share p: print As on . • 2-0ct-26 Firefo Googl Chro Micros 46 IypÅ Unity Date 2-Oct-26 2-Oct-26 2-Oct-26 2-Oct-26 Quit Particulars Cash Cash Cash Cash Instrument Date 2-Oct-26 2-Oct-26 2-Oct-26 2-Oct-26 Bank Date 2-Oct-26 Debit 101.00 102.00 103.00 104.00 410.00 309.00 101.00 Credit Cash Cash Cash Cash A Accept Search Fl: Help period • Carnpany V4: Bank FIO Basis of B: — Val...
[keys] '' -> Tally 'TallyPrime:9000'
[shot] tds-008-B1-brs-saved (1024x768)
[23:48:38] [tds] screen tds-008-B1-brs-saved : x Recyc TallyPrime MANAGE EDU K: Company Select Bank Y: Data Z: Exchange FinCom • ke Co Name of Bank Ledger Share Bank O: Import Account No. Create E: Export M: Share p: print Fl: Help Firefo Googl Chron Micros lyp Unity Quit List of Bank Led Ledger Name Share Bank A Accept Q Search nt to •elati 312eU 1b7f4 —cb8c Hub" , l' : "Lle 1b7f4 —cb8c : '2.3 tion_ eU860 isten corre ud7c3 unnin " , "so 16b1b age" , l' : "Lle Windows Server 2025 Datacenter Build 26100.ge_release240331-1435 11:48 PM 10/9/2026
[23:48:38] B1-brs save: 15.5;77.7
[shot] tds-009-gw0 (1024x768)
[23:48:38] [tds] screen tds-009-gw0 : x Recyc Firefo Googl Chron Micros lyp Unity TallyPrime MANAGE EDU K: Company Select Bank Quit Y: Data Z: Exchange FinCom • ke Co Name of Bank Ledger Share Bank O: Import Account No. Create E: Export M: Share p: print Fl: Help List of Bank Led Ledger Name Share Bank A Accept Q Search nt to •elati 312eU 1b7f4 —cb8c Hub" , l' : "Lle 1b7f4 —cb8c : '2.3 tion_ eU860 isten corre ud7c3 unnin " , "so 16b1b age" , l' : "Lle Windows Server 2025 Datacenter Build 26100.ge_release240331-1435 11:48 PM 10/9/2026
[keys] '{ESC}' -> Tally 'TallyPrime:9000'
[shot] tds-010-gw1 (1024x768)
[23:48:42] [tds] screen tds-010-gw1 : Recyc TallyPrime MANAGE EDU K: Company Select Bank Y: Data Z: Exchange FinCom • ke Co Name of Bank Ledger O: Import Account No. Create E: Export M: Share p: print Firefo Googl Chron Micros lyp Unity Quit List of Bank Led Ledger Name Share Bank A Accept Q Search x Fl: Help nt to •elati 312eU 1b7f4 —cb8c Hub" , l' : "Lle 1b7f4 —cb8c : '2.3 tion_ eU860 isten corre ud7c3 unnin " , "so 16b1b age" , l' : "Lle Windows Server 2025 Datacenter Build 26100.ge_release240331-1435 11:48 PM 10/9/2026
[keys] '{ESC}' -> Tally 'TallyPrime:9000'
[shot] tds-011-gw2 (1024x768)
[23:48:45] [tds] screen tds-011-gw2 : TallyPrime MANAGE Recyc EDU K: Company Gatewa of Tall Y: Data Q Z: Exchange CURRENT OATE Wednesday, I-Apr-2026 2-Oct-26 Search O: Import E: Export M: Share p: print Fl: Help Date Company Firefo Googl Chro Micros 46 IypÅ Unity CURRENT PERIOD I-Apr-26 to 31-Mar-27 NAME OF COMPANY FinCom Spike Co Gateway of Tally MASTERS Create Alter CHart of Accounts TRANSACTIONS Vouchers Day 800K UTILITIES BaNking REPORTS Balance Sheet Profit & Loss A/c Stock Summary Ratio Analysis Display More Reports DashbOard Quit 161 nt to •elati 312eU 1b7f4 —cb8c Hub" , l' : "Lle 1b7f4 —cb8c tion_ eU860 isten corre ud7c3 u...
  INFO B1-brs the dated contra stored whole: every date field: DATE=20261002, VCHSTATUSDATE=20261002, EFFECTIVEDATE=20261002, INSTRUMENTDATE=20261002, BANKERSDATE=20261002
######## INFO B1-brs bank date in Bank Reconciliation: direct: Tally bank-dated 'bank probe C1' (mid 3, bank date '20261002'); AlterID 3 -> 7; company AltVchId 6 -> 7, AltMstId 210 -> 210; Ctrl+A to a still screen 78 ms (15.5;77.7); add-on FCR1 lines: none (for its MasterID: 0); probe lines: none
[shot] tds-012-gw0 (1024x768)
[23:48:48] [tds] screen tds-012-gw0 : TallyPrime MANAGE Recyc EDU K: Company Gatewa of Tall Y: Data Q Z: Exchange CURRENT OATE Wednesday, I-Apr-2026 2-Oct-26 Search O: Import E: Export M: Share p: print Fl: Help Date Company Firefo Googl Chro Micros 46 IypÅ Unity CURRENT PERIOD I-Apr-26 to 31-Mar-27 NAME OF COMPANY FinCom Spike Co Gateway of Tally MASTERS Create Alter CHart of Accounts TRANSACTIONS Vouchers Day 800K UTILITIES BaNking REPORTS Balance Sheet Profit & Loss A/c Stock Summary Ratio Analysis Display More Reports DashbOard Quit 161 nt to •elati 312eU 1b7f4 —cb8c Hub" , l' : "Lle 1b7f4 —cb8c tion_ eU860 isten corre ud7c3 u...
[keys] '%g' -> Tally 'TallyPrime:9000'
[shot] tds-013-B2-brs-goto (1024x768)
[23:48:51] [tds] screen tds-013-B2-brs-goto : TallyPrime MANAGE Recyc EDU Firefo Googl Chron Micros Unity Quit K: Company List of Re Y: Data Its Z: Exchange O: Import E: Export M: Share p: print Fl: Help x FinCom Spike Co (Predefined) (Predefined) (Predefined) Saved Views Purchase Dashboard Sales Dashboard Outstanding MSME Bills Common Reports Dashboard Balance Sheet Profit & Loss A/c Cash/Bank Book Day Book Ledger Vouchers Stock Summary Trial Balance Bills Receivable Bills Payable Master and Voucher Statistics Stock Query Chart of Accounts Final Accounts Reports Receivables & Payables Reports Banking Utilities Ledger Reports Create Vouch...
[keys] 'Bank Reconciliation' -> Tally 'TallyPrime:9000'
[shot] tds-014-B2-brs-typed (1024x768)
[23:48:54] [tds] screen tds-014-B2-brs-typed : Recyc Firefo TallyPrime MANAGE EDU K: Company List of Re Y: Data Its Z: Exchange FinCom Spike Co Bank Reconciliation Q Search O: Import E: Export M: Share p: print Create Voucher Create Master Alter Master Expand All Show More Googl Chron Micros lyp Unity Quit Banking Utilities Bank Reconciliation x Fl: Help nt to •elati 312eU 1b7f4 —cb8c Hub" , l' : "Lle 1b7f4 —cb8c : '2.3 tion_ eU860 isten corre ud7c3 unnin " , "so 16b1b age" , l' : "Lle Windows Server 2025 Datacenter Build 26100.ge_release240331-1435 11:48 PM 10/9/2026
[keys] '{ENTER}' -> Tally 'TallyPrime:9000'
[shot] tds-015-B2-brs-select (1024x768)
[23:48:59] [tds] screen tds-015-B2-brs-select : Recyc TallyPrime MANAGE EDU K: Company Select Bank Y: Data Z: Exchange FinCom • ke Co Name of Bank Ledger O: Import Account No. Create E: Export M: Share p: print Firefo Googl Chron Micros lyp Unity Quit List of Bank Led Ledger Name Share Bank A Accept Q Search x Fl: Help nt to •elati 312eU 1b7f4 —cb8c Hub" , l' : "Lle 1b7f4 —cb8c : '2.3 tion_ eU860 isten corre ud7c3 unnin " , "so 16b1b age" , l' : "Lle Windows Server 2025 Datacenter Build 26100.ge_release240331-1435 11:48 PM 10/9/2026
[keys] 'Share Bank{ENTER}' -> Tally 'TallyPrime:9000'
[shot] tds-016-B2-brs-bank (1024x768)
[23:49:03] [tds] screen tds-016-B2-brs-bank : TallyPrime MANAGE Recyc EDU K: Company Bank Reconciliation Ledger: Share Bank Y: Data Vch Type Contra Contra Contra Q Z: Exchange O: Import E: Export FinCom • ke Co (Reconciliation Transaction Type Instrument No. M: Share p: print As on . • 2-0ct-26 Firefo Googl Chro Micros 46 IypÅ Unity Date 2-Oct-26 2-Oct-26 2-Oct-26 Quit Particulars Cash Cash Cash Instrument Date 2-Oct-26 2-Oct-26 2-Oct-26 Bank Date Debit 102.00 103.00 104.00 410.00 309.00 101.00 Credit Cash Cash Cash A Accept Search Fl: Help period • Carnpany V4: Bank FIO Basis of B: — Values Change Vie w J: Reports H: Opening BRS Creata J...
[shot] tds-017-B2-brs-screen (1024x768)
[23:49:04] [tds] screen tds-017-B2-brs-screen : TallyPrime MANAGE Recyc EDU K: Company Bank Reconciliation Ledger: Share Bank Y: Data Vch Type Contra Contra Contra Q Z: Exchange O: Import E: Export FinCom • ke Co (Reconciliation Transaction Type Instrument No. M: Share p: print As on . • 2-0ct-26 Firefo Googl Chro Micros 46 IypÅ Unity Date 2-Oct-26 2-Oct-26 2-Oct-26 Quit Particulars Cash Cash Cash Instrument Date 2-Oct-26 2-Oct-26 2-Oct-26 Bank Date Debit 102.00 103.00 104.00 410.00 309.00 101.00 Credit Cash Cash Cash A Accept Search Fl: Help period • Carnpany V4: Bank FIO Basis of B: — Values Change Vie w J: Reports H: Opening BRS Creata J...
[keys] '2-10-2026{ENTER}' -> Tally 'TallyPrime:9000'
[shot] tds-018-B2-brs-date (1024x768)
[23:49:07] [tds] screen tds-018-B2-brs-date : TallyPrime MANAGE Recyc EDU K: Company Bank Reconciliation Ledger: Share Bank Y: Data Vch Type Contra Contra Contra Q Z: Exchange O: Import E: Export FinCom • ke Co (Reconciliation Transaction Type Instrument No. M: Share p: print As on . • 2-0ct-26 Firefo Googl Chro Micros 46 IypÅ Unity Date 2-Oct-26 2-Oct-26 2-Oct-26 Quit Particulars Cash Cash Cash Instrument Date 2-Oct-26 2-Oct-26 2-Oct-26 Bank Date 2-Oct-26 Debit 102.00 103.00 104.00 410.00 207.00 203.00 Credit Cash Cash Cash A Accept Search Fl: Help period • Carnpany V4: Bank FIO Basis of B: — Values Change Vie w J: Reports H: Opening BRS...
[keys] '' -> Tally 'TallyPrime:9000'
[shot] tds-019-B2-brs-saved (1024x768)
[23:49:13] [tds] screen tds-019-B2-brs-saved : x Recyc Firefo Googl Chron Micros lyp Unity TallyPrime MANAGE EDU K: Company Select Bank Quit Y: Data Z: Exchange FinCom • ke Co Name of Bank Ledger Share Bank O: Import Account No. Create E: Export M: Share p: print Fl: Help List of Bank Led Ledger Name Share Bank A Accept Q Search nt to •elati 312eU 1b7f4 —cb8c Hub" , l' : "Lle 1b7f4 —cb8c : '2.3 tion_ eU860 isten corre ud7c3 unnin " , "so 16b1b age" , l' : "Lle Windows Server 2025 Datacenter Build 26100.ge_release240331-1435 11:49 PM 10/9/2026
[23:49:13] B2-brs save: 30.0;3810.4
[shot] tds-020-gw0 (1024x768)
[23:49:14] [tds] screen tds-020-gw0 : x Recyc TallyPrime MANAGE EDU K: Company Select Bank Y: Data Z: Exchange FinCom • ke Co Name of Bank Ledger Share Bank O: Import Account No. Create E: Export M: Share p: print Fl: Help Firefo Googl Chron Micros lyp Unity Quit List of Bank Led Ledger Name Share Bank A Accept Q Search nt to •elati 312eU 1b7f4 —cb8c Hub" , l' : "Lle 1b7f4 —cb8c : '2.3 tion_ eU860 isten corre ud7c3 unnin " , "so 16b1b age" , l' : "Lle Windows Server 2025 Datacenter Build 26100.ge_release240331-1435 11:49 PM 10/9/2026
[keys] '{ESC}' -> Tally 'TallyPrime:9000'
[shot] tds-021-gw1 (1024x768)
[23:49:17] [tds] screen tds-021-gw1 : Recyc TallyPrime MANAGE EDU K: Company Select Bank Y: Data Z: Exchange FinCom • ke Co Name of Bank Ledger O: Import Account No. Create E: Export M: Share p: print Firefo Googl Chron Micros lyp Unity Quit List of Bank Led Ledger Name Share Bank A Accept Q Search x Fl: Help nt to •elati 312eU 1b7f4 —cb8c Hub" , l' : "Lle 1b7f4 —cb8c : '2.3 tion_ eU860 isten corre ud7c3 unnin " , "so 16b1b age" , l' : "Lle Windows Server 2025 Datacenter Build 26100.ge_release240331-1435 11:49 PM 10/9/2026
[keys] '{ESC}' -> Tally 'TallyPrime:9000'
[shot] tds-022-gw2 (1024x768)
[23:49:20] [tds] screen tds-022-gw2 : TallyPrime MANAGE Recyc EDU K: Company Gatewa of Tall Y: Data Q Z: Exchange CURRENT OATE Wednesday, I-Apr-2026 2-Oct-26 Search O: Import E: Export M: Share p: print Fl: Help Date Company Firefo Googl Chro Micros 46 IypÅ Unity CURRENT PERIOD I-Apr-26 to 31-Mar-27 NAME OF COMPANY FinCom Spike Co Gateway of Tally MASTERS Create Alter CHart of Accounts TRANSACTIONS Vouchers Day 800K UTILITIES BaNking REPORTS Balance Sheet Profit & Loss A/c Stock Summary Ratio Analysis Display More Reports DashbOard Quit 161 nt to •elati 312eU 1b7f4 —cb8c Hub" , l' : "Lle 1b7f4 —cb8c tion_ eU860 isten corre ud7c3 u...
  INFO B2-brs the dated contra stored whole: every date field: DATE=20261002, VCHSTATUSDATE=20261002, EFFECTIVEDATE=20261002, INSTRUMENTDATE=20261002, BANKERSDATE=20261002
######## INFO B2-brs bank date in Bank Reconciliation: direct: Tally bank-dated 'bank probe C2' (mid 4, bank date '20261002'); AlterID 4 -> 8; company AltVchId 7 -> 8, AltMstId 210 -> 210; Ctrl+A to a still screen 3810 ms (30.0;3810.4); add-on FCR1 lines: none (for its MasterID: 0); probe lines: none
  INFO bankb: Tally after the bank dates: mid 3 'bank probe C1' AlterID 7 bank date '20261002'; mid 4 'bank probe C2' AlterID 8 bank date '20261002'; mid 5 'bank probe C3' AlterID 5 bank date ''; mid 6 'bank probe C4' AlterID 6 bank date ''
  bridge log: 2026-10-09 23:49:30  Nightly catch-up: waiting, someone is working in Tally
  bridge log: 2026-10-09 23:49:35  Keeping FinCom Spike Co in step: its day book from 20260401 is read at Update now (and the nightly run), a month a request
  bridge log: 2026-10-09 23:49:36  Keeping FinCom Spike Co: ledger list MasterID 1-2000, 7 ledger(s) (0.2s); saved
  bridge log: 2026-10-09 23:49:36  Keeping FinCom Spike Co: ledger list MasterID 2001-end, 0 ledger(s) (0.2s); saved
  bridge log: 2026-10-09 23:49:36  Keeping FinCom Spike Co: the ledger list read (7 ledgers, 28 groups, 3 request(s)): 7 new, 0 changed, 0 renamed, 0 gone
  bridge log: 2026-10-09 23:49:36  Keeping FinCom Spike Co: Reading old entries is off (prospective only); FinComCompany ALTVCHID=8 ALTMSTID=210
  bridge log: 2026-10-09 23:49:36  Nightly catch-up: done (8 request(s) to Tally); the bridge is idle again (next: the nightly catch-up at 19:00, or Update now)
  bridge log: 2026-10-09 23:57:53  Light check of FinCom Spike Co: unchanged starting point ALTVCHID=6; now ALTVCHID=8, ALTMSTID=210
  bridge log: 2026-10-09 23:57:54  Bank dates: FinCom Spike Co: Tally's voucher counter moved with no add-on line for 2 entries (a bank date set in Bank Reconciliation, or another change Tally makes without a voucher form); each is read again from Tally
  bridge log: 2026-10-09 23:57:54  Nightly check of FinCom Spike Co: 2 listed, 0 missing, 0 fetched, 0 still missing
  bridge log: 2026-10-09 23:57:54  Recorder: entry fetch of FinCom Spike Co: answered in 5 ms
  bridge log: 2026-10-09 23:57:54  Recorder: Contra 1 of 02-Oct-2026 (MasterID 3, line be2a6823…): taken: Tally's GUID 8171f4f1-f4ed-4dc1-954e-e9a9ced49f46-00000003, AlterID 7
  bridge log: 2026-10-09 23:57:54  Recorder: entry fetch of FinCom Spike Co: answered in 4 ms
  bridge log: 2026-10-09 23:57:54  Recorder: Contra 2 of 02-Oct-2026 (MasterID 4, line 68275f6a…): taken: Tally's GUID 8171f4f1-f4ed-4dc1-954e-e9a9ced49f46-00000004, AlterID 8
######## PASS b1 bank dates set in Bank Reconciliation reach FinCom: Tally bank-dated 2 contra(s): mid 3 'bank probe C1' AlterID 7 bank date '20261002'; mid 4 'bank probe C2' AlterID 8 bank date '20261002'; FinCom's copy holds Tally's bank date and AlterID for every contra (4) after 520 s; 2 altered line(s) from the bridge (source bankdate): mid 3 x1, mid 4 x1; bridge log: FinCom Spike Co: following Tally's voucher counter from ALTVCHID=6 (a move the add-on's lines do not explain is a bank date set, or another change Tally makes without a voucher form) | FinCom Spike Co: Tally's voucher counter moved with no add-on line for 2 entries (a bank date set in Bank Reconciliation, or another change Tally makes without a voucher form); each is read again from Tally
