2026-10-07 09:07:29  FinCom Bridge 2.3.2: started just for runnervmfi6oq\runneradmin (no service); it keeps the bridge and its icon running
2026-10-07 09:07:29  FinCom Bridge 2.3.2 (Go) started on 127.0.0.1:9100: the only bridge on this computer; working for runnervmfi6oq\runneradmin, Windows session 2; runs just for this Windows user (starts at sign-in, no service)
2026-10-07 09:07:29  Tally is open on port 9000; the bridge reads it only after an event (a client opened in FinCom, Update now, a posting, the nightly catch-up at 02:00)
2026-10-07 09:07:29  Recorder: re-scan of the add-on's files for 2.3.2: 0 line(s) sent earlier without their entry found (a new entry's line with no MasterID, a GUID of another entry, or read while the body fetch was off)
2026-10-07 09:07:29  Check:  - 
2026-10-07 09:07:32  Tray icon: set to show next to the clock always (Windows 11)
2026-10-07 09:07:32  FinCom: this bridge is now the main bridge on this computer (set by the setup); it reads and posts
2026-10-07 09:07:32  Company FinCom Slow Co: its Tally GUID 68520dcf-c9a0-49ca-ba42-e98a13e77246 is held from now on
2026-10-07 09:07:33  Company FinCom Spike Co: its Tally GUID ec952e3e-dd19-4848-8168-4af9df5156d9 is held from now on
2026-10-07 09:07:33  Company FinCom Slow Co: its starting point is recorded: ALTVCHID=30000, ALTMSTID=6216 (reading is prospective only: the bridge follows what changes after this)
2026-10-07 09:07:33  Company FinCom Slow Co: change numbers read with form a: ALTVCHID=30000, ALTMSTID=6216
2026-10-07 09:07:33  Light check of FinCom Slow Co: starting point recorded (ALTVCHID=30000, ALTMSTID=6216)
2026-10-07 09:07:33  Company FinCom Spike Co: its starting point is recorded: ALTVCHID=2, ALTMSTID=644 (reading is prospective only: the bridge follows what changes after this)
2026-10-07 09:07:33  Company FinCom Spike Co: change numbers read with form a: ALTVCHID=2, ALTMSTID=644
2026-10-07 09:07:33  Light check of FinCom Spike Co: starting point recorded (ALTVCHID=2, ALTMSTID=644)
2026-10-07 09:07:35  Refused a request from a program of another Windows user (/tray/idle): not your FinCom Bridge
2026-10-07 09:07:35  Refused a request from a program of another Windows user (/tray/status): not your FinCom Bridge
2026-10-07 09:07:49  Refused a request from a program of another Windows user (/status): not your FinCom Bridge
2026-10-07 09:09:20  Recorder: Journal 3 of 01-Apr-2026 (MasterID 3, line 059354cb…): asking Tally by MasterID
2026-10-07 09:09:21  Recorder: entry fetch of FinCom Spike Co: answered in 44 ms
2026-10-07 09:09:21  Recorder: Journal 3 of 01-Apr-2026 (MasterID 3, line 059354cb…): asking Tally by type and number (Tally's voucher with MasterID 3 was not saved after this line (its AlterID is still the line's): no save of it happened )
2026-10-07 09:09:21  Tally 9000: FinComVoucherByNumber refused before sending: it carries a period and reading old entries is off (ReadDays)
2026-10-07 09:09:21  Recorder: Journal 3 of 01-Apr-2026 (MasterID 3, line 059354cb…): held: Tally's voucher with MasterID 3 was not saved after this line (its AlterID is still the line's): no save of it happened here; asked by its type and number: Reading entries from Tally is off on this computer (FinCom reads entries only as they change; history comes from the Day Book upload). (sent without its body and GUID; FinCom holds the line until it is resolved)
2026-10-07 09:09:32  Recorder: FinCom asks again for 1 held line(s) of this bridge: 0 new in the held list, 0 asked afresh (tries of an older version), 1 there already, 0 resolved already, 0 not this bridge's own Tally's (company not open here or another GUID)
2026-10-07 09:12:21  Recorder: Journal S232-BIG-1 of 01-Apr-2026 (MasterID 30001, line 993590c4…): asking Tally by MasterID
2026-10-07 09:12:23  Tally 9000: FinComVoucherByMaster 20260401 took 2.2s and failed: Tally took longer than the recorder's limit; the bridge stopped waiting (2 s)
2026-10-07 09:12:23  Tally 9000 did not answer in time at 09:12:23 (FinComVoucherByMaster, try 1); trying again by itself at 09:12:38
2026-10-07 09:12:23  Recorder: entry fetch of FinCom Slow Co: over 2 s (stopped)
2026-10-07 09:12:23  Recorder: Journal S232-BIG-1 of 01-Apr-2026 (MasterID 30001, line 993590c4…): not asked yet: Tally did not answer in time at 09:12; trying again by itself at 09:12 (nothing was sent); asked then
2026-10-07 09:12:40  Tally 9000: FinComVoucherByMaster 20260401 took 2.2s and failed: Tally took longer than the recorder's limit; the bridge stopped waiting (2 s)
2026-10-07 09:12:40  Tally 9000 did not answer in time at 09:12:40 (FinComVoucherByMaster, try 2); trying again by itself at 09:13:10
2026-10-07 09:12:40  Recorder: Journal S232-BIG-1 of 01-Apr-2026 (MasterID 30001, line 993590c4…): not asked yet: Tally did not answer in time at 09:12; trying again by itself at 09:13 (nothing was sent); asked then
2026-10-07 09:13:10  Tally 9000 answered in time again (TDSDeskCompanies): the background requests are back to normal
2026-10-07 09:13:12  Tally 9000: FinComVoucherByMaster 20260401 took 2.2s and failed: Tally took longer than the recorder's limit; the bridge stopped waiting (2 s)
2026-10-07 09:13:12  Tally 9000 did not answer in time at 09:13:12 (FinComVoucherByMaster, try 1); trying again by itself at 09:13:27
2026-10-07 09:13:12  Recorder: Journal S232-BIG-1 of 01-Apr-2026 (MasterID 30001, line 993590c4…): held: the entry was not read from Tally: Tally took longer than the recorder's limit; the bridge stopped waiting (2 s)
2026-10-07 09:13:12  Recorder: the body of 1 entry of FinCom Slow Co was not read from Tally (Tally took longer than the recorder's limit; the bridge stopped waiting (2 s)); sent without it (FinCom holds the line until a body comes)
2026-10-07 09:13:15  Recorder: Journal 4 of 01-Apr-2026 (MasterID 4, line 9875cb22…): asking Tally by MasterID
2026-10-07 09:13:15  Recorder: Journal 4 of 01-Apr-2026 (MasterID 4, line 9875cb22…): not asked yet: Tally did not answer in time at 09:13; trying again by itself at 09:13 (nothing was sent); asked then
2026-10-07 09:13:28  Tally 9000 answered in time again (FinComVoucherByMaster): the background requests are back to normal
2026-10-07 09:13:28  Recorder: entry fetch of FinCom Spike Co: answered in 46 ms
2026-10-07 09:13:28  Recorder: FinCom Slow Co: entry fetch stopped: over 2 s (stopped 3 times, never answered in time). No entry of it is asked of Tally any more; its lines go up held (upload that day's Day Book to settle them). This lifts when a newer FinCom Bridge is installed
2026-10-07 09:13:28  Recorder: Journal 4 of 01-Apr-2026 (MasterID 4, line 9875cb22…): asking Tally by type and number (Tally's voucher with MasterID 4 was not saved after this line (its AlterID is still the line's): no save of it happened )
2026-10-07 09:13:28  Tally 9000: FinComVoucherByNumber refused before sending: it carries a period and reading old entries is off (ReadDays)
2026-10-07 09:13:28  Recorder: Journal 4 of 01-Apr-2026 (MasterID 4, line 9875cb22…): held: Tally's voucher with MasterID 4 was not saved after this line (its AlterID is still the line's): no save of it happened here; asked by its type and number: Reading entries from Tally is off on this computer (FinCom reads entries only as they change; history comes from the Day Book upload). (sent without its body and GUID; FinCom holds the line until it is resolved)
2026-10-07 09:13:28  Recorder: Journal S232-BIG-1 of 01-Apr-2026 (MasterID 30001, line 993590c4…): held: FinCom does not ask Tally for this company's entries: finding one entry took Tally longer than 2 s. Upload that day's Day Book to settle it. (ended: not asked of Tally again)
2026-10-07 09:13:30  Recorder: Journal S232-AFTER-1 of 01-Apr-2026 (MasterID 30002, line 08a167fa…): held: FinCom does not ask Tally for this company's entries: finding one entry took Tally longer than 2 s. Upload that day's Day Book to settle it. (sent without its body and GUID; FinCom holds the line until it is resolved)
2026-10-07 09:13:30  Recorder: Journal S232-AFTER-2 of 01-Apr-2026 (MasterID 30003, line 869f2fd6…): held: FinCom does not ask Tally for this company's entries: finding one entry took Tally longer than 2 s. Upload that day's Day Book to settle it. (sent without its body and GUID; FinCom holds the line until it is resolved)
2026-10-07 09:13:30  Recorder: Journal 5 of 01-Apr-2026 (MasterID 5, line 651f9495…): asking Tally by MasterID
2026-10-07 09:13:31  Recorder: entry fetch of FinCom Spike Co: answered in 43 ms
2026-10-07 09:13:31  Recorder: Journal 5 of 01-Apr-2026 (MasterID 5, line 651f9495…): asking Tally by type and number (Tally's voucher with MasterID 5 was not saved after this line (its AlterID is still the line's): no save of it happened )
2026-10-07 09:13:31  Tally 9000: FinComVoucherByNumber refused before sending: it carries a period and reading old entries is off (ReadDays)
2026-10-07 09:13:31  Recorder: Journal 5 of 01-Apr-2026 (MasterID 5, line 651f9495…): held: Tally's voucher with MasterID 5 was not saved after this line (its AlterID is still the line's): no save of it happened here; asked by its type and number: Reading entries from Tally is off on this computer (FinCom reads entries only as they change; history comes from the Day Book upload). (sent without its body and GUID; FinCom holds the line until it is resolved)
2026-10-07 09:13:32  Recorder: FinCom asks again for 6 held line(s) of this bridge: 0 new in the held list, 0 asked afresh (tries of an older version), 3 there already, 3 resolved already, 0 not this bridge's own Tally's (company not open here or another GUID)
