[12:34:50] ---- c1 install and open the company (TallyPrime 3.0)
  INFO installed: C:\Program Files\TallyPrime\tally.exe; tally.exe 11457160 bytes, 2026-10-08, FileVersion 1.1.3.0, ProductVersion 1.1.3.0, ProductName TallyPrime
  INFO company folder made by flow.ps1: D:\a\_temp\TallyData\100000
[keys] 'a' -> Tally 'TallyPrime:9000'
[keys] 't' -> Tally 'TallyPrime:9000'
[shot] v-00-started (1024x768)
[companies] 7 ms: <ENVELOPE><HEADER><VERSION>1</VERSION><STATUS>1</STATUS></HEADER><BODY><DESC><CMPINFO><COMPANY>0</COMPANY><GROUP>0</GROUP><LEDGER>0</LEDGER><COSTCATEGORY>0</COSTCATEGORY><COSTCENTRE>0</COSTCENTRE><GODOWN>0</GODOWN><STOCKGROUP>0</STOCKGROUP><STOCKCATEGORY>0</STOCKCATEGORY><STOCKITEM>0</STOCKITEM><VOUCHERTYPE>0</VOUCHERTYPE><CURRENCY>0</CURRENCY><UNIT>0</UNIT><BUDGET>0</BUDGET><CLIENTRULE>0</CLIENTRULE><SERVERRULE>0</SERVERRULE><STATE>0</STATE><TDSRATE>0</TDSRATE><TAXCLASSIFICATION>0</TAXCLASSIFICATION><STCATEGORY>0</STCATEGORY><DEDUCTEETYPE>0</DEDUCTEETYPE><ATTENDANCETYPE>0</ATTENDANCETYPE><FBT...
[header] 7 ms: <ENVELOPE><HEADER><VERSION>1</VERSION><STATUS>1</STATUS><PRODMAJORVER>1</PRODMAJORVER><PRODMINORVER>1</PRODMINORVER><PRODMAJORREL>3</PRODMAJORREL><PRODMINORREL>0</PRODMINORREL><PRODTYPE>5</PRODTYPE></HEADER><BODY><DESC><CMPINFO><COMPANY>0</COMPANY><GROUP>0</GROUP><LEDGER>0</LEDGER><COSTCATEGORY>0</COSTCATEGORY><COSTCENTRE>0</COSTCENTRE><GODOWN>0</GODOWN><STOCKGROUP>0</STOCKGROUP><STOCKCATEGORY>0</STOCKCATEGORY><STOCKITEM>0</STOCKITEM><VOUCHERTYPE>0</VOUCHERTYPE><CURRENCY>0</CURRENCY><UNIT>0</UNIT><BUDGET>0</BUDGET><CLIENTRULE>0</CLIENTRULE><SERVERRULE>0</SERVERRULE><STATE>0</STATE><TDSRATE>0</...
  INFO Tally's own release in its answer header: PRODMAJORREL 3 PRODMINORREL 0 (PRODMAJORVER 1 PRODMINORVER 1 PRODTYPE 5)
######## PASS c1 install and open the company: installed tally.exe 11457160 bytes, 2026-10-08, FileVersion 1.1.3.0, ProductVersion 1.1.3.0, ProductName TallyPrime; company folder 100000 loaded at start: True; window 'TallyPrime:9000'
######## PASS c2 port and company list: port 9000 answered 10.1 s after start, GET 19 ms ('<RESPONSE>TallyPrime Server is Running</RESPONSE>'); company list 7 ms, 'FinCom Spike Co' in it: True
[12:35:23] ---- bank: does any event fire when a bank date is set (probe), and what it costs
[bank masters] 16 ms: <RESPONSE><CREATED>2</CREATED><ALTERED>0</ALTERED><DELETED>0</DELETED><LASTVCHID>0</LASTVCHID><LASTMID>0</LASTMID><COMBINED>0</COMBINED><IGNORED>0</IGNORED><ERRORS>0</ERRORS><CANCELLED>0</CANCELLED></RESPONSE>
  INFO bank masters: <CREATED>2</CREATED> <ALTERED>0</ALTERED> <DELETED>0</DELETED> <LASTVCHID>0</LASTVCHID> <LASTMID>0</LASTMID> <COMBINED>0</COMBINED> <IGNORED>0</IGNORED> <ERRORS>0</ERRORS>
[bank contras] 63 ms: <RESPONSE><CREATED>8</CREATED><ALTERED>0</ALTERED><DELETED>0</DELETED><LASTVCHID>9</LASTVCHID><LASTMID>0</LASTMID><COMBINED>0</COMBINED><IGNORED>0</IGNORED><ERRORS>0</ERRORS><CANCELLED>0</CANCELLED></RESPONSE>
  INFO bank contras with bank allocations (C1-C6 2-10-2026 Share Bank, A1-A2 1-10-2026 Zprobe Bank): created 8 of 8; <ERRORS>0</ERRORS> 
  INFO contra 'bank probe A1' mid 8 aid 8 no 7 bank date ''
  INFO contra 'bank probe A2' mid 9 aid 9 no 8 bank date ''
  INFO contra 'bank probe C1' mid 2 aid 2 no 1 bank date ''
  INFO contra 'bank probe C2' mid 3 aid 3 no 2 bank date ''
  INFO contra 'bank probe C3' mid 4 aid 4 no 3 bank date ''
  INFO contra 'bank probe C4' mid 5 aid 5 no 4 bank date ''
  INFO contra 'bank probe C5' mid 6 aid 6 no 5 bank date ''
  INFO contra 'bank probe C6' mid 7 aid 7 no 6 bank date ''
  INFO discovery yardstick (a report that is not there): <ENVELOPE> <HEADER> <VERSION>1</VERSION> <STATUS>0</STATUS> </HEADER> <BODY> <DATA> <LINEERROR>Could not find Report &apos;<N>&apos;!</LINEERROR> </DATA> </BODY> </ENVELOPE> 
  INFO discovery control 'Day Book': 39793 chars, known: True
  INFO discovery 'Bank Recon': known True (9 ms; <ENVELOPE></ENVELOPE> )
  INFO discovery 'Bank Reconciliation': known False (4 ms; <ENVELOPE> <HEADER> <VERSION>1</VERSION> <STATUS>0</STATUS> </HEADER> <BODY> <DATA> <LINEERROR>Could not find Report &apos;<N>&apos;!</LINEERROR> </DATA> </BODY)
  INFO discovery 'BankRecon': known True (6 ms; <ENVELOPE></ENVELOPE> )
  INFO discovery 'Bank Recon Summary': known False (3 ms; <ENVELOPE> <HEADER> <VERSION>1</VERSION> <STATUS>0</STATUS> </HEADER> <BODY> <DATA> <LINEERROR>Could not find Report &apos;<N>&apos;!</LINEERROR> </DATA> </BODY)
  INFO discovery 'Bank Reconciliation Summary': known False (7 ms; <ENVELOPE> <HEADER> <VERSION>1</VERSION> <STATUS>0</STATUS> </HEADER> <BODY> <DATA> <LINEERROR>Could not find Report &apos;<N>&apos;!</LINEERROR> </DATA> </BODY)
  INFO discovery 'Manual Bank Recon': known False (3 ms; <ENVELOPE> <HEADER> <VERSION>1</VERSION> <STATUS>0</STATUS> </HEADER> <BODY> <DATA> <LINEERROR>Could not find Report &apos;<N>&apos;!</LINEERROR> </DATA> </BODY)
  INFO discovery 'Bank Recon Manual': known False (3 ms; <ENVELOPE> <HEADER> <VERSION>1</VERSION> <STATUS>0</STATUS> </HEADER> <BODY> <DATA> <LINEERROR>Could not find Report &apos;<N>&apos;!</LINEERROR> </DATA> </BODY)
  INFO discovery 'BRS': known False (3 ms; <ENVELOPE> <HEADER> <VERSION>1</VERSION> <STATUS>0</STATUS> </HEADER> <BODY> <DATA> <LINEERROR>Could not find Report &apos;<N>&apos;!</LINEERROR> </DATA> </BODY)
  INFO discovery 'Bank Allocations': known False (3 ms; <ENVELOPE> <HEADER> <VERSION>1</VERSION> <STATUS>0</STATUS> </HEADER> <BODY> <DATA> <LINEERROR>Could not find Report &apos;<N>&apos;!</LINEERROR> </DATA> </BODY)
  INFO discovery 'VCH BankAllocations': known True (8 ms; <ENVELOPE></ENVELOPE> )
  INFO discovery 'Bank Allocation': known False (3 ms; <ENVELOPE> <HEADER> <VERSION>1</VERSION> <STATUS>0</STATUS> </HEADER> <BODY> <DATA> <LINEERROR>Could not find Report &apos;<N>&apos;!</LINEERROR> </DATA> </BODY)
  INFO discovery 'VCH Bank Allocations': known True (4 ms; <ENVELOPE></ENVELOPE> )
  INFO discovery 'BankAllocations': known False (3 ms; <ENVELOPE> <HEADER> <VERSION>1</VERSION> <STATUS>0</STATUS> </HEADER> <BODY> <DATA> <LINEERROR>Could not find Report &apos;<N>&apos;!</LINEERROR> </DATA> </BODY)
  INFO discovery 'VCH BankAllocation': known False (3 ms; <ENVELOPE> <HEADER> <VERSION>1</VERSION> <STATUS>0</STATUS> </HEADER> <BODY> <DATA> <LINEERROR>Could not find Report &apos;<N>&apos;!</LINEERROR> </DATA> </BODY)
  INFO discovery 'Voucher Bank Allocations': known False (3 ms; <ENVELOPE> <HEADER> <VERSION>1</VERSION> <STATUS>0</STATUS> </HEADER> <BODY> <DATA> <LINEERROR>Could not find Report &apos;<N>&apos;!</LINEERROR> </DATA> </BODY)
  INFO BRS form names probed: Bank Recon / BankRecon; Bank Allocations form names probed: VCH BankAllocations / VCH Bank Allocations
[12:35:24] ---- BK0 the add-on of the ref only
[shot] tds-001-gw0 (1024x768)
[12:35:31] [tds] screen tds-001-gw0 : co Unity TallyPrime MANAGE EDU K: Company Gatewa of Tall CURRENT PERIOD I-Apr-26 to 31-Mar-27 NAME OF COMPANY FinCom Spike Co Y: Data Z: Exchange CURRENT OATE Wednesday, I-Apr-2026 O: Import E: Export M: E-mail p: pnnt x Fl: Help Date Company Gateway of Tally MASTERS Create Alter CHart of Accounts TRANSACTIONS Vouchers Day 800K UTILITIES BaNking REPORTS Balance Sheet Profit & Loss A/c Stock Summary Ratio Analysis Display More Reports Quit o 19ac6 to ru 8433- c4e2— acep aUfe- c4e2— acep .337.0 ning d6884 ing j _id" : 5—011' Mode Q upr-26 Search Windows Server 2025 Datacenter Build 26100.ge_rele...
[keys] '%g' -> Tally 'TallyPrime:9000'
[shot] tds-002-BK0-alloc-goto (1024x768)
[12:35:34] [tds] screen tds-002-BK0-alloc-goto : x R coEDU TallyPrime MANAGE K: Company Y: Data List of Re Z: Exchange FinCom Spike Co O: Import E: Export M: E-mail p: pnnt Fl: Help x Its Create Voucher Create Master Alter Master Expand All Show More Saved Views Common Reports Balance Sheet Profit & Loss A/c Cash/Bank Book Day Book Ledger Vouchers Stock Summary Trial Balance Bills Receivable Bills Payable Master and Voucher Statistics Stock Query Chart of Accounts Final Accounts Reports Receivables & Payables Reports Banking Utilities Ledger Reports Group Reports Voucher Reports Registers Stock Item Reports Unity Quit o 19ac6 to ru 8433- c4e...
[keys] 'Day Book' -> Tally 'TallyPrime:9000'
[keys] '{ENTER}' -> Tally 'TallyPrime:9000'
[shot] tds-003-BK0-alloc-daybook (1024x768)
[12:35:42] [tds] screen tds-003-BK0-alloc-daybook : x co Unity TallyPrime MANAGE EDU K: Company Da Book Day Book Y: Data Space: Sekd Z: Exchange A Add Vch Q Search FinCom • ke Co Vch Type Journal O: Import Vch No. E: Export M: E-mail P: Print For upr-26 Fl: Help F2: Date o 19ac6 Company to ru Voucher Date _1-Apr-26 Quit Particulars Spike Party Debit Amount Credit Amount Inwards Qty_ Outwards Qt 100.00 Type F 7: Show profit F8: Columnar FIO Basis of B: Values Change ¯ View Exception J: Reports Save View L: Apply F: — Filter F: Filter ¯ Details 8433- c4e2— acep aUfe- c4e2— acep .337.0 ning d6884 ing j _id" : 5—011' Enter: Alter DuÅicate Vch I Ins...
[keys] '{F2}' -> Tally 'TallyPrime:9000'
[shot] tds-004-BK0-alloc-db-date (1024x768)
[12:35:45] [tds] screen tds-004-BK0-alloc-db-date : TallyPrime MANAGE EDU K: Company co Change Date Unity Quit Y: Data Z: Exchange A Accept Q Search O: Import E: Export M: E-mail p: pnnt x Fl: Help FinCom Spike Co Change Date 1-4-2026 o 19ac6 to ru 8433- c4e2— acep aUfe- c4e2— acep .337.0 ning d6884 ing j _id" : 5—011' Mode Windows Server 2025 Datacenter Build 26100.ge_release240331-1435 12:35 PM 10/8/2026
[keys] '1-10-2026{ENTER}' -> Tally 'TallyPrime:9000'
[shot] tds-005-BK0-alloc-db-dated (1024x768)
[12:35:50] [tds] screen tds-005-BK0-alloc-db-dated : x TallyPrime MANAGE EDU K: Company co Unity Y: Data Space: Sekd Z: Exchange A Add Vch Q Search FinCom • ke Co Vch Type Contra Contra O: Import Vch No. 7 8 E: Export M: E-mail P: Print For 10ct-26 Fl: Help F2: Date o 19ac6 Da Book Day Book Date Particulars Company to ru Voucher I-Oct-26 Zprobe Bank I-Oct-26 Zprobe Bank Debit Amount Credit Amount Inwards Qty_ Outwards Qt 201.00 202.00 Type F 7: Show profit F8: Columnar FIO Basis of B: Values Change ¯ View Exception J: Reports Save View L: Apply F: — Filter F: Filter ¯ Details 8433- c4e2— acep aUfe- c4e2— acep .337.0 ning d6884 ing j _id" : 5—011...
[keys] '{END}' -> Tally 'TallyPrime:9000'
[shot] tds-006-BK0-alloc-db-last (1024x768)
[12:35:53] [tds] screen tds-006-BK0-alloc-db-last : x TallyPrime MANAGE EDU K: Company co Unity Y: Data Space: Sekd Z: Exchange A Add Vch Q Search FinCom • ke Co Vch Type Contra Contra O: Import Vch No. 7 8 E: Export M: E-mail P: Print For 10ct-26 Fl: Help F2: Date o 19ac6 Da Book Day Book Date Particulars Company to ru Voucher I-Oct-26 Zprobe Bank I-Oct-26 Zprobe Bank Debit Amount Credit Amount Inwards Qty_ Outwards Qt 201.00 202.00 Type F 7: Show profit F8: Columnar FIO Basis of B: Values Change ¯ View Exception J: Reports Save View L: Apply F: — Filter F: Filter ¯ Details 8433- c4e2— acep aUfe- c4e2— acep .337.0 ning d6884 ing j _id" : 5—011...
[keys] '{ENTER}' -> Tally 'TallyPrime:9000'
[shot] tds-007-BK0-alloc-open (1024x768)
[12:36:08] [tds] screen tds-007-BK0-alloc-open : x co 24 TallyPrime MANAGE EDU K: Company Y: Data Accounting Voucher Alteration (Secondary Contra Z: Exchange A Accept Q Search O: Import E: Export M: E-mail FinCom • ke Co p: print x 1-Oct-26 Thursday Amount 202.00 202.00 Fl: Help Date o 19ac6 Company to ru • Account Zprobe Bank Current balance: 403.00 Dr Particulars Cash CurBal: 1,024.00 Cr Narration: • bank probe A2 Unity Quit F4: Contra F5: Payment Receipt Journal Sales 8433- c4e2— acep aUfe- c4e2— Purchase ( • acep Fl 0: 0åHVouctg•s F: Autofill Change Mode More Details O: Related Reports Optional post -Dated .337.0 ning d6884 ing j _id" : ...
[shot] tds-008-BK0-alloc-walk1 (1024x768)
[12:36:09] [tds] screen tds-008-BK0-alloc-walk1 : x co 24 TallyPrime MANAGE EDU K: Company Y: Data Accounting Voucher Alteration (Secondary Contra Z: Exchange A Accept Q Search O: Import E: Export M: E-mail FinCom • ke Co p: print x 1-Oct-26 Thursday Amount 202.00 202.00 Fl: Help Date o 19ac6 Company to ru • Account Zprobe Bank Current balance: 403.00 Dr Particulars Cash CurBal: 1,024.00 Cr Narration: • bank probe A2 Unity Quit F4: Contra F5: Payment Receipt Journal Sales 8433- c4e2— acep aUfe- c4e2— Purchase ( • acep Fl 0: 0åHVouctg•s F: Autofill Change Mode More Details O: Related Reports Optional post -Dated .337.0 ning d6884 ing j _id" : ...
[keys] '{ENTER}' -> Tally 'TallyPrime:9000'
[shot] tds-009-BK0-alloc-walk2 (1024x768)
[12:36:12] [tds] screen tds-009-BK0-alloc-walk2 : x co 24 TallyPrime MANAGE EDU K: Company Y: Data Accounting Voucher Alteration (Secondary Contra Z: Exchange A Accept Q Search O: Import E: Export M: E-mail FinCom • ke Co p: print x 1 Oct-26 Thursday Amount 202.00 202.00 Fl: Help Date o 19ac6 Company to ru • Account Z robe Bank Current balance: 403.00 Dr Particulars Cash CurBal: 1,024.00 Cr Narration: • bank probe A2 Unity Quit F4: Contra F5: Payment Receipt Journal Sales 8433- c4e2— acep aUfe- c4e2— Purchase ( • acep Fl 0: 0åHVouctg•s F: Autofill Change Mode More Details O: Related Reports Optional post -Dated .337.0 ning d6884 ing j _id" : ...
[keys] '{ENTER}' -> Tally 'TallyPrime:9000'
[shot] tds-010-BK0-alloc-walk3 (1024x768)
[12:36:15] [tds] screen tds-010-BK0-alloc-walk3 : x co 24 TallyPrime MANAGE EDU K: Company Y: Data Accounting Voucher Alteration (Secondary Contra Z: Exchange A Accept Q Search O: Import E: Export M: E-mail FinCom • ke Co p: print x 1 Oct-26 Thursday Amount 202.00 202.00 Fl: Help Date o 19ac6 Company to ru • Account Zprobe Bank Current balance: 403.00 Dr Particulars Cash CurBal: 1,024.00 Cr Narration: • bank probe A2 Unity Quit F4: Contra F5: Payment Receipt Journal Sales 8433- c4e2— acep aUfe- c4e2— Purchase ( • acep Fl 0: 0åHVouctg•s F: Autofill Change Mode More Details O: Related Reports Optional post -Dated .337.0 ning d6884 ing j _id" : ...
[keys] '{ENTER}' -> Tally 'TallyPrime:9000'
[shot] tds-011-BK0-alloc-walk4 (1024x768)
[12:36:18] [tds] screen tds-011-BK0-alloc-walk4 : x co 24 TallyPrime MANAGE EDU K: Company Y: Data Accounting Voucher Alteration (Secondary Contra Z: Exchange A Accept Q Search O: Import E: Export M: E-mail FinCom • ke Co p: print x 1 Oct-26 Thursday Amount 202.00 202.00 Fl: Help Date o 19ac6 Company to ru • Account Zprobe Bank Current balance: 403.00 Dr Particulars Cash CurBal: 1,024.00 Cr Narration: • bank probe A2 Unity Quit F4: Contra F5: Payment Receipt Journal Sales 8433- c4e2— acep aUfe- c4e2— Purchase ( • acep Fl 0: 0åHVouctg•s F: Autofill Change Mode More Details O: Related Reports Optional post -Dated .337.0 ning d6884 ing j _id" : ...
[keys] '{ENTER}' -> Tally 'TallyPrime:9000'
[shot] tds-012-BK0-alloc-walk5 (1024x768)
[12:36:21] [tds] screen tds-012-BK0-alloc-walk5 : co 24 TallyPrime MANAGE EDU K: Company Y: Data Accounting Voucher Alteration (Secondary Contra Z: Exchange A: Accept Q Search O: Import E: Export M: E-mail FinCom • Account Zprobe Bank Current balance: 403.00 Dr Particulars Cash CurBal: 1,024.00 Cr Narration: • bank probe A2 Unity Q: Quit p: print x 1 Oct-26 Thursday Amount 202.00 x Fl: Help F2: Date F3: Company F4: Contra F5: Payment F6: Receipt F7: Journal F8: Sales F9: Purchase • F: Autofill H: Change Mode l: More Details O: Related Reports k: Optional T: post -Dated Fl 2: Configure o 19ac6 to ru 8433- c4e2— acep aUfe- c4e2— acep .337.0 nin...
[keys] '{ENTER}' -> Tally 'TallyPrime:9000'
[shot] tds-013-BK0-alloc-walk6 (1024x768)
[12:36:24] [tds] screen tds-013-BK0-alloc-walk6 : x co 24 TallyPrime MANAGE EDU K: Company Y: Data Accounting Voucher Alteration (Secondary Contra Z: Exchange A Accept Q Search O: Import E: Export M: E-mail FinCom • ke Co p: print x 1 Oct-26 Thursday Amount 202.00 202.00 Fl: Help Date o 19ac6 Company to ru • Account Zprobe Bank Current balance: 403.00 Dr Particulars Cash CurBal: 1,024.00 Cr Narration: • bank probe A2 Unity Quit F4: Contra F5: Payment Receipt Journal Sales 8433- c4e2— acep aUfe- c4e2— Purchase ( • acep Fl 0: 0åHVouctg•s F: Autofill Change Mode More Details O: Related Reports Optional post -Dated .337.0 ning d6884 ing j _id" : ...
[keys] '{ENTER}' -> Tally 'TallyPrime:9000'
[shot] tds-014-BK0-alloc-walk7 (1024x768)
[12:36:27] [tds] screen tds-014-BK0-alloc-walk7 : x co 24 TallyPrime MANAGE EDU K: Company Y: Data Accounting Voucher Alteration (Secondary Contra Z: Exchange A Accept Q Search O: Import E: Export M: E-mail FinCom • ke Co p: print x 1 Oct-26 Thursday Amount 202.00 202.00 Fl: Help Date o 19ac6 Company to ru • Account Zprobe Bank Current balance: 403.00 Dr Particulars Cash CurBal: 1,024.00 Cr Narration: • bank probe A2 Unity Quit F4: Contra F5: Payment Receipt Journal Sales 8433- c4e2— acep aUfe- c4e2— Purchase ( • acep Fl 0: 0åHVouctg•s F: Autofill Change Mode More Details O: Related Reports Optional post -Dated .337.0 ning d6884 ing j _id" : ...
[keys] '{ENTER}' -> Tally 'TallyPrime:9000'
[shot] tds-015-BK0-alloc-walk8 (1024x768)
[12:36:30] [tds] screen tds-015-BK0-alloc-walk8 : x co Unity TallyPrime MANAGE EDU K: Company Bank Allocations Quit Y: Data Z: Exchange O: Import E: Export M: E-mail p: pnnt Fl: Help x FinCom Spike Co Bank Allocations for: Zprobe Bank For: 202.00 Inst Date Transacion Type Cash Inst No. Bank Name: Accept Amount 202.00 I-OctQ6 o 19ac6 to ru 8433- c4e2— acep aUfe- c4e2— acep .337.0 ning d6884 ing j _id" : 5—011' Q Search Configure Mode Windows Server 2025 Datacenter Build 26100.ge_release240331-1435 12:36 PM 10/8/2026
[keys] '^a' -> Tally 'TallyPrime:9000'
[shot] tds-016-BK0-alloc-alloc-accepted (1024x768)
[12:36:35] [tds] screen tds-016-BK0-alloc-alloc-accepted : x co 24 TallyPrime MANAGE EDU K: Company Y: Data Accounting Voucher Alteration (Secondary Contra Z: Exchange Accept Q Search O: Import E: Export M: E-mail FinCom • ke Co p: print x 1 Oct-26 Thursday Amount 202.00 202.00 Fl: Help Date o 19ac6 Company to ru • Account Zprobe Bank Current balance: 403.00 Dr Particulars Cash CurBal: 1,024.00 Cr Narration: 95 bank probe A2 Unity Quit F4: Contra F5: Payment Receipt Journal Sales 8433- c4e2— acep aUfe- c4e2— Purchase ( • acep Fl 0: 0åHVouctg•s F: Autofill Change Mode More Details O: Related Reports Optional post -Dated .337.0 ning d6884 ing j _id" : 5...
[shot] tds-017-BK0-alloc-after-alloc1 (1024x768)
[12:36:35] [tds] screen tds-017-BK0-alloc-after-alloc1 : x co 24 TallyPrime MANAGE EDU K: Company Y: Data Accounting Voucher Alteration (Secondary Contra Z: Exchange Accept Q Search O: Import E: Export M: E-mail FinCom • ke Co p: print x 1 Oct-26 Thursday Amount 202.00 202.00 Fl: Help Date o 19ac6 Company to ru • Account Zprobe Bank Current balance: 403.00 Dr Particulars Cash CurBal: 1,024.00 Cr Narration: 95 bank probe A2 Unity Quit F4: Contra F5: Payment Receipt Journal Sales 8433- c4e2— acep aUfe- c4e2— Purchase ( • acep Fl 0: 0åHVouctg•s F: Autofill Change Mode More Details O: Related Reports Optional post -Dated .337.0 ning d6884 ing j _id" : 5...
[keys] '' -> Tally 'TallyPrime:9000'
[shot] tds-018-BK0-alloc-saved (1024x768)
[12:36:38] [tds] screen tds-018-BK0-alloc-saved : x TallyPrime MANAGE EDU K: Company co Unity Y: Data Space: Sekd Z: Exchange A Add Vch Q Search FinCom • ke Co Vch Type Contra Contra O: Import Vch No. 7 8 E: Export M: E-mail P: Print For 10ct-26 Fl: Help F2: Date o 19ac6 Da Book Day Book Date Particulars Company to ru Voucher Debit Amount Credit Amount Inwards Qty_ Outwards Qt 201.00 I-Oct-26 Zprobe Bank I-Oct-26 Cash 202.00 U: Restore Line Type F 7: Show profit F8: Columnar FIO Basis of B: Values Change ¯ View Exception J: Reports Save View L: Apply F: — Filter F: Filter ¯ Details 8433- c4e2— acep aUfe- c4e2— acep .337.0 ning d6884 ing j _id...
[12:36:38] BK0-alloc save: 30.8;138.8
[shot] tds-019-BK0-alloc-after-save (1024x768)
[12:36:39] [tds] screen tds-019-BK0-alloc-after-save : x TallyPrime MANAGE EDU K: Company co Unity Y: Data Space: Sekd Z: Exchange A Add Vch Q Search FinCom • ke Co Vch Type Contra Contra O: Import Vch No. 7 8 E: Export M: E-mail P: Print For 10ct-26 Fl: Help F2: Date o 19ac6 Da Book Day Book Date Particulars Company to ru Voucher Debit Amount Credit Amount Inwards Qty_ Outwards Qt 201.00 I-Oct-26 Zprobe Bank I-Oct-26 Cash 202.00 U: Restore Line Type F 7: Show profit F8: Columnar FIO Basis of B: Values Change ¯ View Exception J: Reports Save View L: Apply F: — Filter F: Filter ¯ Details 8433- c4e2— acep aUfe- c4e2— acep .337.0 ning d6884 ing j _id...
[shot] tds-020-gw0 (1024x768)
[12:36:40] [tds] screen tds-020-gw0 : x TallyPrime MANAGE EDU K: Company co Unity Y: Data Space: Sekd Z: Exchange A Add Vch Q Search FinCom • ke Co Vch Type Contra Contra O: Import Vch No. 7 8 E: Export M: E-mail P: Print For 10ct-26 Fl: Help F2: Date o 19ac6 Da Book Day Book Date Particulars Company to ru Voucher Debit Amount Credit Amount Inwards Qty_ Outwards Qt 201.00 I-Oct-26 Zprobe Bank I-Oct-26 Cash 202.00 U: Restore Line Type F 7: Show profit F8: Columnar FIO Basis of B: Values Change ¯ View Exception J: Reports Save View L: Apply F: — Filter F: Filter ¯ Details 8433- c4e2— acep aUfe- c4e2— acep .337.0 ning d6884 ing j _id...
[keys] '{ESC}' -> Tally 'TallyPrime:9000'
[shot] tds-021-gw1 (1024x768)
[12:36:43] [tds] screen tds-021-gw1 : co Unity TallyPrime MANAGE EDU K: Company Gatewa of Tall CURRENT PERIOD I-Apr-26 to 31-Mar-27 NAME OF COMPANY FinCom Spike Co Y: Data Z: Exchange CURRENT OATE Thursday, I-Oct-2026 O: Import E: Export M: E-mail p: pnnt x Fl: Help Date Company Gateway of Tally MASTERS Create Alter CHart of Accounts TRANSACTIONS Vouchers Day 800K UTILITIES BaNking REPORTS Balance Sheet Profit & Loss A/c Stock Summary Ratio Analysis Display More Reports Quit o 19ac6 to ru 8433- c4e2— acep aUfe- c4e2— acep .337.0 ning d6884 ing j _id" : 5—011' Mode Q 2-Oct-26 Search Windows Server 2025 Datacenter Build 26100.ge_rel...
######## INFO BK0-alloc voucher altered through its Bank Allocations: Bank Allocations seen True, a Bank Date field on it False; saved 'bank probe A2' (mid 9, bank date now ''); AlterID 9 -> 10; company AltVchId 9 -> 10; Ctrl+A to a still screen 139 ms (30.8;138.8); add-on FCR1 lines: voucher_accept_pre x1, voucher_accept_post x1, voucher_full x1 (for its MasterID: 3); probe lines: none; the sub-screen read: x co Unity TallyPrime MANAGE EDU K: Company Bank Allocations Quit Y: Data Z: Exchange O: Import E: Export M: E-mail p: pnnt Fl: Help x FinCom Spike Co Bank Allocations for: Zprobe Bank For: 202.00 Inst Date Transacion Type Cash Inst No. Bank Name: Accept Amount 202.00 I-OctQ6 o 19ac6 to ru 8433- c4e
[shot] tds-022-gw0 (1024x768)
[12:36:46] [tds] screen tds-022-gw0 : co Unity TallyPrime MANAGE EDU K: Company Gatewa of Tall CURRENT PERIOD I-Apr-26 to 31-Mar-27 NAME OF COMPANY FinCom Spike Co Y: Data Z: Exchange CURRENT OATE Thursday, I-Oct-2026 O: Import E: Export M: E-mail p: pnnt x Fl: Help Date Company Gateway of Tally MASTERS Create Alter CHart of Accounts TRANSACTIONS Vouchers Day 800K UTILITIES BaNking REPORTS Balance Sheet Profit & Loss A/c Stock Summary Ratio Analysis Display More Reports Quit o 19ac6 to ru 8433- c4e2— acep aUfe- c4e2— acep .337.0 ning d6884 ing j _id" : 5—011' Mode Q 2-Oct-26 Search Windows Server 2025 Datacenter Build 26100.ge_rel...
[keys] '%g' -> Tally 'TallyPrime:9000'
[shot] tds-023-BK0-brs-goto (1024x768)
[12:36:50] [tds] screen tds-023-BK0-brs-goto : x R coEDU TallyPrime MANAGE K: Company Y: Data List of Re Z: Exchange FinCom Spike Co O: Import E: Export M: E-mail p: pnnt Fl: Help x Its Create Voucher Create Master Alter Master Expand All Show More Saved Views Common Reports Balance Sheet Profit & Loss A/c Cash/Bank Book Day Book Ledger Vouchers Stock Summary Trial Balance Bills Receivable Bills Payable Master and Voucher Statistics Stock Query Chart of Accounts Final Accounts Reports Receivables & Payables Reports Banking Utilities Ledger Reports Group Reports Voucher Reports Registers Stock Item Reports Unity Quit o 19ac6 to ru 8433- c4e...
[keys] 'Bank Reconciliation' -> Tally 'TallyPrime:9000'
[shot] tds-024-BK0-brs-typed (1024x768)
[12:36:53] [tds] screen tds-024-BK0-brs-typed : x R coEDU TallyPrime MANAGE K: Company Y: Data List of Re Z: Exchange FinCom Spike Co Bank Reconciliation O: Import E: Export M: E-mail p: pnnt Fl: Help x Its Create Voucher Create Master Alter Master Expand All Show More Unity Quit Banking Utilities Bank Reconciliation Q o 19ac6 to ru 8433- c4e2— acep aUfe- c4e2— acep .337.0 ning d6884 ing j _id" : 5—011' Mode Search Windows Server 2025 Datacenter Build 26100.ge_release240331-1435 12:36 PM 10/8/2026
[keys] '{ENTER}' -> Tally 'TallyPrime:9000'
[shot] tds-025-BK0-brs-select (1024x768)
[12:36:58] [tds] screen tds-025-BK0-brs-select : TallyPrime MANAGE EDU K: Company co Select Bank Unity Quit Y: Data Z: Exchange FinCom • ke Co Name of Bank Ledger O: Import Account No. Create E: Export M: E-mail p: pnnt x Fl: Help List of Bank Led ers Ledger Name Share Bank Zprobe Bank A Accept Q Search o 19ac6 to ru 8433- c4e2— acep aUfe- c4e2— acep .337.0 ning d6884 ing j _id" : 5—011' Mode Windows Server 2025 Datacenter Build 26100.ge_release240331-1435 12:36 PM 10/8/2026
[keys] 'Share Bank{ENTER}' -> Tally 'TallyPrime:9000'
[shot] tds-026-BK0-brs-bank (1024x768)
[12:37:08] [tds] screen tds-026-BK0-brs-bank : x TallyPrime MANAGE EDU K: Company co Bank Reconciliation Ledger: Share Bank Y: Data Vch Type Contra Contra Contra Contra Contra Contra Z: Exchange O: Import E: Export FinCom • ke Co (Reconciliation Transaction Type Instrument No. M: E-mail p: print As on . • 2-0ct-26 Date 2-Oct-26 2-Oct-26 2-Oct-26 2-Oct-26 2-Oct-26 2-Oct-26 Quit Particulars Cash Cash Cash Cash Cash Cash Enter: Alter Instrument Date 2-Oct-26 2-Oct-26 2-Oct-26 2-Oct-26 2-Oct-26 2-Oct-26 Bank Date Debit 101.00 102.00 103.00 104.00 105.00 106.00 621.00 621.00 Credit Cash Cash Cash Cash Cash Cash A Accept Q Search Fl: Help period...
[shot] tds-027-BK0-brs-screen (1024x768)
[12:37:09] [tds] screen tds-027-BK0-brs-screen : x TallyPrime MANAGE EDU K: Company co Bank Reconciliation Ledger: Share Bank Y: Data Vch Type Contra Contra Contra Contra Contra Contra Z: Exchange O: Import E: Export FinCom • ke Co (Reconciliation Transaction Type Instrument No. M: E-mail p: print As on . • 2-0ct-26 Date 2-Oct-26 2-Oct-26 2-Oct-26 2-Oct-26 2-Oct-26 2-Oct-26 Quit Particulars Cash Cash Cash Cash Cash Cash Enter: Alter Instrument Date 2-Oct-26 2-Oct-26 2-Oct-26 2-Oct-26 2-Oct-26 2-Oct-26 Bank Date Debit 101.00 102.00 103.00 104.00 105.00 106.00 621.00 621.00 Credit Cash Cash Cash Cash Cash Cash A Accept Q Search Fl: Help period...
[keys] '2-10-2026{ENTER}' -> Tally 'TallyPrime:9000'
[shot] tds-028-BK0-brs-date (1024x768)
[12:37:13] [tds] screen tds-028-BK0-brs-date : x TallyPrime MANAGE EDU K: Company co Bank Reconciliation Ledger: Share Bank Y: Data Vch Type Contra Contra Contra Contra Contra Contra Z: Exchange O: Import E: Export FinCom • ke Co (Reconciliation Transaction Type Instrument No. Cash Cash Cash Cash Cash Cash M: E-mail p: print As on . • 2-0ct-26 Date 2-Oct-26 2-Oct-26 2-Oct-26 2-Oct-26 2-Oct-26 2-Oct-26 Particulars Cash Cash Cash Cash Cash Cash Instrument Date 2-Oct-26 2-Oct-26 2-Oct-26 2-Oct-26 2-Oct-26 2-Oct-26 Bank Date 2-Oct-26 Debit 101.00 102.00 103.00 104.00 105.00 106.00 621.00 520.00 101.00 Credit Fl: Help period Corn pan y V4: Bank...
[keys] '' -> Tally 'TallyPrime:9000'
[shot] tds-029-BK0-brs-saved (1024x768)
[12:37:17] [tds] screen tds-029-BK0-brs-saved : x co Unity TallyPrime MANAGE EDU K: Company Select Bank Quit Y: Data Z: Exchange FinCom • ke Co Name of Bank Ledger Share Bank O: Import Account No. Create E: Export M: E-mail p: pnnt Fl: Help x List of Bank Led Ledger Name Share Bank Zprobe Bank Accept Q Search o 19ac6 to ru 8433- c4e2— acep aUfe- c4e2— acep .337.0 ning d6884 ing j _id" : 5—011' Mode Windows Server 2025 Datacenter Build 26100.ge_release240331-1435 12:37 PM 10/8/2026
[12:37:17] BK0-brs save: 48.3;2766.0
[shot] tds-030-gw0 (1024x768)
[12:37:18] [tds] screen tds-030-gw0 : x co Unity TallyPrime MANAGE EDU K: Company Select Bank Quit Y: Data Z: Exchange FinCom • ke Co Name of Bank Ledger Share Bank O: Import Account No. Create E: Export M: E-mail p: pnnt Fl: Help x List of Bank Led Ledger Name Share Bank Zprobe Bank Accept Q Search o 19ac6 to ru 8433- c4e2— acep aUfe- c4e2— acep .337.0 ning d6884 ing j _id" : 5—011' Mode Windows Server 2025 Datacenter Build 26100.ge_release240331-1435 12:37 PM 10/8/2026
[keys] '{ESC}' -> Tally 'TallyPrime:9000'
[shot] tds-031-gw1 (1024x768)
[12:37:22] [tds] screen tds-031-gw1 : TallyPrime MANAGE EDU K: Company co Select Bank Unity Quit Y: Data Z: Exchange FinCom • ke Co Name of Bank Ledger O: Import Account No. Create E: Export M: E-mail p: pnnt x Fl: Help List of Bank Led ers Ledger Name Share Bank Zprobe Bank A Accept Q Search o 19ac6 to ru 8433- c4e2— acep aUfe- c4e2— acep .337.0 ning d6884 ing j _id" : 5—011' Mode Windows Server 2025 Datacenter Build 26100.ge_release240331-1435 12:37 PM 10/8/2026
[keys] '{ESC}' -> Tally 'TallyPrime:9000'
[shot] tds-032-gw2 (1024x768)
[12:37:25] [tds] screen tds-032-gw2 : co Unity TallyPrime MANAGE EDU K: Company Gatewa of Tall CURRENT PERIOD I-Apr-26 to 31-Mar-27 NAME OF COMPANY FinCom Spike Co Y: Data Z: Exchange CURRENT OATE Thursday, I-Oct-2026 O: Import E: Export M: E-mail p: pnnt x Fl: Help Date Company Gateway of Tally MASTERS Create Alter CHart of Accounts TRANSACTIONS Vouchers Day 800K UTILITIES BaNking REPORTS Balance Sheet Profit & Loss A/c Stock Summary Ratio Analysis Display More Reports Quit o 19ac6 to ru 8433- c4e2— acep aUfe- c4e2— acep .337.0 ning d6884 ing j _id" : 5—011' Mode Q 2-Oct-26 Search Windows Server 2025 Datacenter Build 26100.ge_rel...
  INFO BK0-brs the dated contra stored whole: every date field: DATE=20261002, VCHSTATUSDATE=20261002, EFFECTIVEDATE=20261002, INSTRUMENTDATE=20261002, BANKERSDATE=20261002
######## INFO BK0-brs bank date in Bank Reconciliation: direct: Tally bank-dated 'bank probe C1' (mid 2, bank date '20261002'); AlterID 2 -> 11; company AltVchId 10 -> 11, AltMstId 210 -> 210; Ctrl+A to a still screen 2766 ms (48.3;2766.0); add-on FCR1 lines: none (for its MasterID: 0); probe lines: none
[12:37:28] ---- BK1 the probe variant
  INFO probe brs1 = [#Form: Bank Recon] (its button 'Zebra Mark' on the screen = attached)
  INFO probe brs2 = [#Form: BankRecon] (its button 'Lotus Mark' on the screen = attached)
  INFO probe rep1 = [#Report: Bank Recon] (its title 'Tiger Mark' on the screen = this report)
  INFO probe rep2 = [#Report: BankRecon] (its title 'Maple Mark' on the screen = this report)
  INFO probe alloc1 = [#Form: VCH BankAllocations]
  INFO probe alloc2 = [#Form: VCH Bank Allocations]
  INFO tally.ini TDL lines: FinComRecorder.tdl, probe-common.tdl, probe-sys-afteralter.tdl, probe-sys-beforealter.tdl, probe-sys-onalter.tdl, probe-sys-beforesave.tdl, probe-sys-aftersave.tdl, probe-control-voucher.tdl, probe-brs1.tdl, probe-brs2.tdl, probe-rep1.tdl, probe-rep2.tdl, probe-alloc1.tdl, probe-alloc2.tdl
  INFO Tally started afresh (BK1: the probe variant loaded)
[shot] tds-033-bk-start-1 (1024x768)
[12:37:47] [tds] screen tds-033-bk-start-1 : TallyPrime MANAGE EDU K: Company Startup Report Y: Data Z: Exchange O: Import E: Export M: E-mail Application Startup TallyPrime will start with the following settings. Click Configure to change these settings Country Accounting terminology Company Data path C. Configure A Accept Q Search India Others A. Accept p: print Fl: Help x 12:37 PM 10/8/2026
[keys] 'a' -> Tally 'TallyPrime:9000'
[keys] 't' -> Tally 'TallyPrime:9000'
[shot] tds-034-bk-start-2 (1024x768)
[12:38:03] [tds] screen tds-034-bk-start-2 : co Unity TallyPrime MANAGE EDU K: Company Gatewa of Tall CURRENT PERIOD I-Apr-26 to 31-Mar-27 NAME OF COMPANY FinCom Spike Co Y: Data Z: Exchange O: Import E: Export M: E-mail p: pnnt x Fl: Help Date Company o 19ac6 to ru 8433- c4e2— acep aUfe- c4e2— acep .337.0 ning d6884 ing j _id" : 5—011' Mode Q CURRENT OATE Friday, 2-Oct-2026 2-Oct-26 Search Gateway of Tally MASTERS Create Alter CHart of Accounts TRANSACTIONS Vouchers Day 800K UTILITIES BaNking REPORTS Balance Sheet Profit & Loss A/c Stock Summary Ratio Analysis Display More Reports Quit Windows Server 2025 Datacenter Build 26100.ge_relea...
[shot] tds-035-gw0 (1024x768)
[12:38:04] [tds] screen tds-035-gw0 : co Unity TallyPrime MANAGE EDU K: Company Gatewa of Tall CURRENT PERIOD I-Apr-26 to 31-Mar-27 NAME OF COMPANY FinCom Spike Co Y: Data Z: Exchange O: Import E: Export M: E-mail p: pnnt x Fl: Help Date Company o 19ac6 to ru 8433- c4e2— acep aUfe- c4e2— acep .337.0 ning d6884 ing j _id" : 5—011' Mode Q CURRENT OATE Friday, 2-Oct-2026 2-Oct-26 Search Gateway of Tally MASTERS Create Alter CHart of Accounts TRANSACTIONS Vouchers Day 800K UTILITIES BaNking REPORTS Balance Sheet Profit & Loss A/c Stock Summary Ratio Analysis Display More Reports Quit Windows Server 2025 Datacenter Build 26100.ge_relea...
[shot] tds-036-gw0 (1024x768)
[12:38:05] [tds] screen tds-036-gw0 : co Unity TallyPrime MANAGE EDU K: Company Gatewa of Tall CURRENT PERIOD I-Apr-26 to 31-Mar-27 NAME OF COMPANY FinCom Spike Co Y: Data Z: Exchange O: Import E: Export M: E-mail p: pnnt x Fl: Help Date Company o 19ac6 to ru 8433- c4e2— acep aUfe- c4e2— acep .337.0 ning d6884 ing j _id" : 5—011' Mode Q CURRENT OATE Friday, 2-Oct-2026 2-Oct-26 Search Gateway of Tally MASTERS Create Alter CHart of Accounts TRANSACTIONS Vouchers Day 800K UTILITIES BaNking REPORTS Balance Sheet Profit & Loss A/c Stock Summary Ratio Analysis Display More Reports Quit Windows Server 2025 Datacenter Build 26100.ge_relea...
[keys] '%g' -> Tally 'TallyPrime:9000'
[shot] tds-037-BK1-alloc-goto (1024x768)
[12:38:09] [tds] screen tds-037-BK1-alloc-goto : x R coEDU TallyPrime MANAGE K: Company Y: Data List of Re Z: Exchange FinCom Spike Co O: Import E: Export M: E-mail p: pnnt Fl: Help x Its Create Voucher Create Master Alter Master Expand All Show More Saved Views Common Reports Balance Sheet Profit & Loss A/c Cash/Bank Book Day Book Ledger Vouchers Stock Summary Trial Balance Bills Receivable Bills Payable Master and Voucher Statistics Stock Query Chart of Accounts Final Accounts Reports Receivables & Payables Reports Banking Utilities Ledger Reports Group Reports Voucher Reports Registers Stock Item Reports Unity Quit o 19ac6 to ru 8433- c4e...
[keys] 'Day Book' -> Tally 'TallyPrime:9000'
[keys] '{ENTER}' -> Tally 'TallyPrime:9000'
[shot] tds-038-BK1-alloc-daybook (1024x768)
[12:38:16] [tds] screen tds-038-BK1-alloc-daybook : x co Unity TallyPrime MANAGE EDU K: Company Da Book Day Book Y: Data Space: Sekd Z: Exchange A Add Vch Q Search FinCom • ke Co Vch Type Contra Contra Contra Contra Contra Contra O: Import Vch No. 1 2 3 4 5 6 E: Export M: E-mail P: Print For 2-Oct-26 Fl: Help F2: Date o 19ac6 Company to ru Voucher Date 2-Oct-26 2-Oct-26 2-Oct-26 2-Oct-26 2-Oct-26 2-Oct-26 Quit Particulars Share Bank Share Bank Share Bank Share Bank Share Bank Share Bank Debit Amount Credit Amount Inwards Qty_ Outwards Qt 101.00 102.00 103.00 104.00 105.00 106.00 Type F 7: Show profit F8: Columnar FIO Basis of B: Values Change ¯...
[keys] '{F2}' -> Tally 'TallyPrime:9000'
[shot] tds-039-BK1-alloc-db-date (1024x768)
[12:38:19] [tds] screen tds-039-BK1-alloc-db-date : TallyPrime MANAGE EDU K: Company co Change Date Unity Quit Y: Data Z: Exchange A Accept Q Search O: Import E: Export M: E-mail p: pnnt x Fl: Help FinCom Spike Co Change Date 2-10-2026 o 19ac6 to ru 8433- c4e2— acep aUfe- c4e2— acep .337.0 ning d6884 ing j _id" : 5—011' Mode Windows Server 2025 Datacenter Build 26100.ge_release240331-1435 12:38 PM 10/8/2026
[keys] '1-10-2026{ENTER}' -> Tally 'TallyPrime:9000'
[shot] tds-040-BK1-alloc-db-dated (1024x768)
[12:38:23] [tds] screen tds-040-BK1-alloc-db-dated : x TallyPrime MANAGE EDU K: Company co Unity Y: Data Space: Sekd Z: Exchange A Add Vch Q Search FinCom • ke Co Vch Type Contra Contra O: Import Vch No. 7 8 E: Export M: E-mail P: Print For 10ct-26 Fl: Help F2: Date o 19ac6 Da Book Day Book Date Particulars Company to ru Voucher I-Oct-26 Zprobe Bank I-Oct-26 Cash Debit Amount Credit Amount Inwards Qty_ Outwards Qt 201.00 202.00 U: Restore Line Type F 7: Show profit F8: Columnar FIO Basis of B: Values Change ¯ View Exception J: Reports Save View L: Apply F: — Filter F: Filter ¯ Details 8433- c4e2— acep aUfe- c4e2— acep .337.0 ning d6884 ing j _id...
[keys] '{END}' -> Tally 'TallyPrime:9000'
[shot] tds-041-BK1-alloc-db-last (1024x768)
[12:38:27] [tds] screen tds-041-BK1-alloc-db-last : x TallyPrime MANAGE EDU K: Company co Unity Y: Data Space: Sekd Z: Exchange A Add Vch Q Search FinCom • ke Co Vch Type Contra Contra O: Import Vch No. 7 8 E: Export M: E-mail P: Print For 10ct-26 Fl: Help F2: Date o 19ac6 Da Book Day Book Date Particulars Company to ru Voucher Debit Amount Credit Amount Inwards Qty_ Outwards Qt 201.00 I-Oct-26 Zprobe Bank I-Oct-26 Cash 202.00 U: Restore Line Type F 7: Show profit F8: Columnar FIO Basis of B: Values Change ¯ View Exception J: Reports Save View L: Apply F: — Filter F: Filter ¯ Details 8433- c4e2— acep aUfe- c4e2— acep .337.0 ning d6884 ing j _id...
[keys] '{UP}' -> Tally 'TallyPrime:9000'
[keys] '{ENTER}' -> Tally 'TallyPrime:9000'
[shot] tds-042-BK1-alloc-open (1024x768)
[12:38:33] [tds] screen tds-042-BK1-alloc-open : x TallyPrime MANAGE EDU K: Company co Unity Y: Data Space: Sekd Z: Exchange A Add Vch Q Search FinCom • ke Co Vch Type Contra Contra Error Error in TOL. 'Key:FCRPBV• Improper use as a O: Import Vch No. E: Export M: E-mail P: Print For 10ct-26 Fl: Help F2: Date o 19ac6 Da Book Day Book Date Particulars Company to ru Voucher I-Oct-26 Zprobe Bank I-Oct-26 Cash Debit Amount Credit Amount Inwards Qty_ Outwards Qt 201.00 x 'BUTTON! ök Delete 7 8 x: 202.00 U: Restore Line Type F 7: Show profit F8: Columnar FIO Basis of B: Values Change ¯ View Exception J: Reports Save View L: Apply F: — Filter F: Fil...
[shot] tds-043-BK1-alloc-walk1 (1024x768)
[12:38:34] [tds] screen tds-043-BK1-alloc-walk1 : x TallyPrime MANAGE EDU K: Company co Unity Y: Data Space: Sekd Z: Exchange A Add Vch Q Search FinCom • ke Co Vch Type Contra Contra Error Error in TOL. 'Key:FCRPBV• Improper use as a O: Import Vch No. E: Export M: E-mail P: Print For 10ct-26 Fl: Help F2: Date o 19ac6 Da Book Day Book Date Particulars Company to ru Voucher I-Oct-26 Zprobe Bank I-Oct-26 Cash Debit Amount Credit Amount Inwards Qty_ Outwards Qt 201.00 x 'BUTTON! ök Delete 7 8 x: 202.00 U: Restore Line Type F 7: Show profit F8: Columnar FIO Basis of B: Values Change ¯ View Exception J: Reports Save View L: Apply F: — Filter F: Fil...
[keys] '{ENTER}' -> Tally ''
[shot] tds-044-BK1-alloc-walk2 (1024x768)
[12:38:37] [tds] screen tds-044-BK1-alloc-walk2 : completion or finish request message... I' , "orchestration_id" : , "source_correlation_id" : , "traceparent" : "00—3a787ccae12b06c271667e2a19ac6 243-03754937503cUd95-011'} {"level" : "INFO" , "ts" :1791462572.4970448, "logger" : "hosted—compute—agent" , "msg" : "Waiting for actions agent to ru n job" , "orchestration_id" : tally. _3_01' , "source_correlation_id" : I'dd688LB3— 95UU-aUfe-959e-a2c68U0175abl' , "traceparentl' : "OO-3a787ccae12b06c271667e2a19ac62U3-0375U937503cUd95-01"} {"level" : "INFO" , "ts" : 1791462572.9310818 , "logger" : "hosted—compute—agent" , "msg" : , "orchestration_id"...
[keys] Tally (pid 7776) has no window
[shot] tds-045-BK1-alloc-walk3 (1024x768)
[12:38:38] [tds] screen tds-045-BK1-alloc-walk3 : completion or finish request message... I' , "orchestration_id" : , "source_correlation_id" : , "traceparent" : "00—3a787ccae12b06c271667e2a19ac6 243-03754937503cUd95-011'} {"level" : "INFO" , "ts" :1791462572.4970448, "logger" : "hosted—compute—agent" , "msg" : "Waiting for actions agent to ru n job" , "orchestration_id" : tally. _3_01' , "source_correlation_id" : I'dd688LB3— 95UU-aUfe-959e-a2c68U0175abl' , "traceparentl' : "OO-3a787ccae12b06c271667e2a19ac62U3-0375U937503cUd95-01"} {"level" : "INFO" , "ts" : 1791462572.9310818 , "logger" : "hosted—compute—agent" , "msg" : , "orchestration_id"...
[keys] Tally (pid 7776) has no window
[shot] tds-046-BK1-alloc-walk4 (1024x768)
[12:38:40] [tds] screen tds-046-BK1-alloc-walk4 : completion or finish request message... I' , "orchestration_id" : , "source_correlation_id" : , "traceparent" : "00—3a787ccae12b06c271667e2a19ac6 243-03754937503cUd95-011'} {"level" : "INFO" , "ts" :1791462572.4970448, "logger" : "hosted—compute—agent" , "msg" : "Waiting for actions agent to ru n job" , "orchestration_id" : tally. _3_01' , "source_correlation_id" : I'dd688LB3— 95UU-aUfe-959e-a2c68U0175abl' , "traceparentl' : "OO-3a787ccae12b06c271667e2a19ac62U3-0375U937503cUd95-01"} {"level" : "INFO" , "ts" : 1791462572.9310818 , "logger" : "hosted—compute—agent" , "msg" : , "orchestration_id"...
[keys] Tally (pid 7776) has no window
[shot] tds-047-BK1-alloc-walk5 (1024x768)
[12:38:41] [tds] screen tds-047-BK1-alloc-walk5 : completion or finish request message... I' , "orchestration_id" : , "source_correlation_id" : , "traceparent" : "00—3a787ccae12b06c271667e2a19ac6 243-03754937503cUd95-011'} {"level" : "INFO" , "ts" :1791462572.4970448, "logger" : "hosted—compute—agent" , "msg" : "Waiting for actions agent to ru n job" , "orchestration_id" : tally. _3_01' , "source_correlation_id" : I'dd688LB3— 95UU-aUfe-959e-a2c68U0175abl' , "traceparentl' : "OO-3a787ccae12b06c271667e2a19ac62U3-0375U937503cUd95-01"} {"level" : "INFO" , "ts" : 1791462572.9310818 , "logger" : "hosted—compute—agent" , "msg" : , "orchestration_id"...
[keys] Tally (pid 7776) has no window
[shot] tds-048-BK1-alloc-walk6 (1024x768)
[12:38:42] [tds] screen tds-048-BK1-alloc-walk6 : completion or finish request message... I' , "orchestration_id" : , "source_correlation_id" : , "traceparent" : "00—3a787ccae12b06c271667e2a19ac6 243-03754937503cUd95-011'} {"level" : "INFO" , "ts" :1791462572.4970448, "logger" : "hosted—compute—agent" , "msg" : "Waiting for actions agent to ru n job" , "orchestration_id" : tally. _3_01' , "source_correlation_id" : I'dd688LB3— 95UU-aUfe-959e-a2c68U0175abl' , "traceparentl' : "OO-3a787ccae12b06c271667e2a19ac62U3-0375U937503cUd95-01"} {"level" : "INFO" , "ts" : 1791462572.9310818 , "logger" : "hosted—compute—agent" , "msg" : , "orchestration_id"...
[keys] Tally (pid 7776) has no window
[shot] tds-049-BK1-alloc-walk7 (1024x768)
[12:38:43] [tds] screen tds-049-BK1-alloc-walk7 : completion or finish request message... I' , "orchestration_id" : , "source_correlation_id" : , "traceparent" : "00—3a787ccae12b06c271667e2a19ac6 243-03754937503cUd95-011'} {"level" : "INFO" , "ts" :1791462572.4970448, "logger" : "hosted—compute—agent" , "msg" : "Waiting for actions agent to ru n job" , "orchestration_id" : tally. _3_01' , "source_correlation_id" : I'dd688LB3— 95UU-aUfe-959e-a2c68U0175abl' , "traceparentl' : "OO-3a787ccae12b06c271667e2a19ac62U3-0375U937503cUd95-01"} {"level" : "INFO" , "ts" : 1791462572.9310818 , "logger" : "hosted—compute—agent" , "msg" : , "orchestration_id"...
[keys] Tally (pid 7776) has no window
[shot] tds-050-BK1-alloc-walk8 (1024x768)
[12:38:44] [tds] screen tds-050-BK1-alloc-walk8 : completion or finish request message... I' , "orchestration_id" : , "source_correlation_id" : , "traceparent" : "00—3a787ccae12b06c271667e2a19ac6 243-03754937503cUd95-011'} {"level" : "INFO" , "ts" :1791462572.4970448, "logger" : "hosted—compute—agent" , "msg" : "Waiting for actions agent to ru n job" , "orchestration_id" : tally. _3_01' , "source_correlation_id" : I'dd688LB3— 95UU-aUfe-959e-a2c68U0175abl' , "traceparentl' : "OO-3a787ccae12b06c271667e2a19ac62U3-0375U937503cUd95-01"} {"level" : "INFO" , "ts" : 1791462572.9310818 , "logger" : "hosted—compute—agent" , "msg" : , "orchestration_id"...
[keys] Tally (pid 7776) has no window
[shot] tds-051-BK1-alloc-walk9 (1024x768)
[12:38:45] [tds] screen tds-051-BK1-alloc-walk9 : completion or finish request message... I' , "orchestration_id" : , "source_correlation_id" : , "traceparent" : "00—3a787ccae12b06c271667e2a19ac6 243-03754937503cUd95-011'} {"level" : "INFO" , "ts" :1791462572.4970448, "logger" : "hosted—compute—agent" , "msg" : "Waiting for actions agent to ru n job" , "orchestration_id" : tally. _3_01' , "source_correlation_id" : I'dd688LB3— 95UU-aUfe-959e-a2c68U0175abl' , "traceparentl' : "OO-3a787ccae12b06c271667e2a19ac62U3-0375U937503cUd95-01"} {"level" : "INFO" , "ts" : 1791462572.9310818 , "logger" : "hosted—compute—agent" , "msg" : , "orchestration_id"...
[keys] Tally (pid 7776) has no window
[shot] tds-052-BK1-alloc-walk10 (1024x768)
[12:38:46] [tds] screen tds-052-BK1-alloc-walk10 : completion or finish request message... I' , "orchestration_id" : , "source_correlation_id" : , "traceparent" : "00—3a787ccae12b06c271667e2a19ac6 243-03754937503cUd95-011'} {"level" : "INFO" , "ts" :1791462572.4970448, "logger" : "hosted—compute—agent" , "msg" : "Waiting for actions agent to ru n job" , "orchestration_id" : tally. _3_01' , "source_correlation_id" : I'dd688LB3— 95UU-aUfe-959e-a2c68U0175abl' , "traceparentl' : "OO-3a787ccae12b06c271667e2a19ac62U3-0375U937503cUd95-01"} {"level" : "INFO" , "ts" : 1791462572.9310818 , "logger" : "hosted—compute—agent" , "msg" : , "orchestration_id"...
[keys] Tally (pid 7776) has no window
[shot] tds-053-gw0 (1024x768)
[12:38:48] [tds] screen tds-053-gw0 : completion or finish request message... I' , "orchestration_id" : , "source_correlation_id" : , "traceparent" : "00—3a787ccae12b06c271667e2a19ac6 243-03754937503cUd95-011'} {"level" : "INFO" , "ts" :1791462572.4970448, "logger" : "hosted—compute—agent" , "msg" : "Waiting for actions agent to ru n job" , "orchestration_id" : tally. _3_01' , "source_correlation_id" : I'dd688LB3— 95UU-aUfe-959e-a2c68U0175abl' , "traceparentl' : "OO-3a787ccae12b06c271667e2a19ac62U3-0375U937503cUd95-01"} {"level" : "INFO" , "ts" : 1791462572.9310818 , "logger" : "hosted—compute—agent" , "msg" : , "orchestration_id"...
[keys] Tally (pid 7776) has no window
[shot] tds-054-gw1 (1024x768)
[12:38:51] [tds] screen tds-054-gw1 : completion or finish request message... I' , "orchestration_id" : , "source_correlation_id" : , "traceparent" : "00—3a787ccae12b06c271667e2a19ac6 243-03754937503cUd95-011'} {"level" : "INFO" , "ts" :1791462572.4970448, "logger" : "hosted—compute—agent" , "msg" : "Waiting for actions agent to ru n job" , "orchestration_id" : tally. _3_01' , "source_correlation_id" : I'dd688LB3— 95UU-aUfe-959e-a2c68U0175abl' , "traceparentl' : "OO-3a787ccae12b06c271667e2a19ac62U3-0375U937503cUd95-01"} {"level" : "INFO" , "ts" : 1791462572.9310818 , "logger" : "hosted—compute—agent" , "msg" : , "orchestration_id"...
[keys] Tally (pid 7776) has no window
[shot] tds-055-gw2 (1024x768)
[12:38:54] [tds] screen tds-055-gw2 : completion or finish request message... I' , "orchestration_id" : , "source_correlation_id" : , "traceparent" : "00—3a787ccae12b06c271667e2a19ac6 243-03754937503cUd95-011'} {"level" : "INFO" , "ts" :1791462572.4970448, "logger" : "hosted—compute—agent" , "msg" : "Waiting for actions agent to ru n job" , "orchestration_id" : tally. _3_01' , "source_correlation_id" : I'dd688LB3— 95UU-aUfe-959e-a2c68U0175abl' , "traceparentl' : "OO-3a787ccae12b06c271667e2a19ac62U3-0375U937503cUd95-01"} {"level" : "INFO" , "ts" : 1791462572.9310818 , "logger" : "hosted—compute—agent" , "msg" : , "orchestration_id"...
[keys] Tally (pid 7776) has no window
[shot] tds-056-gw3 (1024x768)
[12:38:57] [tds] screen tds-056-gw3 : completion or finish request message... I' , "orchestration_id" : , "source_correlation_id" : , "traceparent" : "00—3a787ccae12b06c271667e2a19ac6 243-03754937503cUd95-011'} {"level" : "INFO" , "ts" :1791462572.4970448, "logger" : "hosted—compute—agent" , "msg" : "Waiting for actions agent to ru n job" , "orchestration_id" : tally. _3_01' , "source_correlation_id" : I'dd688LB3— 95UU-aUfe-959e-a2c68U0175abl' , "traceparentl' : "OO-3a787ccae12b06c271667e2a19ac62U3-0375U937503cUd95-01"} {"level" : "INFO" , "ts" : 1791462572.9310818 , "logger" : "hosted—compute—agent" , "msg" : , "orchestration_id"...
[keys] Tally (pid 7776) has no window
[shot] tds-057-gw4 (1024x768)
[12:39:00] [tds] screen tds-057-gw4 : completion or finish request message... I' , "orchestration_id" : , "source_correlation_id" : , "traceparent" : "00—3a787ccae12b06c271667e2a19ac6 243-03754937503cUd95-011'} {"level" : "INFO" , "ts" :1791462572.4970448, "logger" : "hosted—compute—agent" , "msg" : "Waiting for actions agent to ru n job" , "orchestration_id" : tally. _3_01' , "source_correlation_id" : I'dd688LB3— 95UU-aUfe-959e-a2c68U0175abl' , "traceparentl' : "OO-3a787ccae12b06c271667e2a19ac62U3-0375U937503cUd95-01"} {"level" : "INFO" , "ts" : 1791462572.9310818 , "logger" : "hosted—compute—agent" , "msg" : , "orchestration_id"...
[keys] Tally (pid 7776) has no window
[shot] tds-058-gw5 (1024x768)
[12:39:04] [tds] screen tds-058-gw5 : completion or finish request message... I' , "orchestration_id" : , "source_correlation_id" : , "traceparent" : "00—3a787ccae12b06c271667e2a19ac6 243-03754937503cUd95-011'} {"level" : "INFO" , "ts" :1791462572.4970448, "logger" : "hosted—compute—agent" , "msg" : "Waiting for actions agent to ru n job" , "orchestration_id" : tally. _3_01' , "source_correlation_id" : I'dd688LB3— 95UU-aUfe-959e-a2c68U0175abl' , "traceparentl' : "OO-3a787ccae12b06c271667e2a19ac62U3-0375U937503cUd95-01"} {"level" : "INFO" , "ts" : 1791462572.9310818 , "logger" : "hosted—compute—agent" , "msg" : , "orchestration_id"...
[keys] Tally (pid 7776) has no window
[shot] tds-059-gw6 (1024x768)
[12:39:07] [tds] screen tds-059-gw6 : completion or finish request message... I' , "orchestration_id" : , "source_correlation_id" : , "traceparent" : "00—3a787ccae12b06c271667e2a19ac6 243-03754937503cUd95-011'} {"level" : "INFO" , "ts" :1791462572.4970448, "logger" : "hosted—compute—agent" , "msg" : "Waiting for actions agent to ru n job" , "orchestration_id" : tally. _3_01' , "source_correlation_id" : I'dd688LB3— 95UU-aUfe-959e-a2c68U0175abl' , "traceparentl' : "OO-3a787ccae12b06c271667e2a19ac62U3-0375U937503cUd95-01"} {"level" : "INFO" , "ts" : 1791462572.9310818 , "logger" : "hosted—compute—agent" , "msg" : , "orchestration_id"...
[keys] Tally (pid 7776) has no window
[12:39:09] [tds] the Gateway not reached (after BK1-alloc): Tally started again
[shot] tds-060-bk-start-1 (1024x768)
[12:39:28] [tds] screen tds-060-bk-start-1 : TallyPrime MANAGE EDU K: Company Startup Report Y: Data Z: Exchange O: Import E: Export M: E-mail Application Startup TallyPrime will start with the following settings. Click Configure to change these settings Country Accounting terminology Company Data path C. Configure A Accept Q Search India Others A. Accept p: print Fl: Help x 12:39 PM 10/8/2026
[keys] 'a' -> Tally 'TallyPrime:9000'
[keys] 't' -> Tally 'TallyPrime:9000'
[shot] tds-061-bk-start-2 (1024x768)
[12:39:44] [tds] screen tds-061-bk-start-2 : co Unity TallyPrime MANAGE EDU K: Company Gatewa of Tall CURRENT PERIOD I-Apr-26 to 31-Mar-27 NAME OF COMPANY FinCom Spike Co Y: Data Z: Exchange O: Import E: Export M: E-mail p: pnnt x Fl: Help Date Company o 19ac6 to ru 8433- c4e2— acep aUfe- c4e2— acep .337.0 ning d6884 ing j _id" : 5—011' Mode Q CURRENT OATE Friday, 2-Oct-2026 2-Oct-26 Search Gateway of Tally MASTERS Create Alter CHart of Accounts TRANSACTIONS Vouchers Day 800K UTILITIES BaNking REPORTS Balance Sheet Profit & Loss A/c Stock Summary Ratio Analysis Display More Reports Quit Windows Server 2025 Datacenter Build 26100.ge_relea...
######## HARNESS BK1-alloc voucher altered through its Bank Allocations: Bank Allocations seen False, a Bank Date field on it False; the control button (Kiwi Mark) on the voucher screen: False; no contra saved (see tds-*-BK1-alloc-* screenshots); AlterID  -> ; company AltVchId 11 -> 11; Ctrl+A to a still screen -1 ms (); add-on FCR1 lines: none (for its MasterID: 0); probe lines: none; the sub-screen read: 
[shot] tds-062-gw0 (1024x768)
[12:39:47] [tds] screen tds-062-gw0 : co Unity TallyPrime MANAGE EDU K: Company Gatewa of Tall CURRENT PERIOD I-Apr-26 to 31-Mar-27 NAME OF COMPANY FinCom Spike Co Y: Data Z: Exchange O: Import E: Export M: E-mail p: pnnt x Fl: Help Date Company o 19ac6 to ru 8433- c4e2— acep aUfe- c4e2— acep .337.0 ning d6884 ing j _id" : 5—011' Mode Q CURRENT OATE Friday, 2-Oct-2026 2-Oct-26 Search Gateway of Tally MASTERS Create Alter CHart of Accounts TRANSACTIONS Vouchers Day 800K UTILITIES BaNking REPORTS Balance Sheet Profit & Loss A/c Stock Summary Ratio Analysis Display More Reports Quit Windows Server 2025 Datacenter Build 26100.ge_relea...
[keys] '%g' -> Tally 'TallyPrime:9000'
[shot] tds-063-BK1-brs-goto (1024x768)
[12:39:51] [tds] screen tds-063-BK1-brs-goto : x R coEDU TallyPrime MANAGE K: Company Y: Data List of Re Z: Exchange FinCom Spike Co O: Import E: Export M: E-mail p: pnnt Fl: Help x Its Create Voucher Create Master Alter Master Expand All Show More Saved Views Common Reports Balance Sheet Profit & Loss A/c Cash/Bank Book Day Book Ledger Vouchers Stock Summary Trial Balance Bills Receivable Bills Payable Master and Voucher Statistics Stock Query Chart of Accounts Final Accounts Reports Receivables & Payables Reports Banking Utilities Ledger Reports Group Reports Voucher Reports Registers Stock Item Reports Unity Quit o 19ac6 to ru 8433- c4e...
[keys] 'Bank Reconciliation' -> Tally 'TallyPrime:9000'
[shot] tds-064-BK1-brs-typed (1024x768)
[12:39:54] [tds] screen tds-064-BK1-brs-typed : x R coEDU TallyPrime MANAGE K: Company Y: Data List of Re Z: Exchange FinCom Spike Co Bank Reconciliation O: Import E: Export M: E-mail p: pnnt Fl: Help x Its Create Voucher Create Master Alter Master Expand All Show More Unity Quit Banking Utilities Bank Reconciliation Q o 19ac6 to ru 8433- c4e2— acep aUfe- c4e2— acep .337.0 ning d6884 ing j _id" : 5—011' Mode Search Windows Server 2025 Datacenter Build 26100.ge_release240331-1435 12:39 PM 10/8/2026
[keys] '{ENTER}' -> Tally 'TallyPrime:9000'
[shot] tds-065-BK1-brs-select (1024x768)
[12:39:59] [tds] screen tds-065-BK1-brs-select : TallyPrime MANAGE EDU K: Company co Select Bank Unity Quit Y: Data Z: Exchange FinCom • ke Co Name of Bank Ledger O: Import Account No. Create E: Export M: E-mail p: pnnt x Fl: Help List of Bank Led ers Ledger Name Share Bank Zprobe Bank A Accept Q Search o 19ac6 to ru 8433- c4e2— acep aUfe- c4e2— acep .337.0 ning d6884 ing j _id" : 5—011' Mode Windows Server 2025 Datacenter Build 26100.ge_release240331-1435 12:39 PM 10/8/2026
[keys] 'Share Bank{ENTER}' -> Tally 'TallyPrime:9000'
[shot] tds-066-BK1-brs-bank (1024x768)
[12:40:04] [tds] screen tds-066-BK1-brs-bank : x TallyPrime MANAGE EDU K: Company co Bank Reconciliation Ledger: Share Bank Y: Data Vch Type Contra Contra Contra Contra Contra Z: Exchange O: Import E: Export FinCom • ke Co (Reconciliation Transaction Type Instrument No. M: E-mail p: print As on . • 2-0ct-26 Date 2-Oct-26 2-Oct-26 2-Oct-26 2-Oct-26 2-Oct-26 Quit Particulars Cash Cash Cash Cash Cash Enter: Alter Instrument Date 2-Oct-26 2-Oct-26 2-Oct-26 2-Oct-26 2-Oct-26 Bank Date Debit 102.00 103.00 104.00 105.00 106.00 621.00 520.00 101.00 Credit Cash Cash Cash Cash Cash A Accept Q Search Fl: Help period Corn pan y V4: Bank FIO Basis of B...
[shot] tds-067-BK1-brs-screen (1024x768)
[12:40:05] [tds] screen tds-067-BK1-brs-screen : x TallyPrime MANAGE EDU K: Company co Bank Reconciliation Ledger: Share Bank Y: Data Vch Type Contra Contra Contra Contra Contra Z: Exchange O: Import E: Export FinCom • ke Co (Reconciliation Transaction Type Instrument No. M: E-mail p: print As on . • 2-0ct-26 Date 2-Oct-26 2-Oct-26 2-Oct-26 2-Oct-26 2-Oct-26 Quit Particulars Cash Cash Cash Cash Cash Enter: Alter Instrument Date 2-Oct-26 2-Oct-26 2-Oct-26 2-Oct-26 2-Oct-26 Bank Date Debit 102.00 103.00 104.00 105.00 106.00 621.00 520.00 101.00 Credit Cash Cash Cash Cash Cash A Accept Q Search Fl: Help period Corn pan y V4: Bank FIO Basis of B...
[keys] '2-10-2026{ENTER}' -> Tally 'TallyPrime:9000'
[shot] tds-068-BK1-brs-date (1024x768)
[12:40:09] [tds] screen tds-068-BK1-brs-date : x TallyPrime MANAGE EDU K: Company co Bank Reconciliation Ledger: Share Bank Y: Data Vch Type Contra Contra Contra Contra Contra Z: Exchange O: Import E: Export FinCom • ke Co (Reconciliation Transaction Type Instrument No. M: E-mail p: print As on . • 2-0ct-26 Date 2-Oct-26 2-Oct-26 2-Oct-26 2-Oct-26 2-Oct-26 Quit Particulars Cash Cash Cash Cash Cash Enter: Alter Instrument Date 2-Oct-26 2-Oct-26 2-Oct-26 2-Oct-26 2-Oct-26 Bank Date 2-Oct-26 Debit 102.00 103.00 104.00 105.00 106.00 621.00 418.00 203.00 Credit Cash Cash Cash Cash Cash A Accept Q Search Fl: Help period Corn pan y V4: Bank FIO B...
[keys] '' -> Tally 'TallyPrime:9000'
[shot] tds-069-BK1-brs-saved (1024x768)
[12:40:13] [tds] screen tds-069-BK1-brs-saved : x co Unity TallyPrime MANAGE EDU K: Company Select Bank Quit Y: Data Z: Exchange FinCom • ke Co Name of Bank Ledger Share Bank O: Import Account No. Create E: Export M: E-mail p: pnnt Fl: Help x List of Bank Led Ledger Name Share Bank Zprobe Bank Accept Q Search o 19ac6 to ru 8433- c4e2— acep aUfe- c4e2— acep .337.0 ning d6884 ing j _id" : 5—011' Mode Windows Server 2025 Datacenter Build 26100.ge_release240331-1435 12:40 PM 10/8/2026
[12:40:13] BK1-brs save: 60.2;2202.1
[shot] tds-070-gw0 (1024x768)
[12:40:14] [tds] screen tds-070-gw0 : x co Unity TallyPrime MANAGE EDU K: Company Select Bank Quit Y: Data Z: Exchange FinCom • ke Co Name of Bank Ledger Share Bank O: Import Account No. Create E: Export M: E-mail p: pnnt Fl: Help x List of Bank Led Ledger Name Share Bank Zprobe Bank Accept Q Search o 19ac6 to ru 8433- c4e2— acep aUfe- c4e2— acep .337.0 ning d6884 ing j _id" : 5—011' Mode Windows Server 2025 Datacenter Build 26100.ge_release240331-1435 12:40 PM 10/8/2026
[keys] '{ESC}' -> Tally 'TallyPrime:9000'
[shot] tds-071-gw1 (1024x768)
[12:40:17] [tds] screen tds-071-gw1 : TallyPrime MANAGE EDU K: Company co Select Bank Unity Quit Y: Data Z: Exchange FinCom • ke Co Name of Bank Ledger O: Import Account No. Create E: Export M: E-mail p: pnnt x Fl: Help List of Bank Led ers Ledger Name Share Bank Zprobe Bank A Accept Q Search o 19ac6 to ru 8433- c4e2— acep aUfe- c4e2— acep .337.0 ning d6884 ing j _id" : 5—011' Mode Windows Server 2025 Datacenter Build 26100.ge_release240331-1435 12:40 PM 10/8/2026
[keys] '{ESC}' -> Tally 'TallyPrime:9000'
[shot] tds-072-gw2 (1024x768)
[12:40:21] [tds] screen tds-072-gw2 : co Unity TallyPrime MANAGE EDU K: Company Gatewa of Tall CURRENT PERIOD I-Apr-26 to 31-Mar-27 NAME OF COMPANY FinCom Spike Co Y: Data Z: Exchange O: Import E: Export M: E-mail p: pnnt x Fl: Help Date Company o 19ac6 to ru 8433- c4e2— acep aUfe- c4e2— acep .337.0 ning d6884 ing j _id" : 5—011' Mode Q CURRENT OATE Friday, 2-Oct-2026 2-Oct-26 Search Gateway of Tally MASTERS Create Alter CHart of Accounts TRANSACTIONS Vouchers Day 800K UTILITIES BaNking REPORTS Balance Sheet Profit & Loss A/c Stock Summary Ratio Analysis Display More Reports Quit Windows Server 2025 Datacenter Build 26100.ge_relea...
  INFO BK1-brs the dated contra stored whole: every date field: DATE=20261002, VCHSTATUSDATE=20261002, EFFECTIVEDATE=20261002, INSTRUMENTDATE=20261002, BANKERSDATE=20261002
######## INFO BK1-brs bank date in Bank Reconciliation: direct; probe markers on the screen: none: Tally bank-dated 'bank probe C2' (mid 3, bank date '20261002'); AlterID 3 -> 12; company AltVchId 11 -> 12, AltMstId 210 -> 210; Ctrl+A to a still screen 2202 ms (60.2;2202.1); add-on FCR1 lines: none (for its MasterID: 0); probe lines: none
[shot] tds-073-gw0 (1024x768)
[12:40:24] [tds] screen tds-073-gw0 : co Unity TallyPrime MANAGE EDU K: Company Gatewa of Tall CURRENT PERIOD I-Apr-26 to 31-Mar-27 NAME OF COMPANY FinCom Spike Co Y: Data Z: Exchange O: Import E: Export M: E-mail p: pnnt x Fl: Help Date Company o 19ac6 to ru 8433- c4e2— acep aUfe- c4e2— acep .337.0 ning d6884 ing j _id" : 5—011' Mode Q CURRENT OATE Friday, 2-Oct-2026 2-Oct-26 Search Gateway of Tally MASTERS Create Alter CHart of Accounts TRANSACTIONS Vouchers Day 800K UTILITIES BaNking REPORTS Balance Sheet Profit & Loss A/c Stock Summary Ratio Analysis Display More Reports Quit Windows Server 2025 Datacenter Build 26100.ge_relea...
[keys] '%g' -> Tally 'TallyPrime:9000'
[shot] tds-074-BK1-brs2-goto (1024x768)
[12:40:28] [tds] screen tds-074-BK1-brs2-goto : x R coEDU TallyPrime MANAGE K: Company Y: Data List of Re Z: Exchange FinCom Spike Co O: Import E: Export M: E-mail p: pnnt Fl: Help x Its Create Voucher Create Master Alter Master Expand All Show More Saved Views Common Reports Balance Sheet Profit & Loss A/c Cash/Bank Book Day Book Ledger Vouchers Stock Summary Trial Balance Bills Receivable Bills Payable Master and Voucher Statistics Stock Query Chart of Accounts Final Accounts Reports Receivables & Payables Reports Banking Utilities Ledger Reports Group Reports Voucher Reports Registers Stock Item Reports Unity Quit o 19ac6 to ru 8433- c4e...
[keys] 'Bank Reconciliation' -> Tally 'TallyPrime:9000'
[shot] tds-075-BK1-brs2-typed (1024x768)
[12:40:31] [tds] screen tds-075-BK1-brs2-typed : x R coEDU TallyPrime MANAGE K: Company Y: Data List of Re Z: Exchange FinCom Spike Co Bank Reconciliation O: Import E: Export M: E-mail p: pnnt Fl: Help x Its Create Voucher Create Master Alter Master Expand All Show More Unity Quit Banking Utilities Bank Reconciliation Q o 19ac6 to ru 8433- c4e2— acep aUfe- c4e2— acep .337.0 ning d6884 ing j _id" : 5—011' Mode Search Windows Server 2025 Datacenter Build 26100.ge_release240331-1435 12:40 PM 10/8/2026
[keys] '{ENTER}' -> Tally 'TallyPrime:9000'
[shot] tds-076-BK1-brs2-select (1024x768)
[12:40:36] [tds] screen tds-076-BK1-brs2-select : TallyPrime MANAGE EDU K: Company co Select Bank Unity Quit Y: Data Z: Exchange FinCom • ke Co Name of Bank Ledger O: Import Account No. Create E: Export M: E-mail p: pnnt x Fl: Help List of Bank Led ers Ledger Name Share Bank Zprobe Bank A Accept Q Search o 19ac6 to ru 8433- c4e2— acep aUfe- c4e2— acep .337.0 ning d6884 ing j _id" : 5—011' Mode Windows Server 2025 Datacenter Build 26100.ge_release240331-1435 12:40 PM 10/8/2026
[keys] 'Share Bank{ENTER}' -> Tally 'TallyPrime:9000'
[shot] tds-077-BK1-brs2-bank (1024x768)
[12:40:40] [tds] screen tds-077-BK1-brs2-bank : x TallyPrime MANAGE EDU K: Company co Bank Reconciliation Ledger: Share Bank Y: Data Vch Type Contra Contra Contra Contra Z: Exchange O: Import E: Export FinCom • ke Co (Reconciliation Transaction Type Instrument No. M: E-mail p: print As on . • 2-0ct-26 Date 2-Oct-26 2-Oct-26 2-Oct-26 2-Oct-26 Quit Particulars Cash Cash Cash Cash Enter: Alter Instrument Date 2-Oct-26 2-Oct-26 2-Oct-26 2-Oct-26 Bank Date Debit 103.00 104.00 105.00 106.00 621.00 418.00 203.00 Credit Cash Cash Cash Cash A Accept Q Search Fl: Help period Corn pan y V4: Bank FIO Basis of B: — Values Change Vie w J: Reports H: Open...
[shot] tds-078-BK1-brs2-screen (1024x768)
[12:40:41] [tds] screen tds-078-BK1-brs2-screen : x TallyPrime MANAGE EDU K: Company co Bank Reconciliation Ledger: Share Bank Y: Data Vch Type Contra Contra Contra Contra Z: Exchange O: Import E: Export FinCom • ke Co (Reconciliation Transaction Type Instrument No. M: E-mail p: print As on . • 2-0ct-26 Date 2-Oct-26 2-Oct-26 2-Oct-26 2-Oct-26 Quit Particulars Cash Cash Cash Cash Enter: Alter Instrument Date 2-Oct-26 2-Oct-26 2-Oct-26 2-Oct-26 Bank Date Debit 103.00 104.00 105.00 106.00 621.00 418.00 203.00 Credit Cash Cash Cash Cash A Accept Q Search Fl: Help period Corn pan y V4: Bank FIO Basis of B: — Values Change Vie w J: Reports H: Open...
[keys] '2-10-2026{ENTER}' -> Tally 'TallyPrime:9000'
[shot] tds-079-BK1-brs2-date (1024x768)
[12:40:45] [tds] screen tds-079-BK1-brs2-date : x TallyPrime MANAGE EDU K: Company co Bank Reconciliation Ledger: Share Bank Y: Data Vch Type Contra Contra Contra Contra Z: Exchange O: Import E: Export FinCom • ke Co (Reconciliation Transaction Type Instrument No. M: E-mail p: print As on . • 2-0ct-26 Date 2-Oct-26 2-Oct-26 2-Oct-26 2-Oct-26 Quit Particulars Cash Cash Cash Cash Enter: Alter Instrument Date 2-Oct-26 2-Oct-26 2-Oct-26 2-Oct-26 Bank Date 2-Oct-26 Debit 103.00 104.00 105.00 106.00 621.00 315.00 306.00 Credit Cash Cash Cash Cash A Accept Q Search Fl: Help period Corn pan y V4: Bank FIO Basis of B: — Values Change Vie w J: Report...
[keys] '' -> Tally 'TallyPrime:9000'
[shot] tds-080-BK1-brs2-saved (1024x768)
[12:40:48] [tds] screen tds-080-BK1-brs2-saved : x co Unity TallyPrime MANAGE EDU K: Company Select Bank Quit Y: Data Z: Exchange FinCom • ke Co Name of Bank Ledger Share Bank O: Import Account No. Create E: Export M: E-mail p: pnnt Fl: Help x List of Bank Led Ledger Name Share Bank Zprobe Bank Accept Q Search o 19ac6 to ru 8433- c4e2— acep aUfe- c4e2— acep .337.0 ning d6884 ing j _id" : 5—011' Mode Windows Server 2025 Datacenter Build 26100.ge_release240331-1435 12:40 PM 10/8/2026
[12:40:48] BK1-brs2 save: 54.5;623.4
[shot] tds-081-gw0 (1024x768)
[12:40:49] [tds] screen tds-081-gw0 : x co Unity TallyPrime MANAGE EDU K: Company Select Bank Quit Y: Data Z: Exchange FinCom • ke Co Name of Bank Ledger Share Bank O: Import Account No. Create E: Export M: E-mail p: pnnt Fl: Help x List of Bank Led Ledger Name Share Bank Zprobe Bank Accept Q Search o 19ac6 to ru 8433- c4e2— acep aUfe- c4e2— acep .337.0 ning d6884 ing j _id" : 5—011' Mode Windows Server 2025 Datacenter Build 26100.ge_release240331-1435 12:40 PM 10/8/2026
[keys] '{ESC}' -> Tally 'TallyPrime:9000'
[shot] tds-082-gw1 (1024x768)
[12:40:52] [tds] screen tds-082-gw1 : TallyPrime MANAGE EDU K: Company co Select Bank Unity Quit Y: Data Z: Exchange FinCom • ke Co Name of Bank Ledger O: Import Account No. Create E: Export M: E-mail p: pnnt x Fl: Help List of Bank Led ers Ledger Name Share Bank Zprobe Bank A Accept Q Search o 19ac6 to ru 8433- c4e2— acep aUfe- c4e2— acep .337.0 ning d6884 ing j _id" : 5—011' Mode Windows Server 2025 Datacenter Build 26100.ge_release240331-1435 12:40 PM 10/8/2026
[keys] '{ESC}' -> Tally 'TallyPrime:9000'
[shot] tds-083-gw2 (1024x768)
[12:40:56] [tds] screen tds-083-gw2 : co Unity TallyPrime MANAGE EDU K: Company Gatewa of Tall CURRENT PERIOD I-Apr-26 to 31-Mar-27 NAME OF COMPANY FinCom Spike Co Y: Data Z: Exchange O: Import E: Export M: E-mail p: pnnt x Fl: Help Date Company o 19ac6 to ru 8433- c4e2— acep aUfe- c4e2— acep .337.0 ning d6884 ing j _id" : 5—011' Mode Q CURRENT OATE Friday, 2-Oct-2026 2-Oct-26 Search Gateway of Tally MASTERS Create Alter CHart of Accounts TRANSACTIONS Vouchers Day 800K UTILITIES BaNking REPORTS Balance Sheet Profit & Loss A/c Stock Summary Ratio Analysis Display More Reports Quit Windows Server 2025 Datacenter Build 26100.ge_relea...
  INFO BK1-brs2 the dated contra stored whole: every date field: DATE=20261002, VCHSTATUSDATE=20261002, EFFECTIVEDATE=20261002, INSTRUMENTDATE=20261002, BANKERSDATE=20261002
######## INFO BK1-brs2 bank date in Bank Reconciliation: direct; probe markers on the screen: none: Tally bank-dated 'bank probe C3' (mid 4, bank date '20261002'); AlterID 4 -> 13; company AltVchId 12 -> 13, AltMstId 210 -> 210; Ctrl+A to a still screen 623 ms (54.5;623.4); add-on FCR1 lines: none (for its MasterID: 0); probe lines: none
[12:40:58] ---- BK3 the add-on of the ref only, again
  INFO tally.ini TDL lines: FinComRecorder.tdl
  INFO Tally started afresh (BK3: the add-on of the ref only)
[shot] tds-084-bk-start-1 (1024x768)
[12:41:17] [tds] screen tds-084-bk-start-1 : TallyPrime MANAGE EDU K: Company Startup Report Y: Data Z: Exchange O: Import E: Export M: E-mail Application Startup TallyPrime will start with the following settings. Click Configure to change these settings Country Accounting terminology Company Data path C. Configure A Accept Q Search India Others A. Accept p: print Fl: Help x 12:41 PM 10/8/2026
[keys] 'a' -> Tally 'TallyPrime:9000'
[keys] 't' -> Tally 'TallyPrime:9000'
[shot] tds-085-bk-start-2 (1024x768)
[12:41:34] [tds] screen tds-085-bk-start-2 : co Unity TallyPrime MANAGE EDU K: Company Gatewa of Tall CURRENT PERIOD I-Apr-26 to 31-Mar-27 NAME OF COMPANY FinCom Spike Co Y: Data Z: Exchange O: Import E: Export M: E-mail p: pnnt x Fl: Help Date Company o 19ac6 to ru 8433- c4e2— acep aUfe- c4e2— acep .337.0 ning d6884 ing j _id" : 5—011' Mode Q CURRENT OATE Friday, 2-Oct-2026 2-Oct-26 Search Gateway of Tally MASTERS Create Alter CHart of Accounts TRANSACTIONS Vouchers Day 800K UTILITIES BaNking REPORTS Balance Sheet Profit & Loss A/c Stock Summary Ratio Analysis Display More Reports Quit Windows Server 2025 Datacenter Build 26100.ge_relea...
[shot] tds-086-gw0 (1024x768)
[12:41:35] [tds] screen tds-086-gw0 : co Unity TallyPrime MANAGE EDU K: Company Gatewa of Tall CURRENT PERIOD I-Apr-26 to 31-Mar-27 NAME OF COMPANY FinCom Spike Co Y: Data Z: Exchange O: Import E: Export M: E-mail p: pnnt x Fl: Help Date Company o 19ac6 to ru 8433- c4e2— acep aUfe- c4e2— acep .337.0 ning d6884 ing j _id" : 5—011' Mode Q CURRENT OATE Friday, 2-Oct-2026 2-Oct-26 Search Gateway of Tally MASTERS Create Alter CHart of Accounts TRANSACTIONS Vouchers Day 800K UTILITIES BaNking REPORTS Balance Sheet Profit & Loss A/c Stock Summary Ratio Analysis Display More Reports Quit Windows Server 2025 Datacenter Build 26100.ge_relea...
[shot] tds-087-gw0 (1024x768)
[12:41:36] [tds] screen tds-087-gw0 : co Unity TallyPrime MANAGE EDU K: Company Gatewa of Tall CURRENT PERIOD I-Apr-26 to 31-Mar-27 NAME OF COMPANY FinCom Spike Co Y: Data Z: Exchange O: Import E: Export M: E-mail p: pnnt x Fl: Help Date Company o 19ac6 to ru 8433- c4e2— acep aUfe- c4e2— acep .337.0 ning d6884 ing j _id" : 5—011' Mode Q CURRENT OATE Friday, 2-Oct-2026 2-Oct-26 Search Gateway of Tally MASTERS Create Alter CHart of Accounts TRANSACTIONS Vouchers Day 800K UTILITIES BaNking REPORTS Balance Sheet Profit & Loss A/c Stock Summary Ratio Analysis Display More Reports Quit Windows Server 2025 Datacenter Build 26100.ge_relea...
[keys] '%g' -> Tally 'TallyPrime:9000'
[shot] tds-088-BK3-brs-goto (1024x768)
[12:41:39] [tds] screen tds-088-BK3-brs-goto : x R coEDU TallyPrime MANAGE K: Company Y: Data List of Re Z: Exchange FinCom Spike Co O: Import E: Export M: E-mail p: pnnt Fl: Help x Its Create Voucher Create Master Alter Master Expand All Show More Saved Views Common Reports Balance Sheet Profit & Loss A/c Cash/Bank Book Day Book Ledger Vouchers Stock Summary Trial Balance Bills Receivable Bills Payable Master and Voucher Statistics Stock Query Chart of Accounts Final Accounts Reports Receivables & Payables Reports Banking Utilities Ledger Reports Group Reports Voucher Reports Registers Stock Item Reports Unity Quit o 19ac6 to ru 8433- c4e...
[keys] 'Bank Reconciliation' -> Tally 'TallyPrime:9000'
[shot] tds-089-BK3-brs-typed (1024x768)
[12:41:43] [tds] screen tds-089-BK3-brs-typed : x R coEDU TallyPrime MANAGE K: Company Y: Data List of Re Z: Exchange FinCom Spike Co Bank Reconciliation O: Import E: Export M: E-mail p: pnnt Fl: Help x Its Create Voucher Create Master Alter Master Expand All Show More Unity Quit Banking Utilities Bank Reconciliation Q o 19ac6 to ru 8433- c4e2— acep aUfe- c4e2— acep .337.0 ning d6884 ing j _id" : 5—011' Mode Search Windows Server 2025 Datacenter Build 26100.ge_release240331-1435 12:41 PM 10/8/2026
[keys] '{ENTER}' -> Tally 'TallyPrime:9000'
[shot] tds-090-BK3-brs-select (1024x768)
[12:41:47] [tds] screen tds-090-BK3-brs-select : TallyPrime MANAGE EDU K: Company co Select Bank Unity Quit Y: Data Z: Exchange FinCom • ke Co Name of Bank Ledger O: Import Account No. Create E: Export M: E-mail p: pnnt x Fl: Help List of Bank Led ers Ledger Name Share Bank Zprobe Bank A Accept Q Search o 19ac6 to ru 8433- c4e2— acep aUfe- c4e2— acep .337.0 ning d6884 ing j _id" : 5—011' Mode Windows Server 2025 Datacenter Build 26100.ge_release240331-1435 12:41 PM 10/8/2026
[keys] 'Share Bank{ENTER}' -> Tally 'TallyPrime:9000'
[shot] tds-091-BK3-brs-bank (1024x768)
[12:41:52] [tds] screen tds-091-BK3-brs-bank : x TallyPrime MANAGE EDU K: Company co Bank Reconciliation Ledger: Share Bank Y: Data Vch Type Contra Contra Contra Z: Exchange O: Import E: Export FinCom • ke Co (Reconciliation Transaction Type Instrument No. M: E-mail p: print As on . • 2-0ct-26 Date 2-Oct-26 2-Oct-26 2-Oct-26 Quit Particulars Cash Cash Cash Enter: Alter Instrument Date 2-Oct-26 2-Oct-26 2-Oct-26 Bank Date Debit 104.00 105.00 106.00 621.00 315.00 306.00 Credit Cash Cash Cash A Accept Q Search Fl: Help period Corn pan y V4: Bank FIO Basis of B: — Values Change Vie w J: Reports H: Opening BRS Creata J: Voucher Reconcile Unlink...
[shot] tds-092-BK3-brs-screen (1024x768)
[12:41:53] [tds] screen tds-092-BK3-brs-screen : x TallyPrime MANAGE EDU K: Company co Bank Reconciliation Ledger: Share Bank Y: Data Vch Type Contra Contra Contra Z: Exchange O: Import E: Export FinCom • ke Co (Reconciliation Transaction Type Instrument No. M: E-mail p: print As on . • 2-0ct-26 Date 2-Oct-26 2-Oct-26 2-Oct-26 Quit Particulars Cash Cash Cash Enter: Alter Instrument Date 2-Oct-26 2-Oct-26 2-Oct-26 Bank Date Debit 104.00 105.00 106.00 621.00 315.00 306.00 Credit Cash Cash Cash A Accept Q Search Fl: Help period Corn pan y V4: Bank FIO Basis of B: — Values Change Vie w J: Reports H: Opening BRS Creata J: Voucher Reconcile Unlink...
[keys] '2-10-2026{ENTER}' -> Tally 'TallyPrime:9000'
[shot] tds-093-BK3-brs-date (1024x768)
[12:41:57] [tds] screen tds-093-BK3-brs-date : x TallyPrime MANAGE EDU K: Company co Bank Reconciliation Ledger: Share Bank Y: Data Vch Type Contra Contra Contra Z: Exchange O: Import E: Export FinCom • ke Co (Reconciliation Transaction Type Instrument No. M: E-mail p: print As on . • 2-0ct-26 Date 2-Oct-26 2-Oct-26 2-Oct-26 Quit Particulars Cash Cash Cash Enter: Alter Instrument Date 2-Oct-26 2-Oct-26 2-Oct-26 Bank Date 2-Oct-26 Debit 104.00 105.00 106.00 621.00 211.00 410.00 Credit Cash Cash Cash A Accept Q Search Fl: Help period Corn pan y V4: Bank FIO Basis of B: — Values Change Vie w J: Reports H: Opening BRS Creata J: Voucher Reconci...
[keys] '' -> Tally 'TallyPrime:9000'
[shot] tds-094-BK3-brs-saved (1024x768)
[12:42:06] [tds] screen tds-094-BK3-brs-saved : x co Unity TallyPrime MANAGE EDU K: Company Select Bank Quit Y: Data Z: Exchange FinCom • ke Co Name of Bank Ledger Share Bank O: Import Account No. Create E: Export M: E-mail p: pnnt Fl: Help x List of Bank Led Ledger Name Share Bank Zprobe Bank Accept Q Search o 19ac6 to ru 8433- c4e2— acep aUfe- c4e2— acep .337.0 ning d6884 ing j _id" : 5—011' Mode Windows Server 2025 Datacenter Build 26100.ge_release240331-1435 12:42 PM 10/8/2026
[12:42:06] BK3-brs save: 31.4;7087.2
[shot] tds-095-gw0 (1024x768)
[12:42:07] [tds] screen tds-095-gw0 : x co Unity TallyPrime MANAGE EDU K: Company Select Bank Quit Y: Data Z: Exchange FinCom • ke Co Name of Bank Ledger Share Bank O: Import Account No. Create E: Export M: E-mail p: pnnt Fl: Help x List of Bank Led Ledger Name Share Bank Zprobe Bank Accept Q Search o 19ac6 to ru 8433- c4e2— acep aUfe- c4e2— acep .337.0 ning d6884 ing j _id" : 5—011' Mode Windows Server 2025 Datacenter Build 26100.ge_release240331-1435 12:42 PM 10/8/2026
[keys] '{ESC}' -> Tally 'TallyPrime:9000'
[shot] tds-096-gw1 (1024x768)
[12:42:11] [tds] screen tds-096-gw1 : TallyPrime MANAGE EDU K: Company co Select Bank Unity Quit Y: Data Z: Exchange FinCom • ke Co Name of Bank Ledger O: Import Account No. Create E: Export M: E-mail p: pnnt x Fl: Help List of Bank Led ers Ledger Name Share Bank Zprobe Bank A Accept Q Search o 19ac6 to ru 8433- c4e2— acep aUfe- c4e2— acep .337.0 ning d6884 ing j _id" : 5—011' Mode Windows Server 2025 Datacenter Build 26100.ge_release240331-1435 12:42 PM 10/8/2026
[keys] '{ESC}' -> Tally 'TallyPrime:9000'
[shot] tds-097-gw2 (1024x768)
[12:42:14] [tds] screen tds-097-gw2 : co Unity TallyPrime MANAGE EDU K: Company Gatewa of Tall CURRENT PERIOD I-Apr-26 to 31-Mar-27 NAME OF COMPANY FinCom Spike Co Y: Data Z: Exchange O: Import E: Export M: E-mail p: pnnt x Fl: Help Date Company o 19ac6 to ru 8433- c4e2— acep aUfe- c4e2— acep .337.0 ning d6884 ing j _id" : 5—011' Mode Q CURRENT OATE Friday, 2-Oct-2026 2-Oct-26 Search Gateway of Tally MASTERS Create Alter CHart of Accounts TRANSACTIONS Vouchers Day 800K UTILITIES BaNking REPORTS Balance Sheet Profit & Loss A/c Stock Summary Ratio Analysis Display More Reports Quit Windows Server 2025 Datacenter Build 26100.ge_relea...
  INFO BK3-brs the dated contra stored whole: every date field: DATE=20261002, VCHSTATUSDATE=20261002, EFFECTIVEDATE=20261002, INSTRUMENTDATE=20261002, BANKERSDATE=20261002
######## INFO BK3-brs bank date in Bank Reconciliation: direct; probe markers on the screen: none: Tally bank-dated 'bank probe C4' (mid 5, bank date '20261002'); AlterID 5 -> 14; company AltVchId 13 -> 14, AltMstId 210 -> 210; Ctrl+A to a still screen 7087 ms (31.4;7087.2); add-on FCR1 lines: none (for its MasterID: 0); probe lines: none
  INFO bank: probe files loaded: control-voucher=Kiwi Mark, brs1=Zebra Mark, brs2=Lotus Mark, rep1=Tiger Mark, rep2=Maple Mark
