2026-10-09 20:25:41  FinCom Bridge 2.4.1: started just for runnervmfi6oq\runneradmin (no service); it keeps the bridge and its icon running
2026-10-09 20:25:41  FinCom Bridge 2.4.1 (Go) started on 127.0.0.1:9100: the only bridge on this computer; working for runnervmfi6oq\runneradmin, Windows session 2; runs just for this Windows user (starts at sign-in, no service)
2026-10-09 20:25:41  Tally is open on port 9000; the bridge reads it only after an event (a client opened in FinCom, Update now, a posting, the nightly catch-up at 19:00)
2026-10-09 20:25:41  Recorder: re-scan of the add-on's files for 2.4.1: 0 line(s) sent earlier without their entry found (a new entry's line with no MasterID, a GUID of another entry, or read while the body fetch was off)
2026-10-09 20:25:41  Check:  - 
2026-10-09 20:25:44  Tray icon: set to show next to the clock always (Windows 11)
2026-10-09 20:25:44  Trial tools switched on for this computer in FinCom: the tray shows the trial items
2026-10-09 20:25:44  FinCom: this bridge is now the main bridge on this computer (set by the setup); it reads and posts
2026-10-09 20:25:44  Company FinCom Spike Co: its Tally GUID 1f1024d2-9df5-4301-aa56-03e5d11daa53 is held from now on
2026-10-09 20:25:45  Company FinCom Spike Co: its starting point is recorded: ALTVCHID=2, ALTMSTID=209 (reading is prospective only: the bridge follows what changes after this)
2026-10-09 20:25:45  Company FinCom Spike Co: change numbers read with form a: ALTVCHID=2, ALTMSTID=209
2026-10-09 20:25:45  Light check of FinCom Spike Co: starting point recorded (ALTVCHID=2, ALTMSTID=209)
2026-10-09 20:25:45  Bank dates: FinCom Spike Co: following Tally's voucher counter from ALTVCHID=2 (a move the add-on's lines do not explain is a bank date set, or another change Tally makes without a voucher form)
2026-10-09 20:26:57  Recorder: Receipt 1 of 31-Oct-2026 (MasterID 3, line 20c55e97…): asking Tally by MasterID
2026-10-09 20:26:58  Recorder: entry fetch of FinCom Spike Co: answered in 27 ms
2026-10-09 20:26:58  Recorder: Receipt 1 of 31-Oct-2026 (MasterID 3, line 20c55e97…): taken: Tally's GUID 1f1024d2-9df5-4301-aa56-03e5d11daa53-00000003, AlterID 3
2026-10-09 20:26:58  Renumbering: made Receipt 1 of 31-Oct-2026 in FinCom Spike Co: FinCom holds 0 later Receipt entries; each is read again from Tally to see whether Tally renumbered it
2026-10-09 20:27:34  Recorder: Receipt 2 of 01-Nov-2026 (MasterID 4, line 3966452b…): asking Tally by MasterID
2026-10-09 20:27:34  Recorder: entry fetch of FinCom Spike Co: answered in 18 ms
2026-10-09 20:27:34  Recorder: Receipt 2 of 01-Nov-2026 (MasterID 4, line 3966452b…): taken: Tally's GUID 1f1024d2-9df5-4301-aa56-03e5d11daa53-00000004, AlterID 4
2026-10-09 20:27:34  Renumbering: made Receipt 2 of 01-Nov-2026 in FinCom Spike Co: FinCom holds 0 later Receipt entries; each is read again from Tally to see whether Tally renumbered it
2026-10-09 20:28:08  Recorder: Receipt 3 of 02-Nov-2026 (MasterID 5, line 5d2eb2b5…): asking Tally by MasterID
2026-10-09 20:28:08  Recorder: entry fetch of FinCom Spike Co: answered in 16 ms
2026-10-09 20:28:08  Recorder: Receipt 3 of 02-Nov-2026 (MasterID 5, line 5d2eb2b5…): taken: Tally's GUID 1f1024d2-9df5-4301-aa56-03e5d11daa53-00000005, AlterID 5
2026-10-09 20:28:08  Renumbering: made Receipt 3 of 02-Nov-2026 in FinCom Spike Co: FinCom holds 0 later Receipt entries; each is read again from Tally to see whether Tally renumbered it
2026-10-09 20:28:19  Reading from Tally stopped on this computer from FinCom: Stopped by the owner from FinCom (harness s1). Postings still go; reading starts again only from FinCom
2026-10-09 20:28:24  Light check: skipped: reading is stopped from FinCom (Stopped by the owner from FinCom (harness s1))
2026-10-09 20:28:48  Recorder: Receipt 4 of 02-Oct-2026 (MasterID 6, line 26bf2850…): asking Tally by MasterID
2026-10-09 20:28:48  Recorder: Receipt 4 of 02-Oct-2026 (MasterID 6, line 26bf2850…): held at once: waiting: reading from Tally is stopped from FinCom; asked again when it is resumed (sent now without its body; FinCom shows it held, and this bridge asks Tally again)
2026-10-09 20:28:48  Recorder: Receipt 4 of 02-Oct-2026 (MasterID 6, line 26bf2850…): asking Tally again (a held line, ask 1 of 2: one request; if it stops or fails the line ends with the Day Book words)
2026-10-09 20:28:48  Recorder: Receipt 4 of 02-Oct-2026 (MasterID 6, line 26bf2850…): not asked this time: Reading from Tally is stopped on this computer from FinCom (Stopped by the owner from FinCom (harness s1), 2026-10-09 20:28:16); nothing was sent to Tally. Post; asked when reading is resumed (not counted as a try)
2026-10-09 20:28:48  Recorder: held lines: 0 from FinCom, 0 asked, 0 resolved, 1 still held (1 in the list)
2026-10-09 20:28:48  Recorder: held lines: 0 from FinCom, 0 asked, 0 resolved, 1 still held (1 in the list)
2026-10-09 20:28:48  Recorder: held lines: 0 from FinCom, 0 asked, 0 resolved, 1 still held (1 in the list)
2026-10-09 20:28:48  Recorder: held lines: 0 from FinCom, 0 asked, 0 resolved, 1 still held (1 in the list)
2026-10-09 20:28:48  Recorder: held lines: 0 from FinCom, 0 asked, 0 resolved, 1 still held (1 in the list)
2026-10-09 20:28:49  Recorder: held lines: 0 from FinCom, 0 asked, 0 resolved, 1 still held (1 in the list)
2026-10-09 20:28:49  Recorder: held lines: 0 from FinCom, 0 asked, 0 resolved, 1 still held (1 in the list)
2026-10-09 20:28:49  Recorder: held lines: 0 from FinCom, 0 asked, 0 resolved, 1 still held (1 in the list)
2026-10-09 20:28:49  Recorder: held lines: 0 from FinCom, 0 asked, 0 resolved, 1 still held (1 in the list)
2026-10-09 20:28:50  Recorder: held lines: 0 from FinCom, 0 asked, 0 resolved, 1 still held (1 in the list)
2026-10-09 20:28:50  Recorder: held lines: 0 from FinCom, 0 asked, 0 resolved, 1 still held (1 in the list)
2026-10-09 20:28:50  Recorder: held lines: 0 from FinCom, 0 asked, 0 resolved, 1 still held (1 in the list)
2026-10-09 20:28:51  Recorder: held lines: 0 from FinCom, 0 asked, 0 resolved, 1 still held (1 in the list)
2026-10-09 20:28:51  Recorder: held lines: 0 from FinCom, 0 asked, 0 resolved, 1 still held (1 in the list)
2026-10-09 20:28:51  Recorder: held lines: 0 from FinCom, 0 asked, 0 resolved, 1 still held (1 in the list)
2026-10-09 20:28:51  Recorder: held lines: 0 from FinCom, 0 asked, 0 resolved, 1 still held (1 in the list)
2026-10-09 20:28:52  Recorder: held lines: 0 from FinCom, 0 asked, 0 resolved, 1 still held (1 in the list)
2026-10-09 20:28:52  Recorder: held lines: 0 from FinCom, 0 asked, 0 resolved, 1 still held (1 in the list)
2026-10-09 20:28:52  Recorder: held lines: 0 from FinCom, 0 asked, 0 resolved, 1 still held (1 in the list)
2026-10-09 20:28:52  Recorder: held lines: 0 from FinCom, 0 asked, 0 resolved, 1 still held (1 in the list)
2026-10-09 20:28:53  Recorder: held lines: 0 from FinCom, 0 asked, 0 resolved, 1 still held (1 in the list)
2026-10-09 20:28:53  Recorder: held lines: 0 from FinCom, 0 asked, 0 resolved, 1 still held (1 in the list)
2026-10-09 20:28:53  Recorder: held lines: 0 from FinCom, 0 asked, 0 resolved, 1 still held (1 in the list)
2026-10-09 20:28:53  Recorder: held lines: 0 from FinCom, 0 asked, 0 resolved, 1 still held (1 in the list)
2026-10-09 20:28:54  Recorder: held lines: 0 from FinCom, 0 asked, 0 resolved, 1 still held (1 in the list)
2026-10-09 20:28:54  Recorder: held lines: 0 from FinCom, 0 asked, 0 resolved, 1 still held (1 in the list)
2026-10-09 20:28:54  Recorder: held lines: 0 from FinCom, 0 asked, 0 resolved, 1 still held (1 in the list)
2026-10-09 20:28:54  Recorder: held lines: 0 from FinCom, 0 asked, 0 resolved, 1 still held (1 in the list)
2026-10-09 20:28:55  Recorder: held lines: 0 from FinCom, 0 asked, 0 resolved, 1 still held (1 in the list)
2026-10-09 20:28:55  Recorder: held lines: 0 from FinCom, 0 asked, 0 resolved, 1 still held (1 in the list)
2026-10-09 20:28:55  Recorder: held lines: 0 from FinCom, 0 asked, 0 resolved, 1 still held (1 in the list)
2026-10-09 20:28:55  Recorder: held lines: 0 from FinCom, 0 asked, 0 resolved, 1 still held (1 in the list)
2026-10-09 20:28:56  Recorder: held lines: 0 from FinCom, 0 asked, 0 resolved, 1 still held (1 in the list)
2026-10-09 20:28:56  Recorder: held lines: 0 from FinCom, 0 asked, 0 resolved, 1 still held (1 in the list)
2026-10-09 20:28:56  Recorder: held lines: 0 from FinCom, 0 asked, 0 resolved, 1 still held (1 in the list)
2026-10-09 20:28:56  Recorder: held lines: 0 from FinCom, 0 asked, 0 resolved, 1 still held (1 in the list)
2026-10-09 20:28:57  Recorder: held lines: 0 from FinCom, 0 asked, 0 resolved, 1 still held (1 in the list)
2026-10-09 20:28:57  Recorder: held lines: 0 from FinCom, 0 asked, 0 resolved, 1 still held (1 in the list)
2026-10-09 20:28:57  Recorder: held lines: 0 from FinCom, 0 asked, 0 resolved, 1 still held (1 in the list)
2026-10-09 20:28:57  Recorder: held lines: 0 from FinCom, 0 asked, 0 resolved, 1 still held (1 in the list)
2026-10-09 20:28:58  Recorder: held lines: 0 from FinCom, 0 asked, 0 resolved, 1 still held (1 in the list)
2026-10-09 20:28:58  Recorder: held lines: 0 from FinCom, 0 asked, 0 resolved, 1 still held (1 in the list)
2026-10-09 20:28:58  Recorder: held lines: 0 from FinCom, 0 asked, 0 resolved, 1 still held (1 in the list)
2026-10-09 20:28:58  Recorder: held lines: 0 from FinCom, 0 asked, 0 resolved, 1 still held (1 in the list)
2026-10-09 20:28:59  Recorder: held lines: 0 from FinCom, 0 asked, 0 resolved, 1 still held (1 in the list)
2026-10-09 20:28:59  Recorder: held lines: 0 from FinCom, 0 asked, 0 resolved, 1 still held (1 in the list)
2026-10-09 20:28:59  Recorder: held lines: 0 from FinCom, 0 asked, 0 resolved, 1 still held (1 in the list)
2026-10-09 20:28:59  Recorder: held lines: 0 from FinCom, 0 asked, 0 resolved, 1 still held (1 in the list)
2026-10-09 20:29:00  Recorder: held lines: 0 from FinCom, 0 asked, 0 resolved, 1 still held (1 in the list)
2026-10-09 20:29:00  Recorder: held lines: 0 from FinCom, 0 asked, 0 resolved, 1 still held (1 in the list)
2026-10-09 20:29:00  Recorder: held lines: 0 from FinCom, 0 asked, 0 resolved, 1 still held (1 in the list)
2026-10-09 20:29:00  Recorder: held lines: 0 from FinCom, 0 asked, 0 resolved, 1 still held (1 in the list)
2026-10-09 20:29:01  Recorder: held lines: 0 from FinCom, 0 asked, 0 resolved, 1 still held (1 in the list)
2026-10-09 20:29:01  Recorder: held lines: 0 from FinCom, 0 asked, 0 resolved, 1 still held (1 in the list)
2026-10-09 20:29:01  Recorder: held lines: 0 from FinCom, 0 asked, 0 resolved, 1 still held (1 in the list)
2026-10-09 20:29:01  Recorder: held lines: 0 from FinCom, 0 asked, 0 resolved, 1 still held (1 in the list)
2026-10-09 20:29:02  Recorder: held lines: 0 from FinCom, 0 asked, 0 resolved, 1 still held (1 in the list)
2026-10-09 20:29:02  Recorder: held lines: 0 from FinCom, 0 asked, 0 resolved, 1 still held (1 in the list)
2026-10-09 20:29:02  Recorder: held lines: 0 from FinCom, 0 asked, 0 resolved, 1 still held (1 in the list)
2026-10-09 20:29:02  Recorder: held lines: 0 from FinCom, 0 asked, 0 resolved, 1 still held (1 in the list)
2026-10-09 20:29:03  Recorder: held lines: 0 from FinCom, 0 asked, 0 resolved, 1 still held (1 in the list)
2026-10-09 20:29:03  Recorder: held lines: 0 from FinCom, 0 asked, 0 resolved, 1 still held (1 in the list)
2026-10-09 20:29:03  Recorder: held lines: 0 from FinCom, 0 asked, 0 resolved, 1 still held (1 in the list)
2026-10-09 20:29:03  Recorder: held lines: 0 from FinCom, 0 asked, 0 resolved, 1 still held (1 in the list)
2026-10-09 20:29:04  Recorder: held lines: 0 from FinCom, 0 asked, 0 resolved, 1 still held (1 in the list)
2026-10-09 20:29:04  Recorder: held lines: 0 from FinCom, 0 asked, 0 resolved, 1 still held (1 in the list)
2026-10-09 20:29:04  Recorder: held lines: 0 from FinCom, 0 asked, 0 resolved, 1 still held (1 in the list)
2026-10-09 20:29:04  Recorder: held lines: 0 from FinCom, 0 asked, 0 resolved, 1 still held (1 in the list)
2026-10-09 20:29:05  Recorder: held lines: 0 from FinCom, 0 asked, 0 resolved, 1 still held (1 in the list)
2026-10-09 20:29:05  Recorder: held lines: 0 from FinCom, 0 asked, 0 resolved, 1 still held (1 in the list)
2026-10-09 20:29:05  Recorder: held lines: 0 from FinCom, 0 asked, 0 resolved, 1 still held (1 in the list)
2026-10-09 20:29:05  Recorder: held lines: 0 from FinCom, 0 asked, 0 resolved, 1 still held (1 in the list)
2026-10-09 20:29:06  Recorder: held lines: 0 from FinCom, 0 asked, 0 resolved, 1 still held (1 in the list)
2026-10-09 20:29:06  Recorder: held lines: 0 from FinCom, 0 asked, 0 resolved, 1 still held (1 in the list)
2026-10-09 20:29:06  Recorder: held lines: 0 from FinCom, 0 asked, 0 resolved, 1 still held (1 in the list)
2026-10-09 20:29:06  Recorder: held lines: 0 from FinCom, 0 asked, 0 resolved, 1 still held (1 in the list)
2026-10-09 20:29:07  Recorder: held lines: 0 from FinCom, 0 asked, 0 resolved, 1 still held (1 in the list)
2026-10-09 20:29:07  Recorder: held lines: 0 from FinCom, 0 asked, 0 resolved, 1 still held (1 in the list)
2026-10-09 20:29:07  Recorder: held lines: 0 from FinCom, 0 asked, 0 resolved, 1 still held (1 in the list)
2026-10-09 20:29:07  Recorder: held lines: 0 from FinCom, 0 asked, 0 resolved, 1 still held (1 in the list)
2026-10-09 20:29:08  Recorder: held lines: 0 from FinCom, 0 asked, 0 resolved, 1 still held (1 in the list)
2026-10-09 20:29:08  Recorder: held lines: 0 from FinCom, 0 asked, 0 resolved, 1 still held (1 in the list)
2026-10-09 20:29:08  Recorder: held lines: 0 from FinCom, 0 asked, 0 resolved, 1 still held (1 in the list)
2026-10-09 20:29:08  Recorder: held lines: 0 from FinCom, 0 asked, 0 resolved, 1 still held (1 in the list)
2026-10-09 20:29:09  Recorder: held lines: 0 from FinCom, 0 asked, 0 resolved, 1 still held (1 in the list)
2026-10-09 20:29:09  Recorder: held lines: 0 from FinCom, 0 asked, 0 resolved, 1 still held (1 in the list)
2026-10-09 20:29:09  Recorder: held lines: 0 from FinCom, 0 asked, 0 resolved, 1 still held (1 in the list)
2026-10-09 20:29:09  Recorder: held lines: 0 from FinCom, 0 asked, 0 resolved, 1 still held (1 in the list)
2026-10-09 20:29:10  Recorder: held lines: 0 from FinCom, 0 asked, 0 resolved, 1 still held (1 in the list)
2026-10-09 20:29:10  Recorder: held lines: 0 from FinCom, 0 asked, 0 resolved, 1 still held (1 in the list)
2026-10-09 20:29:10  Recorder: held lines: 0 from FinCom, 0 asked, 0 resolved, 1 still held (1 in the list)
2026-10-09 20:29:11  Recorder: held lines: 0 from FinCom, 0 asked, 0 resolved, 1 still held (1 in the list)
2026-10-09 20:29:11  Recorder: held lines: 0 from FinCom, 0 asked, 0 resolved, 1 still held (1 in the list)
2026-10-09 20:29:11  Recorder: held lines: 0 from FinCom, 0 asked, 0 resolved, 1 still held (1 in the list)
2026-10-09 20:29:12  Recorder: held lines: 0 from FinCom, 0 asked, 0 resolved, 1 still held (1 in the list)
2026-10-09 20:29:12  Recorder: held lines: 0 from FinCom, 0 asked, 0 resolved, 1 still held (1 in the list)
2026-10-09 20:29:12  Recorder: held lines: 0 from FinCom, 0 asked, 0 resolved, 1 still held (1 in the list)
2026-10-09 20:29:12  Recorder: held lines: 0 from FinCom, 0 asked, 0 resolved, 1 still held (1 in the list)
2026-10-09 20:29:13  Recorder: held lines: 0 from FinCom, 0 asked, 0 resolved, 1 still held (1 in the list)
2026-10-09 20:29:13  Recorder: held lines: 0 from FinCom, 0 asked, 0 resolved, 1 still held (1 in the list)
2026-10-09 20:29:13  Recorder: held lines: 0 from FinCom, 0 asked, 0 resolved, 1 still held (1 in the list)
2026-10-09 20:29:13  Recorder: held lines: 0 from FinCom, 0 asked, 0 resolved, 1 still held (1 in the list)
2026-10-09 20:29:14  Recorder: held lines: 0 from FinCom, 0 asked, 0 resolved, 1 still held (1 in the list)
2026-10-09 20:29:15  Recorder: held lines: 0 from FinCom, 0 asked, 0 resolved, 1 still held (1 in the list)
2026-10-09 20:29:15  Recorder: held lines: 0 from FinCom, 0 asked, 0 resolved, 1 still held (1 in the list)
2026-10-09 20:29:15  Recorder: held lines: 0 from FinCom, 0 asked, 0 resolved, 1 still held (1 in the list)
2026-10-09 20:29:16  Recorder: held lines: 0 from FinCom, 0 asked, 0 resolved, 1 still held (1 in the list)
2026-10-09 20:29:16  Recorder: held lines: 0 from FinCom, 0 asked, 0 resolved, 1 still held (1 in the list)
2026-10-09 20:29:16  Recorder: held lines: 0 from FinCom, 0 asked, 0 resolved, 1 still held (1 in the list)
2026-10-09 20:29:16  Recorder: held lines: 0 from FinCom, 0 asked, 0 resolved, 1 still held (1 in the list)
2026-10-09 20:29:17  Recorder: held lines: 0 from FinCom, 0 asked, 0 resolved, 1 still held (1 in the list)
2026-10-09 20:29:17  Recorder: held lines: 0 from FinCom, 0 asked, 0 resolved, 1 still held (1 in the list)
2026-10-09 20:29:17  Recorder: held lines: 0 from FinCom, 0 asked, 0 resolved, 1 still held (1 in the list)
2026-10-09 20:29:17  Recorder: held lines: 0 from FinCom, 0 asked, 0 resolved, 1 still held (1 in the list)
2026-10-09 20:29:18  Recorder: held lines: 0 from FinCom, 0 asked, 0 resolved, 1 still held (1 in the list)
2026-10-09 20:29:18  Recorder: held lines: 0 from FinCom, 0 asked, 0 resolved, 1 still held (1 in the list)
2026-10-09 20:29:18  Recorder: held lines: 0 from FinCom, 0 asked, 0 resolved, 1 still held (1 in the list)
2026-10-09 20:29:19  Recorder: held lines: 0 from FinCom, 0 asked, 0 resolved, 1 still held (1 in the list)
2026-10-09 20:29:19  Recorder: held lines: 0 from FinCom, 0 asked, 0 resolved, 1 still held (1 in the list)
2026-10-09 20:29:19  Recorder: held lines: 0 from FinCom, 0 asked, 0 resolved, 1 still held (1 in the list)
2026-10-09 20:29:19  Recorder: held lines: 0 from FinCom, 0 asked, 0 resolved, 1 still held (1 in the list)
2026-10-09 20:29:20  Recorder: held lines: 0 from FinCom, 0 asked, 0 resolved, 1 still held (1 in the list)
2026-10-09 20:29:20  Recorder: held lines: 0 from FinCom, 0 asked, 0 resolved, 1 still held (1 in the list)
2026-10-09 20:29:20  Recorder: held lines: 0 from FinCom, 0 asked, 0 resolved, 1 still held (1 in the list)
2026-10-09 20:29:20  Recorder: held lines: 0 from FinCom, 0 asked, 0 resolved, 1 still held (1 in the list)
2026-10-09 20:29:21  Recorder: held lines: 0 from FinCom, 0 asked, 0 resolved, 1 still held (1 in the list)
2026-10-09 20:29:21  Recorder: held lines: 0 from FinCom, 0 asked, 0 resolved, 1 still held (1 in the list)
2026-10-09 20:29:21  Recorder: held lines: 0 from FinCom, 0 asked, 0 resolved, 1 still held (1 in the list)
2026-10-09 20:29:21  Recorder: held lines: 0 from FinCom, 0 asked, 0 resolved, 1 still held (1 in the list)
2026-10-09 20:29:22  Recorder: held lines: 0 from FinCom, 0 asked, 0 resolved, 1 still held (1 in the list)
2026-10-09 20:29:22  Recorder: held lines: 0 from FinCom, 0 asked, 0 resolved, 1 still held (1 in the list)
2026-10-09 20:29:22  Recorder: held lines: 0 from FinCom, 0 asked, 0 resolved, 1 still held (1 in the list)
2026-10-09 20:29:22  Recorder: held lines: 0 from FinCom, 0 asked, 0 resolved, 1 still held (1 in the list)
2026-10-09 20:29:23  Recorder: held lines: 0 from FinCom, 0 asked, 0 resolved, 1 still held (1 in the list)
2026-10-09 20:29:23  Recorder: held lines: 0 from FinCom, 0 asked, 0 resolved, 1 still held (1 in the list)
2026-10-09 20:29:23  Recorder: held lines: 0 from FinCom, 0 asked, 0 resolved, 1 still held (1 in the list)
2026-10-09 20:29:23  Recorder: held lines: 0 from FinCom, 0 asked, 0 resolved, 1 still held (1 in the list)
2026-10-09 20:29:24  Recorder: held lines: 0 from FinCom, 0 asked, 0 resolved, 1 still held (1 in the list)
2026-10-09 20:29:24  Recorder: held lines: 0 from FinCom, 0 asked, 0 resolved, 1 still held (1 in the list)
2026-10-09 20:29:24  Recorder: held lines: 0 from FinCom, 0 asked, 0 resolved, 1 still held (1 in the list)
2026-10-09 20:29:24  Recorder: held lines: 0 from FinCom, 0 asked, 0 resolved, 1 still held (1 in the list)
2026-10-09 20:29:25  Recorder: held lines: 0 from FinCom, 0 asked, 0 resolved, 1 still held (1 in the list)
2026-10-09 20:29:25  Recorder: held lines: 0 from FinCom, 0 asked, 0 resolved, 1 still held (1 in the list)
2026-10-09 20:29:25  Recorder: held lines: 0 from FinCom, 0 asked, 0 resolved, 1 still held (1 in the list)
2026-10-09 20:29:25  Recorder: held lines: 0 from FinCom, 0 asked, 0 resolved, 1 still held (1 in the list)
2026-10-09 20:29:26  Recorder: held lines: 0 from FinCom, 0 asked, 0 resolved, 1 still held (1 in the list)
2026-10-09 20:29:26  Recorder: held lines: 0 from FinCom, 0 asked, 0 resolved, 1 still held (1 in the list)
2026-10-09 20:29:26  Recorder: held lines: 0 from FinCom, 0 asked, 0 resolved, 1 still held (1 in the list)
2026-10-09 20:29:26  Recorder: held lines: 0 from FinCom, 0 asked, 0 resolved, 1 still held (1 in the list)
2026-10-09 20:29:27  Recorder: held lines: 0 from FinCom, 0 asked, 0 resolved, 1 still held (1 in the list)
2026-10-09 20:29:27  Recorder: held lines: 0 from FinCom, 0 asked, 0 resolved, 1 still held (1 in the list)
2026-10-09 20:29:27  Recorder: held lines: 0 from FinCom, 0 asked, 0 resolved, 1 still held (1 in the list)
2026-10-09 20:29:27  Recorder: held lines: 0 from FinCom, 0 asked, 0 resolved, 1 still held (1 in the list)
2026-10-09 20:29:28  Recorder: held lines: 0 from FinCom, 0 asked, 0 resolved, 1 still held (1 in the list)
2026-10-09 20:29:28  Recorder: held lines: 0 from FinCom, 0 asked, 0 resolved, 1 still held (1 in the list)
2026-10-09 20:29:28  Recorder: held lines: 0 from FinCom, 0 asked, 0 resolved, 1 still held (1 in the list)
2026-10-09 20:29:28  Recorder: held lines: 0 from FinCom, 0 asked, 0 resolved, 1 still held (1 in the list)
2026-10-09 20:29:29  Recorder: held lines: 0 from FinCom, 0 asked, 0 resolved, 1 still held (1 in the list)
2026-10-09 20:29:29  Recorder: held lines: 0 from FinCom, 0 asked, 0 resolved, 1 still held (1 in the list)
2026-10-09 20:29:29  Recorder: held lines: 0 from FinCom, 0 asked, 0 resolved, 1 still held (1 in the list)
2026-10-09 20:29:29  Recorder: held lines: 0 from FinCom, 0 asked, 0 resolved, 1 still held (1 in the list)
2026-10-09 20:29:30  Recorder: held lines: 0 from FinCom, 0 asked, 0 resolved, 1 still held (1 in the list)
2026-10-09 20:29:30  Recorder: held lines: 0 from FinCom, 0 asked, 0 resolved, 1 still held (1 in the list)
2026-10-09 20:29:30  Recorder: held lines: 0 from FinCom, 0 asked, 0 resolved, 1 still held (1 in the list)
2026-10-09 20:29:30  Recorder: held lines: 0 from FinCom, 0 asked, 0 resolved, 1 still held (1 in the list)
2026-10-09 20:29:31  Recorder: held lines: 0 from FinCom, 0 asked, 0 resolved, 1 still held (1 in the list)
2026-10-09 20:29:31  Recorder: held lines: 0 from FinCom, 0 asked, 0 resolved, 1 still held (1 in the list)
2026-10-09 20:29:31  Recorder: held lines: 0 from FinCom, 0 asked, 0 resolved, 1 still held (1 in the list)
2026-10-09 20:29:31  Recorder: held lines: 0 from FinCom, 0 asked, 0 resolved, 1 still held (1 in the list)
2026-10-09 20:29:32  Recorder: held lines: 0 from FinCom, 0 asked, 0 resolved, 1 still held (1 in the list)
2026-10-09 20:29:32  Recorder: held lines: 0 from FinCom, 0 asked, 0 resolved, 1 still held (1 in the list)
2026-10-09 20:29:32  Recorder: held lines: 0 from FinCom, 0 asked, 0 resolved, 1 still held (1 in the list)
2026-10-09 20:29:33  Recorder: held lines: 0 from FinCom, 0 asked, 0 resolved, 1 still held (1 in the list)
2026-10-09 20:29:33  Recorder: held lines: 0 from FinCom, 0 asked, 0 resolved, 1 still held (1 in the list)
2026-10-09 20:29:33  Recorder: held lines: 0 from FinCom, 0 asked, 0 resolved, 1 still held (1 in the list)
2026-10-09 20:29:33  Recorder: held lines: 0 from FinCom, 0 asked, 0 resolved, 1 still held (1 in the list)
2026-10-09 20:29:34  Recorder: held lines: 0 from FinCom, 0 asked, 0 resolved, 1 still held (1 in the list)
2026-10-09 20:29:34  Recorder: held lines: 0 from FinCom, 0 asked, 0 resolved, 1 still held (1 in the list)
2026-10-09 20:29:34  Recorder: held lines: 0 from FinCom, 0 asked, 0 resolved, 1 still held (1 in the list)
2026-10-09 20:29:34  Recorder: held lines: 0 from FinCom, 0 asked, 0 resolved, 1 still held (1 in the list)
2026-10-09 20:29:35  Recorder: held lines: 0 from FinCom, 0 asked, 0 resolved, 1 still held (1 in the list)
2026-10-09 20:29:35  Recorder: held lines: 0 from FinCom, 0 asked, 0 resolved, 1 still held (1 in the list)
2026-10-09 20:29:35  Recorder: held lines: 0 from FinCom, 0 asked, 0 resolved, 1 still held (1 in the list)
2026-10-09 20:29:35  Recorder: held lines: 0 from FinCom, 0 asked, 0 resolved, 1 still held (1 in the list)
2026-10-09 20:29:36  Recorder: held lines: 0 from FinCom, 0 asked, 0 resolved, 1 still held (1 in the list)
2026-10-09 20:29:36  Recorder: held lines: 0 from FinCom, 0 asked, 0 resolved, 1 still held (1 in the list)
2026-10-09 20:29:36  Recorder: held lines: 0 from FinCom, 0 asked, 0 resolved, 1 still held (1 in the list)
2026-10-09 20:29:36  Recorder: held lines: 0 from FinCom, 0 asked, 0 resolved, 1 still held (1 in the list)
2026-10-09 20:29:37  Recorder: held lines: 0 from FinCom, 0 asked, 0 resolved, 1 still held (1 in the list)
2026-10-09 20:29:37  Recorder: held lines: 0 from FinCom, 0 asked, 0 resolved, 1 still held (1 in the list)
2026-10-09 20:29:37  Recorder: held lines: 0 from FinCom, 0 asked, 0 resolved, 1 still held (1 in the list)
2026-10-09 20:29:37  Recorder: held lines: 0 from FinCom, 0 asked, 0 resolved, 1 still held (1 in the list)
2026-10-09 20:29:38  Recorder: held lines: 0 from FinCom, 0 asked, 0 resolved, 1 still held (1 in the list)
2026-10-09 20:29:38  Recorder: Receipt 1 of 31-Oct-2026 (MasterID 3, line 326afb11…): asking Tally by MasterID
2026-10-09 20:29:38  Recorder: Receipt 1 of 31-Oct-2026 (MasterID 3, line 326afb11…): held at once: waiting: reading from Tally is stopped from FinCom; asked again when it is resumed (sent now without its body; FinCom shows it held, and this bridge asks Tally again)
2026-10-09 20:29:38  Recorder: Receipt 1 of 31-Oct-2026 (MasterID 3, line 326afb11…): asking Tally again (a held line, ask 1 of 2: one request; if it stops or fails the line ends with the Day Book words)
2026-10-09 20:29:38  Recorder: Receipt 1 of 31-Oct-2026 (MasterID 3, line 326afb11…): not asked this time: Reading from Tally is stopped on this computer from FinCom (Stopped by the owner from FinCom (harness s1), 2026-10-09 20:28:16); nothing was sent to Tally. Post; asked when reading is resumed (not counted as a try)
2026-10-09 20:29:38  Recorder: held lines: 0 from FinCom, 0 asked, 0 resolved, 2 still held (2 in the list)
2026-10-09 20:29:38  Recorder: held lines: 0 from FinCom, 0 asked, 0 resolved, 2 still held (2 in the list)
2026-10-09 20:29:38  Recorder: held lines: 0 from FinCom, 0 asked, 0 resolved, 2 still held (2 in the list)
2026-10-09 20:29:38  Recorder: held lines: 0 from FinCom, 0 asked, 0 resolved, 2 still held (2 in the list)
2026-10-09 20:29:39  Recorder: held lines: 0 from FinCom, 0 asked, 0 resolved, 2 still held (2 in the list)
2026-10-09 20:29:39  Recorder: held lines: 0 from FinCom, 0 asked, 0 resolved, 2 still held (2 in the list)
2026-10-09 20:29:39  Recorder: held lines: 0 from FinCom, 0 asked, 0 resolved, 2 still held (2 in the list)
2026-10-09 20:29:39  Recorder: held lines: 0 from FinCom, 0 asked, 0 resolved, 2 still held (2 in the list)
2026-10-09 20:29:40  Recorder: held lines: 0 from FinCom, 0 asked, 0 resolved, 2 still held (2 in the list)
2026-10-09 20:29:40  Recorder: held lines: 0 from FinCom, 0 asked, 0 resolved, 2 still held (2 in the list)
2026-10-09 20:29:40  Recorder: held lines: 0 from FinCom, 0 asked, 0 resolved, 2 still held (2 in the list)
2026-10-09 20:29:40  Recorder: held lines: 0 from FinCom, 0 asked, 0 resolved, 2 still held (2 in the list)
2026-10-09 20:29:41  Recorder: held lines: 0 from FinCom, 0 asked, 0 resolved, 2 still held (2 in the list)
2026-10-09 20:29:41  Recorder: held lines: 0 from FinCom, 0 asked, 0 resolved, 2 still held (2 in the list)
2026-10-09 20:29:41  Recorder: held lines: 0 from FinCom, 0 asked, 0 resolved, 2 still held (2 in the list)
2026-10-09 20:29:41  Recorder: held lines: 0 from FinCom, 0 asked, 0 resolved, 2 still held (2 in the list)
2026-10-09 20:29:42  Recorder: held lines: 0 from FinCom, 0 asked, 0 resolved, 2 still held (2 in the list)
2026-10-09 20:29:42  Recorder: held lines: 0 from FinCom, 0 asked, 0 resolved, 2 still held (2 in the list)
2026-10-09 20:29:42  Recorder: held lines: 0 from FinCom, 0 asked, 0 resolved, 2 still held (2 in the list)
2026-10-09 20:29:42  Recorder: held lines: 0 from FinCom, 0 asked, 0 resolved, 2 still held (2 in the list)
2026-10-09 20:29:43  Recorder: held lines: 0 from FinCom, 0 asked, 0 resolved, 2 still held (2 in the list)
2026-10-09 20:29:43  Recorder: held lines: 0 from FinCom, 0 asked, 0 resolved, 2 still held (2 in the list)
2026-10-09 20:29:43  Recorder: held lines: 0 from FinCom, 0 asked, 0 resolved, 2 still held (2 in the list)
2026-10-09 20:29:43  Recorder: held lines: 0 from FinCom, 0 asked, 0 resolved, 2 still held (2 in the list)
2026-10-09 20:29:44  Recorder: held lines: 0 from FinCom, 0 asked, 0 resolved, 2 still held (2 in the list)
2026-10-09 20:29:44  Recorder: held lines: 0 from FinCom, 0 asked, 0 resolved, 2 still held (2 in the list)
2026-10-09 20:29:44  Recorder: held lines: 0 from FinCom, 0 asked, 0 resolved, 2 still held (2 in the list)
2026-10-09 20:29:44  Recorder: held lines: 0 from FinCom, 0 asked, 0 resolved, 2 still held (2 in the list)
2026-10-09 20:29:45  Recorder: held lines: 0 from FinCom, 0 asked, 0 resolved, 2 still held (2 in the list)
2026-10-09 20:29:45  Recorder: held lines: 0 from FinCom, 0 asked, 0 resolved, 2 still held (2 in the list)
2026-10-09 20:29:45  Recorder: held lines: 0 from FinCom, 0 asked, 0 resolved, 2 still held (2 in the list)
2026-10-09 20:29:46  Recorder: held lines: 0 from FinCom, 0 asked, 0 resolved, 2 still held (2 in the list)
2026-10-09 20:29:46  Recorder: held lines: 0 from FinCom, 0 asked, 0 resolved, 2 still held (2 in the list)
2026-10-09 20:29:46  Recorder: held lines: 0 from FinCom, 0 asked, 0 resolved, 2 still held (2 in the list)
2026-10-09 20:29:46  Recorder: held lines: 0 from FinCom, 0 asked, 0 resolved, 2 still held (2 in the list)
2026-10-09 20:29:47  Recorder: held lines: 0 from FinCom, 0 asked, 0 resolved, 2 still held (2 in the list)
2026-10-09 20:29:47  Recorder: held lines: 0 from FinCom, 0 asked, 0 resolved, 2 still held (2 in the list)
2026-10-09 20:29:47  Recorder: held lines: 0 from FinCom, 0 asked, 0 resolved, 2 still held (2 in the list)
2026-10-09 20:29:47  Recorder: held lines: 0 from FinCom, 0 asked, 0 resolved, 2 still held (2 in the list)
2026-10-09 20:29:48  Recorder: held lines: 0 from FinCom, 0 asked, 0 resolved, 2 still held (2 in the list)
2026-10-09 20:29:48  Recorder: held lines: 0 from FinCom, 0 asked, 0 resolved, 2 still held (2 in the list)
2026-10-09 20:29:48  Recorder: held lines: 0 from FinCom, 0 asked, 0 resolved, 2 still held (2 in the list)
2026-10-09 20:29:48  Recorder: held lines: 0 from FinCom, 0 asked, 0 resolved, 2 still held (2 in the list)
2026-10-09 20:29:49  Recorder: held lines: 0 from FinCom, 0 asked, 0 resolved, 2 still held (2 in the list)
2026-10-09 20:29:49  Recorder: held lines: 0 from FinCom, 0 asked, 0 resolved, 2 still held (2 in the list)
2026-10-09 20:29:49  Recorder: held lines: 0 from FinCom, 0 asked, 0 resolved, 2 still held (2 in the list)
2026-10-09 20:29:49  Recorder: held lines: 0 from FinCom, 0 asked, 0 resolved, 2 still held (2 in the list)
2026-10-09 20:29:50  Recorder: held lines: 0 from FinCom, 0 asked, 0 resolved, 2 still held (2 in the list)
2026-10-09 20:29:50  Recorder: held lines: 0 from FinCom, 0 asked, 0 resolved, 2 still held (2 in the list)
2026-10-09 20:29:50  Recorder: held lines: 0 from FinCom, 0 asked, 0 resolved, 2 still held (2 in the list)
2026-10-09 20:29:50  Recorder: held lines: 0 from FinCom, 0 asked, 0 resolved, 2 still held (2 in the list)
2026-10-09 20:29:51  Recorder: held lines: 0 from FinCom, 0 asked, 0 resolved, 2 still held (2 in the list)
2026-10-09 20:29:51  Recorder: held lines: 0 from FinCom, 0 asked, 0 resolved, 2 still held (2 in the list)
2026-10-09 20:29:51  Recorder: held lines: 0 from FinCom, 0 asked, 0 resolved, 2 still held (2 in the list)
2026-10-09 20:29:52  Recorder: held lines: 0 from FinCom, 0 asked, 0 resolved, 2 still held (2 in the list)
2026-10-09 20:29:52  Recorder: held lines: 0 from FinCom, 0 asked, 0 resolved, 2 still held (2 in the list)
2026-10-09 20:29:52  Recorder: held lines: 0 from FinCom, 0 asked, 0 resolved, 2 still held (2 in the list)
2026-10-09 20:29:52  Recorder: held lines: 0 from FinCom, 0 asked, 0 resolved, 2 still held (2 in the list)
2026-10-09 20:29:53  Recorder: held lines: 0 from FinCom, 0 asked, 0 resolved, 2 still held (2 in the list)
2026-10-09 20:29:53  Recorder: held lines: 0 from FinCom, 0 asked, 0 resolved, 2 still held (2 in the list)
2026-10-09 20:29:53  Recorder: held lines: 0 from FinCom, 0 asked, 0 resolved, 2 still held (2 in the list)
2026-10-09 20:29:53  Recorder: held lines: 0 from FinCom, 0 asked, 0 resolved, 2 still held (2 in the list)
2026-10-09 20:29:54  Recorder: held lines: 0 from FinCom, 0 asked, 0 resolved, 2 still held (2 in the list)
2026-10-09 20:29:54  Recorder: held lines: 0 from FinCom, 0 asked, 0 resolved, 2 still held (2 in the list)
2026-10-09 20:29:54  Recorder: held lines: 0 from FinCom, 0 asked, 0 resolved, 2 still held (2 in the list)
2026-10-09 20:29:54  Recorder: held lines: 0 from FinCom, 0 asked, 0 resolved, 2 still held (2 in the list)
2026-10-09 20:29:55  Recorder: held lines: 0 from FinCom, 0 asked, 0 resolved, 2 still held (2 in the list)
2026-10-09 20:29:55  Recorder: held lines: 0 from FinCom, 0 asked, 0 resolved, 2 still held (2 in the list)
2026-10-09 20:29:55  Recorder: held lines: 0 from FinCom, 0 asked, 0 resolved, 2 still held (2 in the list)
2026-10-09 20:29:55  Recorder: held lines: 0 from FinCom, 0 asked, 0 resolved, 2 still held (2 in the list)
2026-10-09 20:29:56  Recorder: held lines: 0 from FinCom, 0 asked, 0 resolved, 2 still held (2 in the list)
2026-10-09 20:29:56  Recorder: held lines: 0 from FinCom, 0 asked, 0 resolved, 2 still held (2 in the list)
2026-10-09 20:29:56  Recorder: held lines: 0 from FinCom, 0 asked, 0 resolved, 2 still held (2 in the list)
2026-10-09 20:29:56  Recorder: held lines: 0 from FinCom, 0 asked, 0 resolved, 2 still held (2 in the list)
2026-10-09 20:29:57  Recorder: held lines: 0 from FinCom, 0 asked, 0 resolved, 2 still held (2 in the list)
2026-10-09 20:29:57  Recorder: held lines: 0 from FinCom, 0 asked, 0 resolved, 2 still held (2 in the list)
2026-10-09 20:29:57  Recorder: held lines: 0 from FinCom, 0 asked, 0 resolved, 2 still held (2 in the list)
2026-10-09 20:29:57  Recorder: held lines: 0 from FinCom, 0 asked, 0 resolved, 2 still held (2 in the list)
2026-10-09 20:29:58  Recorder: held lines: 0 from FinCom, 0 asked, 0 resolved, 2 still held (2 in the list)
2026-10-09 20:29:58  Recorder: held lines: 0 from FinCom, 0 asked, 0 resolved, 2 still held (2 in the list)
2026-10-09 20:29:58  Recorder: held lines: 0 from FinCom, 0 asked, 0 resolved, 2 still held (2 in the list)
2026-10-09 20:29:58  Recorder: held lines: 0 from FinCom, 0 asked, 0 resolved, 2 still held (2 in the list)
2026-10-09 20:29:59  Recorder: held lines: 0 from FinCom, 0 asked, 0 resolved, 2 still held (2 in the list)
2026-10-09 20:29:59  Recorder: held lines: 0 from FinCom, 0 asked, 0 resolved, 2 still held (2 in the list)
2026-10-09 20:29:59  Recorder: held lines: 0 from FinCom, 0 asked, 0 resolved, 2 still held (2 in the list)
2026-10-09 20:29:59  Recorder: held lines: 0 from FinCom, 0 asked, 0 resolved, 2 still held (2 in the list)
2026-10-09 20:30:00  Recorder: held lines: 0 from FinCom, 0 asked, 0 resolved, 2 still held (2 in the list)
2026-10-09 20:30:00  Recorder: held lines: 0 from FinCom, 0 asked, 0 resolved, 2 still held (2 in the list)
2026-10-09 20:30:00  Recorder: held lines: 0 from FinCom, 0 asked, 0 resolved, 2 still held (2 in the list)
2026-10-09 20:30:00  Recorder: held lines: 0 from FinCom, 0 asked, 0 resolved, 2 still held (2 in the list)
2026-10-09 20:30:01  Recorder: held lines: 0 from FinCom, 0 asked, 0 resolved, 2 still held (2 in the list)
2026-10-09 20:30:01  Recorder: held lines: 0 from FinCom, 0 asked, 0 resolved, 2 still held (2 in the list)
2026-10-09 20:30:01  Recorder: held lines: 0 from FinCom, 0 asked, 0 resolved, 2 still held (2 in the list)
2026-10-09 20:30:01  Recorder: held lines: 0 from FinCom, 0 asked, 0 resolved, 2 still held (2 in the list)
2026-10-09 20:30:02  Recorder: held lines: 0 from FinCom, 0 asked, 0 resolved, 2 still held (2 in the list)
2026-10-09 20:30:02  Recorder: held lines: 0 from FinCom, 0 asked, 0 resolved, 2 still held (2 in the list)
2026-10-09 20:30:02  Recorder: held lines: 0 from FinCom, 0 asked, 0 resolved, 2 still held (2 in the list)
2026-10-09 20:30:02  Recorder: held lines: 0 from FinCom, 0 asked, 0 resolved, 2 still held (2 in the list)
2026-10-09 20:30:03  Recorder: held lines: 0 from FinCom, 0 asked, 0 resolved, 2 still held (2 in the list)
2026-10-09 20:30:03  Recorder: held lines: 0 from FinCom, 0 asked, 0 resolved, 2 still held (2 in the list)
2026-10-09 20:30:03  Recorder: held lines: 0 from FinCom, 0 asked, 0 resolved, 2 still held (2 in the list)
2026-10-09 20:30:03  Recorder: held lines: 0 from FinCom, 0 asked, 0 resolved, 2 still held (2 in the list)
2026-10-09 20:30:04  Recorder: held lines: 0 from FinCom, 0 asked, 0 resolved, 2 still held (2 in the list)
2026-10-09 20:30:04  Recorder: held lines: 0 from FinCom, 0 asked, 0 resolved, 2 still held (2 in the list)
2026-10-09 20:30:04  Recorder: held lines: 0 from FinCom, 0 asked, 0 resolved, 2 still held (2 in the list)
2026-10-09 20:30:04  Recorder: held lines: 0 from FinCom, 0 asked, 0 resolved, 2 still held (2 in the list)
2026-10-09 20:30:05  Recorder: held lines: 0 from FinCom, 0 asked, 0 resolved, 2 still held (2 in the list)
2026-10-09 20:30:05  Recorder: held lines: 0 from FinCom, 0 asked, 0 resolved, 2 still held (2 in the list)
2026-10-09 20:30:05  Recorder: held lines: 0 from FinCom, 0 asked, 0 resolved, 2 still held (2 in the list)
2026-10-09 20:30:05  Recorder: held lines: 0 from FinCom, 0 asked, 0 resolved, 2 still held (2 in the list)
2026-10-09 20:30:06  Recorder: held lines: 0 from FinCom, 0 asked, 0 resolved, 2 still held (2 in the list)
2026-10-09 20:30:06  Recorder: held lines: 0 from FinCom, 0 asked, 0 resolved, 2 still held (2 in the list)
2026-10-09 20:30:06  Recorder: held lines: 0 from FinCom, 0 asked, 0 resolved, 2 still held (2 in the list)
2026-10-09 20:30:06  Recorder: held lines: 0 from FinCom, 0 asked, 0 resolved, 2 still held (2 in the list)
2026-10-09 20:30:07  Recorder: held lines: 0 from FinCom, 0 asked, 0 resolved, 2 still held (2 in the list)
2026-10-09 20:30:07  Recorder: held lines: 0 from FinCom, 0 asked, 0 resolved, 2 still held (2 in the list)
2026-10-09 20:30:07  Recorder: held lines: 0 from FinCom, 0 asked, 0 resolved, 2 still held (2 in the list)
2026-10-09 20:30:08  Recorder: held lines: 0 from FinCom, 0 asked, 0 resolved, 2 still held (2 in the list)
2026-10-09 20:30:08  Recorder: held lines: 0 from FinCom, 0 asked, 0 resolved, 2 still held (2 in the list)
2026-10-09 20:30:08  Recorder: held lines: 0 from FinCom, 0 asked, 0 resolved, 2 still held (2 in the list)
2026-10-09 20:30:08  Recorder: held lines: 0 from FinCom, 0 asked, 0 resolved, 2 still held (2 in the list)
2026-10-09 20:30:09  Recorder: held lines: 0 from FinCom, 0 asked, 0 resolved, 2 still held (2 in the list)
2026-10-09 20:30:09  Recorder: Receipt 2 of 01-Nov-2026 (MasterID 4, line 5b2f93c3…): asking Tally by MasterID
2026-10-09 20:30:09  Recorder: FinCom Spike Co: delete of mid 4: held: this computer's Tally could not be asked whether it was deleted here (waiting: reading from Tally is stopped from FinCom; asked again when it is resumed); not sent as a delete: held
2026-10-09 20:30:09  Recorder: held lines: 0 from FinCom, 0 asked, 0 resolved, 3 still held (3 in the list)
2026-10-09 20:30:09  Renumbering: deleted Receipt 2 of 01-Nov-2026 in FinCom Spike Co: FinCom holds 0 later Receipt entries; each is read again from Tally to see whether Tally renumbered it
2026-10-09 20:30:09  Recorder: held lines: 0 from FinCom, 0 asked, 0 resolved, 3 still held (3 in the list)
2026-10-09 20:30:09  Recorder: held lines: 0 from FinCom, 0 asked, 0 resolved, 3 still held (3 in the list)
2026-10-09 20:30:09  Recorder: held lines: 0 from FinCom, 0 asked, 0 resolved, 3 still held (3 in the list)
2026-10-09 20:30:10  Recorder: held lines: 0 from FinCom, 0 asked, 0 resolved, 3 still held (3 in the list)
2026-10-09 20:30:10  Recorder: held lines: 0 from FinCom, 0 asked, 0 resolved, 3 still held (3 in the list)
2026-10-09 20:30:10  Recorder: held lines: 0 from FinCom, 0 asked, 0 resolved, 3 still held (3 in the list)
2026-10-09 20:30:10  Recorder: held lines: 0 from FinCom, 0 asked, 0 resolved, 3 still held (3 in the list)
2026-10-09 20:30:11  Recorder: held lines: 0 from FinCom, 0 asked, 0 resolved, 3 still held (3 in the list)
2026-10-09 20:30:11  Recorder: held lines: 0 from FinCom, 0 asked, 0 resolved, 3 still held (3 in the list)
2026-10-09 20:30:11  Recorder: held lines: 0 from FinCom, 0 asked, 0 resolved, 3 still held (3 in the list)
2026-10-09 20:30:11  Recorder: held lines: 0 from FinCom, 0 asked, 0 resolved, 3 still held (3 in the list)
2026-10-09 20:30:12  Recorder: held lines: 0 from FinCom, 0 asked, 0 resolved, 3 still held (3 in the list)
2026-10-09 20:30:12  Recorder: held lines: 0 from FinCom, 0 asked, 0 resolved, 3 still held (3 in the list)
2026-10-09 20:30:12  Recorder: held lines: 0 from FinCom, 0 asked, 0 resolved, 3 still held (3 in the list)
2026-10-09 20:30:12  Recorder: held lines: 0 from FinCom, 0 asked, 0 resolved, 3 still held (3 in the list)
2026-10-09 20:30:13  Recorder: held lines: 0 from FinCom, 0 asked, 0 resolved, 3 still held (3 in the list)
2026-10-09 20:30:13  Recorder: held lines: 0 from FinCom, 0 asked, 0 resolved, 3 still held (3 in the list)
2026-10-09 20:30:13  Recorder: held lines: 0 from FinCom, 0 asked, 0 resolved, 3 still held (3 in the list)
2026-10-09 20:30:13  Recorder: held lines: 0 from FinCom, 0 asked, 0 resolved, 3 still held (3 in the list)
2026-10-09 20:30:14  Recorder: held lines: 0 from FinCom, 0 asked, 0 resolved, 3 still held (3 in the list)
2026-10-09 20:30:14  Recorder: held lines: 0 from FinCom, 0 asked, 0 resolved, 3 still held (3 in the list)
2026-10-09 20:30:14  Recorder: held lines: 0 from FinCom, 0 asked, 0 resolved, 3 still held (3 in the list)
2026-10-09 20:30:14  Recorder: held lines: 0 from FinCom, 0 asked, 0 resolved, 3 still held (3 in the list)
2026-10-09 20:30:15  Recorder: held lines: 0 from FinCom, 0 asked, 0 resolved, 3 still held (3 in the list)
2026-10-09 20:30:15  Recorder: held lines: 0 from FinCom, 0 asked, 0 resolved, 3 still held (3 in the list)
2026-10-09 20:30:15  Recorder: held lines: 0 from FinCom, 0 asked, 0 resolved, 3 still held (3 in the list)
2026-10-09 20:30:15  Recorder: held lines: 0 from FinCom, 0 asked, 0 resolved, 3 still held (3 in the list)
2026-10-09 20:30:16  Recorder: held lines: 0 from FinCom, 0 asked, 0 resolved, 3 still held (3 in the list)
2026-10-09 20:30:16  Recorder: held lines: 0 from FinCom, 0 asked, 0 resolved, 3 still held (3 in the list)
2026-10-09 20:30:16  Recorder: held lines: 0 from FinCom, 0 asked, 0 resolved, 3 still held (3 in the list)
2026-10-09 20:30:16  Recorder: held lines: 0 from FinCom, 0 asked, 0 resolved, 3 still held (3 in the list)
2026-10-09 20:30:17  Recorder: held lines: 0 from FinCom, 0 asked, 0 resolved, 3 still held (3 in the list)
2026-10-09 20:30:17  Recorder: held lines: 0 from FinCom, 0 asked, 0 resolved, 3 still held (3 in the list)
2026-10-09 20:30:17  Recorder: held lines: 0 from FinCom, 0 asked, 0 resolved, 3 still held (3 in the list)
2026-10-09 20:30:17  Recorder: held lines: 0 from FinCom, 0 asked, 0 resolved, 3 still held (3 in the list)
2026-10-09 20:30:18  Recorder: held lines: 0 from FinCom, 0 asked, 0 resolved, 3 still held (3 in the list)
2026-10-09 20:30:18  Recorder: held lines: 0 from FinCom, 0 asked, 0 resolved, 3 still held (3 in the list)
2026-10-09 20:30:18  Recorder: held lines: 0 from FinCom, 0 asked, 0 resolved, 3 still held (3 in the list)
2026-10-09 20:30:18  Recorder: held lines: 0 from FinCom, 0 asked, 0 resolved, 3 still held (3 in the list)
2026-10-09 20:30:19  Recorder: held lines: 0 from FinCom, 0 asked, 0 resolved, 3 still held (3 in the list)
2026-10-09 20:30:19  Recorder: held lines: 0 from FinCom, 0 asked, 0 resolved, 3 still held (3 in the list)
2026-10-09 20:30:19  Recorder: held lines: 0 from FinCom, 0 asked, 0 resolved, 3 still held (3 in the list)
2026-10-09 20:30:20  Recorder: held lines: 0 from FinCom, 0 asked, 0 resolved, 3 still held (3 in the list)
2026-10-09 20:30:20  Recorder: held lines: 0 from FinCom, 0 asked, 0 resolved, 3 still held (3 in the list)
2026-10-09 20:30:20  Reading from Tally resumed from FinCom (it was stopped: Stopped by the owner from FinCom (harness s1))
2026-10-09 20:30:20  Recorder: Receipt 1 of 31-Oct-2026 (MasterID 3, line 326afb11…): taken: Tally's GUID 1f1024d2-9df5-4301-aa56-03e5d11daa53-00000003, AlterID 7
2026-10-09 20:30:20  Recorder: Receipt 1 of 20261031 in FinCom Spike Co resolved: sent as altered with its GUID 1f1024d2-9df5-4301-aa56-03e5d11daa53-00000003 and body
2026-10-09 20:30:21  Recorder: entry fetch of FinCom Spike Co: answered in 26 ms
2026-10-09 20:30:21  Recorder: Receipt 4 of 02-Oct-2026 (MasterID 6, line 26bf2850…): taken: Tally's GUID 1f1024d2-9df5-4301-aa56-03e5d11daa53-00000006, AlterID 6
2026-10-09 20:30:21  Recorder: Receipt 4 of 20261002 in FinCom Spike Co resolved: sent as created with its GUID 1f1024d2-9df5-4301-aa56-03e5d11daa53-00000006 and body
2026-10-09 20:30:21  Recorder: Receipt 2 of 01-Nov-2026 (MasterID 4, line 5b2f93c3…): asking Tally again (a held line, ask 1 of 1: one request; if it stops or fails the line ends with the Day Book words)
2026-10-09 20:30:21  Recorder: entry fetch of FinCom Spike Co: answered in 13 ms
2026-10-09 20:30:21  Recorder: entry fetch of FinCom Spike Co: answered in 23 ms
2026-10-09 20:30:22  Recorder: FinCom Spike Co: delete of mid 4: not in this Tally (asked by MasterID): proven deleted here
2026-10-09 20:30:22  Recorder: Receipt 2 of 01-Nov-2026 (MasterID 4, line 5b2f93c3…): proven in this Tally now: the delete goes as 5b2f93c3d7da37a9b967cab1d93f1c5d:resolved
2026-10-09 20:30:22  Recorder: held lines: 0 from FinCom, 3 asked, 3 resolved, 0 still held (3 in the list)
2026-10-09 20:30:22  Recorder: FinCom Spike Co: delete of mid 4: GUID from the bridge's record: 1f1024d2-9df5-4301-aa56-03e5d11daa53-00000004; the GUID its MasterID makes agrees
2026-10-09 20:30:22  Renumbering: made Receipt 4 of 02-Oct-2026 in FinCom Spike Co: FinCom holds 0 later Receipt entries; each is read again from Tally to see whether Tally renumbered it
2026-10-09 20:30:35  Reading from Tally stopped on this computer from FinCom: Stopped by the owner from FinCom (harness s3). Postings still go; reading starts again only from FinCom
2026-10-09 20:31:03  Recorder: Receipt 3 of 02-Nov-2026 (MasterID 5, line 29d11f0d…): asking Tally by MasterID
2026-10-09 20:31:03  Recorder: FinCom Spike Co: delete of mid 5: held: this computer's Tally could not be asked whether it was deleted here (waiting: reading from Tally is stopped from FinCom; asked again when it is resumed); not sent as a delete: held
2026-10-09 20:31:03  Recorder: Receipt 3 of 02-Nov-2026 (MasterID 5, line 29d11f0d…): asking Tally again (a held line, ask 1 of 1: one request; if it stops or fails the line ends with the Day Book words)
2026-10-09 20:31:03  Recorder: Receipt 3 of 02-Nov-2026 (MasterID 5, line 29d11f0d…): not asked this time: Reading from Tally is stopped on this computer from FinCom (Stopped by the owner from FinCom (harness s3), 2026-10-09 20:30:34); nothing was sent to Tally. Post; asked when reading is resumed (not counted as a try)
2026-10-09 20:31:03  Recorder: held lines: 0 from FinCom, 0 asked, 0 resolved, 1 still held (1 in the list)
2026-10-09 20:31:03  Renumbering: deleted Receipt 3 of 02-Nov-2026 in FinCom Spike Co: FinCom holds 0 later Receipt entries; each is read again from Tally to see whether Tally renumbered it
2026-10-09 20:31:03  Recorder: held lines: 0 from FinCom, 0 asked, 0 resolved, 1 still held (1 in the list)
2026-10-09 20:31:03  Recorder: held lines: 0 from FinCom, 0 asked, 0 resolved, 1 still held (1 in the list)
2026-10-09 20:31:03  Recorder: held lines: 0 from FinCom, 0 asked, 0 resolved, 1 still held (1 in the list)
2026-10-09 20:31:04  Recorder: held lines: 0 from FinCom, 0 asked, 0 resolved, 1 still held (1 in the list)
2026-10-09 20:31:04  Recorder: held lines: 0 from FinCom, 0 asked, 0 resolved, 1 still held (1 in the list)
2026-10-09 20:31:04  Recorder: held lines: 0 from FinCom, 0 asked, 0 resolved, 1 still held (1 in the list)
2026-10-09 20:31:04  Recorder: held lines: 0 from FinCom, 0 asked, 0 resolved, 1 still held (1 in the list)
2026-10-09 20:31:05  Recorder: held lines: 0 from FinCom, 0 asked, 0 resolved, 1 still held (1 in the list)
2026-10-09 20:31:05  Recorder: held lines: 0 from FinCom, 0 asked, 0 resolved, 1 still held (1 in the list)
2026-10-09 20:31:05  Recorder: held lines: 0 from FinCom, 0 asked, 0 resolved, 1 still held (1 in the list)
2026-10-09 20:31:05  Recorder: held lines: 0 from FinCom, 0 asked, 0 resolved, 1 still held (1 in the list)
2026-10-09 20:31:06  Recorder: held lines: 0 from FinCom, 0 asked, 0 resolved, 1 still held (1 in the list)
2026-10-09 20:31:06  Recorder: held lines: 0 from FinCom, 0 asked, 0 resolved, 1 still held (1 in the list)
2026-10-09 20:31:06  Recorder: held lines: 0 from FinCom, 0 asked, 0 resolved, 1 still held (1 in the list)
2026-10-09 20:31:06  Recorder: held lines: 0 from FinCom, 0 asked, 0 resolved, 1 still held (1 in the list)
2026-10-09 20:31:07  Recorder: held lines: 0 from FinCom, 0 asked, 0 resolved, 1 still held (1 in the list)
2026-10-09 20:31:07  Recorder: held lines: 0 from FinCom, 0 asked, 0 resolved, 1 still held (1 in the list)
2026-10-09 20:31:07  Recorder: held lines: 0 from FinCom, 0 asked, 0 resolved, 1 still held (1 in the list)
2026-10-09 20:31:07  Recorder: held lines: 0 from FinCom, 0 asked, 0 resolved, 1 still held (1 in the list)
2026-10-09 20:31:08  Recorder: held lines: 0 from FinCom, 0 asked, 0 resolved, 1 still held (1 in the list)
2026-10-09 20:31:08  Recorder: held lines: 0 from FinCom, 0 asked, 0 resolved, 1 still held (1 in the list)
2026-10-09 20:31:08  Recorder: held lines: 0 from FinCom, 0 asked, 0 resolved, 1 still held (1 in the list)
2026-10-09 20:31:08  Recorder: held lines: 0 from FinCom, 0 asked, 0 resolved, 1 still held (1 in the list)
2026-10-09 20:31:09  Recorder: held lines: 0 from FinCom, 0 asked, 0 resolved, 1 still held (1 in the list)
2026-10-09 20:31:09  Recorder: held lines: 0 from FinCom, 0 asked, 0 resolved, 1 still held (1 in the list)
2026-10-09 20:31:09  Recorder: held lines: 0 from FinCom, 0 asked, 0 resolved, 1 still held (1 in the list)
2026-10-09 20:31:10  Recorder: held lines: 0 from FinCom, 0 asked, 0 resolved, 1 still held (1 in the list)
2026-10-09 20:31:10  Recorder: held lines: 0 from FinCom, 0 asked, 0 resolved, 1 still held (1 in the list)
2026-10-09 20:31:10  Recorder: held lines: 0 from FinCom, 0 asked, 0 resolved, 1 still held (1 in the list)
2026-10-09 20:31:10  Recorder: held lines: 0 from FinCom, 0 asked, 0 resolved, 1 still held (1 in the list)
2026-10-09 20:31:11  Recorder: held lines: 0 from FinCom, 0 asked, 0 resolved, 1 still held (1 in the list)
2026-10-09 20:31:11  Restarting: asked from the tray icon
2026-10-09 20:31:12  FinCom Bridge 2.4.1 (Go) started on 127.0.0.1:9100: the only bridge on this computer; working for runnervmfi6oq\runneradmin, Windows session 2; runs just for this Windows user (starts at sign-in, no service)
2026-10-09 20:31:12  Tally is open on port 9000; the bridge reads it only after an event (a client opened in FinCom, Update now, a posting, the nightly catch-up at 19:00)
2026-10-09 20:31:12  Recorder: Receipt 3 of 02-Nov-2026 (MasterID 5, line 29d11f0d…): asking Tally again (a held line, ask 1 of 1: one request; if it stops or fails the line ends with the Day Book words)
2026-10-09 20:31:12  Recorder: Receipt 3 of 02-Nov-2026 (MasterID 5, line 29d11f0d…): not asked this time: Reading from Tally is stopped on this computer from FinCom (Stopped by the owner from FinCom (harness s3), 2026-10-09 20:30:34); nothing was sent to Tally. Post; asked when reading is resumed (not counted as a try)
2026-10-09 20:31:12  Recorder: held lines: 0 from FinCom, 0 asked, 0 resolved, 1 still held (1 in the list)
2026-10-09 20:31:12  Check:  - 
2026-10-09 20:31:12  Recorder: held lines: 0 from FinCom, 0 asked, 0 resolved, 1 still held (1 in the list)
2026-10-09 20:31:12  Recorder: held lines: 0 from FinCom, 0 asked, 0 resolved, 1 still held (1 in the list)
2026-10-09 20:31:13  Recorder: held lines: 0 from FinCom, 0 asked, 0 resolved, 1 still held (1 in the list)
2026-10-09 20:31:13  Recorder: held lines: 0 from FinCom, 0 asked, 0 resolved, 1 still held (1 in the list)
2026-10-09 20:31:13  Recorder: held lines: 0 from FinCom, 0 asked, 0 resolved, 1 still held (1 in the list)
2026-10-09 20:31:13  Recorder: held lines: 0 from FinCom, 0 asked, 0 resolved, 1 still held (1 in the list)
2026-10-09 20:31:14  Recorder: held lines: 0 from FinCom, 0 asked, 0 resolved, 1 still held (1 in the list)
2026-10-09 20:31:14  Recorder: held lines: 0 from FinCom, 0 asked, 0 resolved, 1 still held (1 in the list)
2026-10-09 20:31:14  Recorder: held lines: 0 from FinCom, 0 asked, 0 resolved, 1 still held (1 in the list)
2026-10-09 20:31:15  Recorder: held lines: 0 from FinCom, 0 asked, 0 resolved, 1 still held (1 in the list)
2026-10-09 20:31:15  Recorder: held lines: 0 from FinCom, 0 asked, 0 resolved, 1 still held (1 in the list)
2026-10-09 20:31:15  Light check of FinCom Spike Co: skipped: reading is stopped from FinCom (Stopped by the owner from FinCom (harness s3))
2026-10-09 20:31:15  Trial tools switched on for this computer in FinCom: the tray shows the trial items
2026-10-09 20:31:15  Recorder: held lines: 0 from FinCom, 0 asked, 0 resolved, 1 still held (1 in the list)
2026-10-09 20:31:15  Recorder: held lines: 0 from FinCom, 0 asked, 0 resolved, 1 still held (1 in the list)
2026-10-09 20:31:16  Recorder: held lines: 0 from FinCom, 0 asked, 0 resolved, 1 still held (1 in the list)
2026-10-09 20:31:16  Recorder: held lines: 0 from FinCom, 0 asked, 0 resolved, 1 still held (1 in the list)
2026-10-09 20:31:16  Recorder: held lines: 0 from FinCom, 0 asked, 0 resolved, 1 still held (1 in the list)
2026-10-09 20:31:16  Recorder: held lines: 0 from FinCom, 0 asked, 0 resolved, 1 still held (1 in the list)
2026-10-09 20:31:17  Recorder: held lines: 0 from FinCom, 0 asked, 0 resolved, 1 still held (1 in the list)
2026-10-09 20:31:17  Recorder: held lines: 0 from FinCom, 0 asked, 0 resolved, 1 still held (1 in the list)
2026-10-09 20:31:17  Recorder: held lines: 0 from FinCom, 0 asked, 0 resolved, 1 still held (1 in the list)
2026-10-09 20:31:17  Recorder: held lines: 0 from FinCom, 0 asked, 0 resolved, 1 still held (1 in the list)
2026-10-09 20:31:18  Recorder: held lines: 0 from FinCom, 0 asked, 0 resolved, 1 still held (1 in the list)
2026-10-09 20:31:18  Recorder: held lines: 0 from FinCom, 0 asked, 0 resolved, 1 still held (1 in the list)
2026-10-09 20:31:18  Recorder: held lines: 0 from FinCom, 0 asked, 0 resolved, 1 still held (1 in the list)
2026-10-09 20:31:18  Recorder: held lines: 0 from FinCom, 0 asked, 0 resolved, 1 still held (1 in the list)
2026-10-09 20:31:19  Recorder: held lines: 0 from FinCom, 0 asked, 0 resolved, 1 still held (1 in the list)
2026-10-09 20:31:19  Recorder: held lines: 0 from FinCom, 0 asked, 0 resolved, 1 still held (1 in the list)
2026-10-09 20:31:19  Recorder: held lines: 0 from FinCom, 0 asked, 0 resolved, 1 still held (1 in the list)
2026-10-09 20:31:19  Recorder: held lines: 0 from FinCom, 0 asked, 0 resolved, 1 still held (1 in the list)
2026-10-09 20:31:20  Recorder: held lines: 0 from FinCom, 0 asked, 0 resolved, 1 still held (1 in the list)
2026-10-09 20:31:20  Recorder: held lines: 0 from FinCom, 0 asked, 0 resolved, 1 still held (1 in the list)
2026-10-09 20:31:20  Recorder: held lines: 0 from FinCom, 0 asked, 0 resolved, 1 still held (1 in the list)
2026-10-09 20:31:20  Recorder: held lines: 0 from FinCom, 0 asked, 0 resolved, 1 still held (1 in the list)
2026-10-09 20:31:21  Recorder: held lines: 0 from FinCom, 0 asked, 0 resolved, 1 still held (1 in the list)
2026-10-09 20:31:21  Recorder: held lines: 0 from FinCom, 0 asked, 0 resolved, 1 still held (1 in the list)
2026-10-09 20:31:21  Recorder: held lines: 0 from FinCom, 0 asked, 0 resolved, 1 still held (1 in the list)
2026-10-09 20:31:21  Recorder: held lines: 0 from FinCom, 0 asked, 0 resolved, 1 still held (1 in the list)
2026-10-09 20:31:22  Recorder: held lines: 0 from FinCom, 0 asked, 0 resolved, 1 still held (1 in the list)
2026-10-09 20:31:22  Recorder: held lines: 0 from FinCom, 0 asked, 0 resolved, 1 still held (1 in the list)
2026-10-09 20:31:22  Recorder: held lines: 0 from FinCom, 0 asked, 0 resolved, 1 still held (1 in the list)
2026-10-09 20:31:22  Recorder: held lines: 0 from FinCom, 0 asked, 0 resolved, 1 still held (1 in the list)
2026-10-09 20:31:23  Recorder: held lines: 0 from FinCom, 0 asked, 0 resolved, 1 still held (1 in the list)
2026-10-09 20:31:23  Recorder: held lines: 0 from FinCom, 0 asked, 0 resolved, 1 still held (1 in the list)
2026-10-09 20:31:23  Recorder: held lines: 0 from FinCom, 0 asked, 0 resolved, 1 still held (1 in the list)
2026-10-09 20:31:23  Recorder: held lines: 0 from FinCom, 0 asked, 0 resolved, 1 still held (1 in the list)
2026-10-09 20:31:24  Recorder: held lines: 0 from FinCom, 0 asked, 0 resolved, 1 still held (1 in the list)
2026-10-09 20:31:24  Recorder: held lines: 0 from FinCom, 0 asked, 0 resolved, 1 still held (1 in the list)
2026-10-09 20:31:24  Recorder: held lines: 0 from FinCom, 0 asked, 0 resolved, 1 still held (1 in the list)
2026-10-09 20:31:24  Recorder: held lines: 0 from FinCom, 0 asked, 0 resolved, 1 still held (1 in the list)
2026-10-09 20:31:25  Recorder: held lines: 0 from FinCom, 0 asked, 0 resolved, 1 still held (1 in the list)
2026-10-09 20:31:25  Recorder: held lines: 0 from FinCom, 0 asked, 0 resolved, 1 still held (1 in the list)
2026-10-09 20:31:25  Recorder: held lines: 0 from FinCom, 0 asked, 0 resolved, 1 still held (1 in the list)
2026-10-09 20:31:25  Recorder: held lines: 0 from FinCom, 0 asked, 0 resolved, 1 still held (1 in the list)
2026-10-09 20:31:26  Recorder: held lines: 0 from FinCom, 0 asked, 0 resolved, 1 still held (1 in the list)
2026-10-09 20:31:26  Recorder: held lines: 0 from FinCom, 0 asked, 0 resolved, 1 still held (1 in the list)
2026-10-09 20:31:26  Recorder: held lines: 0 from FinCom, 0 asked, 0 resolved, 1 still held (1 in the list)
2026-10-09 20:31:26  Recorder: held lines: 0 from FinCom, 0 asked, 0 resolved, 1 still held (1 in the list)
2026-10-09 20:31:27  Recorder: held lines: 0 from FinCom, 0 asked, 0 resolved, 1 still held (1 in the list)
2026-10-09 20:31:27  Recorder: held lines: 0 from FinCom, 0 asked, 0 resolved, 1 still held (1 in the list)
2026-10-09 20:31:27  Recorder: held lines: 0 from FinCom, 0 asked, 0 resolved, 1 still held (1 in the list)
2026-10-09 20:31:27  Recorder: held lines: 0 from FinCom, 0 asked, 0 resolved, 1 still held (1 in the list)
2026-10-09 20:31:28  Recorder: held lines: 0 from FinCom, 0 asked, 0 resolved, 1 still held (1 in the list)
2026-10-09 20:31:28  Recorder: held lines: 0 from FinCom, 0 asked, 0 resolved, 1 still held (1 in the list)
2026-10-09 20:31:28  Recorder: held lines: 0 from FinCom, 0 asked, 0 resolved, 1 still held (1 in the list)
2026-10-09 20:31:28  Recorder: held lines: 0 from FinCom, 0 asked, 0 resolved, 1 still held (1 in the list)
2026-10-09 20:31:29  Recorder: held lines: 0 from FinCom, 0 asked, 0 resolved, 1 still held (1 in the list)
2026-10-09 20:31:29  Recorder: held lines: 0 from FinCom, 0 asked, 0 resolved, 1 still held (1 in the list)
2026-10-09 20:31:29  Recorder: held lines: 0 from FinCom, 0 asked, 0 resolved, 1 still held (1 in the list)
2026-10-09 20:31:29  Recorder: held lines: 0 from FinCom, 0 asked, 0 resolved, 1 still held (1 in the list)
2026-10-09 20:31:30  Recorder: held lines: 0 from FinCom, 0 asked, 0 resolved, 1 still held (1 in the list)
2026-10-09 20:31:30  Recorder: held lines: 0 from FinCom, 0 asked, 0 resolved, 1 still held (1 in the list)
2026-10-09 20:31:30  Recorder: held lines: 0 from FinCom, 0 asked, 0 resolved, 1 still held (1 in the list)
2026-10-09 20:31:30  Recorder: held lines: 0 from FinCom, 0 asked, 0 resolved, 1 still held (1 in the list)
2026-10-09 20:31:31  Recorder: held lines: 0 from FinCom, 0 asked, 0 resolved, 1 still held (1 in the list)
2026-10-09 20:31:31  Recorder: held lines: 0 from FinCom, 0 asked, 0 resolved, 1 still held (1 in the list)
2026-10-09 20:31:31  Recorder: held lines: 0 from FinCom, 0 asked, 0 resolved, 1 still held (1 in the list)
2026-10-09 20:31:31  Recorder: held lines: 0 from FinCom, 0 asked, 0 resolved, 1 still held (1 in the list)
2026-10-09 20:31:32  Recorder: held lines: 0 from FinCom, 0 asked, 0 resolved, 1 still held (1 in the list)
2026-10-09 20:31:32  Recorder: held lines: 0 from FinCom, 0 asked, 0 resolved, 1 still held (1 in the list)
2026-10-09 20:31:32  Recorder: held lines: 0 from FinCom, 0 asked, 0 resolved, 1 still held (1 in the list)
2026-10-09 20:31:32  Recorder: held lines: 0 from FinCom, 0 asked, 0 resolved, 1 still held (1 in the list)
2026-10-09 20:31:33  Recorder: held lines: 0 from FinCom, 0 asked, 0 resolved, 1 still held (1 in the list)
2026-10-09 20:31:33  Recorder: held lines: 0 from FinCom, 0 asked, 0 resolved, 1 still held (1 in the list)
2026-10-09 20:31:33  Recorder: held lines: 0 from FinCom, 0 asked, 0 resolved, 1 still held (1 in the list)
2026-10-09 20:31:34  Recorder: held lines: 0 from FinCom, 0 asked, 0 resolved, 1 still held (1 in the list)
2026-10-09 20:31:34  Recorder: held lines: 0 from FinCom, 0 asked, 0 resolved, 1 still held (1 in the list)
2026-10-09 20:31:34  Recorder: held lines: 0 from FinCom, 0 asked, 0 resolved, 1 still held (1 in the list)
2026-10-09 20:31:34  Recorder: held lines: 0 from FinCom, 0 asked, 0 resolved, 1 still held (1 in the list)
2026-10-09 20:31:35  Recorder: held lines: 0 from FinCom, 0 asked, 0 resolved, 1 still held (1 in the list)
2026-10-09 20:31:35  Recorder: held lines: 0 from FinCom, 0 asked, 0 resolved, 1 still held (1 in the list)
2026-10-09 20:31:35  Recorder: held lines: 0 from FinCom, 0 asked, 0 resolved, 1 still held (1 in the list)
2026-10-09 20:31:35  Recorder: held lines: 0 from FinCom, 0 asked, 0 resolved, 1 still held (1 in the list)
2026-10-09 20:31:36  Recorder: held lines: 0 from FinCom, 0 asked, 0 resolved, 1 still held (1 in the list)
2026-10-09 20:31:36  Recorder: held lines: 0 from FinCom, 0 asked, 0 resolved, 1 still held (1 in the list)
2026-10-09 20:31:36  Recorder: held lines: 0 from FinCom, 0 asked, 0 resolved, 1 still held (1 in the list)
2026-10-09 20:31:36  Recorder: held lines: 0 from FinCom, 0 asked, 0 resolved, 1 still held (1 in the list)
2026-10-09 20:31:37  Recorder: held lines: 0 from FinCom, 0 asked, 0 resolved, 1 still held (1 in the list)
2026-10-09 20:31:37  Recorder: held lines: 0 from FinCom, 0 asked, 0 resolved, 1 still held (1 in the list)
2026-10-09 20:31:37  Recorder: held lines: 0 from FinCom, 0 asked, 0 resolved, 1 still held (1 in the list)
2026-10-09 20:31:37  Recorder: held lines: 0 from FinCom, 0 asked, 0 resolved, 1 still held (1 in the list)
2026-10-09 20:31:38  Recorder: held lines: 0 from FinCom, 0 asked, 0 resolved, 1 still held (1 in the list)
2026-10-09 20:31:38  Recorder: held lines: 0 from FinCom, 0 asked, 0 resolved, 1 still held (1 in the list)
2026-10-09 20:31:38  Recorder: held lines: 0 from FinCom, 0 asked, 0 resolved, 1 still held (1 in the list)
2026-10-09 20:31:38  Recorder: held lines: 0 from FinCom, 0 asked, 0 resolved, 1 still held (1 in the list)
2026-10-09 20:31:39  Recorder: held lines: 0 from FinCom, 0 asked, 0 resolved, 1 still held (1 in the list)
2026-10-09 20:31:39  Recorder: held lines: 0 from FinCom, 0 asked, 0 resolved, 1 still held (1 in the list)
2026-10-09 20:31:39  Recorder: held lines: 0 from FinCom, 0 asked, 0 resolved, 1 still held (1 in the list)
2026-10-09 20:31:39  Recorder: held lines: 0 from FinCom, 0 asked, 0 resolved, 1 still held (1 in the list)
2026-10-09 20:31:40  Recorder: held lines: 0 from FinCom, 0 asked, 0 resolved, 1 still held (1 in the list)
2026-10-09 20:31:40  Recorder: held lines: 0 from FinCom, 0 asked, 0 resolved, 1 still held (1 in the list)
2026-10-09 20:31:40  Reading from Tally resumed from FinCom (it was stopped: Stopped by the owner from FinCom (harness s3))
2026-10-09 20:31:41  Recorder: entry fetch of FinCom Spike Co: answered in 26 ms
2026-10-09 20:31:41  Recorder: entry fetch of FinCom Spike Co: answered in 17 ms
2026-10-09 20:31:41  Recorder: FinCom Spike Co: delete of mid 5: not in this Tally (asked by MasterID): proven deleted here
2026-10-09 20:31:41  Recorder: Receipt 3 of 02-Nov-2026 (MasterID 5, line 29d11f0d…): proven in this Tally now: the delete goes as 29d11f0d64e6b15b25dd26b7abcf92a7:resolved
2026-10-09 20:31:41  Recorder: held lines: 0 from FinCom, 1 asked, 1 resolved, 0 still held (1 in the list)
2026-10-09 20:31:41  Recorder: FinCom Spike Co: delete of mid 5: GUID from the bridge's record: 1f1024d2-9df5-4301-aa56-03e5d11daa53-00000005; the GUID its MasterID makes agrees
2026-10-09 20:31:41  Renumbering: deleted Receipt 3 of 02-Nov-2026 in FinCom Spike Co: FinCom holds 0 later Receipt entries; each is read again from Tally to see whether Tally renumbered it
2026-10-09 20:31:45  Company FinCom Spike Co: change numbers read with form a: ALTVCHID=11, ALTMSTID=209
2026-10-09 20:31:45  Light check of FinCom Spike Co: unchanged starting point ALTVCHID=2; now ALTVCHID=11, ALTMSTID=209
2026-10-09 20:32:23  Recorder: Receipt 5 of 01-Dec-2026 (MasterID 9, line 86d2a934…): asking Tally by MasterID
2026-10-09 20:32:25  Tally 9000: Other took 2.2s and failed: Tally took longer than the recorder's limit; the bridge stopped waiting (2 s)
2026-10-09 20:32:25  Tally 9000 did not answer in time at 20:32:25 (FinComVoucherObject, try 1); trying again by itself at 20:32:40
2026-10-09 20:32:25  Recorder: entry fetch of FinCom Spike Co: over 2 s (stopped)
2026-10-09 20:32:25  Recorder: Receipt 5 of 01-Dec-2026 (MasterID 9, line 86d2a934…): held at once: waiting: Tally took longer than 2 s; FinCom asks once more at 20:37 (sent now without its body; FinCom shows it held, and this bridge asks Tally once more)
2026-10-09 20:32:43  Tally 9000 finished the request the bridge stopped waiting for (FinComVoucherObject) 18s after the stop; its answer is discarded and the next request goes now
2026-10-09 20:36:09  Notification shown: Tally not open (tally:d47ca5d986f61bed; not shown again for this problem)
2026-10-09 20:37:25  Recorder: Receipt 5 of 01-Dec-2026 (MasterID 9, line 86d2a934…): asking Tally again (a held line, ask 1 of 1: one request; if it stops or fails the line ends with the Day Book words)
2026-10-09 20:37:25  Recorder: Receipt 5 of 01-Dec-2026 (MasterID 9, line 86d2a934…): not asked this time: TallyPrime is not running in your Windows login, or does not accept connections (F1 Help > Settings > Connectivity: TallyPrime acts as Both). (not counted as a try)
2026-10-09 20:37:25  Recorder: held lines: 0 from FinCom, 1 asked, 0 resolved, 1 still held (1 in the list)
