[12:36:07] ---- c1 install and open the company (TallyPrime 4.1)
  INFO installed: C:\Program Files\TallyPrime\tally.exe; tally.exe 15413896 bytes, 2026-10-08, FileVersion 1.1.4.1, ProductVersion 1.1.4.1, ProductName TallyPrime
  INFO company folder made by flow.ps1: D:\a\_temp\TallyData\100000
[keys] 'a' -> Tally 'TallyPrime:9000'
[keys] 't' -> Tally 'TallyPrime:9000'
[shot] v-00-started (1024x768)
[companies] 8 ms: <ENVELOPE><HEADER><VERSION>1</VERSION><STATUS>1</STATUS></HEADER><BODY><DESC><CMPINFO><COMPANY>0</COMPANY><GROUP>0</GROUP><LEDGER>0</LEDGER><COSTCATEGORY>0</COSTCATEGORY><COSTCENTRE>0</COSTCENTRE><GODOWN>0</GODOWN><STOCKGROUP>0</STOCKGROUP><STOCKCATEGORY>0</STOCKCATEGORY><STOCKITEM>0</STOCKITEM><VOUCHERTYPE>0</VOUCHERTYPE><CURRENCY>0</CURRENCY><UNIT>0</UNIT><BUDGET>0</BUDGET><CLIENTRULE>0</CLIENTRULE><SERVERRULE>0</SERVERRULE><STATE>0</STATE><TDSRATE>0</TDSRATE><TAXCLASSIFICATION>0</TAXCLASSIFICATION><STCATEGORY>0</STCATEGORY><DEDUCTEETYPE>0</DEDUCTEETYPE><ATTENDANCETYPE>0</ATTENDANCETYPE><FBT...
[header] 9 ms: <ENVELOPE><HEADER><VERSION>1</VERSION><STATUS>1</STATUS><PRODMAJORVER>1</PRODMAJORVER><PRODMINORVER>1</PRODMINORVER><PRODMAJORREL>4</PRODMAJORREL><PRODMINORREL>1</PRODMINORREL><PRODTYPE>5</PRODTYPE></HEADER><BODY><DESC><CMPINFO><COMPANY>0</COMPANY><GROUP>0</GROUP><LEDGER>0</LEDGER><COSTCATEGORY>0</COSTCATEGORY><COSTCENTRE>0</COSTCENTRE><GODOWN>0</GODOWN><STOCKGROUP>0</STOCKGROUP><STOCKCATEGORY>0</STOCKCATEGORY><STOCKITEM>0</STOCKITEM><VOUCHERTYPE>0</VOUCHERTYPE><CURRENCY>0</CURRENCY><UNIT>0</UNIT><BUDGET>0</BUDGET><CLIENTRULE>0</CLIENTRULE><SERVERRULE>0</SERVERRULE><STATE>0</STATE><TDSRATE>0</...
  INFO Tally's own release in its answer header: PRODMAJORREL 4 PRODMINORREL 1 (PRODMAJORVER 1 PRODMINORVER 1 PRODTYPE 5)
######## PASS c1 install and open the company: installed tally.exe 15413896 bytes, 2026-10-08, FileVersion 1.1.4.1, ProductVersion 1.1.4.1, ProductName TallyPrime; company folder 100000 loaded at start: True; window 'TallyPrime:9000'
######## PASS c2 port and company list: port 9000 answered 10.2 s after start, GET 22 ms ('<RESPONSE>TallyPrime Server is Running</RESPONSE>'); company list 8 ms, 'FinCom Spike Co' in it: True
[12:36:40] ---- bank: does any event fire when a bank date is set (probe), and what it costs
[bank masters] 19 ms: <RESPONSE><CREATED>2</CREATED><ALTERED>0</ALTERED><DELETED>0</DELETED><LASTVCHID>0</LASTVCHID><LASTMID>0</LASTMID><COMBINED>0</COMBINED><IGNORED>0</IGNORED><ERRORS>0</ERRORS><CANCELLED>0</CANCELLED><EXCEPTIONS>0</EXCEPTIONS></RESPONSE>
  INFO bank masters: <CREATED>2</CREATED> <ALTERED>0</ALTERED> <DELETED>0</DELETED> <LASTVCHID>0</LASTVCHID> <LASTMID>0</LASTMID> <COMBINED>0</COMBINED> <IGNORED>0</IGNORED> <ERRORS>0</ERRORS>
[bank contras] 67 ms: <RESPONSE><CREATED>8</CREATED><ALTERED>0</ALTERED><DELETED>0</DELETED><LASTVCHID>9</LASTVCHID><LASTMID>0</LASTMID><COMBINED>0</COMBINED><IGNORED>0</IGNORED><ERRORS>0</ERRORS><CANCELLED>0</CANCELLED><EXCEPTIONS>0</EXCEPTIONS></RESPONSE>
  INFO bank contras with bank allocations (C1-C6 2-10-2026 Share Bank, A1-A2 1-10-2026 Zprobe Bank): created 8 of 8; <ERRORS>0</ERRORS> 
  INFO contra 'bank probe A1' mid 8 aid 8 no 7 bank date ''
  INFO contra 'bank probe A2' mid 9 aid 9 no 8 bank date ''
  INFO contra 'bank probe C1' mid 2 aid 2 no 1 bank date ''
  INFO contra 'bank probe C2' mid 3 aid 3 no 2 bank date ''
  INFO contra 'bank probe C3' mid 4 aid 4 no 3 bank date ''
  INFO contra 'bank probe C4' mid 5 aid 5 no 4 bank date ''
  INFO contra 'bank probe C5' mid 6 aid 6 no 5 bank date ''
  INFO contra 'bank probe C6' mid 7 aid 7 no 6 bank date ''
  INFO discovery yardstick (a report that is not there): <ENVELOPE> <HEADER> <VERSION>1</VERSION> <STATUS>0</STATUS> </HEADER> <BODY> <DATA> <LINEERROR>Could not find Report &apos;<N>&apos;!</LINEERROR> </DATA> </BODY> </ENVELOPE> 
  INFO discovery control 'Day Book': 41475 chars, known: True
  INFO discovery 'Bank Recon': known True (11 ms; <ENVELOPE></ENVELOPE> )
  INFO discovery 'Bank Reconciliation': known False (4 ms; <ENVELOPE> <HEADER> <VERSION>1</VERSION> <STATUS>0</STATUS> </HEADER> <BODY> <DATA> <LINEERROR>Could not find Report &apos;<N>&apos;!</LINEERROR> </DATA> </BODY)
  INFO discovery 'BankRecon': known True (6 ms; <ENVELOPE></ENVELOPE> )
  INFO discovery 'Bank Recon Summary': known False (3 ms; <ENVELOPE> <HEADER> <VERSION>1</VERSION> <STATUS>0</STATUS> </HEADER> <BODY> <DATA> <LINEERROR>Could not find Report &apos;<N>&apos;!</LINEERROR> </DATA> </BODY)
  INFO discovery 'Bank Reconciliation Summary': known False (3 ms; <ENVELOPE> <HEADER> <VERSION>1</VERSION> <STATUS>0</STATUS> </HEADER> <BODY> <DATA> <LINEERROR>Could not find Report &apos;<N>&apos;!</LINEERROR> </DATA> </BODY)
  INFO discovery 'Manual Bank Recon': known False (3 ms; <ENVELOPE> <HEADER> <VERSION>1</VERSION> <STATUS>0</STATUS> </HEADER> <BODY> <DATA> <LINEERROR>Could not find Report &apos;<N>&apos;!</LINEERROR> </DATA> </BODY)
  INFO discovery 'Bank Recon Manual': known False (3 ms; <ENVELOPE> <HEADER> <VERSION>1</VERSION> <STATUS>0</STATUS> </HEADER> <BODY> <DATA> <LINEERROR>Could not find Report &apos;<N>&apos;!</LINEERROR> </DATA> </BODY)
  INFO discovery 'BRS': known False (3 ms; <ENVELOPE> <HEADER> <VERSION>1</VERSION> <STATUS>0</STATUS> </HEADER> <BODY> <DATA> <LINEERROR>Could not find Report &apos;<N>&apos;!</LINEERROR> </DATA> </BODY)
  INFO discovery 'Bank Allocations': known False (3 ms; <ENVELOPE> <HEADER> <VERSION>1</VERSION> <STATUS>0</STATUS> </HEADER> <BODY> <DATA> <LINEERROR>Could not find Report &apos;<N>&apos;!</LINEERROR> </DATA> </BODY)
  INFO discovery 'VCH BankAllocations': known True (9 ms; <ENVELOPE></ENVELOPE> )
  INFO discovery 'Bank Allocation': known False (3 ms; <ENVELOPE> <HEADER> <VERSION>1</VERSION> <STATUS>0</STATUS> </HEADER> <BODY> <DATA> <LINEERROR>Could not find Report &apos;<N>&apos;!</LINEERROR> </DATA> </BODY)
  INFO discovery 'VCH Bank Allocations': known True (5 ms; <ENVELOPE></ENVELOPE> )
  INFO discovery 'BankAllocations': known False (3 ms; <ENVELOPE> <HEADER> <VERSION>1</VERSION> <STATUS>0</STATUS> </HEADER> <BODY> <DATA> <LINEERROR>Could not find Report &apos;<N>&apos;!</LINEERROR> </DATA> </BODY)
  INFO discovery 'VCH BankAllocation': known False (3 ms; <ENVELOPE> <HEADER> <VERSION>1</VERSION> <STATUS>0</STATUS> </HEADER> <BODY> <DATA> <LINEERROR>Could not find Report &apos;<N>&apos;!</LINEERROR> </DATA> </BODY)
  INFO discovery 'Voucher Bank Allocations': known False (4 ms; <ENVELOPE> <HEADER> <VERSION>1</VERSION> <STATUS>0</STATUS> </HEADER> <BODY> <DATA> <LINEERROR>Could not find Report &apos;<N>&apos;!</LINEERROR> </DATA> </BODY)
  INFO BRS form names probed: Bank Recon / BankRecon; Bank Allocations form names probed: VCH BankAllocations / VCH Bank Allocations
[12:36:41] ---- BK0 the add-on of the ref only
[shot] tds-001-gw0 (1024x768)
[12:36:44] [tds] screen tds-001-gw0 : x TallyPrime MANAGE EDU K: Company Gatewa of Tall CURRENT PERIOD I-Apr-26 to 31-Mar-27 NAME OF COMPANY FinCom Spike Co Y: Data Z: Exchange CURRENT OATE Wednesday, I-Apr-2026 O: Import E: Export M: Share p: print Fl: Help Date o a19ac Gateway of Tally MASTERS Create Alter CHart of Accounts TRANSACTIONS Vouchers Day 800K UTILITIES BaNking REPORTS Balance Sheet Profit & Loss A/c Stock Summary Ratio Analysis Display More Reports DashbOard Quit Unity Q upr-26 Search Company to ru c60b- c4e2— acep 19b- c4e2— acep 37.0' 926b- ening '66a5c ing j _id" : 1-01" 19b- Mode Windows Server 2025 Datacenter Bu...
[keys] '%g' -> Tally 'TallyPrime:9000'
[shot] tds-002-BK0-alloc-goto (1024x768)
[12:36:48] [tds] screen tds-002-BK0-alloc-goto : x R CEDU TallyPrime MANAGE K: Company List of Re Y: Data Its Z: Exchange O: Import E: Export M: Share p: print Fl: Help x FinCom Spike Co (Predefined) (Predefined) (Predefined) Saved Views Purchase Dashboard Sales Dashboard Outstanding MSME Bills Common Reports Dashboard Balance Sheet Profit & Loss A/c Cash/Bank Book Day Book Ledger Vouchers Stock Summary Trial Balance Bills Receivable Bills Payable Master and Voucher Statistics Stock Query Chart of Accounts Final Accounts Reports Receivables & Payables Reports Banking Utilities Ledger Reports Create Voucher Create Master Alter Master Expand A...
[keys] 'Day Book' -> Tally 'TallyPrime:9000'
[keys] '{ENTER}' -> Tally 'TallyPrime:9000'
[shot] tds-003-BK0-alloc-daybook (1024x768)
[12:36:55] [tds] screen tds-003-BK0-alloc-daybook : x R CEDU Da Book . Day Book Date _1-Apr-26 Unity Quit TallyPrime MANAGE K: Company Particulars Spike Party Enter: Alter Y: Data Space: Sekd Z: Exchange A Add Vch Q Search FinCom • ke Co Vch Type Journal O: Import Vch No. E: Export M: Share P: Print For upr-26 Fl: Help F2: Date o a19ac Company to ru Voucher Debit Amount Credit Amount Inwards Qty_ Outwards Qt 100.00 Type F 7: Show profit F8: Columnar FIO Basis of B: Values Change ¯ View Exception J: Reports Save View L: Apply F: — Filter F: Filter ¯ Details c60b- c4e2— acep 19b- c4e2— acep 37.0' 926b- ening '66a5c ing j _id" : 1-01" 19b- DuÅicat...
[keys] '{F2}' -> Tally 'TallyPrime:9000'
[shot] tds-004-BK0-alloc-db-date (1024x768)
[12:36:58] [tds] screen tds-004-BK0-alloc-db-date : TallyPrime MANAGE EDU K: Company Change Date Unity Quit Y: Data Z: Exchange A Accept Q Search O: Import E: Export M: Share p: print x Fl: Help FinCom Spike Co Change Date 1-4-2026 o a19ac to ru c60b- c4e2— acep 19b- c4e2— acep 37.0' 926b- ening '66a5c ing j _id" : 1-01" 19b- Mode Windows Server 2025 Datacenter Build 26100.ge_release240331-1435 12:36 PM 10/8/2026
[keys] '1-10-2026{ENTER}' -> Tally 'TallyPrime:9000'
[shot] tds-005-BK0-alloc-db-dated (1024x768)
[12:37:03] [tds] screen tds-005-BK0-alloc-db-dated : x TallyPrime MANAGE EDU K: Company Y: Data Space: Sekd Z: Exchange A Add Vch Q Search FinCom • ke Co Vch Type Contra Contra O: Import Vch No. 7 8 E: Export M: Share P: Print For 10ct-26 Fl: Help F2: Date o a19ac Da Book . Day Book Date Particulars Company to ru Voucher I-Oct-26 Zprobe Bank I-Oct-26 Zprobe Bank Debit Amount Credit Amount Inwards Qty_ Outwards Qt 201.00 202.00 Type F 7: Show profit F8: Columnar FIO Basis of B: Values Change ¯ View Exception J: Reports Save View L: Apply F: — Filter F: Filter ¯ Details c60b- c4e2— acep 19b- c4e2— acep 37.0' 926b- ening '66a5c ing j _id" : 1-01" 1...
[keys] '{END}' -> Tally 'TallyPrime:9000'
[shot] tds-006-BK0-alloc-db-last (1024x768)
[12:37:06] [tds] screen tds-006-BK0-alloc-db-last : x TallyPrime MANAGE EDU K: Company Y: Data Space: Sekd Z: Exchange A Add Vch Q Search FinCom • ke Co Vch Type Contra Contra O: Import Vch No. 7 8 E: Export M: Share P: Print For 10ct-26 Fl: Help F2: Date o a19ac Da Book . Day Book Date Particulars Company to ru Voucher I-Oct-26 Zprobe Bank I-Oct-26 Zprobe Bank Debit Amount Credit Amount Inwards Qty_ Outwards Qt 201.00 202.00 Type F 7: Show profit F8: Columnar FIO Basis of B: Values Change ¯ View Exception J: Reports Save View L: Apply F: — Filter F: Filter ¯ Details c60b- c4e2— acep 19b- c4e2— acep 37.0' 926b- ening '66a5c ing j _id" : 1-01" 1...
[keys] '{ENTER}' -> Tally 'TallyPrime:9000'
[shot] tds-007-BK0-alloc-open (1024x768)
[12:37:11] [tds] screen tds-007-BK0-alloc-open : x O: Import FinCom • ke Co 62 Unity TallyPrime MANAGE EDU K: Company Y: Data Accounting Voucher Alteration (Secondary Contra Account Zprobe Bank Current balance: 403.00 Dr Particulars Cash CurBal: 1,024.00 Cr Narration: bank probe A2 Quit Z: Exchange A Accept Q Search E: Export M: Share p: print x a-Oct-26 Thursday Amount 202.00 202.00 Fl: Help Date o a19ac Company to ru F4: Contra F5: Payment Receipt Journal Sales c60b- c4e2— acep 19b- c4e2— Purchase ( • acep Fl 0: 0åHVouctg•s F: Autofill Change Mode More Details O: Related Reports Optional post -Dated 37.0' 926b- ening '66a5c ing j _id" : 1-...
[shot] tds-008-BK0-alloc-walk1 (1024x768)
[12:37:11] [tds] screen tds-008-BK0-alloc-walk1 : x O: Import FinCom • ke Co 62 Unity TallyPrime MANAGE EDU K: Company Y: Data Accounting Voucher Alteration (Secondary Contra Account Zprobe Bank Current balance: 403.00 Dr Particulars Cash CurBal: 1,024.00 Cr Narration: bank probe A2 Quit Z: Exchange A Accept Q Search E: Export M: Share p: print x 1-Oct-26 Thursday Amount 202.00 202.00 Fl: Help Date o a19ac Company to ru F4: Contra F5: Payment Receipt Journal Sales c60b- c4e2— acep 19b- c4e2— Purchase ( • acep Fl 0: 0åHVouctg•s F: Autofill Change Mode More Details O: Related Reports Optional post -Dated 37.0' 926b- ening '66a5c ing j _id" : 1-...
[keys] '{ENTER}' -> Tally 'TallyPrime:9000'
[shot] tds-009-BK0-alloc-walk2 (1024x768)
[12:37:15] [tds] screen tds-009-BK0-alloc-walk2 : x O: Import FinCom • ke Co 62 Unity TallyPrime MANAGE EDU K: Company Y: Data Accounting Voucher Alteration (Secondary Contra Account Z robe Bank Current balance: 403.00 Dr Particulars Cash CurBal: 1,024.00 Cr Narration: bank probe A2 Quit Z: Exchange A Accept Q Search E: Export M: Share p: print x 1 Oct-26 Thursday Amount 202.00 202.00 Fl: Help Date o a19ac Company to ru F4: Contra F5: Payment Receipt Journal Sales c60b- c4e2— acep 19b- c4e2— Purchase ( • acep Fl 0: 0åHVouctg•s F: Autofill Change Mode More Details O: Related Reports Optional post -Dated 37.0' 926b- ening '66a5c ing j _id" : 1-...
[keys] '{ENTER}' -> Tally 'TallyPrime:9000'
[shot] tds-010-BK0-alloc-walk3 (1024x768)
[12:37:18] [tds] screen tds-010-BK0-alloc-walk3 : x O: Import FinCom • ke Co 62 Unity TallyPrime MANAGE EDU K: Company Y: Data Accounting Voucher Alteration (Secondary Contra Account Zprobe Bank Current balance: 403.00 Dr Particulars Cash CurBal: 1,024.00 Cr Narration: bank probe A2 Quit Z: Exchange A Accept Q Search E: Export M: Share p: print x 1 Oct-26 Thursday Amount 202.00 202.00 Fl: Help Date o a19ac Company to ru F4: Contra F5: Payment Receipt Journal Sales c60b- c4e2— acep 19b- c4e2— Purchase ( • acep Fl 0: 0åHVouctg•s F: Autofill Change Mode More Details O: Related Reports Optional post -Dated 37.0' 926b- ening '66a5c ing j _id" : 1-...
[keys] '{ENTER}' -> Tally 'TallyPrime:9000'
[shot] tds-011-BK0-alloc-walk4 (1024x768)
[12:37:21] [tds] screen tds-011-BK0-alloc-walk4 : x O: Import FinCom • ke Co 62 Unity TallyPrime MANAGE EDU K: Company Y: Data Accounting Voucher Alteration (Secondary Contra Account Zprobe Bank Current balance: 403.00 Dr Particulars Cash CurBal: 1,024.00 Cr Narration: bank probe A2 Quit Z: Exchange A Accept Q Search E: Export M: Share p: print x 1 Oct-26 Thursday Amount 202.00 202.00 Fl: Help Date o a19ac Company to ru F4: Contra F5: Payment Receipt Journal Sales c60b- c4e2— acep 19b- c4e2— Purchase ( • acep Fl 0: 0åHVouctg•s F: Autofill Change Mode More Details O: Related Reports Optional post -Dated 37.0' 926b- ening '66a5c ing j _id" : 1-...
[keys] '{ENTER}' -> Tally 'TallyPrime:9000'
[shot] tds-012-BK0-alloc-walk5 (1024x768)
[12:37:24] [tds] screen tds-012-BK0-alloc-walk5 : O: Import 62 Unity TallyPrime MANAGE EDU K: Company Y: Data Accounting Voucher Alteration (Secondary Contra Account Zprobe Bank Current balance: 403.00 Dr Particulars Cash CurBal: 1,024.00 Cr Narration: bank probe A2 Q: Quit Z: Exchange FinCom A: Accept Q Search E: Export M: Share p: print x 1 Oct-26 Thursday Amount 202.00 x Fl: Help F2: Date F3: Company F4: Contra F5: Payment F6: Receipt F7: Journal F8: Sales F9: Purchase • Warning Negative Cash! Press any key to continue D: Delete X: Cancel Vch F: Autofill H: Change Mode l: More Details O: Related Reports k: Optional T: post -Dated Fl 2: Con...
[keys] '{ENTER}' -> Tally 'TallyPrime:9000'
[shot] tds-013-BK0-alloc-walk6 (1024x768)
[12:37:27] [tds] screen tds-013-BK0-alloc-walk6 : x O: Import FinCom • ke Co 62 Unity TallyPrime MANAGE EDU K: Company Y: Data Accounting Voucher Alteration (Secondary Contra Account Zprobe Bank Current balance: 403.00 Dr Particulars Cash CurBal: 1,024.00 Cr Narration: bank probe A2 Quit Z: Exchange A Accept Q Search E: Export M: Share p: print x 1 Oct-26 Thursday Amount 202.00 202.00 Fl: Help Date o a19ac Company to ru F4: Contra F5: Payment Receipt Journal Sales c60b- c4e2— acep 19b- c4e2— Purchase ( • acep Fl 0: 0åHVouctg•s F: Autofill Change Mode More Details O: Related Reports Optional post -Dated 37.0' 926b- ening '66a5c ing j _id" : 1-...
[keys] '{ENTER}' -> Tally 'TallyPrime:9000'
[shot] tds-014-BK0-alloc-walk7 (1024x768)
[12:37:30] [tds] screen tds-014-BK0-alloc-walk7 : x O: Import FinCom • ke Co 62 Unity TallyPrime MANAGE EDU K: Company Y: Data Accounting Voucher Alteration (Secondary Contra Account Zprobe Bank Current balance: 403.00 Dr Particulars Cash CurBal: 1,024.00 Cr Narration: bank probe A2 Quit Z: Exchange A Accept Q Search E: Export M: Share p: print x 1 Oct-26 Thursday Amount 202.00 202.00 Fl: Help Date o a19ac Company to ru F4: Contra F5: Payment Receipt Journal Sales c60b- c4e2— acep 19b- c4e2— Purchase ( • acep Fl 0: 0åHVouctg•s F: Autofill Change Mode More Details O: Related Reports Optional post -Dated 37.0' 926b- ening '66a5c ing j _id" : 1-...
[keys] '{ENTER}' -> Tally 'TallyPrime:9000'
[shot] tds-015-BK0-alloc-walk8 (1024x768)
[12:37:33] [tds] screen tds-015-BK0-alloc-walk8 : x TallyPrime MANAGE EDU K: Company Bank Allocations Quit Y: Data Z: Exchange O: Import E: Export M: Share p: print Fl: Help x FinCom Spike Co Bank Allocations for: Zprobe Bank For: 202.00 Inst Date Transacion Type Cash Inst No. Bank Name: Accept Amount 202.00 I-OctQ6 o a19ac to ru c60b- c4e2— acep 19b- c4e2— acep 37.0' 926b- ening '66a5c ing j _id" : 1-01" 19b- Unity Q Search Configure Mode Windows Server 2025 Datacenter Build 26100.ge_release240331-1435 12:37 PM 10/8/2026
[keys] '^a' -> Tally 'TallyPrime:9000'
[shot] tds-016-BK0-alloc-alloc-accepted (1024x768)
[12:37:38] [tds] screen tds-016-BK0-alloc-alloc-accepted : x O: Import 62 Unity TallyPrime MANAGE EDU K: Company Y: Data Accounting Voucher Alteration (Secondary Contra Account Zprobe Bank Current balance: 403.00 Dr Particulars Cash CurBal: 1,024.00 Cr Narration: bank probe A2 Quit Z: Exchange Accept Q Search E: Export M: Share FinCom • ke Co p: print x 1 Oct-26 Thursday Amount 202.00 202.00 Fl: Help Date o a19ac Company to ru F4: Contra F5: Payment Receipt Journal Sales c60b- c4e2— acep 19b- c4e2— Purchase ( • acep Fl 0: 0åHVouctg•s F: Autofill Change Mode More Details O: Related Reports Optional post -Dated 37.0' 926b- ening '66a5c ing j _id" : 1-01...
[shot] tds-017-BK0-alloc-after-alloc1 (1024x768)
[12:37:38] [tds] screen tds-017-BK0-alloc-after-alloc1 : x O: Import 62 Unity TallyPrime MANAGE EDU K: Company Y: Data Accounting Voucher Alteration (Secondary Contra Account Zprobe Bank Current balance: 403.00 Dr Particulars Cash CurBal: 1,024.00 Cr Narration: bank probe A2 Quit Z: Exchange Accept Q Search E: Export M: Share FinCom • ke Co p: print x 1 Oct-26 Thursday Amount 202.00 202.00 Fl: Help Date o a19ac Company to ru F4: Contra F5: Payment Receipt Journal Sales c60b- c4e2— acep 19b- c4e2— Purchase ( • acep Fl 0: 0åHVouctg•s F: Autofill Change Mode More Details O: Related Reports Optional post -Dated 37.0' 926b- ening '66a5c ing j _id" : 1-01...
[keys] '' -> Tally 'TallyPrime:9000'
[shot] tds-018-BK0-alloc-saved (1024x768)
[12:37:41] [tds] screen tds-018-BK0-alloc-saved : x TallyPrime MANAGE EDU K: Company Y: Data Space: Sekd Z: Exchange A Add Vch Q Search FinCom • ke Co Vch Type Contra Contra O: Import Vch No. 7 8 E: Export M: Share P: Print For 10ct-26 Fl: Help F2: Date o a19ac Da Book . Day Book Date Particulars Company to ru Voucher I-Oct-26 Zprobe Bank I-Oct-26 Cash Debit Amount Credit Amount Inwards Qty_ Outwards Qt 201.00 202.00 Type F 7: Show profit F8: Columnar FIO Basis of B: Values Change ¯ View Exception J: Reports Save View L: Apply F: — Filter F: Filter ¯ Details c60b- c4e2— acep 19b- c4e2— acep 37.0' 926b- ening '66a5c ing j _id" : 1-01" 19b- Uni...
[12:37:41] BK0-alloc save: 32.4;138.7
[shot] tds-019-BK0-alloc-after-save (1024x768)
[12:37:42] [tds] screen tds-019-BK0-alloc-after-save : x TallyPrime MANAGE EDU K: Company Y: Data Space: Sekd Z: Exchange A Add Vch Q Search FinCom • ke Co Vch Type Contra Contra O: Import Vch No. 7 8 E: Export M: Share P: Print For 10ct-26 Fl: Help F2: Date o a19ac Da Book . Day Book Date Particulars Company to ru Voucher I-Oct-26 Zprobe Bank I-Oct-26 Cash Debit Amount Credit Amount Inwards Qty_ Outwards Qt 201.00 202.00 Type F 7: Show profit F8: Columnar FIO Basis of B: Values Change ¯ View Exception J: Reports Save View L: Apply F: — Filter F: Filter ¯ Details c60b- c4e2— acep 19b- c4e2— acep 37.0' 926b- ening '66a5c ing j _id" : 1-01" 19b- Uni...
[shot] tds-020-gw0 (1024x768)
[12:37:43] [tds] screen tds-020-gw0 : x TallyPrime MANAGE EDU K: Company Y: Data Space: Sekd Z: Exchange A Add Vch Q Search FinCom • ke Co Vch Type Contra Contra O: Import Vch No. 7 8 E: Export M: Share P: Print For 10ct-26 Fl: Help F2: Date o a19ac Da Book . Day Book Date Particulars Company to ru Voucher I-Oct-26 Zprobe Bank I-Oct-26 Cash Debit Amount Credit Amount Inwards Qty_ Outwards Qt 201.00 202.00 Type F 7: Show profit F8: Columnar FIO Basis of B: Values Change ¯ View Exception J: Reports Save View L: Apply F: — Filter F: Filter ¯ Details c60b- c4e2— acep 19b- c4e2— acep 37.0' 926b- ening '66a5c ing j _id" : 1-01" 19b- Uni...
[keys] '{ESC}' -> Tally 'TallyPrime:9000'
[shot] tds-021-gw1 (1024x768)
[12:37:46] [tds] screen tds-021-gw1 : x TallyPrime MANAGE EDU K: Company Gatewa of Tall CURRENT PERIOD I-Apr-26 to 31-Mar-27 NAME OF COMPANY FinCom Spike Co Y: Data Z: Exchange CURRENT OATE Thursday, I-Oct-2026 O: Import E: Export M: Share p: print Fl: Help Date o a19ac Gateway of Tally MASTERS Create Alter CHart of Accounts TRANSACTIONS Vouchers Day 800K UTILITIES BaNking REPORTS Balance Sheet Profit & Loss A/c Stock Summary Ratio Analysis Display More Reports DashbOard Quit Unity Q 2-Oct-26 Search Company to ru c60b- c4e2— acep 19b- c4e2— acep 37.0' 926b- ening '66a5c ing j _id" : 1-01" 19b- Mode Windows Server 2025 Datacenter B...
######## INFO BK0-alloc voucher altered through its Bank Allocations: Bank Allocations seen True, a Bank Date field on it False; saved 'bank probe A2' (mid 9, bank date now ''); AlterID 9 -> 10; company AltVchId 9 -> 10; Ctrl+A to a still screen 139 ms (32.4;138.7); add-on FCR1 lines: voucher_accept_pre x1, voucher_accept_post x1, voucher_full x1 (for its MasterID: 3); probe lines: none; the sub-screen read: x TallyPrime MANAGE EDU K: Company Bank Allocations Quit Y: Data Z: Exchange O: Import E: Export M: Share p: print Fl: Help x FinCom Spike Co Bank Allocations for: Zprobe Bank For: 202.00 Inst Date Transacion Type Cash Inst No. Bank Name: Accept Amount 202.00 I-OctQ6 o a19ac to ru c60b- c4e2— acep 1
[shot] tds-022-gw0 (1024x768)
[12:37:49] [tds] screen tds-022-gw0 : x TallyPrime MANAGE EDU K: Company Gatewa of Tall CURRENT PERIOD I-Apr-26 to 31-Mar-27 NAME OF COMPANY FinCom Spike Co Y: Data Z: Exchange CURRENT OATE Thursday, I-Oct-2026 O: Import E: Export M: Share p: print Fl: Help Date o a19ac Gateway of Tally MASTERS Create Alter CHart of Accounts TRANSACTIONS Vouchers Day 800K UTILITIES BaNking REPORTS Balance Sheet Profit & Loss A/c Stock Summary Ratio Analysis Display More Reports DashbOard Quit Unity Q 2-Oct-26 Search Company to ru c60b- c4e2— acep 19b- c4e2— acep 37.0' 926b- ening '66a5c ing j _id" : 1-01" 19b- Mode Windows Server 2025 Datacenter B...
[keys] '%g' -> Tally 'TallyPrime:9000'
[shot] tds-023-BK0-brs-goto (1024x768)
[12:37:53] [tds] screen tds-023-BK0-brs-goto : x R CEDU TallyPrime MANAGE K: Company List of Re Y: Data Its Z: Exchange O: Import E: Export M: Share p: print Fl: Help x FinCom Spike Co (Predefined) (Predefined) (Predefined) Saved Views Purchase Dashboard Sales Dashboard Outstanding MSME Bills Common Reports Dashboard Balance Sheet Profit & Loss A/c Cash/Bank Book Day Book Ledger Vouchers Stock Summary Trial Balance Bills Receivable Bills Payable Master and Voucher Statistics Stock Query Chart of Accounts Final Accounts Reports Receivables & Payables Reports Banking Utilities Ledger Reports Create Voucher Create Master Alter Master Expand A...
[keys] 'Bank Reconciliation' -> Tally 'TallyPrime:9000'
[shot] tds-024-BK0-brs-typed (1024x768)
[12:37:56] [tds] screen tds-024-BK0-brs-typed : TallyPrime MANAGE EDU K: Company List of Re Y: Data Its Z: Exchange FinCom Spike Co Bank Reconciliation O: Import E: Export M: Share p: print x Fl: Help Create Voucher Create Master Alter Master Expand All Show More Banking Utilities Bank Reconciliation Unity Quit o a19ac to ru c60b- c4e2— acep 19b- c4e2— acep 37.0' 926b- ening '66a5c ing j _id" : 1-01" 19b- Mode Q Search Windows Server 2025 Datacenter Build 26100.ge_release240331-1435 12:37 PM 10/8/2026
[keys] '{ENTER}' -> Tally 'TallyPrime:9000'
[shot] tds-025-BK0-brs-select (1024x768)
[12:38:01] [tds] screen tds-025-BK0-brs-select : TallyPrime MANAGE EDU K: Company Select Bank Unity Quit Y: Data Z: Exchange FinCom • ke Co Name of Bank Ledger O: Import Account No. Create E: Export M: Share p: print x Fl: Help List of Bank Led ers Ledger Name Share Bank Zprobe Bank A Accept Q Search o a19ac to ru c60b- c4e2— acep 19b- c4e2— acep 37.0' 926b- ening '66a5c ing j _id" : 1-01" 19b- Mode Windows Server 2025 Datacenter Build 26100.ge_release240331-1435 12:37 PM 10/8/2026
[keys] 'Share Bank{ENTER}' -> Tally 'TallyPrime:9000'
[shot] tds-026-BK0-brs-bank (1024x768)
[12:38:06] [tds] screen tds-026-BK0-brs-bank : x TallyPrime MANAGE EDU K: Company Bank Reconciliation Ledger: Share Bank Y: Data Vch Type Contra Contra Contra Contra Contra Contra Z: Exchange O: Import E: Export FinCom • ke Co (Reconciliation Transaction Type Instrument No. M: Share p: print As on . • 2-0ct-26 Date 2-Oct-26 2-Oct-26 2-Oct-26 2-Oct-26 2-Oct-26 2-Oct-26 Quit Particulars Cash Cash Cash Cash Cash Cash Enter: Alter Instrument Date 2-Oct-26 2-Oct-26 2-Oct-26 2-Oct-26 2-Oct-26 2-Oct-26 Bank Date Debit 101.00 102.00 103.00 104.00 105.00 106.00 621.00 621.00 Credit Cash Cash Cash Cash Cash Cash A Accept Q Search Fl: Help period Cor...
[shot] tds-027-BK0-brs-screen (1024x768)
[12:38:07] [tds] screen tds-027-BK0-brs-screen : x TallyPrime MANAGE EDU K: Company Bank Reconciliation Ledger: Share Bank Y: Data Vch Type Contra Contra Contra Contra Contra Contra Z: Exchange O: Import E: Export FinCom • ke Co (Reconciliation Transaction Type Instrument No. M: Share p: print As on . • 2-0ct-26 Date 2-Oct-26 2-Oct-26 2-Oct-26 2-Oct-26 2-Oct-26 2-Oct-26 Quit Particulars Cash Cash Cash Cash Cash Cash Enter: Alter Instrument Date 2-Oct-26 2-Oct-26 2-Oct-26 2-Oct-26 2-Oct-26 2-Oct-26 Bank Date Debit 101.00 102.00 103.00 104.00 105.00 106.00 621.00 621.00 Credit Cash Cash Cash Cash Cash Cash A Accept Q Search Fl: Help period Cor...
[keys] '2-10-2026{ENTER}' -> Tally 'TallyPrime:9000'
[shot] tds-028-BK0-brs-date (1024x768)
[12:38:11] [tds] screen tds-028-BK0-brs-date : x TallyPrime MANAGE EDU K: Company Bank Reconciliation Ledger: Share Bank Y: Data Vch Type Contra Contra Contra Contra Contra Contra Z: Exchange O: Import E: Export FinCom • ke Co (Reconciliation Transaction Type Instrument No. Cash Cash Cash Cash Cash Cash M: Share p: print As on . • 2-0ct-26 Date 2-Oct-26 2-Oct-26 2-Oct-26 2-Oct-26 2-Oct-26 2-Oct-26 Particulars Cash Cash Cash Cash Cash Cash Instrument Date 2-Oct-26 2-Oct-26 2-Oct-26 2-Oct-26 2-Oct-26 2-Oct-26 Bank Date 2-Oct-26 Debit 101.00 102.00 103.00 104.00 105.00 106.00 621.00 520.00 101.00 Credit Fl: Help period Corn pan y V4: Bank FIO...
[keys] '' -> Tally 'TallyPrime:9000'
[shot] tds-029-BK0-brs-saved (1024x768)
[12:38:14] [tds] screen tds-029-BK0-brs-saved : x TallyPrime MANAGE EDU K: Company Select Bank Quit Y: Data Z: Exchange FinCom • ke Co Name of Bank Ledger Share Bank O: Import Account No. Create E: Export M: Share p: print Fl: Help x Unity List of Bank Led Ledger Name Share Bank Zprobe Bank Accept Q Search o a19ac to ru c60b- c4e2— acep 19b- c4e2— acep 37.0' 926b- ening '66a5c ing j _id" : 1-01" 19b- Mode Windows Server 2025 Datacenter Build 26100.ge_release240331-1435 12:38 PM 10/8/2026
[12:38:14] BK0-brs save: 32.0;1697.6
[shot] tds-030-gw0 (1024x768)
[12:38:15] [tds] screen tds-030-gw0 : x TallyPrime MANAGE EDU K: Company Select Bank Quit Y: Data Z: Exchange FinCom • ke Co Name of Bank Ledger Share Bank O: Import Account No. Create E: Export M: Share p: print Fl: Help x Unity List of Bank Led Ledger Name Share Bank Zprobe Bank Accept Q Search o a19ac to ru c60b- c4e2— acep 19b- c4e2— acep 37.0' 926b- ening '66a5c ing j _id" : 1-01" 19b- Mode Windows Server 2025 Datacenter Build 26100.ge_release240331-1435 12:38 PM 10/8/2026
[keys] '{ESC}' -> Tally 'TallyPrime:9000'
[shot] tds-031-gw1 (1024x768)
[12:38:19] [tds] screen tds-031-gw1 : TallyPrime MANAGE EDU K: Company Select Bank Unity Quit Y: Data Z: Exchange FinCom • ke Co Name of Bank Ledger O: Import Account No. Create E: Export M: Share p: print x Fl: Help List of Bank Led ers Ledger Name Share Bank Zprobe Bank A Accept Q Search o a19ac to ru c60b- c4e2— acep 19b- c4e2— acep 37.0' 926b- ening '66a5c ing j _id" : 1-01" 19b- Mode Windows Server 2025 Datacenter Build 26100.ge_release240331-1435 12:38 PM 10/8/2026
[keys] '{ESC}' -> Tally 'TallyPrime:9000'
[shot] tds-032-gw2 (1024x768)
[12:38:22] [tds] screen tds-032-gw2 : x TallyPrime MANAGE EDU K: Company Gatewa of Tall CURRENT PERIOD I-Apr-26 to 31-Mar-27 NAME OF COMPANY FinCom Spike Co Y: Data Z: Exchange CURRENT OATE Thursday, I-Oct-2026 O: Import E: Export M: Share p: print Fl: Help Date o a19ac Gateway of Tally MASTERS Create Alter CHart of Accounts TRANSACTIONS Vouchers Day 800K UTILITIES BaNking REPORTS Balance Sheet Profit & Loss A/c Stock Summary Ratio Analysis Display More Reports DashbOard Quit Unity Q 2-Oct-26 Search Company to ru c60b- c4e2— acep 19b- c4e2— acep 37.0' 926b- ening '66a5c ing j _id" : 1-01" 19b- Mode Windows Server 2025 Datacenter B...
  INFO BK0-brs the dated contra stored whole: every date field: DATE=20261002, VCHSTATUSDATE=20261002, EFFECTIVEDATE=20261002, INSTRUMENTDATE=20261002, BANKERSDATE=20261002
######## INFO BK0-brs bank date in Bank Reconciliation: direct: Tally bank-dated 'bank probe C1' (mid 2, bank date '20261002'); AlterID 2 -> 11; company AltVchId 10 -> 11, AltMstId 210 -> 210; Ctrl+A to a still screen 1698 ms (32.0;1697.6); add-on FCR1 lines: none (for its MasterID: 0); probe lines: none
[12:38:25] ---- BK1 the probe variant
  INFO probe brs1 = [#Form: Bank Recon] (its button 'Zebra Mark' on the screen = attached)
  INFO probe brs2 = [#Form: BankRecon] (its button 'Lotus Mark' on the screen = attached)
  INFO probe rep1 = [#Report: Bank Recon] (its title 'Tiger Mark' on the screen = this report)
  INFO probe rep2 = [#Report: BankRecon] (its title 'Maple Mark' on the screen = this report)
  INFO probe alloc1 = [#Form: VCH BankAllocations]
  INFO probe alloc2 = [#Form: VCH Bank Allocations]
  INFO tally.ini TDL lines: FinComRecorder.tdl, probe-common.tdl, probe-sys-afteralter.tdl, probe-sys-beforealter.tdl, probe-sys-onalter.tdl, probe-sys-beforesave.tdl, probe-sys-aftersave.tdl, probe-control-voucher.tdl, probe-brs1.tdl, probe-brs2.tdl, probe-rep1.tdl, probe-rep2.tdl, probe-alloc1.tdl, probe-alloc2.tdl
  INFO Tally started afresh (BK1: the probe variant loaded)
[shot] tds-033-bk-start-1 (1024x768)
[12:38:44] [tds] screen tds-033-bk-start-1 : TallyPrime MANAGE EDU K: Company Startup Report Y: Data Z: Exchange O: Import E: Export M: Share Application Startup TallyPrime will start with the following settings. Click Configure to change these settings Country Accounting terminology Company Data path C. Configure A Accept Q Search India Others A. Accept p: print Fl: Help x 12:38 PM 10/8/2026
[keys] 'a' -> Tally 'TallyPrime:9000'
[keys] 't' -> Tally 'TallyPrime:9000'
[shot] tds-034-bk-start-2 (1024x768)
[12:39:00] [tds] screen tds-034-bk-start-2 : x TallyPrime MANAGE EDU K: Company Gatewa of Tall CURRENT PERIOD I-Apr-26 to 31-Mar-27 NAME OF COMPANY FinCom Spike Co Y: Data Z: Exchange O: Import E: Export M: Share p: print Fl: Help Date o a19ac Q CURRENT OATE Friday, 2-Oct-2026 2-Oct-26 Search Gateway of Tally MASTERS Create Alter CHart of Accounts TRANSACTIONS Vouchers Day 800K UTILITIES BaNking REPORTS Balance Sheet Profit & Loss A/c Stock Summary Ratio Analysis Display More Reports DashbOard Quit Unity Company to ru c60b- c4e2— acep 19b- c4e2— acep 37.0' 926b- ening '66a5c ing j _id" : 1-01" 19b- Mode Windows Server 2025 Datacenter Bui...
[shot] tds-035-gw0 (1024x768)
[12:39:01] [tds] screen tds-035-gw0 : x TallyPrime MANAGE EDU K: Company Gatewa of Tall CURRENT PERIOD I-Apr-26 to 31-Mar-27 NAME OF COMPANY FinCom Spike Co Y: Data Z: Exchange O: Import E: Export M: Share p: print Fl: Help Date o a19ac Q CURRENT OATE Friday, 2-Oct-2026 2-Oct-26 Search Gateway of Tally MASTERS Create Alter CHart of Accounts TRANSACTIONS Vouchers Day 800K UTILITIES BaNking REPORTS Balance Sheet Profit & Loss A/c Stock Summary Ratio Analysis Display More Reports DashbOard Quit Unity Company to ru c60b- c4e2— acep 19b- c4e2— acep 37.0' 926b- ening '66a5c ing j _id" : 1-01" 19b- Mode Windows Server 2025 Datacenter Bui...
[shot] tds-036-gw0 (1024x768)
[12:39:02] [tds] screen tds-036-gw0 : x TallyPrime MANAGE EDU K: Company Gatewa of Tall CURRENT PERIOD I-Apr-26 to 31-Mar-27 NAME OF COMPANY FinCom Spike Co Y: Data Z: Exchange O: Import E: Export M: Share p: print Fl: Help Date o a19ac Q CURRENT OATE Friday, 2-Oct-2026 2-Oct-26 Search Gateway of Tally MASTERS Create Alter CHart of Accounts TRANSACTIONS Vouchers Day 800K UTILITIES BaNking REPORTS Balance Sheet Profit & Loss A/c Stock Summary Ratio Analysis Display More Reports DashbOard Quit Unity Company to ru c60b- c4e2— acep 19b- c4e2— acep 37.0' 926b- ening '66a5c ing j _id" : 1-01" 19b- Mode Windows Server 2025 Datacenter Bui...
[keys] '%g' -> Tally 'TallyPrime:9000'
[shot] tds-037-BK1-alloc-goto (1024x768)
[12:39:06] [tds] screen tds-037-BK1-alloc-goto : x R CEDU TallyPrime MANAGE K: Company List of Re Y: Data Its Z: Exchange O: Import E: Export M: Share p: print Fl: Help x FinCom Spike Co (Predefined) (Predefined) (Predefined) Saved Views Purchase Dashboard Sales Dashboard Outstanding MSME Bills Common Reports Dashboard Balance Sheet Profit & Loss A/c Cash/Bank Book Day Book Ledger Vouchers Stock Summary Trial Balance Bills Receivable Bills Payable Master and Voucher Statistics Stock Query Chart of Accounts Final Accounts Reports Receivables & Payables Reports Banking Utilities Ledger Reports Create Voucher Create Master Alter Master Expand A...
[keys] 'Day Book' -> Tally 'TallyPrime:9000'
[keys] '{ENTER}' -> Tally 'TallyPrime:9000'
[shot] tds-038-BK1-alloc-daybook (1024x768)
[12:39:13] [tds] screen tds-038-BK1-alloc-daybook : x TallyPrime MANAGE EDU K: Company Da Book . Day Book Y: Data Space: Sekd Z: Exchange A Add Vch Q Search FinCom • ke Co Vch Type Contra Contra Contra Contra Contra Contra O: Import Vch No. 1 2 3 4 5 6 E: Export M: Share P: Print For 2-Oct-26 Fl: Help F2: Date o a19ac Company to ru Voucher Date 2-Oct-26 2-Oct-26 2-Oct-26 2-Oct-26 2-Oct-26 2-Oct-26 Unity Quit Particulars Share Bank Share Bank Share Bank Share Bank Share Bank Share Bank Enter: Alter Debit Amount Credit Amount Inwards Qty_ Outwards Qt 101.00 102.00 103.00 104.00 105.00 106.00 Type F 7: Show profit F8: Columnar FIO Basis of B: Valu...
[keys] '{F2}' -> Tally 'TallyPrime:9000'
[shot] tds-039-BK1-alloc-db-date (1024x768)
[12:39:16] [tds] screen tds-039-BK1-alloc-db-date : TallyPrime MANAGE EDU K: Company Change Date Unity Quit Y: Data Z: Exchange A Accept Q Search O: Import E: Export M: Share p: print x Fl: Help FinCom Spike Co Change Date 2-10-2026 o a19ac to ru c60b- c4e2— acep 19b- c4e2— acep 37.0' 926b- ening '66a5c ing j _id" : 1-01" 19b- Mode Windows Server 2025 Datacenter Build 26100.ge_release240331-1435 12:39 PM 10/8/2026
[keys] '1-10-2026{ENTER}' -> Tally 'TallyPrime:9000'
[shot] tds-040-BK1-alloc-db-dated (1024x768)
[12:39:20] [tds] screen tds-040-BK1-alloc-db-dated : x TallyPrime MANAGE EDU K: Company Y: Data Space: Sekd Z: Exchange A Add Vch Q Search FinCom • ke Co Vch Type Contra Contra O: Import Vch No. 7 8 E: Export M: Share P: Print For 10ct-26 Fl: Help F2: Date o a19ac Da Book . Day Book Date Particulars Company to ru Voucher I-Oct-26 Zprobe Bank I-Oct-26 Cash Debit Amount Credit Amount Inwards Qty_ Outwards Qt 201.00 202.00 Type F 7: Show profit F8: Columnar FIO Basis of B: Values Change ¯ View Exception J: Reports Save View L: Apply F: — Filter F: Filter ¯ Details c60b- c4e2— acep 19b- c4e2— acep 37.0' 926b- ening '66a5c ing j _id" : 1-01" 19b- Uni...
[keys] '{END}' -> Tally 'TallyPrime:9000'
[shot] tds-041-BK1-alloc-db-last (1024x768)
[12:39:24] [tds] screen tds-041-BK1-alloc-db-last : x TallyPrime MANAGE EDU K: Company Y: Data Space: Sekd Z: Exchange A Add Vch Q Search FinCom • ke Co Vch Type Contra Contra O: Import Vch No. 7 8 E: Export M: Share P: Print For 10ct-26 Fl: Help F2: Date o a19ac Da Book . Day Book Date Particulars Company to ru Voucher I-Oct-26 Zprobe Bank I-Oct-26 Cash Debit Amount Credit Amount Inwards Qty_ Outwards Qt 201.00 202.00 Type F 7: Show profit F8: Columnar FIO Basis of B: Values Change ¯ View Exception J: Reports Save View L: Apply F: — Filter F: Filter ¯ Details c60b- c4e2— acep 19b- c4e2— acep 37.0' 926b- ening '66a5c ing j _id" : 1-01" 19b- Uni...
[keys] '{UP}' -> Tally 'TallyPrime:9000'
[keys] '{ENTER}' -> Tally 'TallyPrime:9000'
[shot] tds-042-BK1-alloc-open (1024x768)
[12:39:30] [tds] screen tds-042-BK1-alloc-open : x TallyPrime MANAGE EDU K: Company Y: Data Space: Sekd Z: Exchange A Add Vch Q Search FinCom • ke Co Vch Type Contra Contra Error Error in TOL. 'Key:FCRPBV• Improper use as a O: Import Vch No. 7 8 x E: Export M: Share P: Print For 10ct-26 Fl: Help F2: Date o a19ac Da Book . Day Book Date Particulars Company to ru Voucher I-Oct-26 Zprobe Bank I-Oct-26 Cash Debit Amount Credit Amount Inwards Qty_ Outwards Qt 201.00 202.00 Type F 7: Show profit F8: Columnar FIO Basis of B: Values Change ¯ View Exception J: Reports Save View L: Apply F: — Filter F: Filter ¯ Details c60b- c4e2— acep 19b- c4e2— acep...
[shot] tds-043-BK1-alloc-walk1 (1024x768)
[12:39:31] [tds] screen tds-043-BK1-alloc-walk1 : x TallyPrime MANAGE EDU K: Company Y: Data Space: Sekd Z: Exchange A Add Vch Q Search FinCom • ke Co Vch Type Contra Contra Error Error in TOL. 'Key:FCRPBV• Improper use as a O: Import Vch No. 7 8 x E: Export M: Share P: Print For 10ct-26 Fl: Help F2: Date o a19ac Da Book . Day Book Date Particulars Company to ru Voucher I-Oct-26 Zprobe Bank I-Oct-26 Cash Debit Amount Credit Amount Inwards Qty_ Outwards Qt 201.00 202.00 Type F 7: Show profit F8: Columnar FIO Basis of B: Values Change ¯ View Exception J: Reports Save View L: Apply F: — Filter F: Filter ¯ Details c60b- c4e2— acep 19b- c4e2— acep...
[keys] '{ENTER}' -> Tally ''
[shot] tds-044-BK1-alloc-walk2 (1024x768)
[12:39:34] [tds] screen tds-044-BK1-alloc-walk2 : completion or finish request message... I' , "orchestration_id" : , "source_correlation_id" : , "traceparent" : "00—3a787ccae12b06c271667e2a19ac 6243-18b25eaa0315Uc51-01"} {"level" : "INFO" , "ts" : 1791462572.4245384, "logger" : "hosted—compute—agent" , "msg" : "Waiting for actions agent to ru n job" , "orchestration_id" : tally. _4_1" , "source_correlation_id" : "66a5c60b— 926b-f19b-U71a-a968cd3a03621' , "traceparentl' : "OO-3a787ccae12b06c271667e2a19ac62U3-18b25eaa0315Uc51-01"} {"level" : "INFO" , "ts" : 1791462572.7432802, "logger" : "hosted—compute—agent" , "msg" : , "orchestration_id" : ...
[keys] Tally (pid 2876) has no window
[shot] tds-045-BK1-alloc-walk3 (1024x768)
[12:39:35] [tds] screen tds-045-BK1-alloc-walk3 : completion or finish request message... I' , "orchestration_id" : , "source_correlation_id" : , "traceparent" : "00—3a787ccae12b06c271667e2a19ac 6243-18b25eaa0315Uc51-01"} {"level" : "INFO" , "ts" : 1791462572.4245384, "logger" : "hosted—compute—agent" , "msg" : "Waiting for actions agent to ru n job" , "orchestration_id" : tally. _4_1" , "source_correlation_id" : "66a5c60b— 926b-f19b-U71a-a968cd3a03621' , "traceparentl' : "OO-3a787ccae12b06c271667e2a19ac62U3-18b25eaa0315Uc51-01"} {"level" : "INFO" , "ts" : 1791462572.7432802, "logger" : "hosted—compute—agent" , "msg" : , "orchestration_id" : ...
[keys] Tally (pid 2876) has no window
[shot] tds-046-BK1-alloc-walk4 (1024x768)
[12:39:36] [tds] screen tds-046-BK1-alloc-walk4 : completion or finish request message... I' , "orchestration_id" : , "source_correlation_id" : , "traceparent" : "00—3a787ccae12b06c271667e2a19ac 6243-18b25eaa0315Uc51-01"} {"level" : "INFO" , "ts" : 1791462572.4245384, "logger" : "hosted—compute—agent" , "msg" : "Waiting for actions agent to ru n job" , "orchestration_id" : tally. _4_1" , "source_correlation_id" : "66a5c60b— 926b-f19b-U71a-a968cd3a03621' , "traceparentl' : "OO-3a787ccae12b06c271667e2a19ac62U3-18b25eaa0315Uc51-01"} {"level" : "INFO" , "ts" : 1791462572.7432802, "logger" : "hosted—compute—agent" , "msg" : , "orchestration_id" : ...
[keys] Tally (pid 2876) has no window
[shot] tds-047-BK1-alloc-walk5 (1024x768)
[12:39:38] [tds] screen tds-047-BK1-alloc-walk5 : completion or finish request message... I' , "orchestration_id" : , "source_correlation_id" : , "traceparent" : "00—3a787ccae12b06c271667e2a19ac 6243-18b25eaa0315Uc51-01"} {"level" : "INFO" , "ts" : 1791462572.4245384, "logger" : "hosted—compute—agent" , "msg" : "Waiting for actions agent to ru n job" , "orchestration_id" : tally. _4_1" , "source_correlation_id" : "66a5c60b— 926b-f19b-U71a-a968cd3a03621' , "traceparentl' : "OO-3a787ccae12b06c271667e2a19ac62U3-18b25eaa0315Uc51-01"} {"level" : "INFO" , "ts" : 1791462572.7432802, "logger" : "hosted—compute—agent" , "msg" : , "orchestration_id" : ...
[keys] Tally (pid 2876) has no window
[shot] tds-048-BK1-alloc-walk6 (1024x768)
[12:39:39] [tds] screen tds-048-BK1-alloc-walk6 : completion or finish request message... I' , "orchestration_id" : , "source_correlation_id" : , "traceparent" : "00—3a787ccae12b06c271667e2a19ac 6243-18b25eaa0315Uc51-01"} {"level" : "INFO" , "ts" : 1791462572.4245384, "logger" : "hosted—compute—agent" , "msg" : "Waiting for actions agent to ru n job" , "orchestration_id" : tally. _4_1" , "source_correlation_id" : "66a5c60b— 926b-f19b-U71a-a968cd3a03621' , "traceparentl' : "OO-3a787ccae12b06c271667e2a19ac62U3-18b25eaa0315Uc51-01"} {"level" : "INFO" , "ts" : 1791462572.7432802, "logger" : "hosted—compute—agent" , "msg" : , "orchestration_id" : ...
[keys] Tally (pid 2876) has no window
[shot] tds-049-BK1-alloc-walk7 (1024x768)
[12:39:40] [tds] screen tds-049-BK1-alloc-walk7 : completion or finish request message... I' , "orchestration_id" : , "source_correlation_id" : , "traceparent" : "00—3a787ccae12b06c271667e2a19ac 6243-18b25eaa0315Uc51-01"} {"level" : "INFO" , "ts" : 1791462572.4245384, "logger" : "hosted—compute—agent" , "msg" : "Waiting for actions agent to ru n job" , "orchestration_id" : tally. _4_1" , "source_correlation_id" : "66a5c60b— 926b-f19b-U71a-a968cd3a03621' , "traceparentl' : "OO-3a787ccae12b06c271667e2a19ac62U3-18b25eaa0315Uc51-01"} {"level" : "INFO" , "ts" : 1791462572.7432802, "logger" : "hosted—compute—agent" , "msg" : , "orchestration_id" : ...
[keys] Tally (pid 2876) has no window
[shot] tds-050-BK1-alloc-walk8 (1024x768)
[12:39:41] [tds] screen tds-050-BK1-alloc-walk8 : completion or finish request message... I' , "orchestration_id" : , "source_correlation_id" : , "traceparent" : "00—3a787ccae12b06c271667e2a19ac 6243-18b25eaa0315Uc51-01"} {"level" : "INFO" , "ts" : 1791462572.4245384, "logger" : "hosted—compute—agent" , "msg" : "Waiting for actions agent to ru n job" , "orchestration_id" : tally. _4_1" , "source_correlation_id" : "66a5c60b— 926b-f19b-U71a-a968cd3a03621' , "traceparentl' : "OO-3a787ccae12b06c271667e2a19ac62U3-18b25eaa0315Uc51-01"} {"level" : "INFO" , "ts" : 1791462572.7432802, "logger" : "hosted—compute—agent" , "msg" : , "orchestration_id" : ...
[keys] Tally (pid 2876) has no window
[shot] tds-051-BK1-alloc-walk9 (1024x768)
[12:39:42] [tds] screen tds-051-BK1-alloc-walk9 : completion or finish request message... I' , "orchestration_id" : , "source_correlation_id" : , "traceparent" : "00—3a787ccae12b06c271667e2a19ac 6243-18b25eaa0315Uc51-01"} {"level" : "INFO" , "ts" : 1791462572.4245384, "logger" : "hosted—compute—agent" , "msg" : "Waiting for actions agent to ru n job" , "orchestration_id" : tally. _4_1" , "source_correlation_id" : "66a5c60b— 926b-f19b-U71a-a968cd3a03621' , "traceparentl' : "OO-3a787ccae12b06c271667e2a19ac62U3-18b25eaa0315Uc51-01"} {"level" : "INFO" , "ts" : 1791462572.7432802, "logger" : "hosted—compute—agent" , "msg" : , "orchestration_id" : ...
[keys] Tally (pid 2876) has no window
[shot] tds-052-BK1-alloc-walk10 (1024x768)
[12:39:43] [tds] screen tds-052-BK1-alloc-walk10 : completion or finish request message... I' , "orchestration_id" : , "source_correlation_id" : , "traceparent" : "00—3a787ccae12b06c271667e2a19ac 6243-18b25eaa0315Uc51-01"} {"level" : "INFO" , "ts" : 1791462572.4245384, "logger" : "hosted—compute—agent" , "msg" : "Waiting for actions agent to ru n job" , "orchestration_id" : tally. _4_1" , "source_correlation_id" : "66a5c60b— 926b-f19b-U71a-a968cd3a03621' , "traceparentl' : "OO-3a787ccae12b06c271667e2a19ac62U3-18b25eaa0315Uc51-01"} {"level" : "INFO" , "ts" : 1791462572.7432802, "logger" : "hosted—compute—agent" , "msg" : , "orchestration_id" : ...
[keys] Tally (pid 2876) has no window
[shot] tds-053-gw0 (1024x768)
[12:39:44] [tds] screen tds-053-gw0 : completion or finish request message... I' , "orchestration_id" : , "source_correlation_id" : , "traceparent" : "00—3a787ccae12b06c271667e2a19ac 6243-18b25eaa0315Uc51-01"} {"level" : "INFO" , "ts" : 1791462572.4245384, "logger" : "hosted—compute—agent" , "msg" : "Waiting for actions agent to ru n job" , "orchestration_id" : tally. _4_1" , "source_correlation_id" : "66a5c60b— 926b-f19b-U71a-a968cd3a03621' , "traceparentl' : "OO-3a787ccae12b06c271667e2a19ac62U3-18b25eaa0315Uc51-01"} {"level" : "INFO" , "ts" : 1791462572.7432802, "logger" : "hosted—compute—agent" , "msg" : , "orchestration_id" : ...
[keys] Tally (pid 2876) has no window
[shot] tds-054-gw1 (1024x768)
[12:39:47] [tds] screen tds-054-gw1 : completion or finish request message... I' , "orchestration_id" : , "source_correlation_id" : , "traceparent" : "00—3a787ccae12b06c271667e2a19ac 6243-18b25eaa0315Uc51-01"} {"level" : "INFO" , "ts" : 1791462572.4245384, "logger" : "hosted—compute—agent" , "msg" : "Waiting for actions agent to ru n job" , "orchestration_id" : tally. _4_1" , "source_correlation_id" : "66a5c60b— 926b-f19b-U71a-a968cd3a03621' , "traceparentl' : "OO-3a787ccae12b06c271667e2a19ac62U3-18b25eaa0315Uc51-01"} {"level" : "INFO" , "ts" : 1791462572.7432802, "logger" : "hosted—compute—agent" , "msg" : , "orchestration_id" : ...
[keys] Tally (pid 2876) has no window
[shot] tds-055-gw2 (1024x768)
[12:39:51] [tds] screen tds-055-gw2 : completion or finish request message... I' , "orchestration_id" : , "source_correlation_id" : , "traceparent" : "00—3a787ccae12b06c271667e2a19ac 6243-18b25eaa0315Uc51-01"} {"level" : "INFO" , "ts" : 1791462572.4245384, "logger" : "hosted—compute—agent" , "msg" : "Waiting for actions agent to ru n job" , "orchestration_id" : tally. _4_1" , "source_correlation_id" : "66a5c60b— 926b-f19b-U71a-a968cd3a03621' , "traceparentl' : "OO-3a787ccae12b06c271667e2a19ac62U3-18b25eaa0315Uc51-01"} {"level" : "INFO" , "ts" : 1791462572.7432802, "logger" : "hosted—compute—agent" , "msg" : , "orchestration_id" : ...
[keys] Tally (pid 2876) has no window
[shot] tds-056-gw3 (1024x768)
[12:39:54] [tds] screen tds-056-gw3 : completion or finish request message... I' , "orchestration_id" : , "source_correlation_id" : , "traceparent" : "00—3a787ccae12b06c271667e2a19ac 6243-18b25eaa0315Uc51-01"} {"level" : "INFO" , "ts" : 1791462572.4245384, "logger" : "hosted—compute—agent" , "msg" : "Waiting for actions agent to ru n job" , "orchestration_id" : tally. _4_1" , "source_correlation_id" : "66a5c60b— 926b-f19b-U71a-a968cd3a03621' , "traceparentl' : "OO-3a787ccae12b06c271667e2a19ac62U3-18b25eaa0315Uc51-01"} {"level" : "INFO" , "ts" : 1791462572.7432802, "logger" : "hosted—compute—agent" , "msg" : , "orchestration_id" : ...
[keys] Tally (pid 2876) has no window
[shot] tds-057-gw4 (1024x768)
[12:39:57] [tds] screen tds-057-gw4 : completion or finish request message... I' , "orchestration_id" : , "source_correlation_id" : , "traceparent" : "00—3a787ccae12b06c271667e2a19ac 6243-18b25eaa0315Uc51-01"} {"level" : "INFO" , "ts" : 1791462572.4245384, "logger" : "hosted—compute—agent" , "msg" : "Waiting for actions agent to ru n job" , "orchestration_id" : tally. _4_1" , "source_correlation_id" : "66a5c60b— 926b-f19b-U71a-a968cd3a03621' , "traceparentl' : "OO-3a787ccae12b06c271667e2a19ac62U3-18b25eaa0315Uc51-01"} {"level" : "INFO" , "ts" : 1791462572.7432802, "logger" : "hosted—compute—agent" , "msg" : , "orchestration_id" : ...
[keys] Tally (pid 2876) has no window
[shot] tds-058-gw5 (1024x768)
[12:40:00] [tds] screen tds-058-gw5 : completion or finish request message... I' , "orchestration_id" : , "source_correlation_id" : , "traceparent" : "00—3a787ccae12b06c271667e2a19ac 6243-18b25eaa0315Uc51-01"} {"level" : "INFO" , "ts" : 1791462572.4245384, "logger" : "hosted—compute—agent" , "msg" : "Waiting for actions agent to ru n job" , "orchestration_id" : tally. _4_1" , "source_correlation_id" : "66a5c60b— 926b-f19b-U71a-a968cd3a03621' , "traceparentl' : "OO-3a787ccae12b06c271667e2a19ac62U3-18b25eaa0315Uc51-01"} {"level" : "INFO" , "ts" : 1791462572.7432802, "logger" : "hosted—compute—agent" , "msg" : , "orchestration_id" : ...
[keys] Tally (pid 2876) has no window
[shot] tds-059-gw6 (1024x768)
[12:40:03] [tds] screen tds-059-gw6 : completion or finish request message... I' , "orchestration_id" : , "source_correlation_id" : , "traceparent" : "00—3a787ccae12b06c271667e2a19ac 6243-18b25eaa0315Uc51-01"} {"level" : "INFO" , "ts" : 1791462572.4245384, "logger" : "hosted—compute—agent" , "msg" : "Waiting for actions agent to ru n job" , "orchestration_id" : tally. _4_1" , "source_correlation_id" : "66a5c60b— 926b-f19b-U71a-a968cd3a03621' , "traceparentl' : "OO-3a787ccae12b06c271667e2a19ac62U3-18b25eaa0315Uc51-01"} {"level" : "INFO" , "ts" : 1791462572.7432802, "logger" : "hosted—compute—agent" , "msg" : , "orchestration_id" : ...
[keys] Tally (pid 2876) has no window
[12:40:05] [tds] the Gateway not reached (after BK1-alloc): Tally started again
[shot] tds-060-bk-start-1 (1024x768)
[12:40:24] [tds] screen tds-060-bk-start-1 : TallyPrime MANAGE EDU K: Company Startup Report Y: Data Z: Exchange O: Import E: Export M: Share Application Startup TallyPrime will start with the following settings. Click Configure to change these settings Country Accounting terminology Company Data path C. Configure A Accept Q Search India Others A. Accept p: print Fl: Help x 12:40 PM 10/8/2026
[keys] 'a' -> Tally 'TallyPrime:9000'
[keys] 't' -> Tally 'TallyPrime:9000'
[shot] tds-061-bk-start-2 (1024x768)
[12:40:40] [tds] screen tds-061-bk-start-2 : x TallyPrime MANAGE EDU K: Company Gatewa of Tall CURRENT PERIOD I-Apr-26 to 31-Mar-27 NAME OF COMPANY FinCom Spike Co Y: Data Z: Exchange O: Import E: Export M: Share p: print Fl: Help Date o a19ac Q CURRENT OATE Friday, 2-Oct-2026 2-Oct-26 Search Gateway of Tally MASTERS Create Alter CHart of Accounts TRANSACTIONS Vouchers Day 800K UTILITIES BaNking REPORTS Balance Sheet Profit & Loss A/c Stock Summary Ratio Analysis Display More Reports DashbOard Quit Unity Company to ru c60b- c4e2— acep 19b- c4e2— acep 37.0' 926b- ening '66a5c ing j _id" : 1-01" 19b- Mode Windows Server 2025 Datacenter Bui...
######## HARNESS BK1-alloc voucher altered through its Bank Allocations: Bank Allocations seen False, a Bank Date field on it False; the control button (Kiwi Mark) on the voucher screen: False; no contra saved (see tds-*-BK1-alloc-* screenshots); AlterID  -> ; company AltVchId 11 -> 11; Ctrl+A to a still screen -1 ms (); add-on FCR1 lines: none (for its MasterID: 0); probe lines: none; the sub-screen read: 
[shot] tds-062-gw0 (1024x768)
[12:40:43] [tds] screen tds-062-gw0 : x TallyPrime MANAGE EDU K: Company Gatewa of Tall CURRENT PERIOD I-Apr-26 to 31-Mar-27 NAME OF COMPANY FinCom Spike Co Y: Data Z: Exchange O: Import E: Export M: Share p: print Fl: Help Date o a19ac Q CURRENT OATE Friday, 2-Oct-2026 2-Oct-26 Search Gateway of Tally MASTERS Create Alter CHart of Accounts TRANSACTIONS Vouchers Day 800K UTILITIES BaNking REPORTS Balance Sheet Profit & Loss A/c Stock Summary Ratio Analysis Display More Reports DashbOard Quit Unity Company to ru c60b- c4e2— acep 19b- c4e2— acep 37.0' 926b- ening '66a5c ing j _id" : 1-01" 19b- Mode Windows Server 2025 Datacenter Bui...
[keys] '%g' -> Tally 'TallyPrime:9000'
[shot] tds-063-BK1-brs-goto (1024x768)
[12:40:47] [tds] screen tds-063-BK1-brs-goto : x R CEDU TallyPrime MANAGE K: Company List of Re Y: Data Its Z: Exchange O: Import E: Export M: Share p: print Fl: Help x FinCom Spike Co (Predefined) (Predefined) (Predefined) Saved Views Purchase Dashboard Sales Dashboard Outstanding MSME Bills Common Reports Dashboard Balance Sheet Profit & Loss A/c Cash/Bank Book Day Book Ledger Vouchers Stock Summary Trial Balance Bills Receivable Bills Payable Master and Voucher Statistics Stock Query Chart of Accounts Final Accounts Reports Receivables & Payables Reports Banking Utilities Ledger Reports Create Voucher Create Master Alter Master Expand A...
[keys] 'Bank Reconciliation' -> Tally 'TallyPrime:9000'
[shot] tds-064-BK1-brs-typed (1024x768)
[12:40:51] [tds] screen tds-064-BK1-brs-typed : TallyPrime MANAGE EDU K: Company List of Re Y: Data Its Z: Exchange FinCom Spike Co Bank Reconciliation O: Import E: Export M: Share p: print x Fl: Help Create Voucher Create Master Alter Master Expand All Show More Banking Utilities Bank Reconciliation Unity Quit o a19ac to ru c60b- c4e2— acep 19b- c4e2— acep 37.0' 926b- ening '66a5c ing j _id" : 1-01" 19b- Mode Q Search Windows Server 2025 Datacenter Build 26100.ge_release240331-1435 12:40 PM 10/8/2026
[keys] '{ENTER}' -> Tally 'TallyPrime:9000'
[shot] tds-065-BK1-brs-select (1024x768)
[12:40:55] [tds] screen tds-065-BK1-brs-select : TallyPrime MANAGE EDU K: Company Select Bank Unity Quit Y: Data Z: Exchange FinCom • ke Co Name of Bank Ledger O: Import Account No. Create E: Export M: Share p: print x Fl: Help List of Bank Led ers Ledger Name Share Bank Zprobe Bank A Accept Q Search o a19ac to ru c60b- c4e2— acep 19b- c4e2— acep 37.0' 926b- ening '66a5c ing j _id" : 1-01" 19b- Mode Windows Server 2025 Datacenter Build 26100.ge_release240331-1435 12:40 PM 10/8/2026
[keys] 'Share Bank{ENTER}' -> Tally 'TallyPrime:9000'
[shot] tds-066-BK1-brs-bank (1024x768)
[12:41:00] [tds] screen tds-066-BK1-brs-bank : x TallyPrime MANAGE EDU K: Company Bank Reconciliation Ledger: Share Bank Y: Data Vch Type Contra Contra Contra Contra Contra Z: Exchange O: Import E: Export FinCom • ke Co (Reconciliation Transaction Type Instrument No. M: Share p: print As on . • 2-0ct-26 Date 2-Oct-26 2-Oct-26 2-Oct-26 2-Oct-26 2-Oct-26 Quit Particulars Cash Cash Cash Cash Cash Enter: Alter Instrument Date 2-Oct-26 2-Oct-26 2-Oct-26 2-Oct-26 2-Oct-26 Bank Date Debit 102.00 103.00 104.00 105.00 106.00 621.00 520.00 101.00 Credit Cash Cash Cash Cash Cash A Accept Q Search Fl: Help period Corn pan y V4: Bank FIO Basis of B: — ...
[shot] tds-067-BK1-brs-screen (1024x768)
[12:41:01] [tds] screen tds-067-BK1-brs-screen : x TallyPrime MANAGE EDU K: Company Bank Reconciliation Ledger: Share Bank Y: Data Vch Type Contra Contra Contra Contra Contra Z: Exchange O: Import E: Export FinCom • ke Co (Reconciliation Transaction Type Instrument No. M: Share p: print As on . • 2-0ct-26 Date 2-Oct-26 2-Oct-26 2-Oct-26 2-Oct-26 2-Oct-26 Quit Particulars Cash Cash Cash Cash Cash Enter: Alter Instrument Date 2-Oct-26 2-Oct-26 2-Oct-26 2-Oct-26 2-Oct-26 Bank Date Debit 102.00 103.00 104.00 105.00 106.00 621.00 520.00 101.00 Credit Cash Cash Cash Cash Cash A Accept Q Search Fl: Help period Corn pan y V4: Bank FIO Basis of B: — ...
[keys] '2-10-2026{ENTER}' -> Tally 'TallyPrime:9000'
[shot] tds-068-BK1-brs-date (1024x768)
[12:41:05] [tds] screen tds-068-BK1-brs-date : x TallyPrime MANAGE EDU K: Company Bank Reconciliation Ledger: Share Bank Y: Data Vch Type Contra Contra Contra Contra Contra Z: Exchange O: Import E: Export FinCom • ke Co (Reconciliation Transaction Type Instrument No. M: Share p: print As on . • 2-0ct-26 Date 2-Oct-26 2-Oct-26 2-Oct-26 2-Oct-26 2-Oct-26 Quit Particulars Cash Cash Cash Cash Cash Enter: Alter Instrument Date 2-Oct-26 2-Oct-26 2-Oct-26 2-Oct-26 2-Oct-26 Bank Date 2-Oct-26 Debit 102.00 103.00 104.00 105.00 106.00 621.00 418.00 203.00 Credit Cash Cash Cash Cash Cash A Accept Q Search Fl: Help period Corn pan y V4: Bank FIO Basis...
[keys] '' -> Tally 'TallyPrime:9000'
[shot] tds-069-BK1-brs-saved (1024x768)
[12:41:09] [tds] screen tds-069-BK1-brs-saved : x TallyPrime MANAGE EDU K: Company Select Bank Quit Y: Data Z: Exchange FinCom • ke Co Name of Bank Ledger Share Bank O: Import Account No. Create E: Export M: Share p: print Fl: Help x Unity List of Bank Led Ledger Name Share Bank Zprobe Bank Accept Q Search o a19ac to ru c60b- c4e2— acep 19b- c4e2— acep 37.0' 926b- ening '66a5c ing j _id" : 1-01" 19b- Mode Windows Server 2025 Datacenter Build 26100.ge_release240331-1435 12:41 PM 10/8/2026
[12:41:09] BK1-brs save: 30.7;1708.2
[shot] tds-070-gw0 (1024x768)
[12:41:10] [tds] screen tds-070-gw0 : x TallyPrime MANAGE EDU K: Company Select Bank Quit Y: Data Z: Exchange FinCom • ke Co Name of Bank Ledger Share Bank O: Import Account No. Create E: Export M: Share p: print Fl: Help x Unity List of Bank Led Ledger Name Share Bank Zprobe Bank Accept Q Search o a19ac to ru c60b- c4e2— acep 19b- c4e2— acep 37.0' 926b- ening '66a5c ing j _id" : 1-01" 19b- Mode Windows Server 2025 Datacenter Build 26100.ge_release240331-1435 12:41 PM 10/8/2026
[keys] '{ESC}' -> Tally 'TallyPrime:9000'
[shot] tds-071-gw1 (1024x768)
[12:41:13] [tds] screen tds-071-gw1 : TallyPrime MANAGE EDU K: Company Select Bank Unity Quit Y: Data Z: Exchange FinCom • ke Co Name of Bank Ledger O: Import Account No. Create E: Export M: Share p: print x Fl: Help List of Bank Led ers Ledger Name Share Bank Zprobe Bank A Accept Q Search o a19ac to ru c60b- c4e2— acep 19b- c4e2— acep 37.0' 926b- ening '66a5c ing j _id" : 1-01" 19b- Mode Windows Server 2025 Datacenter Build 26100.ge_release240331-1435 12:41 PM 10/8/2026
[keys] '{ESC}' -> Tally 'TallyPrime:9000'
[shot] tds-072-gw2 (1024x768)
[12:41:17] [tds] screen tds-072-gw2 : x TallyPrime MANAGE EDU K: Company Gatewa of Tall CURRENT PERIOD I-Apr-26 to 31-Mar-27 NAME OF COMPANY FinCom Spike Co Y: Data Z: Exchange O: Import E: Export M: Share p: print Fl: Help Date o a19ac Q CURRENT OATE Friday, 2-Oct-2026 2-Oct-26 Search Gateway of Tally MASTERS Create Alter CHart of Accounts TRANSACTIONS Vouchers Day 800K UTILITIES BaNking REPORTS Balance Sheet Profit & Loss A/c Stock Summary Ratio Analysis Display More Reports DashbOard Quit Unity Company to ru c60b- c4e2— acep 19b- c4e2— acep 37.0' 926b- ening '66a5c ing j _id" : 1-01" 19b- Mode Windows Server 2025 Datacenter Bui...
  INFO BK1-brs the dated contra stored whole: every date field: DATE=20261002, VCHSTATUSDATE=20261002, EFFECTIVEDATE=20261002, INSTRUMENTDATE=20261002, BANKERSDATE=20261002
######## INFO BK1-brs bank date in Bank Reconciliation: direct; probe markers on the screen: none: Tally bank-dated 'bank probe C2' (mid 3, bank date '20261002'); AlterID 3 -> 12; company AltVchId 11 -> 12, AltMstId 210 -> 210; Ctrl+A to a still screen 1708 ms (30.7;1708.2); add-on FCR1 lines: none (for its MasterID: 0); probe lines: none
[shot] tds-073-gw0 (1024x768)
[12:41:20] [tds] screen tds-073-gw0 : x TallyPrime MANAGE EDU K: Company Gatewa of Tall CURRENT PERIOD I-Apr-26 to 31-Mar-27 NAME OF COMPANY FinCom Spike Co Y: Data Z: Exchange O: Import E: Export M: Share p: print Fl: Help Date o a19ac Q CURRENT OATE Friday, 2-Oct-2026 2-Oct-26 Search Gateway of Tally MASTERS Create Alter CHart of Accounts TRANSACTIONS Vouchers Day 800K UTILITIES BaNking REPORTS Balance Sheet Profit & Loss A/c Stock Summary Ratio Analysis Display More Reports DashbOard Quit Unity Company to ru c60b- c4e2— acep 19b- c4e2— acep 37.0' 926b- ening '66a5c ing j _id" : 1-01" 19b- Mode Windows Server 2025 Datacenter Bui...
[keys] '%g' -> Tally 'TallyPrime:9000'
[shot] tds-074-BK1-brs2-goto (1024x768)
[12:41:24] [tds] screen tds-074-BK1-brs2-goto : x R CEDU TallyPrime MANAGE K: Company List of Re Y: Data Its Z: Exchange O: Import E: Export M: Share p: print Fl: Help x FinCom Spike Co (Predefined) (Predefined) (Predefined) Saved Views Purchase Dashboard Sales Dashboard Outstanding MSME Bills Common Reports Dashboard Balance Sheet Profit & Loss A/c Cash/Bank Book Day Book Ledger Vouchers Stock Summary Trial Balance Bills Receivable Bills Payable Master and Voucher Statistics Stock Query Chart of Accounts Final Accounts Reports Receivables & Payables Reports Banking Utilities Ledger Reports Create Voucher Create Master Alter Master Expand A...
[keys] 'Bank Reconciliation' -> Tally 'TallyPrime:9000'
[shot] tds-075-BK1-brs2-typed (1024x768)
[12:41:27] [tds] screen tds-075-BK1-brs2-typed : TallyPrime MANAGE EDU K: Company List of Re Y: Data Its Z: Exchange FinCom Spike Co Bank Reconciliation O: Import E: Export M: Share p: print x Fl: Help Create Voucher Create Master Alter Master Expand All Show More Banking Utilities Bank Reconciliation Unity Quit o a19ac to ru c60b- c4e2— acep 19b- c4e2— acep 37.0' 926b- ening '66a5c ing j _id" : 1-01" 19b- Mode Q Search Windows Server 2025 Datacenter Build 26100.ge_release240331-1435 12:41 PM 10/8/2026
[keys] '{ENTER}' -> Tally 'TallyPrime:9000'
[shot] tds-076-BK1-brs2-select (1024x768)
[12:41:32] [tds] screen tds-076-BK1-brs2-select : TallyPrime MANAGE EDU K: Company Select Bank Unity Quit Y: Data Z: Exchange FinCom • ke Co Name of Bank Ledger O: Import Account No. Create E: Export M: Share p: print x Fl: Help List of Bank Led ers Ledger Name Share Bank Zprobe Bank A Accept Q Search o a19ac to ru c60b- c4e2— acep 19b- c4e2— acep 37.0' 926b- ening '66a5c ing j _id" : 1-01" 19b- Mode Windows Server 2025 Datacenter Build 26100.ge_release240331-1435 12:41 PM 10/8/2026
[keys] 'Share Bank{ENTER}' -> Tally 'TallyPrime:9000'
[shot] tds-077-BK1-brs2-bank (1024x768)
[12:41:37] [tds] screen tds-077-BK1-brs2-bank : x TallyPrime MANAGE EDU K: Company Bank Reconciliation Ledger: Share Bank Y: Data Vch Type Contra Contra Contra Contra Z: Exchange O: Import E: Export FinCom • ke Co (Reconciliation Transaction Type Instrument No. M: Share p: print As on . • 2-0ct-26 Date 2-Oct-26 2-Oct-26 2-Oct-26 2-Oct-26 Quit Particulars Cash Cash Cash Cash Enter: Alter Instrument Date 2-Oct-26 2-Oct-26 2-Oct-26 2-Oct-26 Bank Date Debit 103.00 104.00 105.00 106.00 621.00 418.00 203.00 Credit Cash Cash Cash Cash A Accept Q Search Fl: Help period Corn pan y V4: Bank FIO Basis of B: — Values Change Vie w J: Reports H: Opening ...
[shot] tds-078-BK1-brs2-screen (1024x768)
[12:41:38] [tds] screen tds-078-BK1-brs2-screen : x TallyPrime MANAGE EDU K: Company Bank Reconciliation Ledger: Share Bank Y: Data Vch Type Contra Contra Contra Contra Z: Exchange O: Import E: Export FinCom • ke Co (Reconciliation Transaction Type Instrument No. M: Share p: print As on . • 2-0ct-26 Date 2-Oct-26 2-Oct-26 2-Oct-26 2-Oct-26 Quit Particulars Cash Cash Cash Cash Enter: Alter Instrument Date 2-Oct-26 2-Oct-26 2-Oct-26 2-Oct-26 Bank Date Debit 103.00 104.00 105.00 106.00 621.00 418.00 203.00 Credit Cash Cash Cash Cash A Accept Q Search Fl: Help period Corn pan y V4: Bank FIO Basis of B: — Values Change Vie w J: Reports H: Opening ...
[keys] '2-10-2026{ENTER}' -> Tally 'TallyPrime:9000'
[shot] tds-079-BK1-brs2-date (1024x768)
[12:41:41] [tds] screen tds-079-BK1-brs2-date : x TallyPrime MANAGE EDU K: Company Bank Reconciliation Ledger: Share Bank Y: Data Vch Type Contra Contra Contra Contra Z: Exchange O: Import E: Export FinCom • ke Co (Reconciliation Transaction Type Instrument No. M: Share p: print As on . • 2-0ct-26 Date 2-Oct-26 2-Oct-26 2-Oct-26 2-Oct-26 Quit Particulars Cash Cash Cash Cash Enter: Alter Instrument Date 2-Oct-26 2-Oct-26 2-Oct-26 2-Oct-26 Bank Date 2-Oct-26 Debit 103.00 104.00 105.00 106.00 621.00 315.00 306.00 Credit Cash Cash Cash Cash A Accept Q Search Fl: Help period Corn pan y V4: Bank FIO Basis of B: — Values Change Vie w J: Reports H:...
[keys] '' -> Tally 'TallyPrime:9000'
[shot] tds-080-BK1-brs2-saved (1024x768)
[12:41:44] [tds] screen tds-080-BK1-brs2-saved : x TallyPrime MANAGE EDU K: Company Select Bank Quit Y: Data Z: Exchange FinCom • ke Co Name of Bank Ledger Share Bank O: Import Account No. Create E: Export M: Share p: print Fl: Help x Unity List of Bank Led Ledger Name Share Bank Zprobe Bank Accept Q Search o a19ac to ru c60b- c4e2— acep 19b- c4e2— acep 37.0' 926b- ening '66a5c ing j _id" : 1-01" 19b- Mode Windows Server 2025 Datacenter Build 26100.ge_release240331-1435 12:41 PM 10/8/2026
[12:41:44] BK1-brs2 save: 32.3;646.2
[shot] tds-081-gw0 (1024x768)
[12:41:45] [tds] screen tds-081-gw0 : x TallyPrime MANAGE EDU K: Company Select Bank Quit Y: Data Z: Exchange FinCom • ke Co Name of Bank Ledger Share Bank O: Import Account No. Create E: Export M: Share p: print Fl: Help x Unity List of Bank Led Ledger Name Share Bank Zprobe Bank Accept Q Search o a19ac to ru c60b- c4e2— acep 19b- c4e2— acep 37.0' 926b- ening '66a5c ing j _id" : 1-01" 19b- Mode Windows Server 2025 Datacenter Build 26100.ge_release240331-1435 12:41 PM 10/8/2026
[keys] '{ESC}' -> Tally 'TallyPrime:9000'
[shot] tds-082-gw1 (1024x768)
[12:41:49] [tds] screen tds-082-gw1 : TallyPrime MANAGE EDU K: Company Select Bank Unity Quit Y: Data Z: Exchange FinCom • ke Co Name of Bank Ledger O: Import Account No. Create E: Export M: Share p: print x Fl: Help List of Bank Led ers Ledger Name Share Bank Zprobe Bank A Accept Q Search o a19ac to ru c60b- c4e2— acep 19b- c4e2— acep 37.0' 926b- ening '66a5c ing j _id" : 1-01" 19b- Mode Windows Server 2025 Datacenter Build 26100.ge_release240331-1435 12:41 PM 10/8/2026
[keys] '{ESC}' -> Tally 'TallyPrime:9000'
[shot] tds-083-gw2 (1024x768)
[12:41:52] [tds] screen tds-083-gw2 : x TallyPrime MANAGE EDU K: Company Gatewa of Tall CURRENT PERIOD I-Apr-26 to 31-Mar-27 NAME OF COMPANY FinCom Spike Co Y: Data Z: Exchange O: Import E: Export M: Share p: print Fl: Help Date o a19ac Q CURRENT OATE Friday, 2-Oct-2026 2-Oct-26 Search Gateway of Tally MASTERS Create Alter CHart of Accounts TRANSACTIONS Vouchers Day 800K UTILITIES BaNking REPORTS Balance Sheet Profit & Loss A/c Stock Summary Ratio Analysis Display More Reports DashbOard Quit Unity Company to ru c60b- c4e2— acep 19b- c4e2— acep 37.0' 926b- ening '66a5c ing j _id" : 1-01" 19b- Mode Windows Server 2025 Datacenter Bui...
  INFO BK1-brs2 the dated contra stored whole: every date field: DATE=20261002, VCHSTATUSDATE=20261002, EFFECTIVEDATE=20261002, INSTRUMENTDATE=20261002, BANKERSDATE=20261002
######## INFO BK1-brs2 bank date in Bank Reconciliation: direct; probe markers on the screen: none: Tally bank-dated 'bank probe C3' (mid 4, bank date '20261002'); AlterID 4 -> 13; company AltVchId 12 -> 13, AltMstId 210 -> 210; Ctrl+A to a still screen 646 ms (32.3;646.2); add-on FCR1 lines: none (for its MasterID: 0); probe lines: none
[12:41:54] ---- BK3 the add-on of the ref only, again
  INFO tally.ini TDL lines: FinComRecorder.tdl
  INFO Tally started afresh (BK3: the add-on of the ref only)
[shot] tds-084-bk-start-1 (1024x768)
[12:42:13] [tds] screen tds-084-bk-start-1 : TallyPrime MANAGE EDU K: Company Startup Report Y: Data Z: Exchange O: Import E: Export M: Share Application Startup TallyPrime will start with the following settings. Click Configure to change these settings Country Accounting terminology Company Data path C. Configure A Accept Q Search India Others A. Accept p: print Fl: Help x 12:42 PM 10/8/2026
[keys] 'a' -> Tally 'TallyPrime:9000'
[keys] 't' -> Tally 'TallyPrime:9000'
[shot] tds-085-bk-start-2 (1024x768)
[12:42:30] [tds] screen tds-085-bk-start-2 : x TallyPrime MANAGE EDU K: Company Gatewa of Tall CURRENT PERIOD I-Apr-26 to 31-Mar-27 NAME OF COMPANY FinCom Spike Co Y: Data Z: Exchange O: Import E: Export M: Share p: print Fl: Help Date o a19ac Q CURRENT OATE Friday, 2-Oct-2026 2-Oct-26 Search Gateway of Tally MASTERS Create Alter CHart of Accounts TRANSACTIONS Vouchers Day 800K UTILITIES BaNking REPORTS Balance Sheet Profit & Loss A/c Stock Summary Ratio Analysis Display More Reports DashbOard Quit Unity Company to ru c60b- c4e2— acep 19b- c4e2— acep 37.0' 926b- ening '66a5c ing j _id" : 1-01" 19b- Mode Windows Server 2025 Datacenter Bui...
[shot] tds-086-gw0 (1024x768)
[12:42:31] [tds] screen tds-086-gw0 : x TallyPrime MANAGE EDU K: Company Gatewa of Tall CURRENT PERIOD I-Apr-26 to 31-Mar-27 NAME OF COMPANY FinCom Spike Co Y: Data Z: Exchange O: Import E: Export M: Share p: print Fl: Help Date o a19ac Q CURRENT OATE Friday, 2-Oct-2026 2-Oct-26 Search Gateway of Tally MASTERS Create Alter CHart of Accounts TRANSACTIONS Vouchers Day 800K UTILITIES BaNking REPORTS Balance Sheet Profit & Loss A/c Stock Summary Ratio Analysis Display More Reports DashbOard Quit Unity Company to ru c60b- c4e2— acep 19b- c4e2— acep 37.0' 926b- ening '66a5c ing j _id" : 1-01" 19b- Mode Windows Server 2025 Datacenter Bui...
[shot] tds-087-gw0 (1024x768)
[12:42:32] [tds] screen tds-087-gw0 : x TallyPrime MANAGE EDU K: Company Gatewa of Tall CURRENT PERIOD I-Apr-26 to 31-Mar-27 NAME OF COMPANY FinCom Spike Co Y: Data Z: Exchange O: Import E: Export M: Share p: print Fl: Help Date o a19ac Q CURRENT OATE Friday, 2-Oct-2026 2-Oct-26 Search Gateway of Tally MASTERS Create Alter CHart of Accounts TRANSACTIONS Vouchers Day 800K UTILITIES BaNking REPORTS Balance Sheet Profit & Loss A/c Stock Summary Ratio Analysis Display More Reports DashbOard Quit Unity Company to ru c60b- c4e2— acep 19b- c4e2— acep 37.0' 926b- ening '66a5c ing j _id" : 1-01" 19b- Mode Windows Server 2025 Datacenter Bui...
[keys] '%g' -> Tally 'TallyPrime:9000'
[shot] tds-088-BK3-brs-goto (1024x768)
[12:42:35] [tds] screen tds-088-BK3-brs-goto : x R CEDU TallyPrime MANAGE K: Company List of Re Y: Data Its Z: Exchange O: Import E: Export M: Share p: print Fl: Help x FinCom Spike Co (Predefined) (Predefined) (Predefined) Saved Views Purchase Dashboard Sales Dashboard Outstanding MSME Bills Common Reports Dashboard Balance Sheet Profit & Loss A/c Cash/Bank Book Day Book Ledger Vouchers Stock Summary Trial Balance Bills Receivable Bills Payable Master and Voucher Statistics Stock Query Chart of Accounts Final Accounts Reports Receivables & Payables Reports Banking Utilities Ledger Reports Create Voucher Create Master Alter Master Expand A...
[keys] 'Bank Reconciliation' -> Tally 'TallyPrime:9000'
[shot] tds-089-BK3-brs-typed (1024x768)
[12:42:39] [tds] screen tds-089-BK3-brs-typed : TallyPrime MANAGE EDU K: Company List of Re Y: Data Its Z: Exchange FinCom Spike Co Bank Reconciliation O: Import E: Export M: Share p: print x Fl: Help Create Voucher Create Master Alter Master Expand All Show More Banking Utilities Bank Reconciliation Unity Quit o a19ac to ru c60b- c4e2— acep 19b- c4e2— acep 37.0' 926b- ening '66a5c ing j _id" : 1-01" 19b- Mode Q Search Windows Server 2025 Datacenter Build 26100.ge_release240331-1435 12:42 PM 10/8/2026
[keys] '{ENTER}' -> Tally 'TallyPrime:9000'
[shot] tds-090-BK3-brs-select (1024x768)
[12:42:43] [tds] screen tds-090-BK3-brs-select : TallyPrime MANAGE EDU K: Company Select Bank Unity Quit Y: Data Z: Exchange FinCom • ke Co Name of Bank Ledger O: Import Account No. Create E: Export M: Share p: print x Fl: Help List of Bank Led ers Ledger Name Share Bank Zprobe Bank A Accept Q Search o a19ac to ru c60b- c4e2— acep 19b- c4e2— acep 37.0' 926b- ening '66a5c ing j _id" : 1-01" 19b- Mode Windows Server 2025 Datacenter Build 26100.ge_release240331-1435 12:42 PM 10/8/2026
[keys] 'Share Bank{ENTER}' -> Tally 'TallyPrime:9000'
[shot] tds-091-BK3-brs-bank (1024x768)
[12:42:48] [tds] screen tds-091-BK3-brs-bank : x TallyPrime MANAGE EDU K: Company Bank Reconciliation Ledger: Share Bank Y: Data Vch Type Contra Contra Contra Z: Exchange O: Import E: Export FinCom • ke Co (Reconciliation Transaction Type Instrument No. M: Share p: print As on . • 2-0ct-26 Date 2-Oct-26 2-Oct-26 2-Oct-26 Quit Particulars Cash Cash Cash Enter: Alter Instrument Date 2-Oct-26 2-Oct-26 2-Oct-26 Bank Date Debit 104.00 105.00 106.00 621.00 315.00 306.00 Credit Cash Cash Cash A Accept Q Search Fl: Help period Corn pan y V4: Bank FIO Basis of B: — Values Change Vie w J: Reports H: Opening BRS Creata J: Voucher Reconcile Unlinked R...
[shot] tds-092-BK3-brs-screen (1024x768)
[12:42:49] [tds] screen tds-092-BK3-brs-screen : x TallyPrime MANAGE EDU K: Company Bank Reconciliation Ledger: Share Bank Y: Data Vch Type Contra Contra Contra Z: Exchange O: Import E: Export FinCom • ke Co (Reconciliation Transaction Type Instrument No. M: Share p: print As on . • 2-0ct-26 Date 2-Oct-26 2-Oct-26 2-Oct-26 Quit Particulars Cash Cash Cash Enter: Alter Instrument Date 2-Oct-26 2-Oct-26 2-Oct-26 Bank Date Debit 104.00 105.00 106.00 621.00 315.00 306.00 Credit Cash Cash Cash A Accept Q Search Fl: Help period Corn pan y V4: Bank FIO Basis of B: — Values Change Vie w J: Reports H: Opening BRS Creata J: Voucher Reconcile Unlinked R...
[keys] '2-10-2026{ENTER}' -> Tally 'TallyPrime:9000'
[shot] tds-093-BK3-brs-date (1024x768)
[12:42:53] [tds] screen tds-093-BK3-brs-date : x TallyPrime MANAGE EDU K: Company Bank Reconciliation Ledger: Share Bank Y: Data Vch Type Contra Contra Contra Z: Exchange O: Import E: Export FinCom • ke Co (Reconciliation Transaction Type Instrument No. M: Share p: print As on . • 2-0ct-26 Date 2-Oct-26 2-Oct-26 2-Oct-26 Quit Particulars Cash Cash Cash Enter: Alter Instrument Date 2-Oct-26 2-Oct-26 2-Oct-26 Bank Date 2-Oct-26 Debit 104.00 105.00 106.00 621.00 211.00 410.00 Credit Cash Cash Cash A Accept Q Search Fl: Help period Corn pan y V4: Bank FIO Basis of B: — Values Change Vie w J: Reports H: Opening BRS Creata J: Voucher Reconcile U...
[keys] '' -> Tally 'TallyPrime:9000'
[shot] tds-094-BK3-brs-saved (1024x768)
[12:42:58] [tds] screen tds-094-BK3-brs-saved : x TallyPrime MANAGE EDU K: Company Select Bank Quit Y: Data Z: Exchange FinCom • ke Co Name of Bank Ledger Share Bank O: Import Account No. Create E: Export M: Share p: print Fl: Help x Unity List of Bank Led Ledger Name Share Bank Zprobe Bank Accept Q Search o a19ac to ru c60b- c4e2— acep 19b- c4e2— acep 37.0' 926b- ening '66a5c ing j _id" : 1-01" 19b- Mode Windows Server 2025 Datacenter Build 26100.ge_release240331-1435 12:42 PM 10/8/2026
[12:42:58] BK3-brs save: 51.8;3269.8
[shot] tds-095-gw0 (1024x768)
[12:42:59] [tds] screen tds-095-gw0 : x TallyPrime MANAGE EDU K: Company Select Bank Quit Y: Data Z: Exchange FinCom • ke Co Name of Bank Ledger Share Bank O: Import Account No. Create E: Export M: Share p: print Fl: Help x Unity List of Bank Led Ledger Name Share Bank Zprobe Bank Accept Q Search o a19ac to ru c60b- c4e2— acep 19b- c4e2— acep 37.0' 926b- ening '66a5c ing j _id" : 1-01" 19b- Mode Windows Server 2025 Datacenter Build 26100.ge_release240331-1435 12:42 PM 10/8/2026
[keys] '{ESC}' -> Tally 'TallyPrime:9000'
[shot] tds-096-gw1 (1024x768)
[12:43:03] [tds] screen tds-096-gw1 : TallyPrime MANAGE EDU K: Company Select Bank Unity Quit Y: Data Z: Exchange FinCom • ke Co Name of Bank Ledger O: Import Account No. Create E: Export M: Share p: print x Fl: Help List of Bank Led ers Ledger Name Share Bank Zprobe Bank A Accept Q Search o a19ac to ru c60b- c4e2— acep 19b- c4e2— acep 37.0' 926b- ening '66a5c ing j _id" : 1-01" 19b- Mode Windows Server 2025 Datacenter Build 26100.ge_release240331-1435 12:43 PM 10/8/2026
[keys] '{ESC}' -> Tally 'TallyPrime:9000'
[shot] tds-097-gw2 (1024x768)
[12:43:06] [tds] screen tds-097-gw2 : x TallyPrime MANAGE EDU K: Company Gatewa of Tall CURRENT PERIOD I-Apr-26 to 31-Mar-27 NAME OF COMPANY FinCom Spike Co Y: Data Z: Exchange O: Import E: Export M: Share p: print Fl: Help Date o a19ac Q CURRENT OATE Friday, 2-Oct-2026 2-Oct-26 Search Gateway of Tally MASTERS Create Alter CHart of Accounts TRANSACTIONS Vouchers Day 800K UTILITIES BaNking REPORTS Balance Sheet Profit & Loss A/c Stock Summary Ratio Analysis Display More Reports DashbOard Quit Unity Company to ru c60b- c4e2— acep 19b- c4e2— acep 37.0' 926b- ening '66a5c ing j _id" : 1-01" 19b- Mode Windows Server 2025 Datacenter Bui...
  INFO BK3-brs the dated contra stored whole: every date field: DATE=20261002, VCHSTATUSDATE=20261002, EFFECTIVEDATE=20261002, INSTRUMENTDATE=20261002, BANKERSDATE=20261002
######## INFO BK3-brs bank date in Bank Reconciliation: direct; probe markers on the screen: none: Tally bank-dated 'bank probe C4' (mid 5, bank date '20261002'); AlterID 5 -> 14; company AltVchId 13 -> 14, AltMstId 210 -> 210; Ctrl+A to a still screen 3270 ms (51.8;3269.8); add-on FCR1 lines: none (for its MasterID: 0); probe lines: none
  INFO bank: probe files loaded: control-voucher=Kiwi Mark, brs1=Zebra Mark, brs2=Lotus Mark, rep1=Tiger Mark, rep2=Maple Mark
