[06:15:01] ---- c1 install and open the company (TallyPrime 7.1)
  INFO installed: C:\Program Files\TallyPrime\tally.exe; tally.exe 18405568 bytes, 2026-10-08, FileVersion 1.1.7.1, ProductVersion 1.1.7.1, ProductName TallyPrime
  INFO company folder made by flow.ps1: D:\a\_temp\TallyData\100000
[keys] 'a' -> Tally 'TallyPrime:9000'
[keys] 't' -> Tally 'TallyPrime:9000'
[shot] v-00-started (1024x768)
[companies] 8 ms: <ENVELOPE><HEADER><VERSION>1</VERSION><STATUS>1</STATUS></HEADER><BODY><DESC><CMPINFO><COMPANY>0</COMPANY><GROUP>0</GROUP><LEDGER>0</LEDGER><COSTCATEGORY>0</COSTCATEGORY><COSTCENTRE>0</COSTCENTRE><GODOWN>0</GODOWN><STOCKGROUP>0</STOCKGROUP><STOCKCATEGORY>0</STOCKCATEGORY><STOCKITEM>0</STOCKITEM><VOUCHERTYPE>0</VOUCHERTYPE><CURRENCY>0</CURRENCY><UNIT>0</UNIT><BUDGET>0</BUDGET><CLIENTRULE>0</CLIENTRULE><SERVERRULE>0</SERVERRULE><STATE>0</STATE><TDSRATE>0</TDSRATE><TAXCLASSIFICATION>0</TAXCLASSIFICATION><STCATEGORY>0</STCATEGORY><DEDUCTEETYPE>0</DEDUCTEETYPE><ATTENDANCETYPE>0</ATTENDANCETYPE><FBT...
[header] 8 ms: <ENVELOPE><HEADER><VERSION>1</VERSION><STATUS>1</STATUS><PRODMAJORVER>1</PRODMAJORVER><PRODMINORVER>1</PRODMINORVER><PRODMAJORREL>7</PRODMAJORREL><PRODMINORREL>1</PRODMINORREL><PRODTYPE>5</PRODTYPE></HEADER><BODY><DESC><CMPINFO><COMPANY>0</COMPANY><GROUP>0</GROUP><LEDGER>0</LEDGER><COSTCATEGORY>0</COSTCATEGORY><COSTCENTRE>0</COSTCENTRE><GODOWN>0</GODOWN><STOCKGROUP>0</STOCKGROUP><STOCKCATEGORY>0</STOCKCATEGORY><STOCKITEM>0</STOCKITEM><VOUCHERTYPE>0</VOUCHERTYPE><CURRENCY>0</CURRENCY><UNIT>0</UNIT><BUDGET>0</BUDGET><CLIENTRULE>0</CLIENTRULE><SERVERRULE>0</SERVERRULE><STATE>0</STATE><TDSRATE>0</...
  INFO Tally's own release in its answer header: PRODMAJORREL 7 PRODMINORREL 1 (PRODMAJORVER 1 PRODMINORVER 1 PRODTYPE 5)
######## PASS c1 install and open the company: installed tally.exe 18405568 bytes, 2026-10-08, FileVersion 1.1.7.1, ProductVersion 1.1.7.1, ProductName TallyPrime; company folder 100000 loaded at start: True; window 'TallyPrime:9000'
######## PASS c2 port and company list: port 9000 answered 11.6 s after start, GET 1520 ms ('<RESPONSE>TallyPrime Server is Running</RESPONSE>'); company list 8 ms, 'FinCom Spike Co' in it: True
[06:15:35] ---- hang: the hanging request of run 37729166801, one thing varied at a time, each probe in a fresh Tally
[hang masters] 35 ms: <RESPONSE><CREATED>5</CREATED><ALTERED>0</ALTERED><DELETED>0</DELETED><LASTVCHID>0</LASTVCHID><LASTMID>0</LASTMID><COMBINED>0</COMBINED><IGNORED>0</IGNORED><ERRORS>0</ERRORS><CANCELLED>0</CANCELLED><EXCEPTIONS>0</EXCEPTIONS></RESPONSE>
  INFO hang masters: <CREATED>5</CREATED> <ALTERED>0</ALTERED> <DELETED>0</DELETED> <LASTVCHID>0</LASTVCHID> <LASTMID>0</LASTMID> <COMBINED>0</COMBINED> <IGNORED>0</IGNORED> <ERRORS>0</ERRORS>
[06:15:39] hang: data kept as 'base'
[keys] 'a' -> Tally 'TallyPrime:9000'
[keys] 't' -> Tally 'TallyPrime:9000'
[shot] v-hang-setup-off-started (1024x768)
  INFO hang GST off: ISGSTON before 'Yes', now 'Yes'
[xml invoice GST off] 69 ms: <RESPONSE><CREATED>1</CREATED><ALTERED>0</ALTERED><DELETED>0</DELETED><LASTVCHID>2</LASTVCHID><LASTMID>0</LASTMID><COMBINED>0</COMBINED><IGNORED>0</IGNORED><ERRORS>0</ERRORS><CANCELLED>0</CANCELLED><EXCEPTIONS>0</EXCEPTIONS></RESPONSE>
  INFO hang GST off XML invoice: <CREATED>1</CREATED> <ALTERED>0</ALTERED> <DELETED>0</DELETED> <LASTVCHID>2</LASTVCHID> <LASTMID>0</LASTMID> <COMBINED>0</COMBINED> <IGNORED>0</IGNORED> <ERRORS>0</ERRORS>
[shot] tds-001-gw0 (1024x768)
[06:16:51] [tds] screen tds-001-gw0 : EDU c prime K: Company Y: Data Gatewayof Tally Find details entered in masters and transactions. Z: Exchange CURRENT OATE Wednesday, I-Apr-2026 OATE OF LAST ENTRY (Alt+F) O: Import E: Export M: Share p: print Fl: Help Date Company CURRENT PERIOD I-Apr-26 to 31-Mar-27 NAME OF COMPANY FinCom Spike Co (Schedule Backup) Q Search upr-26 Gateway of Tally MASTERS Create Alter CHart of Accounts TRANSACTIONS Vouchers Day 800K UTILITIES BaNking REPORTS Balance Sheet Profit & Loss A/c Stock Summary Ratio Analysis Display More Reports DashbOard Quit Unity a5ca4 to ru af3e- 7f3c- acep ' , "orc alc—d f3c—c ...
[shot] tds-002-scr-off-start (1024x768)
[06:16:52] [tds] screen tds-002-scr-off-start : EDU c prime K: Company Y: Data Gatewayof Tally Find details entered in masters and transactions. Z: Exchange CURRENT OATE Wednesday, I-Apr-2026 OATE OF LAST ENTRY (Alt+F) O: Import E: Export M: Share p: print Fl: Help Date Company CURRENT PERIOD I-Apr-26 to 31-Mar-27 NAME OF COMPANY FinCom Spike Co (Schedule Backup) Q Search upr-26 Gateway of Tally MASTERS Create Alter CHart of Accounts TRANSACTIONS Vouchers Day 800K UTILITIES BaNking REPORTS Balance Sheet Profit & Loss A/c Stock Summary Ratio Analysis Display More Reports DashbOard Quit Unity a5ca4 to ru af3e- 7f3c- acep ' , "orc alc—d f3c—c ...
[keys] 'v' -> Tally 'TallyPrime:9000'
[shot] tds-003-scr-off-vouchers (1024x768)
[06:16:56] [tds] screen tds-003-scr-off-vouchers : EDU c prime K: Company Y: Data Accounting Voucher Creati Pa ment No. 1 Account Cument balance: Particulars Narration: Unity Quit Find details entered in masters and transactions. Z: Exchange inCom Spike (Alt+F) O: Import E: Export M: Share p: print upr-26 Wednesday Amount Fl: Help Date Company Contra F5: Payment Receipt Journal Purchase FIO: E: Autofill Change Mode More Details O: Related = Reports L: Optional post -Dated J: Stat ¯ Adjustment Unused ¯ Vch No. Fl 2: Configure a5ca4 to ru af3e- 7f3c- acep ' , "orc alc—d f3c—c acepa .337. ening '4611a ing j _id" : 7-01" aalc— Mode A Accept Q Sear...
[keys] '{F8}' -> Tally 'TallyPrime:9000'
[shot] tds-004-scr-off-type (1024x768)
[06:17:00] [tds] screen tds-004-scr-off-type : a Find details entered in masters and transactions. (Alt+F) EDU c prime K: Company Y: Data Accounting Voucher Creati Sales No. 2 Party Alc name Current balance: Sales ledger: Current balance: Name of Item Narration: Quit Z: Exchange A Accept Q Search M: Share inCom Spike O: Import E: Export List of Ledger Accounts Cash Share Party Spike Party Spike Party 2 Ul Party p: print x Create Fl: Help Date Company F4: Contra Payment Receipt Journal Purchase Vouctgs E: Autofill Change Mode More Details o: Related Reports Optional post -Dated Unused Vch No. a5ca4 to ru af3e- 7f3c- acep ' , "orc alc—d f3c—...
[keys] '^h' -> Tally 'TallyPrime:9000'
[shot] tds-005-scr-off-mode (1024x768)
[06:17:04] [tds] screen tds-005-scr-off-mode : a Find details entered in masters and transactions. (Alt+F) EDU c prime Change Mode Unity Quit K: Company Y: Data Z: Exchange O: Import E: Export M: Share p: print Fl: Help inCom Spike Change Voucher Mode Item Invoice List of Modes/Usages Item Invoice Accounting Invoice As Voucher A Accept Q Search a5ca4 to ru af3e- 7f3c- acep ' , "orc alc—d f3c—c acepa .337. ening 14611a ing j _id" : 7-01" aalc— Mode Windows Server 2025 Datacenter Build 26100.ge_release240331-1435 6:17 AM 10/8/2026
[keys] 'Item Invoice{ENTER}' -> Tally 'TallyPrime:9000'
[shot] tds-006-scr-off-item-mode (1024x768)
[06:17:08] [tds] screen tds-006-scr-off-item-mode : a Find details entered in masters and transactions. (Alt+F) EDU c prime K: Company Y: Data Accounting Voucher Creati Sales No. 2 Party Alc name Current balance: Sales ledger: Current balance: Name of Item Narration: Quit Z: Exchange A Accept Q Search M: Share inCom Spike O: Import E: Export List of Ledger Accounts Cash Share Party Spike Party Spike Party 2 Ul Party p: print x Create Fl: Help Date Company F4: Contra Payment Receipt Journal Purchase Vouctgs E: Autofill Change Mode More Details o: Related Reports Optional post -Dated Unused Vch No. a5ca4 to ru af3e- 7f3c- acep ' , "orc alc—d f3c—...
[keys] '{F2}' -> Tally 'TallyPrime:9000'
[shot] tds-007-scr-off-date-box (1024x768)
[06:17:11] [tds] screen tds-007-scr-off-date-box : a Find details entered in masters and transactions. (Alt+F) EDU c prime K: Company Y: Data Change Voucher Date Unity Quit Z: Exchange A Accept Q Search O: Import E: Export M: Share p: print Fl: Help FinCom Spike Co Voucher Date 24-2026 a5ca4 to ru af3e- 7f3c- acep ' , "orc alc—d f3c—c acepa .337. ening 14611a ing j _id" : 7-01" aalc— Mode Windows Server 2025 Datacenter Build 26100.ge_release240331-1435 6:17 AM 10/8/2026
[keys] '2-10-2026{ENTER}' -> Tally 'TallyPrime:9000'
[shot] tds-008-scr-off-date (1024x768)
[06:17:14] [tds] screen tds-008-scr-off-date : a Find details entered in masters and transactions. (Alt+F) EDU c prime K: Company Y: Data Accounting Voucher Creati Sales No. 2 Party Alc name Current balance: Sales ledger: Current balance: Name of Item Narration: Quit Z: Exchange A Accept Q Search M: Share inCom Spike O: Import E: Export List of Ledger Accounts Cash Share Party Spike Party Spike Party 2 Ul Party p: print x Create Fl: Help Date Company F4: Contra Payment Receipt Journal Purchase Vouctgs E: Autofill Change Mode More Details o: Related Reports Optional post -Dated Unused Vch No. a5ca4 to ru af3e- 7f3c- acep ' , "orc alc—d f3c—...
[keys] 'Share Party{ENTER}' -> Tally 'TallyPrime:9000'
[shot] tds-009-scr-off-party (1024x768)
[06:17:19] [tds] screen tds-009-scr-off-party : EDU c prime Details K: Company Y: Data Find details entered in masters and transactions. Z: Exchange FinCom Spike Co Dispatch Details Dispatch Doc No. Dispatched through Destination Carrier Name/Agent Bill of No. Motor Vehicle No. Accept Q Search (Alt+F) O: Import E: Export M: Share p: print Fl: Help x Delivery Note No(s) Date: Unity Quit a5ca4 to ru af3e- 7f3c- acep ' , "orc alc—d f3c—c acepa .337. ening 14611a ing j _id" : 7-01" aalc— Mode Windows Server 2025 Datacenter Build 26100.ge_release240331-1435 6:17 AM 10/8/2026
[shot] tds-010-scr-off-party-sub1 (1024x768)
[06:17:20] [tds] screen tds-010-scr-off-party-sub1 : EDU c prime Details K: Company Y: Data Find details entered in masters and transactions. Z: Exchange FinCom Spike Co Dispatch Details Dispatch Doc No. Dispatched through Destination Carrier Name/Agent Bill of No. Motor Vehicle No. Accept Q Search (Alt+F) O: Import E: Export M: Share p: print Fl: Help x Delivery Note No(s) Date: Unity Quit a5ca4 to ru af3e- 7f3c- acep ' , "orc alc—d f3c—c acepa .337. ening 14611a ing j _id" : 7-01" aalc— Mode Windows Server 2025 Datacenter Build 26100.ge_release240331-1435 6:17 AM 10/8/2026
[keys] '^a' -> Tally 'TallyPrime:9000'
[shot] tds-011-scr-off-party-sub-accept (1024x768)
[06:17:24] [tds] screen tds-011-scr-off-party-sub-accept : EDU c prime Details Unity Quit K: Company Y: Data Find details entered in masters and transactions. Z: Exchange (Alt+F) O: Import Create New Party E: Export M: Share p: print Fl: Help Buyer (Bill to) Mailing Name Address State Country GST Registration type GSTIN/UIN Place of Supply Accept Q Search FinCom Spike Co Party Details Share Pa List of Ledger Accounts Share Party Spike Party Spike Party 2 Ul Party x L: Fetch Details Using GSTIN/UIN Configure a5ca4 to ru af3e- 7f3c- acep ' , "orc alc—d f3c—c acepa .337. ening '4611a ing j _id" : 7-01" aalc— Mode Windows Server 2025 Datacenter Build 2610...
[shot] tds-012-scr-off-party-sub2 (1024x768)
[06:17:25] [tds] screen tds-012-scr-off-party-sub2 : EDU c prime Details Unity Quit K: Company Y: Data Find details entered in masters and transactions. Z: Exchange (Alt+F) O: Import Create New Party E: Export M: Share p: print Fl: Help Buyer (Bill to) Mailing Name Address State Country GST Registration type GSTIN/UIN Place of Supply Accept Q Search FinCom Spike Co Party Details Share Pa List of Ledger Accounts Share Party Spike Party Spike Party 2 Ul Party x L: Fetch Details Using GSTIN/UIN Configure a5ca4 to ru af3e- 7f3c- acep ' , "orc alc—d f3c—c acepa .337. ening '4611a ing j _id" : 7-01" aalc— Mode Windows Server 2025 Datacenter Build 2610...
[keys] '^a' -> Tally 'TallyPrime:9000'
[shot] tds-013-scr-off-party-sub-accept (1024x768)
[06:17:29] [tds] screen tds-013-scr-off-party-sub-accept : a Find details entered in masters and transactions. (Alt+F) EDU c prime K: Company Y: Data Accounting Voucher Creati Sales No. 2 PartyA/cname: Share Party Current balance: 150.00 Dr Sales ledger: Current balance: Name of Item Narration: Quit Z: Exchange A Accept Q Search M: Share inCom Spike O: Import E: Export List of Ledger Accounts Share Sales p: print x Create Show More Fl: Help Date Company F4: Contra Payment Receipt Journal Purchase Vouctgs E: Autofill Change Mode More Details o: Related Reports Optional post -Dated Unused Vch No. a5ca4 to ru af3e- 7f3c- acep ' , "orc alc—d f3c—c acepa ....
[shot] tds-014-scr-off-party-sub3 (1024x768)
[06:17:30] [tds] screen tds-014-scr-off-party-sub3 : a Find details entered in masters and transactions. (Alt+F) EDU c prime K: Company Y: Data Accounting Voucher Creati Sales No. 2 PartyA/cname: Share Party Current balance: 150.00 Dr Sales ledger: Current balance: Name of Item Narration: Quit Z: Exchange A Accept Q Search M: Share inCom Spike O: Import E: Export List of Ledger Accounts Share Sales p: print x Create Show More Fl: Help Date Company F4: Contra Payment Receipt Journal Purchase Vouctgs E: Autofill Change Mode More Details o: Related Reports Optional post -Dated Unused Vch No. a5ca4 to ru af3e- 7f3c- acep ' , "orc alc—d f3c—c acepa ....
[keys] 'Share Sales{ENTER}' -> Tally 'TallyPrime:9000'
[shot] tds-015-scr-off-ledger (1024x768)
[06:17:34] [tds] screen tds-015-scr-off-ledger : Unity EDU c prime K: Company Y: Data Accounting Voucher Creati Sales No. 2 PartyA/cname: Share Party Current balance: 150.00 Dr Sales ledger: Share Sales Current balance: 150.00 Cr Name of Item Narration: Quit Find details entered in masters and transactions. Z: Exchange inCom Spike (Alt+F) O: Import Quantity E: Export Rate M: Share per p: print 2-Oct-26 Friday Amount Fl: Help Date Company F4: Contra Payment Receipt Journal Purchase Vouctgs E: Autofill Change Mode More Details o: Related Reports Optional post -Dated Unused Vch No. a5ca4 to ru af3e- 7f3c- acep ' , "orc alc—d f3c—c acepa .337. e...
[shot] tds-016-scr-off-ledger-sub1 (1024x768)
[06:17:34] [tds] screen tds-016-scr-off-ledger-sub1 : Unity EDU c prime K: Company Y: Data Accounting Voucher Creati Sales No. 2 PartyA/cname: Share Party Current balance: 150.00 Dr Sales ledger: Share Sales Current balance: 150.00 Cr Name of Item Narration: Quit Find details entered in masters and transactions. Z: Exchange inCom Spike (Alt+F) O: Import Quantity E: Export Rate M: Share per p: print 2-Oct-26 Friday Amount Fl: Help Date Company F4: Contra Payment Receipt Journal Purchase Vouctgs E: Autofill Change Mode More Details o: Related Reports Optional post -Dated Unused Vch No. a5ca4 to ru af3e- 7f3c- acep ' , "orc alc—d f3c—c acepa .337. e...
[keys] 'Share Item{ENTER}' -> Tally 'TallyPrime:9000'
[shot] tds-017-scr-off-item (1024x768)
[06:17:38] [tds] screen tds-017-scr-off-item : Unity EDU c prime K: Company Y: Data Accounting Voucher Creati Sales No. 2 PartyA/cname: Share Party Current balance: 150.00 Dr Sales ledger: Share Sales Current balance: 150.00 Cr Name of Item Share Item Narration: Quit Find details entered in masters and transactions. Z: Exchange inCom Spike (Alt+F) O: Import Quantity E: Export Rate M: Share per p: print 2-Oct-26 Friday Amount Fl: Help Date Company F4: Contra Payment Receipt Journal Purchase Vouctgs E: Autofill Change Mode More Details o: Related Reports Optional post -Dated Unused Vch No. a5ca4 to ru af3e- 7f3c- acep ' , "orc alc—d f3c—c ac...
[shot] tds-018-scr-off-item-sub1 (1024x768)
[06:17:39] [tds] screen tds-018-scr-off-item-sub1 : Unity EDU c prime K: Company Y: Data Accounting Voucher Creati Sales No. 2 PartyA/cname: Share Party Current balance: 150.00 Dr Sales ledger: Share Sales Current balance: 150.00 Cr Name of Item Share Item Narration: Quit Find details entered in masters and transactions. Z: Exchange inCom Spike (Alt+F) O: Import Quantity E: Export Rate M: Share per p: print 2-Oct-26 Friday Amount Fl: Help Date Company F4: Contra Payment Receipt Journal Purchase Vouctgs E: Autofill Change Mode More Details o: Related Reports Optional post -Dated Unused Vch No. a5ca4 to ru af3e- 7f3c- acep ' , "orc alc—d f3c—c ac...
[keys] '2{ENTER}' -> Tally 'TallyPrime:9000'
[shot] tds-019-scr-off-qty (1024x768)
[06:17:42] [tds] screen tds-019-scr-off-qty : Unity EDU c prime K: Company Y: Data Accounting Voucher Creati Sales No. 2 PartyA/cname: Share Party Current balance: 150.00 Dr Sales ledger: Share Sales Current balance: 150.00 Cr Name of Item Share Item Narration: Quit Find details entered in masters and transactions. Z: Exchange inCom Spike (Alt+F) O: Import Quantity 2 Nos 2 Nos E: Export Rate M: Share per p: print 2-Oct-26 Friday Amount Fl: Help Date Company F4: Contra Payment Receipt Journal Purchase Vouctgs E: Autofill Change Mode More Details o: Related Reports Optional post -Dated Unused Vch No. a5ca4 to ru af3e- 7f3c- acep ' , "orc al...
[keys] '75{ENTER}' -> Tally 'TallyPrime:9000'
[shot] tds-020-scr-off-rate (1024x768)
[06:17:46] [tds] screen tds-020-scr-off-rate : Unity EDU c prime K: Company Y: Data Accounting Voucher Creati Sales No. 2 PartyA/cname: Share Party Current balance: 150.00 Dr Sales ledger: Share Sales Current balance: 150.00 Cr Name of Item Share Item Narration: Quit Find details entered in masters and transactions. Z: Exchange inCom Spike (Alt+F) O: Import Quantity 2 Nos 2 Nos E: Export Rate 75.00 M: Share per Nos p: print 2-Oct-26 Friday Amount 150.00 Fl: Help Date Company F4: Contra Payment Receipt Journal Purchase Vouctgs E: Autofill Change Mode More Details o: 150.00 Related Reports Optional post -Dated Unused Vch No. a5ca4 to ru af3e...
[keys] '{ENTER}' -> Tally 'TallyPrime:9000'
[shot] tds-021-scr-off-amount (1024x768)
[06:17:49] [tds] screen tds-021-scr-off-amount : Unity EDU c prime K: Company Y: Data Accounting Voucher Creati Sales No. 2 PartyA/cname: Share Party Current balance: 150.00 Dr Sales ledger: Share Sales Current balance: 150.00 Cr Name of Item Share Item Narration: Quit Find details entered in masters and transactions. Z: Exchange inCom Spike (Alt+F) O: Import Quantity 2 Nos 2 Nos E: Export Rate 75.00 M: Share per Nos p: print 2-Oct-26 Friday Amount 150.00 Fl: Help Date Company F4: Contra Payment Receipt Journal Purchase Vouctgs E: Autofill Change Mode More Details o: 150.00 Related Reports Optional post -Dated Unused Vch No. a5ca4 to ru af3e...
[shot] tds-022-scr-off-item-b-sub1 (1024x768)
[06:17:50] [tds] screen tds-022-scr-off-item-b-sub1 : Unity EDU c prime K: Company Y: Data Accounting Voucher Creati Sales No. 2 PartyA/cname: Share Party Current balance: 150.00 Dr Sales ledger: Share Sales Current balance: 150.00 Cr Name of Item Share Item Narration: Quit Find details entered in masters and transactions. Z: Exchange inCom Spike (Alt+F) O: Import Quantity 2 Nos 2 Nos E: Export Rate 75.00 M: Share per Nos p: print 2-Oct-26 Friday Amount 150.00 Fl: Help Date Company F4: Contra Payment Receipt Journal Purchase Vouctgs E: Autofill Change Mode More Details o: 150.00 Related Reports Optional post -Dated Unused Vch No. a5ca4 to ru af3e...
[keys] '{ENTER}' -> Tally 'TallyPrime:9000'
[shot] tds-023-scr-off-items-done (1024x768)
[06:17:53] [tds] screen tds-023-scr-off-items-done : Unity EDU c prime K: Company Y: Data Accounting Voucher Creati Sales No. 2 PartyA/cname: Share Party Current balance: 150.00 Dr Sales ledger: Share Sales Current balance: 150.00 Cr Name of Item Share Item Narration: Quit Find details entered in masters and transactions. Z: Exchange inCom Spike (Alt+F) O: Import Quantity 2 Nos 2 Nos E: Export Rate 75.00 M: Share per Nos p: print 2-Oct-26 Friday Amount 150.00 Fl: Help Date Company F4: Contra Payment Receipt Journal Purchase Vouctgs 150.00 E: Autofill Change Mode More Details o: 150.00 Related Reports Optional post -Dated Unused Vch No. a5ca4 to ...
[keys] '^a' -> Tally 'TallyPrime:9000'
[shot] tds-024-scr-off-accept1 (1024x768)
[06:17:57] [tds] screen tds-024-scr-off-accept1 : Unity EDU c prime K: Company Y: Data Accounting Voucher Creati Sales No. 2 PartyA/cname: Share Party Current balance: 150.00 Dr Sales ledger: Share Sales Current balance: 150.00 Cr Name of Item Share Item Narration: Quit Find details entered in masters and transactions. Z: Exchange inCom Spike (Alt+F) O: Import Quantity 2 Nos 2 Nos E: Export Rate 75.00 M: Share per Nos p: print 2-Oct-26 Friday = Amount 150.00 150.00 150.00 Fl: Help F3: Shut Company E_4: Payroll F5: Rejections Out F6: Rejections In physical — Stock Sales Order E_2: Purchase E: Autofill Change Mode More Details Related o: — Repo...
[shot] tds-025-scr-off-after1 (1024x768)
[06:17:58] [tds] screen tds-025-scr-off-after1 : Unity EDU c prime K: Company Y: Data Accounting Voucher Creati Sales No. 2 PartyA/cname: Share Party Current balance: 150.00 Dr Sales ledger: Share Sales Current balance: 150.00 Cr Name of Item Share Item Narration: Quit Find details entered in masters and transactions. Z: Exchange inCom Spike (Alt+F) O: Import Quantity 2 Nos 2 Nos E: Export Rate 75.00 M: Share per Nos p: print 2-Oct-26 Friday = Amount 150.00 150.00 150.00 Fl: Help F3: Shut Company E_4: Payroll F5: Rejections Out F6: Rejections In physical — Stock Sales Order E_2: Purchase E: Autofill Change Mode More Details Related o: — Repo...
[keys] '^a' -> Tally 'TallyPrime:9000'
[shot] tds-026-scr-off-accept2 (1024x768)
[06:18:03] [tds] screen tds-026-scr-off-accept2 : Find details entered In masters and transactions EDU c prime K: Company Y: Data Accounting Voucher Creation Q: Quit Z: Exchange A: Accept Q Search O: Import E: Export M: Share FinCom Spike Co p: print x Error Oops! No Entries in Voucher! Fl: Help F-2: Date F-3: Company F-4: Contra F-5: Payment F-6: Receipt F-7: Journal F-9: Purchase PIO: E: Autofill H: Change = Mode I: More - Details O: Related ¯ Repons L: Optional T: post = -Dated • Unused = vch No. a5ca4 to ru af3e- 7f3c- acep ' , "orc alc—d f3c—c acepa .337. ening '4611a ing j _id" : 7-01" aalc— Unity p: Delete , cancel vch F-12: Configure ...
[shot] tds-027-scr-off-after2 (1024x768)
[06:18:04] [tds] screen tds-027-scr-off-after2 : Find details entered In masters and transactions EDU c prime K: Company Y: Data Accounting Voucher Creation Q: Quit Z: Exchange A: Accept Q Search O: Import E: Export M: Share FinCom Spike Co p: print x Error Oops! No Entries in Voucher! Fl: Help F-2: Date F-3: Company F-4: Contra F-5: Payment F-6: Receipt F-7: Journal F-9: Purchase PIO: E: Autofill H: Change = Mode I: More - Details O: Related ¯ Repons L: Optional T: post = -Dated • Unused = vch No. a5ca4 to ru af3e- 7f3c- acep ' , "orc alc—d f3c—c acepa .337. ening '4611a ing j _id" : 7-01" aalc— Unity p: Delete , cancel vch F-12: Configure ...
[keys] '^a' -> Tally 'TallyPrime:9000'
[shot] tds-028-scr-off-accept3 (1024x768)
[06:18:09] [tds] screen tds-028-scr-off-accept3 : a Find details entered in masters and transactions. (Alt+F) EDU c prime K: Company Y: Data Accounting Voucher Creati Sales No. 3 Party Alc name: Cash Current balance: Sales ledger: Share Sales Current balance: 300.00 Cr Name of Item End of List End of List Narration: Quit Z: Exchange A Accept Q Search M: Share inCom Spike O: Import E: Export List of Ledger Accounts Cash Share Party Spike Party Spike Party 2 Ul Party p: print x Create Fl: Help Date Company F4: Contra Payment Receipt Journal Purchase Vouctgs E: Autofill Change Mode More Details o: Related Reports Optional post -Dated Unused Vch ...
[shot] tds-029-scr-off-after3 (1024x768)
[06:18:10] [tds] screen tds-029-scr-off-after3 : a Find details entered in masters and transactions. (Alt+F) EDU c prime K: Company Y: Data Accounting Voucher Creati Sales No. 3 Party Alc name: Cash Current balance: Sales ledger: Share Sales Current balance: 300.00 Cr Name of Item End of List End of List Narration: Quit Z: Exchange A Accept Q Search M: Share inCom Spike O: Import E: Export List of Ledger Accounts Cash Share Party Spike Party Spike Party 2 Ul Party p: print x Create Fl: Help Date Company F4: Contra Payment Receipt Journal Purchase Vouctgs E: Autofill Change Mode More Details o: Related Reports Optional post -Dated Unused Vch ...
[keys] '^a' -> Tally 'TallyPrime:9000'
[shot] tds-030-scr-off-accept4 (1024x768)
[06:18:14] [tds] screen tds-030-scr-off-accept4 : Find details entered In masters and transactions EDU c prime K: Company Y: Data Accounting Voucher Creation Q: Quit Z: Exchange A: Accept Q Search O: Import E: Export M: Share FinCom Spike Co p: print x Error Oops! No Entries in Voucher! Fl: Help F-2: Date F-3: Company F-4: Contra F-5: Payment F-6: Receipt F-7: Journal F-9: Purchase PIO: E: Autofill H: Change = Mode I: More - Details O: Related ¯ Repons L: Optional T: post = -Dated • Unused = vch No. a5ca4 to ru af3e- 7f3c- acep ' , "orc alc—d f3c—c acepa .337. ening '4611a ing j _id" : 7-01" aalc— Unity p: Delete , cancel vch F-12: Configure ...
[shot] tds-031-scr-off-after4 (1024x768)
[06:18:15] [tds] screen tds-031-scr-off-after4 : Find details entered In masters and transactions EDU c prime K: Company Y: Data Accounting Voucher Creation Q: Quit Z: Exchange A: Accept Q Search O: Import E: Export M: Share FinCom Spike Co p: print x Error Oops! No Entries in Voucher! Fl: Help F-2: Date F-3: Company F-4: Contra F-5: Payment F-6: Receipt F-7: Journal F-9: Purchase PIO: E: Autofill H: Change = Mode I: More - Details O: Related ¯ Repons L: Optional T: post = -Dated • Unused = vch No. a5ca4 to ru af3e- 7f3c- acep ' , "orc alc—d f3c—c acepa .337. ening '4611a ing j _id" : 7-01" aalc— Unity p: Delete , cancel vch F-12: Configure ...
[shot] tds-032-gw0 (1024x768)
[06:18:16] [tds] screen tds-032-gw0 : Find details entered In masters and transactions EDU c prime K: Company Y: Data Accounting Voucher Creation Q: Quit Z: Exchange A: Accept Q Search O: Import E: Export M: Share FinCom Spike Co p: print x Error Oops! No Entries in Voucher! Fl: Help F-2: Date F-3: Company F-4: Contra F-5: Payment F-6: Receipt F-7: Journal F-9: Purchase PIO: E: Autofill H: Change = Mode I: More - Details O: Related ¯ Repons L: Optional T: post = -Dated • Unused = vch No. a5ca4 to ru af3e- 7f3c- acep ' , "orc alc—d f3c—c acepa .337. ening '4611a ing j _id" : 7-01" aalc— Unity p: Delete , cancel vch F-12: Configure ...
[keys] '{ESC}' -> Tally 'TallyPrime:9000'
[shot] tds-033-gw1 (1024x768)
[06:18:20] [tds] screen tds-033-gw1 : a Find details entered in masters and transactions. (Alt+F) EDU c prime K: Company Y: Data Accounting Voucher Creati Sales No. 3 Party Alc name: Cash Current balance: Sales ledger: Share Sales Current balance: 300.00 Cr Name of Item End of List End of List Narration: Quit Z: Exchange A Accept Q Search M: Share inCom Spike O: Import E: Export List of Ledger Accounts Cash Share Party Spike Party Spike Party 2 Ul Party p: print x Create Fl: Help Date Company F4: Contra Payment Receipt Journal Purchase Vouctgs E: Autofill Change Mode More Details o: Related Reports Optional post -Dated Unused Vch ...
[keys] '{ESC}' -> Tally 'TallyPrime:9000'
[shot] tds-034-gw2 (1024x768)
[06:18:23] [tds] screen tds-034-gw2 : a Find details entered in masters and transactions. (Alt+F) EDU c prime K: Company Y: Data Accounting Voucher Creati Sales No. 3 Party Alc name Current balance: Sales ledger: Share Sales Current balance: 300.00 Cr Name of Item End of List End of List Narration: Quit Z: Exchange A Accept Q Search M: Share inCom Spike O: Import E: Export List of Ledger Accounts Cash Share Party Spike Party Spike Party 2 Ul Party p: print x Create Fl: Help Date Company F4: Contra Payment Receipt Journal Purchase Vouctgs E: Autofill Change Mode More Details o: Related Reports Optional post -Dated Unused Vch No. a5...
[keys] '{ESC}' -> Tally 'TallyPrime:9000'
[shot] tds-035-gw3 (1024x768)
[06:18:27] [tds] screen tds-035-gw3 : Find details entered In masters and transactions EDU c prime K: Company Y: Data Accounting Voucher Creati Sales No. 3 Party Alc name Current balance: Sales ledger: Share Sales Current balance: 300.00 Cr Name of Item End of List End of List Narration: Q: Quit Z: Exchange A: Accept Q Search inCom Spike O: Import Quantity E: Export Rate M: Share per p: print 2-Oct-26 Friday Amount Quit o Yes or No Unity D: Delete X: Cancel Vch Fl: Help F-2: Date F-3: Company F-4: Contra F-5: Payment F-6: Receipt F-7: Journal F-9: Purchase PIO: E: Autofill H: Change = Mode I: More - Details O: Related ¯ Repons L: ...
[keys] 'y' -> Tally 'TallyPrime:9000'
[shot] tds-036-gw4 (1024x768)
[06:18:30] [tds] screen tds-036-gw4 : EDU c prime K: Company Y: Data Gatewayof Tally Find details entered in masters and transactions. Z: Exchange CURRENT OATE Friday, 2-Oct-2026 OATE OF LAST ENTRY (Alt+F) O: Import E: Export M: Share p: print Fl: Help Date Company CURRENT PERIOD I-Apr-26 to 31-Mar-27 NAME OF COMPANY FinCom Spike Co (Schedule Backup) Q Search 2-OctQ6 Gateway of Tally MASTERS Create Alter CHart of Accounts TRANSACTIONS Vouchers Day 800K UTILITIES BaNking REPORTS Balance Sheet Profit & Loss A/c Stock Summary Ratio Analysis Display More Reports DashbOard Quit Unity a5ca4 to ru af3e- 7f3c- acep ' , "orc alc—d f3c—c ac...
  voucher mid=1 aid=1 Journal/1/20260401 guid=5f4d2e55-f80c-45ed-904a-8cdd3fbf9132-00000001 cancelled=False
  voucher mid=2 aid=2 Sales/1/20261002 guid=5f4d2e55-f80c-45ed-904a-8cdd3fbf9132-00000002 cancelled=False
  voucher mid=3 aid=3 Sales/2/20261002 guid=5f4d2e55-f80c-45ed-904a-8cdd3fbf9132-00000003 cancelled=False
[06:18:34] hang: data kept as 'gstoff'
[keys] 'a' -> Tally 'TallyPrime:9000'
[keys] 't' -> Tally 'TallyPrime:9000'
[shot] v-hang-setup-on-started (1024x768)
[company GST on] 18 ms: <RESPONSE><CREATED>0</CREATED><ALTERED>1</ALTERED><DELETED>0</DELETED><LASTVCHID>0</LASTVCHID><LASTMID>0</LASTMID><COMBINED>0</COMBINED><IGNORED>0</IGNORED><ERRORS>0</ERRORS><CANCELLED>0</CANCELLED><EXCEPTIONS>0</EXCEPTIONS></RESPONSE>
  INFO hang GST on: ISGSTON before 'Yes', now 'Yes'
[xml invoice GST on] 72 ms: <RESPONSE><CREATED>1</CREATED><ALTERED>0</ALTERED><DELETED>0</DELETED><LASTVCHID>2</LASTVCHID><LASTMID>0</LASTMID><COMBINED>0</COMBINED><IGNORED>0</IGNORED><ERRORS>0</ERRORS><CANCELLED>0</CANCELLED><EXCEPTIONS>0</EXCEPTIONS></RESPONSE>
  INFO hang GST on XML invoice: <CREATED>1</CREATED> <ALTERED>0</ALTERED> <DELETED>0</DELETED> <LASTVCHID>2</LASTVCHID> <LASTMID>0</LASTMID> <COMBINED>0</COMBINED> <IGNORED>0</IGNORED> <ERRORS>0</ERRORS>
[shot] tds-037-gw0 (1024x768)
[06:19:16] [tds] screen tds-037-gw0 : EDU c prime K: Company Y: Data Gatewayof Tally Find details entered in masters and transactions. Z: Exchange CURRENT OATE Wednesday, I-Apr-2026 OATE OF LAST ENTRY (Alt+F) O: Import E: Export M: Share p: print Fl: Help Date Company CURRENT PERIOD I-Apr-26 to 31-Mar-27 NAME OF COMPANY FinCom Spike Co (Schedule Backup) Q Search upr-26 Gateway of Tally MASTERS Create Alter CHart of Accounts TRANSACTIONS Vouchers Day 800K UTILITIES BaNking REPORTS Balance Sheet Profit & Loss A/c Stock Summary Ratio Analysis Display More Reports DashbOard Quit Unity a5ca4 to ru af3e- 7f3c- acep ' , "orc alc—d f3c—c ...
[shot] tds-038-scr-on-start (1024x768)
[06:19:17] [tds] screen tds-038-scr-on-start : EDU c prime K: Company Y: Data Gatewayof Tally Find details entered in masters and transactions. Z: Exchange CURRENT OATE Wednesday, I-Apr-2026 OATE OF LAST ENTRY (Alt+F) O: Import E: Export M: Share p: print Fl: Help Date Company CURRENT PERIOD I-Apr-26 to 31-Mar-27 NAME OF COMPANY FinCom Spike Co (Schedule Backup) Q Search upr-26 Gateway of Tally MASTERS Create Alter CHart of Accounts TRANSACTIONS Vouchers Day 800K UTILITIES BaNking REPORTS Balance Sheet Profit & Loss A/c Stock Summary Ratio Analysis Display More Reports DashbOard Quit Unity a5ca4 to ru af3e- 7f3c- acep ' , "orc alc—d f3c—c ...
[keys] 'v' -> Tally 'TallyPrime:9000'
[shot] tds-039-scr-on-vouchers (1024x768)
[06:19:21] [tds] screen tds-039-scr-on-vouchers : EDU c prime K: Company Y: Data Accounting Voucher Creati Pa ment No. 1 Account Cument balance: Particulars Narration: Unity Quit Find details entered in masters and transactions. Z: Exchange inCom Spike (Alt+F) O: Import E: Export M: Share p: print upr-26 Wednesday Amount Fl: Help Date Company Contra F5: Payment Receipt Journal Purchase FIO: E: Autofill Change Mode More Details O: Related = Reports L: Optional post -Dated J: Stat ¯ Adjustment Unused ¯ Vch No. Fl 2: Configure a5ca4 to ru af3e- 7f3c- acep ' , "orc alc—d f3c—c acepa .337. ening '4611a ing j _id" : 7-01" aalc— Mode A Accept Q Sear...
[keys] '{F8}' -> Tally 'TallyPrime:9000'
[shot] tds-040-scr-on-type (1024x768)
[06:19:25] [tds] screen tds-040-scr-on-type : a Find details entered in masters and transactions. (Alt+F) EDU c prime K: Company Y: Data Accounting Voucher Creati Sales No. 2 Party Alc name Current balance: Sales ledger: Current balance: Name of Item Narration: Quit Z: Exchange A Accept Q Search M: Share inCom Spike O: Import E: Export List of Ledger Accounts Cash Share Party Spike Party Spike Party 2 Ul Party p: print x Create Fl: Help Date Company F4: Contra Payment Receipt Journal Purchase Vouctgs E: Autofill Change Mode More Details o: Related Reports Optional post -Dated Unused Vch No. a5ca4 to ru af3e- 7f3c- acep ' , "orc alc—d f3c—...
[keys] '^h' -> Tally 'TallyPrime:9000'
[shot] tds-041-scr-on-mode (1024x768)
[06:19:29] [tds] screen tds-041-scr-on-mode : a Find details entered in masters and transactions. (Alt+F) EDU c prime Change Mode Unity Quit K: Company Y: Data Z: Exchange O: Import E: Export M: Share p: print Fl: Help inCom Spike Change Voucher Mode Item Invoice List of Modes/Usages Item Invoice Accounting Invoice As Voucher A Accept Q Search a5ca4 to ru af3e- 7f3c- acep ' , "orc alc—d f3c—c acepa .337. ening 14611a ing j _id" : 7-01" aalc— Mode Windows Server 2025 Datacenter Build 26100.ge_release240331-1435 6:19 AM 10/8/2026
[keys] 'Item Invoice{ENTER}' -> Tally 'TallyPrime:9000'
[shot] tds-042-scr-on-item-mode (1024x768)
[06:19:33] [tds] screen tds-042-scr-on-item-mode : a Find details entered in masters and transactions. (Alt+F) EDU c prime K: Company Y: Data Accounting Voucher Creati Sales No. 2 Party Alc name Current balance: Sales ledger: Current balance: Name of Item Narration: Quit Z: Exchange A Accept Q Search M: Share inCom Spike O: Import E: Export List of Ledger Accounts Cash Share Party Spike Party Spike Party 2 Ul Party p: print x Create Fl: Help Date Company F4: Contra Payment Receipt Journal Purchase Vouctgs E: Autofill Change Mode More Details o: Related Reports Optional post -Dated Unused Vch No. a5ca4 to ru af3e- 7f3c- acep ' , "orc alc—d f3c—...
[keys] '{F2}' -> Tally 'TallyPrime:9000'
[shot] tds-043-scr-on-date-box (1024x768)
[06:19:36] [tds] screen tds-043-scr-on-date-box : a Find details entered in masters and transactions. (Alt+F) EDU c prime K: Company Y: Data Change Voucher Date Unity Quit Z: Exchange A Accept Q Search O: Import E: Export M: Share p: print Fl: Help FinCom Spike Co Voucher Date 24-2026 a5ca4 to ru af3e- 7f3c- acep ' , "orc alc—d f3c—c acepa .337. ening 14611a ing j _id" : 7-01" aalc— Mode Windows Server 2025 Datacenter Build 26100.ge_release240331-1435 6:19 AM 10/8/2026
[keys] '2-10-2026{ENTER}' -> Tally 'TallyPrime:9000'
[shot] tds-044-scr-on-date (1024x768)
[06:19:40] [tds] screen tds-044-scr-on-date : a Find details entered in masters and transactions. (Alt+F) EDU c prime K: Company Y: Data Accounting Voucher Creati Sales No. 2 Party Alc name Current balance: Sales ledger: Current balance: Name of Item Narration: Quit Z: Exchange A Accept Q Search M: Share inCom Spike O: Import E: Export List of Ledger Accounts Cash Share Party Spike Party Spike Party 2 Ul Party p: print x Create Fl: Help Date Company F4: Contra Payment Receipt Journal Purchase Vouctgs E: Autofill Change Mode More Details o: Related Reports Optional post -Dated Unused Vch No. a5ca4 to ru af3e- 7f3c- acep ' , "orc alc—d f3c—...
[keys] 'Share Party{ENTER}' -> Tally 'TallyPrime:9000'
[shot] tds-045-scr-on-party (1024x768)
[06:19:44] [tds] screen tds-045-scr-on-party : EDU c prime Details K: Company Y: Data Find details entered in masters and transactions. Z: Exchange FinCom Spike Co Dispatch Details Dispatch Doc No. Dispatched through Destination Carrier Name/Agent Bill of No. Motor Vehicle No. Accept Q Search (Alt+F) O: Import E: Export M: Share p: print Fl: Help x Delivery Note No(s) Date: Unity Quit a5ca4 to ru af3e- 7f3c- acep ' , "orc alc—d f3c—c acepa .337. ening 14611a ing j _id" : 7-01" aalc— Mode Windows Server 2025 Datacenter Build 26100.ge_release240331-1435 6:19 AM 10/8/2026
[shot] tds-046-scr-on-party-sub1 (1024x768)
[06:19:45] [tds] screen tds-046-scr-on-party-sub1 : EDU c prime Details K: Company Y: Data Find details entered in masters and transactions. Z: Exchange FinCom Spike Co Dispatch Details Dispatch Doc No. Dispatched through Destination Carrier Name/Agent Bill of No. Motor Vehicle No. Accept Q Search (Alt+F) O: Import E: Export M: Share p: print Fl: Help x Delivery Note No(s) Date: Unity Quit a5ca4 to ru af3e- 7f3c- acep ' , "orc alc—d f3c—c acepa .337. ening 14611a ing j _id" : 7-01" aalc— Mode Windows Server 2025 Datacenter Build 26100.ge_release240331-1435 6:19 AM 10/8/2026
[keys] '^a' -> Tally 'TallyPrime:9000'
[shot] tds-047-scr-on-party-sub-accept (1024x768)
[06:19:49] [tds] screen tds-047-scr-on-party-sub-accept : EDU c prime Details Unity Quit K: Company Y: Data Find details entered in masters and transactions. Z: Exchange (Alt+F) O: Import Create New Party E: Export M: Share p: print Fl: Help Buyer (Bill to) Mailing Name Address State Country GST Registration type GSTIN/UIN Place of Supply Accept Q Search FinCom Spike Co Party Details Share Pa List of Ledger Accounts Share Party Spike Party Spike Party 2 Ul Party x L: Fetch Details Using GSTIN/UIN Configure a5ca4 to ru af3e- 7f3c- acep ' , "orc alc—d f3c—c acepa .337. ening '4611a ing j _id" : 7-01" aalc— Mode Windows Server 2025 Datacenter Build 2610...
[shot] tds-048-scr-on-party-sub2 (1024x768)
[06:19:50] [tds] screen tds-048-scr-on-party-sub2 : EDU c prime Details Unity Quit K: Company Y: Data Find details entered in masters and transactions. Z: Exchange (Alt+F) O: Import Create New Party E: Export M: Share p: print Fl: Help Buyer (Bill to) Mailing Name Address State Country GST Registration type GSTIN/UIN Place of Supply Accept Q Search FinCom Spike Co Party Details Share Pa List of Ledger Accounts Share Party Spike Party Spike Party 2 Ul Party x L: Fetch Details Using GSTIN/UIN Configure a5ca4 to ru af3e- 7f3c- acep ' , "orc alc—d f3c—c acepa .337. ening '4611a ing j _id" : 7-01" aalc— Mode Windows Server 2025 Datacenter Build 2610...
[keys] '^a' -> Tally 'TallyPrime:9000'
[shot] tds-049-scr-on-party-sub-accept (1024x768)
[06:19:53] [tds] screen tds-049-scr-on-party-sub-accept : a Find details entered in masters and transactions. (Alt+F) EDU c prime K: Company Y: Data Accounting Voucher Creati Sales No. 2 PartyA/cname: Share Party Current balance: 150.00 Dr Sales ledger: Current balance: Name of Item Narration: Quit Z: Exchange A Accept Q Search M: Share inCom Spike O: Import E: Export List of Ledger Accounts Share Sales p: print x Create Show More Fl: Help Date Company F4: Contra Payment Receipt Journal Purchase Vouctgs E: Autofill Change Mode More Details o: Related Reports Optional post -Dated Unused Vch No. a5ca4 to ru af3e- 7f3c- acep ' , "orc alc—d f3c—c acepa ....
[shot] tds-050-scr-on-party-sub3 (1024x768)
[06:19:54] [tds] screen tds-050-scr-on-party-sub3 : a Find details entered in masters and transactions. (Alt+F) EDU c prime K: Company Y: Data Accounting Voucher Creati Sales No. 2 PartyA/cname: Share Party Current balance: 150.00 Dr Sales ledger: Current balance: Name of Item Narration: Quit Z: Exchange A Accept Q Search M: Share inCom Spike O: Import E: Export List of Ledger Accounts Share Sales p: print x Create Show More Fl: Help Date Company F4: Contra Payment Receipt Journal Purchase Vouctgs E: Autofill Change Mode More Details o: Related Reports Optional post -Dated Unused Vch No. a5ca4 to ru af3e- 7f3c- acep ' , "orc alc—d f3c—c acepa ....
[keys] 'Share Sales{ENTER}' -> Tally 'TallyPrime:9000'
[shot] tds-051-scr-on-ledger (1024x768)
[06:19:58] [tds] screen tds-051-scr-on-ledger : Unity EDU c prime K: Company Y: Data Accounting Voucher Creati Sales No. 2 PartyA/cname: Share Party Current balance: 150.00 Dr Sales ledger: Share Sales Current balance: 150.00 Cr Name of Item Narration: Quit Find details entered in masters and transactions. Z: Exchange inCom Spike (Alt+F) O: Import Quantity E: Export Rate M: Share per p: print 2-Oct-26 Friday Amount Fl: Help Date Company F4: Contra Payment Receipt Journal Purchase Vouctgs E: Autofill Change Mode More Details o: Related Reports Optional post -Dated Unused Vch No. a5ca4 to ru af3e- 7f3c- acep ' , "orc alc—d f3c—c acepa .337. e...
[shot] tds-052-scr-on-ledger-sub1 (1024x768)
[06:19:59] [tds] screen tds-052-scr-on-ledger-sub1 : Unity EDU c prime K: Company Y: Data Accounting Voucher Creati Sales No. 2 PartyA/cname: Share Party Current balance: 150.00 Dr Sales ledger: Share Sales Current balance: 150.00 Cr Name of Item Narration: Quit Find details entered in masters and transactions. Z: Exchange inCom Spike (Alt+F) O: Import Quantity E: Export Rate M: Share per p: print 2-Oct-26 Friday Amount Fl: Help Date Company F4: Contra Payment Receipt Journal Purchase Vouctgs E: Autofill Change Mode More Details o: Related Reports Optional post -Dated Unused Vch No. a5ca4 to ru af3e- 7f3c- acep ' , "orc alc—d f3c—c acepa .337. e...
[keys] 'Share Item{ENTER}' -> Tally 'TallyPrime:9000'
[shot] tds-053-scr-on-item (1024x768)
[06:20:03] [tds] screen tds-053-scr-on-item : Unity EDU c prime K: Company Y: Data Accounting Voucher Creati Sales No. 2 PartyA/cname: Share Party Current balance: 150.00 Dr Sales ledger: Share Sales Current balance: 150.00 Cr Name of Item Share Item Narration: Quit Find details entered in masters and transactions. Z: Exchange inCom Spike (Alt+F) O: Import Quantity E: Export Rate M: Share per p: print 2-Oct-26 Friday Amount Fl: Help Date Company F4: Contra Payment Receipt Journal Purchase Vouctgs E: Autofill Change Mode More Details o: Related Reports Optional post -Dated Unused Vch No. a5ca4 to ru af3e- 7f3c- acep ' , "orc alc—d f3c—c ac...
[shot] tds-054-scr-on-item-sub1 (1024x768)
[06:20:04] [tds] screen tds-054-scr-on-item-sub1 : Unity EDU c prime K: Company Y: Data Accounting Voucher Creati Sales No. 2 PartyA/cname: Share Party Current balance: 150.00 Dr Sales ledger: Share Sales Current balance: 150.00 Cr Name of Item Share Item Narration: Quit Find details entered in masters and transactions. Z: Exchange inCom Spike (Alt+F) O: Import Quantity E: Export Rate M: Share per p: print 2-Oct-26 Friday Amount Fl: Help Date Company F4: Contra Payment Receipt Journal Purchase Vouctgs E: Autofill Change Mode More Details o: Related Reports Optional post -Dated Unused Vch No. a5ca4 to ru af3e- 7f3c- acep ' , "orc alc—d f3c—c ac...
[keys] '2{ENTER}' -> Tally 'TallyPrime:9000'
[shot] tds-055-scr-on-qty (1024x768)
[06:20:07] [tds] screen tds-055-scr-on-qty : Unity EDU c prime K: Company Y: Data Accounting Voucher Creati Sales No. 2 PartyA/cname: Share Party Current balance: 150.00 Dr Sales ledger: Share Sales Current balance: 150.00 Cr Name of Item Share Item Narration: Quit Find details entered in masters and transactions. Z: Exchange inCom Spike (Alt+F) O: Import Quantity 2 Nos 2 Nos E: Export Rate M: Share per p: print 2-Oct-26 Friday Amount Fl: Help Date Company F4: Contra Payment Receipt Journal Purchase Vouctgs E: Autofill Change Mode More Details o: Related Reports Optional post -Dated Unused Vch No. a5ca4 to ru af3e- 7f3c- acep ' , "orc al...
[keys] '75{ENTER}' -> Tally 'TallyPrime:9000'
[shot] tds-056-scr-on-rate (1024x768)
[06:20:10] [tds] screen tds-056-scr-on-rate : Unity EDU c prime K: Company Y: Data Accounting Voucher Creati Sales No. 2 PartyA/cname: Share Party Current balance: 150.00 Dr Sales ledger: Share Sales Current balance: 150.00 Cr Name of Item Share Item Narration: Quit Find details entered in masters and transactions. Z: Exchange inCom Spike (Alt+F) O: Import Quantity 2 Nos 2 Nos E: Export Rate 75.00 M: Share per Nos p: print 2-Oct-26 Friday Amount 150.00 Fl: Help Date Company F4: Contra Payment Receipt Journal Purchase Vouctgs E: Autofill Change Mode More Details o: 150.00 Related Reports Optional post -Dated Unused Vch No. a5ca4 to ru af3e...
[keys] '{ENTER}' -> Tally 'TallyPrime:9000'
[shot] tds-057-scr-on-amount (1024x768)
[06:20:13] [tds] screen tds-057-scr-on-amount : Unity EDU c prime K: Company Y: Data Accounting Voucher Creati Sales No. 2 PartyA/cname: Share Party Current balance: 150.00 Dr Sales ledger: Share Sales Current balance: 150.00 Cr Name of Item Share Item Narration: Quit Find details entered in masters and transactions. Z: Exchange inCom Spike (Alt+F) O: Import Quantity 2 Nos 2 Nos E: Export Rate 75.00 M: Share per Nos p: print 2-Oct-26 Friday Amount 150.00 Fl: Help Date Company F4: Contra Payment Receipt Journal Purchase Vouctgs E: Autofill Change Mode More Details o: 150.00 Related Reports Optional post -Dated Unused Vch No. a5ca4 to ru af3e...
[shot] tds-058-scr-on-item-b-sub1 (1024x768)
[06:20:14] [tds] screen tds-058-scr-on-item-b-sub1 : Unity EDU c prime K: Company Y: Data Accounting Voucher Creati Sales No. 2 PartyA/cname: Share Party Current balance: 150.00 Dr Sales ledger: Share Sales Current balance: 150.00 Cr Name of Item Share Item Narration: Quit Find details entered in masters and transactions. Z: Exchange inCom Spike (Alt+F) O: Import Quantity 2 Nos 2 Nos E: Export Rate 75.00 M: Share per Nos p: print 2-Oct-26 Friday Amount 150.00 Fl: Help Date Company F4: Contra Payment Receipt Journal Purchase Vouctgs E: Autofill Change Mode More Details o: 150.00 Related Reports Optional post -Dated Unused Vch No. a5ca4 to ru af3e...
[keys] '{ENTER}' -> Tally 'TallyPrime:9000'
[shot] tds-059-scr-on-items-done (1024x768)
[06:20:17] [tds] screen tds-059-scr-on-items-done : Unity EDU c prime K: Company Y: Data Accounting Voucher Creati Sales No. 2 PartyA/cname: Share Party Current balance: 150.00 Dr Sales ledger: Share Sales Current balance: 150.00 Cr Name of Item Share Item Narration: Quit Find details entered in masters and transactions. Z: Exchange inCom Spike (Alt+F) O: Import Quantity 2 Nos 2 Nos E: Export Rate 75.00 M: Share per Nos p: print 2-Oct-26 Friday Amount 150.00 Fl: Help Date Company F4: Contra Payment Receipt Journal Purchase Vouctgs 150.00 E: Autofill Change Mode More Details o: 150.00 Related Reports Optional post -Dated Unused Vch No. a5ca4 to ...
[keys] '^a' -> Tally 'TallyPrime:9000'
[shot] tds-060-scr-on-accept1 (1024x768)
[06:20:22] [tds] screen tds-060-scr-on-accept1 : Unity EDU c prime K: Company Y: Data Accounting Voucher Creati Sales No. 2 PartyA/cname: Share Party Current balance: 150.00 Dr Sales ledger: Share Sales Current balance: 150.00 Cr Name of Item Share Item Narration: Quit Find details entered in masters and transactions. Z: Exchange inCom Spike (Alt+F) O: Import Quantity 2 Nos 2 Nos E: Export Rate 75.00 M: Share per Nos p: print 2-Oct-26 Friday = Amount 150.00 150.00 150.00 Fl: Help F3: Shut Company E_4: Payroll F5: Rejections Out F6: Rejections In physical — Stock Sales Order E_2: Purchase E: Autofill Change Mode More Details Related o: — Repo...
[shot] tds-061-scr-on-after1 (1024x768)
[06:20:23] [tds] screen tds-061-scr-on-after1 : Unity EDU c prime K: Company Y: Data Accounting Voucher Creati Sales No. 2 PartyA/cname: Share Party Current balance: 150.00 Dr Sales ledger: Share Sales Current balance: 150.00 Cr Name of Item Share Item Narration: Quit Find details entered in masters and transactions. Z: Exchange inCom Spike (Alt+F) O: Import Quantity 2 Nos 2 Nos E: Export Rate 75.00 M: Share per Nos p: print 2-Oct-26 Friday = Amount 150.00 150.00 150.00 Fl: Help F3: Shut Company E_4: Payroll F5: Rejections Out F6: Rejections In physical — Stock Sales Order E_2: Purchase E: Autofill Change Mode More Details Related o: — Repo...
[keys] '^a' -> Tally 'TallyPrime:9000'
[shot] tds-062-scr-on-accept2 (1024x768)
[06:20:28] [tds] screen tds-062-scr-on-accept2 : Find details entered In masters and transactions EDU c prime K: Company Y: Data Accounting Voucher Creation Q: Quit Z: Exchange A: Accept Q Search O: Import E: Export M: Share FinCom Spike Co p: print x Error Oops! No Entries in Voucher! Fl: Help F-2: Date F-3: Company F-4: Contra F-5: Payment F-6: Receipt F-7: Journal F-9: Purchase PIO: E: Autofill H: Change = Mode I: More - Details O: Related ¯ Repons L: Optional T: post = -Dated • Unused = vch No. a5ca4 to ru af3e- 7f3c- acep ' , "orc alc—d f3c—c acepa .337. ening '4611a ing j _id" : 7-01" aalc— Unity p: Delete , cancel vch F-12: Configure ...
[shot] tds-063-scr-on-after2 (1024x768)
[06:20:29] [tds] screen tds-063-scr-on-after2 : Find details entered In masters and transactions EDU c prime K: Company Y: Data Accounting Voucher Creation Q: Quit Z: Exchange A: Accept Q Search O: Import E: Export M: Share FinCom Spike Co p: print x Error Oops! No Entries in Voucher! Fl: Help F-2: Date F-3: Company F-4: Contra F-5: Payment F-6: Receipt F-7: Journal F-9: Purchase PIO: E: Autofill H: Change = Mode I: More - Details O: Related ¯ Repons L: Optional T: post = -Dated • Unused = vch No. a5ca4 to ru af3e- 7f3c- acep ' , "orc alc—d f3c—c acepa .337. ening '4611a ing j _id" : 7-01" aalc— Unity p: Delete , cancel vch F-12: Configure ...
[keys] '^a' -> Tally 'TallyPrime:9000'
[shot] tds-064-scr-on-accept3 (1024x768)
[06:20:34] [tds] screen tds-064-scr-on-accept3 : a Find details entered in masters and transactions. (Alt+F) EDU c prime K: Company Y: Data Accounting Voucher Creati Sales No. 3 Party Alc name: Cash Current balance: Sales ledger: Share Sales Current balance: 300.00 Cr Name of Item End of List End of List Narration: Quit Z: Exchange A Accept Q Search M: Share inCom Spike O: Import E: Export List of Ledger Accounts Cash Share Party Spike Party Spike Party 2 Ul Party p: print x Create Fl: Help Date Company F4: Contra Payment Receipt Journal Purchase Vouctgs E: Autofill Change Mode More Details o: Related Reports Optional post -Dated Unused Vch ...
[shot] tds-065-scr-on-after3 (1024x768)
[06:20:34] [tds] screen tds-065-scr-on-after3 : a Find details entered in masters and transactions. (Alt+F) EDU c prime K: Company Y: Data Accounting Voucher Creati Sales No. 3 Party Alc name: Cash Current balance: Sales ledger: Share Sales Current balance: 300.00 Cr Name of Item End of List End of List Narration: Quit Z: Exchange A Accept Q Search M: Share inCom Spike O: Import E: Export List of Ledger Accounts Cash Share Party Spike Party Spike Party 2 Ul Party p: print x Create Fl: Help Date Company F4: Contra Payment Receipt Journal Purchase Vouctgs E: Autofill Change Mode More Details o: Related Reports Optional post -Dated Unused Vch ...
[keys] '^a' -> Tally 'TallyPrime:9000'
[shot] tds-066-scr-on-accept4 (1024x768)
[06:20:39] [tds] screen tds-066-scr-on-accept4 : Find details entered In masters and transactions EDU c prime K: Company Y: Data Accounting Voucher Creation Q: Quit Z: Exchange A: Accept Q Search O: Import E: Export M: Share FinCom Spike Co p: print x Error Oops! No Entries in Voucher! Fl: Help F-2: Date F-3: Company F-4: Contra F-5: Payment F-6: Receipt F-7: Journal F-9: Purchase PIO: E: Autofill H: Change = Mode I: More - Details O: Related ¯ Repons L: Optional T: post = -Dated • Unused = vch No. a5ca4 to ru af3e- 7f3c- acep ' , "orc alc—d f3c—c acepa .337. ening '4611a ing j _id" : 7-01" aalc— Unity p: Delete , cancel vch F-12: Configure ...
[shot] tds-067-scr-on-after4 (1024x768)
[06:20:40] [tds] screen tds-067-scr-on-after4 : Find details entered In masters and transactions EDU c prime K: Company Y: Data Accounting Voucher Creation Q: Quit Z: Exchange A: Accept Q Search O: Import E: Export M: Share FinCom Spike Co p: print x Error Oops! No Entries in Voucher! Fl: Help F-2: Date F-3: Company F-4: Contra F-5: Payment F-6: Receipt F-7: Journal F-9: Purchase PIO: E: Autofill H: Change = Mode I: More - Details O: Related ¯ Repons L: Optional T: post = -Dated • Unused = vch No. a5ca4 to ru af3e- 7f3c- acep ' , "orc alc—d f3c—c acepa .337. ening '4611a ing j _id" : 7-01" aalc— Unity p: Delete , cancel vch F-12: Configure ...
[shot] tds-068-gw0 (1024x768)
[06:20:41] [tds] screen tds-068-gw0 : Find details entered In masters and transactions EDU c prime K: Company Y: Data Accounting Voucher Creation Q: Quit Z: Exchange A: Accept Q Search O: Import E: Export M: Share FinCom Spike Co p: print x Error Oops! No Entries in Voucher! Fl: Help F-2: Date F-3: Company F-4: Contra F-5: Payment F-6: Receipt F-7: Journal F-9: Purchase PIO: E: Autofill H: Change = Mode I: More - Details O: Related ¯ Repons L: Optional T: post = -Dated • Unused = vch No. a5ca4 to ru af3e- 7f3c- acep ' , "orc alc—d f3c—c acepa .337. ening '4611a ing j _id" : 7-01" aalc— Unity p: Delete , cancel vch F-12: Configure ...
[keys] '{ESC}' -> Tally 'TallyPrime:9000'
[shot] tds-069-gw1 (1024x768)
[06:20:45] [tds] screen tds-069-gw1 : a Find details entered in masters and transactions. (Alt+F) EDU c prime K: Company Y: Data Accounting Voucher Creati Sales No. 3 Party Alc name: Cash Current balance: Sales ledger: Share Sales Current balance: 300.00 Cr Name of Item End of List End of List Narration: Quit Z: Exchange A Accept Q Search M: Share inCom Spike O: Import E: Export List of Ledger Accounts Cash Share Party Spike Party Spike Party 2 Ul Party p: print x Create Fl: Help Date Company F4: Contra Payment Receipt Journal Purchase Vouctgs E: Autofill Change Mode More Details o: Related Reports Optional post -Dated Unused Vch ...
[keys] '{ESC}' -> Tally 'TallyPrime:9000'
[shot] tds-070-gw2 (1024x768)
[06:20:48] [tds] screen tds-070-gw2 : a Find details entered in masters and transactions. (Alt+F) EDU c prime K: Company Y: Data Accounting Voucher Creati Sales No. 3 Party Alc name Current balance: Sales ledger: Share Sales Current balance: 300.00 Cr Name of Item End of List End of List Narration: Quit Z: Exchange A Accept Q Search M: Share inCom Spike O: Import E: Export List of Ledger Accounts Cash Share Party Spike Party Spike Party 2 Ul Party p: print x Create Fl: Help Date Company F4: Contra Payment Receipt Journal Purchase Vouctgs E: Autofill Change Mode More Details o: Related Reports Optional post -Dated Unused Vch No. a5...
[keys] '{ESC}' -> Tally 'TallyPrime:9000'
[shot] tds-071-gw3 (1024x768)
[06:20:52] [tds] screen tds-071-gw3 : Find details entered In masters and transactions EDU c prime K: Company Y: Data Accounting Voucher Creati Sales No. 3 Party Alc name Current balance: Sales ledger: Share Sales Current balance: 300.00 Cr Name of Item End of List End of List Narration: Q: Quit Z: Exchange A: Accept Q Search inCom Spike O: Import Quantity E: Export Rate M: Share per p: print 2-Oct-26 Friday Amount Quit o Yes or No Unity D: Delete X: Cancel Vch Fl: Help F-2: Date F-3: Company F-4: Contra F-5: Payment F-6: Receipt F-7: Journal F-9: Purchase PIO: E: Autofill H: Change = Mode I: More - Details O: Related ¯ Repons L: ...
[keys] 'y' -> Tally 'TallyPrime:9000'
[shot] tds-072-gw4 (1024x768)
[06:20:55] [tds] screen tds-072-gw4 : EDU c prime K: Company Y: Data Gatewayof Tally Find details entered in masters and transactions. Z: Exchange CURRENT OATE Friday, 2-Oct-2026 OATE OF LAST ENTRY (Alt+F) O: Import E: Export M: Share p: print Fl: Help Date Company CURRENT PERIOD I-Apr-26 to 31-Mar-27 NAME OF COMPANY FinCom Spike Co (Schedule Backup) Q Search 2-OctQ6 Gateway of Tally MASTERS Create Alter CHart of Accounts TRANSACTIONS Vouchers Day 800K UTILITIES BaNking REPORTS Balance Sheet Profit & Loss A/c Stock Summary Ratio Analysis Display More Reports DashbOard Quit Unity a5ca4 to ru af3e- 7f3c- acep ' , "orc alc—d f3c—c ac...
  voucher mid=1 aid=1 Journal/1/20260401 guid=5f4d2e55-f80c-45ed-904a-8cdd3fbf9132-00000001 cancelled=False
  voucher mid=2 aid=2 Sales/1/20261002 guid=5f4d2e55-f80c-45ed-904a-8cdd3fbf9132-00000002 cancelled=False
  voucher mid=3 aid=3 Sales/2/20261002 guid=5f4d2e55-f80c-45ed-904a-8cdd3fbf9132-00000003 cancelled=False
[06:20:59] hang: data kept as 'gston'
  INFO hang entry on-screen: MasterID 3, number 2, 20261002
  INFO hang entry off-xml: MasterID 2, number 1, 20261002
  INFO hang entry off-screen: MasterID 3, number 2, 20261002
  INFO hang entry on-xml: MasterID 2, number 1, 20261002
[keys] 'a' -> Tally 'TallyPrime:9000'
[keys] 't' -> Tally 'TallyPrime:9000'
[shot] v-hang-off-xml-published-233-FinComVoucherByMaster-started (1024x768)
######## ANSWERED hang off-xml-published-233-FinComVoucherByMaster: GST off (ISGSTON 'Yes'), xml (XML import, accounting sales as run 37729166801, MasterID 2, 1), published-233-FinComVoucherByMaster: answered in 32 ms, 6306 chars, the entry in it; Tally answers after it: True; 60 s later: True ; started again: , the entry listed: 
[keys] 'a' -> Tally 'TallyPrime:9000'
[keys] 't' -> Tally 'TallyPrime:9000'
[shot] v-hang-off-xml-new-234-FinComVoucherObject-started (1024x768)
######## ANSWERED hang off-xml-new-234-FinComVoucherObject: GST off (ISGSTON 'Yes'), xml (XML import, accounting sales as run 37729166801, MasterID 2, 1), new-234-FinComVoucherObject: answered in 27 ms, 55888 chars, the entry in it; Tally answers after it: True; 60 s later: True ; started again: , the entry listed: 
[keys] 'a' -> Tally 'TallyPrime:9000'
[keys] 't' -> Tally 'TallyPrime:9000'
[shot] v-hang-off-xml-hanging-started (1024x768)
######## ANSWERED hang off-xml-hanging: GST off (ISGSTON 'Yes'), xml (XML import, accounting sales as run 37729166801, MasterID 2, 1), hanging: answered in 40 ms, 3976 chars, the entry in it; Tally answers after it: True; 60 s later: True ; started again: , the entry listed: 
[keys] 'a' -> Tally 'TallyPrime:9000'
[keys] 't' -> Tally 'TallyPrime:9000'
[shot] v-hang-on-xml-published-233-FinComVoucherByMaster-started (1024x768)
######## ANSWERED hang on-xml-published-233-FinComVoucherByMaster: GST on (ISGSTON 'Yes'), xml (XML import, accounting sales as run 37729166801, MasterID 2, 1), published-233-FinComVoucherByMaster: answered in 40 ms, 6306 chars, the entry in it; Tally answers after it: True; 60 s later: True ; started again: , the entry listed: 
[keys] 'a' -> Tally 'TallyPrime:9000'
[keys] 't' -> Tally 'TallyPrime:9000'
[shot] v-hang-on-xml-new-234-FinComVoucherObject-started (1024x768)
######## ANSWERED hang on-xml-new-234-FinComVoucherObject: GST on (ISGSTON 'Yes'), xml (XML import, accounting sales as run 37729166801, MasterID 2, 1), new-234-FinComVoucherObject: answered in 28 ms, 55888 chars, the entry in it; Tally answers after it: True; 60 s later: True ; started again: , the entry listed: 
[keys] 'a' -> Tally 'TallyPrime:9000'
[keys] 't' -> Tally 'TallyPrime:9000'
[shot] v-hang-on-xml-hanging-started (1024x768)
######## ANSWERED hang on-xml-hanging: GST on (ISGSTON 'Yes'), xml (XML import, accounting sales as run 37729166801, MasterID 2, 1), hanging: answered in 32 ms, 3976 chars, the entry in it; Tally answers after it: True; 60 s later: True ; started again: , the entry listed: 
[keys] 'a' -> Tally 'TallyPrime:9000'
[keys] 't' -> Tally 'TallyPrime:9000'
[shot] v-hang-off-screen-published-233-FinComVoucherByMaster-started (1024x768)
######## ANSWERED hang off-screen-published-233-FinComVoucherByMaster: GST off (ISGSTON 'Yes'), screen (typed: item invoice, keys, MasterID 3, 2), published-233-FinComVoucherByMaster: answered in 55 ms, 9750 chars, the entry in it; Tally answers after it: True; 60 s later: True ; started again: , the entry listed: 
[keys] 'a' -> Tally 'TallyPrime:9000'
[keys] 't' -> Tally 'TallyPrime:9000'
[shot] v-hang-off-screen-new-234-FinComVoucherObject-started (1024x768)
######## ANSWERED hang off-screen-new-234-FinComVoucherObject: GST off (ISGSTON 'Yes'), screen (typed: item invoice, keys, MasterID 3, 2), new-234-FinComVoucherObject: answered in 40 ms, 68671 chars, the entry in it; Tally answers after it: True; 60 s later: True ; started again: , the entry listed: 
[keys] 'a' -> Tally 'TallyPrime:9000'
[keys] 't' -> Tally 'TallyPrime:9000'
[shot] v-hang-off-screen-hanging-started (1024x768)
######## ANSWERED hang off-screen-hanging: GST off (ISGSTON 'Yes'), screen (typed: item invoice, keys, MasterID 3, 2), hanging: answered in 41 ms, 5160 chars, the entry in it; Tally answers after it: True; 60 s later: True ; started again: , the entry listed: 
[keys] 'a' -> Tally 'TallyPrime:9000'
[keys] 't' -> Tally 'TallyPrime:9000'
[shot] v-hang-on-screen-published-233-FinComVoucherByMaster-started (1024x768)
######## ANSWERED hang on-screen-published-233-FinComVoucherByMaster: GST on (ISGSTON 'Yes'), screen (typed: item invoice, keys, MasterID 3, 2), published-233-FinComVoucherByMaster: answered in 42 ms, 9750 chars, the entry in it; Tally answers after it: True; 60 s later: True ; started again: , the entry listed: 
[keys] 'a' -> Tally 'TallyPrime:9000'
[keys] 't' -> Tally 'TallyPrime:9000'
[shot] v-hang-on-screen-new-234-FinComVoucherObject-started (1024x768)
######## ANSWERED hang on-screen-new-234-FinComVoucherObject: GST on (ISGSTON 'Yes'), screen (typed: item invoice, keys, MasterID 3, 2), new-234-FinComVoucherObject: answered in 35 ms, 68671 chars, the entry in it; Tally answers after it: True; 60 s later: True ; started again: , the entry listed: 
[keys] 'a' -> Tally 'TallyPrime:9000'
[keys] 't' -> Tally 'TallyPrime:9000'
[shot] v-hang-on-screen-hanging-started (1024x768)
######## ANSWERED hang on-screen-hanging: GST on (ISGSTON 'Yes'), screen (typed: item invoice, keys, MasterID 3, 2), hanging: answered in 44 ms, 5160 chars, the entry in it; Tally answers after it: True; 60 s later: True ; started again: , the entry listed: 
[keys] 'a' -> Tally 'TallyPrime:9000'
[keys] 't' -> Tally 'TallyPrime:9000'
[shot] v-hang-off-xml-hanging-one-day-started (1024x768)
######## ANSWERED hang off-xml-hanging-one-day: GST off (ISGSTON 'Yes'), xml (XML import, accounting sales as run 37729166801, MasterID 2, 1), hanging-one-day: answered in 31 ms, 3976 chars, the entry in it; Tally answers after it: True; 60 s later: True ; started again: , the entry listed: 
[keys] 'a' -> Tally 'TallyPrime:9000'
[keys] 't' -> Tally 'TallyPrime:9000'
[shot] v-hang-off-xml-hanging-no-filter-started (1024x768)
######## ANSWERED hang off-xml-hanging-no-filter: GST off (ISGSTON 'Yes'), xml (XML import, accounting sales as run 37729166801, MasterID 2, 1), hanging-no-filter: answered in 43 ms, 11122 chars, the entry in it; Tally answers after it: True; 60 s later: True ; started again: , the entry listed: 
[keys] 'a' -> Tally 'TallyPrime:9000'
[keys] 't' -> Tally 'TallyPrime:9000'
[shot] v-hang-off-xml-hanging-IRN-only-started (1024x768)
######## ANSWERED hang off-xml-hanging-IRN-only: GST off (ISGSTON 'Yes'), xml (XML import, accounting sales as run 37729166801, MasterID 2, 1), hanging-IRN-only: answered in 35 ms, 3833 chars, the entry in it; Tally answers after it: True; 60 s later: True ; started again: , the entry listed: 
[keys] 'a' -> Tally 'TallyPrime:9000'
[keys] 't' -> Tally 'TallyPrime:9000'
[shot] v-hang-off-xml-hanging-IRNACKNO-only-started (1024x768)
######## ANSWERED hang off-xml-hanging-IRNACKNO-only: GST off (ISGSTON 'Yes'), xml (XML import, accounting sales as run 37729166801, MasterID 2, 1), hanging-IRNACKNO-only: answered in 32 ms, 3843 chars, the entry in it; Tally answers after it: True; 60 s later: True ; started again: , the entry listed: 
[keys] 'a' -> Tally 'TallyPrime:9000'
[keys] 't' -> Tally 'TallyPrime:9000'
[shot] v-hang-off-xml-hanging-IRNACKDATE-only-started (1024x768)
######## ANSWERED hang off-xml-hanging-IRNACKDATE-only: GST off (ISGSTON 'Yes'), xml (XML import, accounting sales as run 37729166801, MasterID 2, 1), hanging-IRNACKDATE-only: answered in 34 ms, 3845 chars, the entry in it; Tally answers after it: True; 60 s later: True ; started again: , the entry listed: 
[keys] 'a' -> Tally 'TallyPrime:9000'
[keys] 't' -> Tally 'TallyPrime:9000'
[shot] v-hang-off-xml-hanging-EWAYBILL-only-started (1024x768)
######## ANSWERED hang off-xml-hanging-EWAYBILL-only: GST off (ISGSTON 'Yes'), xml (XML import, accounting sales as run 37729166801, MasterID 2, 1), hanging-EWAYBILL-only: answered in 33 ms, 3858 chars, the entry in it; Tally answers after it: True; 60 s later: True ; started again: , the entry listed: 
[keys] 'a' -> Tally 'TallyPrime:9000'
[keys] 't' -> Tally 'TallyPrime:9000'
[shot] v-hang-off-xml-hanging-none-of-the-four-started (1024x768)
######## ANSWERED hang off-xml-hanging-none-of-the-four: GST off (ISGSTON 'Yes'), xml (XML import, accounting sales as run 37729166801, MasterID 2, 1), hanging-none-of-the-four: answered in 31 ms, 3801 chars, the entry in it; Tally answers after it: True; 60 s later: True ; started again: , the entry listed: 
[keys] 'a' -> Tally 'TallyPrime:9000'
[keys] 't' -> Tally 'TallyPrime:9000'
[shot] v-hang-off-xml-hanging-no-addon-started (1024x768)
######## ANSWERED hang off-xml-hanging-no-addon: GST off (ISGSTON 'Yes'), xml (XML import, accounting sales as run 37729166801, MasterID 2, 1), hanging-no-addon (add-on NOT loaded): answered in 32 ms, 3976 chars, the entry in it; Tally answers after it: True; 60 s later: True ; started again: , the entry listed: 
[keys] 'a' -> Tally 'TallyPrime:9000'
[keys] 't' -> Tally 'TallyPrime:9000'
[shot] v-hang-same-started (1024x768)
[xml invoice 2] 71 ms: <RESPONSE><CREATED>1</CREATED><ALTERED>0</ALTERED><DELETED>0</DELETED><LASTVCHID>4</LASTVCHID><LASTMID>0</LASTMID><COMBINED>0</COMBINED><IGNORED>0</IGNORED><ERRORS>0</ERRORS><CANCELLED>0</CANCELLED><EXCEPTIONS>0</EXCEPTIONS></RESPONSE>
  voucher mid=1 aid=1 Journal/1/20260401 guid=5f4d2e55-f80c-45ed-904a-8cdd3fbf9132-00000001 cancelled=False
  voucher mid=2 aid=2 Sales/1/20261002 guid=5f4d2e55-f80c-45ed-904a-8cdd3fbf9132-00000002 cancelled=False
  voucher mid=3 aid=3 Sales/2/20261002 guid=5f4d2e55-f80c-45ed-904a-8cdd3fbf9132-00000003 cancelled=False
  voucher mid=4 aid=4 Sales/3/20261002 guid=5f4d2e55-f80c-45ed-904a-8cdd3fbf9132-00000004 cancelled=False
######## ANSWERED hang off-xml2-hanging-same-session: GST off (ISGSTON 'Yes'), xml2 (XML import, then the request in the same session, MasterID System.Object[], System.Object[]), hanging-same-session (same Tally session as the import): answered in 24 ms, 1511 chars, the entry not in it; Tally answers after it: True; 60 s later: True ; started again: , the entry listed: 
[keys] 'a' -> Tally 'TallyPrime:9000'
[keys] 't' -> Tally 'TallyPrime:9000'
[shot] v-hang-same233-started (1024x768)
[xml invoice 2 (233)] 68 ms: <RESPONSE><CREATED>1</CREATED><ALTERED>0</ALTERED><DELETED>0</DELETED><LASTVCHID>4</LASTVCHID><LASTMID>0</LASTMID><COMBINED>0</COMBINED><IGNORED>0</IGNORED><ERRORS>0</ERRORS><CANCELLED>0</CANCELLED><EXCEPTIONS>0</EXCEPTIONS></RESPONSE>
  voucher mid=1 aid=1 Journal/1/20260401 guid=5f4d2e55-f80c-45ed-904a-8cdd3fbf9132-00000001 cancelled=False
  voucher mid=2 aid=2 Sales/1/20261002 guid=5f4d2e55-f80c-45ed-904a-8cdd3fbf9132-00000002 cancelled=False
  voucher mid=3 aid=3 Sales/2/20261002 guid=5f4d2e55-f80c-45ed-904a-8cdd3fbf9132-00000003 cancelled=False
  voucher mid=4 aid=4 Sales/3/20261002 guid=5f4d2e55-f80c-45ed-904a-8cdd3fbf9132-00000004 cancelled=False
######## ANSWERED hang off-xml2-published-233-same-session: GST off (ISGSTON 'Yes'), xml2 (XML import, then the request in the same session, MasterID System.Object[], System.Object[]), published-233-same-session (same Tally session as the import): answered in 25 ms, 1511 chars, the entry not in it; Tally answers after it: True; 60 s later: True ; started again: , the entry listed: 
  INFO hang: probes with no answer or Tally not answering after: none
[06:35:56] done (hang)
