2026-10-06 00:45:42  FinCom Bridge 2.3.0: started just for runnervmfi6oq\runneradmin (no service); it keeps the bridge and its icon running
2026-10-06 00:45:42  FinCom Bridge 2.3.0 (Go) started on 127.0.0.1:9100: the only bridge on this computer; working for runnervmfi6oq\runneradmin, Windows session 2; runs just for this Windows user (starts at sign-in, no service)
2026-10-06 00:45:42  Tally is open on port 9000; the bridge reads it only after an event (a client opened in FinCom, Update now, a posting, the nightly catch-up at 02:00)
2026-10-06 00:45:42  Recorder: re-scan of the add-on's files for 2.3.0: 0 line(s) sent earlier without their entry found (a new entry's line with no MasterID, a GUID of another entry, or read while the body fetch was off)
2026-10-06 00:45:42  Check:  - 
2026-10-06 00:45:45  Tray icon: set to show next to the clock always (Windows 11)
2026-10-06 00:45:46  Company FinCom Spike Co: its Tally GUID 205a524c-86ea-4249-b5eb-e3ccfaaad02a is held from now on
2026-10-06 00:45:48  FinCom: this bridge is now the main bridge on this computer (set by the setup); it reads and posts
2026-10-06 00:45:49  Company FinCom Spike Co: its starting point is recorded: ALTVCHID=1, ALTMSTID=212 (reading is prospective only: the bridge follows what changes after this)
2026-10-06 00:45:50  Company FinCom Spike Co: change numbers read with form a: ALTVCHID=1, ALTMSTID=212
2026-10-06 00:45:50  Light check of FinCom Spike Co: starting point recorded (ALTVCHID=1, ALTMSTID=212)
2026-10-06 00:45:54  Refused a request from a program of another Windows user (/tray/idle): not your FinCom Bridge
2026-10-06 00:45:54  Refused a request from a program of another Windows user (/tray/status): not your FinCom Bridge
2026-10-06 00:46:07  Refused a request from a program of another Windows user (/status): not your FinCom Bridge
2026-10-06 00:47:06  Recorder: Receipt 1 of 02-Oct-2026 (MasterID 2, line 9e6d025a…): asking Tally by MasterID
2026-10-06 00:47:10  Recorder: Receipt 1 of 02-Oct-2026 (MasterID 2, line 9e6d025a…): taken: Tally's GUID 205a524c-86ea-4249-b5eb-e3ccfaaad02a-00000002, AlterID 2
2026-10-06 00:47:59  Recorder: Receipt 2 of 01-Oct-2026 (MasterID 3, line 81b459cc…): asking Tally by MasterID
2026-10-06 00:48:03  Recorder: Receipt 2 of 01-Oct-2026 (MasterID 3, line 81b459cc…): taken: Tally's GUID 205a524c-86ea-4249-b5eb-e3ccfaaad02a-00000003, AlterID 3
2026-10-06 00:48:44  Recorder: Receipt 1 of 02-Oct-2026 (MasterID 2, line 0fe62d46…): asking Tally by MasterID
2026-10-06 00:48:48  Recorder: Receipt 1 of 02-Oct-2026 (MasterID 2, line 0fe62d46…): taken: Tally's GUID 205a524c-86ea-4249-b5eb-e3ccfaaad02a-00000002, AlterID 4
2026-10-06 00:49:36  Recorder: Receipt 3 of 02-Oct-2026 (MasterID 4, line 9d5cddf3…): asking Tally by MasterID
2026-10-06 00:49:40  Recorder: Receipt 3 of 02-Oct-2026 (MasterID 4, line 9d5cddf3…): taken: Tally's GUID 205a524c-86ea-4249-b5eb-e3ccfaaad02a-00000004, AlterID 5
2026-10-06 00:50:38  Recorder: Receipt 1 of 02-Oct-2026 (MasterID 2, line e7bbc25b…): asking Tally by MasterID
2026-10-06 00:50:42  Recorder: FinCom Spike Co: cancel of mid 2: GUID from Tally (asked by MasterID): 205a524c-86ea-4249-b5eb-e3ccfaaad02a-00000002; the GUID its MasterID makes agrees
2026-10-06 00:51:20  Recorder: Receipt 3 of 02-Oct-2026 (MasterID 4, line 856869da…): asking Tally by MasterID
2026-10-06 00:51:25  Recorder: FinCom Spike Co: delete of mid 4: not in this Tally (asked by MasterID): proven deleted here
2026-10-06 00:51:25  Recorder: FinCom Spike Co: delete of mid 4: GUID from the bridge's record: 205a524c-86ea-4249-b5eb-e3ccfaaad02a-00000004; the GUID its MasterID makes agrees
