2026-10-05 11:20:11  FinCom Bridge 2.2.2 (Go) started on 127.0.0.1:9100: the only bridge on this computer; working for runnervmfi6oq\runneradmin, Windows session 2; runs in a window
2026-10-05 11:20:11  Tally is open on port 9000; the bridge reads it only after an event (a client opened in FinCom, Update now, a posting, the nightly catch-up at 02:00)
2026-10-05 11:20:11  Recorder: re-scan of the add-on's files for 2.2.2: 0 line(s) sent earlier without their entry found (a new entry's line with no MasterID, a GUID of another entry, or read while the body fetch was off)
2026-10-05 11:20:11  Check:  - 
2026-10-05 11:20:14  Company FinCom Spike Co: its Tally GUID adb30d9f-44e4-4626-a95d-6709206de32a is held from now on
2026-10-05 11:20:15  Company FinCom Spike Co: its starting point is recorded: ALTVCHID=1, ALTMSTID=211 (reading is prospective only: the bridge follows what changes after this)
2026-10-05 11:20:15  Company FinCom Spike Co: change numbers read with form b: ALTVCHID=1, ALTMSTID=211
2026-10-05 11:20:15  Light check of FinCom Spike Co: starting point recorded (ALTVCHID=1, ALTMSTID=211)
2026-10-05 11:20:55  Recorder: Receipt 1 of 02-Oct-2026 (MasterID 2, line 7dee9353…): asking Tally by MasterID
2026-10-05 11:20:59  Recorder: Receipt 1 of 02-Oct-2026 (MasterID 2, line 7dee9353…): asking Tally by type and number (Tally gave no voucher with MasterID 2 on 02-Oct-2026)
2026-10-05 11:20:59  Tally 9000: FinComVoucherByNumber refused before sending: it carries a period and reading old entries is off (ReadDays)
2026-10-05 11:20:59  Recorder: Receipt 1 of 02-Oct-2026 (MasterID 2, line 7dee9353…): held: Tally gave no voucher with MasterID 2 on 02-Oct-2026; asked by its type and number: Reading entries from Tally is off on this computer (FinCom reads entries only as they change; history comes from the Day Book upload). (sent without its body and GUID; FinCom holds the line until it is resolved)
2026-10-05 11:22:20  Recorder: Receipt 1 of 02-Oct-2026 (MasterID 2, line fda7421a…): asking Tally by MasterID
2026-10-05 11:22:25  Recorder: Receipt 1 of 02-Oct-2026 (MasterID 2, line fda7421a…): asking Tally by type and number (Tally gave no voucher with MasterID 2 on 02-Oct-2026)
2026-10-05 11:22:25  Tally 9000: FinComVoucherByNumber refused before sending: it carries a period and reading old entries is off (ReadDays)
2026-10-05 11:22:25  Recorder: Receipt 1 of 02-Oct-2026 (MasterID 2, line fda7421a…): held: Tally gave no voucher with MasterID 2 on 02-Oct-2026; asked by its type and number: Reading entries from Tally is off on this computer (FinCom reads entries only as they change; history comes from the Day Book upload). (sent without its body and GUID; FinCom holds the line until it is resolved)
2026-10-05 11:23:42  Recorder: Receipt 2 of 02-Oct-2026 (MasterID 3, line 5ad559cb…): asking Tally by MasterID
2026-10-05 11:23:47  Recorder: Receipt 2 of 02-Oct-2026 (MasterID 3, line 5ad559cb…): asking Tally by type and number (Tally gave no voucher with MasterID 3 on 02-Oct-2026)
2026-10-05 11:23:47  Tally 9000: FinComVoucherByNumber refused before sending: it carries a period and reading old entries is off (ReadDays)
2026-10-05 11:23:47  Recorder: Receipt 2 of 02-Oct-2026 (MasterID 3, line 5ad559cb…): held: Tally gave no voucher with MasterID 3 on 02-Oct-2026; asked by its type and number: Reading entries from Tally is off on this computer (FinCom reads entries only as they change; history comes from the Day Book upload). (sent without its body and GUID; FinCom holds the line until it is resolved)
