[08:37:44] ---- c1 install and open the company (TallyPrime 3.0)
  INFO installed: C:\Program Files\TallyPrime\tally.exe; tally.exe 11457160 bytes, 2026-10-09, FileVersion 1.1.3.0, ProductVersion 1.1.3.0, ProductName TallyPrime
  INFO company folder made by flow.ps1: D:\a\_temp\TallyData\100000
[keys] 'a' -> Tally 'TallyPrime:9000'
[keys] 't' -> Tally 'TallyPrime:9000'
[shot] v-00-started (1024x768)
[companies] 7 ms: <ENVELOPE><HEADER><VERSION>1</VERSION><STATUS>1</STATUS></HEADER><BODY><DESC><CMPINFO><COMPANY>0</COMPANY><GROUP>0</GROUP><LEDGER>0</LEDGER><COSTCATEGORY>0</COSTCATEGORY><COSTCENTRE>0</COSTCENTRE><GODOWN>0</GODOWN><STOCKGROUP>0</STOCKGROUP><STOCKCATEGORY>0</STOCKCATEGORY><STOCKITEM>0</STOCKITEM><VOUCHERTYPE>0</VOUCHERTYPE><CURRENCY>0</CURRENCY><UNIT>0</UNIT><BUDGET>0</BUDGET><CLIENTRULE>0</CLIENTRULE><SERVERRULE>0</SERVERRULE><STATE>0</STATE><TDSRATE>0</TDSRATE><TAXCLASSIFICATION>0</TAXCLASSIFICATION><STCATEGORY>0</STCATEGORY><DEDUCTEETYPE>0</DEDUCTEETYPE><ATTENDANCETYPE>0</ATTENDANCETYPE><FBT...
[header] 6 ms: <ENVELOPE><HEADER><VERSION>1</VERSION><STATUS>1</STATUS><PRODMAJORVER>1</PRODMAJORVER><PRODMINORVER>1</PRODMINORVER><PRODMAJORREL>3</PRODMAJORREL><PRODMINORREL>0</PRODMINORREL><PRODTYPE>5</PRODTYPE></HEADER><BODY><DESC><CMPINFO><COMPANY>0</COMPANY><GROUP>0</GROUP><LEDGER>0</LEDGER><COSTCATEGORY>0</COSTCATEGORY><COSTCENTRE>0</COSTCENTRE><GODOWN>0</GODOWN><STOCKGROUP>0</STOCKGROUP><STOCKCATEGORY>0</STOCKCATEGORY><STOCKITEM>0</STOCKITEM><VOUCHERTYPE>0</VOUCHERTYPE><CURRENCY>0</CURRENCY><UNIT>0</UNIT><BUDGET>0</BUDGET><CLIENTRULE>0</CLIENTRULE><SERVERRULE>0</SERVERRULE><STATE>0</STATE><TDSRATE>0</...
  INFO Tally's own release in its answer header: PRODMAJORREL 3 PRODMINORREL 0 (PRODMAJORVER 1 PRODMINORVER 1 PRODTYPE 5)
######## PASS c1 install and open the company: installed tally.exe 11457160 bytes, 2026-10-09, FileVersion 1.1.3.0, ProductVersion 1.1.3.0, ProductName TallyPrime; company folder 100000 loaded at start: True; window 'TallyPrime:9000'
######## PASS c2 port and company list: port 9000 answered 10.1 s after start, GET 18 ms ('<RESPONSE>TallyPrime Server is Running</RESPONSE>'); company list 7 ms, 'FinCom Spike Co' in it: True
[08:38:17] ---- the stub cloud and the bridge
  INFO selfck: PostgreSQL (postgresql-x64-17) with migration 65's tally_selfcheck_words (the ref's file, 5399 chars)
[ledger Spike Income] 13 ms: <RESPONSE><CREATED>1</CREATED><ALTERED>0</ALTERED><DELETED>0</DELETED><LASTVCHID>0</LASTVCHID><LASTMID>0</LASTMID><COMBINED>0</COMBINED><IGNORED>0</IGNORED><ERRORS>0</ERRORS><CANCELLED>0</CANCELLED></RESPONSE>
[renum journal] 27 ms: <RESPONSE><CREATED>1</CREATED><ALTERED>0</ALTERED><DELETED>0</DELETED><LASTVCHID>2</LASTVCHID><LASTMID>0</LASTMID><COMBINED>0</COMBINED><IGNORED>0</IGNORED><ERRORS>0</ERRORS><CANCELLED>0</CANCELLED></RESPONSE>
  INFO setup origin: COMMITTED assets-test/bridge-go/FinComBridge-Setup-2.4.0.exe SHA-256 00ab8042dff1b1b508410632f832d20ee1169fcc71493f682af38a413ac416dc; bridge source: 3bf7b6d9e890defce82160799c09b6b960eede11 Bridge 2.4.0 built (one combined release from 2.3.3): setup SHA-256 00ab8042…16dc (program 7bc063e7…c2a9), release log row (2.3.3 superseded), notes and test sheet fingerprint and build time (09-Oct-2026 13:52 IST); 2.3.3 assets moved to bridge-go-old; not published
  INFO selfck: the window seeded 14:38-15:38 (the runner's clock 08:38)
bridge setup ended with 0
  INFO bridge on 127.0.0.1:9100, version 2.4.0, allowImport True, readOnly '', testMode False
  bridge log: 2026-10-09 08:38:35  FinCom Bridge 2.4.0: started just for runnervmfi6oq\runneradmin (no service); it keeps the bridge and its icon running
  bridge log: 2026-10-09 08:38:35  FinCom Bridge 2.4.0 (Go) started on 127.0.0.1:9100: the only bridge on this computer; working for runnervmfi6oq\runneradmin, Windows session 2; runs just for this Windows user (starts at sign-in, no service)
  bridge log: 2026-10-09 08:38:35  Tally is open on port 9000; the bridge reads it only after an event (a client opened in FinCom, Update now, a posting, the nightly catch-up at 19:00)
  bridge log: 2026-10-09 08:38:35  Recorder: re-scan of the add-on's files for 2.4.0: 0 line(s) sent earlier without their entry found (a new entry's line with no MasterID, a GUID of another entry, or read while the body fetch was off)
  bridge log: 2026-10-09 08:38:35  Check:  - 
  bridge log: 2026-10-09 08:38:38  Tray icon: set to show next to the clock always (Windows 11)
  bridge log: 2026-10-09 08:38:38  Trial tools switched on for this computer in FinCom: the tray shows the trial items
  bridge log: 2026-10-09 08:38:38  FinCom: this bridge is now the main bridge on this computer (set by the setup); it reads and posts
  bridge log: 2026-10-09 08:38:38  Company FinCom Spike Co: its Tally GUID 89853c93-8e59-47e4-ac3f-3ba633bedd71 is held from now on
  bridge log: 2026-10-09 08:38:39  Company FinCom Spike Co: its starting point is recorded: ALTVCHID=2, ALTMSTID=209 (reading is prospective only: the bridge follows what changes after this)
  bridge log: 2026-10-09 08:38:39  Company FinCom Spike Co: change numbers read with form a: ALTVCHID=2, ALTMSTID=209
  bridge log: 2026-10-09 08:38:39  Light check of FinCom Spike Co: starting point recorded (ALTVCHID=2, ALTMSTID=209)
  bridge log: 2026-10-09 08:38:39  Bank dates: FinCom Spike Co: following Tally's voucher counter from ALTVCHID=2 (a move the add-on's lines do not explain is a bank date set, or another change Tally makes without a voucher form)
  INFO add-on: recorder files after start: none
[08:39:21] ---- selfck: the nightly self-check forced, FinCom's copy missing three entries
  INFO selfck: the starting point recorded: True
[VAll] 2 vouchers: 1/1/Journal/20260401/spike TDSDesk:test-1, 2/2/Journal/20261001/renum before the bridge
[keys] 'v' -> Tally 'TallyPrime:9000'
[shot] v-sc-10-vouchers (1024x768)
[keys] '{F6}' -> Tally 'TallyPrime:9000'
[keys] '{F2}' -> Tally 'TallyPrime:9000'
[keys] '2-10-2026{ENTER}' -> Tally 'TallyPrime:9000'
[keys] 'Cash{ENTER}' -> Tally 'TallyPrime:9000'
[keys] 'Spike Income{ENTER}' -> Tally 'TallyPrime:9000'
[shot] v-sc-11-particular (1024x768)
[keys] '710{ENTER}' -> Tally 'TallyPrime:9000'
[keys] '^a' -> Tally 'TallyPrime:9000'
[shot] v-sc-12-saved (1024x768)
[shot] tds-001-gw0 (1024x768)
[08:39:57] [tds] screen tds-001-gw0 : x TallyPrime MANAGE {1' EDU 5: Company Accounting Voucher Creation Recei t No. 2 • Account Current balance: Particulars Narration: Unny Quit Y: Data Q Z: Exchange A Accept Search O: Import E: Export M: E-mail FinCom • ke Co p: print x 2-Oct-26 Friday Amount Fl: Help Q: Date Company Ed: Contra Payment F-6: Receipt Journal Sales Purchase Fl O: OåuVooctgs E: Autofill Change Mode More Details O: Related ¯ Repons Optional post -Dated J: Stat o to ru ation 57U6d 199—b 7+84 ' , "orc 6+460 199—b 7+84 .337. on_id 6db—0 ening rrela 8aeU5 ing j ' , "sou 834a- : "6+46 D: Delete x: Cancel Vch Adjustment El...
[keys] '{ESC}' -> Tally 'TallyPrime:9000'
[shot] tds-002-gw1 (1024x768)
[08:40:11] [tds] screen tds-002-gw1 : TallyPrime MANAGE {1' EDU 5: Company Accounting Voucher Creation Recei t No. 2 • Account Current balance: Particulars Narration: Unny Q: Quit Y: Data Q Z: Exchange A: Accept Search O: Import E: Export M: E-mail FinCom p: print x 2-Oct-26 Friday Amount Quit o Yes or No x Fl: Help F-2: Date F-3: Company F-4: Contra F-5: Payment F-6: Receipt F-7: Journal F-9: Purchase PIO: E: Autofill H: Change = Mode I: More - Details O: Related ¯ Repons L: Optional T: post = -Dated J: Stat ¯ Adjustment o to ru ation 57U6d 199—b 7+84 ' , "orc 6+460 199—b 7+84 .337. on_id 6db—0 ening rrela 8aeU5 ing j ' , "sou 83...
[keys] 'y' -> Tally 'TallyPrime:9000'
[shot] tds-003-gw2 (1024x768)
[08:40:16] [tds] screen tds-003-gw2 : TallyPrime MANAGE {1' EDU 5: Company Gatewa of Tall CURRENT PERIOD I-Apr-26 to 31-Mar-27 NAME OF COMPANY FinCom Spike Co Unny Y: Data Q Z: Exchange CURRENT OATE Friday, 2-Oct-2026 2-Oct-26 Search O: Import E: Export M: E-mail p: pnnt x Fl: Help Date Company Gateway of Tally MASTERS Create Alter CHart of Accounts TRANSACTIONS Vouchers Day 800K UTILITIES BaNking REPORTS Balance Sheet Profit & Loss A/c Stock Summary Ratio Analysis Display More Reports Quit o to ru ation 57U6d 199—b 7+84 ' , "orc 6+460 199—b 7+84 .337. on_id 6db—0 ening rrela 8aeU5 ing j ' , "sou 834a- : "6+46 Mode Windows Server ...
[VAll] 3 vouchers: 1/1/Journal/20260401/spike TDSDesk:test-1, 2/2/Journal/20261001/renum before the bridge, 3/3/Receipt/20261002/
[selfck journal 1] 20 ms: <RESPONSE><CREATED>1</CREATED><ALTERED>0</ALTERED><DELETED>0</DELETED><LASTVCHID>4</LASTVCHID><LASTMID>0</LASTMID><COMBINED>0</COMBINED><IGNORED>0</IGNORED><ERRORS>0</ERRORS><CANCELLED>0</CANCELLED></RESPONSE>
  INFO selfck journal 1: Tally answered <CREATED>1</CREATED> <ALTERED>0</ALTERED> <DELETED>0</DELETED> <LASTVCHID>4</LASTVCHID> <LASTMID>0</LASTMID> <COMBINED>0</COMBINED> <IGNORED>0</IGNORED> <ERRORS>0</ERRORS>
[selfck journal 2] 17 ms: <RESPONSE><CREATED>1</CREATED><ALTERED>0</ALTERED><DELETED>0</DELETED><LASTVCHID>5</LASTVCHID><LASTMID>0</LASTMID><COMBINED>0</COMBINED><IGNORED>0</IGNORED><ERRORS>0</ERRORS><CANCELLED>0</CANCELLED></RESPONSE>
  INFO selfck journal 2: Tally answered <CREATED>1</CREATED> <ALTERED>0</ALTERED> <DELETED>0</DELETED> <LASTVCHID>5</LASTVCHID> <LASTMID>0</LASTMID> <COMBINED>0</COMBINED> <IGNORED>0</IGNORED> <ERRORS>0</ERRORS>
[selfck journal 3] 14 ms: <RESPONSE><CREATED>1</CREATED><ALTERED>0</ALTERED><DELETED>0</DELETED><LASTVCHID>6</LASTVCHID><LASTMID>0</LASTMID><COMBINED>0</COMBINED><IGNORED>0</IGNORED><ERRORS>0</ERRORS><CANCELLED>0</CANCELLED></RESPONSE>
  INFO selfck journal 3: Tally answered <CREATED>1</CREATED> <ALTERED>0</ALTERED> <DELETED>0</DELETED> <LASTVCHID>6</LASTVCHID> <LASTMID>0</LASTMID> <COMBINED>0</COMBINED> <IGNORED>0</IGNORED> <ERRORS>0</ERRORS>
[VAll] 6 vouchers: 1/1/Journal/20260401/spike TDSDesk:test-1, 2/2/Journal/20261001/renum before the bridge, 3/3/Receipt/20261002/, 4/4/Journal/20261002/selfck missing 1, 5/5/Journal/20261002/selfck missing 2, 6/6/Journal/20261002/selfck missing 3
  INFO selfck: the Receipt by keys 89853c93-8e59-47e4-ac3f-3ba633bedd71-00000003 (mid 3, AlterID 3) in FinCom's copy: True; the journals by XML mid 4 AlterID 4, mid 5 AlterID 5, mid 6 AlterID 6; FinCom's copy now holds 1 entries
  INFO selfck: the newest Tally process started 180 s ago
  INFO selfck: the window set 08:41-11:42 (the runner's clock 08:42, UTC); restart asked ({"ok":true,"restarting":true}); the bridge back: True version 2.4.0
[VAll] 6 vouchers: 1/1/Journal/20260401/spike TDSDesk:test-1, 2/2/Journal/20261001/renum before the bridge, 3/3/Receipt/20261002/, 4/4/Journal/20261002/selfck missing 1, 5/5/Journal/20261002/selfck missing 2, 6/6/Journal/20261002/selfck missing 3
######## PASS n1 nightly check: Tally's changes compared, the missing fetched: mark (after) 2, Tally's ALTVCHID 6; Tally's entries above the mark 4, listed by the bridge 4 (not listed: none; not Tally's: none); FinCom's copy lacked (the stub's compare) 3: 89853c93-8e59-47e4-ac3f-3ba633bedd71-00000004 absent, 89853c93-8e59-47e4-ac3f-3ba633bedd71-00000005 absent, 89853c93-8e59-47e4-ac3f-3ba633bedd71-00000006 absent (the Receipt by keys among them: False); fetched into the copy with Tally's AlterID: 3 of 3 (lines with Tally's entry: 6); the record: listed 4, missing 3, fetched 3, still 0, deleted 0, stopped ''
######## PASS n2 nightly check: the words recorded: result 'fetched'; words 'Checked on the night of 09-Oct-2026 at 14:12 IST: 3 entries missing from FinCom; all 3 fetched from Tally.' (expected to start: ^Checked on the night of \d\d-[A-Z][a-z]{2}-\d{4} at \d\d:\d\d IST: 3 entr(y|ies) missing from FinCom; all 3 fetched from Tally\.); the bridge's log: 2026-10-09 08:42:52  Nightly check of FinCom Spike Co: 3 entries missing from FinCom's copy asked of Tally (one a request) | 2026-10-09 08:42:54  Nightly check of FinCom Spike Co: Checked on the night of 09-Oct-2026 at 14:12 IST: 3 entries missing from FinCom; all 3 fetched from Tally.
######## PASS n3 nightly check: once a night: records 1, compares 1 (at the record 1) after 4 more minutes; selfcheck.json: {"fincom spike co|89853c93-8e59-47e4-ac3f-3ba633bedd71":{"hist":[{"mark":3,"night":"20261009"}],"mark":3,"night":"20261009","tries":0}}; bridge log: 2026-10-09 08:42:52  Nightly check of FinCom Spike Co: 3 entries missing from FinCom's copy asked of Tally (one a request) | 2026-10-09 08:42:54  Nightly check of FinCom Spike Co: Checked on the night of 09-Oct-2026 at 14:12 IST: 3 entries missing from FinCom; all 3 fetched from Tally.
  bridge log: 2026-10-09 08:39:51  Recorder: Receipt 1 of 02-Oct-2026 (MasterID 3, line 97b40f29…): asking Tally by MasterID
  bridge log: 2026-10-09 08:39:51  Recorder: entry fetch of FinCom Spike Co: answered in 8 ms
  bridge log: 2026-10-09 08:39:51  Recorder: Receipt 1 of 02-Oct-2026 (MasterID 3, line 97b40f29…): taken: Tally's GUID 89853c93-8e59-47e4-ac3f-3ba633bedd71-00000003, AlterID 3
  bridge log: 2026-10-09 08:39:51  Renumbering: made Receipt 1 of 02-Oct-2026 in FinCom Spike Co: FinCom holds 0 later Receipt entries; each is read again from Tally to see whether Tally renumbered it
  bridge log: 2026-10-09 08:42:47  Restarting: asked from the tray icon
  bridge log: 2026-10-09 08:42:48  FinCom Bridge 2.4.0 (Go) started on 127.0.0.1:9100: the only bridge on this computer; working for runnervmfi6oq\runneradmin, Windows session 2; runs just for this Windows user (starts at sign-in, no service)
  bridge log: 2026-10-09 08:42:48  Tally is open on port 9000; the bridge reads it only after an event (a client opened in FinCom, Update now, a posting, the nightly catch-up at 19:00)
  bridge log: 2026-10-09 08:42:48  Check:  - 
  bridge log: 2026-10-09 08:42:51  Trial tools switched on for this computer in FinCom: the tray shows the trial items
  bridge log: 2026-10-09 08:42:51  Company FinCom Spike Co: change numbers read with form a: ALTVCHID=6, ALTMSTID=209
  bridge log: 2026-10-09 08:42:51  Light check of FinCom Spike Co: unchanged starting point ALTVCHID=2; now ALTVCHID=6, ALTMSTID=209
  bridge log: 2026-10-09 08:42:51  Bank dates: FinCom Spike Co: Tally's voucher counter moved with no add-on line for 4 entries (a bank date set in Bank Reconciliation, or another change Tally makes without a voucher form); each is read again from Tally
  bridge log: 2026-10-09 08:42:52  Nightly check of FinCom Spike Co: 3 entries missing from FinCom's copy asked of Tally (one a request)
  bridge log: 2026-10-09 08:42:52  Recorder: entry fetch of FinCom Spike Co: answered in 6 ms
  bridge log: 2026-10-09 08:42:52  Recorder: Receipt 1 of 02-Oct-2026 (MasterID 3, line 530d0587…): taken: Tally's GUID 89853c93-8e59-47e4-ac3f-3ba633bedd71-00000003, AlterID 3
  bridge log: 2026-10-09 08:42:52  Recorder: An entry of 02-Oct-2026 (MasterID 4, line f65f904d…): asking Tally by MasterID
  bridge log: 2026-10-09 08:42:52  Recorder: Journal 3 of 02-Oct-2026 (MasterID 4, line f65f904d…): taken: Tally's GUID 89853c93-8e59-47e4-ac3f-3ba633bedd71-00000004, AlterID 4
  bridge log: 2026-10-09 08:42:52  Recorder: An entry of 02-Oct-2026 (MasterID 5, line dd52b9b5…): asking Tally by MasterID
  bridge log: 2026-10-09 08:42:53  Recorder: entry fetch of FinCom Spike Co: answered in 7 ms
  bridge log: 2026-10-09 08:42:53  Recorder: Journal 4 of 02-Oct-2026 (MasterID 5, line dd52b9b5…): taken: Tally's GUID 89853c93-8e59-47e4-ac3f-3ba633bedd71-00000005, AlterID 5
  bridge log: 2026-10-09 08:42:53  Recorder: An entry of 02-Oct-2026 (MasterID 6, line 629feb6f…): asking Tally by MasterID
  bridge log: 2026-10-09 08:42:53  Recorder: Journal 5 of 02-Oct-2026 (MasterID 6, line 629feb6f…): taken: Tally's GUID 89853c93-8e59-47e4-ac3f-3ba633bedd71-00000006, AlterID 6
  bridge log: 2026-10-09 08:42:53  Recorder: Journal 3 of 02-Oct-2026 (MasterID 4, line 50eb2c06…): taken: Tally's GUID 89853c93-8e59-47e4-ac3f-3ba633bedd71-00000004, AlterID 4
  bridge log: 2026-10-09 08:42:53  Recorder: Journal 4 of 02-Oct-2026 (MasterID 5, line 306f4a24…): taken: Tally's GUID 89853c93-8e59-47e4-ac3f-3ba633bedd71-00000005, AlterID 5
  bridge log: 2026-10-09 08:42:54  Nightly check of FinCom Spike Co: Checked on the night of 09-Oct-2026 at 14:12 IST: 3 entries missing from FinCom; all 3 fetched from Tally.
  bridge log: 2026-10-09 08:42:54  Recorder: Journal 5 of 02-Oct-2026 (MasterID 6, line 6c7437da…): taken: Tally's GUID 89853c93-8e59-47e4-ac3f-3ba633bedd71-00000006, AlterID 6
Get-ChildItem: D:\a\testingtdsdesk\testingtdsdesk\.github\tally-spike\flowv.ps1:278
Line |
 278 |    Get-ChildItem $rec -File -ErrorAction SilentlyContinue | ForEach-Ob …
     |                       ~~~~~
     | A parameter cannot be found that matches parameter name 'File'.

