[00:01:08] ---- the bridge built from the ref
bridge source: e9169a21dbf731e21094e9e86461391cb593df53 Bridge 2.3.0 built: setup SHA-256 d63311d1…9206, release log row (2.2.4 superseded), test sheet and notes fingerprint and app time (06-Oct-2026 05:25 IST); 2.2.4 assets moved to bridge-go-old
setup: FinComBridge-Setup-2.3.0.exe 3306234 bytes SHA256 CCCDBE4EA2A3292A38F83FF9B017FF02B94FF54C92A204F999C82B7DA1AA91D5
[00:01:08] ---- the second Windows user (not an administrator)
user 2: fcuser2 S-1-5-21-1643835476-1616584234-1346609752-1003; administrators: runnervmfi6oq\runneradmin
user 2's profile: C:\Users\fcuser2
 SESSIONNAME               USERNAME                 ID  STATE   TYPE        DEVICE 
 services                                            0  Disc                        
 rdp-tcp#0                 fcuser2                   1  Active                      
>console                   runneradmin               2  Active                      
 31c5ce94259d4006a9e4                            65536  Listen                      
 rdp-tcp                                         65537  Listen                      

[00:01:39] user 2's own Windows session by Remote Desktop: True (session 1)
[shot] r4-03-rdp-session (1024x768)
task fcu2 registered for fcuser2 (interactive)
  [as fcuser2] who=runnervmfi6oq\fcuser2 session=1
  [as fcuser2] no Tally window in session 1; keys '{ENTER}' to the window in front
  [as fcuser2] shot u2-desktop
[00:02:07] ---- the stub cloud
[00:02:10] ---- user 1's Tally (9000) with the add-on; a copy of the program for user 2 first (its own tally.ini and port)
  still running from the Tally folder: tallyscheduler 5992
  robocopy:    Bytes :  177.74 m  177.74 m         0         0       512         0
  robocopy:    Times :   0:00:00   0:00:00                       0:00:00   0:00:00
  robocopy: 
  robocopy: 
  robocopy:    Speed :           2,359,288,569 Bytes/sec.
  robocopy:    Speed :             134,999.578 MegaBytes/min.
  robocopy:    Ended : Tuesday, October 6, 2026 12:02:12 AM
  robocopy: 
[00:02:12] copy for user 2: robocopy 9, tally.exe there: True
Tally :9000 answers: True
[keys] 'a' -> Tally :9000 'TallyPrime:9000'
[keys] 't' -> Tally :9000 'TallyPrime:9000'
[shot] r4-00-tally1 (1024x768)
[ledger Spike Income :9000] <RESPONSE><CREATED>1</CREATED><ALTERED>0</ALTERED><DELETED>0</DELETED><LASTVCHID>0</LASTVCHID><LASTMID>0</LASTMID><COMBINED>0</COMBINED><IGNORED>0</IGNORED><ERRORS>0</ERRORS><CANCELLED>0</CANCELLED><EXCEPTIONS>0</EXCEPTIONS></RESPONSE>
[00:02:45] ---- user 2's own Tally (9001), run as fcuser2: a company made by keys, then started again with it and the add-on
  [as fcuser2] pid=10688 session=1 user=runnervmfi6oq\fcuser2
Tally :9001 (pid 10688) answers: True; owner: fcuser2; session 1 (runner's own: 2)
  [as fcuser2] keys 'a' -> Tally pid 10688 'TallyPrime:9001' session 1 foreground=True
  [as fcuser2] keys 't' -> Tally pid 10688 'TallyPrime:9001' session 1 foreground=True
  [as fcuser2] shot 01-tally2-start
  [as fcuser2] keys '{ENTER}' -> Tally pid 10688 'TallyPrime:9001' session 1 foreground=True
  [as fcuser2] shot 01b-tally2-create-company
  [as fcuser2] keys 'FinCom Spike U2' -> Tally pid 10688 'TallyPrime:9001' session 1 foreground=True
  [as fcuser2] keys '^a' -> Tally pid 10688 'TallyPrime:9001' session 1 foreground=True
  [as fcuser2] shot 01c-tally2-ctrl-a
[companies :9001] <ENVELOPE><HEADER><VERSION>1</VERSION><STATUS>1</STATUS></HEADER><BODY><DESC><CMPINFO><COMPANY>0</COMPANY><GROUP>0</GROUP><LEDGER>0</LEDGER><COSTCATEGORY>0</COSTCATEGORY><COSTCENTRE>0</COSTCENTRE><GODOWN>0</GODOWN><STOCKGROUP>0</STOCKGROUP><STOCKCATEGORY>0</STOCKCATEGORY><STOCKITEM>0</STOCKITEM><VOUCHERTYPE>0</VOUCHERTYPE><CURRENCY>0</CURRENCY><UNIT>0</UNIT><BUDGET>0</BUDGET><CLIENTRULE>0</CLIENTRULE><SERVERRULE>0</SERVERRULE><STATE>0</STATE><TDSRATE>0</TDSRATE><TAXCLASSIFICATION>0</TAXCLASSIFICATION><STCATEGORY>0</STCATEGORY><DEDUCTEETYPE>0</DEDUCTEETYPE><ATTENDANCETYPE>0</ATTENDANCETYPE><FBT...
  [as fcuser2] keys '^a' -> Tally pid 10688 'TallyPrime:9001' session 1 foreground=True
  [as fcuser2] shot 01d-tally2-company
user 2's company made: True, folder 100000
  [as fcuser2] pid=11080 session=1 user=runnervmfi6oq\fcuser2
  [as fcuser2] keys 'a' -> Tally pid 11080 'TallyPrime:9001' session 1 foreground=True
  [as fcuser2] keys 't' -> Tally pid 11080 'TallyPrime:9001' session 1 foreground=True
  [as fcuser2] shot 01e-tally2-gateway
[ledger Spike Income :9001] <RESPONSE><CREATED>1</CREATED><ALTERED>0</ALTERED><DELETED>0</DELETED><LASTVCHID>0</LASTVCHID><LASTMID>0</LASTMID><COMBINED>0</COMBINED><IGNORED>0</IGNORED><ERRORS>0</ERRORS><CANCELLED>0</CANCELLED><EXCEPTIONS>0</EXCEPTIONS></RESPONSE>
[companies :9001] <ENVELOPE><HEADER><VERSION>1</VERSION><STATUS>1</STATUS></HEADER><BODY><DESC><CMPINFO><COMPANY>0</COMPANY><GROUP>0</GROUP><LEDGER>1</LEDGER><COSTCATEGORY>0</COSTCATEGORY><COSTCENTRE>0</COSTCENTRE><GODOWN>0</GODOWN><STOCKGROUP>0</STOCKGROUP><STOCKCATEGORY>0</STOCKCATEGORY><STOCKITEM>0</STOCKITEM><VOUCHERTYPE>0</VOUCHERTYPE><CURRENCY>0</CURRENCY><UNIT>0</UNIT><BUDGET>0</BUDGET><CLIENTRULE>0</CLIENTRULE><SERVERRULE>0</SERVERRULE><STATE>0</STATE><TDSRATE>0</TDSRATE><TAXCLASSIFICATION>0</TAXCLASSIFICATION><STCATEGORY>0</STCATEGORY><DEDUCTEETYPE>0</DEDUCTEETYPE><ATTENDANCETYPE>0</ATTENDANCETYPE><FBT...
[ledger Spike Party :9001] <RESPONSE><CREATED>1</CREATED><ALTERED>0</ALTERED><DELETED>0</DELETED><LASTVCHID>0</LASTVCHID><LASTMID>0</LASTMID><COMBINED>0</COMBINED><IGNORED>0</IGNORED><ERRORS>0</ERRORS><CANCELLED>0</CANCELLED><EXCEPTIONS>0</EXCEPTIONS></RESPONSE>
[journal :9001 :9001] <RESPONSE><CREATED>1</CREATED><ALTERED>0</ALTERED><DELETED>0</DELETED><LASTVCHID>1</LASTVCHID><LASTMID>0</LASTMID><COMBINED>0</COMBINED><IGNORED>0</IGNORED><ERRORS>0</ERRORS><CANCELLED>0</CANCELLED><EXCEPTIONS>0</EXCEPTIONS></RESPONSE>
== user 2's own Tally with its company and the add-on: True
[00:04:22] ---- the bridges, each installed by its own Windows user with the real setup, just for me; the settings seeded first
setup as runneradmin (just for me) ended with 0
  install.log 1: 2026-10-06 00:04:23  Install (just for this user, no service): FinCom Bridge 2.3.0 for runnervmfi6oq\runneradmin (S-1-5-21-1643835476-1616584234-1346609752-500), sole mode, folder C:\Users\runneradmin\AppData\Local\TDS Desk Bridge
  install.log 1: 2026-10-06 00:04:26  Install: the add-on FinComRecorder.tdl written in C:\ProgramData\FinCom\addon
  install.log 1: 2026-10-06 00:04:26  Install: the add-on FinComRecorderAnyCompany.tdl written in C:\ProgramData\FinCom\addon
  install.log 1: 2026-10-06 00:04:26  Install: the recorder folder C:\ProgramData\FinCom\recorder and the add-on folder C:\ProgramData\FinCom\addon are ready (just for this user)
  install.log 1: 2026-10-06 00:04:26  Install: starts when runnervmfi6oq\runneradmin signs in to Windows (HKCU Run)
  install.log 1: 2026-10-06 00:04:27  Install: done; the bridge answers on 127.0.0.1:9100
  install.log 1: 2026-10-06 00:04:27  Setup: FinComBridge.exe install: done, the bridge answers
  install.log 1: 2026-10-06 00:04:27  Setup: Finished: installed and running (sole mode)
seed as fcuser2: runnervmfi6oq\fcuser2 session 1 C:\Users\fcuser2\AppData\Local
  [as fcuser2] exit=0 user=runnervmfi6oq\fcuser2 session=1
setup as fcuser2 (just for me) ended: exit=0 user=runnervmfi6oq\fcuser2 session=1
  install.log 2: 2026-10-06 00:04:28  Install (just for this user, no service): FinCom Bridge 2.3.0 for runnervmfi6oq\fcuser2 (S-1-5-21-1643835476-1616584234-1346609752-1003), sole mode, folder C:\Users\fcuser2\AppData\Local\TDS Desk Bridge
  install.log 2: 2026-10-06 00:04:32  Install: the add-on FinComRecorder.tdl was not written in C:\ProgramData\FinCom\addon: remove C:\ProgramData\FinCom\addon\FinComRecorder.tdl: Access is denied.
  install.log 2: 2026-10-06 00:04:32  Install: the add-on FinComRecorderAnyCompany.tdl was not written in C:\ProgramData\FinCom\addon: remove C:\ProgramData\FinCom\addon\FinComRecorderAnyCompany.tdl: Access is denied.
  install.log 2: 2026-10-06 00:04:32  Install: the recorder folder C:\ProgramData\FinCom\recorder and the add-on folder C:\ProgramData\FinCom\addon are ready (just for this user)
  install.log 2: 2026-10-06 00:04:32  Install: starts when runnervmfi6oq\fcuser2 signs in to Windows (HKCU Run)
  install.log 2: 2026-10-06 00:04:33  Install: done; the bridge answers on 127.0.0.1:9101
  install.log 2: 2026-10-06 00:04:33  Setup: FinComBridge.exe install: done, the bridge answers
  install.log 2: 2026-10-06 00:04:33  Setup: Finished: installed and running (sole mode)
bridge 1: user runneradmin, port 9100, id go-b2a7de8b8d34, key 24 chars, Owner runnervmfi6oq\runneradmin, OwnerSid S-1-5-21-1643835476-1616584234-1346609752-500
bridge 2: user fcuser2, port 9101, id go-2504c95f99ee, key 24 chars, Owner runnervmfi6oq\fcuser2, OwnerSid S-1-5-21-1643835476-1616584234-1346609752-1003
[shot] r4-02-bridges (1024x768)
[00:04:43] ---- 6a: both bridges run at once, on their own ports, as their own users
  process 5688 as runneradmin in session 2: "C:\Users\runneradmin\AppData\Local\FinCom Bridge\FinComBridge.exe" user --config "C:\Users\runneradmin\AppData\Local\TDS Desk Bridge\tds-bridge.config.json"
  process 2088 as runneradmin in session 2: "C:\Users\runneradmin\AppData\Local\FinCom Bridge\FinComBridge.exe" tray --quiet --config "C:\Users\runneradmin\AppData\Local\TDS Desk Bridge\tds-bridge.config.json"
  process 10436 as runneradmin in session 2: "C:\Users\runneradmin\AppData\Local\FinCom Bridge\FinComBridge.exe" worker --config "C:\Users\runneradmin\AppData\Local\TDS Desk Bridge\tds-bridge.config.json" --home "C:\Users\runneradmin\AppData\Local\TDS Desk Bridge" --parent 5688
  process 7732 as fcuser2 in session 1: "C:\Users\fcuser2\AppData\Local\FinCom Bridge\FinComBridge.exe" user --config "C:\Users\fcuser2\AppData\Local\TDS Desk Bridge\tds-bridge.config.json"
  process 7624 as fcuser2 in session 1: "C:\Users\fcuser2\AppData\Local\FinCom Bridge\FinComBridge.exe" worker --config "C:\Users\fcuser2\AppData\Local\TDS Desk Bridge\tds-bridge.config.json" --home "C:\Users\fcuser2\AppData\Local\TDS Desk Bridge" --parent 7732
  process 10252 as fcuser2 in session 1: "C:\Users\fcuser2\AppData\Local\FinCom Bridge\FinComBridge.exe" tray
  listening 127.0.0.1:9101 pid 7624 user fcuser2
  listening 127.0.0.1:9100 pid 10436 user runneradmin
  Tally pid 11080 session 1 owner fcuser2
  Tally pid 11116 session 2 owner runneradmin
######## PASS 6a two bridges at once: bridge 1 runneradmin on 127.0.0.1:9100 (pid 10436, session 2, go-b2a7de8b8d34); bridge 2 fcuser2 on 127.0.0.1:9101 (pid 7624, session 1, go-2504c95f99ee); both listening at 00:04:44
[00:04:44] ---- 6b: the /ping proof: HMAC-SHA256(bridge key, nonce || bridge id || port), only to the bridge's own Windows user
runneradmin -> own bridge, no Origin: {"bridge":"FinCom Tally Bridge","bridgeId":"go-b2a7de8b8d34","impl":"go","loopSec":0,"ok":true,"pid":10436,"port":9100,"runMode":"user","testMode":false,"version":"2.3.0","yours":true}
runneradmin -> own bridge: {"bridge":"FinCom Tally Bridge","bridgeId":"go-b2a7de8b8d34","impl":"go","loopSec":0,"ok":true,"pairProof":"3caf587392c89df86768ae90030f00ba06df937889c717aef2069cd011c2dc55","pid":10436,"port":9100,"proof":"25a66e6768e6c0a22941cd6d51a971a530e5b2e9bf656561b7403848d537f775","runMode":"user","testMode":false,"version":"2.3.0","yours":true}
runneradmin -> user 2's bridge: {"bridge":"FinCom Tally Bridge","impl":"go","loopSec":0,"ok":true,"pid":7624,"runMode":"user","testMode":false,"version":"2.3.0","yours":false}
as fcuser2 (): {"ownStatus":401,"other":{"bridge":"FinCom Tally Bridge","impl":"go","loopSec":0,"ok":true,"pid":10436,"runMode":"user","testMode":false,"version":"2.3.0","yours":false},"session":1,"own":{"bridge":"FinCom Tally Bridge","bridgeId":"go-2504c95f99ee","impl":"go","loopSec":0,"ok":true,"pairProof":"664a46903b5a9369f4b864c4de4d09de74d9aaeecccbb960d3dd0fccbecf4ac4","pid":7624,"port":9101,"proof":"7d41a75481239838e5f86762c9e9ef4df5f10498c28780490b68a3d9c7f46db4","runMode":"user","testMode":false,"version":"2.3.0","yours":true},"otherStatus":403,"who":"runnervmfi6oq\\fcuser2"}
  ok   bridge 1 proves itself to runneradmin: yours=True bridgeId=go-b2a7de8b8d34 port=9100 proof=25a66e6768e6c0a22941cd6d51a971a530e5b2e9bf656561b7403848d537f775
  ok   bridge 1 proof checked against user 2 identity fails: HMAC(key2, nonce||go-2504c95f99ee||9101)=7554a3ca69650adcb6774084b86ab777edfee492a745a2fd633b482172289c2c
  ok   bridge 2 proves itself to fcuser2: yours=True bridgeId=go-2504c95f99ee port=9101 proof=7d41a75481239838e5f86762c9e9ef4df5f10498c28780490b68a3d9c7f46db4
  ok   bridge 2 proof checked against user 1 identity fails: HMAC(key1, nonce||go-b2a7de8b8d34||9100)=7d74560a1df5789c214985a02f4f213bd0113fffa023236f2cf6ff54a9bc8cd6
  ok   bridge 2 gives runneradmin no proof: yours=False proof= bridgeId=
  ok   bridge 1 gives fcuser2 no proof: yours=False proof=
  ok   other users refused 403 beyond /ping: runneradmin: own /status 401, other 403; fcuser2: own /status 401, other 403
######## PASS 6b /ping proof: bridge 1 proves itself to runneradmin: ok; bridge 1 proof checked against user 2 identity fails: ok; bridge 2 proves itself to fcuser2: ok; bridge 2 proof checked against user 1 identity fails: ok; bridge 2 gives runneradmin no proof: ok; bridge 1 gives fcuser2 no proof: ok; other users refused 403 beyond /ping: ok
  bridge1 log: 2026-10-06 00:04:26  FinCom Bridge 2.3.0: started just for runnervmfi6oq\runneradmin (no service); it keeps the bridge and its icon running
  bridge1 log: 2026-10-06 00:04:26  FinCom Bridge 2.3.0 (Go) started on 127.0.0.1:9100: the only bridge on this computer; working for runnervmfi6oq\runneradmin, Windows session 2; runs just for this Windows user (starts at sign-in, no service)
  bridge1 log: 2026-10-06 00:04:26  Tally is open on port 9000; the bridge reads it only after an event (a client opened in FinCom, Update now, a posting, the nightly catch-up at 02:00)
  bridge1 log: 2026-10-06 00:04:26  Recorder: re-scan of the add-on's files for 2.3.0: 0 line(s) sent earlier without their entry found (a new entry's line with no MasterID, a GUID of another entry, or read while the body fetch was off)
  bridge1 log: 2026-10-06 00:04:26  Check:  - 
  bridge1 log: 2026-10-06 00:04:29  Tray icon: set to show next to the clock always (Windows 11)
  bridge1 log: 2026-10-06 00:04:29  FinCom: this bridge is now the main bridge on this computer (set by the setup); it reads and posts
  bridge1 log: 2026-10-06 00:04:29  Company FinCom Spike Co: its Tally GUID 85986070-c48d-4140-ba39-3225aec343c5 is held from now on
  bridge1 log: 2026-10-06 00:04:29  Company FinCom Spike Co: its starting point is recorded: ALTVCHID=1, ALTMSTID=211 (reading is prospective only: the bridge follows what changes after this)
  bridge1 log: 2026-10-06 00:04:29  Company FinCom Spike Co: change numbers read with form a: ALTVCHID=1, ALTMSTID=211
  bridge1 log: 2026-10-06 00:04:29  Light check of FinCom Spike Co: starting point recorded (ALTVCHID=1, ALTMSTID=211)
  bridge1 log: 2026-10-06 00:04:32  Refused a request from a program of another Windows user (/tray/idle): not your FinCom Bridge
  bridge1 log: 2026-10-06 00:04:32  Refused a request from a program of another Windows user (/tray/status): not your FinCom Bridge
  bridge1 log: 2026-10-06 00:04:44  Refused a request from a program of another Windows user (/status): not your FinCom Bridge
  bridge2 log: 2026-10-06 00:04:32  FinCom Bridge 2.3.0: started just for runnervmfi6oq\fcuser2 (no service); it keeps the bridge and its icon running
  bridge2 log: 2026-10-06 00:04:32  Port 9100 is taken (another Windows user's FinCom Bridge, or another program); this bridge uses port 9101 and remembers it
  bridge2 log: 2026-10-06 00:04:32  FinCom Bridge 2.3.0 (Go) started on 127.0.0.1:9101: the only bridge on this computer; working for runnervmfi6oq\fcuser2, Windows session 1; runs just for this Windows user (starts at sign-in, no service)
  bridge2 log: 2026-10-06 00:04:32  Tally is open on port 9001; the bridge reads it only after an event (a client opened in FinCom, Update now, a posting, the nightly catch-up at 02:00)
  bridge2 log: 2026-10-06 00:04:32  Recorder: re-scan of the add-on's files for 2.3.0: 0 line(s) sent earlier without their entry found (a new entry's line with no MasterID, a GUID of another entry, or read while the body fetch was off)
  bridge2 log: 2026-10-06 00:04:32  Check:  - 
  bridge2 log: 2026-10-06 00:04:35  FinCom: this bridge is now the main bridge on this computer (set by the setup); it reads and posts
  bridge2 log: 2026-10-06 00:04:35  Tray icon: set to show next to the clock always (Windows 11)
  bridge2 log: 2026-10-06 00:04:35  Company FinCom Spike U2: its Tally GUID 0012c5ca-9054-4544-af3d-bbb051b1ac55 is held from now on
  bridge2 log: 2026-10-06 00:04:35  Company FinCom Spike U2: its starting point is recorded: ALTVCHID=1, ALTMSTID=209 (reading is prospective only: the bridge follows what changes after this)
  bridge2 log: 2026-10-06 00:04:35  Company FinCom Spike U2: change numbers read with form a: ALTVCHID=1, ALTMSTID=209
  bridge2 log: 2026-10-06 00:04:35  Light check of FinCom Spike U2: starting point recorded (ALTVCHID=1, ALTMSTID=209)
  bridge2 log: 2026-10-06 00:04:44  Refused a request from a program of another Windows user (/status): not your FinCom Bridge (the program asking has no Windows user)
[00:05:15] ---- steps 1-5 on user 1's Tally (9000), as round 3
  Tally :9000 voucher mid=1 aid=1 guid=85986070-c48d-4140-ba39-3225aec343c5-00000001 no=1 cancelled=False
[keys] 'v' -> Tally :9000 'TallyPrime:9000'
[shot] r4-10-vouchers (1024x768)
[keys] '{F6}' -> Tally :9000 'TallyPrime:9000'
[keys] '{F2}' -> Tally :9000 'TallyPrime:9000'
[keys] '2-10-2026{ENTER}' -> Tally :9000 'TallyPrime:9000'
[keys] 'Cash{ENTER}' -> Tally :9000 'TallyPrime:9000'
[keys] 'Spike Income{ENTER}' -> Tally :9000 'TallyPrime:9000'
[shot] r4-11-particular (1024x768)
[keys] '700{ENTER}' -> Tally :9000 'TallyPrime:9000'
[keys] '^a' -> Tally :9000 'TallyPrime:9000'
[shot] r4-12-created (1024x768)
  Tally :9000 voucher mid=1 aid=1 guid=85986070-c48d-4140-ba39-3225aec343c5-00000001 no=1 cancelled=False
  Tally :9000 voucher mid=2 aid=2 guid=85986070-c48d-4140-ba39-3225aec343c5-00000002 no=1 cancelled=False
  bridge1 log: 2026-10-06 00:05:44  Recorder: Receipt 1 of 02-Oct-2026 (MasterID 2, line 757f545b…): asking Tally by MasterID
  bridge1 log: 2026-10-06 00:05:48  Recorder: Receipt 1 of 02-Oct-2026 (MasterID 2, line 757f545b…): taken: Tally's GUID 85986070-c48d-4140-ba39-3225aec343c5-00000002, AlterID 2
  stub 00:05:48 recorder_lines event=created guid=85986070-c48d-4140-ba39-3225aec343c5-00000002 mid=2 aid=2 vch=Receipt/1/20261002 user=runnervmfi6oq\runneradmin bridge=go-b2a7de8b8d34 port=9100 company=FinCom Spike Co body=yes(2434 chars)
######## PASS 1 create: Tally made mid 2 guid 85986070-c48d-4140-ba39-3225aec343c5-00000002; stub 00:05:48 recorder_lines event=created guid=85986070-c48d-4140-ba39-3225aec343c5-00000002 mid=2 aid=2 vch=Receipt/1/20261002 user=runnervmfi6oq\runneradmin bridge=go-b2a7de8b8d34 port=9100 company=FinCom Spike Co body=yes(2434 chars)
[keys] '%g' -> Tally :9000 'TallyPrime:9000'
[keys] 'Day Book' -> Tally :9000 'TallyPrime:9000'
[keys] '{ENTER}' -> Tally :9000 'TallyPrime:9000'
[keys] '{F2}' -> Tally :9000 'TallyPrime:9000'
[keys] '2-10-2026{ENTER}' -> Tally :9000 'TallyPrime:9000'
[shot] r4-13-daybook (1024x768)
[keys] '{END}' -> Tally :9000 'TallyPrime:9000'
[keys] '{ENTER}' -> Tally :9000 'TallyPrime:9000'
[shot] r4-14-open (1024x768)
[keys] '{ENTER}' -> Tally :9000 'TallyPrime:9000'
[keys] '{ENTER}' -> Tally :9000 'TallyPrime:9000'
[keys] '{ENTER}' -> Tally :9000 'TallyPrime:9000'
[shot] r4-15-at-amount (1024x768)
[keys] '800{ENTER}' -> Tally :9000 'TallyPrime:9000'
[keys] '^a' -> Tally :9000 'TallyPrime:9000'
[shot] r4-16-altered (1024x768)
  Tally :9000 voucher mid=1 aid=1 guid=85986070-c48d-4140-ba39-3225aec343c5-00000001 no=1 cancelled=False
  Tally :9000 voucher mid=2 aid=3 guid=85986070-c48d-4140-ba39-3225aec343c5-00000002 no=1 cancelled=False
  bridge1 log: 2026-10-06 00:06:34  Recorder: Receipt 1 of 02-Oct-2026 (MasterID 2, line b10ea9ba…): asking Tally by MasterID
  bridge1 log: 2026-10-06 00:06:39  Recorder: Receipt 1 of 02-Oct-2026 (MasterID 2, line b10ea9ba…): taken: Tally's GUID 85986070-c48d-4140-ba39-3225aec343c5-00000002, AlterID 3
  bridge2 log: 2026-10-06 00:06:15  Recorder: FinCom Spike Co: lines from a Tally this bridge does not read (company not open here): not sent
  stub 00:06:39 recorder_lines event=altered guid=85986070-c48d-4140-ba39-3225aec343c5-00000002 mid=2 aid=3 vch=Receipt/1/20261002 user=runnervmfi6oq\runneradmin bridge=go-b2a7de8b8d34 port=9100 company=FinCom Spike Co body=yes(2434 chars)
######## PASS 2 alter: Tally: mid 2 AlterID 2 -> 3; stub 00:06:39 recorder_lines event=altered guid=85986070-c48d-4140-ba39-3225aec343c5-00000002 mid=2 aid=3 vch=Receipt/1/20261002 user=runnervmfi6oq\runneradmin bridge=go-b2a7de8b8d34 port=9100 company=FinCom Spike Co body=yes(2434 chars)
[keys] '%g' -> Tally :9000 'TallyPrime:9000'
[keys] 'Day Book' -> Tally :9000 'TallyPrime:9000'
[keys] '{ENTER}' -> Tally :9000 'TallyPrime:9000'
[keys] '{F2}' -> Tally :9000 'TallyPrime:9000'
[keys] '2-10-2026{ENTER}' -> Tally :9000 'TallyPrime:9000'
[shot] r4-17-daybook (1024x768)
[keys] '{END}' -> Tally :9000 'TallyPrime:9000'
[keys] '%2' -> Tally :9000 'TallyPrime:9000'
[shot] r4-18-duplicate (1024x768)
[keys] '{ENTER}' -> Tally :9000 'TallyPrime:9000'
[keys] '{ENTER}' -> Tally :9000 'TallyPrime:9000'
[shot] r4-19-dup-at-amount (1024x768)
[keys] '900{ENTER}' -> Tally :9000 'TallyPrime:9000'
[keys] '^a' -> Tally :9000 'TallyPrime:9000'
[shot] r4-20-dup-saved (1024x768)
  Tally :9000 voucher mid=1 aid=1 guid=85986070-c48d-4140-ba39-3225aec343c5-00000001 no=1 cancelled=False
  Tally :9000 voucher mid=2 aid=3 guid=85986070-c48d-4140-ba39-3225aec343c5-00000002 no=1 cancelled=False
  Tally :9000 voucher mid=3 aid=4 guid=85986070-c48d-4140-ba39-3225aec343c5-00000003 no=2 cancelled=False
  bridge1 log: 2026-10-06 00:07:21  Recorder: Receipt 2 of 02-Oct-2026 (MasterID 3, line 241711c0…): asking Tally by MasterID
  bridge1 log: 2026-10-06 00:07:25  Recorder: Receipt 2 of 02-Oct-2026 (MasterID 3, line 241711c0…): taken: Tally's GUID 85986070-c48d-4140-ba39-3225aec343c5-00000003, AlterID 4
  stub 00:07:25 recorder_lines event=created guid=85986070-c48d-4140-ba39-3225aec343c5-00000003 mid=3 aid=4 vch=Receipt/2/20261002 user=runnervmfi6oq\runneradmin bridge=go-b2a7de8b8d34 port=9100 company=FinCom Spike Co body=yes(2434 chars) idsMismatch lineGuid=85986070-c48d-4140-ba39-3225aec343c5-00000002
######## PASS 3 Alt+2 copy: Tally made mid 3 guid 85986070-c48d-4140-ba39-3225aec343c5-00000003; source mid 2 AlterID still 3, no line for it; stub 00:07:25 recorder_lines event=created guid=85986070-c48d-4140-ba39-3225aec343c5-00000003 mid=3 aid=4 vch=Receipt/2/20261002 user=runnervmfi6oq\runneradmin bridge=go-b2a7de8b8d34 port=9100 company=FinCom Spike Co body=yes(2434 chars) idsMismatch lineGuid=85986070-c48d-4140-ba39-3225aec343c5-00000002
[keys] '%g' -> Tally :9000 'TallyPrime:9000'
[keys] 'Day Book' -> Tally :9000 'TallyPrime:9000'
[keys] '{ENTER}' -> Tally :9000 'TallyPrime:9000'
[keys] '{F2}' -> Tally :9000 'TallyPrime:9000'
[keys] '2-10-2026{ENTER}' -> Tally :9000 'TallyPrime:9000'
[shot] r4-21-daybook (1024x768)
[keys] '{HOME}' -> Tally :9000 'TallyPrime:9000'
[keys] '%x' -> Tally :9000 'TallyPrime:9000'
[keys] 'y' -> Tally :9000 'TallyPrime:9000'
[shot] r4-22-cancelled (1024x768)
  Tally :9000 voucher mid=1 aid=1 guid=85986070-c48d-4140-ba39-3225aec343c5-00000001 no=1 cancelled=False
  Tally :9000 voucher mid=2 aid=5 guid=85986070-c48d-4140-ba39-3225aec343c5-00000002 no=1 cancelled=True
  Tally :9000 voucher mid=3 aid=4 guid=85986070-c48d-4140-ba39-3225aec343c5-00000003 no=2 cancelled=False
  bridge1 log: 2026-10-06 00:08:18  Recorder: Receipt 1 of 02-Oct-2026 (MasterID 2, line 6d10699e…): asking Tally by MasterID
  bridge1 log: 2026-10-06 00:08:23  Recorder: FinCom Spike Co: cancel of mid 2: GUID from Tally (asked by MasterID): 85986070-c48d-4140-ba39-3225aec343c5-00000002; the GUID its MasterID makes agrees
  stub 00:08:23 recorder_lines event=cancelled guid=85986070-c48d-4140-ba39-3225aec343c5-00000002 mid=2 aid=5 vch=Receipt/1/20261002 user=runnervmfi6oq\runneradmin bridge=go-b2a7de8b8d34 port=9100 company=FinCom Spike Co body=none
######## PASS 4 cancel: Tally cancelled mid 2 guid 85986070-c48d-4140-ba39-3225aec343c5-00000002; stub 00:08:23 recorder_lines event=cancelled guid=85986070-c48d-4140-ba39-3225aec343c5-00000002 mid=2 aid=5 vch=Receipt/1/20261002 user=runnervmfi6oq\runneradmin bridge=go-b2a7de8b8d34 port=9100 company=FinCom Spike Co body=none
[keys] '%g' -> Tally :9000 'TallyPrime:9000'
[keys] 'Day Book' -> Tally :9000 'TallyPrime:9000'
[keys] '{ENTER}' -> Tally :9000 'TallyPrime:9000'
[keys] '{F2}' -> Tally :9000 'TallyPrime:9000'
[keys] '2-10-2026{ENTER}' -> Tally :9000 'TallyPrime:9000'
[shot] r4-23-daybook (1024x768)
[keys] '{END}' -> Tally :9000 'TallyPrime:9000'
[keys] '%d' -> Tally :9000 'TallyPrime:9000'
[keys] 'y' -> Tally :9000 'TallyPrime:9000'
[shot] r4-24-deleted (1024x768)
  Tally :9000 voucher mid=1 aid=1 guid=85986070-c48d-4140-ba39-3225aec343c5-00000001 no=1 cancelled=False
  Tally :9000 voucher mid=2 aid=5 guid=85986070-c48d-4140-ba39-3225aec343c5-00000002 no=1 cancelled=True
  bridge1 log: 2026-10-06 00:09:01  Recorder: Receipt 2 of 02-Oct-2026 (MasterID 3, line 49d9bfb1…): asking Tally by MasterID
  bridge1 log: 2026-10-06 00:09:05  Recorder: FinCom Spike Co: delete of mid 3: not in this Tally (asked by MasterID): proven deleted here
  bridge1 log: 2026-10-06 00:09:05  Recorder: FinCom Spike Co: delete of mid 3: GUID from the bridge's record: 85986070-c48d-4140-ba39-3225aec343c5-00000003; the GUID its MasterID makes agrees
  stub 00:09:05 recorder_lines event=deleted guid=85986070-c48d-4140-ba39-3225aec343c5-00000003 mid=3 aid= vch=Receipt/2/20261002 user=runnervmfi6oq\runneradmin bridge=go-b2a7de8b8d34 port=9100 company=FinCom Spike Co body=none
######## PASS 5 delete: Tally deleted mid 3 guid 85986070-c48d-4140-ba39-3225aec343c5-00000003; stub 00:09:05 recorder_lines event=deleted guid=85986070-c48d-4140-ba39-3225aec343c5-00000003 mid=3 aid= vch=Receipt/2/20261002 user=runnervmfi6oq\runneradmin bridge=go-b2a7de8b8d34 port=9100 company=FinCom Spike Co body=none
[00:09:14] ---- 6d: user 2's own Tally event (a Receipt on 9001), recorded by user 2's bridge
  Tally :9001 voucher mid=1 aid=1 guid=0012c5ca-9054-4544-af3d-bbb051b1ac55-00000001 no=1 cancelled=False
  [as fcuser2] keys 'v' -> Tally pid 11080 'TallyPrime:9001' session 1 foreground=True
  [as fcuser2] shot 30-u2-vouchers
  [as fcuser2] keys '{F6}' -> Tally pid 11080 'TallyPrime:9001' session 1 foreground=True
  [as fcuser2] keys '{F2}' -> Tally pid 11080 'TallyPrime:9001' session 1 foreground=True
  [as fcuser2] keys '2-10-2026{ENTER}' -> Tally pid 11080 'TallyPrime:9001' session 1 foreground=True
  [as fcuser2] keys 'Cash{ENTER}' -> Tally pid 11080 'TallyPrime:9001' session 1 foreground=True
  [as fcuser2] keys 'Spike Income{ENTER}' -> Tally pid 11080 'TallyPrime:9001' session 1 foreground=True
  [as fcuser2] shot 31-u2-particular
  task fcu2 did not finish C:\fcspike\keys2.ps1 in 300 s: last run 10/06/2026 00:09:39 result 0x0, state Ready
  [as fcuser2] keys '^a' -> Tally pid 11080 'TallyPrime:9001' session 1 foreground=True
  [as fcuser2] shot 32-u2-created
  Tally :9001 voucher mid=1 aid=1 guid=0012c5ca-9054-4544-af3d-bbb051b1ac55-00000001 no=1 cancelled=False
  bridge1 log: 2026-10-06 00:14:59  Light check of FinCom Spike Co: unchanged starting point ALTVCHID=1; now ALTVCHID=7, ALTMSTID=211
  bridge1 log: 2026-10-06 00:15:11  Recorder: FinCom Spike U2: lines from a Tally this bridge does not read (company not open here): not sent
  bridge2 log: 2026-10-06 00:14:54  Recorder: Receipt 1 of 02-Oct-2026 (MasterID none, line fa82828b…): asking Tally by type and number (a new entry: no MasterID on its line)
  bridge2 log: 2026-10-06 00:14:54  Tally 9001: FinComVoucherByNumber refused before sending: it carries a period and reading old entries is off (ReadDays)
  bridge2 log: 2026-10-06 00:14:54  Recorder: Receipt 1 of 02-Oct-2026 (MasterID none, line fa82828b…): not found by its type and number yet (ask 1 of 3); asked again shortly
  bridge2 log: 2026-10-06 00:15:04  Tally 9001: FinComVoucherByNumber refused before sending: it carries a period and reading old entries is off (ReadDays)
  bridge2 log: 2026-10-06 00:15:04  Recorder: Receipt 1 of 02-Oct-2026 (MasterID none, line fa82828b…): not found by its type and number yet (ask 2 of 3); asked again shortly
  bridge2 log: 2026-10-06 00:15:05  Light check of FinCom Spike U2: unchanged starting point ALTVCHID=1; now ALTVCHID=1, ALTMSTID=209
  bridge2 log: 2026-10-06 00:15:14  Tally 9001: FinComVoucherByNumber refused before sending: it carries a period and reading old entries is off (ReadDays)
  bridge2 log: 2026-10-06 00:15:14  Recorder: Receipt 1 of 02-Oct-2026 (MasterID none, line fa82828b…): held: not found by its type and number: Reading entries from Tally is off on this computer (FinCom reads entries only as they change; history comes from the Day Book upload). (sent without its body and GUID; FinCom holds the line until it is resolved)
######## FAIL 6d user 2 own Tally event: Tally :9001 (as fcuser2) made mid  guid ; stub 00:15:14 recorder_lines event=created guid='' mid= aid= vch=Receipt/1/20261002 user=runnervmfi6oq\fcuser2 bridge=go-2504c95f99ee port=9101 company=FinCom Spike U2 body=none heldWhy=not found by its type and number: Reading entries from Tally is off on this computer (FinCom reads entries only as they change; history comes from the Day Book upload).
[00:15:41] ---- 6c: the beats, 6e: every recorder line attributed to the user whose Tally made it
######## PASS 6c beats: stub 00:15:29 beat x23 bridge=go-b2a7de8b8d34 user=runnervmfi6oq\runneradmin windowsUser=runnervmfi6oq\runneradmin bridgePort=9100 tallyPort=9000 dataFolder=D:\a\_temp\TallyData device=spike-computer-key-user1 computer=runnervmfi6oq | stub 00:15:35 beat x23 bridge=go-2504c95f99ee user=runnervmfi6oq\fcuser2 windowsUser=runnervmfi6oq\fcuser2 bridgePort=9101 tallyPort=9001 dataFolder=C:\fcspike\u2data device=spike-computer-key-user2 computer=runnervmfi6oq
  all: stub 00:05:48 recorder_lines event=created guid=85986070-c48d-4140-ba39-3225aec343c5-00000002 mid=2 aid=2 vch=Receipt/1/20261002 user=runnervmfi6oq\runneradmin bridge=go-b2a7de8b8d34 port=9100 company=FinCom Spike Co body=yes(2434 chars)
  all: stub 00:06:39 recorder_lines event=altered guid=85986070-c48d-4140-ba39-3225aec343c5-00000002 mid=2 aid=3 vch=Receipt/1/20261002 user=runnervmfi6oq\runneradmin bridge=go-b2a7de8b8d34 port=9100 company=FinCom Spike Co body=yes(2434 chars)
  all: stub 00:07:25 recorder_lines event=created guid=85986070-c48d-4140-ba39-3225aec343c5-00000003 mid=3 aid=4 vch=Receipt/2/20261002 user=runnervmfi6oq\runneradmin bridge=go-b2a7de8b8d34 port=9100 company=FinCom Spike Co body=yes(2434 chars) idsMismatch lineGuid=85986070-c48d-4140-ba39-3225aec343c5-00000002
  all: stub 00:08:23 recorder_lines event=cancelled guid=85986070-c48d-4140-ba39-3225aec343c5-00000002 mid=2 aid=5 vch=Receipt/1/20261002 user=runnervmfi6oq\runneradmin bridge=go-b2a7de8b8d34 port=9100 company=FinCom Spike Co body=none
  all: stub 00:09:05 recorder_lines event=deleted guid=85986070-c48d-4140-ba39-3225aec343c5-00000003 mid=3 aid= vch=Receipt/2/20261002 user=runnervmfi6oq\runneradmin bridge=go-b2a7de8b8d34 port=9100 company=FinCom Spike Co body=none
  all: stub 00:15:14 recorder_lines event=created guid='' mid= aid= vch=Receipt/1/20261002 user=runnervmfi6oq\fcuser2 bridge=go-2504c95f99ee port=9101 company=FinCom Spike U2 body=none heldWhy=not found by its type and number: Reading entries from Tally is off on this computer (FinCom reads entries only as they change; history comes from the Day Book upload).
######## PASS 6e attribution: 5 line(s) from bridge 1 (runneradmin, FinCom Spike Co), 1 from bridge 2 (fcuser2, FinCom Spike U2); misattributed: 0
[00:15:41] ---- step 6 as one line
######## FAIL 6 two Windows users: PASS 6a two bridges at once; PASS 6b /ping proof; FAIL 6d user 2 own Tally event; PASS 6c beats; PASS 6e attribution
[00:15:41] ---- what is kept: the bridges' logs, install logs, settings without their keys
  Tally :9000 voucher mid=1 aid=1 guid=85986070-c48d-4140-ba39-3225aec343c5-00000001 no=1 cancelled=False
  Tally :9000 voucher mid=2 aid=5 guid=85986070-c48d-4140-ba39-3225aec343c5-00000002 no=1 cancelled=True
== results
INFO user 2 (fcuser2) works in a Windows session of their own (session 1, by a Remote Desktop connection to 127.0.0.2); runneradmin in session 2
PASS 6a two bridges at once: bridge 1 runneradmin on 127.0.0.1:9100 (pid 10436, session 2, go-b2a7de8b8d34); bridge 2 fcuser2 on 127.0.0.1:9101 (pid 7624, session 1, go-2504c95f99ee); both listening at 00:04:44
INFO /ping with a nonce but no Origin (own bridge): proof not given
PASS 6b /ping proof: bridge 1 proves itself to runneradmin: ok; bridge 1 proof checked against user 2 identity fails: ok; bridge 2 proves itself to fcuser2: ok; bridge 2 proof checked against user 1 identity fails: ok; bridge 2 gives runneradmin no proof: ok; bridge 1 gives fcuser2 no proof: ok; other users refused 403 beyond /ping: ok
PASS 1 create: Tally made mid 2 guid 85986070-c48d-4140-ba39-3225aec343c5-00000002; stub 00:05:48 recorder_lines event=created guid=85986070-c48d-4140-ba39-3225aec343c5-00000002 mid=2 aid=2 vch=Receipt/1/20261002 user=runnervmfi6oq\runneradmin bridge=go-b2a7de8b8d34 port=9100 company=FinCom Spike Co body=yes(2434 chars)
PASS 2 alter: Tally: mid 2 AlterID 2 -> 3; stub 00:06:39 recorder_lines event=altered guid=85986070-c48d-4140-ba39-3225aec343c5-00000002 mid=2 aid=3 vch=Receipt/1/20261002 user=runnervmfi6oq\runneradmin bridge=go-b2a7de8b8d34 port=9100 company=FinCom Spike Co body=yes(2434 chars)
PASS 3 Alt+2 copy: Tally made mid 3 guid 85986070-c48d-4140-ba39-3225aec343c5-00000003; source mid 2 AlterID still 3, no line for it; stub 00:07:25 recorder_lines event=created guid=85986070-c48d-4140-ba39-3225aec343c5-00000003 mid=3 aid=4 vch=Receipt/2/20261002 user=runnervmfi6oq\runneradmin bridge=go-b2a7de8b8d34 port=9100 company=FinCom Spike Co body=yes(2434 chars) idsMismatch lineGuid=85986070-c48d-4140-ba39-3225aec343c5-00000002
PASS 4 cancel: Tally cancelled mid 2 guid 85986070-c48d-4140-ba39-3225aec343c5-00000002; stub 00:08:23 recorder_lines event=cancelled guid=85986070-c48d-4140-ba39-3225aec343c5-00000002 mid=2 aid=5 vch=Receipt/1/20261002 user=runnervmfi6oq\runneradmin bridge=go-b2a7de8b8d34 port=9100 company=FinCom Spike Co body=none
PASS 5 delete: Tally deleted mid 3 guid 85986070-c48d-4140-ba39-3225aec343c5-00000003; stub 00:09:05 recorder_lines event=deleted guid=85986070-c48d-4140-ba39-3225aec343c5-00000003 mid=3 aid= vch=Receipt/2/20261002 user=runnervmfi6oq\runneradmin bridge=go-b2a7de8b8d34 port=9100 company=FinCom Spike Co body=none
FAIL 6d user 2 own Tally event: Tally :9001 (as fcuser2) made mid  guid ; stub 00:15:14 recorder_lines event=created guid='' mid= aid= vch=Receipt/1/20261002 user=runnervmfi6oq\fcuser2 bridge=go-2504c95f99ee port=9101 company=FinCom Spike U2 body=none heldWhy=not found by its type and number: Reading entries from Tally is off on this computer (FinCom reads entries only as they change; history comes from the Day Book upload).
PASS 6c beats: stub 00:15:29 beat x23 bridge=go-b2a7de8b8d34 user=runnervmfi6oq\runneradmin windowsUser=runnervmfi6oq\runneradmin bridgePort=9100 tallyPort=9000 dataFolder=D:\a\_temp\TallyData device=spike-computer-key-user1 computer=runnervmfi6oq | stub 00:15:35 beat x23 bridge=go-2504c95f99ee user=runnervmfi6oq\fcuser2 windowsUser=runnervmfi6oq\fcuser2 bridgePort=9101 tallyPort=9001 dataFolder=C:\fcspike\u2data device=spike-computer-key-user2 computer=runnervmfi6oq
PASS 6e attribution: 5 line(s) from bridge 1 (runneradmin, FinCom Spike Co), 1 from bridge 2 (fcuser2, FinCom Spike U2); misattributed: 0
FAIL 6 two Windows users: PASS 6a two bridges at once; PASS 6b /ping proof; FAIL 6d user 2 own Tally event; PASS 6c beats; PASS 6e attribution
== round 4 end
