[14:33:46.182] push-design on TallyPrime 6.2: reps 5, heavy 3000 ledgers / 3000 items / up to 30000 vouchers (40 min), postings 1
[14:33:47.042] system clock step after timeBeginPeriod(1): 0.353 ms (min 0.0031, max 3.8794)
[14:33:47.057] two files written 2 ms apart: NTFS write times 6.0013 ms apart
[14:33:47.073] light company folder: D:\a\_temp\TallyData\100000
[14:33:47.117] fast234 (fast234c) on TallyPrime 6.2: today's request 2927 chars, 61 fields
[14:33:47.131] fast234c on TallyPrime 6.2: company A 'FinCom Spike Co' in folder 100000; folders: 100000
[keys] 'a'
[keys] 't'
[shot] p-f-c-create-started (1024x768)
[14:34:18.225] Tally started (c-create) in 28.1 s; companies open:  -> True
[c-company-xml] 3.4 ms: <RESPONSE><LINEERROR>Could not find Company &apos;&apos;</LINEERROR></RESPONSE>
[keys] 'Create Company'
[keys] '{ENTER}'
[shot] p-c-create-1-form (1024x768)
[keys] 'FinCom Other Co'
[shot] p-c-create-1-name (1024x768)
[keys] '^a'
[shot] p-c-create-1-accept (1024x768)
[keys] '^a'
[shot] p-c-create-1-after (1024x768)
[14:34:43.632] company B 'FinCom Other Co' made in folder 100001 (key path 1)
[keys] 'a'
[keys] 't'
[shot] p-f-c-both-started (1024x768)
[14:35:14.658] Tally started (c-both) in 28 s; companies open: FinCom Other Co | FinCom Spike Co -> True
[14:35:14.906] import B ledgers: 2 sent, created 2, errors 0, 18.7 ms
[14:35:14.951] import B journals: 3 sent, created 3, errors 0, 36.8 ms
[14:35:15.022] A's vouchers: 2 (MasterIDs ,1)
[14:35:15.024] B's vouchers: 4 (MasterIDs ,1,2,3)
[14:35:15.035] cases: A only ; B only 2; both (none); neither 987654
[14:35:15.037] HARNESS: fast234c: no MasterID of one company only
[14:35:15.045] both open: Tally's company list: FinCom Other Co FinCom Spike Co
[14:35:15.062] C open-A-aonly: SVCURRENTCOMPANY 'FinCom Spike Co' ID: -> 50 chars in 2.4 ms; voucher MasterID '' narration ''; answer: <ERRORMSG>Could not find Voucher:ID:!</ERRORMSG>
[14:35:15.066] C open-A-bonly: SVCURRENTCOMPANY 'FinCom Spike Co' ID:2 -> 51 chars in 2.3 ms; voucher MasterID '' narration ''; answer: <ERRORMSG>Could not find Voucher:ID:2!</ERRORMSG>
[14:35:15.078] C open-B-bonly: SVCURRENTCOMPANY 'FinCom Other Co' ID:2 -> 49885 chars in 7 ms; voucher MasterID '2' narration 'fast234c B journal 2'; starts: <ENVELOPE> <HEADER> <VERSION>1</VERSION> <STATUS>1</STATUS> <PRODMAJORVER>1</PRODMAJORVER> <PRODMINORVER>1</PRODMINORVER> <PRODMAJORREL>6</PRODMAJORREL> <PRODMINORREL>2</PRODMINORREL> <PRODTYPE>5</PRO
[14:35:15.081] C open-B-aonly: SVCURRENTCOMPANY 'FinCom Other Co' ID: -> 50 chars in 2 ms; voucher MasterID '' narration ''; answer: <ERRORMSG>Could not find Voucher:ID:!</ERRORMSG>
[14:35:15.084] C open-A-none: SVCURRENTCOMPANY 'FinCom Spike Co' ID:987654 -> 56 chars in 1.7 ms; voucher MasterID '' narration ''; answer: <ERRORMSG>Could not find Voucher:ID:987654!</ERRORMSG>
[keys] 'a'
[keys] 't'
[shot] p-f-c-bonly-started (1024x768)
[14:35:46.050] Tally started (c-bonly) in 28 s; companies open: FinCom Other Co -> True
[14:35:46.053] A closed: Tally's company list: FinCom Other Co
[] failed after 30003 ms: The request was canceled due to the configured HttpClient.Timeout of 30 seconds elapsing.
[14:36:16.060] C closedA-A-aonly: SVCURRENTCOMPANY 'FinCom Spike Co' ID: -> 0 chars in 30003 ms; voucher MasterID '' narration ''; answer: 
[] failed after 30002.5 ms: The request was canceled due to the configured HttpClient.Timeout of 30 seconds elapsing.
[14:36:46.065] C closedA-A-bonly: SVCURRENTCOMPANY 'FinCom Spike Co' ID:2 -> 0 chars in 30002.5 ms; voucher MasterID '' narration ''; answer: 
[] failed after 30001.6 ms: The request was canceled due to the configured HttpClient.Timeout of 30 seconds elapsing.
[14:37:16.069] C closedA-A-none: SVCURRENTCOMPANY 'FinCom Spike Co' ID:987654 -> 0 chars in 30001.6 ms; voucher MasterID '' narration ''; answer: 
[] failed after 30001.8 ms: The request was canceled due to the configured HttpClient.Timeout of 30 seconds elapsing.
[14:37:46.074] C closedA-nosuch-aonly: SVCURRENTCOMPANY 'FinCom No Such Co' ID: -> 0 chars in 30001.8 ms; voucher MasterID '' narration ''; answer: 
[] failed after 30002.6 ms: The request was canceled due to the configured HttpClient.Timeout of 30 seconds elapsing.
[14:38:16.079] C closedA-nosuch-bonly: SVCURRENTCOMPANY 'FinCom No Such Co' ID:2 -> 0 chars in 30002.6 ms; voucher MasterID '' narration ''; answer: 
[] failed after 30001.6 ms: The request was canceled due to the configured HttpClient.Timeout of 30 seconds elapsing.
[14:38:46.083] C closedA-B-bonly: SVCURRENTCOMPANY 'FinCom Other Co' ID:2 -> 0 chars in 30001.6 ms; voucher MasterID '' narration ''; answer: 
[keys] 'a'
[keys] 't'
[shot] p-f-c-aonly-started (1024x768)
[14:39:17.008] Tally started (c-aonly) in 27.9 s; companies open: FinCom Spike Co -> True
[] failed after 30001.7 ms: The request was canceled due to the configured HttpClient.Timeout of 30 seconds elapsing.
[14:39:47.013] C closedB-B-bonly: SVCURRENTCOMPANY 'FinCom Other Co' ID:2 -> 0 chars in 30001.7 ms; voucher MasterID '' narration ''; answer: 
[] failed after 30002.1 ms: The request was canceled due to the configured HttpClient.Timeout of 30 seconds elapsing.
[14:40:17.017] C closedB-B-aonly: SVCURRENTCOMPANY 'FinCom Other Co' ID: -> 0 chars in 30002.1 ms; voucher MasterID '' narration ''; answer: 
[] failed after 30002.8 ms: The request was canceled due to the configured HttpClient.Timeout of 30 seconds elapsing.
[14:40:47.023] C closedB-A-aonly: SVCURRENTCOMPANY 'FinCom Spike Co' ID: -> 0 chars in 30002.8 ms; voucher MasterID '' narration ''; answer: 
[keys] 'a'
[keys] 't'
[shot] p-f-c-none-started (1024x768)
[14:41:17.975] Tally started (c-none) in 27.9 s; companies open:  -> True
[14:41:17.978] none open: Tally's company list: 
[] failed after 30003.5 ms: The request was canceled due to the configured HttpClient.Timeout of 30 seconds elapsing.
[14:41:47.984] C noneopen-A-aonly: SVCURRENTCOMPANY 'FinCom Spike Co' ID: -> 0 chars in 30003.5 ms; voucher MasterID '' narration ''; answer: 
[] failed after 30002.2 ms: The request was canceled due to the configured HttpClient.Timeout of 30 seconds elapsing.
[14:42:17.989] C noneopen-A-none: SVCURRENTCOMPANY 'FinCom Spike Co' ID:987654 -> 0 chars in 30002.2 ms; voucher MasterID '' narration ''; answer: 
[14:42:20.994] done (fast234 fast234c)
