2026-10-08 10:53:21  FinCom Bridge 2.3.4: started just for runnervmfi6oq\runneradmin (no service); it keeps the bridge and its icon running
2026-10-08 10:53:21  FinCom Bridge 2.3.4 (Go) started on 127.0.0.1:9100: the only bridge on this computer; working for runnervmfi6oq\runneradmin, Windows session 2; runs just for this Windows user (starts at sign-in, no service)
2026-10-08 10:53:21  Tally is open on port 9000; the bridge reads it only after an event (a client opened in FinCom, Update now, a posting, the nightly catch-up at 02:00)
2026-10-08 10:53:21  Recorder: re-scan of the add-on's files for 2.3.4: 0 line(s) sent earlier without their entry found (a new entry's line with no MasterID, a GUID of another entry, or read while the body fetch was off)
2026-10-08 10:53:21  Check:  - 
2026-10-08 10:53:24  Tray icon: set to show next to the clock always (Windows 11)
2026-10-08 10:53:24  Trial tools switched on for this computer in FinCom: the tray shows the trial items
2026-10-08 10:53:24  FinCom: this bridge is now the main bridge on this computer (set by the setup); it reads and posts
2026-10-08 10:53:24  Company FinCom Spike Co: its Tally GUID eff5d741-c49a-446a-b766-7b52ae819c01 is held from now on
2026-10-08 10:53:24  Company FinCom Spike Co: its starting point is recorded: ALTVCHID=2, ALTMSTID=211 (reading is prospective only: the bridge follows what changes after this)
2026-10-08 10:53:24  Company FinCom Spike Co: change numbers read with form a: ALTVCHID=2, ALTMSTID=211
2026-10-08 10:53:24  Light check of FinCom Spike Co: starting point recorded (ALTVCHID=2, ALTMSTID=211)
2026-10-08 10:55:30  Recorder: Receipt 3 of 02-Oct-2026 (MasterID 8, line bd74b1e5…): asking Tally by MasterID
2026-10-08 10:55:30  Recorder: entry fetch of FinCom Spike Co: answered in 6 ms
2026-10-08 10:55:30  Recorder: Receipt 3 of 02-Oct-2026 (MasterID 8, line bd74b1e5…): taken: Tally's GUID eff5d741-c49a-446a-b766-7b52ae819c01-00000008, AlterID 8
2026-10-08 10:55:30  Renumbering: made Receipt 3 of 02-Oct-2026 in FinCom Spike Co: FinCom holds 3 later Receipt entries; each is read again from Tally to see whether Tally renumbered it
2026-10-08 10:55:31  Recorder: entry fetch of FinCom Spike Co: answered in 9 ms
2026-10-08 10:55:31  Recorder: Receipt 4 of 02-Oct-2026 (MasterID 5, line b292b09e…): taken: Tally's GUID eff5d741-c49a-446a-b766-7b52ae819c01-00000005, AlterID 5
2026-10-08 10:55:31  Renumbering: Receipt 3 of 02-Oct-2026 in FinCom Spike Co is Receipt 4 in Tally now (renumbered); sent to FinCom with Tally's entry
2026-10-08 10:55:31  Recorder: Receipt 5 of 02-Oct-2026 (MasterID 6, line d310a804…): taken: Tally's GUID eff5d741-c49a-446a-b766-7b52ae819c01-00000006, AlterID 6
2026-10-08 10:55:31  Renumbering: Receipt 4 of 02-Oct-2026 in FinCom Spike Co is Receipt 5 in Tally now (renumbered); sent to FinCom with Tally's entry
2026-10-08 10:55:31  Recorder: Receipt 6 of 31-Oct-2026 (MasterID 7, line 1fa94529…): taken: Tally's GUID eff5d741-c49a-446a-b766-7b52ae819c01-00000007, AlterID 7
2026-10-08 10:55:31  Renumbering: Receipt 5 of 31-Oct-2026 in FinCom Spike Co is Receipt 6 in Tally now (renumbered); sent to FinCom with Tally's entry
2026-10-08 10:55:31  Renumbering: 3 Receipt entries of FinCom Spike Co renumbered by Tally after the entry of Receipt 3 (02-Oct-2026): sent to FinCom with Tally's numbers
2026-10-08 11:00:17  Recorder: Receipt 4 of 02-Oct-2026 (MasterID 5, line 2061118a…): asking Tally by MasterID
2026-10-08 11:00:18  Recorder: entry fetch of FinCom Spike Co: answered in 2 ms
2026-10-08 11:00:18  Recorder: FinCom Spike Co: delete of mid 5: held: this computer's Tally could not be asked whether it was deleted here (Tally's answer could not be read: <ERRORMSG>Could not find Voucher:ID:5!</ERRORMSG> ); not sent as a delete: held
2026-10-08 11:00:18  Recorder: the body of 1 entry of FinCom Spike Co was not read from Tally (Tally's answer could not be read: <ERRORMSG>Could not find Voucher:ID:5!</ERRORMSG> ); sent without it (FinCom holds the line until a body comes)
2026-10-08 11:03:54  Light check of FinCom Spike Co: unchanged starting point ALTVCHID=2; now ALTVCHID=9, ALTMSTID=213
2026-10-08 11:03:55  Ledger changes for FinCom Spike Co: Tally's master counter 211 -> 213: 1 request(s) for AlterID 212-213, 0 ledger(s); the last number is 213
