2026-10-08 19:14:33  FinCom Bridge 2.4.0: started just for runnervmfi6oq\runneradmin (no service); it keeps the bridge and its icon running
2026-10-08 19:14:33  FinCom Bridge 2.4.0 (Go) started on 127.0.0.1:9100: the only bridge on this computer; working for runnervmfi6oq\runneradmin, Windows session 2; runs just for this Windows user (starts at sign-in, no service)
2026-10-08 19:14:33  Tally is open on port 9000; the bridge reads it only after an event (a client opened in FinCom, Update now, a posting, the nightly catch-up at 02:00)
2026-10-08 19:14:33  Recorder: re-scan of the add-on's files for 2.4.0: 0 line(s) sent earlier without their entry found (a new entry's line with no MasterID, a GUID of another entry, or read while the body fetch was off)
2026-10-08 19:14:33  Check:  - 
2026-10-08 19:14:36  Tray icon: set to show next to the clock always (Windows 11)
2026-10-08 19:14:36  Trial tools switched on for this computer in FinCom: the tray shows the trial items
2026-10-08 19:14:36  FinCom: this bridge is now the main bridge on this computer (set by the setup); it reads and posts
2026-10-08 19:14:37  Company FinCom Spike Co: its Tally GUID c431b867-a7ce-4a53-89db-13749e56872a is held from now on
2026-10-08 19:14:37  Company FinCom Spike Co: its starting point is recorded: ALTVCHID=2, ALTMSTID=211 (reading is prospective only: the bridge follows what changes after this)
2026-10-08 19:14:37  Company FinCom Spike Co: change numbers read with form a: ALTVCHID=2, ALTMSTID=211
2026-10-08 19:14:37  Light check of FinCom Spike Co: starting point recorded (ALTVCHID=2, ALTMSTID=211)
2026-10-08 19:16:44  Recorder: Receipt 3 of 02-Oct-2026 (MasterID 8, line 19bc757d…): asking Tally by MasterID
2026-10-08 19:16:44  Recorder: entry fetch of FinCom Spike Co: answered in 9 ms
2026-10-08 19:16:44  Recorder: Receipt 3 of 02-Oct-2026 (MasterID 8, line 19bc757d…): taken: Tally's GUID c431b867-a7ce-4a53-89db-13749e56872a-00000008, AlterID 8
2026-10-08 19:16:44  Renumbering: made Receipt 3 of 02-Oct-2026 in FinCom Spike Co: FinCom holds 3 later Receipt entries; each is read again from Tally to see whether Tally renumbered it
2026-10-08 19:16:44  Recorder: entry fetch of FinCom Spike Co: answered in 8 ms
2026-10-08 19:16:44  Recorder: Receipt 4 of 02-Oct-2026 (MasterID 5, line ff3f9a8c…): taken: Tally's GUID c431b867-a7ce-4a53-89db-13749e56872a-00000005, AlterID 5
2026-10-08 19:16:44  Renumbering: Receipt 3 of 02-Oct-2026 in FinCom Spike Co is Receipt 4 in Tally now (renumbered); sent to FinCom with Tally's entry
2026-10-08 19:16:44  Recorder: Receipt 5 of 02-Oct-2026 (MasterID 6, line 1907e259…): taken: Tally's GUID c431b867-a7ce-4a53-89db-13749e56872a-00000006, AlterID 6
2026-10-08 19:16:44  Renumbering: Receipt 4 of 02-Oct-2026 in FinCom Spike Co is Receipt 5 in Tally now (renumbered); sent to FinCom with Tally's entry
2026-10-08 19:16:44  Recorder: Receipt 6 of 31-Oct-2026 (MasterID 7, line 625c450a…): taken: Tally's GUID c431b867-a7ce-4a53-89db-13749e56872a-00000007, AlterID 7
2026-10-08 19:16:44  Renumbering: Receipt 5 of 31-Oct-2026 in FinCom Spike Co is Receipt 6 in Tally now (renumbered); sent to FinCom with Tally's entry
2026-10-08 19:16:44  Renumbering: 3 Receipt entries of FinCom Spike Co renumbered by Tally after the entry of Receipt 3 (02-Oct-2026): sent to FinCom with Tally's numbers
2026-10-08 19:17:35  Recorder: Receipt 4 of 02-Oct-2026 (MasterID 5, line c94c0d85…): asking Tally by MasterID
2026-10-08 19:17:35  Recorder: entry fetch of FinCom Spike Co: answered in 2 ms
2026-10-08 19:17:36  Recorder: FinCom Spike Co: delete of mid 5: not in this Tally (asked by MasterID): proven deleted here
2026-10-08 19:17:36  Recorder: FinCom Spike Co: delete of mid 5: GUID from the bridge's record: c431b867-a7ce-4a53-89db-13749e56872a-00000005; the GUID its MasterID makes agrees
2026-10-08 19:17:36  Renumbering: deleted Receipt 4 of 02-Oct-2026 in FinCom Spike Co: FinCom holds 2 later Receipt entries; each is read again from Tally to see whether Tally renumbered it
2026-10-08 19:17:36  Recorder: Receipt 4 of 02-Oct-2026 (MasterID 6, line b33c5368…): taken: Tally's GUID c431b867-a7ce-4a53-89db-13749e56872a-00000006, AlterID 6
2026-10-08 19:17:36  Renumbering: Receipt 5 of 02-Oct-2026 in FinCom Spike Co is Receipt 4 in Tally now (renumbered); sent to FinCom with Tally's entry
2026-10-08 19:17:36  Recorder: Receipt 5 of 31-Oct-2026 (MasterID 7, line a104fe68…): taken: Tally's GUID c431b867-a7ce-4a53-89db-13749e56872a-00000007, AlterID 7
2026-10-08 19:17:36  Renumbering: Receipt 6 of 31-Oct-2026 in FinCom Spike Co is Receipt 5 in Tally now (renumbered); sent to FinCom with Tally's entry
2026-10-08 19:17:36  Renumbering: 2 Receipt entries of FinCom Spike Co renumbered by Tally after the delete of Receipt 4 (02-Oct-2026): sent to FinCom with Tally's numbers
