[07:30:50.212] push-design on TallyPrime 4.1: reps 5, heavy 3000 ledgers / 3000 items / up to 30000 vouchers (40 min), postings 1
[07:30:51.171] system clock step after timeBeginPeriod(1): 0.506 ms (min 0.0038, max 5.5027)
[07:30:51.187] two files written 2 ms apart: NTFS write times 4.9879 ms apart
[07:30:51.206] light company folder: D:\a\_temp\TallyData\100000
[07:30:51.258] fast234 (fast234g) on TallyPrime 4.1: today's request 2927 chars, 61 fields
[07:30:51.296] ---- fast234g: GST on (D:\a\_temp\fast234g\on)
[07:30:54.314] tally.ini: Data D:\a\_temp\fast234g\on; TDL: none
[keys] 'a'
[keys] 't'
[shot] p-g-on-setup-started (1024x768)
[07:31:22.472] Tally started (g-on-setup) in 28.2 s; company open: True
[07:31:22.505] import company GST on: 1 sent, created 0, errors 0, 13.8 ms
[07:31:22.510] GST on: ISGSTON before 'Yes', after the alteration 'Yes'
[07:31:22.731] import light masters: 60 sent, created 59, errors 0, 203.8 ms
[07:31:22.841] import xml item invoice: 1 sent, created 1, errors 0, 67.4 ms
[07:31:22.868] import xml accounting sales: 1 sent, created 1, errors 0, 23.9 ms
[07:31:22.892] import xml accounting sales (IRN to come): 1 sent, created 1, errors 0, 22.2 ms
[07:31:22.953] import IRN and e-way bill written back (alter): 1 sent, created 1, errors 0, 24.4 ms
[shot] tds-001-gw0 (1024x768)
[07:31:27] [tds] screen tds-001-gw0 : x TallyPrime MANAGE EDU K: Company Gatewa of Tall CURRENT PERIOD I-Apr-26 to 31-Mar-27 NAME OF COMPANY FinCom Spike Co Y: Data Z: Exchange CURRENT OATE Wednesday, I-Apr-2026 O: Import E: Export M: Share p: print Fl: Help Date Company Gateway of Tally MASTERS Create Alter CHart of Accounts TRANSACTIONS Vouchers Day 800K UTILITIES BaNking REPORTS Balance Sheet Profit & Loss A/c Stock Summary Ratio Analysis Display More Reports DashbOard Quit Unity o c2bec to ru 8242- 9a96- acep eflc— 9a96- acep .337. 2—ccd ening 'fc948 ing j _id" : b—OI eflc— Mode Q upr-26 Search Windows Server 2025 Datacenter B...
[shot] tds-002-g-on-screen-start (1024x768)
[07:31:28] [tds] screen tds-002-g-on-screen-start : x TallyPrime MANAGE EDU K: Company Gatewa of Tall CURRENT PERIOD I-Apr-26 to 31-Mar-27 NAME OF COMPANY FinCom Spike Co Y: Data Z: Exchange CURRENT OATE Wednesday, I-Apr-2026 O: Import E: Export M: Share p: print Fl: Help Date Company Gateway of Tally MASTERS Create Alter CHart of Accounts TRANSACTIONS Vouchers Day 800K UTILITIES BaNking REPORTS Balance Sheet Profit & Loss A/c Stock Summary Ratio Analysis Display More Reports DashbOard Quit Unity o c2bec to ru 8242- 9a96- acep eflc— 9a96- acep .337. 2—ccd ening 'fc948 ing j _id" : b—OI eflc— Mode Q upr-26 Search Windows Server 2025 Datacenter B...
[keys] 'v'
[shot] tds-003-g-on-screen-vouchers (1024x768)
[07:31:32] [tds] screen tds-003-g-on-screen-vouchers : x TallyPrime MANAGE EDU K: Company Accounting Voucher Creation Pa ment No. 1 • Account Current balance: Particulars Narration: Quit Y: Data Z: Exchange A Accept Q Search O: Import E: Export M: Share FinCom • ke Co p: print upr-26 Wednesday Amount Fl: Help Q: Date Company Ed: Contra F-5: Payment Receipt Journal Sales o c2bec to ru 8242- 9a96- acep eflc— Purchase 9a96- Fl O: OåuVooctgs E: Autofill Change Mode More Details O: Related ¯ Repons Optional post -Dated J: Stat acep .337. 2—ccd ening 'fc948 ing j _id" : b—OI eflc— Unity D: Delete x: Cancel Vch Adjustment El 2: Configure Mode Windows Ser...
[keys] '{F8}'
[shot] tds-004-g-on-screen-type (1024x768)
[07:31:37] [tds] screen tds-004-g-on-screen-type : x TallyPrime MANAGE EDU K: Company Accounting Voucher Creation Sales Party Alc narne. Current balance: Sales ledger: • Current balance: Name of Item Narration: Quit Y: Data Z: Exchange A Accept Q Search FinCom • ke Co O: Import E: Export List of Led er Accounts Cash HDFC Bank Spike Party Spike Party 2 Template Party Ul Party M: Share p: print x Create Fl: Help Date Company F4: Contra F5: Payment Receipt Journal F8: Sales Purchase Fl 0: 0åHVouctg•s F: Autofill Change Mode More Details o: L: Related Reports Optional post -Dated o c2bec to ru 8242- 9a96- acep eflc— 9a96- acep .337. 2—ccd ening 'f...
[keys] '^h'
[shot] tds-005-g-on-screen-mode (1024x768)
[07:31:42] [tds] screen tds-005-g-on-screen-mode : TallyPrime MANAGE EDU K: Company Change Mode Unity Quit Y: Data Z: Exchange O: Import E: Export M: Share p: print x Fl: Help FinCom • ke Co Change Voucher Mode Item Invoice List of Modes/Usa es Item Invoice Accounting Invoice As Voucher A Accept Q Search o c2bec to ru 8242- 9a96- acep eflc— 9a96- acep .337. 2—ccd ening 'fc948 ing j _id" : b—OI eflc— Mode Windows Server 2025 Datacenter Build 26100.ge_release240331-1435 7:31 AM 10/8/2026
[keys] 'Item Invoice{ENTER}'
[shot] tds-006-g-on-screen-item-mode (1024x768)
[07:31:45] [tds] screen tds-006-g-on-screen-item-mode : x TallyPrime MANAGE EDU K: Company Accounting Voucher Creation Sales Party Alc narne. Current balance: Sales ledger: • Current balance: Name of Item Narration: Quit Y: Data Z: Exchange A Accept Q Search FinCom • ke Co O: Import E: Export List of Led er Accounts Cash HDFC Bank Spike Party Spike Party 2 Template Party Ul Party M: Share p: print x Create Fl: Help Date Company F4: Contra F5: Payment Receipt Journal F8: Sales Purchase Fl 0: 0åHVouctg•s F: Autofill Change Mode More Details o: L: Related Reports Optional post -Dated o c2bec to ru 8242- 9a96- acep eflc— 9a96- acep .337. 2—ccd ening 'f...
[keys] '{F2}'
[shot] tds-007-g-on-screen-date-box (1024x768)
[07:31:48] [tds] screen tds-007-g-on-screen-date-box : TallyPrime MANAGE EDU K: Company Change Voucher Date Unity Quit Y: Data Z: Exchange A Accept Q Search O: Import E: Export M: Share p: print x Fl: Help FinCom Spike Co Voucher Date 24-2026 o c2bec to ru 8242- 9a96- acep eflc— 9a96- acep .337. 2—ccd ening 'fc948 ing j _id" : b—OI eflc— Mode Windows Server 2025 Datacenter Build 26100.ge_release240331-1435 7:31 AM 10/8/2026
[keys] '2-10-2026{ENTER}'
[shot] tds-008-g-on-screen-date (1024x768)
[07:31:51] [tds] screen tds-008-g-on-screen-date : x TallyPrime MANAGE EDU K: Company Accounting Voucher Creation Sales Party Alc narne. Current balance: Sales ledger: • Current balance: Name of Item Narration: Quit Y: Data Z: Exchange A Accept Q Search FinCom • ke Co O: Import E: Export List of Led er Accounts Cash HDFC Bank Spike Party Spike Party 2 Template Party Ul Party M: Share p: print x Create Fl: Help Date Company F4: Contra F5: Payment Receipt Journal F8: Sales Purchase Fl 0: 0åHVouctg•s F: Autofill Change Mode More Details o: L: Related Reports Optional post -Dated o c2bec to ru 8242- 9a96- acep eflc— 9a96- acep .337. 2—ccd ening 'f...
[keys] 'Template Party{ENTER}'
[shot] tds-009-g-on-screen-party (1024x768)
[07:31:55] [tds] screen tds-009-g-on-screen-party : x R CEDU Details TallyPrime MANAGE K: Company Y: Data Z: Exchange Accept Q Search O: Import E: Export M: Share p: print Fl: Help x Delivery Note No(s) FinCom Spike Co Dispatch Details Dispatch Doc No. Dispatched through Destination Carrier Name/Agent Bill of No. Motor Vehicle No. Date: Unity Quit o c2bec to ru 8242- 9a96- acep eflc— 9a96- acep .337. 2—ccd ening 'fc948 ing j _id" : b—OI eflc— Mode Windows Server 2025 Datacenter Build 26100.ge_release240331-1435 7:31 AM 10/8/2026
[shot] tds-010-g-on-screen-party-sub1 (1024x768)
[07:31:56] [tds] screen tds-010-g-on-screen-party-sub1 : x R CEDU Details TallyPrime MANAGE K: Company Y: Data Z: Exchange Accept Q Search O: Import E: Export M: Share p: print Fl: Help x Delivery Note No(s) FinCom Spike Co Dispatch Details Dispatch Doc No. Dispatched through Destination Carrier Name/Agent Bill of No. Motor Vehicle No. Date: Unity Quit o c2bec to ru 8242- 9a96- acep eflc— 9a96- acep .337. 2—ccd ening 'fc948 ing j _id" : b—OI eflc— Mode Windows Server 2025 Datacenter Build 26100.ge_release240331-1435 7:31 AM 10/8/2026
[keys] '^a'
[shot] tds-011-g-on-screen-party-sub-accept (1024x768)
[07:31:59] [tds] screen tds-011-g-on-screen-party-sub-accept : x R CEDU TallyPrime MANAGE K: Company Y: Data Z: Exchange FinCom Spike Co Party Details Dem late Pa List of Led er Accounts Spike Party Spike Party 2 Template Party Ul Party O: Import Create New Party E: Export M: Share p: print Fl: Help x Details Quit Buyer (Bill to) Mailing Name Address State Country GST Registration type GSTIN/UIN Place of Supply Accept Q Search o c2bec to ru 8242- 9a96- acep eflc— 9a96- acep .337. 2—ccd ening 'fc948 ing j _id" : b—OI eflc— Unity Configure Mode Windows Server 2025 Datacenter Build 26100.ge_release240331-1435 7:31 AM 10/8/2026
[shot] tds-012-g-on-screen-party-sub2 (1024x768)
[07:32:00] [tds] screen tds-012-g-on-screen-party-sub2 : x R CEDU TallyPrime MANAGE K: Company Y: Data Z: Exchange FinCom Spike Co Party Details Dem late Pa List of Led er Accounts Spike Party Spike Party 2 Template Party Ul Party O: Import Create New Party E: Export M: Share p: print Fl: Help x Details Quit Buyer (Bill to) Mailing Name Address State Country GST Registration type GSTIN/UIN Place of Supply Accept Q Search o c2bec to ru 8242- 9a96- acep eflc— 9a96- acep .337. 2—ccd ening 'fc948 ing j _id" : b—OI eflc— Unity Configure Mode Windows Server 2025 Datacenter Build 26100.ge_release240331-1435 7:31 AM 10/8/2026
[keys] '^a'
[shot] tds-013-g-on-screen-party-sub-accept (1024x768)
[07:32:03] [tds] screen tds-013-g-on-screen-party-sub-accept : x TallyPrime MANAGE EDU K: Company Accounting Voucher Creation Y: Data Z: Exchange A Accept Q Search FinCom • ke Co O: Import E: Export List of Led er Accounts Sales M: Share Sales Party Alc narne. Current balance: Sales ledger: • Current balance: p: print x Create Show More Template Party 922.00 Dr Name of Item Narration: Quit Fl: Help Date Company F4: Contra F5: Payment Receipt Journal F8: Sales Purchase Fl 0: 0åHVouctg•s F: Autofill Change Mode More Details o: L: Related Reports Optional post -Dated o c2bec to ru 8242- 9a96- acep eflc— 9a96- acep .337. 2—ccd ening 'fc948 ing j _id" : b—OI e...
[shot] tds-014-g-on-screen-party-sub3 (1024x768)
[07:32:04] [tds] screen tds-014-g-on-screen-party-sub3 : x TallyPrime MANAGE EDU K: Company Accounting Voucher Creation Y: Data Z: Exchange A Accept Q Search FinCom • ke Co O: Import E: Export List of Led er Accounts Sales M: Share Sales Party Alc narne. Current balance: Sales ledger: • Current balance: p: print x Create Show More Template Party 922.00 Dr Name of Item Narration: Quit Fl: Help Date Company F4: Contra F5: Payment Receipt Journal F8: Sales Purchase Fl 0: 0åHVouctg•s F: Autofill Change Mode More Details o: L: Related Reports Optional post -Dated o c2bec to ru 8242- 9a96- acep eflc— 9a96- acep .337. 2—ccd ening 'fc948 ing j _id" : b—OI e...
[keys] 'Sales{ENTER}'
[shot] tds-015-g-on-screen-ledger (1024x768)
[07:32:07] [tds] screen tds-015-g-on-screen-ledger : x TallyPrime MANAGE EDU K: Company Accounting Voucher Creation Y: Data Z: Exchange A Accept Q Search FinCom • ke Co Sales Party Alc narne. Current balance: Sales ledger: • Current balance: Template Party 922.00 Dr Sales 850.00 Cr O: Import Quantity E: Export Rate M: Share per p: print 2-Oct-26 Friday Amount Ch Unity Name of Item Narration: Quit Fl: Help Date Company F4: Contra F5: Payment Receipt Journal F8: Sales Purchase Fl 0: 0åHVouctg•s F: Autofill Change Mode More Details o: L: Related Reports Optional post -Dated o c2bec to ru 8242- 9a96- acep eflc— 9a96- acep .337. 2—ccd ening 'fc948 in...
[keys] 'Item T03{ENTER}'
[shot] tds-016-g-on-screen-item (1024x768)
[07:32:11] [tds] screen tds-016-g-on-screen-item : x TallyPrime MANAGE EDU K: Company Accounting Voucher Creation Y: Data Z: Exchange A Accept Q Search FinCom • ke Co Sales Party Alc narne. Current balance: Sales ledger: • Current balance: Template Party 922.00 Dr Sales 850.00 Cr O: Import Quantity E: Export Rate M: Share per p: print 2-Oct-26 Friday Amount Name of Item Item T03 Narration: Quit Fl: Help Date Company F4: Contra F5: Payment Receipt Journal F8: Sales Purchase Fl 0: 0åHVouctg•s F: Autofill Change Mode More Details o: L: Related Reports Optional post -Dated o c2bec to ru 8242- 9a96- acep eflc— 9a96- acep .337. 2—ccd ening 'fc948 in...
[shot] tds-017-g-on-screen-item-sub1 (1024x768)
[07:32:12] [tds] screen tds-017-g-on-screen-item-sub1 : x TallyPrime MANAGE EDU K: Company Accounting Voucher Creation Y: Data Z: Exchange A Accept Q Search FinCom • ke Co Sales Party Alc narne. Current balance: Sales ledger: • Current balance: Template Party 922.00 Dr Sales 850.00 Cr O: Import Quantity E: Export Rate M: Share per p: print 2-Oct-26 Friday Amount Name of Item Item T03 Narration: Quit Fl: Help Date Company F4: Contra F5: Payment Receipt Journal F8: Sales Purchase Fl 0: 0åHVouctg•s F: Autofill Change Mode More Details o: L: Related Reports Optional post -Dated o c2bec to ru 8242- 9a96- acep eflc— 9a96- acep .337. 2—ccd ening 'fc948 in...
[keys] '2{ENTER}'
[shot] tds-018-g-on-screen-qty (1024x768)
[07:32:14] [tds] screen tds-018-g-on-screen-qty : x TallyPrime MANAGE EDU K: Company Accounting Voucher Creation Y: Data Z: Exchange A Accept Q Search FinCom • ke Co Sales Party Alc narne. Current balance: Sales ledger: • Current balance: Template Party 922.00 Dr Sales 850.00 Cr O: Import Quantity 2 Nos 2 Nos E: Export Rate M: Share per p: print 2-Oct-26 Friday Amount Name of Item Item T03 Narration: Quit Fl: Help Date Company F4: Contra F5: Payment Receipt Journal F8: Sales Purchase Fl 0: 0åHVouctg•s F: Autofill Change Mode More Details o: L: Related Reports Optional post -Dated o c2bec to ru 8242- 9a96- acep eflc— 9a96- acep .337. 2—ccd eni...
[keys] '100{ENTER}'
[shot] tds-019-g-on-screen-rate (1024x768)
[07:32:17] [tds] screen tds-019-g-on-screen-rate : x TallyPrime MANAGE EDU K: Company Accounting Voucher Creation Y: Data Z: Exchange A Accept Q Search FinCom • ke Co Sales Party Alc narne. Current balance: Sales ledger: • Current balance: Template Party 922.00 Dr Sales 850.00 Cr O: Import Quantity 2 Nos 2 Nos E: Export Rate 100.00 M: Share per Nos p: print 2-Oct-26 Friday Amount 200.00 Name of Item Item T03 Narration: Quit Fl: Help Date Company F4: Contra F5: Payment Receipt Journal F8: Sales Purchase Fl 0: 0åHVouctg•s F: Autofill Change Mode More Details o: L: 200.00 Related Reports Optional post -Dated o c2bec to ru 8242- 9a96- acep eflc— 9...
[keys] '{ENTER}'
[shot] tds-020-g-on-screen-amount (1024x768)
[07:32:20] [tds] screen tds-020-g-on-screen-amount : x TallyPrime MANAGE EDU K: Company Accounting Voucher Creation Y: Data Z: Exchange A Accept Q Search FinCom • ke Co Sales Party Alc narne. Current balance: Sales ledger: • Current balance: Template Party 922.00 Dr Sales 850.00 Cr O: Import Quantity 2 Nos 2 Nos E: Export Rate 100.00 M: Share per Nos p: print 2-Oct-26 Friday Amount 200.00 Name of Item Item T03 Narration: Quit Fl: Help Date Company F4: Contra F5: Payment Receipt Journal F8: Sales Purchase Fl 0: 0åHVouctg•s F: Autofill Change Mode More Details o: L: 200.00 Related Reports Optional post -Dated o c2bec to ru 8242- 9a96- acep eflc— 9...
[shot] tds-021-g-on-screen-item-b-sub1 (1024x768)
[07:32:21] [tds] screen tds-021-g-on-screen-item-b-sub1 : x TallyPrime MANAGE EDU K: Company Accounting Voucher Creation Y: Data Z: Exchange A Accept Q Search FinCom • ke Co Sales Party Alc narne. Current balance: Sales ledger: • Current balance: Template Party 922.00 Dr Sales 850.00 Cr O: Import Quantity 2 Nos 2 Nos E: Export Rate 100.00 M: Share per Nos p: print 2-Oct-26 Friday Amount 200.00 Name of Item Item T03 Narration: Quit Fl: Help Date Company F4: Contra F5: Payment Receipt Journal F8: Sales Purchase Fl 0: 0åHVouctg•s F: Autofill Change Mode More Details o: L: 200.00 Related Reports Optional post -Dated o c2bec to ru 8242- 9a96- acep eflc— 9...
[keys] '{ENTER}'
[shot] tds-022-g-on-screen-items-done (1024x768)
[07:32:24] [tds] screen tds-022-g-on-screen-items-done : x TallyPrime MANAGE EDU K: Company Accounting Voucher Creation Y: Data Z: Exchange A Accept Q Search FinCom • ke Co Sales Party Alc narne. Current balance: Sales ledger: • Current balance: Template Party 922.00 Dr Sales 850.00 Cr O: Import Quantity 2 Nos 2 Nos E: Export Rate 100.00 M: Share per Nos Name of Item Item T03 Narration: Quit p: print 2-Oct-26 Friday Amount 200.00 200.00 Fl: Help Date Company F4: Contra F5: Payment Receipt Journal F8: Sales Purchase Fl 0: 0åHVouctg•s F: Autofill Change Mode More Details o: L: 200.00 Related Reports Optional post -Dated o c2bec to ru 8242- 9a96- acep ...
[keys] '^a'
[shot] tds-023-g-on-screen-accept1 (1024x768)
[07:32:28] [tds] screen tds-023-g-on-screen-accept1 : x TallyPrime MANAGE EDU K: Company Accounting Voucher Creation Sales No. 6 Party Alc narne. Current balance: Sales ledger: • Current balance: Name of Item Narration: Quit Y: Data Z: Exchange A Accept Q Search FinCom • ke Co O: Import E: Export List of Led er Accounts Cash HDFC Bank Spike Party Spike Party 2 Template Party Ul Party M: Share p: print x Create Fl: Help Date Company F4: Contra F5: Payment Receipt Journal F8: Sales Purchase Fl 0: 0åHVouctg•s F: Autofill Change Mode More Details o: L: Related Reports Optional post -Dated o c2bec to ru 8242- 9a96- acep eflc— 9a96- acep .337. 2—ccd en...
[shot] tds-024-g-on-screen-after1 (1024x768)
[07:32:29] [tds] screen tds-024-g-on-screen-after1 : x TallyPrime MANAGE EDU K: Company Accounting Voucher Creation Sales No. 6 Party Alc narne. Current balance: Sales ledger: • Current balance: Name of Item Narration: Quit Y: Data Z: Exchange A Accept Q Search FinCom • ke Co O: Import E: Export List of Led er Accounts Cash HDFC Bank Spike Party Spike Party 2 Template Party Ul Party M: Share p: print x Create Fl: Help Date Company F4: Contra F5: Payment Receipt Journal F8: Sales Purchase Fl 0: 0åHVouctg•s F: Autofill Change Mode More Details o: L: Related Reports Optional post -Dated o c2bec to ru 8242- 9a96- acep eflc— 9a96- acep .337. 2—ccd en...
[keys] '^a'
[shot] tds-025-g-on-screen-accept2 (1024x768)
[07:32:33] [tds] screen tds-025-g-on-screen-accept2 : x TallyPrime MANAGE EDU K: Company Accounting Voucher Creation Q: Quit Y: Data Z: Exchange A: Accept Q Search O: Import E: Export M: Share FinCom Spike Co p: print Fl: Help x F2: Date F3: Company F4: Contra F5: Payment t F6: Receipt F7: Journal F8: Sales F9: Purchase F: Autofill H: Change Mode l: More Details Error Oops! No Entries in Voucher! Unity p: Delete , cancel vch O: Related Reports k: Optional T: post -Dated Fl 2: Configure o c2bec to ru 8242- 9a96- acep eflc— 9a96- acep .337. 2—ccd ening 'fc948 ing j _id" : b—OI eflc— Mode Windows Server 2025 Datacenter Build 26100.ge_release240331-1...
[shot] tds-026-g-on-screen-after2 (1024x768)
[07:32:34] [tds] screen tds-026-g-on-screen-after2 : x TallyPrime MANAGE EDU K: Company Accounting Voucher Creation Q: Quit Y: Data Z: Exchange A: Accept Q Search O: Import E: Export M: Share FinCom Spike Co p: print Fl: Help x F2: Date F3: Company F4: Contra F5: Payment t F6: Receipt F7: Journal F8: Sales F9: Purchase F: Autofill H: Change Mode l: More Details Error Oops! No Entries in Voucher! Unity p: Delete , cancel vch O: Related Reports k: Optional T: post -Dated Fl 2: Configure o c2bec to ru 8242- 9a96- acep eflc— 9a96- acep .337. 2—ccd ening 'fc948 ing j _id" : b—OI eflc— Mode Windows Server 2025 Datacenter Build 26100.ge_release240331-1...
[keys] '^a'
[shot] tds-027-g-on-screen-accept3 (1024x768)
[07:32:39] [tds] screen tds-027-g-on-screen-accept3 : x TallyPrime MANAGE EDU K: Company Accounting Voucher Creation Sales No. 6 PartyA/c narne: Cash Current balance: Sales ledger: Sales • Current balance: 1,050.00 Cr Name of Item End of List End of List Narration: Quit Y: Data Z: Exchange A Accept Q Search FinCom • ke Co O: Import E: Export List of Led er Accounts Cash HDFC Bank Spike Party Spike Party 2 Template Party Ul Party M: Share p: print x Create Fl: Help Date Company F4: Contra F5: Payment Receipt Journal F8: Sales Purchase Fl 0: 0åHVouctg•s F: Autofill Change Mode More Details o: L: Related Reports Optional post -Dated o c2bec to ru 82...
[shot] tds-028-g-on-screen-after3 (1024x768)
[07:32:40] [tds] screen tds-028-g-on-screen-after3 : x TallyPrime MANAGE EDU K: Company Accounting Voucher Creation Sales No. 6 PartyA/c narne: Cash Current balance: Sales ledger: Sales • Current balance: 1,050.00 Cr Name of Item End of List End of List Narration: Quit Y: Data Z: Exchange A Accept Q Search FinCom • ke Co O: Import E: Export List of Led er Accounts Cash HDFC Bank Spike Party Spike Party 2 Template Party Ul Party M: Share p: print x Create Fl: Help Date Company F4: Contra F5: Payment Receipt Journal F8: Sales Purchase Fl 0: 0åHVouctg•s F: Autofill Change Mode More Details o: L: Related Reports Optional post -Dated o c2bec to ru 82...
[shot] tds-029-gw0 (1024x768)
[07:32:41] [tds] screen tds-029-gw0 : x TallyPrime MANAGE EDU K: Company Accounting Voucher Creation Sales No. 6 PartyA/c narne: Cash Current balance: Sales ledger: Sales • Current balance: 1,050.00 Cr Name of Item End of List End of List Narration: Quit Y: Data Z: Exchange A Accept Q Search FinCom • ke Co O: Import E: Export List of Led er Accounts Cash HDFC Bank Spike Party Spike Party 2 Template Party Ul Party M: Share p: print x Create Fl: Help Date Company F4: Contra F5: Payment Receipt Journal F8: Sales Purchase Fl 0: 0åHVouctg•s F: Autofill Change Mode More Details o: L: Related Reports Optional post -Dated o c2bec to ru 82...
[keys] '{ESC}'
[shot] tds-030-gw1 (1024x768)
[07:32:44] [tds] screen tds-030-gw1 : x TallyPrime MANAGE EDU K: Company Accounting Voucher Creation Sales No. 6 Party Alc narne. Current balance: Sales ledger: Sales • Current balance: 1,050.00 Cr Name of Item End of List End of List Narration: Quit Y: Data Z: Exchange A Accept Q Search FinCom • ke Co O: Import E: Export List of Led er Accounts Cash HDFC Bank Spike Party Spike Party 2 Template Party Ul Party M: Share p: print x Create Fl: Help Date Company F4: Contra F5: Payment Receipt Journal F8: Sales Purchase Fl 0: 0åHVouctg•s F: Autofill Change Mode More Details o: L: Related Reports Optional post -Dated o c2bec to ru 8242- ...
[keys] '{ESC}'
[shot] tds-031-gw2 (1024x768)
[07:32:47] [tds] screen tds-031-gw2 : Unity TallyPrime MANAGE EDU K: Company Accounting Voucher Creation Sales No. 6 Party Alc narne. Current balance: Sales ledger: Sales • Current balance: 1,050.00 Cr Name of Item End of List End of List Narration: Q: Quit Y: Data Z: Exchange A: Accept Q Search FinCom O: Import Quantity E: Export Rate M: Share per p: print 2-Oct-26 Friday Amount Quit o Yes or No D: Delete X: Cancel Vch x Fl: Help F2: Date F3: Company F4: Contra F5: Payment F6: Receipt F7: Journal F8: Sales F9: Purchase F: Autofill H: Change Mode l: More Details O: Related Reports k: Optional T: post -Dated Fl 2: Configure o c2bec...
[keys] 'y'
[shot] tds-032-gw3 (1024x768)
[07:32:50] [tds] screen tds-032-gw3 : x TallyPrime MANAGE EDU K: Company Gatewa of Tall CURRENT PERIOD I-Apr-26 to 31-Mar-27 NAME OF COMPANY FinCom Spike Co Y: Data Z: Exchange O: Import E: Export M: Share p: print Fl: Help Date Company o c2bec to ru 8242- 9a96- acep eflc— 9a96- acep .337. 2—ccd ening 'fc948 ing j _id" : b—OI eflc— Mode Q CURRENT OATE Friday, 2-Oct-2026 2-Oct-26 Search Gateway of Tally MASTERS Create Alter CHart of Accounts TRANSACTIONS Vouchers Day 800K UTILITIES BaNking REPORTS Balance Sheet Profit & Loss A/c Stock Summary Ratio Analysis Display More Reports DashbOard Quit Unity Windows Server 2025 Datacenter Bu...
[07:32:50.916] GST on xml-item: MasterID 2, Sales 1 of 20261002
[07:32:50.917] GST on xml-acct: MasterID 3, Sales 2 of 20261002
[07:32:50.918] GST on xml-acct-irn: MasterID 4, Sales 3 of 20261002
[07:32:50.920] GST on screen-item: MasterID 6, Sales 5 of 20261002
[07:32:53.936] tally.ini: Data D:\a\_temp\fast234g\on; TDL: none
[keys] 'a'
[keys] 't'
[shot] p-g-on-xml-item-object-started (1024x768)
[07:33:21.899] Tally started (g-on-xml-item-object) in 28 s; company open: True
[07:33:21.942] G [none] on xml-item (XML Sales 1, MasterID 2) object: ANSWERED, 30.4 ms, 113563 chars, the entry in it; Tally answers after it: True; a fresh start answers: True 
[07:33:24.948] tally.ini: Data D:\a\_temp\fast234g\on; TDL: none
[keys] 'a'
[keys] 't'
[shot] p-g-on-xml-item-bynumber-started (1024x768)
[07:33:52.926] Tally started (g-on-xml-item-bynumber) in 28 s; company open: True
[07:33:52.967] G [none] on xml-item (XML Sales 1, MasterID 2) bynumber: ANSWERED, 35.7 ms, 69606 chars, the entry in it; Tally answers after it: True; a fresh start answers: True 
[07:33:55.973] tally.ini: Data D:\a\_temp\fast234g\on; TDL: none
[keys] 'a'
[keys] 't'
[shot] p-g-on-xml-acct-object-started (1024x768)
[07:34:23.976] Tally started (g-on-xml-acct-object) in 28 s; company open: True
[07:34:24.015] G [none] on xml-acct (XML Sales 2, MasterID 3) object: ANSWERED, 30.5 ms, 51087 chars, the entry in it; Tally answers after it: True; a fresh start answers: True 
[07:34:27.021] tally.ini: Data D:\a\_temp\fast234g\on; TDL: none
[keys] 'a'
[keys] 't'
[shot] p-g-on-xml-acct-bynumber-started (1024x768)
[07:34:54.982] Tally started (g-on-xml-acct-bynumber) in 28 s; company open: True
[07:34:55.011] G [none] on xml-acct (XML Sales 2, MasterID 3) bynumber: ANSWERED, 24.3 ms, 15423 chars, the entry in it; Tally answers after it: True; a fresh start answers: True 
[07:34:58.015] tally.ini: Data D:\a\_temp\fast234g\on; TDL: none
[keys] 'a'
[keys] 't'
[shot] p-g-on-xml-acct-irn-object-started (1024x768)
[07:35:25.993] Tally started (g-on-xml-acct-irn-object) in 28 s; company open: True
[07:35:26.021] G [none] on xml-acct-irn (XML, then IRN by an XML alteration Sales 3, MasterID 4) object: ANSWERED, 22.7 ms, 51091 chars, the entry in it; Tally answers after it: True; a fresh start answers: True 
[07:35:29.027] tally.ini: Data D:\a\_temp\fast234g\on; TDL: none
[keys] 'a'
[keys] 't'
[shot] p-g-on-xml-acct-irn-bynumber-started (1024x768)
[07:35:57.023] Tally started (g-on-xml-acct-irn-bynumber) in 28 s; company open: True
[07:35:57.053] G [none] on xml-acct-irn (XML, then IRN by an XML alteration Sales 3, MasterID 4) bynumber: ANSWERED, 25.6 ms, 15427 chars, the entry in it; Tally answers after it: True; a fresh start answers: True 
[07:36:00.058] tally.ini: Data D:\a\_temp\fast234g\on; TDL: none
[keys] 'a'
[keys] 't'
[shot] p-g-on-screen-item-object-started (1024x768)
[07:36:28.029] Tally started (g-on-screen-item-object) in 28 s; company open: True
[07:36:28.061] G [none] on screen-item (screen keys Sales 5, MasterID 6) object: ANSWERED, 27.6 ms, 62843 chars, the entry in it; Tally answers after it: True; a fresh start answers: True 
[07:36:31.067] tally.ini: Data D:\a\_temp\fast234g\on; TDL: none
[keys] 'a'
[keys] 't'
[shot] p-g-on-screen-item-bynumber-started (1024x768)
[07:36:59.042] Tally started (g-on-screen-item-bynumber) in 28 s; company open: True
[07:36:59.081] G [none] on screen-item (screen keys Sales 5, MasterID 6) bynumber: ANSWERED, 33.9 ms, 33640 chars, the entry in it; Tally answers after it: True; a fresh start answers: True 
[07:37:02.088] tally.ini: Data D:\a\_temp\fast234g\on; TDL: none
[keys] 'a'
[keys] 't'
[shot] p-g-on-xml-acct-helper-collection-started (1024x768)
[07:37:30.084] Tally started (g-on-xml-acct-helper-collection) in 28 s; company open: True
[07:37:30.113] G [none] on xml-acct (XML Sales 2, MasterID 3) helper-collection: ANSWERED, 24.2 ms, 14492 chars, the entry in it; Tally answers after it: True; a fresh start answers: True 
[07:37:33.121] tally.ini: Data D:\a\_temp\fast234g\on; TDL: none
[keys] 'a'
[keys] 't'
[shot] p-g-on-xml-acct-irn-helper-collection-started (1024x768)
[07:38:01.113] Tally started (g-on-xml-acct-irn-helper-collection) in 28 s; company open: True
[07:38:01.147] G [none] on xml-acct-irn (XML, then IRN by an XML alteration Sales 3, MasterID 4) helper-collection: ANSWERED, 27.8 ms, 14492 chars, the entry in it; Tally answers after it: True; a fresh start answers: True 
[07:38:04.153] tally.ini: Data D:\a\_temp\fast234g\on; TDL: D:\a\_temp\fast234g\FinComRecorder.tdl
[keys] 'a'
[keys] 't'
[shot] p-g-on-xml-item-object-started (1024x768)
[07:38:32.130] Tally started (g-on-xml-item-object) in 28 s; company open: True
[07:38:32.165] G [addon] on xml-item (XML Sales 1, MasterID 2) object: ANSWERED, 30.3 ms, 113563 chars, the entry in it; Tally answers after it: True; a fresh start answers: True 
[07:38:35.171] tally.ini: Data D:\a\_temp\fast234g\on; TDL: D:\a\_temp\fast234g\FinComRecorder.tdl
[keys] 'a'
[keys] 't'
[shot] p-g-on-xml-item-bynumber-started (1024x768)
[07:39:03.143] Tally started (g-on-xml-item-bynumber) in 28 s; company open: True
[07:39:03.186] G [addon] on xml-item (XML Sales 1, MasterID 2) bynumber: ANSWERED, 37.5 ms, 69606 chars, the entry in it; Tally answers after it: True; a fresh start answers: True 
[07:39:06.196] tally.ini: Data D:\a\_temp\fast234g\on; TDL: D:\a\_temp\fast234g\FinComRecorder.tdl
[keys] 'a'
[keys] 't'
[shot] p-g-on-xml-acct-object-started (1024x768)
[07:39:34.145] Tally started (g-on-xml-acct-object) in 27.9 s; company open: True
[07:39:34.171] G [addon] on xml-acct (XML Sales 2, MasterID 3) object: ANSWERED, 21.4 ms, 51087 chars, the entry in it; Tally answers after it: True; a fresh start answers: True 
[07:39:37.176] tally.ini: Data D:\a\_temp\fast234g\on; TDL: D:\a\_temp\fast234g\FinComRecorder.tdl
[keys] 'a'
[keys] 't'
[shot] p-g-on-xml-acct-bynumber-started (1024x768)
[07:40:05.140] Tally started (g-on-xml-acct-bynumber) in 28 s; company open: True
[07:40:05.169] G [addon] on xml-acct (XML Sales 2, MasterID 3) bynumber: ANSWERED, 24.4 ms, 15423 chars, the entry in it; Tally answers after it: True; a fresh start answers: True 
[07:40:08.173] tally.ini: Data D:\a\_temp\fast234g\on; TDL: D:\a\_temp\fast234g\FinComRecorder.tdl
[keys] 'a'
[keys] 't'
[shot] p-g-on-xml-acct-irn-object-started (1024x768)
[07:40:36.147] Tally started (g-on-xml-acct-irn-object) in 28 s; company open: True
[07:40:36.175] G [addon] on xml-acct-irn (XML, then IRN by an XML alteration Sales 3, MasterID 4) object: ANSWERED, 22.6 ms, 51091 chars, the entry in it; Tally answers after it: True; a fresh start answers: True 
[07:40:39.180] tally.ini: Data D:\a\_temp\fast234g\on; TDL: D:\a\_temp\fast234g\FinComRecorder.tdl
[keys] 'a'
[keys] 't'
[shot] p-g-on-xml-acct-irn-bynumber-started (1024x768)
[07:41:07.151] Tally started (g-on-xml-acct-irn-bynumber) in 28 s; company open: True
[07:41:07.181] G [addon] on xml-acct-irn (XML, then IRN by an XML alteration Sales 3, MasterID 4) bynumber: ANSWERED, 26.1 ms, 15427 chars, the entry in it; Tally answers after it: True; a fresh start answers: True 
[07:41:10.186] tally.ini: Data D:\a\_temp\fast234g\on; TDL: D:\a\_temp\fast234g\FinComRecorder.tdl
[keys] 'a'
[keys] 't'
[shot] p-g-on-screen-item-object-started (1024x768)
[07:41:38.156] Tally started (g-on-screen-item-object) in 28 s; company open: True
[07:41:38.186] G [addon] on screen-item (screen keys Sales 5, MasterID 6) object: ANSWERED, 24.9 ms, 62843 chars, the entry in it; Tally answers after it: True; a fresh start answers: True 
[07:41:41.192] tally.ini: Data D:\a\_temp\fast234g\on; TDL: D:\a\_temp\fast234g\FinComRecorder.tdl
[keys] 'a'
[keys] 't'
[shot] p-g-on-screen-item-bynumber-started (1024x768)
[07:42:09.165] Tally started (g-on-screen-item-bynumber) in 28 s; company open: True
[07:42:09.200] G [addon] on screen-item (screen keys Sales 5, MasterID 6) bynumber: ANSWERED, 31 ms, 33640 chars, the entry in it; Tally answers after it: True; a fresh start answers: True 
[07:42:12.208] tally.ini: Data D:\a\_temp\fast234g\on; TDL: D:\a\_temp\fast234g\FinComRecorder.tdl
[keys] 'a'
[keys] 't'
[shot] p-g-on-xml-acct-helper-collection-started (1024x768)
[07:42:40.195] Tally started (g-on-xml-acct-helper-collection) in 28 s; company open: True
[07:42:40.222] G [addon] on xml-acct (XML Sales 2, MasterID 3) helper-collection: ANSWERED, 23.2 ms, 14492 chars, the entry in it; Tally answers after it: True; a fresh start answers: True 
[07:42:43.241] tally.ini: Data D:\a\_temp\fast234g\on; TDL: D:\a\_temp\fast234g\FinComRecorder.tdl
[keys] 'a'
[keys] 't'
[shot] p-g-on-xml-acct-irn-helper-collection-started (1024x768)
[07:43:11.200] Tally started (g-on-xml-acct-irn-helper-collection) in 28 s; company open: True
[07:43:11.229] G [addon] on xml-acct-irn (XML, then IRN by an XML alteration Sales 3, MasterID 4) helper-collection: ANSWERED, 24.3 ms, 14492 chars, the entry in it; Tally answers after it: True; a fresh start answers: True 
[07:43:14.246] ---- fast234g: GST off (D:\a\_temp\fast234g\off)
[07:43:17.251] tally.ini: Data D:\a\_temp\fast234g\off; TDL: none
[keys] 'a'
[keys] 't'
[shot] p-g-off-setup-started (1024x768)
[07:43:45.231] Tally started (g-off-setup) in 28 s; company open: True
[07:43:45.254] import company GST off: 1 sent, created 0, errors 0, 20 ms
[07:43:45.257] GST off: ISGSTON before 'Yes', after the alteration 'No'
[07:43:45.467] import light masters: 60 sent, created 59, errors 0, 206.8 ms
[07:43:45.505] import xml item invoice: 1 sent, created 1, errors 0, 35.9 ms
[07:43:45.522] import xml accounting sales: 1 sent, created 1, errors 0, 14.8 ms
[07:43:45.543] import xml accounting sales (IRN to come): 1 sent, created 1, errors 0, 19.4 ms
[07:43:45.582] import IRN and e-way bill written back (alter): 1 sent, created 1, errors 0, 18.8 ms
[shot] tds-033-gw0 (1024x768)
[07:43:46] [tds] screen tds-033-gw0 : x TallyPrime MANAGE EDU K: Company Gatewa of Tall CURRENT PERIOD I-Apr-26 to 31-Mar-27 NAME OF COMPANY FinCom Spike Co Y: Data Z: Exchange CURRENT OATE Wednesday, I-Apr-2026 O: Import E: Export M: Share p: print Fl: Help Date Company Gateway of Tally MASTERS Create Alter CHart of Accounts TRANSACTIONS Vouchers Day 800K UTILITIES BaNking REPORTS Balance Sheet Profit & Loss A/c Stock Summary Ratio Analysis Display More Reports DashbOard Quit Unity o c2bec to ru 8242- 9a96- acep eflc— 9a96- acep .337. 2—ccd ening 'fc948 ing j _id" : b—OI eflc— Mode Q upr-26 Search Windows Server 2025 Datacenter B...
[shot] tds-034-g-off-screen-start (1024x768)
[07:43:47] [tds] screen tds-034-g-off-screen-start : x TallyPrime MANAGE EDU K: Company Gatewa of Tall CURRENT PERIOD I-Apr-26 to 31-Mar-27 NAME OF COMPANY FinCom Spike Co Y: Data Z: Exchange CURRENT OATE Wednesday, I-Apr-2026 O: Import E: Export M: Share p: print Fl: Help Date Company Gateway of Tally MASTERS Create Alter CHart of Accounts TRANSACTIONS Vouchers Day 800K UTILITIES BaNking REPORTS Balance Sheet Profit & Loss A/c Stock Summary Ratio Analysis Display More Reports DashbOard Quit Unity o c2bec to ru 8242- 9a96- acep eflc— 9a96- acep .337. 2—ccd ening 'fc948 ing j _id" : b—OI eflc— Mode Q upr-26 Search Windows Server 2025 Datacenter B...
[keys] 'v'
[shot] tds-035-g-off-screen-vouchers (1024x768)
[07:43:51] [tds] screen tds-035-g-off-screen-vouchers : x TallyPrime MANAGE EDU K: Company Accounting Voucher Creation Pa ment No. 1 • Account Current balance: Particulars Narration: Quit Y: Data Z: Exchange A Accept Q Search O: Import E: Export M: Share FinCom • ke Co p: print upr-26 Wednesday Amount Fl: Help Date Company F4: Contra F5: Payment F6 Receipt Journal Sales Purchase Fl 0: 0åHVouctg•s F: Autofill Change Mode More Details O: Related Reports L: Optional post -Dated o c2bec to ru 8242- 9a96- acep eflc— 9a96- acep .337. 2—ccd ening 'fc948 ing j _id" : b—OI eflc— Unity D: Delete x: Cancel Vch F12: Configure Mode Windows Server 2025 Datacente...
[keys] '{F8}'
[shot] tds-036-g-off-screen-type (1024x768)
[07:43:55] [tds] screen tds-036-g-off-screen-type : x TallyPrime MANAGE EDU K: Company Accounting Voucher Creation Sales Party Alc narne. Current balance: Sales ledger: • Current balance: Name of Item Narration: Quit Y: Data Z: Exchange A Accept Q Search FinCom • ke Co O: Import E: Export List of Led er Accounts Cash HDFC Bank Spike Party Spike Party 2 Template Party Ul Party M: Share p: print x Create Fl: Help Date Company F4: Contra F5: Payment Receipt Journal F8: Sales Purchase Fl 0: 0åHVouctg•s F: Autofill Change Mode More Details o: L: Related Reports Optional post -Dated o c2bec to ru 8242- 9a96- acep eflc— 9a96- acep .337. 2—ccd ening 'f...
[keys] '^h'
[shot] tds-037-g-off-screen-mode (1024x768)
[07:43:58] [tds] screen tds-037-g-off-screen-mode : TallyPrime MANAGE EDU K: Company Change Mode Unity Quit Y: Data Z: Exchange O: Import E: Export M: Share p: print x Fl: Help FinCom • ke Co Change Voucher Mode Item Invoice List of Modes/Usa es Item Invoice Accounting Invoice As Voucher A Accept Q Search o c2bec to ru 8242- 9a96- acep eflc— 9a96- acep .337. 2—ccd ening 'fc948 ing j _id" : b—OI eflc— Mode Windows Server 2025 Datacenter Build 26100.ge_release240331-1435 7:43 AM 10/8/2026
[keys] 'Item Invoice{ENTER}'
[shot] tds-038-g-off-screen-item-mode (1024x768)
[07:44:01] [tds] screen tds-038-g-off-screen-item-mode : x TallyPrime MANAGE EDU K: Company Accounting Voucher Creation Sales Party Alc narne. Current balance: Sales ledger: • Current balance: Name of Item Narration: Quit Y: Data Z: Exchange A Accept Q Search FinCom • ke Co O: Import E: Export List of Led er Accounts Cash HDFC Bank Spike Party Spike Party 2 Template Party Ul Party M: Share p: print x Create Fl: Help Date Company F4: Contra F5: Payment Receipt Journal F8: Sales Purchase Fl 0: 0åHVouctg•s F: Autofill Change Mode More Details o: L: Related Reports Optional post -Dated o c2bec to ru 8242- 9a96- acep eflc— 9a96- acep .337. 2—ccd ening 'f...
[keys] '{F2}'
[shot] tds-039-g-off-screen-date-box (1024x768)
[07:44:04] [tds] screen tds-039-g-off-screen-date-box : TallyPrime MANAGE EDU K: Company Change Voucher Date Unity Quit Y: Data Z: Exchange A Accept Q Search O: Import E: Export M: Share p: print x Fl: Help FinCom Spike Co Voucher Date 24-2026 o c2bec to ru 8242- 9a96- acep eflc— 9a96- acep .337. 2—ccd ening 'fc948 ing j _id" : b—OI eflc— Mode Windows Server 2025 Datacenter Build 26100.ge_release240331-1435 7•.44 AM 10/8/2026
[keys] '2-10-2026{ENTER}'
[shot] tds-040-g-off-screen-date (1024x768)
[07:44:08] [tds] screen tds-040-g-off-screen-date : x TallyPrime MANAGE EDU K: Company Accounting Voucher Creation Sales Party Alc narne. Current balance: Sales ledger: • Current balance: Name of Item Narration: Quit Y: Data Z: Exchange A Accept Q Search FinCom • ke Co O: Import E: Export List of Led er Accounts Cash HDFC Bank Spike Party Spike Party 2 Template Party Ul Party M: Share p: print x Create Fl: Help Date Company F4: Contra F5: Payment Receipt Journal F8: Sales Purchase Fl 0: 0åHVouctg•s F: Autofill Change Mode More Details o: L: Related Reports Optional post -Dated o c2bec to ru 8242- 9a96- acep eflc— 9a96- acep .337. 2—ccd ening 'f...
[keys] 'Template Party{ENTER}'
[shot] tds-041-g-off-screen-party (1024x768)
[07:44:11] [tds] screen tds-041-g-off-screen-party : x R CEDU Details TallyPrime MANAGE K: Company Y: Data Z: Exchange Accept Q Search O: Import E: Export M: Share p: print Fl: Help x Delivery Note No(s) FinCom Spike Co Dispatch Details Dispatch Doc No. Dispatched through Destination Carrier Name/Agent Bill of No. Motor Vehicle No. Date: Unity Quit o c2bec to ru 8242- 9a96- acep eflc— 9a96- acep .337. 2—ccd ening 'fc948 ing j _id" : b—OI eflc— Mode Windows Server 2025 Datacenter Build 26100.ge_release240331-1435 7•.44 AM 10/8/2026
[shot] tds-042-g-off-screen-party-sub1 (1024x768)
[07:44:12] [tds] screen tds-042-g-off-screen-party-sub1 : x R CEDU Details TallyPrime MANAGE K: Company Y: Data Z: Exchange Accept Q Search O: Import E: Export M: Share p: print Fl: Help x Delivery Note No(s) FinCom Spike Co Dispatch Details Dispatch Doc No. Dispatched through Destination Carrier Name/Agent Bill of No. Motor Vehicle No. Date: Unity Quit o c2bec to ru 8242- 9a96- acep eflc— 9a96- acep .337. 2—ccd ening 'fc948 ing j _id" : b—OI eflc— Mode Windows Server 2025 Datacenter Build 26100.ge_release240331-1435 7•.44 AM 10/8/2026
[keys] '^a'
[shot] tds-043-g-off-screen-party-sub-accept (1024x768)
[07:44:16] [tds] screen tds-043-g-off-screen-party-sub-accept : x R CEDU TallyPrime MANAGE K: Company Y: Data Z: Exchange FinCom Spike Co Party Details Dem late Pa List of Led er Accounts Spike Party Spike Party 2 Template Party Ul Party O: Import Create New Party E: Export M: Share p: print Fl: Help x Details Quit Buyer (Bill to) Mailing Name Address State Country Accept Q Search o c2bec to ru 8242- 9a96- acep eflc— 9a96- acep .337. 2—ccd ening 'fc948 ing j _id" : b—OI eflc— Unity Configure Mode Windows Server 2025 Datacenter Build 26100.ge_release240331-1435 7•.44 AM 10/8/2026
[shot] tds-044-g-off-screen-party-sub2 (1024x768)
[07:44:17] [tds] screen tds-044-g-off-screen-party-sub2 : x R CEDU TallyPrime MANAGE K: Company Y: Data Z: Exchange FinCom Spike Co Party Details Tem late Pa List of Led er Accounts Spike Party Spike Party 2 Template Party Ul Party O: Import Create New Party E: Export M: Share p: print Fl: Help x Details Quit Buyer (Bill to) Mailing Name Address State Country Accept Q Search o c2bec to ru 8242- 9a96- acep eflc— 9a96- acep .337. 2—ccd ening 'fc948 ing j _id" : b—OI eflc— Unity Configure Mode Windows Server 2025 Datacenter Build 26100.ge_release240331-1435 7•.44 AM 10/8/2026
[keys] '^a'
[shot] tds-045-g-off-screen-party-sub-accept (1024x768)
[07:44:20] [tds] screen tds-045-g-off-screen-party-sub-accept : x TallyPrime MANAGE EDU K: Company Accounting Voucher Creation Y: Data Z: Exchange A Accept Q Search FinCom • ke Co O: Import E: Export List of Led er Accounts Sales M: Share Sales Party Alc narne. Current balance: Sales ledger: • Current balance: p: print x Create Show More Template Party 922.00 Dr Name of Item Narration: Quit Fl: Help Date Company F4: Contra F5: Payment Receipt Journal F8: Sales Purchase Fl 0: 0åHVouctg•s F: Autofill Change Mode More Details o: L: Related Reports Optional post -Dated o c2bec to ru 8242- 9a96- acep eflc— 9a96- acep .337. 2—ccd ening 'fc948 ing j _id" : b—OI e...
[shot] tds-046-g-off-screen-party-sub3 (1024x768)
[07:44:21] [tds] screen tds-046-g-off-screen-party-sub3 : x TallyPrime MANAGE EDU K: Company Accounting Voucher Creation Y: Data Z: Exchange A Accept Q Search FinCom • ke Co O: Import E: Export List of Led er Accounts Sales M: Share Sales Party Alc narne. Current balance: Sales ledger: • Current balance: p: print x Create Show More Template Party 922.00 Dr Name of Item Narration: Quit Fl: Help Date Company F4: Contra F5: Payment Receipt Journal F8: Sales Purchase Fl 0: 0åHVouctg•s F: Autofill Change Mode More Details o: L: Related Reports Optional post -Dated o c2bec to ru 8242- 9a96- acep eflc— 9a96- acep .337. 2—ccd ening 'fc948 ing j _id" : b—OI e...
[keys] 'Sales{ENTER}'
[shot] tds-047-g-off-screen-ledger (1024x768)
[07:44:24] [tds] screen tds-047-g-off-screen-ledger : x TallyPrime MANAGE EDU K: Company Accounting Voucher Creation Y: Data Z: Exchange A Accept Q Search FinCom • ke Co Sales Party Alc narne. Current balance: Sales ledger: • Current balance: Template Party 922.00 Dr Sales 850.00 Cr O: Import Quantity E: Export Rate M: Share per p: print 2-Oct-26 Friday Amount Ch Unity Name of Item Narration: Quit Fl: Help Date Company F4: Contra F5: Payment Receipt Journal F8: Sales Purchase Fl 0: 0åHVouctg•s F: Autofill Change Mode More Details o: L: Related Reports Optional post -Dated o c2bec to ru 8242- 9a96- acep eflc— 9a96- acep .337. 2—ccd ening 'fc948 in...
[keys] 'Item T03{ENTER}'
[shot] tds-048-g-off-screen-item (1024x768)
[07:44:27] [tds] screen tds-048-g-off-screen-item : x TallyPrime MANAGE EDU K: Company Accounting Voucher Creation Y: Data Z: Exchange A Accept Q Search FinCom • ke Co Sales Party Alc narne. Current balance: Sales ledger: • Current balance: Template Party 922.00 Dr Sales 850.00 Cr O: Import Quantity E: Export Rate M: Share per p: print 2-Oct-26 Friday Amount Name of Item Item T03 Narration: Quit Fl: Help Date Company F4: Contra F5: Payment Receipt Journal F8: Sales Purchase Fl 0: 0åHVouctg•s F: Autofill Change Mode More Details o: L: Related Reports Optional post -Dated o c2bec to ru 8242- 9a96- acep eflc— 9a96- acep .337. 2—ccd ening 'fc948 in...
[shot] tds-049-g-off-screen-item-sub1 (1024x768)
[07:44:28] [tds] screen tds-049-g-off-screen-item-sub1 : x TallyPrime MANAGE EDU K: Company Accounting Voucher Creation Y: Data Z: Exchange A Accept Q Search FinCom • ke Co Sales Party Alc narne. Current balance: Sales ledger: • Current balance: Template Party 922.00 Dr Sales 850.00 Cr O: Import Quantity E: Export Rate M: Share per p: print 2-Oct-26 Friday Amount Name of Item Item T03 Narration: Quit Fl: Help Date Company F4: Contra F5: Payment Receipt Journal F8: Sales Purchase Fl 0: 0åHVouctg•s F: Autofill Change Mode More Details o: L: Related Reports Optional post -Dated o c2bec to ru 8242- 9a96- acep eflc— 9a96- acep .337. 2—ccd ening 'fc948 in...
[keys] '2{ENTER}'
[shot] tds-050-g-off-screen-qty (1024x768)
[07:44:31] [tds] screen tds-050-g-off-screen-qty : x TallyPrime MANAGE EDU K: Company Accounting Voucher Creation Y: Data Z: Exchange A Accept Q Search FinCom • ke Co Sales Party Alc narne. Current balance: Sales ledger: • Current balance: Template Party 922.00 Dr Sales 850.00 Cr O: Import Quantity 2 Nos 2 Nos E: Export Rate M: Share per p: print 2-Oct-26 Friday Amount Name of Item Item T03 Narration: Quit Fl: Help Date Company F4: Contra F5: Payment Receipt Journal F8: Sales Purchase Fl 0: 0åHVouctg•s F: Autofill Change Mode More Details o: L: Related Reports Optional post -Dated o c2bec to ru 8242- 9a96- acep eflc— 9a96- acep .337. 2—ccd eni...
[keys] '100{ENTER}'
[shot] tds-051-g-off-screen-rate (1024x768)
[07:44:34] [tds] screen tds-051-g-off-screen-rate : x TallyPrime MANAGE EDU K: Company Accounting Voucher Creation Y: Data Z: Exchange A Accept Q Search FinCom • ke Co Sales Party Alc narne. Current balance: Sales ledger: • Current balance: Template Party 922.00 Dr Sales 850.00 Cr O: Import Quantity 2 Nos 2 Nos E: Export Rate 100.00 M: Share per Nos p: print 2-Oct-26 Friday Amount 200.00 Name of Item Item T03 Narration: Quit Fl: Help Date Company F4: Contra F5: Payment Receipt Journal F8: Sales Purchase Fl 0: 0åHVouctg•s F: Autofill Change Mode More Details o: L: 200.00 Related Reports Optional post -Dated o c2bec to ru 8242- 9a96- acep eflc— 9...
[keys] '{ENTER}'
[shot] tds-052-g-off-screen-amount (1024x768)
[07:44:37] [tds] screen tds-052-g-off-screen-amount : x TallyPrime MANAGE EDU K: Company Accounting Voucher Creation Y: Data Z: Exchange A Accept Q Search FinCom • ke Co Sales Party Alc narne. Current balance: Sales ledger: • Current balance: Template Party 922.00 Dr Sales 850.00 Cr O: Import Quantity 2 Nos 2 Nos E: Export Rate 100.00 M: Share per Nos p: print 2-Oct-26 Friday Amount 200.00 Name of Item Item T03 Narration: Quit Fl: Help Date Company F4: Contra F5: Payment Receipt Journal F8: Sales Purchase Fl 0: 0åHVouctg•s F: Autofill Change Mode More Details o: L: 200.00 Related Reports Optional post -Dated o c2bec to ru 8242- 9a96- acep eflc— 9...
[shot] tds-053-g-off-screen-item-b-sub1 (1024x768)
[07:44:38] [tds] screen tds-053-g-off-screen-item-b-sub1 : x TallyPrime MANAGE EDU K: Company Accounting Voucher Creation Y: Data Z: Exchange A Accept Q Search FinCom • ke Co Sales Party Alc narne. Current balance: Sales ledger: • Current balance: Template Party 922.00 Dr Sales 850.00 Cr O: Import Quantity 2 Nos 2 Nos E: Export Rate 100.00 M: Share per Nos p: print 2-Oct-26 Friday Amount 200.00 Name of Item Item T03 Narration: Quit Fl: Help Date Company F4: Contra F5: Payment Receipt Journal F8: Sales Purchase Fl 0: 0åHVouctg•s F: Autofill Change Mode More Details o: L: 200.00 Related Reports Optional post -Dated o c2bec to ru 8242- 9a96- acep eflc— 9...
[keys] '{ENTER}'
[shot] tds-054-g-off-screen-items-done (1024x768)
[07:44:41] [tds] screen tds-054-g-off-screen-items-done : x TallyPrime MANAGE EDU K: Company Accounting Voucher Creation Y: Data Z: Exchange A Accept Q Search FinCom • ke Co Sales Party Alc narne. Current balance: Sales ledger: • Current balance: Template Party 922.00 Dr Sales 850.00 Cr O: Import Quantity 2 Nos 2 Nos E: Export Rate 100.00 M: Share per Nos Name of Item Item T03 Narration: Quit p: print 2-Oct-26 Friday Amount 200.00 200.00 Fl: Help Date Company F4: Contra F5: Payment Receipt Journal F8: Sales Purchase Fl 0: 0åHVouctg•s F: Autofill Change Mode More Details o: L: 200.00 Related Reports Optional post -Dated o c2bec to ru 8242- 9a96- acep ...
[keys] '^a'
[shot] tds-055-g-off-screen-accept1 (1024x768)
[07:44:45] [tds] screen tds-055-g-off-screen-accept1 : x TallyPrime MANAGE EDU K: Company Accounting Voucher Creation Sales No. 6 Party Alc narne. Current balance: Sales ledger: • Current balance: Name of Item Narration: Quit Y: Data Z: Exchange A Accept Q Search FinCom • ke Co O: Import E: Export List of Led er Accounts Cash HDFC Bank Spike Party Spike Party 2 Template Party Ul Party M: Share p: print x Create Fl: Help Date Company F4: Contra F5: Payment Receipt Journal F8: Sales Purchase Fl 0: 0åHVouctg•s F: Autofill Change Mode More Details o: L: Related Reports Optional post -Dated o c2bec to ru 8242- 9a96- acep eflc— 9a96- acep .337. 2—ccd en...
[shot] tds-056-g-off-screen-after1 (1024x768)
[07:44:46] [tds] screen tds-056-g-off-screen-after1 : x TallyPrime MANAGE EDU K: Company Accounting Voucher Creation Sales No. 6 Party Alc narne. Current balance: Sales ledger: • Current balance: Name of Item Narration: Quit Y: Data Z: Exchange A Accept Q Search FinCom • ke Co O: Import E: Export List of Led er Accounts Cash HDFC Bank Spike Party Spike Party 2 Template Party Ul Party M: Share p: print x Create Fl: Help Date Company F4: Contra F5: Payment Receipt Journal F8: Sales Purchase Fl 0: 0åHVouctg•s F: Autofill Change Mode More Details o: L: Related Reports Optional post -Dated o c2bec to ru 8242- 9a96- acep eflc— 9a96- acep .337. 2—ccd en...
[keys] '^a'
[shot] tds-057-g-off-screen-accept2 (1024x768)
[07:44:51] [tds] screen tds-057-g-off-screen-accept2 : x TallyPrime MANAGE EDU K: Company Accounting Voucher Creation Q: Quit Y: Data Z: Exchange A: Accept Q Search O: Import E: Export M: Share FinCom Spike Co p: print Fl: Help x F2: Date F3: Company F4: Contra F5: Payment t F6: Receipt F7: Journal F8: Sales F9: Purchase F: Autofill H: Change Mode l: More Details Error Oops! No Entries in Voucher! Unity p: Delete , cancel vch O: Related Reports k: Optional T: post -Dated Fl 2: Configure o c2bec to ru 8242- 9a96- acep eflc— 9a96- acep .337. 2—ccd ening 'fc948 ing j _id" : b—OI eflc— Mode Windows Server 2025 Datacenter Build 26100.ge_release240331-1...
[shot] tds-058-g-off-screen-after2 (1024x768)
[07:44:52] [tds] screen tds-058-g-off-screen-after2 : x TallyPrime MANAGE EDU K: Company Accounting Voucher Creation Q: Quit Y: Data Z: Exchange A: Accept Q Search O: Import E: Export M: Share FinCom Spike Co p: print Fl: Help x F2: Date F3: Company F4: Contra F5: Payment t F6: Receipt F7: Journal F8: Sales F9: Purchase F: Autofill H: Change Mode l: More Details Error Oops! No Entries in Voucher! Unity p: Delete , cancel vch O: Related Reports k: Optional T: post -Dated Fl 2: Configure o c2bec to ru 8242- 9a96- acep eflc— 9a96- acep .337. 2—ccd ening 'fc948 ing j _id" : b—OI eflc— Mode Windows Server 2025 Datacenter Build 26100.ge_release240331-1...
[keys] '^a'
[shot] tds-059-g-off-screen-accept3 (1024x768)
[07:44:56] [tds] screen tds-059-g-off-screen-accept3 : x TallyPrime MANAGE EDU K: Company Accounting Voucher Creation Sales No. 6 Party A/c narne: Cash Current balance: Sales ledger: Sales • Current balance: 1,050.00 Cr Name of Item End of List End of List Narration: Quit Y: Data Z: Exchange A Accept Q Search FinCom • ke Co O: Import E: Export List of Led er Accounts Cash HDFC Bank Spike Party Spike Party 2 Template Party Ul Party M: Share p: print x Create Fl: Help Date Company F4: Contra F5: Payment Receipt Journal F8: Sales Purchase Fl 0: 0åHVouctg•s F: Autofill Change Mode More Details o: L: Related Reports Optional post -Dated o c2bec to ru 8...
[shot] tds-060-g-off-screen-after3 (1024x768)
[07:44:57] [tds] screen tds-060-g-off-screen-after3 : x TallyPrime MANAGE EDU K: Company Accounting Voucher Creation Sales No. 6 PartyA/c narne: Cash Current balance: Sales ledger: Sales • Current balance: 1,050.00 Cr Name of Item End of List End of List Narration: Quit Y: Data Z: Exchange A Accept Q Search FinCom • ke Co O: Import E: Export List of Led er Accounts Cash HDFC Bank Spike Party Spike Party 2 Template Party Ul Party M: Share p: print x Create Fl: Help Date Company F4: Contra F5: Payment Receipt Journal F8: Sales Purchase Fl 0: 0åHVouctg•s F: Autofill Change Mode More Details o: L: Related Reports Optional post -Dated o c2bec to ru 82...
[shot] tds-061-gw0 (1024x768)
[07:44:58] [tds] screen tds-061-gw0 : x TallyPrime MANAGE EDU K: Company Accounting Voucher Creation Sales No. 6 PartyA/c narne: Cash Current balance: Sales ledger: Sales • Current balance: 1,050.00 Cr Name of Item End of List End of List Narration: Quit Y: Data Z: Exchange A Accept Q Search FinCom • ke Co O: Import E: Export List of Led er Accounts Cash HDFC Bank Spike Party Spike Party 2 Template Party Ul Party M: Share p: print x Create Fl: Help Date Company F4: Contra F5: Payment Receipt Journal F8: Sales Purchase Fl 0: 0åHVouctg•s F: Autofill Change Mode More Details o: L: Related Reports Optional post -Dated o c2bec to ru 82...
[keys] '{ESC}'
[shot] tds-062-gw1 (1024x768)
[07:45:01] [tds] screen tds-062-gw1 : x TallyPrime MANAGE EDU K: Company Accounting Voucher Creation Sales No. 6 Party Alc narne. Current balance: Sales ledger: Sales • Current balance: 1,050.00 Cr Name of Item End of List End of List Narration: Quit Y: Data Z: Exchange A Accept Q Search FinCom • ke Co O: Import E: Export List of Led er Accounts Cash HDFC Bank Spike Party Spike Party 2 Template Party Ul Party M: Share p: print x Create Fl: Help Date Company F4: Contra F5: Payment Receipt Journal F8: Sales Purchase Fl 0: 0åHVouctg•s F: Autofill Change Mode More Details o: L: Related Reports Optional post -Dated o c2bec to ru 8242- ...
[keys] '{ESC}'
[shot] tds-063-gw2 (1024x768)
[07:45:05] [tds] screen tds-063-gw2 : Unity TallyPrime MANAGE EDU K: Company Accounting Voucher Creation Sales No. 6 Party Alc narne. Current balance: Sales ledger: Sales • Current balance: 1,050.00 Cr Name of Item End of List End of List Narration: Q: Quit Y: Data Z: Exchange A: Accept Q Search FinCom O: Import Quantity E: Export Rate M: Share per p: print 2-Oct-26 Friday Amount Quit o Yes or No D: Delete X: Cancel Vch x Fl: Help F2: Date F3: Company F4: Contra F5: Payment F6: Receipt F7: Journal F8: Sales F9: Purchase F: Autofill H: Change Mode l: More Details O: Related Reports k: Optional T: post -Dated Fl 2: Configure o c2bec...
[keys] 'y'
[shot] tds-064-gw3 (1024x768)
[07:45:08] [tds] screen tds-064-gw3 : x TallyPrime MANAGE EDU K: Company Gatewa of Tall CURRENT PERIOD I-Apr-26 to 31-Mar-27 NAME OF COMPANY FinCom Spike Co Y: Data Z: Exchange O: Import E: Export M: Share p: print Fl: Help Date Company o c2bec to ru 8242- 9a96- acep eflc— 9a96- acep .337. 2—ccd ening 'fc948 ing j _id" : b—OI eflc— Mode Q CURRENT OATE Friday, 2-Oct-2026 2-Oct-26 Search Gateway of Tally MASTERS Create Alter CHart of Accounts TRANSACTIONS Vouchers Day 800K UTILITIES BaNking REPORTS Balance Sheet Profit & Loss A/c Stock Summary Ratio Analysis Display More Reports DashbOard Quit Unity Windows Server 2025 Datacenter Bu...
[07:45:08.567] GST off xml-item: MasterID 2, Sales 1 of 20261002
[07:45:08.568] GST off xml-acct: MasterID 3, Sales 2 of 20261002
[07:45:08.568] GST off xml-acct-irn: MasterID 4, Sales 3 of 20261002
[07:45:08.569] GST off screen-item: MasterID 6, Sales 5 of 20261002
[07:45:11.576] tally.ini: Data D:\a\_temp\fast234g\off; TDL: none
[keys] 'a'
[keys] 't'
[shot] p-g-off-xml-item-object-started (1024x768)
[07:45:39.569] Tally started (g-off-xml-item-object) in 28 s; company open: True
[07:45:39.602] G [none] off xml-item (XML Sales 1, MasterID 2) object: ANSWERED, 27.4 ms, 110806 chars, the entry in it; Tally answers after it: True; a fresh start answers: True 
[07:45:42.608] tally.ini: Data D:\a\_temp\fast234g\off; TDL: none
[keys] 'a'
[keys] 't'
[shot] p-g-off-xml-item-bynumber-started (1024x768)
[07:46:10.604] Tally started (g-off-xml-item-bynumber) in 28 s; company open: True
[07:46:10.642] G [none] off xml-item (XML Sales 1, MasterID 2) bynumber: ANSWERED, 33.3 ms, 65422 chars, the entry in it; Tally answers after it: True; a fresh start answers: True 
[07:46:13.648] tally.ini: Data D:\a\_temp\fast234g\off; TDL: none
[keys] 'a'
[keys] 't'
[shot] p-g-off-xml-acct-object-started (1024x768)
[07:46:41.608] Tally started (g-off-xml-acct-object) in 28 s; company open: True
[07:46:41.631] G [none] off xml-acct (XML Sales 2, MasterID 3) object: ANSWERED, 18.3 ms, 49261 chars, the entry in it; Tally answers after it: True; a fresh start answers: True 
[07:46:44.636] tally.ini: Data D:\a\_temp\fast234g\off; TDL: none
[keys] 'a'
[keys] 't'
[shot] p-g-off-xml-acct-bynumber-started (1024x768)
[07:47:12.590] Tally started (g-off-xml-acct-bynumber) in 28 s; company open: True
[07:47:12.618] G [none] off xml-acct (XML Sales 2, MasterID 3) bynumber: ANSWERED, 23.7 ms, 14906 chars, the entry in it; Tally answers after it: True; a fresh start answers: True 
[07:47:15.622] tally.ini: Data D:\a\_temp\fast234g\off; TDL: none
[keys] 'a'
[keys] 't'
[shot] p-g-off-xml-acct-irn-object-started (1024x768)
[07:47:43.624] Tally started (g-off-xml-acct-irn-object) in 28 s; company open: True
[07:47:43.647] G [none] off xml-acct-irn (XML, then IRN by an XML alteration Sales 3, MasterID 4) object: ANSWERED, 18.7 ms, 49265 chars, the entry in it; Tally answers after it: True; a fresh start answers: True 
[07:47:46.653] tally.ini: Data D:\a\_temp\fast234g\off; TDL: none
[keys] 'a'
[keys] 't'
[shot] p-g-off-xml-acct-irn-bynumber-started (1024x768)
[07:48:14.651] Tally started (g-off-xml-acct-irn-bynumber) in 28 s; company open: True
[07:48:14.679] G [none] off xml-acct-irn (XML, then IRN by an XML alteration Sales 3, MasterID 4) bynumber: ANSWERED, 23.9 ms, 14910 chars, the entry in it; Tally answers after it: True; a fresh start answers: True 
[07:48:17.685] tally.ini: Data D:\a\_temp\fast234g\off; TDL: none
[keys] 'a'
[keys] 't'
[shot] p-g-off-screen-item-object-started (1024x768)
[07:48:45.673] Tally started (g-off-screen-item-object) in 28 s; company open: True
[07:48:45.701] G [none] off screen-item (screen keys Sales 5, MasterID 6) object: ANSWERED, 23.5 ms, 61113 chars, the entry in it; Tally answers after it: True; a fresh start answers: True 
[07:48:48.708] tally.ini: Data D:\a\_temp\fast234g\off; TDL: none
[keys] 'a'
[keys] 't'
[shot] p-g-off-screen-item-bynumber-started (1024x768)
[07:49:16.681] Tally started (g-off-screen-item-bynumber) in 28 s; company open: True
[07:49:16.721] G [none] off screen-item (screen keys Sales 5, MasterID 6) bynumber: ANSWERED, 33.8 ms, 31246 chars, the entry in it; Tally answers after it: True; a fresh start answers: True 
[07:49:19.726] tally.ini: Data D:\a\_temp\fast234g\off; TDL: none
[keys] 'a'
[keys] 't'
[shot] p-g-off-xml-acct-helper-collection-started (1024x768)
[07:49:47.725] Tally started (g-off-xml-acct-helper-collection) in 28 s; company open: True
[07:49:47.757] G [none] off xml-acct (XML Sales 2, MasterID 3) helper-collection: ANSWERED, 25.1 ms, 14237 chars, the entry in it; Tally answers after it: True; a fresh start answers: True 
[07:49:50.762] tally.ini: Data D:\a\_temp\fast234g\off; TDL: none
[keys] 'a'
[keys] 't'
[shot] p-g-off-xml-acct-irn-helper-collection-started (1024x768)
[07:50:18.735] Tally started (g-off-xml-acct-irn-helper-collection) in 28 s; company open: True
[07:50:18.762] G [none] off xml-acct-irn (XML, then IRN by an XML alteration Sales 3, MasterID 4) helper-collection: ANSWERED, 22.9 ms, 14237 chars, the entry in it; Tally answers after it: True; a fresh start answers: True 
[07:50:21.767] tally.ini: Data D:\a\_temp\fast234g\off; TDL: D:\a\_temp\fast234g\FinComRecorder.tdl
[keys] 'a'
[keys] 't'
[shot] p-g-off-xml-item-object-started (1024x768)
[07:50:49.854] Tally started (g-off-xml-item-object) in 28.1 s; company open: True
[07:50:49.904] G [addon] off xml-item (XML Sales 1, MasterID 2) object: ANSWERED, 41.5 ms, 110806 chars, the entry in it; Tally answers after it: True; a fresh start answers: True 
[07:50:52.916] tally.ini: Data D:\a\_temp\fast234g\off; TDL: D:\a\_temp\fast234g\FinComRecorder.tdl
[keys] 'a'
[keys] 't'
[shot] p-g-off-xml-item-bynumber-started (1024x768)
[07:51:20.899] Tally started (g-off-xml-item-bynumber) in 28 s; company open: True
[07:51:20.937] G [addon] off xml-item (XML Sales 1, MasterID 2) bynumber: ANSWERED, 33.3 ms, 65422 chars, the entry in it; Tally answers after it: True; a fresh start answers: True 
[07:51:23.942] tally.ini: Data D:\a\_temp\fast234g\off; TDL: D:\a\_temp\fast234g\FinComRecorder.tdl
[keys] 'a'
[keys] 't'
[shot] p-g-off-xml-acct-object-started (1024x768)
[07:51:51.943] Tally started (g-off-xml-acct-object) in 28 s; company open: True
[07:51:51.967] G [addon] off xml-acct (XML Sales 2, MasterID 3) object: ANSWERED, 18.2 ms, 49261 chars, the entry in it; Tally answers after it: True; a fresh start answers: True 
[07:51:54.972] tally.ini: Data D:\a\_temp\fast234g\off; TDL: D:\a\_temp\fast234g\FinComRecorder.tdl
[keys] 'a'
[keys] 't'
[shot] p-g-off-xml-acct-bynumber-started (1024x768)
[07:52:22.934] Tally started (g-off-xml-acct-bynumber) in 28 s; company open: True
[07:52:22.962] G [addon] off xml-acct (XML Sales 2, MasterID 3) bynumber: ANSWERED, 23.9 ms, 14906 chars, the entry in it; Tally answers after it: True; a fresh start answers: True 
[07:52:25.968] tally.ini: Data D:\a\_temp\fast234g\off; TDL: D:\a\_temp\fast234g\FinComRecorder.tdl
[keys] 'a'
[keys] 't'
[shot] p-g-off-xml-acct-irn-object-started (1024x768)
[07:52:53.948] Tally started (g-off-xml-acct-irn-object) in 28 s; company open: True
[07:52:53.972] G [addon] off xml-acct-irn (XML, then IRN by an XML alteration Sales 3, MasterID 4) object: ANSWERED, 18.5 ms, 49265 chars, the entry in it; Tally answers after it: True; a fresh start answers: True 
[07:52:56.978] tally.ini: Data D:\a\_temp\fast234g\off; TDL: D:\a\_temp\fast234g\FinComRecorder.tdl
[keys] 'a'
[keys] 't'
[shot] p-g-off-xml-acct-irn-bynumber-started (1024x768)
[07:53:24.963] Tally started (g-off-xml-acct-irn-bynumber) in 28 s; company open: True
[07:53:24.993] G [addon] off xml-acct-irn (XML, then IRN by an XML alteration Sales 3, MasterID 4) bynumber: ANSWERED, 24.8 ms, 14910 chars, the entry in it; Tally answers after it: True; a fresh start answers: True 
[07:53:27.998] tally.ini: Data D:\a\_temp\fast234g\off; TDL: D:\a\_temp\fast234g\FinComRecorder.tdl
[keys] 'a'
[keys] 't'
[shot] p-g-off-screen-item-object-started (1024x768)
[07:53:56.925] Tally started (g-off-screen-item-object) in 28.9 s; company open: True
[07:53:56.951] G [addon] off screen-item (screen keys Sales 5, MasterID 6) object: ANSWERED, 22.2 ms, 61113 chars, the entry in it; Tally answers after it: True; a fresh start answers: True 
[07:53:59.956] tally.ini: Data D:\a\_temp\fast234g\off; TDL: D:\a\_temp\fast234g\FinComRecorder.tdl
[keys] 'a'
[keys] 't'
[shot] p-g-off-screen-item-bynumber-started (1024x768)
[07:54:27.911] Tally started (g-off-screen-item-bynumber) in 28 s; company open: True
[07:54:27.946] G [addon] off screen-item (screen keys Sales 5, MasterID 6) bynumber: ANSWERED, 30.5 ms, 31246 chars, the entry in it; Tally answers after it: True; a fresh start answers: True 
[07:54:30.951] tally.ini: Data D:\a\_temp\fast234g\off; TDL: D:\a\_temp\fast234g\FinComRecorder.tdl
[keys] 'a'
[keys] 't'
[shot] p-g-off-xml-acct-helper-collection-started (1024x768)
[07:54:58.924] Tally started (g-off-xml-acct-helper-collection) in 28 s; company open: True
[07:54:58.952] G [addon] off xml-acct (XML Sales 2, MasterID 3) helper-collection: ANSWERED, 23.8 ms, 14237 chars, the entry in it; Tally answers after it: True; a fresh start answers: True 
[07:55:01.957] tally.ini: Data D:\a\_temp\fast234g\off; TDL: D:\a\_temp\fast234g\FinComRecorder.tdl
[keys] 'a'
[keys] 't'
[shot] p-g-off-xml-acct-irn-helper-collection-started (1024x768)
[07:55:29.944] Tally started (g-off-xml-acct-irn-helper-collection) in 28 s; company open: True
[07:55:29.971] G [addon] off xml-acct-irn (XML, then IRN by an XML alteration Sales 3, MasterID 4) helper-collection: ANSWERED, 23.1 ms, 14237 chars, the entry in it; Tally answers after it: True; a fresh start answers: True 
[07:55:35.975] done (fast234 fast234g)
