2026-10-07 06:28:23  FinCom Bridge 2.3.0: started just for runnervmfi6oq\runneradmin (no service); it keeps the bridge and its icon running
2026-10-07 06:28:23  FinCom Bridge 2.3.0 (Go) started on 127.0.0.1:9100: the only bridge on this computer; working for runnervmfi6oq\runneradmin, Windows session 2; runs just for this Windows user (starts at sign-in, no service)
2026-10-07 06:28:23  Tally is not open; the bridge reads it only after an event (a client opened in FinCom, Update now, a posting, the nightly catch-up at 02:00)
2026-10-07 06:28:23  Recorder: re-scan of the add-on's files for 2.3.0: 0 line(s) sent earlier without their entry found (a new entry's line with no MasterID, a GUID of another entry, or read while the body fetch was off)
2026-10-07 06:28:23  Recorder: FinCom Spike Co: lines from a Tally this bridge does not read (company not open here): not sent
2026-10-07 06:28:23  Check:  - 
2026-10-07 06:28:26  Tray icon: set to show next to the clock always (Windows 11)
2026-10-07 06:28:26  Trial tools switched on for this computer in FinCom: the tray shows the trial items
2026-10-07 06:28:26  FinCom: this bridge is now the main bridge on this computer (set by the setup); it reads and posts
2026-10-07 06:28:39  The tray icon stopped (code 4294967295); it is started again in 5s
2026-10-07 06:38:27  Company FinCom Spike Co: its Tally GUID 9b40b837-0bc1-4c98-a061-baba0bdf95d3 is held from now on
2026-10-07 06:38:27  Company FinCom Spike Co: its starting point is recorded: ALTVCHID=30034, ALTMSTID=6554 (reading is prospective only: the bridge follows what changes after this)
2026-10-07 06:38:27  Company FinCom Spike Co: change numbers read with form a: ALTVCHID=30034, ALTMSTID=6554
2026-10-07 06:38:27  Light check of FinCom Spike Co: starting point recorded (ALTVCHID=30034, ALTMSTID=6554)
2026-10-07 06:39:29  The bridge stopped (code 4294967295); it is started again in 5s
2026-10-07 06:39:34  FinCom Bridge 2.3.0 (Go) started on 127.0.0.1:9100: the only bridge on this computer; working for runnervmfi6oq\runneradmin, Windows session 2; runs just for this Windows user (starts at sign-in, no service)
2026-10-07 06:39:34  Tally is not open; the bridge reads it only after an event (a client opened in FinCom, Update now, a posting, the nightly catch-up at 02:00)
2026-10-07 06:39:34  Check:  - 
2026-10-07 06:39:37  Trial tools switched on for this computer in FinCom: the tray shows the trial items
2026-10-07 06:40:07  Company FinCom Spike Co: change numbers read with form a: ALTVCHID=30037, ALTMSTID=6554
2026-10-07 06:40:07  Light check of FinCom Spike Co: unchanged starting point ALTVCHID=30034; now ALTVCHID=30037, ALTMSTID=6554
2026-10-07 06:48:55  The bridge stopped (code 4294967295); it is started again in 10s
2026-10-07 06:49:05  FinCom Bridge 2.3.0 (Go) started on 127.0.0.1:9100: the only bridge on this computer; working for runnervmfi6oq\runneradmin, Windows session 2; runs just for this Windows user (starts at sign-in, no service)
2026-10-07 06:49:05  Tally is not open; the bridge reads it only after an event (a client opened in FinCom, Update now, a posting, the nightly catch-up at 02:00)
2026-10-07 06:49:05  Check:  - 
2026-10-07 06:49:08  Trial tools switched on for this computer in FinCom: the tray shows the trial items
2026-10-07 06:49:38  Company FinCom Spike Co: change numbers read with form a: ALTVCHID=30059, ALTMSTID=6554
2026-10-07 06:49:38  Light check of FinCom Spike Co: unchanged starting point ALTVCHID=30034; now ALTVCHID=30059, ALTMSTID=6554
2026-10-07 06:49:51  Recorder: Receipt 12012 of 01-Oct-2026 (MasterID 30056, line 34e66a2e…): asking Tally by MasterID
2026-10-07 06:49:53  The body fetch off: Tally took 2.0 s for the entry bodies (limit 2 s) (FinCom Spike Co; on again when the owner switches where the changes come from)
2026-10-07 06:49:53  Tally 9000: FinComVoucherByMaster 20261001 took 2.2s and failed: Tally took longer than the recorder's limit; the bridge stopped waiting (2 s)
2026-10-07 06:49:53  Recorder: Receipt 12012 of 01-Oct-2026 (MasterID 30056, line 34e66a2e…): held: the entry was not read from Tally: Tally took longer than the recorder's limit; the bridge stopped waiting (2 s)
2026-10-07 06:49:53  Recorder: the body of 1 entry of FinCom Spike Co was not read from Tally (Tally took longer than the recorder's limit; the bridge stopped waiting (2 s)); sent without it (FinCom holds the line until a body comes)
2026-10-07 06:49:53  Recorder: Receipt 12012 of 01-Oct-2026 (MasterID 30056, line 34e66a2e…): not asked: the body fetch is off for this company (the 2 s rule; on again when the owner switches where the changes come from)
2026-10-07 06:50:14  Recorder: Receipt 12013 of 01-Oct-2026 (MasterID 30057, line b027e385…): not asked: the body fetch is off for this company (Tally took 2.0 s at 06:49)
2026-10-07 06:50:14  Recorder: Receipt 12013 of 01-Oct-2026 (MasterID 30057, line b027e385…): not asked: the body fetch is off for this company (the 2 s rule; on again when the owner switches where the changes come from)
2026-10-07 06:50:35  Recorder: Receipt 12014 of 01-Oct-2026 (MasterID 30058, line c14ac552…): not asked: the body fetch is off for this company (Tally took 2.0 s at 06:49)
2026-10-07 06:50:35  Recorder: Receipt 12014 of 01-Oct-2026 (MasterID 30058, line c14ac552…): not asked: the body fetch is off for this company (the 2 s rule; on again when the owner switches where the changes come from)
2026-10-07 06:50:57  Recorder: Receipt 12015 of 01-Oct-2026 (MasterID 30059, line 2144c36f…): not asked: the body fetch is off for this company (Tally took 2.0 s at 06:49)
2026-10-07 06:50:57  Recorder: Receipt 12015 of 01-Oct-2026 (MasterID 30059, line 2144c36f…): not asked: the body fetch is off for this company (the 2 s rule; on again when the owner switches where the changes come from)
2026-10-07 06:51:20  Recorder: Receipt 12016 of 01-Oct-2026 (MasterID 30060, line 82a8ee04…): not asked: the body fetch is off for this company (Tally took 2.0 s at 06:49)
2026-10-07 06:51:20  Recorder: Receipt 12016 of 01-Oct-2026 (MasterID 30060, line 82a8ee04…): not asked: the body fetch is off for this company (the 2 s rule; on again when the owner switches where the changes come from)
2026-10-07 06:51:47  Recorder: Sales 12034 of 02-Oct-2026 (MasterID 30061, line 66d40f03…): not asked: the body fetch is off for this company (Tally took 2.0 s at 06:49)
2026-10-07 06:51:47  Recorder: Sales 12034 of 02-Oct-2026 (MasterID 30061, line 66d40f03…): not asked: the body fetch is off for this company (the 2 s rule; on again when the owner switches where the changes come from)
2026-10-07 06:52:10  Recorder: Sales 12035 of 02-Oct-2026 (MasterID 30062, line 4b0fe380…): not asked: the body fetch is off for this company (Tally took 2.0 s at 06:49)
2026-10-07 06:52:10  Recorder: Sales 12035 of 02-Oct-2026 (MasterID 30062, line 4b0fe380…): not asked: the body fetch is off for this company (the 2 s rule; on again when the owner switches where the changes come from)
2026-10-07 06:52:33  Recorder: Sales 12036 of 02-Oct-2026 (MasterID 30063, line 32986e6e…): not asked: the body fetch is off for this company (Tally took 2.0 s at 06:49)
2026-10-07 06:52:33  Recorder: Sales 12036 of 02-Oct-2026 (MasterID 30063, line 32986e6e…): not asked: the body fetch is off for this company (the 2 s rule; on again when the owner switches where the changes come from)
2026-10-07 06:52:56  Recorder: Sales 12037 of 02-Oct-2026 (MasterID 30064, line 8e302a83…): not asked: the body fetch is off for this company (Tally took 2.0 s at 06:49)
2026-10-07 06:52:56  Recorder: Sales 12037 of 02-Oct-2026 (MasterID 30064, line 8e302a83…): not asked: the body fetch is off for this company (the 2 s rule; on again when the owner switches where the changes come from)
2026-10-07 06:53:18  Recorder: Sales 12038 of 02-Oct-2026 (MasterID 30065, line 3228eedc…): not asked: the body fetch is off for this company (Tally took 2.0 s at 06:49)
2026-10-07 06:53:18  Recorder: Sales 12038 of 02-Oct-2026 (MasterID 30065, line 3228eedc…): not asked: the body fetch is off for this company (the 2 s rule; on again when the owner switches where the changes come from)
2026-10-07 06:53:49  Recorder: Sales 12039 of 31-Oct-2026 (MasterID 30066, line 123c1b44…): not asked: the body fetch is off for this company (Tally took 2.0 s at 06:49)
2026-10-07 06:53:49  Recorder: Sales 12039 of 31-Oct-2026 (MasterID 30066, line 123c1b44…): not asked: the body fetch is off for this company (the 2 s rule; on again when the owner switches where the changes come from)
2026-10-07 06:54:13  Recorder: Sales 12040 of 31-Oct-2026 (MasterID 30067, line 9ed1de78…): not asked: the body fetch is off for this company (Tally took 2.0 s at 06:49)
2026-10-07 06:54:13  Recorder: Sales 12040 of 31-Oct-2026 (MasterID 30067, line 9ed1de78…): not asked: the body fetch is off for this company (the 2 s rule; on again when the owner switches where the changes come from)
2026-10-07 06:54:36  Recorder: Sales 12041 of 31-Oct-2026 (MasterID 30068, line d5c689e4…): not asked: the body fetch is off for this company (Tally took 2.0 s at 06:49)
2026-10-07 06:54:36  Recorder: Sales 12041 of 31-Oct-2026 (MasterID 30068, line d5c689e4…): not asked: the body fetch is off for this company (the 2 s rule; on again when the owner switches where the changes come from)
2026-10-07 06:54:59  Recorder: Sales 12042 of 31-Oct-2026 (MasterID 30069, line 27a087ca…): not asked: the body fetch is off for this company (Tally took 2.0 s at 06:49)
2026-10-07 06:54:59  Recorder: Sales 12042 of 31-Oct-2026 (MasterID 30069, line 27a087ca…): not asked: the body fetch is off for this company (the 2 s rule; on again when the owner switches where the changes come from)
2026-10-07 06:55:23  Recorder: Sales 12043 of 31-Oct-2026 (MasterID 30070, line 929139a6…): not asked: the body fetch is off for this company (Tally took 2.0 s at 06:49)
2026-10-07 06:55:23  Recorder: Sales 12043 of 31-Oct-2026 (MasterID 30070, line 929139a6…): not asked: the body fetch is off for this company (the 2 s rule; on again when the owner switches where the changes come from)
2026-10-07 06:55:53  Recorder: Sales 2 of 31-Oct-2026 (MasterID 3, line 5ec8d211…): not asked: the body fetch is off for this company (Tally took 2.0 s at 06:49)
2026-10-07 06:55:53  Recorder: Sales 2 of 31-Oct-2026 (MasterID 3, line 5ec8d211…): not asked: the body fetch is off for this company (the 2 s rule; on again when the owner switches where the changes come from)
2026-10-07 06:56:15  Recorder: Sales 2 of 31-Oct-2026 (MasterID 3, line e24b013e…): not asked: the body fetch is off for this company (Tally took 2.0 s at 06:49)
2026-10-07 06:56:16  Recorder: Sales 2 of 31-Oct-2026 (MasterID 3, line e24b013e…): not asked: the body fetch is off for this company (the 2 s rule; on again when the owner switches where the changes come from)
2026-10-07 06:56:24  Stopping: the FinCom Bridge supervisor has ended
