2026-10-09 13:56:24  FinCom Bridge 2.4.1: started just for runnervmfi6oq\runneradmin (no service); it keeps the bridge and its icon running
2026-10-09 13:56:24  FinCom Bridge 2.4.1 (Go) started on 127.0.0.1:9100: the only bridge on this computer; working for runnervmfi6oq\runneradmin, Windows session 2; runs just for this Windows user (starts at sign-in, no service)
2026-10-09 13:56:24  Tally is open on port 9000; the bridge reads it only after an event (a client opened in FinCom, Update now, a posting, the nightly catch-up at 19:00)
2026-10-09 13:56:24  Recorder: 50 held line(s) kept by an earlier bridge are asked once with the fast request (whatever their earlier tries): answered, each goes to FinCom with Tally's body; else it ends with the Day Book words
2026-10-09 13:56:24  Recorder: re-scan of the add-on's files for 2.4.1: 0 line(s) sent earlier without their entry found (a new entry's line with no MasterID, a GUID of another entry, or read while the body fetch was off)
2026-10-09 13:56:24  Check:  - 
2026-10-09 13:56:27  Tray icon: set to show next to the clock always (Windows 11)
2026-10-09 13:56:27  FinCom: this bridge is now the main bridge on this computer (set by the setup); it reads and posts
2026-10-09 13:56:28  Company FinCom Big Co: its Tally GUID f7caf952-229d-439c-8bb1-716942707be0 is held from now on
2026-10-09 13:56:28  Company FinCom Spike Co: its Tally GUID 6549f305-5564-4eb3-ab59-ac5b4ca6afe7 is held from now on
2026-10-09 13:56:28  Company FinCom Big Co: its starting point is recorded: ALTVCHID=40000, ALTMSTID=6217 (reading is prospective only: the bridge follows what changes after this)
2026-10-09 13:56:28  Company FinCom Big Co: change numbers read with form a: ALTVCHID=40000, ALTMSTID=6217
2026-10-09 13:56:28  Light check of FinCom Big Co: starting point recorded (ALTVCHID=40000, ALTMSTID=6217)
2026-10-09 13:56:28  Bank dates: FinCom Big Co: following Tally's voucher counter from ALTVCHID=40000 (a move the add-on's lines do not explain is a bank date set, or another change Tally makes without a voucher form)
2026-10-09 13:56:28  Recorder: Journal OLD-011 of 01-Apr-2026 (MasterID 900012, line b233old0…): not asked this turn: 10 held lines asked already; asked in a later turn
2026-10-09 13:56:28  Recorder: Journal OLD-012 of 01-Apr-2026 (MasterID 900013, line b233old0…): not asked this turn: 10 held lines asked already; asked in a later turn
2026-10-09 13:56:28  Recorder: Journal OLD-013 of 01-Apr-2026 (MasterID 900014, line b233old0…): not asked this turn: 10 held lines asked already; asked in a later turn
2026-10-09 13:56:28  Recorder: Journal OLD-014 of 01-Apr-2026 (MasterID 900015, line b233old0…): not asked this turn: 10 held lines asked already; asked in a later turn
2026-10-09 13:56:28  Recorder: Journal OLD-015 of 01-Apr-2026 (MasterID 900016, line b233old0…): not asked this turn: 10 held lines asked already; asked in a later turn
2026-10-09 13:56:28  Recorder: Journal OLD-016 of 01-Apr-2026 (MasterID 900017, line b233old0…): not asked this turn: 10 held lines asked already; asked in a later turn
2026-10-09 13:56:28  Recorder: Journal OLD-017 of 01-Apr-2026 (MasterID 900018, line b233old0…): not asked this turn: 10 held lines asked already; asked in a later turn
2026-10-09 13:56:28  Recorder: Journal OLD-018 of 01-Apr-2026 (MasterID 900019, line b233old0…): not asked this turn: 10 held lines asked already; asked in a later turn
2026-10-09 13:56:28  Recorder: Journal OLD-019 of 01-Apr-2026 (MasterID 900020, line b233old0…): not asked this turn: 10 held lines asked already; asked in a later turn
2026-10-09 13:56:28  Recorder: Journal OLD-020 of 01-Apr-2026 (MasterID 900021, line b233old0…): not asked this turn: 10 held lines asked already; asked in a later turn
2026-10-09 13:56:28  Recorder: Journal OLD-021 of 01-Apr-2026 (MasterID 900022, line b233old0…): not asked this turn: 10 held lines asked already; asked in a later turn
2026-10-09 13:56:28  Recorder: Journal OLD-022 of 01-Apr-2026 (MasterID 900023, line b233old0…): not asked this turn: 10 held lines asked already; asked in a later turn
2026-10-09 13:56:28  Recorder: Journal OLD-023 of 01-Apr-2026 (MasterID 900024, line b233old0…): not asked this turn: 10 held lines asked already; asked in a later turn
2026-10-09 13:56:28  Recorder: Journal OLD-024 of 01-Apr-2026 (MasterID 900025, line b233old0…): not asked this turn: 10 held lines asked already; asked in a later turn
2026-10-09 13:56:28  Recorder: Journal OLD-025 of 01-Apr-2026 (MasterID 900026, line b233old0…): not asked this turn: 10 held lines asked already; asked in a later turn
2026-10-09 13:56:28  Recorder: Journal OLD-026 of 01-Apr-2026 (MasterID 900027, line b233old0…): not asked this turn: 10 held lines asked already; asked in a later turn
2026-10-09 13:56:28  Recorder: Journal OLD-027 of 01-Apr-2026 (MasterID 900028, line b233old0…): not asked this turn: 10 held lines asked already; asked in a later turn
2026-10-09 13:56:28  Recorder: Journal OLD-028 of 01-Apr-2026 (MasterID 900029, line b233old0…): not asked this turn: 10 held lines asked already; asked in a later turn
2026-10-09 13:56:28  Recorder: Journal OLD-029 of 01-Apr-2026 (MasterID 900030, line b233old0…): not asked this turn: 10 held lines asked already; asked in a later turn
2026-10-09 13:56:28  Recorder: Journal OLD-030 of 01-Apr-2026 (MasterID 900031, line b233old0…): not asked this turn: 10 held lines asked already; asked in a later turn
2026-10-09 13:56:28  Recorder: Journal OLD-031 of 01-Apr-2026 (MasterID 900032, line b233old0…): not asked this turn: 10 held lines asked already; asked in a later turn
2026-10-09 13:56:28  Recorder: Journal OLD-032 of 01-Apr-2026 (MasterID 900033, line b233old0…): not asked this turn: 10 held lines asked already; asked in a later turn
2026-10-09 13:56:28  Recorder: Journal OLD-033 of 01-Apr-2026 (MasterID 900034, line b233old0…): not asked this turn: 10 held lines asked already; asked in a later turn
2026-10-09 13:56:28  Recorder: Journal OLD-034 of 01-Apr-2026 (MasterID 900035, line b233old0…): not asked this turn: 10 held lines asked already; asked in a later turn
2026-10-09 13:56:28  Recorder: Journal OLD-035 of 01-Apr-2026 (MasterID 900036, line b233old0…): not asked this turn: 10 held lines asked already; asked in a later turn
2026-10-09 13:56:28  Recorder: Journal OLD-036 of 01-Apr-2026 (MasterID 900037, line b233old0…): not asked this turn: 10 held lines asked already; asked in a later turn
2026-10-09 13:56:28  Recorder: Journal OLD-037 of 01-Apr-2026 (MasterID 900038, line b233old0…): not asked this turn: 10 held lines asked already; asked in a later turn
2026-10-09 13:56:28  Recorder: Journal OLD-038 of 01-Apr-2026 (MasterID 900039, line b233old0…): not asked this turn: 10 held lines asked already; asked in a later turn
2026-10-09 13:56:28  Company FinCom Spike Co: its starting point is recorded: ALTVCHID=3, ALTMSTID=3650 (reading is prospective only: the bridge follows what changes after this)
2026-10-09 13:56:28  Recorder: Journal OLD-039 of 01-Apr-2026 (MasterID 900040, line b233old0…): not asked this turn: 10 held lines asked already; asked in a later turn
2026-10-09 13:56:28  Recorder: Journal OLD-040 of 01-Apr-2026 (MasterID 900041, line b233old0…): not asked this turn: 10 held lines asked already; asked in a later turn
2026-10-09 13:56:28  Recorder: Journal OLD-041 of 01-Apr-2026 (MasterID 900042, line b233old0…): not asked this turn: 10 held lines asked already; asked in a later turn
2026-10-09 13:56:28  Company FinCom Spike Co: change numbers read with form a: ALTVCHID=3, ALTMSTID=3650
2026-10-09 13:56:28  Recorder: Journal OLD-042 of 01-Apr-2026 (MasterID 900043, line b233old0…): not asked this turn: 10 held lines asked already; asked in a later turn
2026-10-09 13:56:28  Light check of FinCom Spike Co: starting point recorded (ALTVCHID=3, ALTMSTID=3650)
2026-10-09 13:56:28  Recorder: Journal OLD-043 of 01-Apr-2026 (MasterID 900044, line b233old0…): not asked this turn: 10 held lines asked already; asked in a later turn
2026-10-09 13:56:28  Recorder: Journal OLD-044 of 01-Apr-2026 (MasterID 900045, line b233old0…): not asked this turn: 10 held lines asked already; asked in a later turn
2026-10-09 13:56:28  Bank dates: FinCom Spike Co: following Tally's voucher counter from ALTVCHID=3 (a move the add-on's lines do not explain is a bank date set, or another change Tally makes without a voucher form)
2026-10-09 13:56:28  Recorder: Journal OLD-045 of 01-Apr-2026 (MasterID 900046, line b233old0…): not asked this turn: 10 held lines asked already; asked in a later turn
2026-10-09 13:56:28  Recorder: Journal OLD-046 of 01-Apr-2026 (MasterID 900047, line b233old0…): not asked this turn: 10 held lines asked already; asked in a later turn
2026-10-09 13:56:28  Recorder: Journal OLD-047 of 01-Apr-2026 (MasterID 900048, line b233old0…): not asked this turn: 10 held lines asked already; asked in a later turn
2026-10-09 13:56:28  Recorder: Journal OLD-048 of 01-Apr-2026 (MasterID 900049, line b233old0…): not asked this turn: 10 held lines asked already; asked in a later turn
2026-10-09 13:56:28  Recorder: Journal OLD-049 of 01-Apr-2026 (MasterID 900050, line b233old0…): not asked this turn: 10 held lines asked already; asked in a later turn
2026-10-09 13:56:28  Recorder: Journal OLD-000 of 01-Apr-2026 (MasterID 900001, line b233old0…): asking Tally again (a held line, ask 1 of 1: one request; if it stops or fails the line ends with the Day Book words)
2026-10-09 13:56:29  Recorder: entry fetch of FinCom Big Co: answered in 49 ms
2026-10-09 13:56:29  Recorder: Journal OLD-000 of 01-Apr-2026 (MasterID 900001, line b233old0…): still held: Tally gave no voucher with MasterID 900001 on 01-Apr-2026
2026-10-09 13:56:29  Recorder: Journal OLD-001 of 01-Apr-2026 (MasterID 900002, line b233old0…): asking Tally again (a held line, ask 1 of 1: one request; if it stops or fails the line ends with the Day Book words)
2026-10-09 13:56:29  Recorder: entry fetch of FinCom Big Co: answered in 43 ms
2026-10-09 13:56:29  Recorder: Journal OLD-001 of 01-Apr-2026 (MasterID 900002, line b233old0…): still held: Tally gave no voucher with MasterID 900002 on 01-Apr-2026
2026-10-09 13:56:29  Recorder: Journal OLD-002 of 01-Apr-2026 (MasterID 900003, line b233old0…): asking Tally again (a held line, ask 1 of 1: one request; if it stops or fails the line ends with the Day Book words)
2026-10-09 13:56:29  Recorder: entry fetch of FinCom Big Co: answered in 55 ms
2026-10-09 13:56:29  Recorder: Journal OLD-002 of 01-Apr-2026 (MasterID 900003, line b233old0…): still held: Tally gave no voucher with MasterID 900003 on 01-Apr-2026
2026-10-09 13:56:29  Recorder: Journal OLD-003 of 01-Apr-2026 (MasterID 900004, line b233old0…): asking Tally again (a held line, ask 1 of 1: one request; if it stops or fails the line ends with the Day Book words)
2026-10-09 13:56:30  Recorder: entry fetch of FinCom Big Co: answered in 58 ms
2026-10-09 13:56:30  Recorder: Journal OLD-003 of 01-Apr-2026 (MasterID 900004, line b233old0…): still held: Tally gave no voucher with MasterID 900004 on 01-Apr-2026
2026-10-09 13:56:30  Recorder: Journal OLD-004 of 01-Apr-2026 (MasterID 900005, line b233old0…): asking Tally again (a held line, ask 1 of 1: one request; if it stops or fails the line ends with the Day Book words)
2026-10-09 13:56:30  Recorder: entry fetch of FinCom Big Co: answered in 88 ms
2026-10-09 13:56:30  Recorder: Journal OLD-004 of 01-Apr-2026 (MasterID 900005, line b233old0…): still held: Tally gave no voucher with MasterID 900005 on 01-Apr-2026
2026-10-09 13:56:30  Recorder: Journal OLD-005 of 01-Apr-2026 (MasterID 900006, line b233old0…): asking Tally again (a held line, ask 1 of 1: one request; if it stops or fails the line ends with the Day Book words)
2026-10-09 13:56:31  Recorder: entry fetch of FinCom Big Co: answered in 39 ms
2026-10-09 13:56:31  Recorder: Journal OLD-005 of 01-Apr-2026 (MasterID 900006, line b233old0…): still held: Tally gave no voucher with MasterID 900006 on 01-Apr-2026
2026-10-09 13:56:31  Recorder: Journal OLD-006 of 01-Apr-2026 (MasterID 900007, line b233old0…): asking Tally again (a held line, ask 1 of 1: one request; if it stops or fails the line ends with the Day Book words)
2026-10-09 13:56:31  Recorder: entry fetch of FinCom Big Co: answered in 48 ms
2026-10-09 13:56:31  Recorder: Journal OLD-006 of 01-Apr-2026 (MasterID 900007, line b233old0…): still held: Tally gave no voucher with MasterID 900007 on 01-Apr-2026
2026-10-09 13:56:31  Recorder: Journal OLD-007 of 01-Apr-2026 (MasterID 900008, line b233old0…): asking Tally again (a held line, ask 1 of 1: one request; if it stops or fails the line ends with the Day Book words)
2026-10-09 13:56:31  Refused a request from a program of another Windows user (/tray/idle): not your FinCom Bridge
2026-10-09 13:56:31  Refused a request from a program of another Windows user (/tray/status): not your FinCom Bridge
2026-10-09 13:56:31  Recorder: entry fetch of FinCom Big Co: answered in 29 ms
2026-10-09 13:56:31  Recorder: Journal OLD-007 of 01-Apr-2026 (MasterID 900008, line b233old0…): still held: Tally gave no voucher with MasterID 900008 on 01-Apr-2026
2026-10-09 13:56:31  Recorder: Journal OLD-009 of 01-Apr-2026 (MasterID 900010, line b233old0…): asking Tally again (a held line, ask 1 of 1: one request; if it stops or fails the line ends with the Day Book words)
2026-10-09 13:56:32  Recorder: Journal OLD-009 of 01-Apr-2026 (MasterID 900010, line b233old0…): still held: Tally gave no voucher with MasterID 900010 on 01-Apr-2026
2026-10-09 13:56:32  Recorder: Journal OLD-010 of 01-Apr-2026 (MasterID 900011, line b233old0…): asking Tally again (a held line, ask 1 of 1: one request; if it stops or fails the line ends with the Day Book words)
2026-10-09 13:56:32  Recorder: entry fetch of FinCom Big Co: answered in 50 ms
2026-10-09 13:56:32  Recorder: Journal OLD-010 of 01-Apr-2026 (MasterID 900011, line b233old0…): still held: Tally gave no voucher with MasterID 900011 on 01-Apr-2026
2026-10-09 13:56:32  Recorder: Journal OLD-000 of 01-Apr-2026 (MasterID 900001, line b233old0…): held: Tally did not give this entry when asked again; upload that day's Day Book to settle it (ended: not asked of Tally again)
2026-10-09 13:56:32  Recorder: Journal OLD-001 of 01-Apr-2026 (MasterID 900002, line b233old0…): held: Tally did not give this entry when asked again; upload that day's Day Book to settle it (ended: not asked of Tally again)
2026-10-09 13:56:32  Recorder: Journal OLD-002 of 01-Apr-2026 (MasterID 900003, line b233old0…): held: Tally did not give this entry when asked again; upload that day's Day Book to settle it (ended: not asked of Tally again)
2026-10-09 13:56:32  Recorder: Journal OLD-003 of 01-Apr-2026 (MasterID 900004, line b233old0…): held: Tally did not give this entry when asked again; upload that day's Day Book to settle it (ended: not asked of Tally again)
2026-10-09 13:56:32  Recorder: Journal OLD-004 of 01-Apr-2026 (MasterID 900005, line b233old0…): held: Tally did not give this entry when asked again; upload that day's Day Book to settle it (ended: not asked of Tally again)
2026-10-09 13:56:32  Recorder: Journal OLD-005 of 01-Apr-2026 (MasterID 900006, line b233old0…): held: Tally did not give this entry when asked again; upload that day's Day Book to settle it (ended: not asked of Tally again)
2026-10-09 13:56:32  Recorder: Journal OLD-006 of 01-Apr-2026 (MasterID 900007, line b233old0…): held: Tally did not give this entry when asked again; upload that day's Day Book to settle it (ended: not asked of Tally again)
2026-10-09 13:56:32  Recorder: Journal OLD-007 of 01-Apr-2026 (MasterID 900008, line b233old0…): held: Tally did not give this entry when asked again; upload that day's Day Book to settle it (ended: not asked of Tally again)
2026-10-09 13:56:32  Recorder: Journal OLD-009 of 01-Apr-2026 (MasterID 900010, line b233old0…): held: Tally did not give this entry when asked again; upload that day's Day Book to settle it (ended: not asked of Tally again)
2026-10-09 13:56:32  Recorder: Journal OLD-010 of 01-Apr-2026 (MasterID 900011, line b233old0…): held: Tally did not give this entry when asked again; upload that day's Day Book to settle it (ended: not asked of Tally again)
2026-10-09 13:56:32  Recorder: held lines: 0 from FinCom, 10 asked, 0 resolved, 50 still held (50 in the list)
2026-10-09 13:56:32  Recorder: Journal OLD-008 of 01-Apr-2026 (MasterID 900009, line b233old0…): asking Tally again (a held line, ask 1 of 1: one request; if it stops or fails the line ends with the Day Book words)
2026-10-09 13:56:33  Recorder: entry fetch of FinCom Big Co: answered in 42 ms
2026-10-09 13:56:33  Recorder: Journal OLD-008 of 01-Apr-2026 (MasterID 900009, line b233old0…): still held: Tally gave no voucher with MasterID 900009 on 01-Apr-2026
2026-10-09 13:56:33  Recorder: Journal OLD-011 of 01-Apr-2026 (MasterID 900012, line b233old0…): asking Tally again (a held line, ask 1 of 1: one request; if it stops or fails the line ends with the Day Book words)
2026-10-09 13:56:33  Recorder: entry fetch of FinCom Big Co: answered in 40 ms
2026-10-09 13:56:33  Recorder: Journal OLD-011 of 01-Apr-2026 (MasterID 900012, line b233old0…): still held: Tally gave no voucher with MasterID 900012 on 01-Apr-2026
2026-10-09 13:56:33  Recorder: Journal OLD-012 of 01-Apr-2026 (MasterID 900013, line b233old0…): asking Tally again (a held line, ask 1 of 1: one request; if it stops or fails the line ends with the Day Book words)
2026-10-09 13:56:33  Recorder: entry fetch of FinCom Big Co: answered in 54 ms
2026-10-09 13:56:33  Recorder: Journal OLD-012 of 01-Apr-2026 (MasterID 900013, line b233old0…): still held: Tally gave no voucher with MasterID 900013 on 01-Apr-2026
2026-10-09 13:56:33  Recorder: Journal OLD-014 of 01-Apr-2026 (MasterID 900015, line b233old0…): asking Tally again (a held line, ask 1 of 1: one request; if it stops or fails the line ends with the Day Book words)
2026-10-09 13:56:34  Recorder: Journal OLD-014 of 01-Apr-2026 (MasterID 900015, line b233old0…): still held: Tally gave no voucher with MasterID 900015 on 01-Apr-2026
2026-10-09 13:56:34  Recorder: Journal OLD-015 of 01-Apr-2026 (MasterID 900016, line b233old0…): asking Tally again (a held line, ask 1 of 1: one request; if it stops or fails the line ends with the Day Book words)
2026-10-09 13:56:34  Recorder: Journal OLD-015 of 01-Apr-2026 (MasterID 900016, line b233old0…): still held: Tally gave no voucher with MasterID 900016 on 01-Apr-2026
2026-10-09 13:56:34  Recorder: Journal OLD-016 of 01-Apr-2026 (MasterID 900017, line b233old0…): asking Tally again (a held line, ask 1 of 1: one request; if it stops or fails the line ends with the Day Book words)
2026-10-09 13:56:35  Recorder: entry fetch of FinCom Big Co: answered in 53 ms
2026-10-09 13:56:35  Recorder: Journal OLD-016 of 01-Apr-2026 (MasterID 900017, line b233old0…): still held: Tally gave no voucher with MasterID 900017 on 01-Apr-2026
2026-10-09 13:56:35  Recorder: Journal OLD-017 of 01-Apr-2026 (MasterID 900018, line b233old0…): asking Tally again (a held line, ask 1 of 1: one request; if it stops or fails the line ends with the Day Book words)
2026-10-09 13:56:35  Recorder: Journal OLD-017 of 01-Apr-2026 (MasterID 900018, line b233old0…): still held: Tally gave no voucher with MasterID 900018 on 01-Apr-2026
2026-10-09 13:56:35  Recorder: Journal OLD-019 of 01-Apr-2026 (MasterID 900020, line b233old0…): asking Tally again (a held line, ask 1 of 1: one request; if it stops or fails the line ends with the Day Book words)
2026-10-09 13:56:35  Recorder: entry fetch of FinCom Big Co: answered in 51 ms
2026-10-09 13:56:35  Recorder: Journal OLD-019 of 01-Apr-2026 (MasterID 900020, line b233old0…): still held: Tally gave no voucher with MasterID 900020 on 01-Apr-2026
2026-10-09 13:56:35  Recorder: Journal OLD-020 of 01-Apr-2026 (MasterID 900021, line b233old0…): asking Tally again (a held line, ask 1 of 1: one request; if it stops or fails the line ends with the Day Book words)
2026-10-09 13:56:36  Recorder: Journal OLD-020 of 01-Apr-2026 (MasterID 900021, line b233old0…): still held: Tally gave no voucher with MasterID 900021 on 01-Apr-2026
2026-10-09 13:56:36  Recorder: Journal OLD-021 of 01-Apr-2026 (MasterID 900022, line b233old0…): asking Tally again (a held line, ask 1 of 1: one request; if it stops or fails the line ends with the Day Book words)
2026-10-09 13:56:36  Recorder: entry fetch of FinCom Big Co: answered in 41 ms
2026-10-09 13:56:36  Recorder: Journal OLD-021 of 01-Apr-2026 (MasterID 900022, line b233old0…): still held: Tally gave no voucher with MasterID 900022 on 01-Apr-2026
2026-10-09 13:56:36  Recorder: Journal OLD-008 of 01-Apr-2026 (MasterID 900009, line b233old0…): held: Tally did not give this entry when asked again; upload that day's Day Book to settle it (ended: not asked of Tally again)
2026-10-09 13:56:36  Recorder: Journal OLD-011 of 01-Apr-2026 (MasterID 900012, line b233old0…): held: Tally did not give this entry when asked again; upload that day's Day Book to settle it (ended: not asked of Tally again)
2026-10-09 13:56:36  Recorder: Journal OLD-012 of 01-Apr-2026 (MasterID 900013, line b233old0…): held: Tally did not give this entry when asked again; upload that day's Day Book to settle it (ended: not asked of Tally again)
2026-10-09 13:56:36  Recorder: Journal OLD-014 of 01-Apr-2026 (MasterID 900015, line b233old0…): held: Tally did not give this entry when asked again; upload that day's Day Book to settle it (ended: not asked of Tally again)
2026-10-09 13:56:36  Recorder: Journal OLD-015 of 01-Apr-2026 (MasterID 900016, line b233old0…): held: Tally did not give this entry when asked again; upload that day's Day Book to settle it (ended: not asked of Tally again)
2026-10-09 13:56:36  Recorder: Journal OLD-016 of 01-Apr-2026 (MasterID 900017, line b233old0…): held: Tally did not give this entry when asked again; upload that day's Day Book to settle it (ended: not asked of Tally again)
2026-10-09 13:56:36  Recorder: Journal OLD-017 of 01-Apr-2026 (MasterID 900018, line b233old0…): held: Tally did not give this entry when asked again; upload that day's Day Book to settle it (ended: not asked of Tally again)
2026-10-09 13:56:36  Recorder: Journal OLD-019 of 01-Apr-2026 (MasterID 900020, line b233old0…): held: Tally did not give this entry when asked again; upload that day's Day Book to settle it (ended: not asked of Tally again)
2026-10-09 13:56:36  Recorder: Journal OLD-020 of 01-Apr-2026 (MasterID 900021, line b233old0…): held: Tally did not give this entry when asked again; upload that day's Day Book to settle it (ended: not asked of Tally again)
2026-10-09 13:56:36  Recorder: Journal OLD-021 of 01-Apr-2026 (MasterID 900022, line b233old0…): held: Tally did not give this entry when asked again; upload that day's Day Book to settle it (ended: not asked of Tally again)
2026-10-09 13:56:36  Recorder: held lines: 0 from FinCom, 10 asked, 0 resolved, 40 still held (40 in the list)
2026-10-09 13:56:36  Recorder: Journal OLD-013 of 01-Apr-2026 (MasterID 900014, line b233old0…): asking Tally again (a held line, ask 1 of 1: one request; if it stops or fails the line ends with the Day Book words)
2026-10-09 13:56:37  Recorder: Journal OLD-013 of 01-Apr-2026 (MasterID 900014, line b233old0…): still held: Tally gave no voucher with MasterID 900014 on 01-Apr-2026
2026-10-09 13:56:37  Recorder: Journal OLD-022 of 01-Apr-2026 (MasterID 900023, line b233old0…): asking Tally again (a held line, ask 1 of 1: one request; if it stops or fails the line ends with the Day Book words)
2026-10-09 13:56:37  Recorder: entry fetch of FinCom Big Co: answered in 30 ms
2026-10-09 13:56:37  Recorder: Journal OLD-022 of 01-Apr-2026 (MasterID 900023, line b233old0…): still held: Tally gave no voucher with MasterID 900023 on 01-Apr-2026
2026-10-09 13:56:37  Recorder: Journal OLD-024 of 01-Apr-2026 (MasterID 900025, line b233old0…): asking Tally again (a held line, ask 1 of 1: one request; if it stops or fails the line ends with the Day Book words)
2026-10-09 13:56:37  Recorder: Journal OLD-024 of 01-Apr-2026 (MasterID 900025, line b233old0…): still held: Tally gave no voucher with MasterID 900025 on 01-Apr-2026
2026-10-09 13:56:37  Recorder: Journal OLD-025 of 01-Apr-2026 (MasterID 900026, line b233old0…): asking Tally again (a held line, ask 1 of 1: one request; if it stops or fails the line ends with the Day Book words)
2026-10-09 13:56:38  Recorder: Journal OLD-025 of 01-Apr-2026 (MasterID 900026, line b233old0…): still held: Tally gave no voucher with MasterID 900026 on 01-Apr-2026
2026-10-09 13:56:38  Recorder: Journal OLD-026 of 01-Apr-2026 (MasterID 900027, line b233old0…): asking Tally again (a held line, ask 1 of 1: one request; if it stops or fails the line ends with the Day Book words)
2026-10-09 13:56:38  Recorder: Journal OLD-026 of 01-Apr-2026 (MasterID 900027, line b233old0…): still held: Tally gave no voucher with MasterID 900027 on 01-Apr-2026
2026-10-09 13:56:38  Recorder: Journal OLD-027 of 01-Apr-2026 (MasterID 900028, line b233old0…): asking Tally again (a held line, ask 1 of 1: one request; if it stops or fails the line ends with the Day Book words)
2026-10-09 13:56:38  Recorder: entry fetch of FinCom Big Co: answered in 47 ms
2026-10-09 13:56:38  Recorder: Journal OLD-027 of 01-Apr-2026 (MasterID 900028, line b233old0…): still held: Tally gave no voucher with MasterID 900028 on 01-Apr-2026
2026-10-09 13:56:38  Recorder: Journal OLD-029 of 01-Apr-2026 (MasterID 900030, line b233old0…): asking Tally again (a held line, ask 1 of 1: one request; if it stops or fails the line ends with the Day Book words)
2026-10-09 13:56:39  Recorder: Journal OLD-029 of 01-Apr-2026 (MasterID 900030, line b233old0…): still held: Tally gave no voucher with MasterID 900030 on 01-Apr-2026
2026-10-09 13:56:39  Recorder: Journal OLD-030 of 01-Apr-2026 (MasterID 900031, line b233old0…): asking Tally again (a held line, ask 1 of 1: one request; if it stops or fails the line ends with the Day Book words)
2026-10-09 13:56:39  Recorder: Journal OLD-030 of 01-Apr-2026 (MasterID 900031, line b233old0…): still held: Tally gave no voucher with MasterID 900031 on 01-Apr-2026
2026-10-09 13:56:39  Recorder: Journal OLD-031 of 01-Apr-2026 (MasterID 900032, line b233old0…): asking Tally again (a held line, ask 1 of 1: one request; if it stops or fails the line ends with the Day Book words)
2026-10-09 13:56:40  Recorder: Journal OLD-031 of 01-Apr-2026 (MasterID 900032, line b233old0…): still held: Tally gave no voucher with MasterID 900032 on 01-Apr-2026
2026-10-09 13:56:40  Recorder: Journal OLD-032 of 01-Apr-2026 (MasterID 900033, line b233old0…): asking Tally again (a held line, ask 1 of 1: one request; if it stops or fails the line ends with the Day Book words)
2026-10-09 13:56:40  Recorder: Journal OLD-032 of 01-Apr-2026 (MasterID 900033, line b233old0…): still held: Tally gave no voucher with MasterID 900033 on 01-Apr-2026
2026-10-09 13:56:40  Recorder: Journal OLD-013 of 01-Apr-2026 (MasterID 900014, line b233old0…): held: Tally did not give this entry when asked again; upload that day's Day Book to settle it (ended: not asked of Tally again)
2026-10-09 13:56:40  Recorder: Journal OLD-022 of 01-Apr-2026 (MasterID 900023, line b233old0…): held: Tally did not give this entry when asked again; upload that day's Day Book to settle it (ended: not asked of Tally again)
2026-10-09 13:56:40  Recorder: Journal OLD-024 of 01-Apr-2026 (MasterID 900025, line b233old0…): held: Tally did not give this entry when asked again; upload that day's Day Book to settle it (ended: not asked of Tally again)
2026-10-09 13:56:40  Recorder: Journal OLD-025 of 01-Apr-2026 (MasterID 900026, line b233old0…): held: Tally did not give this entry when asked again; upload that day's Day Book to settle it (ended: not asked of Tally again)
2026-10-09 13:56:40  Recorder: Journal OLD-026 of 01-Apr-2026 (MasterID 900027, line b233old0…): held: Tally did not give this entry when asked again; upload that day's Day Book to settle it (ended: not asked of Tally again)
2026-10-09 13:56:40  Recorder: Journal OLD-027 of 01-Apr-2026 (MasterID 900028, line b233old0…): held: Tally did not give this entry when asked again; upload that day's Day Book to settle it (ended: not asked of Tally again)
2026-10-09 13:56:40  Recorder: Journal OLD-029 of 01-Apr-2026 (MasterID 900030, line b233old0…): held: Tally did not give this entry when asked again; upload that day's Day Book to settle it (ended: not asked of Tally again)
2026-10-09 13:56:40  Recorder: Journal OLD-030 of 01-Apr-2026 (MasterID 900031, line b233old0…): held: Tally did not give this entry when asked again; upload that day's Day Book to settle it (ended: not asked of Tally again)
2026-10-09 13:56:40  Recorder: Journal OLD-031 of 01-Apr-2026 (MasterID 900032, line b233old0…): held: Tally did not give this entry when asked again; upload that day's Day Book to settle it (ended: not asked of Tally again)
2026-10-09 13:56:40  Recorder: Journal OLD-032 of 01-Apr-2026 (MasterID 900033, line b233old0…): held: Tally did not give this entry when asked again; upload that day's Day Book to settle it (ended: not asked of Tally again)
2026-10-09 13:56:40  Recorder: held lines: 0 from FinCom, 10 asked, 0 resolved, 30 still held (30 in the list)
2026-10-09 13:56:40  Recorder: Journal OLD-018 of 01-Apr-2026 (MasterID 900019, line b233old0…): asking Tally again (a held line, ask 1 of 1: one request; if it stops or fails the line ends with the Day Book words)
2026-10-09 13:56:40  Recorder: Journal OLD-018 of 01-Apr-2026 (MasterID 900019, line b233old0…): still held: Tally gave no voucher with MasterID 900019 on 01-Apr-2026
2026-10-09 13:56:40  Recorder: Journal OLD-034 of 01-Apr-2026 (MasterID 900035, line b233old0…): asking Tally again (a held line, ask 1 of 1: one request; if it stops or fails the line ends with the Day Book words)
2026-10-09 13:56:41  Recorder: Journal OLD-034 of 01-Apr-2026 (MasterID 900035, line b233old0…): still held: Tally gave no voucher with MasterID 900035 on 01-Apr-2026
2026-10-09 13:56:41  Recorder: Journal OLD-035 of 01-Apr-2026 (MasterID 900036, line b233old0…): asking Tally again (a held line, ask 1 of 1: one request; if it stops or fails the line ends with the Day Book words)
2026-10-09 13:56:41  Recorder: Journal OLD-035 of 01-Apr-2026 (MasterID 900036, line b233old0…): still held: Tally gave no voucher with MasterID 900036 on 01-Apr-2026
2026-10-09 13:56:41  Recorder: Journal OLD-036 of 01-Apr-2026 (MasterID 900037, line b233old0…): asking Tally again (a held line, ask 1 of 1: one request; if it stops or fails the line ends with the Day Book words)
2026-10-09 13:56:42  Recorder: entry fetch of FinCom Big Co: answered in 56 ms
2026-10-09 13:56:42  Recorder: Journal OLD-036 of 01-Apr-2026 (MasterID 900037, line b233old0…): still held: Tally gave no voucher with MasterID 900037 on 01-Apr-2026
2026-10-09 13:56:42  Recorder: Journal OLD-037 of 01-Apr-2026 (MasterID 900038, line b233old0…): asking Tally again (a held line, ask 1 of 1: one request; if it stops or fails the line ends with the Day Book words)
2026-10-09 13:56:42  Recorder: Journal OLD-037 of 01-Apr-2026 (MasterID 900038, line b233old0…): still held: Tally gave no voucher with MasterID 900038 on 01-Apr-2026
2026-10-09 13:56:42  Recorder: Journal OLD-039 of 01-Apr-2026 (MasterID 900040, line b233old0…): asking Tally again (a held line, ask 1 of 1: one request; if it stops or fails the line ends with the Day Book words)
2026-10-09 13:56:42  Recorder: Journal OLD-039 of 01-Apr-2026 (MasterID 900040, line b233old0…): still held: Tally gave no voucher with MasterID 900040 on 01-Apr-2026
2026-10-09 13:56:42  Recorder: Journal OLD-040 of 01-Apr-2026 (MasterID 900041, line b233old0…): asking Tally again (a held line, ask 1 of 1: one request; if it stops or fails the line ends with the Day Book words)
2026-10-09 13:56:43  Recorder: Journal OLD-040 of 01-Apr-2026 (MasterID 900041, line b233old0…): still held: Tally gave no voucher with MasterID 900041 on 01-Apr-2026
2026-10-09 13:56:43  Recorder: Journal OLD-041 of 01-Apr-2026 (MasterID 900042, line b233old0…): asking Tally again (a held line, ask 1 of 1: one request; if it stops or fails the line ends with the Day Book words)
2026-10-09 13:56:43  Recorder: Journal OLD-041 of 01-Apr-2026 (MasterID 900042, line b233old0…): still held: Tally gave no voucher with MasterID 900042 on 01-Apr-2026
2026-10-09 13:56:43  Recorder: Journal OLD-042 of 01-Apr-2026 (MasterID 900043, line b233old0…): asking Tally again (a held line, ask 1 of 1: one request; if it stops or fails the line ends with the Day Book words)
2026-10-09 13:56:44  Recorder: Journal OLD-042 of 01-Apr-2026 (MasterID 900043, line b233old0…): still held: Tally gave no voucher with MasterID 900043 on 01-Apr-2026
2026-10-09 13:56:44  Recorder: Journal OLD-044 of 01-Apr-2026 (MasterID 900045, line b233old0…): asking Tally again (a held line, ask 1 of 1: one request; if it stops or fails the line ends with the Day Book words)
2026-10-09 13:56:44  Recorder: Journal OLD-044 of 01-Apr-2026 (MasterID 900045, line b233old0…): still held: Tally gave no voucher with MasterID 900045 on 01-Apr-2026
2026-10-09 13:56:44  Recorder: Journal OLD-018 of 01-Apr-2026 (MasterID 900019, line b233old0…): held: Tally did not give this entry when asked again; upload that day's Day Book to settle it (ended: not asked of Tally again)
2026-10-09 13:56:44  Recorder: Journal OLD-034 of 01-Apr-2026 (MasterID 900035, line b233old0…): held: Tally did not give this entry when asked again; upload that day's Day Book to settle it (ended: not asked of Tally again)
2026-10-09 13:56:44  Recorder: Journal OLD-035 of 01-Apr-2026 (MasterID 900036, line b233old0…): held: Tally did not give this entry when asked again; upload that day's Day Book to settle it (ended: not asked of Tally again)
2026-10-09 13:56:44  Recorder: Journal OLD-036 of 01-Apr-2026 (MasterID 900037, line b233old0…): held: Tally did not give this entry when asked again; upload that day's Day Book to settle it (ended: not asked of Tally again)
2026-10-09 13:56:44  Recorder: Journal OLD-037 of 01-Apr-2026 (MasterID 900038, line b233old0…): held: Tally did not give this entry when asked again; upload that day's Day Book to settle it (ended: not asked of Tally again)
2026-10-09 13:56:44  Recorder: Journal OLD-039 of 01-Apr-2026 (MasterID 900040, line b233old0…): held: Tally did not give this entry when asked again; upload that day's Day Book to settle it (ended: not asked of Tally again)
2026-10-09 13:56:44  Recorder: Journal OLD-040 of 01-Apr-2026 (MasterID 900041, line b233old0…): held: Tally did not give this entry when asked again; upload that day's Day Book to settle it (ended: not asked of Tally again)
2026-10-09 13:56:44  Recorder: Journal OLD-041 of 01-Apr-2026 (MasterID 900042, line b233old0…): held: Tally did not give this entry when asked again; upload that day's Day Book to settle it (ended: not asked of Tally again)
2026-10-09 13:56:44  Recorder: Journal OLD-042 of 01-Apr-2026 (MasterID 900043, line b233old0…): held: Tally did not give this entry when asked again; upload that day's Day Book to settle it (ended: not asked of Tally again)
2026-10-09 13:56:44  Recorder: Journal OLD-044 of 01-Apr-2026 (MasterID 900045, line b233old0…): held: Tally did not give this entry when asked again; upload that day's Day Book to settle it (ended: not asked of Tally again)
2026-10-09 13:56:44  Recorder: held lines: 0 from FinCom, 10 asked, 0 resolved, 20 still held (20 in the list)
2026-10-09 13:56:44  Recorder: Journal OLD-023 of 01-Apr-2026 (MasterID 900024, line b233old0…): asking Tally again (a held line, ask 1 of 1: one request; if it stops or fails the line ends with the Day Book words)
2026-10-09 13:56:44  Recorder: Journal OLD-023 of 01-Apr-2026 (MasterID 900024, line b233old0…): still held: Tally gave no voucher with MasterID 900024 on 01-Apr-2026
2026-10-09 13:56:44  Recorder: Journal OLD-045 of 01-Apr-2026 (MasterID 900046, line b233old0…): asking Tally again (a held line, ask 1 of 1: one request; if it stops or fails the line ends with the Day Book words)
2026-10-09 13:56:45  Recorder: Journal OLD-045 of 01-Apr-2026 (MasterID 900046, line b233old0…): still held: Tally gave no voucher with MasterID 900046 on 01-Apr-2026
2026-10-09 13:56:45  Recorder: Journal OLD-046 of 01-Apr-2026 (MasterID 900047, line b233old0…): asking Tally again (a held line, ask 1 of 1: one request; if it stops or fails the line ends with the Day Book words)
2026-10-09 13:56:45  Refused a request from a program of another Windows user (/status): not your FinCom Bridge
2026-10-09 13:56:45  Recorder: Journal OLD-046 of 01-Apr-2026 (MasterID 900047, line b233old0…): still held: Tally gave no voucher with MasterID 900047 on 01-Apr-2026
2026-10-09 13:56:45  Recorder: Journal OLD-047 of 01-Apr-2026 (MasterID 900048, line b233old0…): asking Tally again (a held line, ask 1 of 1: one request; if it stops or fails the line ends with the Day Book words)
2026-10-09 13:56:46  Recorder: Journal OLD-047 of 01-Apr-2026 (MasterID 900048, line b233old0…): still held: Tally gave no voucher with MasterID 900048 on 01-Apr-2026
2026-10-09 13:56:46  Recorder: Journal OLD-049 of 01-Apr-2026 (MasterID 900050, line b233old0…): asking Tally again (a held line, ask 1 of 1: one request; if it stops or fails the line ends with the Day Book words)
2026-10-09 13:56:46  Recorder: Journal OLD-049 of 01-Apr-2026 (MasterID 900050, line b233old0…): still held: Tally gave no voucher with MasterID 900050 on 01-Apr-2026
2026-10-09 13:56:46  Recorder: Journal OLD-023 of 01-Apr-2026 (MasterID 900024, line b233old0…): held: Tally did not give this entry when asked again; upload that day's Day Book to settle it (ended: not asked of Tally again)
2026-10-09 13:56:46  Recorder: Journal OLD-045 of 01-Apr-2026 (MasterID 900046, line b233old0…): held: Tally did not give this entry when asked again; upload that day's Day Book to settle it (ended: not asked of Tally again)
2026-10-09 13:56:46  Recorder: Journal OLD-046 of 01-Apr-2026 (MasterID 900047, line b233old0…): held: Tally did not give this entry when asked again; upload that day's Day Book to settle it (ended: not asked of Tally again)
2026-10-09 13:56:46  Recorder: Journal OLD-047 of 01-Apr-2026 (MasterID 900048, line b233old0…): held: Tally did not give this entry when asked again; upload that day's Day Book to settle it (ended: not asked of Tally again)
2026-10-09 13:56:46  Recorder: Journal OLD-049 of 01-Apr-2026 (MasterID 900050, line b233old0…): held: Tally did not give this entry when asked again; upload that day's Day Book to settle it (ended: not asked of Tally again)
2026-10-09 13:56:46  Recorder: held lines: 0 from FinCom, 5 asked, 0 resolved, 10 still held (10 in the list)
2026-10-09 13:56:46  Recorder: Journal OLD-028 of 01-Apr-2026 (MasterID 900029, line b233old0…): asking Tally again (a held line, ask 1 of 1: one request; if it stops or fails the line ends with the Day Book words)
2026-10-09 13:56:46  Recorder: Journal OLD-028 of 01-Apr-2026 (MasterID 900029, line b233old0…): still held: Tally gave no voucher with MasterID 900029 on 01-Apr-2026
2026-10-09 13:56:46  Recorder: Journal OLD-028 of 01-Apr-2026 (MasterID 900029, line b233old0…): held: Tally did not give this entry when asked again; upload that day's Day Book to settle it (ended: not asked of Tally again)
2026-10-09 13:56:46  Recorder: held lines: 0 from FinCom, 1 asked, 0 resolved, 5 still held (5 in the list)
2026-10-09 13:56:46  Recorder: Journal OLD-033 of 01-Apr-2026 (MasterID 900034, line b233old0…): asking Tally again (a held line, ask 1 of 1: one request; if it stops or fails the line ends with the Day Book words)
2026-10-09 13:56:47  Recorder: entry fetch of FinCom Big Co: answered in 44 ms
2026-10-09 13:56:47  Recorder: Journal OLD-033 of 01-Apr-2026 (MasterID 900034, line b233old0…): still held: Tally gave no voucher with MasterID 900034 on 01-Apr-2026
2026-10-09 13:56:47  Recorder: Journal OLD-033 of 01-Apr-2026 (MasterID 900034, line b233old0…): held: Tally did not give this entry when asked again; upload that day's Day Book to settle it (ended: not asked of Tally again)
2026-10-09 13:56:47  Recorder: held lines: 0 from FinCom, 1 asked, 0 resolved, 4 still held (4 in the list)
2026-10-09 13:56:47  Recorder: Journal OLD-038 of 01-Apr-2026 (MasterID 900039, line b233old0…): asking Tally again (a held line, ask 1 of 1: one request; if it stops or fails the line ends with the Day Book words)
2026-10-09 13:56:47  Recorder: Journal OLD-038 of 01-Apr-2026 (MasterID 900039, line b233old0…): still held: Tally gave no voucher with MasterID 900039 on 01-Apr-2026
2026-10-09 13:56:47  Recorder: Journal OLD-038 of 01-Apr-2026 (MasterID 900039, line b233old0…): held: Tally did not give this entry when asked again; upload that day's Day Book to settle it (ended: not asked of Tally again)
2026-10-09 13:56:47  Recorder: held lines: 0 from FinCom, 1 asked, 0 resolved, 3 still held (3 in the list)
2026-10-09 13:56:47  Recorder: Journal OLD-043 of 01-Apr-2026 (MasterID 900044, line b233old0…): asking Tally again (a held line, ask 1 of 1: one request; if it stops or fails the line ends with the Day Book words)
2026-10-09 13:56:48  Recorder: Journal OLD-043 of 01-Apr-2026 (MasterID 900044, line b233old0…): still held: Tally gave no voucher with MasterID 900044 on 01-Apr-2026
2026-10-09 13:56:48  Recorder: Journal OLD-043 of 01-Apr-2026 (MasterID 900044, line b233old0…): held: Tally did not give this entry when asked again; upload that day's Day Book to settle it (ended: not asked of Tally again)
2026-10-09 13:56:48  Recorder: held lines: 0 from FinCom, 1 asked, 0 resolved, 2 still held (2 in the list)
2026-10-09 13:56:48  Recorder: Journal OLD-048 of 01-Apr-2026 (MasterID 900049, line b233old0…): asking Tally again (a held line, ask 1 of 1: one request; if it stops or fails the line ends with the Day Book words)
2026-10-09 13:56:48  Recorder: entry fetch of FinCom Big Co: answered in 45 ms
2026-10-09 13:56:48  Recorder: Journal OLD-048 of 01-Apr-2026 (MasterID 900049, line b233old0…): still held: Tally gave no voucher with MasterID 900049 on 01-Apr-2026
2026-10-09 13:56:48  Recorder: Journal OLD-048 of 01-Apr-2026 (MasterID 900049, line b233old0…): held: Tally did not give this entry when asked again; upload that day's Day Book to settle it (ended: not asked of Tally again)
2026-10-09 13:56:48  Recorder: held lines: 0 from FinCom, 1 asked, 0 resolved, 1 still held (1 in the list)
2026-10-09 13:56:57  Recorder: FinCom asks again for 20 held line(s) of this bridge: 0 new in the held list, 0 asked afresh (tries of an older version), 0 there already, 20 resolved already, 0 not this bridge's own Tally's (company not open here or another GUID)
2026-10-09 13:57:23  Recorder: Sales 2 of 02-Apr-2026 (MasterID 4, line f8b75acd…): asking Tally by MasterID
2026-10-09 13:57:26  Tally 9000: Other took 2.2s and failed: Tally took longer than the recorder's limit; the bridge stopped waiting (2 s)
2026-10-09 13:57:26  Tally 9000 did not answer in time at 13:57:26 (FinComVoucherObject, try 1); trying again by itself at 13:57:41
2026-10-09 13:57:26  Recorder: entry fetch of FinCom Spike Co: over 2 s (stopped)
2026-10-09 13:57:26  Recorder: Sales 2 of 02-Apr-2026 (MasterID 4, line f8b75acd…): held at once: waiting: Tally took longer than 2 s; FinCom asks once more at 14:02 (sent now without its body; FinCom shows it held, and this bridge asks Tally once more)
2026-10-09 13:57:26  Recorder: Journal 3 of 01-Apr-2026 (MasterID 5, line 4bd0e305…): asking Tally by MasterID
2026-10-09 13:57:26  Recorder: Journal 3 of 01-Apr-2026 (MasterID 5, line 4bd0e305…): held at once: waiting: Tally busy; FinCom asks again at 13:57 (sent now without its body; FinCom shows it held, and this bridge asks Tally again)
2026-10-09 13:57:26  Recorder: Journal 8001 of 01-Apr-2026 (MasterID 40001, line c385d750…): asking Tally by MasterID
2026-10-09 13:57:26  Recorder: Journal 8001 of 01-Apr-2026 (MasterID 40001, line c385d750…): held at once: waiting: Tally busy; FinCom asks again at 13:57 (sent now without its body; FinCom shows it held, and this bridge asks Tally again)
2026-10-09 13:57:26  Recorder: Journal 4 of 01-Apr-2026 (MasterID 6, line f09d496e…): asking Tally by MasterID
2026-10-09 13:57:26  Recorder: Journal 4 of 01-Apr-2026 (MasterID 6, line f09d496e…): held at once: waiting: Tally busy; FinCom asks again at 13:57 (sent now without its body; FinCom shows it held, and this bridge asks Tally again)
2026-10-09 13:57:28  Tally 9000 finished the request the bridge stopped waiting for (FinComVoucherObject) 1.9s after the stop; its answer is discarded and the next request goes now
2026-10-09 13:57:28  Recorder: Journal 3 of 01-Apr-2026 (MasterID 5, line 4bd0e305…): asking Tally again (a held line, ask 1 of 2: one request; if it stops or fails the line ends with the Day Book words)
2026-10-09 13:57:29  Tally 9000 answered in time again (FinComVoucherObject): the background requests are back to normal
2026-10-09 13:57:29  Recorder: entry fetch of FinCom Spike Co: answered in 279 ms
2026-10-09 13:57:29  Recorder: Journal 3 of 01-Apr-2026 (MasterID 5, line 4bd0e305…): taken: Tally's GUID 6549f305-5564-4eb3-ab59-ac5b4ca6afe7-00000005, AlterID 5
2026-10-09 13:57:29  Recorder: Journal 3 of 20260401 in FinCom Spike Co resolved: sent as created with its GUID 6549f305-5564-4eb3-ab59-ac5b4ca6afe7-00000005 and body
2026-10-09 13:57:29  Recorder: held lines: 0 from FinCom, 1 asked, 1 resolved, 3 still held (4 in the list)
2026-10-09 13:57:29  Recorder: Journal 8002 of 01-Apr-2026 (MasterID 40002, line e5dd74f8…): asking Tally by MasterID
2026-10-09 13:57:29  Recorder: Journal 8002 of 01-Apr-2026 (MasterID 40002, line e5dd74f8…): taken: Tally's GUID f7caf952-229d-439c-8bb1-716942707be0-00009c42, AlterID 40002
2026-10-09 13:57:29  Renumbering: made Journal 8002 of 01-Apr-2026 in FinCom Big Co: FinCom holds 0 later Journal entries; each is read again from Tally to see whether Tally renumbered it
2026-10-09 13:57:29  Recorder: Journal 8001 of 01-Apr-2026 (MasterID 40001, line c385d750…): asking Tally again (a held line, ask 1 of 2: one request; if it stops or fails the line ends with the Day Book words)
2026-10-09 13:57:30  Recorder: entry fetch of FinCom Big Co: answered in 57 ms
2026-10-09 13:57:30  Recorder: Journal 8001 of 01-Apr-2026 (MasterID 40001, line c385d750…): taken: Tally's GUID f7caf952-229d-439c-8bb1-716942707be0-00009c41, AlterID 40001
2026-10-09 13:57:30  Recorder: Journal 8001 of 20260401 in FinCom Big Co resolved: sent as created with its GUID f7caf952-229d-439c-8bb1-716942707be0-00009c41 and body
2026-10-09 13:57:30  Recorder: held lines: 0 from FinCom, 1 asked, 1 resolved, 3 still held (4 in the list)
2026-10-09 13:57:30  Recorder: Journal 5 of 01-Apr-2026 (MasterID 7, line 59b6ce57…): asking Tally by MasterID
2026-10-09 13:57:30  Recorder: entry fetch of FinCom Spike Co: answered in 50 ms
2026-10-09 13:57:30  Recorder: Journal 5 of 01-Apr-2026 (MasterID 7, line 59b6ce57…): taken: Tally's GUID 6549f305-5564-4eb3-ab59-ac5b4ca6afe7-00000007, AlterID 7
2026-10-09 13:57:30  Recorder: Journal 8003 of 01-Apr-2026 (MasterID 40003, line 63aca256…): asking Tally by MasterID
2026-10-09 13:57:30  Recorder: entry fetch of FinCom Big Co: answered in 52 ms
2026-10-09 13:57:30  Recorder: Journal 8003 of 01-Apr-2026 (MasterID 40003, line 63aca256…): taken: Tally's GUID f7caf952-229d-439c-8bb1-716942707be0-00009c43, AlterID 40003
2026-10-09 13:57:30  Recorder: Journal 4 of 01-Apr-2026 (MasterID 6, line f09d496e…): asking Tally again (a held line, ask 1 of 2: one request; if it stops or fails the line ends with the Day Book words)
2026-10-09 13:57:31  Recorder: entry fetch of FinCom Spike Co: answered in 51 ms
2026-10-09 13:57:31  Recorder: Journal 4 of 01-Apr-2026 (MasterID 6, line f09d496e…): taken: Tally's GUID 6549f305-5564-4eb3-ab59-ac5b4ca6afe7-00000006, AlterID 6
2026-10-09 13:57:31  Recorder: Journal 4 of 20260401 in FinCom Spike Co resolved: sent as created with its GUID 6549f305-5564-4eb3-ab59-ac5b4ca6afe7-00000006 and body
2026-10-09 13:57:31  Recorder: held lines: 0 from FinCom, 1 asked, 1 resolved, 1 still held (2 in the list)
2026-10-09 13:57:31  Renumbering: made Journal 8001 of 01-Apr-2026 in FinCom Big Co: FinCom holds 0 later Journal entries; each is read again from Tally to see whether Tally renumbered it
2026-10-09 13:57:32  Renumbering: made Journal 3 of 01-Apr-2026 in FinCom Spike Co: FinCom holds 0 later Journal entries; each is read again from Tally to see whether Tally renumbered it
2026-10-09 13:57:57  Recorder: 10 held line(s) an earlier bridge ended with the Day Book words are asked once more with the fast request (one request each); answered, each goes to FinCom with Tally's GUID and body
2026-10-09 13:57:57  Recorder: FinCom holds 20 line(s) of this computer without their entry: 20 new in the held list, 0 there already, 0 resolved or sent with their body already, 0 not taken (not this company's, no date, or nothing to ask Tally by)
2026-10-09 13:57:57  Recorder: FinCom holds 20 line(s) of this computer without their entry; each is asked of Tally again (by its MasterID, else its number) and sent with Tally's GUID and body once Tally gives it
2026-10-09 13:57:57  Recorder: Journal of 01-Apr-2026 (MasterID 40004, line f234held…): not asked this turn: 10 held lines asked already; asked in a later turn
2026-10-09 13:57:57  Recorder: Journal of 01-Apr-2026 (MasterID 40005, line f234held…): not asked this turn: 10 held lines asked already; asked in a later turn
2026-10-09 13:57:57  Recorder: Journal of 01-Apr-2026 (MasterID 40006, line f234held…): not asked this turn: 10 held lines asked already; asked in a later turn
2026-10-09 13:57:57  Recorder: Journal of 01-Apr-2026 (MasterID 40007, line f234held…): not asked this turn: 10 held lines asked already; asked in a later turn
2026-10-09 13:57:57  Recorder: Journal of 01-Apr-2026 (MasterID 40008, line f234held…): not asked this turn: 10 held lines asked already; asked in a later turn
2026-10-09 13:57:57  Recorder: Journal of 01-Apr-2026 (MasterID 40009, line f234held…): not asked this turn: 10 held lines asked already; asked in a later turn
2026-10-09 13:57:57  Recorder: Journal of 01-Apr-2026 (MasterID 40010, line f234held…): not asked this turn: 10 held lines asked already; asked in a later turn
2026-10-09 13:57:57  Recorder: Journal of 01-Apr-2026 (MasterID 40011, line f234held…): not asked this turn: 10 held lines asked already; asked in a later turn
2026-10-09 13:57:57  Recorder: Journal of 01-Apr-2026 (MasterID 40012, line f234held…): not asked this turn: 10 held lines asked already; asked in a later turn
2026-10-09 13:57:57  Recorder: Journal of 01-Apr-2026 (MasterID 40013, line f234held…): not asked this turn: 10 held lines asked already; asked in a later turn
2026-10-09 13:57:57  Recorder: Journal of 01-Apr-2026 (MasterID 40014, line f234end0…): asking Tally again (a held line, ask 1 of 1: one request; if it stops or fails the line ends with the Day Book words)
2026-10-09 13:57:58  Recorder: Journal 8014 of 01-Apr-2026 (MasterID 40014, line f234end0…): taken: Tally's GUID f7caf952-229d-439c-8bb1-716942707be0-00009c4e, AlterID 40014
2026-10-09 13:57:58  Recorder: Journal  of 20260401 in FinCom Big Co resolved: sent as created with its GUID f7caf952-229d-439c-8bb1-716942707be0-00009c4e and body
2026-10-09 13:57:58  Recorder: Journal of 01-Apr-2026 (MasterID 40015, line f234end0…): asking Tally again (a held line, ask 1 of 1: one request; if it stops or fails the line ends with the Day Book words)
2026-10-09 13:57:58  Recorder: Journal 8015 of 01-Apr-2026 (MasterID 40015, line f234end0…): taken: Tally's GUID f7caf952-229d-439c-8bb1-716942707be0-00009c4f, AlterID 40015
2026-10-09 13:57:58  Recorder: Journal  of 20260401 in FinCom Big Co resolved: sent as created with its GUID f7caf952-229d-439c-8bb1-716942707be0-00009c4f and body
2026-10-09 13:57:58  Recorder: Journal of 01-Apr-2026 (MasterID 40016, line f234end0…): asking Tally again (a held line, ask 1 of 1: one request; if it stops or fails the line ends with the Day Book words)
2026-10-09 13:57:59  Recorder: Journal 8016 of 01-Apr-2026 (MasterID 40016, line f234end0…): taken: Tally's GUID f7caf952-229d-439c-8bb1-716942707be0-00009c50, AlterID 40016
2026-10-09 13:57:59  Recorder: Journal  of 20260401 in FinCom Big Co resolved: sent as created with its GUID f7caf952-229d-439c-8bb1-716942707be0-00009c50 and body
2026-10-09 13:57:59  Recorder: Journal of 01-Apr-2026 (MasterID 40017, line f234end0…): asking Tally again (a held line, ask 1 of 1: one request; if it stops or fails the line ends with the Day Book words)
2026-10-09 13:57:59  Recorder: entry fetch of FinCom Big Co: answered in 59 ms
2026-10-09 13:57:59  Recorder: Journal 8017 of 01-Apr-2026 (MasterID 40017, line f234end0…): taken: Tally's GUID f7caf952-229d-439c-8bb1-716942707be0-00009c51, AlterID 40017
2026-10-09 13:57:59  Recorder: Journal  of 20260401 in FinCom Big Co resolved: sent as created with its GUID f7caf952-229d-439c-8bb1-716942707be0-00009c51 and body
2026-10-09 13:57:59  Recorder: Journal of 01-Apr-2026 (MasterID 40018, line f234end0…): asking Tally again (a held line, ask 1 of 1: one request; if it stops or fails the line ends with the Day Book words)
2026-10-09 13:58:00  Recorder: Journal 8018 of 01-Apr-2026 (MasterID 40018, line f234end0…): taken: Tally's GUID f7caf952-229d-439c-8bb1-716942707be0-00009c52, AlterID 40018
2026-10-09 13:58:00  Recorder: Journal  of 20260401 in FinCom Big Co resolved: sent as created with its GUID f7caf952-229d-439c-8bb1-716942707be0-00009c52 and body
2026-10-09 13:58:00  Recorder: Journal of 01-Apr-2026 (MasterID 40019, line f234end0…): asking Tally again (a held line, ask 1 of 1: one request; if it stops or fails the line ends with the Day Book words)
2026-10-09 13:58:00  Recorder: entry fetch of FinCom Big Co: answered in 63 ms
2026-10-09 13:58:00  Recorder: Journal 8019 of 01-Apr-2026 (MasterID 40019, line f234end0…): taken: Tally's GUID f7caf952-229d-439c-8bb1-716942707be0-00009c53, AlterID 40019
2026-10-09 13:58:00  Recorder: Journal  of 20260401 in FinCom Big Co resolved: sent as created with its GUID f7caf952-229d-439c-8bb1-716942707be0-00009c53 and body
2026-10-09 13:58:00  Recorder: Journal of 01-Apr-2026 (MasterID 40020, line f234end0…): asking Tally again (a held line, ask 1 of 1: one request; if it stops or fails the line ends with the Day Book words)
2026-10-09 13:58:01  Recorder: Journal 8020 of 01-Apr-2026 (MasterID 40020, line f234end0…): taken: Tally's GUID f7caf952-229d-439c-8bb1-716942707be0-00009c54, AlterID 40020
2026-10-09 13:58:01  Recorder: Journal  of 20260401 in FinCom Big Co resolved: sent as created with its GUID f7caf952-229d-439c-8bb1-716942707be0-00009c54 and body
2026-10-09 13:58:01  Recorder: Journal of 01-Apr-2026 (MasterID 40021, line f234end0…): asking Tally again (a held line, ask 1 of 1: one request; if it stops or fails the line ends with the Day Book words)
2026-10-09 13:58:01  Recorder: Journal 8021 of 01-Apr-2026 (MasterID 40021, line f234end0…): taken: Tally's GUID f7caf952-229d-439c-8bb1-716942707be0-00009c55, AlterID 40021
2026-10-09 13:58:01  Recorder: Journal  of 20260401 in FinCom Big Co resolved: sent as created with its GUID f7caf952-229d-439c-8bb1-716942707be0-00009c55 and body
2026-10-09 13:58:01  Recorder: Journal of 01-Apr-2026 (MasterID 40022, line f234end0…): asking Tally again (a held line, ask 1 of 1: one request; if it stops or fails the line ends with the Day Book words)
2026-10-09 13:58:01  Recorder: Journal 8022 of 01-Apr-2026 (MasterID 40022, line f234end0…): taken: Tally's GUID f7caf952-229d-439c-8bb1-716942707be0-00009c56, AlterID 40022
2026-10-09 13:58:01  Recorder: Journal  of 20260401 in FinCom Big Co resolved: sent as created with its GUID f7caf952-229d-439c-8bb1-716942707be0-00009c56 and body
2026-10-09 13:58:01  Recorder: Journal of 01-Apr-2026 (MasterID 40023, line f234end1…): asking Tally again (a held line, ask 1 of 1: one request; if it stops or fails the line ends with the Day Book words)
2026-10-09 13:58:02  Recorder: entry fetch of FinCom Big Co: answered in 61 ms
2026-10-09 13:58:02  Recorder: Journal 8023 of 01-Apr-2026 (MasterID 40023, line f234end1…): taken: Tally's GUID f7caf952-229d-439c-8bb1-716942707be0-00009c57, AlterID 40023
2026-10-09 13:58:02  Recorder: Journal  of 20260401 in FinCom Big Co resolved: sent as created with its GUID f7caf952-229d-439c-8bb1-716942707be0-00009c57 and body
2026-10-09 13:58:02  Recorder: held lines: 20 from FinCom, 10 asked, 10 resolved, 11 still held (21 in the list)
2026-10-09 13:58:02  Renumbering: made Journal 8014 of 01-Apr-2026 in FinCom Big Co: FinCom holds 0 later Journal entries; each is read again from Tally to see whether Tally renumbered it
2026-10-09 13:58:02  Recorder: Journal of 01-Apr-2026 (MasterID 40004, line f234held…): asking Tally again (a held line, ask 1 of 1: one request; if it stops or fails the line ends with the Day Book words)
2026-10-09 13:58:02  Recorder: Journal 8004 of 01-Apr-2026 (MasterID 40004, line f234held…): taken: Tally's GUID f7caf952-229d-439c-8bb1-716942707be0-00009c44, AlterID 40004
2026-10-09 13:58:02  Recorder: Journal  of 20260401 in FinCom Big Co resolved: sent as created with its GUID f7caf952-229d-439c-8bb1-716942707be0-00009c44 and body
2026-10-09 13:58:02  Recorder: Journal of 01-Apr-2026 (MasterID 40005, line f234held…): asking Tally again (a held line, ask 1 of 1: one request; if it stops or fails the line ends with the Day Book words)
2026-10-09 13:58:03  Recorder: Journal 8005 of 01-Apr-2026 (MasterID 40005, line f234held…): taken: Tally's GUID f7caf952-229d-439c-8bb1-716942707be0-00009c45, AlterID 40005
2026-10-09 13:58:03  Recorder: Journal  of 20260401 in FinCom Big Co resolved: sent as created with its GUID f7caf952-229d-439c-8bb1-716942707be0-00009c45 and body
2026-10-09 13:58:03  Recorder: Journal of 01-Apr-2026 (MasterID 40006, line f234held…): asking Tally again (a held line, ask 1 of 1: one request; if it stops or fails the line ends with the Day Book words)
2026-10-09 13:58:03  Recorder: Journal 8006 of 01-Apr-2026 (MasterID 40006, line f234held…): taken: Tally's GUID f7caf952-229d-439c-8bb1-716942707be0-00009c46, AlterID 40006
2026-10-09 13:58:03  Recorder: Journal  of 20260401 in FinCom Big Co resolved: sent as created with its GUID f7caf952-229d-439c-8bb1-716942707be0-00009c46 and body
2026-10-09 13:58:03  Recorder: Journal of 01-Apr-2026 (MasterID 40007, line f234held…): asking Tally again (a held line, ask 1 of 1: one request; if it stops or fails the line ends with the Day Book words)
2026-10-09 13:58:03  Recorder: Journal 8007 of 01-Apr-2026 (MasterID 40007, line f234held…): taken: Tally's GUID f7caf952-229d-439c-8bb1-716942707be0-00009c47, AlterID 40007
2026-10-09 13:58:03  Recorder: Journal  of 20260401 in FinCom Big Co resolved: sent as created with its GUID f7caf952-229d-439c-8bb1-716942707be0-00009c47 and body
2026-10-09 13:58:03  Recorder: Journal of 01-Apr-2026 (MasterID 40008, line f234held…): asking Tally again (a held line, ask 1 of 1: one request; if it stops or fails the line ends with the Day Book words)
2026-10-09 13:58:04  Recorder: entry fetch of FinCom Big Co: answered in 62 ms
2026-10-09 13:58:04  Recorder: Journal 8008 of 01-Apr-2026 (MasterID 40008, line f234held…): taken: Tally's GUID f7caf952-229d-439c-8bb1-716942707be0-00009c48, AlterID 40008
2026-10-09 13:58:04  Recorder: Journal  of 20260401 in FinCom Big Co resolved: sent as created with its GUID f7caf952-229d-439c-8bb1-716942707be0-00009c48 and body
2026-10-09 13:58:04  Recorder: Journal of 01-Apr-2026 (MasterID 40009, line f234held…): asking Tally again (a held line, ask 1 of 1: one request; if it stops or fails the line ends with the Day Book words)
2026-10-09 13:58:04  Recorder: entry fetch of FinCom Big Co: answered in 69 ms
2026-10-09 13:58:04  Recorder: Journal 8009 of 01-Apr-2026 (MasterID 40009, line f234held…): taken: Tally's GUID f7caf952-229d-439c-8bb1-716942707be0-00009c49, AlterID 40009
2026-10-09 13:58:04  Recorder: Journal  of 20260401 in FinCom Big Co resolved: sent as created with its GUID f7caf952-229d-439c-8bb1-716942707be0-00009c49 and body
2026-10-09 13:58:04  Recorder: Journal of 01-Apr-2026 (MasterID 40010, line f234held…): asking Tally again (a held line, ask 1 of 1: one request; if it stops or fails the line ends with the Day Book words)
2026-10-09 13:58:05  Recorder: Journal 8010 of 01-Apr-2026 (MasterID 40010, line f234held…): taken: Tally's GUID f7caf952-229d-439c-8bb1-716942707be0-00009c4a, AlterID 40010
2026-10-09 13:58:05  Recorder: Journal  of 20260401 in FinCom Big Co resolved: sent as created with its GUID f7caf952-229d-439c-8bb1-716942707be0-00009c4a and body
2026-10-09 13:58:05  Recorder: Journal of 01-Apr-2026 (MasterID 40011, line f234held…): asking Tally again (a held line, ask 1 of 1: one request; if it stops or fails the line ends with the Day Book words)
2026-10-09 13:58:05  Recorder: Journal 8011 of 01-Apr-2026 (MasterID 40011, line f234held…): taken: Tally's GUID f7caf952-229d-439c-8bb1-716942707be0-00009c4b, AlterID 40011
2026-10-09 13:58:05  Recorder: Journal  of 20260401 in FinCom Big Co resolved: sent as created with its GUID f7caf952-229d-439c-8bb1-716942707be0-00009c4b and body
2026-10-09 13:58:05  Recorder: Journal of 01-Apr-2026 (MasterID 40012, line f234held…): asking Tally again (a held line, ask 1 of 1: one request; if it stops or fails the line ends with the Day Book words)
2026-10-09 13:58:05  Recorder: Journal 8012 of 01-Apr-2026 (MasterID 40012, line f234held…): taken: Tally's GUID f7caf952-229d-439c-8bb1-716942707be0-00009c4c, AlterID 40012
2026-10-09 13:58:05  Recorder: Journal  of 20260401 in FinCom Big Co resolved: sent as created with its GUID f7caf952-229d-439c-8bb1-716942707be0-00009c4c and body
2026-10-09 13:58:05  Recorder: Journal of 01-Apr-2026 (MasterID 40013, line f234held…): asking Tally again (a held line, ask 1 of 1: one request; if it stops or fails the line ends with the Day Book words)
2026-10-09 13:58:06  Recorder: Journal 8013 of 01-Apr-2026 (MasterID 40013, line f234held…): taken: Tally's GUID f7caf952-229d-439c-8bb1-716942707be0-00009c4d, AlterID 40013
2026-10-09 13:58:06  Recorder: Journal  of 20260401 in FinCom Big Co resolved: sent as created with its GUID f7caf952-229d-439c-8bb1-716942707be0-00009c4d and body
2026-10-09 13:58:06  Recorder: held lines: 10 from FinCom, 10 asked, 10 resolved, 1 still held (11 in the list)
2026-10-09 13:58:06  Renumbering: made Journal 8004 of 01-Apr-2026 in FinCom Big Co: FinCom holds 0 later Journal entries; each is read again from Tally to see whether Tally renumbered it
2026-10-09 13:59:43  Recorder: Journal 5 of 01-Apr-2026 (MasterID 7, line c0f445c3…): asking Tally by MasterID
2026-10-09 13:59:43  Recorder: entry fetch of FinCom Spike Co: answered in 55 ms
2026-10-09 13:59:44  Recorder: entry fetch of FinCom Spike Co: answered in 41 ms
2026-10-09 13:59:44  Recorder: FinCom Spike Co: delete of mid 7: not in this Tally (asked by MasterID): proven deleted here
2026-10-09 13:59:44  Recorder: FinCom Spike Co: delete of mid 7: GUID from the bridge's record: 6549f305-5564-4eb3-ab59-ac5b4ca6afe7-00000007; the GUID its MasterID makes agrees
2026-10-09 13:59:44  Renumbering: deleted Journal 5 of 01-Apr-2026 in FinCom Spike Co: FinCom holds 0 later Journal entries; each is read again from Tally to see whether Tally renumbered it
2026-10-09 14:00:01  Recorder: Journal 6 of 01-Apr-2026 (MasterID 9, line 7df862a4…): asking Tally by MasterID
2026-10-09 14:00:01  Recorder: entry fetch of FinCom Spike Co: answered in 38 ms
2026-10-09 14:00:01  Recorder: Journal 6 of 01-Apr-2026 (MasterID 9, line 7df862a4…): taken: Tally's GUID 6549f305-5564-4eb3-ab59-ac5b4ca6afe7-00000009, AlterID 10
2026-10-09 14:00:01  Renumbering: made Journal 6 of 01-Apr-2026 in FinCom Spike Co: FinCom holds 0 later Journal entries; each is read again from Tally to see whether Tally renumbered it
2026-10-09 14:00:02  Recorder: Journal 8024 of 01-Apr-2026 (MasterID 40024, line 8ef9ee0e…): asking Tally by MasterID
2026-10-09 14:00:02  Recorder: Journal 8024 of 01-Apr-2026 (MasterID 40024, line 8ef9ee0e…): taken: Tally's GUID f7caf952-229d-439c-8bb1-716942707be0-00009c58, AlterID 40024
2026-10-09 14:00:02  Renumbering: made Journal 8024 of 01-Apr-2026 in FinCom Big Co: FinCom holds 0 later Journal entries; each is read again from Tally to see whether Tally renumbered it
2026-10-09 14:00:04  Recorder: Journal 8025 of 01-Apr-2026 (MasterID 40025, line 6af13049…): asking Tally by MasterID
2026-10-09 14:00:04  Recorder: Journal 8025 of 01-Apr-2026 (MasterID 40025, line 6af13049…): taken: Tally's GUID f7caf952-229d-439c-8bb1-716942707be0-00009c59, AlterID 40025
2026-10-09 14:00:04  Renumbering: made Journal 8025 of 01-Apr-2026 in FinCom Big Co: FinCom holds 0 later Journal entries; each is read again from Tally to see whether Tally renumbered it
2026-10-09 14:00:06  Recorder: Journal 7 of 01-Apr-2026 (MasterID 10, line 8045714b…): asking Tally by MasterID
2026-10-09 14:00:06  Recorder: Journal 7 of 01-Apr-2026 (MasterID 10, line 8045714b…): taken: Tally's GUID 6549f305-5564-4eb3-ab59-ac5b4ca6afe7-0000000a, AlterID 11
2026-10-09 14:00:06  Renumbering: made Journal 7 of 01-Apr-2026 in FinCom Spike Co: FinCom holds 0 later Journal entries; each is read again from Tally to see whether Tally renumbered it
2026-10-09 14:00:27  Recorder: FinCom holds 10 line(s) of this computer without their entry: 10 new in the held list, 0 there already, 0 resolved or sent with their body already, 0 not taken (not this company's, no date, or nothing to ask Tally by)
2026-10-09 14:00:27  Recorder: FinCom holds 10 line(s) of this computer without their entry; each is asked of Tally again (by its MasterID, else its number) and sent with Tally's GUID and body once Tally gives it
2026-10-09 14:00:27  Recorder: Journal of 01-Apr-2026 (MasterID 800001, line b233hl01…): asking Tally again (a held line, ask 1 of 1: one request; if it stops or fails the line ends with the Day Book words)
2026-10-09 14:00:29  Recorder: entry fetch of FinCom Spike Co: answered in 1537 ms
2026-10-09 14:00:29  Recorder: Journal of 01-Apr-2026 (MasterID 800001, line b233hl01…): still held: Tally gave no voucher with MasterID 800001 on 01-Apr-2026
2026-10-09 14:00:29  Recorder: Journal of 01-Apr-2026 (MasterID 800002, line b233hl02…): asking Tally again (a held line, ask 1 of 1: one request; if it stops or fails the line ends with the Day Book words)
2026-10-09 14:00:31  Recorder: entry fetch of FinCom Spike Co: answered in 1555 ms
2026-10-09 14:00:31  Recorder: Journal of 01-Apr-2026 (MasterID 800002, line b233hl02…): still held: Tally gave no voucher with MasterID 800002 on 01-Apr-2026
2026-10-09 14:00:31  Recorder: Journal of 01-Apr-2026 (MasterID 800003, line b233hl03…): asking Tally again (a held line, ask 1 of 1: one request; if it stops or fails the line ends with the Day Book words)
2026-10-09 14:00:33  Recorder: Journal of 01-Apr-2026 (MasterID 800003, line b233hl03…): still held: Tally gave no voucher with MasterID 800003 on 01-Apr-2026
2026-10-09 14:00:33  Recorder: Journal of 01-Apr-2026 (MasterID 800001, line b233hl01…): held: Tally did not give this entry when asked again; upload that day's Day Book to settle it (ended: not asked of Tally again)
2026-10-09 14:00:33  Recorder: Journal of 01-Apr-2026 (MasterID 800002, line b233hl02…): held: Tally did not give this entry when asked again; upload that day's Day Book to settle it (ended: not asked of Tally again)
2026-10-09 14:00:33  Recorder: Journal of 01-Apr-2026 (MasterID 800003, line b233hl03…): held: Tally did not give this entry when asked again; upload that day's Day Book to settle it (ended: not asked of Tally again)
2026-10-09 14:00:33  Recorder: held lines: 10 from FinCom, 3 asked, 0 resolved, 11 still held (11 in the list)
2026-10-09 14:00:33  Recorder: Journal 8 of 01-Apr-2026 (MasterID 11, line cbff5ee0…): asking Tally by MasterID
2026-10-09 14:00:35  Recorder: entry fetch of FinCom Spike Co: answered in 1546 ms
2026-10-09 14:00:35  Recorder: Journal 8 of 01-Apr-2026 (MasterID 11, line cbff5ee0…): taken: Tally's GUID 6549f305-5564-4eb3-ab59-ac5b4ca6afe7-0000000b, AlterID 12
2026-10-09 14:00:35  Renumbering: made Journal 8 of 01-Apr-2026 in FinCom Spike Co: FinCom holds 0 later Journal entries; each is read again from Tally to see whether Tally renumbered it
2026-10-09 14:00:35  Recorder: Journal of 01-Apr-2026 (MasterID 800004, line b233hl04…): asking Tally again (a held line, ask 1 of 1: one request; if it stops or fails the line ends with the Day Book words)
2026-10-09 14:00:37  Recorder: entry fetch of FinCom Spike Co: answered in 1548 ms
2026-10-09 14:00:37  Recorder: Journal of 01-Apr-2026 (MasterID 800004, line b233hl04…): still held: Tally gave no voucher with MasterID 800004 on 01-Apr-2026
2026-10-09 14:00:37  Recorder: Journal of 01-Apr-2026 (MasterID 800005, line b233hl05…): asking Tally again (a held line, ask 1 of 1: one request; if it stops or fails the line ends with the Day Book words)
2026-10-09 14:00:39  Recorder: entry fetch of FinCom Spike Co: answered in 1539 ms
2026-10-09 14:00:39  Recorder: Journal of 01-Apr-2026 (MasterID 800005, line b233hl05…): still held: Tally gave no voucher with MasterID 800005 on 01-Apr-2026
2026-10-09 14:00:39  Recorder: Journal of 01-Apr-2026 (MasterID 800006, line b233hl06…): asking Tally again (a held line, ask 1 of 1: one request; if it stops or fails the line ends with the Day Book words)
2026-10-09 14:00:41  Recorder: entry fetch of FinCom Spike Co: answered in 1540 ms
2026-10-09 14:00:41  Recorder: Journal of 01-Apr-2026 (MasterID 800006, line b233hl06…): still held: Tally gave no voucher with MasterID 800006 on 01-Apr-2026
2026-10-09 14:00:41  Recorder: Journal of 01-Apr-2026 (MasterID 800007, line b233hl07…): asking Tally again (a held line, ask 1 of 1: one request; if it stops or fails the line ends with the Day Book words)
2026-10-09 14:00:43  Recorder: entry fetch of FinCom Spike Co: answered in 1530 ms
2026-10-09 14:00:43  Recorder: Journal of 01-Apr-2026 (MasterID 800007, line b233hl07…): still held: Tally gave no voucher with MasterID 800007 on 01-Apr-2026
2026-10-09 14:00:43  Recorder: Journal of 01-Apr-2026 (MasterID 800008, line b233hl08…): asking Tally again (a held line, ask 1 of 1: one request; if it stops or fails the line ends with the Day Book words)
2026-10-09 14:00:45  Recorder: entry fetch of FinCom Spike Co: answered in 1544 ms
2026-10-09 14:00:45  Recorder: Journal of 01-Apr-2026 (MasterID 800008, line b233hl08…): still held: Tally gave no voucher with MasterID 800008 on 01-Apr-2026
2026-10-09 14:00:45  Recorder: Journal of 01-Apr-2026 (MasterID 800009, line b233hl09…): asking Tally again (a held line, ask 1 of 1: one request; if it stops or fails the line ends with the Day Book words)
2026-10-09 14:00:47  Recorder: entry fetch of FinCom Spike Co: answered in 1543 ms
2026-10-09 14:00:47  Recorder: Journal of 01-Apr-2026 (MasterID 800009, line b233hl09…): still held: Tally gave no voucher with MasterID 800009 on 01-Apr-2026
2026-10-09 14:00:47  Recorder: Journal of 01-Apr-2026 (MasterID 800010, line b233hl10…): asking Tally again (a held line, ask 1 of 1: one request; if it stops or fails the line ends with the Day Book words)
2026-10-09 14:00:48  Recorder: Journal of 01-Apr-2026 (MasterID 800010, line b233hl10…): still held: Tally gave no voucher with MasterID 800010 on 01-Apr-2026
2026-10-09 14:00:48  Recorder: Journal of 01-Apr-2026 (MasterID 800004, line b233hl04…): held: Tally did not give this entry when asked again; upload that day's Day Book to settle it (ended: not asked of Tally again)
2026-10-09 14:00:48  Recorder: Journal of 01-Apr-2026 (MasterID 800005, line b233hl05…): held: Tally did not give this entry when asked again; upload that day's Day Book to settle it (ended: not asked of Tally again)
2026-10-09 14:00:48  Recorder: Journal of 01-Apr-2026 (MasterID 800006, line b233hl06…): held: Tally did not give this entry when asked again; upload that day's Day Book to settle it (ended: not asked of Tally again)
2026-10-09 14:00:48  Recorder: Journal of 01-Apr-2026 (MasterID 800007, line b233hl07…): held: Tally did not give this entry when asked again; upload that day's Day Book to settle it (ended: not asked of Tally again)
2026-10-09 14:00:48  Recorder: Journal of 01-Apr-2026 (MasterID 800008, line b233hl08…): held: Tally did not give this entry when asked again; upload that day's Day Book to settle it (ended: not asked of Tally again)
2026-10-09 14:00:48  Recorder: Journal of 01-Apr-2026 (MasterID 800009, line b233hl09…): held: Tally did not give this entry when asked again; upload that day's Day Book to settle it (ended: not asked of Tally again)
2026-10-09 14:00:48  Recorder: Journal of 01-Apr-2026 (MasterID 800010, line b233hl10…): held: Tally did not give this entry when asked again; upload that day's Day Book to settle it (ended: not asked of Tally again)
2026-10-09 14:00:48  Recorder: held lines: 7 from FinCom, 7 asked, 0 resolved, 8 still held (8 in the list)
2026-10-09 14:00:57  Recorder: Journal 9 of 01-Apr-2026 (MasterID 12, line a375d29c…): asking Tally by MasterID
2026-10-09 14:00:59  Recorder: entry fetch of FinCom Spike Co: answered in 1846 ms
2026-10-09 14:00:59  Recorder: Journal 9 of 01-Apr-2026 (MasterID 12, line a375d29c…): taken: Tally's GUID 6549f305-5564-4eb3-ab59-ac5b4ca6afe7-0000000c, AlterID 13
2026-10-09 14:00:59  Recorder: Journal 10 of 01-Apr-2026 (MasterID 13, line 66e21c60…): asking Tally by MasterID
2026-10-09 14:01:02  Recorder: entry fetch of FinCom Spike Co: answered in 1848 ms
2026-10-09 14:01:02  Recorder: Journal 10 of 01-Apr-2026 (MasterID 13, line 66e21c60…): taken: Tally's GUID 6549f305-5564-4eb3-ab59-ac5b4ca6afe7-0000000d, AlterID 14
2026-10-09 14:01:02  Recorder: Journal 11 of 01-Apr-2026 (MasterID 14, line f68df87f…): asking Tally by MasterID
2026-10-09 14:01:04  Recorder: entry fetch of FinCom Spike Co: answered in 1853 ms
2026-10-09 14:01:04  Recorder: Journal 11 of 01-Apr-2026 (MasterID 14, line f68df87f…): taken: Tally's GUID 6549f305-5564-4eb3-ab59-ac5b4ca6afe7-0000000e, AlterID 15
2026-10-09 14:01:04  Recorder: Journal 12 of 01-Apr-2026 (MasterID 15, line c441ae63…): held at once: waiting: Tally busy (reading the entries saved before it); FinCom asks again at 14:01 (sent now without its body; FinCom shows it held, and this bridge asks Tally again)
2026-10-09 14:01:04  Recorder: held lines: 0 from FinCom, 0 asked, 0 resolved, 2 still held (2 in the list)
2026-10-09 14:01:04  Recorder: Journal 13 of 01-Apr-2026 (MasterID 16, line cd5c50af…): held at once: waiting: Tally busy (reading the entries saved before it); FinCom asks again at 14:01 (sent now without its body; FinCom shows it held, and this bridge asks Tally again)
2026-10-09 14:01:04  Recorder: Journal 14 of 01-Apr-2026 (MasterID 17, line 762cb9b9…): held at once: waiting: Tally busy (reading the entries saved before it); FinCom asks again at 14:01 (sent now without its body; FinCom shows it held, and this bridge asks Tally again)
2026-10-09 14:01:04  Recorder: Journal 15 of 01-Apr-2026 (MasterID 18, line 68164b8c…): held at once: waiting: Tally busy (reading the entries saved before it); FinCom asks again at 14:01 (sent now without its body; FinCom shows it held, and this bridge asks Tally again)
2026-10-09 14:01:04  Recorder: Journal 16 of 01-Apr-2026 (MasterID 19, line 5338bfa6…): held at once: waiting: Tally busy (reading the entries saved before it); FinCom asks again at 14:01 (sent now without its body; FinCom shows it held, and this bridge asks Tally again)
2026-10-09 14:01:04  Recorder: Journal 16 of 01-Apr-2026 (MasterID 19, line 5338bfa6…): asking Tally again (a held line, ask 1 of 2: one request; if it stops or fails the line ends with the Day Book words)
2026-10-09 14:01:06  Recorder: Journal 16 of 01-Apr-2026 (MasterID 19, line 5338bfa6…): taken: Tally's GUID 6549f305-5564-4eb3-ab59-ac5b4ca6afe7-00000013, AlterID 20
2026-10-09 14:01:06  Recorder: Journal 16 of 20260401 in FinCom Spike Co resolved: sent as created with its GUID 6549f305-5564-4eb3-ab59-ac5b4ca6afe7-00000013 and body
2026-10-09 14:01:06  Recorder: Journal 15 of 01-Apr-2026 (MasterID 18, line 68164b8c…): asking Tally again (a held line, ask 1 of 2: one request; if it stops or fails the line ends with the Day Book words)
2026-10-09 14:01:08  Recorder: entry fetch of FinCom Spike Co: answered in 1847 ms
2026-10-09 14:01:08  Recorder: Journal 15 of 01-Apr-2026 (MasterID 18, line 68164b8c…): taken: Tally's GUID 6549f305-5564-4eb3-ab59-ac5b4ca6afe7-00000012, AlterID 19
2026-10-09 14:01:08  Recorder: Journal 15 of 20260401 in FinCom Spike Co resolved: sent as created with its GUID 6549f305-5564-4eb3-ab59-ac5b4ca6afe7-00000012 and body
2026-10-09 14:01:08  Recorder: Journal 14 of 01-Apr-2026 (MasterID 17, line 762cb9b9…): asking Tally again (a held line, ask 1 of 2: one request; if it stops or fails the line ends with the Day Book words)
2026-10-09 14:01:10  Recorder: Journal 14 of 01-Apr-2026 (MasterID 17, line 762cb9b9…): taken: Tally's GUID 6549f305-5564-4eb3-ab59-ac5b4ca6afe7-00000011, AlterID 18
2026-10-09 14:01:10  Recorder: Journal 14 of 20260401 in FinCom Spike Co resolved: sent as created with its GUID 6549f305-5564-4eb3-ab59-ac5b4ca6afe7-00000011 and body
2026-10-09 14:01:10  Recorder: Journal 12 of 01-Apr-2026 (MasterID 15, line c441ae63…): asking Tally again (a held line, ask 1 of 2: one request; if it stops or fails the line ends with the Day Book words)
2026-10-09 14:01:13  Recorder: Journal 12 of 01-Apr-2026 (MasterID 15, line c441ae63…): taken: Tally's GUID 6549f305-5564-4eb3-ab59-ac5b4ca6afe7-0000000f, AlterID 16
2026-10-09 14:01:13  Recorder: Journal 12 of 20260401 in FinCom Spike Co resolved: sent as created with its GUID 6549f305-5564-4eb3-ab59-ac5b4ca6afe7-0000000f and body
2026-10-09 14:01:13  Recorder: Journal 13 of 01-Apr-2026 (MasterID 16, line cd5c50af…): asking Tally again (a held line, ask 1 of 2: one request; if it stops or fails the line ends with the Day Book words)
2026-10-09 14:01:15  Recorder: entry fetch of FinCom Spike Co: answered in 1836 ms
2026-10-09 14:01:15  Recorder: Journal 13 of 01-Apr-2026 (MasterID 16, line cd5c50af…): taken: Tally's GUID 6549f305-5564-4eb3-ab59-ac5b4ca6afe7-00000010, AlterID 17
2026-10-09 14:01:15  Recorder: Journal 13 of 20260401 in FinCom Spike Co resolved: sent as created with its GUID 6549f305-5564-4eb3-ab59-ac5b4ca6afe7-00000010 and body
2026-10-09 14:01:15  Recorder: held lines: 0 from FinCom, 5 asked, 5 resolved, 1 still held (6 in the list)
2026-10-09 14:01:15  Renumbering: made Journal 9 of 01-Apr-2026 in FinCom Spike Co: FinCom holds 0 later Journal entries; each is read again from Tally to see whether Tally renumbered it
2026-10-09 14:01:16  Renumbering: made Journal 12 of 01-Apr-2026 in FinCom Spike Co: FinCom holds 0 later Journal entries; each is read again from Tally to see whether Tally renumbered it
2026-10-09 14:01:22  Recorder: Journal 17 of 01-Apr-2026 (MasterID 20, line 8786c593…): asking Tally by MasterID
2026-10-09 14:01:24  Recorder: entry fetch of FinCom Spike Co: answered in 1838 ms
2026-10-09 14:01:24  Recorder: Journal 17 of 01-Apr-2026 (MasterID 20, line 8786c593…): taken: Tally's GUID 6549f305-5564-4eb3-ab59-ac5b4ca6afe7-00000014, AlterID 21
2026-10-09 14:01:26  Renumbering: made Journal 17 of 01-Apr-2026 in FinCom Spike Co: FinCom holds 0 later Journal entries; each is read again from Tally to see whether Tally renumbered it
2026-10-09 14:02:26  Recorder: Sales 2 of 02-Apr-2026 (MasterID 4, line f8b75acd…): asking Tally again (a held line, ask 1 of 1: one request; if it stops or fails the line ends with the Day Book words)
2026-10-09 14:02:28  Tally 9000: Other took 2.2s and failed: Tally took longer than the recorder's limit; the bridge stopped waiting (2 s)
2026-10-09 14:02:28  Tally 9000 did not answer in time at 14:02:28 (FinComVoucherObject, try 1); trying again by itself at 14:02:43
2026-10-09 14:02:28  Recorder: Sales 2 of 02-Apr-2026 (MasterID 4, line f8b75acd…): not answered in time: Tally took longer than the recorder's limit; the bridge stopped waiting (2 s) (ask 1 of 1)
2026-10-09 14:02:28  Recorder: Sales 2 of 02-Apr-2026 (MasterID 4, line f8b75acd…): held: Tally took longer than 2 s for this entry; upload that day's Day Book to settle it (ended: not asked of Tally again)
2026-10-09 14:02:28  Recorder: held lines: 0 from FinCom, 0 asked, 0 resolved, 1 still held (1 in the list)
2026-10-09 14:02:30  Tally 9000 finished the request the bridge stopped waiting for (FinComVoucherObject) 1.6s after the stop; its answer is discarded and the next request goes now
2026-10-09 14:06:57  Recorder: FinCom asks again for 20 held line(s) of this bridge: 0 new in the held list, 0 asked afresh (tries of an older version), 0 there already, 20 resolved already, 0 not this bridge's own Tally's (company not open here or another GUID)
2026-10-09 14:06:58  Tally 9000 answered in time again (FinComCompany): the background requests are back to normal
2026-10-09 14:06:58  Light check of FinCom Big Co: unchanged starting point ALTVCHID=40000; now ALTVCHID=40025, ALTMSTID=6217
2026-10-09 14:07:00  Tally 9000: TDSDeskKeepList took 2.2s and failed: Tally took longer than the recorder's limit; the bridge stopped waiting (2 s)
2026-10-09 14:07:00  Tally 9000 did not answer in time at 14:07:00 (TDSDeskKeepList, try 1); trying again by itself at 14:07:15
2026-10-09 14:07:00  Bank dates: FinCom Big Co goes to the nightly check (its list of changed entries took longer than 2000 ms): bank dates set in Tally are read outside office hours, from 19:00
2026-10-09 14:07:00  Light check of FinCom Spike Co: skipped: Tally did not answer (Tally did not answer in time at 14:07; trying again by itself at 14:07 (nothing was sent))
2026-10-09 14:07:04  Tally 9000 finished the request the bridge stopped waiting for (TDSDeskKeepList) 4.2s after the stop; its answer is discarded and the next request goes now
2026-10-09 14:07:28  Tally 9000 answered in time again (FinComCompany): the background requests are back to normal
2026-10-09 14:07:28  Light check of FinCom Spike Co: unchanged starting point ALTVCHID=3; now ALTVCHID=21, ALTMSTID=3658
2026-10-09 14:07:28  Ledger changes for FinCom Spike Co: Tally's master counter 3650 -> 3658: 1 request(s) for AlterID 3651-3658, 8 ledger(s) sent to FinCom; the last number is 3658
2026-10-09 14:07:28  Ledger changes for FinCom Spike Co: 8 ledger(s) created or altered in Tally sent to FinCom
