[06:28:49.819] push-design on TallyPrime 4.1: reps 5, heavy 3000 ledgers / 3000 items / up to 30000 vouchers (40 min), postings 1
[06:28:50.749] system clock step after timeBeginPeriod(1): 0.404 ms (min 0.0038, max 4.2436)
[06:28:50.777] two files written 2 ms apart: NTFS write times 17.9936 ms apart
[06:28:50.797] light company folder: D:\a\_temp\TallyData\100000
[06:28:50.851] fast234 (fast234g) on TallyPrime 4.1: today's request 2927 chars, 61 fields
[06:28:50.889] ---- fast234g: GST on (D:\a\_temp\fast234g\on)
[06:28:53.908] tally.ini: Data D:\a\_temp\fast234g\on; TDL: none
[keys] 'a'
[keys] 't'
[shot] p-g-on-setup-started (1024x768)
[06:29:22.048] Tally started (g-on-setup) in 28.1 s; company open: True
[06:29:22.081] import company GST on: 1 sent, created 0, errors 0, 13.1 ms
[06:29:22.086] GST on: ISGSTON before 'Yes', after the alteration 'Yes'
[06:29:22.309] import light masters: 60 sent, created 59, errors 0, 205.4 ms
[06:29:22.420] import xml item invoice: 1 sent, created 1, errors 0, 68.9 ms
[06:29:22.447] import xml accounting sales: 1 sent, created 1, errors 0, 25.2 ms
[06:29:22.474] import xml accounting sales (IRN to come): 1 sent, created 1, errors 0, 24.2 ms
[06:29:22.539] import IRN and e-way bill written back (alter): 1 sent, created 1, errors 0, 25.7 ms
[shot] tds-001-gw0 (1024x768)
[06:29:26] [tds] screen tds-001-gw0 : x TallyPrime MANAGE EDU K: Company om Gatewa of Tall CURRENT PERIOD I-Apr-26 to 31-Mar-27 NAME OF COMPANY FinCom Spike Co Unity Y: Data Z: Exchange CURRENT OATE Wednesday, I-Apr-2026 O: Import E: Export M: Share p: print Fl: Help Date Company Gateway of Tally MASTERS Create Alter CHart of Accounts TRANSACTIONS Vouchers Day 800K UTILITIES BaNking REPORTS Balance Sheet Profit & Loss A/c Stock Summary Ratio Analysis Display More Reports DashbOard Quit o ObUb3 run bc—dc 5756- acep ' , "orc 756-3 acepa .337. c—dcc ening '84188 ing j _id" : 5—011' Od59- Mode Q upr-26 Search Windows Server 2025 Datac...
[shot] tds-002-g-on-screen-start (1024x768)
[06:29:27] [tds] screen tds-002-g-on-screen-start : x TallyPrime MANAGE EDU K: Company om Gatewa of Tall CURRENT PERIOD I-Apr-26 to 31-Mar-27 NAME OF COMPANY FinCom Spike Co Unity Y: Data Z: Exchange CURRENT OATE Wednesday, I-Apr-2026 O: Import E: Export M: Share p: print Fl: Help Date Company Gateway of Tally MASTERS Create Alter CHart of Accounts TRANSACTIONS Vouchers Day 800K UTILITIES BaNking REPORTS Balance Sheet Profit & Loss A/c Stock Summary Ratio Analysis Display More Reports DashbOard Quit o ObUb3 run bc—dc 5756- acep ' , "orc 756-3 acepa .337. c—dcc ening '84188 ing j _id" : 5—011' Od59- Mode Q upr-26 Search Windows Server 2025 Datac...
[keys] 'v'
[shot] tds-003-g-on-screen-vouchers (1024x768)
[06:29:31] [tds] screen tds-003-g-on-screen-vouchers : x TallyPrime MANAGE EDU K: Company om Accounting Voucher Creation Pa ment No. 1 Account Current balance: Particulars Narration: Unity Quit Y: Data Z: Exchange A Accept Q Search O: Import E: Export M: Share FinCom • ke Co p: print upr-26 Wednesday Amount Fl: Help Q: Date Company Ed: Contra F-5: Payment Receipt Journal Sales Purchase Fl O: OåuVooctgs E: Autofill Change Mode More Details O: Related ¯ Repons Optional post -Dated J: Stat o ObUb3 run bc—dc 5756- acep ' , "orc 756-3 acepa .337. c—dcc ening '84188 ing j _id" : 5—011' Od59- D: Delete x: Cancel Vch Adjustment El 2: Configure Mode Window...
[keys] '{F8}'
[shot] tds-004-g-on-screen-type (1024x768)
[06:29:35] [tds] screen tds-004-g-on-screen-type : x TallyPrime MANAGE EDU K: Company om Accounting Voucher Creation Sales Party Alc narne. Current balance: Sales ledger: • Current balance: Name of Item Narration: Unity Quit Y: Data Z: Exchange A Accept Q Search FinCom • ke Co O: Import E: Export List of Led er Accounts Cash HDFC Bank Spike Party Spike Party 2 Template Party Ul Party M: Share p: print x Create Fl: Help Date Company F4: Contra F5: Payment Receipt Journal F8: Sales o ObUb3 run bc—dc 5756- acep ' , "orc Purchase ( • Fl 0: 0åHVouctg•s 756-3 acepa F: Autofill Change Mode More Details o: L: D: Delete Cancel Vch Related Reports Optio...
[keys] '^h'
[shot] tds-005-g-on-screen-mode (1024x768)
[06:29:38] [tds] screen tds-005-g-on-screen-mode : TallyPrime MANAGE EDU K: Company om • Change Mode Unity Quit Y: Data Z: Exchange O: Import E: Export M: Share p: print x Fl: Help FinCom • ke Co Change Voucher Mode Item Invoice List of Modes/Usa es Item Invoice Accounting Invoice As Voucher A Accept Q Search o ObUb3 run bc—dc 5756- acep ' , "orc 756-3 acepa .337. c—dcc ening '84188 ing j _id" : 5—011' Od59- Mode Windows Server 2025 Datacenter Build 26100.ge_release240331-1435 6:29 AM 10/8/2026
[keys] 'Item Invoice{ENTER}'
[shot] tds-006-g-on-screen-item-mode (1024x768)
[06:29:42] [tds] screen tds-006-g-on-screen-item-mode : x TallyPrime MANAGE EDU K: Company om Accounting Voucher Creation Sales Party Alc narne. Current balance: Sales ledger: • Current balance: Name of Item Narration: Unity Quit Y: Data Z: Exchange A Accept Q Search FinCom • ke Co O: Import E: Export List of Led er Accounts Cash HDFC Bank Spike Party Spike Party 2 Template Party Ul Party M: Share p: print x Create Fl: Help Date Company F4: Contra F5: Payment Receipt Journal F8: Sales o ObUb3 run bc—dc 5756- acep ' , "orc Purchase ( • Fl 0: 0åHVouctg•s 756-3 acepa F: Autofill Change Mode More Details o: L: D: Delete Cancel Vch Related Reports Optio...
[keys] '{F2}'
[shot] tds-007-g-on-screen-date-box (1024x768)
[06:29:44] [tds] screen tds-007-g-on-screen-date-box : TallyPrime MANAGE EDU K: Company om • Change Voucher Date Unity Quit Y: Data Z: Exchange A Accept Q Search O: Import E: Export M: Share p: print x Fl: Help FinCom Spike Co Voucher Date 24-2026 o ObUb3 run bc—dc 5756- acep ' , "orc 756-3 acepa .337. c—dcc ening '84188 ing j _id" : 5—011' Od59- Mode Windows Server 2025 Datacenter Build 26100.ge_release240331-1435 6:29 AM 10/8/2026
[keys] '2-10-2026{ENTER}'
[shot] tds-008-g-on-screen-date (1024x768)
[06:29:48] [tds] screen tds-008-g-on-screen-date : x TallyPrime MANAGE EDU K: Company om Accounting Voucher Creation Sales Party Alc narne. Current balance: Sales ledger: • Current balance: Name of Item Narration: Unity Quit Y: Data Z: Exchange A Accept Q Search FinCom • ke Co O: Import E: Export List of Led er Accounts Cash HDFC Bank Spike Party Spike Party 2 Template Party Ul Party M: Share p: print x Create Fl: Help Date Company F4: Contra F5: Payment Receipt Journal F8: Sales o ObUb3 run bc—dc 5756- acep ' , "orc Purchase ( • Fl 0: 0åHVouctg•s 756-3 acepa F: Autofill Change Mode More Details o: L: D: Delete Cancel Vch Related Reports Optio...
[keys] 'Template Party{ENTER}'
[shot] tds-009-g-on-screen-party (1024x768)
[06:29:51] [tds] screen tds-009-g-on-screen-party : x R 0m EDU Details TallyPrime MANAGE K: Company Y: Data Z: Exchange Accept Q Search O: Import E: Export M: Share p: print Fl: Help x Delivery Note No(s) FinCom Spike Co Dispatch Details Dispatch Doc No. Dispatched through Destination Carrier Name/Agent Bill of No. Motor Vehicle No. Date: Unity Quit o ObUb3 run bc—dc 5756- acep ' , "orc 756-3 acepa .337. c—dcc ening '84188 ing j _id" : 5—011' Od59- Mode Windows Server 2025 Datacenter Build 26100.ge_release240331-1435 6:29 AM 10/8/2026
[shot] tds-010-g-on-screen-party-sub1 (1024x768)
[06:29:52] [tds] screen tds-010-g-on-screen-party-sub1 : x R 0m EDU Details TallyPrime MANAGE K: Company Y: Data Z: Exchange Accept Q Search O: Import E: Export M: Share p: print Fl: Help x Delivery Note No(s) FinCom Spike Co Dispatch Details Dispatch Doc No. Dispatched through Destination Carrier Name/Agent Bill of No. Motor Vehicle No. Date: Unity Quit o ObUb3 run bc—dc 5756- acep ' , "orc 756-3 acepa .337. c—dcc ening '84188 ing j _id" : 5—011' Od59- Mode Windows Server 2025 Datacenter Build 26100.ge_release240331-1435 6:29 AM 10/8/2026
[keys] '^a'
[shot] tds-011-g-on-screen-party-sub-accept (1024x768)
[06:29:56] [tds] screen tds-011-g-on-screen-party-sub-accept : x R 0m EDU Details Unity Quit TallyPrime MANAGE K: Company Y: Data Z: Exchange FinCom Spike Co Party Details Dem late Pa List of Led er Accounts Spike Party Spike Party 2 Template Party Ul Party O: Import Create New Party E: Export M: Share Buyer (Bill to) Mailing Name Address State Country GST Registration type GSTIN/UIN Place of Supply Accept Q Search p: print Fl: Help x Configure o ObUb3 run bc—dc 5756- acep ' , "orc 756-3 acepa .337. c—dcc ening '84188 ing j _id" : 5—011' Od59- Mode Windows Server 2025 Datacenter Build 26100.ge_release240331-1435 6:29 AM 10/8/2026
[shot] tds-012-g-on-screen-party-sub2 (1024x768)
[06:29:56] [tds] screen tds-012-g-on-screen-party-sub2 : x R 0m EDU Details Unity Quit TallyPrime MANAGE K: Company Y: Data Z: Exchange FinCom Spike Co Party Details Dem late Pa List of Led er Accounts Spike Party Spike Party 2 Template Party Ul Party O: Import Create New Party E: Export M: Share Buyer (Bill to) Mailing Name Address State Country GST Registration type GSTIN/UIN Place of Supply Accept Q Search p: print Fl: Help x Configure o ObUb3 run bc—dc 5756- acep ' , "orc 756-3 acepa .337. c—dcc ening '84188 ing j _id" : 5—011' Od59- Mode Windows Server 2025 Datacenter Build 26100.ge_release240331-1435 6:29 AM 10/8/2026
[keys] '^a'
[shot] tds-013-g-on-screen-party-sub-accept (1024x768)
[06:30:00] [tds] screen tds-013-g-on-screen-party-sub-accept : x TallyPrime MANAGE EDU K: Company om Accounting Voucher Creation Y: Data Z: Exchange A Accept Q Search FinCom • ke Co O: Import E: Export List of Led er Accounts Sales M: Share Sales Party Alc narne. Current balance: Sales ledger: • Current balance: p: print x Create Show More Fl: Help Date Company F4: Contra F5: Payment Receipt Journal F8: Sales o ObUb3 run bc—dc Template Party 922.00 Dr Name of Item Narration: Unity Quit Purchase ( • Fl 0: 0åHVouctg•s F: Autofill Change Mode More Details 5756- acep ' , "orc 756-3 acepa .337. c—dcc ening '84188 o: L: D: Delete Cancel Vch Related Reports Opti...
[shot] tds-014-g-on-screen-party-sub3 (1024x768)
[06:30:01] [tds] screen tds-014-g-on-screen-party-sub3 : x TallyPrime MANAGE EDU K: Company om Accounting Voucher Creation Y: Data Z: Exchange A Accept Q Search FinCom • ke Co O: Import E: Export List of Led er Accounts Sales M: Share Sales Party Alc narne. Current balance: Sales ledger: • Current balance: p: print x Create Show More Fl: Help Date Company F4: Contra F5: Payment Receipt Journal F8: Sales o ObUb3 run bc—dc Template Party 922.00 Dr Name of Item Narration: Unity Quit Purchase ( • Fl 0: 0åHVouctg•s F: Autofill Change Mode More Details 5756- acep ' , "orc 756-3 acepa .337. c—dcc ening '84188 o: L: D: Delete Cancel Vch Related Reports Opti...
[keys] 'Sales{ENTER}'
[shot] tds-015-g-on-screen-ledger (1024x768)
[06:30:04] [tds] screen tds-015-g-on-screen-ledger : x TallyPrime MANAGE EDU K: Company om Accounting Voucher Creation Y: Data Z: Exchange A Accept Q Search FinCom • ke Co Sales Party Alc narne. Current balance: Sales ledger: • Current balance: Template Party 922.00 Dr Sales 850.00 Cr O: Import Quantity E: Export Rate M: Share per p: print 2-Oct-26 Friday Amount Fl: Help Date Company F4: Contra F5: Payment Receipt Journal F8: Sales o ObUb3 run bc—dc 5756- acep Name of Item he Narration: Unity Quit Purchase ( • ' , "orc 756-3 acepa Fl 0: 0åHVouctg•s F: Autofill Change Mode More Details o: L: Related Reports Optional post -Dated D: Delete x: Cance...
[keys] 'Item T03{ENTER}'
[shot] tds-016-g-on-screen-item (1024x768)
[06:30:07] [tds] screen tds-016-g-on-screen-item : x TallyPrime MANAGE EDU K: Company om Accounting Voucher Creation Y: Data Z: Exchange A Accept Q Search FinCom • ke Co Sales Party Alc narne. Current balance: Sales ledger: • Current balance: Template Party 922.00 Dr Sales 850.00 Cr O: Import Quantity E: Export Rate M: Share per p: print 2-Oct-26 Friday Amount Fl: Help Date Company F4: Contra F5: Payment Receipt Journal F8: Sales o ObUb3 run bc—dc 5756- acep Name of Item Item T03 Narration: Unity Quit Purchase ( • ' , "orc 756-3 acepa Fl 0: 0åHVouctg•s F: Autofill Change Mode More Details o: L: Related Reports Optional post -Dated D: Delete x:...
[shot] tds-017-g-on-screen-item-sub1 (1024x768)
[06:30:08] [tds] screen tds-017-g-on-screen-item-sub1 : x TallyPrime MANAGE EDU K: Company om Accounting Voucher Creation Y: Data Z: Exchange A Accept Q Search FinCom • ke Co Sales Party Alc narne. Current balance: Sales ledger: • Current balance: Template Party 922.00 Dr Sales 850.00 Cr O: Import Quantity E: Export Rate M: Share per p: print 2-Oct-26 Friday Amount Fl: Help Date Company F4: Contra F5: Payment Receipt Journal F8: Sales o ObUb3 run bc—dc 5756- acep Name of Item Item T03 Narration: Unity Quit Purchase ( • ' , "orc 756-3 acepa Fl 0: 0åHVouctg•s F: Autofill Change Mode More Details o: L: Related Reports Optional post -Dated D: Delete x:...
[keys] '2{ENTER}'
[shot] tds-018-g-on-screen-qty (1024x768)
[06:30:11] [tds] screen tds-018-g-on-screen-qty : x TallyPrime MANAGE EDU K: Company om Accounting Voucher Creation Y: Data Z: Exchange A Accept Q Search FinCom • ke Co Sales Party Alc narne. Current balance: Sales ledger: • Current balance: Template Party 922.00 Dr Sales 850.00 Cr O: Import Quantity 2 Nos 2 Nos E: Export Rate M: Share per p: print 2-Oct-26 Friday Amount Fl: Help Date Company F4: Contra F5: Payment Receipt Journal F8: Sales o ObUb3 run bc—dc 5756- acep Name of Item Item T03 Narration: Unity Quit Purchase ( • ' , "orc 756-3 acepa Fl 0: 0åHVouctg•s F: Autofill Change Mode More Details o: L: Related Reports Optional post -Dated ...
[keys] '100{ENTER}'
[shot] tds-019-g-on-screen-rate (1024x768)
[06:30:14] [tds] screen tds-019-g-on-screen-rate : x TallyPrime MANAGE EDU K: Company om Accounting Voucher Creation Y: Data Z: Exchange A Accept Q Search FinCom • ke Co Sales Party Alc narne. Current balance: Sales ledger: • Current balance: Template Party 922.00 Dr Sales 850.00 Cr O: Import Quantity 2 Nos 2 Nos E: Export Rate 100.00 M: Share per Nos p: print 2-Oct-26 Friday Amount 200.00 Fl: Help Date Company F4: Contra F5: Payment Receipt Journal F8: Sales o ObUb3 run bc—dc 5756- acep Name of Item Item T03 Narration: Unity Quit Purchase ( • Fl 0: 0åHVouctg•s F: Autofill Change Mode More Details ' , "orc 756-3 acepa .337. c—dcc ening '84188 ...
[keys] '{ENTER}'
[shot] tds-020-g-on-screen-amount (1024x768)
[06:30:17] [tds] screen tds-020-g-on-screen-amount : x TallyPrime MANAGE EDU K: Company om Accounting Voucher Creation Y: Data Z: Exchange A Accept Q Search FinCom • ke Co Sales Party Alc narne. Current balance: Sales ledger: • Current balance: Template Party 922.00 Dr Sales 850.00 Cr O: Import Quantity 2 Nos 2 Nos E: Export Rate 100.00 M: Share per Nos p: print 2-Oct-26 Friday Amount 200.00 Fl: Help Date Company F4: Contra F5: Payment Receipt Journal F8: Sales o ObUb3 run bc—dc 5756- acep Name of Item Item T03 Narration: Unity Quit Purchase ( • Fl 0: 0åHVouctg•s F: Autofill Change Mode More Details ' , "orc 756-3 acepa .337. c—dcc ening '84188 ...
[shot] tds-021-g-on-screen-item-b-sub1 (1024x768)
[06:30:18] [tds] screen tds-021-g-on-screen-item-b-sub1 : x TallyPrime MANAGE EDU K: Company om Accounting Voucher Creation Y: Data Z: Exchange A Accept Q Search FinCom • ke Co Sales Party Alc narne. Current balance: Sales ledger: • Current balance: Template Party 922.00 Dr Sales 850.00 Cr O: Import Quantity 2 Nos 2 Nos E: Export Rate 100.00 M: Share per Nos p: print 2-Oct-26 Friday Amount 200.00 Fl: Help Date Company F4: Contra F5: Payment Receipt Journal F8: Sales o ObUb3 run bc—dc 5756- acep Name of Item Item T03 Narration: Unity Quit Purchase ( • Fl 0: 0åHVouctg•s F: Autofill Change Mode More Details ' , "orc 756-3 acepa .337. c—dcc ening '84188 ...
[keys] '{ENTER}'
[shot] tds-022-g-on-screen-items-done (1024x768)
[06:30:21] [tds] screen tds-022-g-on-screen-items-done : x TallyPrime MANAGE EDU K: Company om Accounting Voucher Creation Y: Data Z: Exchange A Accept Q Search FinCom • ke Co Sales Party Alc narne. Current balance: Sales ledger: • Current balance: Template Party 922.00 Dr Sales 850.00 Cr O: Import Quantity 2 Nos 2 Nos E: Export Rate 100.00 M: Share per Nos p: print 2-Oct-26 Friday Amount 200.00 200.00 Fl: Help Date Company F4: Contra F5: Payment Receipt Journal F8: Sales o ObUb3 run bc—dc 5756- acep Name of Item Item T03 Narration: Unity Quit Purchase ( • ' , "orc 756-3 acepa Fl 0: 0åHVouctg•s F: Autofill Change Mode More Details o: L: 200.00 Relat...
[shot] tds-023-g-on-screen-narr-q (1024x768)
[06:30:21] [tds] screen tds-023-g-on-screen-narr-q : x TallyPrime MANAGE EDU K: Company om Accounting Voucher Creation Y: Data Z: Exchange A Accept Q Search FinCom • ke Co Sales Party Alc narne. Current balance: Sales ledger: • Current balance: Template Party 922.00 Dr Sales 850.00 Cr O: Import Quantity 2 Nos 2 Nos E: Export Rate 100.00 M: Share per Nos p: print 2-Oct-26 Friday Amount 200.00 200.00 Fl: Help Date Company F4: Contra F5: Payment Receipt Journal F8: Sales o ObUb3 run bc—dc 5756- acep Name of Item Item T03 Narration: Unity Quit Purchase ( • ' , "orc 756-3 acepa Fl 0: 0åHVouctg•s F: Autofill Change Mode More Details o: L: 200.00 Relat...
[keys] 'g screen item invoice{ENTER}'
[shot] tds-024-g-on-screen-narr (1024x768)
[06:30:30] [tds] screen tds-024-g-on-screen-narr : O: Import E: Export Fl: Help M: Share P: Print x F2: Date EDU K: Company Y: Data om Accounting Voucher No. 5 Sales 8e • PatyA/c name: Template Party Current balance: 922.00 Dr Sales ledger: Sales • Current balance: 850.00 Cr Name of Item Item T03 s Narration: Unn Q: Quit Z: Exchange A: Accept Q Search List of Stock Items • End of List Item TOI Item T02 Item T03 Item T04 Item T05 Item T06 Item TOT Item T08 Item T09 Item TIO Item Til Item T12 Item T13 Item T 14 Item T15 Item T16 Item T17 Item T18 Item T19 Item T20 Item T21 Item T22 Item T23 Item T24 Item T25 Item T26 Item T27 Item T28 Item T29 I...
[keys] '^a'
[shot] tds-025-g-on-screen-accept1 (1024x768)
[06:30:34] [tds] screen tds-025-g-on-screen-accept1 : TallyPrime MANAGE EDU K: Company om Accountingyoucher Creation No. 5 Sales Y: Data Z: Exchange A: Accept Q Search O: Import E: Export M: Share p: print Fl: Help x F2: Date ' PartyA/c name: Template Party Current balance: 922.00 Dr Sales ledger: Sales Current balance: 850.00 Cr Name of Item - Item T03 S Narration: Unity Q: Quit FinComSpike Co List of Stock Items • End of List Item TOI Item T02 Item T03 Item T04 Item T05 Item TOG Item TO? Item T08 Item T09 Item TIO Item Til Item T12 Item T13 Item T 14 Item T15 Item T16 Item T17 Item T18 Item T19 Item T20 Item T21 Item T22 Item T23 Item T24 Item ...
[shot] tds-026-g-on-screen-after1 (1024x768)
[06:30:35] [tds] screen tds-026-g-on-screen-after1 : TallyPrime MANAGE EDU K: Company om Accountingyoucher Creation No. 5 Sales Y: Data Z: Exchange A: Accept Q Search O: Import E: Export M: Share p: print Fl: Help x F2: Date ' PartyA/c name: Template Party Current balance: 922.00 Dr Sales ledger: Sales Current balance: 850.00 Cr Name of Item - Item T03 S Narration: Unity Q: Quit FinComSpike Co List of Stock Items • End of List Item TOI Item T02 Item T03 Item T04 Item T05 Item TOG Item TO? Item T08 Item T09 Item TIO Item Til Item T12 Item T13 Item T 14 Item T15 Item T16 Item T17 Item T18 Item T19 Item T20 Item T21 Item T22 Item T23 Item T24 Item ...
[shot] tds-027-gw0 (1024x768)
[06:30:36] [tds] screen tds-027-gw0 : TallyPrime MANAGE EDU K: Company om Accountingyoucher Creation No. 5 Sales Y: Data Z: Exchange A: Accept Q Search O: Import E: Export M: Share p: print Fl: Help x F2: Date ' PartyA/c name: Template Party Current balance: 922.00 Dr Sales ledger: Sales Current balance: 850.00 Cr Name of Item - Item T03 S Narration: Unity Q: Quit FinComSpike Co List of Stock Items • End of List Item TOI Item T02 Item T03 Item T04 Item T05 Item TOG Item TO? Item T08 Item T09 Item TIO Item Til Item T12 Item T13 Item T 14 Item T15 Item T16 Item T17 Item T18 Item T19 Item T20 Item T21 Item T22 Item T23 Item T24 Item ...
[keys] '{ESC}'
[shot] tds-028-gw1 (1024x768)
[06:30:40] [tds] screen tds-028-gw1 : x TallyPrime MANAGE EDU K: Company om Accounting Voucher Creation Y: Data Z: Exchange A Accept Q Search O: Import E: Export M: Share Sales Party Alc narne. Current balance: Sales ledger: • Current balance: Template Party 922.00 Dr Sales 850.00 Cr FinCom Spike Co List of Stock Items • End of List Item TOI Item T02 Item T03 Item T04 Item T05 Item T06 Item T07 Item T08 Item T09 Item TIO Item Til Item T12 Item T13 Item T 14 Item T15 Item T16 Item T17 Item T18 Item T19 Item T20 Item T21 Item T22 Item T23 Item T24 Item T25 Item T26 Item T27 Item T28 Item T29 p: Delete p: print x Create 99, 998 Nos 9...
[keys] '{ESC}'
[shot] tds-029-gw2 (1024x768)
[06:30:43] [tds] screen tds-029-gw2 : x TallyPrime MANAGE EDU K: Company om Accounting Voucher Creation Y: Data Z: Exchange A Accept Q Search O: Import E: Export M: Share Sales Party Alc narne. Current balance: Sales ledger: • Current balance: Template Party 922.00 Dr Sales 850.00 Cr FinCom Spike Co List of Stock Items • End of List Item TOI Item T02 Item T03 Item T04 Item T05 Item T06 Item T07 Item T08 Item T09 Item TIO Item Til Item T12 Item T13 Item T 14 Item T15 Item T16 Item T17 Item T18 Item T19 Item T20 Item T21 Item T22 Item T23 Item T24 Item T25 Item T26 Item T27 Item T28 Item T29 p: Delete p: print x Create 99, 998 Nos 9...
[keys] '{ESC}'
[shot] tds-030-gw3 (1024x768)
[06:30:46] [tds] screen tds-030-gw3 : TallyPrime MANAGE EDU K: Company om Accounting Voucher Creation Y: Data Z: Exchange A: Accept Q Search FinCom Sales Party Alc narne. Current balance: Sales ledger: • Current balance: Template Party 922.00 Dr Sales 850.00 Cr O: Import Quantity 2 Nos 2 Nos E: Export Rate 100.00 M: Share per Nos p: print 2-Oct-26 Friday Amount 200.00 200.00 Quit o Yes or No x Fl: Help F2: Date F3: Company F4: Contra F5: Payment F6: Receipt F7: Journal F8: Sales o ObUb3 run bc—dc 5756- acep ' , "orc Name of Item Item T03 Narration: Unity Q: Quit 756-3 F9: Purchase • acepa F: Autofill H: Change Mode l: More Details...
[keys] 'y'
[shot] tds-031-gw4 (1024x768)
[06:30:50] [tds] screen tds-031-gw4 : x TallyPrime MANAGE EDU K: Company om Gatewa of Tall CURRENT PERIOD I-Apr-26 to 31-Mar-27 NAME OF COMPANY FinCom Spike Co Unity Y: Data Z: Exchange O: Import E: Export M: Share p: print Fl: Help Date Company o ObUb3 run bc—dc 5756- acep ' , "orc 756-3 acepa .337. c—dcc ening '84188 ing j _id" : 5—011' Od59- Mode Q CURRENT OATE Friday, 2-Oct-2026 2-Oct-26 Search Gateway of Tally MASTERS Create Alter CHart of Accounts TRANSACTIONS Vouchers Day 800K UTILITIES BaNking REPORTS Balance Sheet Profit & Loss A/c Stock Summary Ratio Analysis Display More Reports DashbOard Quit Windows Server 2025 Datace...
[06:30:50.235] GST on xml-item: MasterID 2, Sales 1 of 20261002
[06:30:50.236] GST on xml-acct: MasterID 3, Sales 2 of 20261002
[06:30:50.236] GST on xml-acct-irn: MasterID 4, Sales 3 of 20261002
[06:30:50.239] HARNESS: GST on screen-item: not made
[06:30:53.251] tally.ini: Data D:\a\_temp\fast234g\on; TDL: none
[keys] 'a'
[keys] 't'
[shot] p-g-on-xml-item-object-started (1024x768)
[06:31:21.210] Tally started (g-on-xml-item-object) in 28 s; company open: True
[06:31:21.253] G on xml-item (XML Sales 1, MasterID 2) object: ANSWERED, 31.9 ms, 113563 chars, the entry in it; Tally answers after it: True; a fresh start answers: True 
[06:31:24.260] tally.ini: Data D:\a\_temp\fast234g\on; TDL: none
[keys] 'a'
[keys] 't'
[shot] p-g-on-xml-item-bynumber-started (1024x768)
[06:31:52.242] Tally started (g-on-xml-item-bynumber) in 28 s; company open: True
[06:31:52.287] G on xml-item (XML Sales 1, MasterID 2) bynumber: ANSWERED, 38.7 ms, 69606 chars, the entry in it; Tally answers after it: True; a fresh start answers: True 
[06:31:55.293] tally.ini: Data D:\a\_temp\fast234g\on; TDL: none
[keys] 'a'
[keys] 't'
[shot] p-g-on-xml-acct-object-started (1024x768)
[06:32:23.273] Tally started (g-on-xml-acct-object) in 28 s; company open: True
[06:32:23.303] G on xml-acct (XML Sales 2, MasterID 3) object: ANSWERED, 24.4 ms, 51087 chars, the entry in it; Tally answers after it: True; a fresh start answers: True 
[06:32:26.309] tally.ini: Data D:\a\_temp\fast234g\on; TDL: none
[keys] 'a'
[keys] 't'
[shot] p-g-on-xml-acct-bynumber-started (1024x768)
[06:32:54.310] Tally started (g-on-xml-acct-bynumber) in 28 s; company open: True
[06:32:54.341] G on xml-acct (XML Sales 2, MasterID 3) bynumber: ANSWERED, 25.8 ms, 15423 chars, the entry in it; Tally answers after it: True; a fresh start answers: True 
[06:32:57.347] tally.ini: Data D:\a\_temp\fast234g\on; TDL: none
[keys] 'a'
[keys] 't'
[shot] p-g-on-xml-acct-irn-object-started (1024x768)
[06:33:25.336] Tally started (g-on-xml-acct-irn-object) in 28 s; company open: True
[06:33:25.365] G on xml-acct-irn (XML, then IRN by an XML alteration Sales 3, MasterID 4) object: ANSWERED, 23.2 ms, 51091 chars, the entry in it; Tally answers after it: True; a fresh start answers: True 
[06:33:28.371] tally.ini: Data D:\a\_temp\fast234g\on; TDL: none
[keys] 'a'
[keys] 't'
[shot] p-g-on-xml-acct-irn-bynumber-started (1024x768)
[06:33:56.387] Tally started (g-on-xml-acct-irn-bynumber) in 28 s; company open: True
[06:33:56.417] G on xml-acct-irn (XML, then IRN by an XML alteration Sales 3, MasterID 4) bynumber: ANSWERED, 24.7 ms, 15427 chars, the entry in it; Tally answers after it: True; a fresh start answers: True 
[06:33:59.427] tally.ini: Data D:\a\_temp\fast234g\on; TDL: none
[keys] 'a'
[keys] 't'
[shot] p-g-on-xml-acct-helper-collection-started (1024x768)
[06:34:27.404] Tally started (g-on-xml-acct-helper-collection) in 28 s; company open: True
[06:34:27.438] G on xml-acct (XML Sales 2, MasterID 3) helper-collection: ANSWERED, 27.3 ms, 14492 chars, the entry in it; Tally answers after it: True; a fresh start answers: True 
[06:34:30.445] tally.ini: Data D:\a\_temp\fast234g\on; TDL: none
[keys] 'a'
[keys] 't'
[shot] p-g-on-xml-acct-irn-helper-collection-started (1024x768)
[06:34:58.432] Tally started (g-on-xml-acct-irn-helper-collection) in 28 s; company open: True
[06:34:58.464] G on xml-acct-irn (XML, then IRN by an XML alteration Sales 3, MasterID 4) helper-collection: ANSWERED, 27.1 ms, 14492 chars, the entry in it; Tally answers after it: True; a fresh start answers: True 
[06:35:01.481] ---- fast234g: GST off (D:\a\_temp\fast234g\off)
[06:35:04.485] tally.ini: Data D:\a\_temp\fast234g\off; TDL: none
[keys] 'a'
[keys] 't'
[shot] p-g-off-setup-started (1024x768)
[06:35:32.441] Tally started (g-off-setup) in 28 s; company open: True
[06:35:32.458] import company GST off: 1 sent, created 0, errors 0, 12.7 ms
[06:35:32.460] GST off: ISGSTON before 'Yes', after the alteration 'No'
[06:35:32.674] import light masters: 60 sent, created 59, errors 0, 207.8 ms
[06:35:32.713] import xml item invoice: 1 sent, created 1, errors 0, 36.8 ms
[06:35:32.732] import xml accounting sales: 1 sent, created 1, errors 0, 16.5 ms
[06:35:32.748] import xml accounting sales (IRN to come): 1 sent, created 1, errors 0, 15.3 ms
[06:35:32.788] import IRN and e-way bill written back (alter): 1 sent, created 1, errors 0, 18.2 ms
[shot] tds-032-gw0 (1024x768)
[06:35:33] [tds] screen tds-032-gw0 : x TallyPrime MANAGE EDU K: Company om Gatewa of Tall CURRENT PERIOD I-Apr-26 to 31-Mar-27 NAME OF COMPANY FinCom Spike Co Unity Y: Data Z: Exchange CURRENT OATE Wednesday, I-Apr-2026 O: Import E: Export M: Share p: print Fl: Help Date Company Gateway of Tally MASTERS Create Alter CHart of Accounts TRANSACTIONS Vouchers Day 800K UTILITIES BaNking REPORTS Balance Sheet Profit & Loss A/c Stock Summary Ratio Analysis Display More Reports DashbOard Quit o ObUb3 run bc—dc 5756- acep ' , "orc 756-3 acepa .337. c—dcc ening '84188 ing j _id" : 5—011' Od59- Mode Q upr-26 Search Windows Server 2025 Datac...
[shot] tds-033-g-off-screen-start (1024x768)
[06:35:34] [tds] screen tds-033-g-off-screen-start : x TallyPrime MANAGE EDU K: Company om Gatewa of Tall CURRENT PERIOD I-Apr-26 to 31-Mar-27 NAME OF COMPANY FinCom Spike Co Unity Y: Data Z: Exchange CURRENT OATE Wednesday, I-Apr-2026 O: Import E: Export M: Share p: print Fl: Help Date Company Gateway of Tally MASTERS Create Alter CHart of Accounts TRANSACTIONS Vouchers Day 800K UTILITIES BaNking REPORTS Balance Sheet Profit & Loss A/c Stock Summary Ratio Analysis Display More Reports DashbOard Quit o ObUb3 run bc—dc 5756- acep ' , "orc 756-3 acepa .337. c—dcc ening '84188 ing j _id" : 5—011' Od59- Mode Q upr-26 Search Windows Server 2025 Datac...
[keys] 'v'
[shot] tds-034-g-off-screen-vouchers (1024x768)
[06:35:38] [tds] screen tds-034-g-off-screen-vouchers : x TallyPrime MANAGE EDU K: Company om Accounting Voucher Creation Pa ment No. 1 Account Current balance: Particulars Narration: Unity Quit Y: Data Z: Exchange A Accept Q Search O: Import E: Export M: Share FinCom • ke Co p: print upr-26 Wednesday Amount Fl: Help Date Company F4: Contra F5: Payment F6 Receipt Journal Sales Purchase ( • o ObUb3 run bc—dc 5756- acep ' , "orc 756-3 acepa D: Delete x: Cancel Vch Fl 0: 0åHVouctg•s F: Autofill Change Mode More Details O: Related Reports L: Optional post -Dated F12: Configure .337. c—dcc ening '84188 ing j _id" : 5—011' Od59- Mode Windows Server 2025 ...
[keys] '{F8}'
[shot] tds-035-g-off-screen-type (1024x768)
[06:35:42] [tds] screen tds-035-g-off-screen-type : x TallyPrime MANAGE EDU K: Company om Accounting Voucher Creation Sales Party Alc narne. Current balance: Sales ledger: • Current balance: Name of Item Narration: Unity Quit Y: Data Z: Exchange A Accept Q Search FinCom • ke Co O: Import E: Export List of Led er Accounts Cash HDFC Bank Spike Party Spike Party 2 Template Party Ul Party M: Share p: print x Create Fl: Help Date Company F4: Contra F5: Payment Receipt Journal F8: Sales o ObUb3 run bc—dc 5756- acep ' , "orc Purchase ( • Fl 0: 0åHVouctg•s 756-3 acepa F: Autofill Change Mode More Details o: L: D: Delete Cancel Vch Related Reports Optio...
[keys] '^h'
[shot] tds-036-g-off-screen-mode (1024x768)
[06:35:45] [tds] screen tds-036-g-off-screen-mode : TallyPrime MANAGE EDU K: Company om • Change Mode Unity Quit Y: Data Z: Exchange O: Import E: Export M: Share p: print x Fl: Help FinCom • ke Co Change Voucher Mode Item Invoice List of Modes/Usa es Item Invoice Accounting Invoice As Voucher A Accept Q Search o ObUb3 run bc—dc 5756- acep ' , "orc 756-3 acepa .337. c—dcc ening '84188 ing j _id" : 5—011' Od59- Mode Windows Server 2025 Datacenter Build 26100.ge_release240331-1435 6:35 AM 10/8/2026
[keys] 'Item Invoice{ENTER}'
[shot] tds-037-g-off-screen-item-mode (1024x768)
[06:35:48] [tds] screen tds-037-g-off-screen-item-mode : x TallyPrime MANAGE EDU K: Company om Accounting Voucher Creation Sales Party Alc narne. Current balance: Sales ledger: • Current balance: Name of Item Narration: Unity Quit Y: Data Z: Exchange A Accept Q Search FinCom • ke Co O: Import E: Export List of Led er Accounts Cash HDFC Bank Spike Party Spike Party 2 Template Party Ul Party M: Share p: print x Create Fl: Help Date Company F4: Contra F5: Payment Receipt Journal F8: Sales o ObUb3 run bc—dc 5756- acep ' , "orc Purchase ( • Fl 0: 0åHVouctg•s 756-3 acepa F: Autofill Change Mode More Details o: L: D: Delete Cancel Vch Related Reports Optio...
[keys] '{F2}'
[shot] tds-038-g-off-screen-date-box (1024x768)
[06:35:51] [tds] screen tds-038-g-off-screen-date-box : TallyPrime MANAGE EDU K: Company om • Change Voucher Date Unity Quit Y: Data Z: Exchange A Accept Q Search O: Import E: Export M: Share p: print x Fl: Help FinCom Spike Co Voucher Date 24-2026 o ObUb3 run bc—dc 5756- acep ' , "orc 756-3 acepa .337. c—dcc ening '84188 ing j _id" : 5—011' Od59- Mode Windows Server 2025 Datacenter Build 26100.ge_release240331-1435 6:35 AM 10/8/2026
[keys] '2-10-2026{ENTER}'
[shot] tds-039-g-off-screen-date (1024x768)
[06:35:54] [tds] screen tds-039-g-off-screen-date : x TallyPrime MANAGE EDU K: Company om Accounting Voucher Creation Sales Party Alc narne. Current balance: Sales ledger: • Current balance: Name of Item Narration: Unity Quit Y: Data Z: Exchange A Accept Q Search FinCom • ke Co O: Import E: Export List of Led er Accounts Cash HDFC Bank Spike Party Spike Party 2 Template Party Ul Party M: Share p: print x Create Fl: Help Date Company F4: Contra F5: Payment Receipt Journal F8: Sales o ObUb3 run bc—dc 5756- acep ' , "orc Purchase ( • Fl 0: 0åHVouctg•s 756-3 acepa F: Autofill Change Mode More Details o: L: D: Delete Cancel Vch Related Reports Optio...
[keys] 'Template Party{ENTER}'
[shot] tds-040-g-off-screen-party (1024x768)
[06:35:58] [tds] screen tds-040-g-off-screen-party : x R 0m EDU Details TallyPrime MANAGE K: Company Y: Data Z: Exchange Accept Q Search O: Import E: Export M: Share p: print Fl: Help x Delivery Note No(s) FinCom Spike Co Dispatch Details Dispatch Doc No. Dispatched through Destination Carrier Name/Agent Bill of No. Motor Vehicle No. Date: Unity Quit o ObUb3 run bc—dc 5756- acep ' , "orc 756-3 acepa .337. c—dcc ening '84188 ing j _id" : 5—011' Od59- Mode Windows Server 2025 Datacenter Build 26100.ge_release240331-1435 6:35 AM 10/8/2026
[shot] tds-041-g-off-screen-party-sub1 (1024x768)
[06:35:59] [tds] screen tds-041-g-off-screen-party-sub1 : x R 0m EDU Details TallyPrime MANAGE K: Company Y: Data Z: Exchange Accept Q Search O: Import E: Export M: Share p: print Fl: Help x Delivery Note No(s) FinCom Spike Co Dispatch Details Dispatch Doc No. Dispatched through Destination Carrier Name/Agent Bill of No. Motor Vehicle No. Date: Unity Quit o ObUb3 run bc—dc 5756- acep ' , "orc 756-3 acepa .337. c—dcc ening '84188 ing j _id" : 5—011' Od59- Mode Windows Server 2025 Datacenter Build 26100.ge_release240331-1435 6:35 AM 10/8/2026
[keys] '^a'
[shot] tds-042-g-off-screen-party-sub-accept (1024x768)
[06:36:02] [tds] screen tds-042-g-off-screen-party-sub-accept : x R 0m EDU Details Unity Quit TallyPrime MANAGE K: Company Y: Data Z: Exchange FinCom Spike Co Party Details Dem late Pa List of Led er Accounts Spike Party Spike Party 2 Template Party Ul Party O: Import Create New Party E: Export M: Share Buyer (Bill to) Mailing Name Address State Country Accept Q Search p: print Fl: Help x Configure o ObUb3 run bc—dc 5756- acep ' , "orc 756-3 acepa .337. c—dcc ening '84188 ing j _id" : 5—011' Od59- Mode Windows Server 2025 Datacenter Build 26100.ge_release240331-1435 6:36 AM 10/8/2026
[shot] tds-043-g-off-screen-party-sub2 (1024x768)
[06:36:03] [tds] screen tds-043-g-off-screen-party-sub2 : x R 0m EDU Details Unity Quit TallyPrime MANAGE K: Company Y: Data Z: Exchange FinCom Spike Co Party Details Dem late Pa List of Led er Accounts Spike Party Spike Party 2 Template Party Ul Party O: Import Create New Party E: Export M: Share Buyer (Bill to) Mailing Name Address State Country Accept Q Search p: print Fl: Help x Configure o ObUb3 run bc—dc 5756- acep ' , "orc 756-3 acepa .337. c—dcc ening '84188 ing j _id" : 5—011' Od59- Mode Windows Server 2025 Datacenter Build 26100.ge_release240331-1435 6:36 AM 10/8/2026
[keys] '^a'
[shot] tds-044-g-off-screen-party-sub-accept (1024x768)
[06:36:07] [tds] screen tds-044-g-off-screen-party-sub-accept : x TallyPrime MANAGE EDU K: Company om Accounting Voucher Creation Y: Data Z: Exchange A Accept Q Search FinCom • ke Co O: Import E: Export List of Led er Accounts Sales M: Share Sales Party Alc narne. Current balance: Sales ledger: • Current balance: p: print x Create Show More Fl: Help Date Company F4: Contra F5: Payment Receipt Journal F8: Sales o ObUb3 run bc—dc Template Party 922.00 Dr Name of Item Narration: Unity Quit Purchase ( • Fl 0: 0åHVouctg•s F: Autofill Change Mode More Details 5756- acep ' , "orc 756-3 acepa .337. c—dcc ening '84188 o: L: D: Delete Cancel Vch Related Reports Opti...
[shot] tds-045-g-off-screen-party-sub3 (1024x768)
[06:36:07] [tds] screen tds-045-g-off-screen-party-sub3 : x TallyPrime MANAGE EDU K: Company om Accounting Voucher Creation Y: Data Z: Exchange A Accept Q Search FinCom • ke Co O: Import E: Export List of Led er Accounts Sales M: Share Sales Party Alc narne. Current balance: Sales ledger: • Current balance: p: print x Create Show More Fl: Help Date Company F4: Contra F5: Payment Receipt Journal F8: Sales o ObUb3 run bc—dc Template Party 922.00 Dr Name of Item Narration: Unity Quit Purchase ( • Fl 0: 0åHVouctg•s F: Autofill Change Mode More Details 5756- acep ' , "orc 756-3 acepa .337. c—dcc ening '84188 o: L: D: Delete Cancel Vch Related Reports Opti...
[keys] 'Sales{ENTER}'
[shot] tds-046-g-off-screen-ledger (1024x768)
[06:36:11] [tds] screen tds-046-g-off-screen-ledger : x TallyPrime MANAGE EDU K: Company om Accounting Voucher Creation Y: Data Z: Exchange A Accept Q Search FinCom • ke Co Sales Party Alc narne. Current balance: Sales ledger: • Current balance: Template Party 922.00 Dr Sales 850.00 Cr O: Import Quantity E: Export Rate M: Share per p: print 2-Oct-26 Friday Amount Fl: Help Date Company F4: Contra F5: Payment Receipt Journal F8: Sales o ObUb3 run bc—dc 5756- acep Name of Item he Narration: Unity Quit Purchase ( • ' , "orc 756-3 acepa Fl 0: 0åHVouctg•s F: Autofill Change Mode More Details o: L: Related Reports Optional post -Dated D: Delete x: Cance...
[keys] 'Item T03{ENTER}'
[shot] tds-047-g-off-screen-item (1024x768)
[06:36:14] [tds] screen tds-047-g-off-screen-item : x TallyPrime MANAGE EDU K: Company om Accounting Voucher Creation Y: Data Z: Exchange A Accept Q Search FinCom • ke Co Sales Party Alc narne. Current balance: Sales ledger: • Current balance: Template Party 922.00 Dr Sales 850.00 Cr O: Import Quantity E: Export Rate M: Share per p: print 2-Oct-26 Friday Amount Fl: Help Date Company F4: Contra F5: Payment Receipt Journal F8: Sales o ObUb3 run bc—dc 5756- acep Name of Item Item T03 Narration: Unity Quit Purchase ( • ' , "orc 756-3 acepa Fl 0: 0åHVouctg•s F: Autofill Change Mode More Details o: L: Related Reports Optional post -Dated D: Delete x:...
[shot] tds-048-g-off-screen-item-sub1 (1024x768)
[06:36:15] [tds] screen tds-048-g-off-screen-item-sub1 : x TallyPrime MANAGE EDU K: Company om Accounting Voucher Creation Y: Data Z: Exchange A Accept Q Search FinCom • ke Co Sales Party Alc narne. Current balance: Sales ledger: • Current balance: Template Party 922.00 Dr Sales 850.00 Cr O: Import Quantity E: Export Rate M: Share per p: print 2-Oct-26 Friday Amount Fl: Help Date Company F4: Contra F5: Payment Receipt Journal F8: Sales o ObUb3 run bc—dc 5756- acep Name of Item Item T03 Narration: Unity Quit Purchase ( • ' , "orc 756-3 acepa Fl 0: 0åHVouctg•s F: Autofill Change Mode More Details o: L: Related Reports Optional post -Dated D: Delete x:...
[keys] '2{ENTER}'
[shot] tds-049-g-off-screen-qty (1024x768)
[06:36:18] [tds] screen tds-049-g-off-screen-qty : x TallyPrime MANAGE EDU K: Company om Accounting Voucher Creation Y: Data Z: Exchange A Accept Q Search FinCom • ke Co Sales Party Alc narne. Current balance: Sales ledger: • Current balance: Template Party 922.00 Dr Sales 850.00 Cr O: Import Quantity 2 Nos 2 Nos E: Export Rate M: Share per p: print 2-Oct-26 Friday Amount Fl: Help Date Company F4: Contra F5: Payment Receipt Journal F8: Sales o ObUb3 run bc—dc 5756- acep Name of Item Item T03 Narration: Unity Quit Purchase ( • ' , "orc 756-3 acepa Fl 0: 0åHVouctg•s F: Autofill Change Mode More Details o: L: Related Reports Optional post -Dated ...
[keys] '100{ENTER}'
[shot] tds-050-g-off-screen-rate (1024x768)
[06:36:21] [tds] screen tds-050-g-off-screen-rate : x TallyPrime MANAGE EDU K: Company om Accounting Voucher Creation Y: Data Z: Exchange A Accept Q Search FinCom • ke Co Sales Party Alc narne. Current balance: Sales ledger: • Current balance: Template Party 922.00 Dr Sales 850.00 Cr O: Import Quantity 2 Nos 2 Nos E: Export Rate 100.00 M: Share per Nos p: print 2-Oct-26 Friday Amount 200.00 Fl: Help Date Company F4: Contra F5: Payment Receipt Journal F8: Sales o ObUb3 run bc—dc 5756- acep Name of Item Item T03 Narration: Unity Quit Purchase ( • Fl 0: 0åHVouctg•s F: Autofill Change Mode More Details ' , "orc 756-3 acepa .337. c—dcc ening '84188 ...
[keys] '{ENTER}'
[shot] tds-051-g-off-screen-amount (1024x768)
[06:36:23] [tds] screen tds-051-g-off-screen-amount : x TallyPrime MANAGE EDU K: Company om Accounting Voucher Creation Y: Data Z: Exchange A Accept Q Search FinCom • ke Co Sales Party Alc narne. Current balance: Sales ledger: • Current balance: Template Party 922.00 Dr Sales 850.00 Cr O: Import Quantity 2 Nos 2 Nos E: Export Rate 100.00 M: Share per Nos p: print 2-Oct-26 Friday Amount 200.00 Fl: Help Date Company F4: Contra F5: Payment Receipt Journal F8: Sales o ObUb3 run bc—dc 5756- acep Name of Item Item T03 Narration: Unity Quit Purchase ( • Fl 0: 0åHVouctg•s F: Autofill Change Mode More Details ' , "orc 756-3 acepa .337. c—dcc ening '84188 ...
[shot] tds-052-g-off-screen-item-b-sub1 (1024x768)
[06:36:24] [tds] screen tds-052-g-off-screen-item-b-sub1 : x TallyPrime MANAGE EDU K: Company om Accounting Voucher Creation Y: Data Z: Exchange A Accept Q Search FinCom • ke Co Sales Party Alc narne. Current balance: Sales ledger: • Current balance: Template Party 922.00 Dr Sales 850.00 Cr O: Import Quantity 2 Nos 2 Nos E: Export Rate 100.00 M: Share per Nos p: print 2-Oct-26 Friday Amount 200.00 Fl: Help Date Company F4: Contra F5: Payment Receipt Journal F8: Sales o ObUb3 run bc—dc 5756- acep Name of Item Item T03 Narration: Unity Quit Purchase ( • Fl 0: 0åHVouctg•s F: Autofill Change Mode More Details ' , "orc 756-3 acepa .337. c—dcc ening '84188 ...
[keys] '{ENTER}'
[shot] tds-053-g-off-screen-items-done (1024x768)
[06:36:27] [tds] screen tds-053-g-off-screen-items-done : x TallyPrime MANAGE EDU K: Company om Accounting Voucher Creation Y: Data Z: Exchange A Accept Q Search FinCom • ke Co Sales Party Alc narne. Current balance: Sales ledger: • Current balance: Template Party 922.00 Dr Sales 850.00 Cr O: Import Quantity 2 Nos 2 Nos E: Export Rate 100.00 M: Share per Nos p: print 2-Oct-26 Friday Amount 200.00 200.00 Fl: Help Date Company F4: Contra F5: Payment Receipt Journal F8: Sales o ObUb3 run bc—dc 5756- acep Name of Item Item T03 Narration: Unity Quit Purchase ( • ' , "orc 756-3 acepa Fl 0: 0åHVouctg•s F: Autofill Change Mode More Details o: L: 200.00 Relat...
[shot] tds-054-g-off-screen-narr-q (1024x768)
[06:36:28] [tds] screen tds-054-g-off-screen-narr-q : x TallyPrime MANAGE EDU K: Company om Accounting Voucher Creation Y: Data Z: Exchange A Accept Q Search FinCom • ke Co Sales Party Alc narne. Current balance: Sales ledger: • Current balance: Template Party 922.00 Dr Sales 850.00 Cr O: Import Quantity 2 Nos 2 Nos E: Export Rate 100.00 M: Share per Nos p: print 2-Oct-26 Friday Amount 200.00 200.00 Fl: Help Date Company F4: Contra F5: Payment Receipt Journal F8: Sales o ObUb3 run bc—dc 5756- acep Name of Item Item T03 Narration: Unity Quit Purchase ( • ' , "orc 756-3 acepa Fl 0: 0åHVouctg•s F: Autofill Change Mode More Details o: L: 200.00 Relat...
[keys] 'g screen item invoice{ENTER}'
[shot] tds-055-g-off-screen-narr (1024x768)
[06:36:32] [tds] screen tds-055-g-off-screen-narr : O: Import E: Export Fl: Help M: Share P: Print x F2: Date EDU K: Company Y: Data om Accounting Voucher No. 5 Sales 8e • PatyA/c name: Template Party Current balance: 922.00 Dr Sales ledger: Sales • Current balance: 850.00 Cr Name of Item Item T03 s Narration: Unn Q: Quit Z: Exchange A: Accept Q Search List of Stock Items • End of List Item TOI Item T02 Item T03 Item T04 Item T05 Item T06 Item TOT Item T08 Item T09 Item TIO Item Til Item T12 Item T13 Item T 14 Item T15 Item T16 Item T17 Item T18 Item T19 Item T20 Item T21 Item T22 Item T23 Item T24 Item T25 Item T26 Item T27 Item T28 Item T29 I...
[keys] '^a'
[shot] tds-056-g-off-screen-accept1 (1024x768)
[06:36:36] [tds] screen tds-056-g-off-screen-accept1 : TallyPrime MANAGE EDU K: Company om Accountingyoucher Creation No. 5 Sales Y: Data Z: Exchange A: Accept Q Search O: Import E: Export M: Share p: print Fl: Help x F2: Date ' PartyA/c name: Template Party Current balance: 922.00 Dr Sales ledger: Sales Current balance: 850.00 Cr Name of Item - Item T03 S Narration: Unity Q: Quit FinComSpike Co List of Stock Items • End of List Item TOI Item T02 Item T03 Item T04 Item T05 Item TOG Item TO? Item T08 Item T09 Item TIO Item Til Item T12 Item T13 Item T 14 Item T15 Item T16 Item T17 Item T18 Item T19 Item T20 Item T21 Item T22 Item T23 Item T24 Item ...
[shot] tds-057-g-off-screen-after1 (1024x768)
[06:36:37] [tds] screen tds-057-g-off-screen-after1 : TallyPrime MANAGE EDU K: Company om Accountingyoucher Creation No. 5 Sales Y: Data Z: Exchange A: Accept Q Search O: Import E: Export M: Share p: print Fl: Help x F2: Date ' PartyA/c name: Template Party Current balance: 922.00 Dr Sales ledger: Sales Current balance: 850.00 Cr Name of Item - Item T03 S Narration: Unity Q: Quit FinComSpike Co List of Stock Items • End of List Item TOI Item T02 Item T03 Item T04 Item T05 Item TOG Item TO? Item T08 Item T09 Item TIO Item Til Item T12 Item T13 Item T 14 Item T15 Item T16 Item T17 Item T18 Item T19 Item T20 Item T21 Item T22 Item T23 Item T24 Item ...
[shot] tds-058-gw0 (1024x768)
[06:36:38] [tds] screen tds-058-gw0 : TallyPrime MANAGE EDU K: Company om Accountingyoucher Creation No. 5 Sales Y: Data Z: Exchange A: Accept Q Search O: Import E: Export M: Share p: print Fl: Help x F2: Date ' PartyA/c name: Template Party Current balance: 922.00 Dr Sales ledger: Sales Current balance: 850.00 Cr Name of Item - Item T03 S Narration: Unity Q: Quit FinComSpike Co List of Stock Items • End of List Item TOI Item T02 Item T03 Item T04 Item T05 Item TOG Item TO? Item T08 Item T09 Item TIO Item Til Item T12 Item T13 Item T 14 Item T15 Item T16 Item T17 Item T18 Item T19 Item T20 Item T21 Item T22 Item T23 Item T24 Item ...
[keys] '{ESC}'
[shot] tds-059-gw1 (1024x768)
[06:36:41] [tds] screen tds-059-gw1 : x TallyPrime MANAGE EDU K: Company om Accounting Voucher Creation Y: Data Z: Exchange A Accept Q Search O: Import E: Export M: Share Sales Party Alc narne. Current balance: Sales ledger: • Current balance: Template Party 922.00 Dr Sales 850.00 Cr FinCom Spike Co List of Stock Items • End of List Item TOI Item T02 Item T03 Item T04 Item T05 Item T06 Item T07 Item T08 Item T09 Item TIO Item Til Item T12 Item T13 Item T 14 Item T15 Item T16 Item T17 Item T18 Item T19 Item T20 Item T21 Item T22 Item T23 Item T24 Item T25 Item T26 Item T27 Item T28 Item T29 p: Delete p: print x Create 99, 998 Nos 9...
[keys] '{ESC}'
[shot] tds-060-gw2 (1024x768)
[06:36:45] [tds] screen tds-060-gw2 : x TallyPrime MANAGE EDU K: Company om Accounting Voucher Creation Y: Data Z: Exchange A Accept Q Search O: Import E: Export M: Share Sales Party Alc narne. Current balance: Sales ledger: • Current balance: Template Party 922.00 Dr Sales 850.00 Cr FinCom Spike Co List of Stock Items • End of List Item TOI Item T02 Item T03 Item T04 Item T05 Item T06 Item T07 Item T08 Item T09 Item TIO Item Til Item T12 Item T13 Item T 14 Item T15 Item T16 Item T17 Item T18 Item T19 Item T20 Item T21 Item T22 Item T23 Item T24 Item T25 Item T26 Item T27 Item T28 Item T29 p: Delete p: print x Create 99, 998 Nos 9...
[keys] '{ESC}'
[shot] tds-061-gw3 (1024x768)
[06:36:48] [tds] screen tds-061-gw3 : TallyPrime MANAGE EDU K: Company om Accounting Voucher Creation Y: Data Z: Exchange A: Accept Q Search FinCom Sales Party Alc narne. Current balance: Sales ledger: • Current balance: Template Party 922.00 Dr Sales 850.00 Cr O: Import Quantity 2 Nos 2 Nos E: Export Rate 100.00 M: Share per Nos p: print 2-Oct-26 Friday Amount 200.00 200.00 Quit o Yes or No x Fl: Help F2: Date F3: Company F4: Contra F5: Payment F6: Receipt F7: Journal F8: Sales o ObUb3 run bc—dc 5756- acep ' , "orc Name of Item Item T03 Narration: Unity Q: Quit 756-3 F9: Purchase • acepa F: Autofill H: Change Mode l: More Details...
[keys] 'y'
[shot] tds-062-gw4 (1024x768)
[06:36:52] [tds] screen tds-062-gw4 : x TallyPrime MANAGE EDU K: Company om Gatewa of Tall CURRENT PERIOD I-Apr-26 to 31-Mar-27 NAME OF COMPANY FinCom Spike Co Unity Y: Data Z: Exchange O: Import E: Export M: Share p: print Fl: Help Date Company o ObUb3 run bc—dc 5756- acep ' , "orc 756-3 acepa .337. c—dcc ening '84188 ing j _id" : 5—011' Od59- Mode Q CURRENT OATE Friday, 2-Oct-2026 2-Oct-26 Search Gateway of Tally MASTERS Create Alter CHart of Accounts TRANSACTIONS Vouchers Day 800K UTILITIES BaNking REPORTS Balance Sheet Profit & Loss A/c Stock Summary Ratio Analysis Display More Reports DashbOard Quit Windows Server 2025 Datace...
[06:36:52.071] GST off xml-item: MasterID 2, Sales 1 of 20261002
[06:36:52.072] GST off xml-acct: MasterID 3, Sales 2 of 20261002
[06:36:52.073] GST off xml-acct-irn: MasterID 4, Sales 3 of 20261002
[06:36:52.074] HARNESS: GST off screen-item: not made
[06:36:55.081] tally.ini: Data D:\a\_temp\fast234g\off; TDL: none
[keys] 'a'
[keys] 't'
[shot] p-g-off-xml-item-object-started (1024x768)
[06:37:23.032] Tally started (g-off-xml-item-object) in 28 s; company open: True
[06:37:23.068] G off xml-item (XML Sales 1, MasterID 2) object: ANSWERED, 30.3 ms, 110806 chars, the entry in it; Tally answers after it: True; a fresh start answers: True 
[06:37:26.074] tally.ini: Data D:\a\_temp\fast234g\off; TDL: none
[keys] 'a'
[keys] 't'
[shot] p-g-off-xml-item-bynumber-started (1024x768)
[06:37:54.080] Tally started (g-off-xml-item-bynumber) in 28 s; company open: True
[06:37:54.126] G off xml-item (XML Sales 1, MasterID 2) bynumber: ANSWERED, 40 ms, 65422 chars, the entry in it; Tally answers after it: True; a fresh start answers: True 
[06:37:57.132] tally.ini: Data D:\a\_temp\fast234g\off; TDL: none
[keys] 'a'
[keys] 't'
[shot] p-g-off-xml-acct-object-started (1024x768)
[06:38:25.116] Tally started (g-off-xml-acct-object) in 28 s; company open: True
[06:38:25.141] G off xml-acct (XML Sales 2, MasterID 3) object: ANSWERED, 19.8 ms, 49261 chars, the entry in it; Tally answers after it: True; a fresh start answers: True 
[06:38:28.147] tally.ini: Data D:\a\_temp\fast234g\off; TDL: none
[keys] 'a'
[keys] 't'
[shot] p-g-off-xml-acct-bynumber-started (1024x768)
[06:38:56.127] Tally started (g-off-xml-acct-bynumber) in 28 s; company open: True
[06:38:56.155] G off xml-acct (XML Sales 2, MasterID 3) bynumber: ANSWERED, 24.5 ms, 14906 chars, the entry in it; Tally answers after it: True; a fresh start answers: True 
[06:38:59.160] tally.ini: Data D:\a\_temp\fast234g\off; TDL: none
[keys] 'a'
[keys] 't'
[shot] p-g-off-xml-acct-irn-object-started (1024x768)
[06:39:27.149] Tally started (g-off-xml-acct-irn-object) in 28 s; company open: True
[06:39:27.174] G off xml-acct-irn (XML, then IRN by an XML alteration Sales 3, MasterID 4) object: ANSWERED, 18.7 ms, 49265 chars, the entry in it; Tally answers after it: True; a fresh start answers: True 
[06:39:30.181] tally.ini: Data D:\a\_temp\fast234g\off; TDL: none
[keys] 'a'
[keys] 't'
[shot] p-g-off-xml-acct-irn-bynumber-started (1024x768)
[06:39:58.165] Tally started (g-off-xml-acct-irn-bynumber) in 28 s; company open: True
[06:39:58.193] G off xml-acct-irn (XML, then IRN by an XML alteration Sales 3, MasterID 4) bynumber: ANSWERED, 23.8 ms, 14910 chars, the entry in it; Tally answers after it: True; a fresh start answers: True 
[06:40:01.198] tally.ini: Data D:\a\_temp\fast234g\off; TDL: none
[keys] 'a'
[keys] 't'
[shot] p-g-off-xml-acct-helper-collection-started (1024x768)
[06:40:29.185] Tally started (g-off-xml-acct-helper-collection) in 28 s; company open: True
[06:40:29.221] G off xml-acct (XML Sales 2, MasterID 3) helper-collection: ANSWERED, 31.4 ms, 14237 chars, the entry in it; Tally answers after it: True; a fresh start answers: True 
[06:40:32.227] tally.ini: Data D:\a\_temp\fast234g\off; TDL: none
[keys] 'a'
[keys] 't'
[shot] p-g-off-xml-acct-irn-helper-collection-started (1024x768)
[06:41:00.212] Tally started (g-off-xml-acct-irn-helper-collection) in 28 s; company open: True
[06:41:00.243] G off xml-acct-irn (XML, then IRN by an XML alteration Sales 3, MasterID 4) helper-collection: ANSWERED, 26.4 ms, 14237 chars, the entry in it; Tally answers after it: True; a fresh start answers: True 
[06:41:06.249] done (fast234 fast234g)
