[18:48:16] ---- c1 install and open the company (TallyPrime 3.0)
  INFO installed: C:\Program Files\TallyPrime\tally.exe; tally.exe 11457160 bytes, 2026-10-08, FileVersion 1.1.3.0, ProductVersion 1.1.3.0, ProductName TallyPrime
  INFO company folder made by flow.ps1: D:\a\_temp\TallyData\100000
[keys] 'a' -> Tally 'TallyPrime:9000'
[keys] 't' -> Tally 'TallyPrime:9000'
[shot] v-00-started (1024x768)
[companies] 7 ms: <ENVELOPE><HEADER><VERSION>1</VERSION><STATUS>1</STATUS></HEADER><BODY><DESC><CMPINFO><COMPANY>0</COMPANY><GROUP>0</GROUP><LEDGER>0</LEDGER><COSTCATEGORY>0</COSTCATEGORY><COSTCENTRE>0</COSTCENTRE><GODOWN>0</GODOWN><STOCKGROUP>0</STOCKGROUP><STOCKCATEGORY>0</STOCKCATEGORY><STOCKITEM>0</STOCKITEM><VOUCHERTYPE>0</VOUCHERTYPE><CURRENCY>0</CURRENCY><UNIT>0</UNIT><BUDGET>0</BUDGET><CLIENTRULE>0</CLIENTRULE><SERVERRULE>0</SERVERRULE><STATE>0</STATE><TDSRATE>0</TDSRATE><TAXCLASSIFICATION>0</TAXCLASSIFICATION><STCATEGORY>0</STCATEGORY><DEDUCTEETYPE>0</DEDUCTEETYPE><ATTENDANCETYPE>0</ATTENDANCETYPE><FBT...
[header] 7 ms: <ENVELOPE><HEADER><VERSION>1</VERSION><STATUS>1</STATUS><PRODMAJORVER>1</PRODMAJORVER><PRODMINORVER>1</PRODMINORVER><PRODMAJORREL>3</PRODMAJORREL><PRODMINORREL>0</PRODMINORREL><PRODTYPE>5</PRODTYPE></HEADER><BODY><DESC><CMPINFO><COMPANY>0</COMPANY><GROUP>0</GROUP><LEDGER>0</LEDGER><COSTCATEGORY>0</COSTCATEGORY><COSTCENTRE>0</COSTCENTRE><GODOWN>0</GODOWN><STOCKGROUP>0</STOCKGROUP><STOCKCATEGORY>0</STOCKCATEGORY><STOCKITEM>0</STOCKITEM><VOUCHERTYPE>0</VOUCHERTYPE><CURRENCY>0</CURRENCY><UNIT>0</UNIT><BUDGET>0</BUDGET><CLIENTRULE>0</CLIENTRULE><SERVERRULE>0</SERVERRULE><STATE>0</STATE><TDSRATE>0</...
  INFO Tally's own release in its answer header: PRODMAJORREL 3 PRODMINORREL 0 (PRODMAJORVER 1 PRODMINORVER 1 PRODTYPE 5)
######## PASS c1 install and open the company: installed tally.exe 11457160 bytes, 2026-10-08, FileVersion 1.1.3.0, ProductVersion 1.1.3.0, ProductName TallyPrime; company folder 100000 loaded at start: True; window 'TallyPrime:9000'
######## PASS c2 port and company list: port 9000 answered 10.1 s after start, GET 16 ms ('<RESPONSE>TallyPrime Server is Running</RESPONSE>'); company list 7 ms, 'FinCom Spike Co' in it: True
[18:48:49] ---- the stub cloud and the bridge
[ledger Spike Income] 11 ms: <RESPONSE><CREATED>1</CREATED><ALTERED>0</ALTERED><DELETED>0</DELETED><LASTVCHID>0</LASTVCHID><LASTMID>0</LASTMID><COMBINED>0</COMBINED><IGNORED>0</IGNORED><ERRORS>0</ERRORS><CANCELLED>0</CANCELLED></RESPONSE>
[renum journal] 28 ms: <RESPONSE><CREATED>1</CREATED><ALTERED>0</ALTERED><DELETED>0</DELETED><LASTVCHID>2</LASTVCHID><LASTMID>0</LASTMID><COMBINED>0</COMBINED><IGNORED>0</IGNORED><ERRORS>0</ERRORS><CANCELLED>0</CANCELLED></RESPONSE>
  INFO setup origin: BUILT from source dist/FinComBridge-Setup-2.4.0.exe SHA-256 9614692eab70fb6abfbfc9503df07ab65dc58e834881e05016f9202901f9c434; bridge source: 312d95f304d02b7c0a0a7df33e5d0acc785aab3f release-240: merge origin/next-ledpage (6002c7b8): the owner's two decisions of 08-Oct-2026 (a regular input ledger is not reverse charge; the ledger check kept with the books, pending, no schema change, no migration 71)
bridge setup ended with 0
  INFO bridge on 127.0.0.1:9100, version 2.4.0, allowImport True, readOnly '', testMode False
  bridge log: 2026-10-08 18:49:08  FinCom Bridge 2.4.0: started just for runnervmfi6oq\runneradmin (no service); it keeps the bridge and its icon running
  bridge log: 2026-10-08 18:49:08  FinCom Bridge 2.4.0 (Go) started on 127.0.0.1:9100: the only bridge on this computer; working for runnervmfi6oq\runneradmin, Windows session 2; runs just for this Windows user (starts at sign-in, no service)
  bridge log: 2026-10-08 18:49:08  Tally is open on port 9000; the bridge reads it only after an event (a client opened in FinCom, Update now, a posting, the nightly catch-up at 02:00)
  bridge log: 2026-10-08 18:49:08  Recorder: re-scan of the add-on's files for 2.4.0: 0 line(s) sent earlier without their entry found (a new entry's line with no MasterID, a GUID of another entry, or read while the body fetch was off)
  bridge log: 2026-10-08 18:49:08  Check:  - 
  bridge log: 2026-10-08 18:49:11  Tray icon: set to show next to the clock always (Windows 11)
  bridge log: 2026-10-08 18:49:11  Trial tools switched on for this computer in FinCom: the tray shows the trial items
  bridge log: 2026-10-08 18:49:11  FinCom: this bridge is now the main bridge on this computer (set by the setup); it reads and posts
  bridge log: 2026-10-08 18:49:11  Company FinCom Spike Co: its Tally GUID 0bacb718-4af3-4793-8cf4-d78f87fc6652 is held from now on
  bridge log: 2026-10-08 18:49:11  Company FinCom Spike Co: its starting point is recorded: ALTVCHID=2, ALTMSTID=209 (reading is prospective only: the bridge follows what changes after this)
  bridge log: 2026-10-08 18:49:11  Company FinCom Spike Co: change numbers read with form a: ALTVCHID=2, ALTMSTID=209
  bridge log: 2026-10-08 18:49:11  Light check of FinCom Spike Co: starting point recorded (ALTVCHID=2, ALTMSTID=209)
  INFO add-on: recorder files after start: none
[18:49:54] ---- tds240: a TDS payment typed on the screen, its TDS details in FinCom
[tds240: company TDS on, TAN] 10 ms: <RESPONSE><CREATED>0</CREATED><ALTERED>1</ALTERED><DELETED>0</DELETED><LASTVCHID>0</LASTVCHID><LASTMID>0</LASTMID><COMBINED>0</COMBINED><IGNORED>0</IGNORED><ERRORS>0</ERRORS><CANCELLED>0</CANCELLED></RESPONSE>
[shot] tds-001-gw0 (1024x768)
[18:49:59] [tds] screen tds-001-gw0 : TallyPrime MANAGE Recyc EDU K: Company Gatewa of Tall Y: Data Q Z: Exchange CURRENT OATE Wednesday, I-Apr-2026 I-Oct-26 Search O: Import E: Export M: E-mail p: pnnt Fl: Help Date Company Firefo Googl Chro Micros 46 IypÅ Unity CURRENT PERIOD I-Apr-26 to 31-Mar-27 NAME OF COMPANY FinCom Spike Co Gateway of Tally MASTERS Create Alter CHart of Accounts TRANSACTIONS Vouchers Day 800K UTILITIES BaNking REPORTS Balance Sheet Profit & Loss A/c Stock Summary Ratio Analysis Display More Reports Quit 161 t to •elati 92da4 55d29 c-722 Hub" , 55d29 c-722 ation da42a isten _corr 0970c unnin 051' , l' 6ce45 ...
[keys] 'c' -> Tally 'TallyPrime:9000'
[shot] tds-002-create-TDSNatureofPayments (1024x768)
[18:50:03] [tds] screen tds-002-create-TDSNatureofPayments : TallyPrime MANAGE Recyc EDU Firefo Googl Chron Micros Unity Quit K: Company Y: Data Z: Exchange M: E-mail Q FinCom • ke Co Master Creation List of Masters Accounting Masters Group Ledger Currency Voucher Type Inventory Masters Stock Group Stock Category Stock Item Unit Location Statutory Masters GST Registration GST Classification TDS Nature of Payments Statutory Details Company GST Details TDS Details PAN/CIN Details Search O: Import Change Company Show More E: Export 161 p: pnnt Fl: Help x t to •elati 92da4 55d29 c-722 Hub" , 55d29 c-722 ation da42a isten _corr 0970c unnin 051' , l' 6ce45 Wi...
[keys] '{BACKSPACE}{BACKSPACE}{BACKSPACE}{BACKSPACE}{BACKSPACE}{BACKSPACE}{BACKSPACE}{BACKSPACE}{BACKSPACE}{BACKSPACE}{BACKSPACE}{BACKSPACE}{BACKSPACE}{BACKSPACE}{BACKSPACE}{BACKSPACE}{BACKSPACE}{BACKSPACE}{BACKSPACE}{BACKSPACE}{BACKSPACE}{BACKSPACE}{BACKSPACE}{BACKSPACE}{BACKSPACE}{BACKSPACE}{BACKSPACE}{BACKSPACE}{BACKSPACE}{BACKSPACE}' -> Tally 'TallyPrime:9000'
[keys] 'TDS Nature of Payments' -> Tally 'TallyPrime:9000'
[shot] tds-003-typed-TDSNatureofPayments (1024x768)
[18:50:08] [tds] screen tds-003-typed-TDSNatureofPayments : Recyc Firefo Googl Chron Micros lyp Unity TallyPrime MANAGE EDU Quit K: Company Y: Data Z: Exchange FinCom • ke Co Master Creation TDS Nature of Pa ments List of Masters Statutory Masters TDS Nature of Payments Q Search O: Import Change Company Show More E: Export M: E-mail p: pnnt x Fl: Help t to •elati 92da4 55d29 c-722 Hub" , 55d29 c-722 : '2.3 ation da42a isten _corr 0970c unnin 051' , l' 6ce45 ge" " : "bd Windows Server 2025 Datacenter Build 26100.ge_release240331-1435 6:50 PM 10/8/2026
[keys] '{ENTER}' -> Tally 'TallyPrime:9000'
[shot] tds-004-form-TDSNatureofPayments (1024x768)
[18:50:12] [tds] screen tds-004-form-TDSNatureofPayments : TallyPrime MANAGE Recyc EDU K: Company Y: Data TDS Nature of Pa Creation Name Section Firef Payment code Remittance code Rate for individuals/HUF With PAN Googl Rate for other deductee types Chro With PAN Is zero rated Threshold/exemption limit Micros Unity Quit Q Z: Exchange 0% 0% Accept Search O: Import E: Export M: E-mail FinCom • ke Co p: pnnt x Fl: Help F2: period Company FIO: Other Masters 161 t to •elati 92da4 55d29 c-722 Hub" , 55d29 c-722 ation da42a isten _corr 0970c unnin 051' , l' 6ce45 p: Delete More Details Helper Configure Windows Server 2025 Datacenter Build 26100.ge_release240...
[keys] 'GT Contract Work{ENTER}' -> Tally 'TallyPrime:9000'
[shot] tds-005-nat-name (1024x768)
[18:50:16] [tds] screen tds-005-nat-name : TallyPrime MANAGE Recyc EDU K: Company Y: Data Z: Exchange O: Import E: Export M: E-mail p: pnnt TDS Nature of Pa Name Section Firef Payment code Remittance code Creation FinCom • ke Co x GT Contract Work Fl: Help F2: period Company Rate for individuals/HUF With PAN Googl Rate for other deductee types Chro With PAN Is zero rated Threshold/exemption limit Micros Unity Quit 161 t to •elati 92da4 55d29 c-722 Hub" , 55d29 c-722 ation da42a isten _corr 0970c unnin 051' , l' 6ce45 Q 0% 0% Accept Search FIO: Other Masters p: Delete More Details Helper Configure Windows Server 2025 Datacenter Build 26...
[keys] '194C{ENTER}' -> Tally 'TallyPrime:9000'
[shot] tds-006-nat-section (1024x768)
[18:50:19] [tds] screen tds-006-nat-section : TallyPrime MANAGE Recyc EDU K: Company Y: Data Z: Exchange O: Import E: Export M: E-mail p: pnnt TDS Nature of Pa Name Section Firef Payment code Remittance code Creation FinCom • ke Co x GT Contract Work Fl: Help F2: period Company Rate for individuals/HUF With PAN Googl Rate for other deductee types Chro With PAN Is zero rated Threshold/exemption limit Micros Unity Quit 161 t to •elati 92da4 55d29 c-722 Hub" , 55d29 c-722 ation da42a isten _corr 0970c unnin 051' , l' 6ce45 Q 194C 0% 0% Accept Search FIO: Other Masters p: Delete More Details Helper Configure Windows Server 2025 Datacenter Bui...
[keys] '94C{ENTER}' -> Tally 'TallyPrime:9000'
[shot] tds-007-nat-paycode (1024x768)
[18:50:22] [tds] screen tds-007-nat-paycode : TallyPrime MANAGE Recyc EDU K: Company Y: Data Z: Exchange O: Import E: Export M: E-mail p: pnnt TDS Nature of Pa Name Section Firef Payment code Remittance code Creation FinCom • ke Co x GT Contract Work Fl: Help F2: period Company Rate for individuals/HUF With PAN Googl Rate for other deductee types Chro With PAN Is zero rated Threshold/exemption limit Micros Unity Quit 161 t to •elati 92da4 55d29 c-722 Hub" , 55d29 c-722 ation da42a isten _corr 0970c unnin 051' , l' 6ce45 Q 194C 94C 0% 0% Accept Search FIO: Other Masters p: Delete More Details Helper Configure Windows Server 2025 Datacenter...
[keys] '{ENTER}' -> Tally 'TallyPrime:9000'
[shot] tds-008-nat-remit (1024x768)
[18:50:25] [tds] screen tds-008-nat-remit : TallyPrime MANAGE Recyc EDU K: Company Y: Data Z: Exchange O: Import E: Export M: E-mail p: pnnt TDS Nature of Pa Name Section Firef Payment code Remittance code Creation FinCom • ke Co x GT Contract Work Fl: Help F2: period Company Rate for individuals/HUF With PAN Googl Rate for other deductee types Chro With PAN Is zero rated Threshold/exemption limit Micros Unity Quit 161 t to •elati 92da4 55d29 c-722 Hub" , 55d29 c-722 ation da42a isten _corr 0970c unnin 051' , l' 6ce45 Q 194C 94C 0% 0% Accept Search FIO: Other Masters p: Delete More Details Helper Configure Windows Server 2025 Datacenter...
[keys] '1{ENTER}' -> Tally 'TallyPrime:9000'
[shot] tds-009-nat-rate-ind (1024x768)
[18:50:28] [tds] screen tds-009-nat-rate-ind : TallyPrime MANAGE Recyc EDU K: Company Y: Data Z: Exchange O: Import E: Export M: E-mail FinCom • ke Co p: pnnt x TDS Nature of Pa Name Section Firef Payment code Remittance code Creation Fl: Help F2: period Company GT Contract Work 194C 94C Rate for individuals/HUF With PAN Googl Rate for other deductee types Chro With PAN Threshold/exemption limit Micros Unity Quit FIO: Other Masters 161 t to •elati 92da4 55d29 c-722 Hub" , 55d29 c-722 ation da42a isten _corr 0970c unnin 051' , l' 6ce45 p: Delete More Details Helper Configure Q Accept Search Windows Server 2025 Datacenter Build 26100.ge_rele...
[keys] '2{ENTER}' -> Tally 'TallyPrime:9000'
[shot] tds-010-nat-rate-oth (1024x768)
[18:50:31] [tds] screen tds-010-nat-rate-oth : TallyPrime MANAGE Recyc EDU K: Company Y: Data Z: Exchange O: Import E: Export M: E-mail FinCom • ke Co p: pnnt x TDS Nature of Pa Name Section Firef Payment code Remittance code Creation GT Contract Work Fl: Help F2: period Company Rate for individuals/HUF With PAN Googl Rate for other deductee types Chro With PAN Threshold/exemption limit Micros Unity Quit 161 t to •elati 92da4 55d29 c-722 Hub" , 55d29 c-722 ation da42a isten _corr 0970c unnin 051' , l' 6ce45 Q 194C 94C 1% 2% Accept Search FIO: Other Masters p: Delete More Details Helper Configure Windows Server 2025 Datacenter Build 26100.g...
[keys] '{ENTER}' -> Tally 'TallyPrime:9000'
[shot] tds-011-nat-zero (1024x768)
[18:50:34] [tds] screen tds-011-nat-zero : TallyPrime MANAGE Recyc EDU K: Company Y: Data Z: Exchange O: Import E: Export M: E-mail FinCom p: print x TDS Nature of Pa Name Section Firef Payment code Remittance code Creation GT Contract Work Fl: Help F2: period F3: Company Rate for individuals/HUF With PAN Googl Rate for other deductee types Chro With PAN Threshold/exemption limit Micros Unity Q: Quit Accept Q Yes or No 161 t to •elati 92da4 55d29 c-722 Hub" , 55d29 c-722 ation da42a isten _corr 0970c unnin 051' , l' 6ce45 Q 194C 94C 1% 2% A: Accept Search FIO : Other Masters l: More Details H: Helper p: Delete F 12: Configure Windows S...
[keys] '{ENTER}' -> Tally 'TallyPrime:9000'
[shot] tds-012-nat-threshold (1024x768)
[18:50:37] [tds] screen tds-012-nat-threshold : TallyPrime MANAGE Recyc EDU K: Company Y: Data TDS Nature of Pa Creation Name Section Firef Payment code Remittance code Rate for individuals/HUF With PAN Googl Rate for other deductee types Chro With PAN Is zero rated Threshold/exemption limit Micros Unity Quit Q Z: Exchange 0% 0% Accept Search O: Import E: Export M: E-mail FinCom • ke Co p: pnnt x Fl: Help F2: period Company FIO: Other Masters 161 t to •elati 92da4 55d29 c-722 Hub" , 55d29 c-722 ation da42a isten _corr 0970c unnin 051' , l' 6ce45 p: Delete More Details Helper Configure Windows Server 2025 Datacenter Build 26100.ge_release240...
[keys] '^a' -> Tally 'TallyPrime:9000'
[shot] tds-013-nat-accept (1024x768)
[18:50:41] [tds] screen tds-013-nat-accept : TallyPrime MANAGE Recyc EDU K: Company Y: Data TDS Nature of Pa Creation Name Section Firef Payment code Remittance code Rate for individuals/HUF With PAN Googl Rate for other deductee types Chro With PAN Is zero rated Threshold/exemption limit Micros Unity Quit Q Z: Exchange 0% 0% Accept Search O: Import E: Export M: E-mail FinCom • ke Co p: pnnt x Fl: Help F2: period Company FIO: Other Masters 161 t to •elati 92da4 55d29 c-722 Hub" , 55d29 c-722 ation da42a isten _corr 0970c unnin 051' , l' 6ce45 p: Delete More Details Helper Configure Windows Server 2025 Datacenter Build 26100.ge_release240...
[keys] '{ESC}' -> Tally 'TallyPrime:9000'
[shot] tds-014-nat-esc1 (1024x768)
[18:50:44] [tds] screen tds-014-nat-esc1 : TallyPrime MANAGE Recyc EDU K: Company Y: Data TDS Nature of Pa Creation Name Section Firef Payment code Remittance code Rate for individuals/HUF With PAN Googl Rate for other deductee types Chro With PAN Is zero rated Threshold/exemption limit Micros Unity Q: Quit Q Z: Exchange 0% 0% A: Accept Search O: Import E: Export M: E-mail FinCom p: print x Fl: Help F2: period F3: Company Quit o Yes or No FIO : Other Masters l: More Details H: Helper 161 t to •elati 92da4 55d29 c-722 Hub" , 55d29 c-722 ation da42a isten _corr 0970c unnin 051' , l' 6ce45 p: Delete F 12: Configure Windows Server 2025 Dat...
[keys] '{ESC}' -> Tally 'TallyPrime:9000'
[shot] tds-015-nat-esc2 (1024x768)
[18:50:48] [tds] screen tds-015-nat-esc2 : TallyPrime MANAGE Recyc EDU Firefo Googl Chron Micros Unity Quit K: Company Y: Data Z: Exchange M: E-mail Q FinCom • ke Co Master Creation List of Masters Accounting Masters Group Ledger Currency Voucher Type Inventory Masters Stock Group Stock Category Stock Item Unit Location Statutory Masters GST Registration GST Classification TDS Nature of Payments Statutory Details Company GST Details TDS Details PAN/CIN Details Search O: Import Change Company Show More E: Export 161 p: pnnt Fl: Help x t to •elati 92da4 55d29 c-722 Hub" , 55d29 c-722 ation da42a isten _corr 0970c unnin 051' , l' 6ce45 Wi...
[18:50:48] [tds] nature 'GT Contract Work' in Tally's export (TDSRate): True
[shot] tds-016-gw0 (1024x768)
[18:50:48] [tds] screen tds-016-gw0 : TallyPrime MANAGE Recyc EDU Firefo Googl Chron Micros Unity Quit K: Company Y: Data Z: Exchange M: E-mail Q FinCom • ke Co Master Creation List of Masters Accounting Masters Group Ledger Currency Voucher Type Inventory Masters Stock Group Stock Category Stock Item Unit Location Statutory Masters GST Registration GST Classification TDS Nature of Payments Statutory Details Company GST Details TDS Details PAN/CIN Details Search O: Import Change Company Show More E: Export 161 p: pnnt Fl: Help x t to •elati 92da4 55d29 c-722 Hub" , 55d29 c-722 ation da42a isten _corr 0970c unnin 051' , l' 6ce45 Wi...
[keys] '{ESC}' -> Tally 'TallyPrime:9000'
[shot] tds-017-gw1 (1024x768)
[18:50:52] [tds] screen tds-017-gw1 : TallyPrime MANAGE Recyc EDU K: Company Gatewa of Tall Y: Data Q Z: Exchange CURRENT OATE Wednesday, I-Apr-2026 I-Oct-26 Search O: Import E: Export M: E-mail p: pnnt Fl: Help Date Company Firefo Googl Chro Micros 46 IypÅ Unity CURRENT PERIOD I-Apr-26 to 31-Mar-27 NAME OF COMPANY FinCom Spike Co Gateway of Tally MASTERS Create Alter CHart of Accounts TRANSACTIONS Vouchers Day 800K UTILITIES BaNking REPORTS Balance Sheet Profit & Loss A/c Stock Summary Ratio Analysis Display More Reports Quit 161 t to •elati 92da4 55d29 c-722 Hub" , 55d29 c-722 ation da42a isten _corr 0970c unnin 051' , l' 6ce45 ...
  INFO tds240: the nature 'GT Contract Work' as a TDS Rate in Tally: True
[tds240: party, expense, TDS ledger] 14 ms: <RESPONSE><CREATED>3</CREATED><ALTERED>0</ALTERED><DELETED>0</DELETED><LASTVCHID>0</LASTVCHID><LASTMID>0</LASTMID><COMBINED>0</COMBINED><IGNORED>0</IGNORED><ERRORS>0</ERRORS><CANCELLED>0</CANCELLED></RESPONSE>
  INFO tds240: ledgers: <CREATED>3</CREATED> <ALTERED>0</ALTERED> <DELETED>0</DELETED> <LASTVCHID>0</LASTVCHID> <LASTMID>0</LASTMID> <COMBINED>0</COMBINED> <IGNORED>0</IGNORED> <ERRORS>0</ERRORS>
  voucher mid=1 aid=1 Journal/1/20260401 guid=0bacb718-4af3-4793-8cf4-d78f87fc6652-00000001 cancelled=False
  voucher mid=2 aid=2 Journal/2/20261001 guid=0bacb718-4af3-4793-8cf4-d78f87fc6652-00000002 cancelled=False
[shot] tds-018-gw0 (1024x768)
[18:50:53] [tds] screen tds-018-gw0 : TallyPrime MANAGE Recyc EDU K: Company Gatewa of Tall Y: Data Q Z: Exchange CURRENT OATE Wednesday, I-Apr-2026 I-Oct-26 Search O: Import E: Export M: E-mail p: pnnt Fl: Help Date Company Firefo Googl Chro Micros 46 IypÅ Unity CURRENT PERIOD I-Apr-26 to 31-Mar-27 NAME OF COMPANY FinCom Spike Co Gateway of Tally MASTERS Create Alter CHart of Accounts TRANSACTIONS Vouchers Day 800K UTILITIES BaNking REPORTS Balance Sheet Profit & Loss A/c Stock Summary Ratio Analysis Display More Reports Quit 161 t to •elati 92da4 55d29 c-722 Hub" , 55d29 c-722 ation da42a isten _corr 0970c unnin 051' , l' 6ce45 ...
[keys] 'v' -> Tally 'TallyPrime:9000'
[shot] tds-019-gt-vouchers (1024x768)
[18:50:57] [tds] screen tds-019-gt-vouchers : TallyPrime MANAGE Recyc EDU K: Company Accounting Voucher Creation Pa ment No. 1 Firefo Account Current balance: Particulars Googl Chro Micros 46 IypÅ Narration: Unity Quit Y: Data Q Z: Exchange A Accept Search O: Import E: Export M: E-mail FinCom • ke Co p: print upr-26 Wednesday Amount 161 t to •elati 92da4 55d29 c-722 Hub" , 55d29 c-722 ation da42a isten _corr 0970c unnin 051' , l' 6ce45 D: Delete x: Cancel Vch Fl: Help Q: Date Company Ed: Contra F-5: Payment Receipt Journal Sales Purchase Fl O: OåuVooctgs E: Autofill Change Mode More Details O: Related ¯ Repons Optional post -Dated J: Stat...
[keys] '{F7}' -> Tally 'TallyPrime:9000'
[shot] tds-020-gt-journal (1024x768)
[18:51:01] [tds] screen tds-020-gt-journal : TallyPrime MANAGE Recyc EDU K: Company Accounting Voucher Creation Journal Firefo Particulars Googl Chro Micros 46 IypÅ Narration: Unity Quit Y: Data Z: Exchange A Accept Search FinCom • ke Co O: Import E: Export List of Led er Accounts GT Contract Exp GT TDS Contractor GT TDS Payable Profit & Loss A/c Spike Income Spike Party Spike Party 2 Ul Party M: E-mail p: pnnt x Create Show More Fl: Help Q: Date Company Ed: Contra Payment Receipt F-7: Journal Sales 161 t to •elati 92da4 55d29 c-722 Hub" , 55d29 Purchase c-722 Fl O: OåuVooctgs E: Autofill H: Change = Mode More Details o: Related Reports ...
[keys] '{F2}' -> Tally 'TallyPrime:9000'
[shot] tds-021-gt-date-box (1024x768)
[18:51:04] [tds] screen tds-021-gt-date-box : x Recyc TallyPrime MANAGE EDU K: Company Change Voucher Date Y: Data Z: Exchange A Accept Q Search O: Import E: Export M: E-mail p: pnnt Fl: Help Firefo Googl Chron Micros lyp Unity Quit FinCom Spike Co Voucher Date 24-2026 t to •elati 92da4 55d29 c-722 Hub" , 55d29 c-722 : '2.3 ation da42a isten _corr 0970c unnin 051' , l' 6ce45 ge" " : "bd Windows Server 2025 Datacenter Build 26100.ge_release240331-1435 6:51 PM 10/8/2026
[keys] '2-11-2026{ENTER}' -> Tally 'TallyPrime:9000'
[shot] tds-022-gt-date-set (1024x768)
[18:51:08] [tds] screen tds-022-gt-date-set : TallyPrime MANAGE Recyc EDU K: Company Accounting Voucher Creation Journal Firefo Particulars Googl Chro Micros 46 IypÅ Narration: Unity Quit Y: Data Z: Exchange A Accept Search FinCom • ke Co O: Import E: Export List of Led er Accounts GT Contract Exp GT TDS Contractor GT TDS Payable Profit & Loss A/c Spike Income Spike Party Spike Party 2 Ul Party M: E-mail p: pnnt x Create Show More Fl: Help Q: Date Company Ed: Contra Payment Receipt F-7: Journal Sales 161 t to •elati 92da4 55d29 c-722 Hub" , 55d29 Purchase c-722 Fl O: OåuVooctgs E: Autofill H: Change = Mode More Details o: Related Reports ...
[keys] 'GT Contract Exp{ENTER}' -> Tally 'TallyPrime:9000'
[shot] tds-023-gt-r1-ledger (1024x768)
[18:51:12] [tds] screen tds-023-gt-r1-ledger : TallyPrime MANAGE Recyc EDU K: Company Accounting Voucher Creation Journal Y: Data Z: Exchange A Accept Search O: Import E: Export FinCom • ke Co M: E-mail Debit p: print x 2-Nov-26 Monday Credit Firefo By By Googl Chro Micros 46 IypÅ Particulars GT Contract Exp Cur Bal: Fl: Help Q: Date Company Ed: Contra Payment Receipt F-7: Journal Sales Purchase Fl O: OåuVooctgs E: Autofill H: Change = Mode More Details o: Related Reports Optional post -Dated J: Stat Adjustment El 2: Configure 161 t to •elati 92da4 55d29 c-722 Hub" , 55d29 c-722 ation da42a isten _corr 0970c unnin 051' , l' 6ce45 Narration...
[keys] '100000{ENTER}' -> Tally 'TallyPrime:9000'
[shot] tds-024-gt-r1-amount (1024x768)
[18:51:16] [tds] screen tds-024-gt-r1-amount : TallyPrime MANAGE Recyc EDU K: Company Accounting Voucher Creation Journal Y: Data Z: Exchange A Accept Search O: Import E: Export M: E-mail FinCom • ke Co p: print x 2-Nov-26 Monday Credit Firefo By Goog Chro Micros 46 IypÅ Particulars GT Contract Exp CurBa1: Dr Debit 1,00 00000 1,00 00000 Fl: Help Q: Date Company Ed: Contra Payment Receipt F-7: Journal Sales Purchase Fl O: OåuVooctgs E: Autofill H: Change = Mode More Details o: Related Reports Optional post -Dated J: Stat Adjustment El 2: Configure 161 t to •elati 92da4 55d29 c-722 Hub" , 55d29 c-722 ation da42a isten _corr 0970c unnin 051' ...
[shot] tds-025-gt-r1-after1 (1024x768)
[18:51:16] [tds] screen tds-025-gt-r1-after1 : TallyPrime MANAGE Recyc EDU K: Company Accounting Voucher Creation Journal Y: Data Z: Exchange A Accept Search O: Import E: Export M: E-mail FinCom • ke Co p: print x 2-Nov-26 Monday Credit Firefo By Goog Chro Micros 46 IypÅ Particulars GT Contract Exp CurBa1: Dr Debit 1,00 00000 1,00 00000 Fl: Help Q: Date Company Ed: Contra Payment Receipt F-7: Journal Sales Purchase Fl O: OåuVooctgs E: Autofill H: Change = Mode More Details o: Related Reports Optional post -Dated J: Stat Adjustment El 2: Configure 161 t to •elati 92da4 55d29 c-722 Hub" , 55d29 c-722 ation da42a isten _corr 0970c unnin 051' ...
[keys] 't{ENTER}' -> Tally 'TallyPrime:9000'
[shot] tds-026-gt-r2-to (1024x768)
[18:51:19] [tds] screen tds-026-gt-r2-to : TallyPrime MANAGE Recyc EDU K: Company Accounting Voucher Creation Journal Y: Data Z: Exchange A Accept Search FinCom • ke Co O: Import E: Export List of Led er Accounts GT Contract Exp GT TDS Contractor GT TDS Payable Profit & Loss A/c Spike Income Spike Party Spike Party 2 Ul Party M: E-mail p: pnnt x Create Show More Firefo By Googl Chro Micros 46 IypÅ Particulars GT Contract Exp CurBa1: Dr Fl: Help Q: Date Company Ed: Contra Payment Receipt F-7: Journal Sales Purchase Fl O: OåuVooctgs E: Autofill H: Change = Mode More Details o: Related Reports Optional post -Dated J: Stat Adjustment Confi...
[keys] 'GT TDS Payable{ENTER}' -> Tally 'TallyPrime:9000'
[shot] tds-027-gt-r2-ledger (1024x768)
[18:51:24] [tds] screen tds-027-gt-r2-ledger : TallyPrime MANAGE Recyc EDU K: Company Accounting Voucher Creation Journal Y: Data Z: Exchange A Accept Search O: Import E: Export M: E-mail FinCom • ke Co Firefo By Googl Chro Micros 46 IypÅ Particulars GT Contract Exp Debit 1,00 00000 CurBa1: Dr To GTTDS Payable CurBal: Cr Narration: Unity Quit p: print x 2-Nov-26 Monday Credit 1,00 00000 1,00 00000 Fl: Help Q: Date Company Ed: Contra Payment Receipt F-7: Journal Sales Purchase Fl O: OåuVooctgs E: Autofill H: Change = Mode More Details o: Related Reports Optional post -Dated J: Stat Adjustment El 2: Configure 161 t to •elati 92da4 55d29 c-72...
[shot] tds-028-gt-r2-sub1 (1024x768)
[18:51:24] [tds] screen tds-028-gt-r2-sub1 : TallyPrime MANAGE Recyc EDU K: Company Accounting Voucher Creation Journal Y: Data Z: Exchange A Accept Search O: Import E: Export M: E-mail FinCom • ke Co Firefo By Googl Chro Micros 46 IypÅ Particulars GT Contract Exp Debit 1,00 00000 CurBa1: Dr To GTTDS Payable CurBal: Cr Narration: Unity Quit p: print x 2-Nov-26 Monday Credit 1,00 00000 Fl: Help Q: Date Company Ed: Contra Payment Receipt F-7: Journal Sales Purchase Fl O: OåuVooctgs E: Autofill H: Change = Mode More Details o: Related Reports Optional post -Dated J: Stat Adjustment El 2: Configure 161 t to •elati 92da4 55d29 c-722 Hub" , 55...
[shot] tds-029-gt-r2-amount-shown (1024x768)
[18:51:25] [tds] screen tds-029-gt-r2-amount-shown : TallyPrime MANAGE Recyc EDU K: Company Accounting Voucher Creation Journal Y: Data Z: Exchange A Accept Search O: Import E: Export M: E-mail FinCom • ke Co Firefo By Googl Chro Micros 46 IypÅ Particulars GT Contract Exp Debit 1,00 00000 CurBa1: Dr To GTTDS Payable CurBal: Cr Narration: Unity Quit p: print x 2-Nov-26 Monday Credit 1,00 00000 1,00 00000 Fl: Help Q: Date Company Ed: Contra Payment Receipt F-7: Journal Sales Purchase Fl O: OåuVooctgs E: Autofill H: Change = Mode More Details o: Related Reports Optional post -Dated J: Stat Adjustment El 2: Configure 161 t to •elati 92da4 55d29 c-72...
[keys] '2000{ENTER}' -> Tally 'TallyPrime:9000'
[shot] tds-030-gt-r2-amount-typed (1024x768)
[18:51:29] [tds] screen tds-030-gt-r2-amount-typed : TallyPrime MANAGE Recyc EDU K: Company Accounting Voucher Creation Journal Y: Data Z: Exchange A Accept Search O: Import E: Export M: E-mail FinCom • ke Co Firefo By Googl Chro Micros 46 IypÅ Particulars GT Contract Exp CurBa1: Dr To GTTDS Payable CurBal: 2,000.00 Cr Narration: Unity Quit Debit 1,00 00000 1,00 00000 p: print x 2-Nov-26 Monday Credit 2,000.00 2,000.00 Fl: Help Q: Date Company Ed: Contra Payment Receipt F-7: Journal Sales Purchase Fl O: OåuVooctgs E: Autofill H: Change = Mode More Details o: Related Reports Optional post -Dated J: Stat Adjustment El 2: Configure 161 t to •elati ...
[shot] tds-031-gt-r2-after1 (1024x768)
[18:51:29] [tds] screen tds-031-gt-r2-after1 : TallyPrime MANAGE Recyc EDU K: Company Accounting Voucher Creation Journal Y: Data Z: Exchange A Accept Search O: Import E: Export M: E-mail FinCom • ke Co Firefo By Googl Chro Micros 46 IypÅ Particulars GT Contract Exp CurBa1: Dr To GTTDS Payable CurBal: 2,000.00 Cr Narration: Unity Quit Debit 1,00 00000 1,00 00000 p: print x 2-Nov-26 Monday Credit 2,000.00 2,000.00 Fl: Help Q: Date Company Ed: Contra Payment Receipt F-7: Journal Sales Purchase Fl O: OåuVooctgs E: Autofill H: Change = Mode More Details o: Related Reports Optional post -Dated J: Stat Adjustment El 2: Configure 161 t to •elati ...
[keys] 't{ENTER}' -> Tally 'TallyPrime:9000'
[shot] tds-032-gt-r3-to (1024x768)
[18:51:32] [tds] screen tds-032-gt-r3-to : TallyPrime MANAGE Recyc EDU K: Company Accounting Voucher Creation Journal Y: Data Q Z: Exchange A Accept Search FinCom • ke Co O: Import E: Export List of Led er Accounts GT Contract Exp GT TDS Contractor GT TDS Payable Profit & Loss A/c Spike Income Spike Party Spike Party 2 Ul Party M: E-mail p: pnnt x Create Show More Firefo By Googl Chro Micros 46 IypÅ Particulars GT Contract Exp Fl: Help Q: Date Company Ed: Contra Payment Receipt F-7: Journal Sales 161 t to •elati 92da4 55d29 c-722 Hub" , CurBa1: Dr To GTTDS Payable CurBa1: 2,000.00 Cr Narration: Unity Quit 55d29 Purchase c-722 Fl O: Oåu...
[keys] 'GT TDS Contractor{ENTER}' -> Tally 'TallyPrime:9000'
[shot] tds-033-gt-r3-ledger (1024x768)
[18:51:37] [tds] screen tds-033-gt-r3-ledger : TallyPrime MANAGE Recyc EDU K: Company Accounting Voucher Creation Journal Y: Data Z: Exchange A Accept Search O: Import E: Export M: E-mail FinCom • ke Co Firefo By Googl Chro Micros 46 IypÅ Particulars GT Contract Exp Debit 1,00 00000 p: print x 2-Nov-26 Monday Credit 2,000.00 1,00 00000 CurBa1: Dr To GTTDS Payable CurBal: 2,000.00 Cr To GTTDS Contractor CurBa1: Cr Narration: Unity Quit Fl: Help Q: Date Company Ed: Contra Payment Receipt F-7: Journal Sales Purchase Fl O: OåuVooctgs E: Autofill H: Change = Mode More Details o: Related Reports Optional post -Dated J: Stat Adjustment El 2: Conf...
[shot] tds-034-gt-r3-amount-shown (1024x768)
[18:51:37] [tds] screen tds-034-gt-r3-amount-shown : TallyPrime MANAGE Recyc EDU K: Company Accounting Voucher Creation Journal Y: Data Z: Exchange A Accept Search O: Import E: Export M: E-mail FinCom • ke Co Firefo By Googl Chro Micros 46 IypÅ Particulars GT Contract Exp Debit 1,00 00000 p: print x 2-Nov-26 Monday Credit 2,000.00 1,00 00000 CurBa1: Dr To GTTDS Payable CurBal: 2,000.00 Cr To GTTDS Contractor CurBa1: Cr Narration: Unity Quit Fl: Help Q: Date Company Ed: Contra Payment Receipt F-7: Journal Sales Purchase Fl O: OåuVooctgs E: Autofill H: Change = Mode More Details o: Related Reports Optional post -Dated J: Stat Adjustment El 2: Conf...
[keys] '98000{ENTER}' -> Tally 'TallyPrime:9000'
[shot] tds-035-gt-r3-amount-typed (1024x768)
[18:51:41] [tds] screen tds-035-gt-r3-amount-typed : TallyPrime MANAGE Recyc EDU K: Company Accounting Voucher Creation Journal Y: Data Z: Exchange Accept Search O: Import E: Export M: E-mail FinCom • ke Co Firefo By Googl Chro Micros 46 IypÅ Particulars GT Contract Exp Debit 1,00 00000 CurBa1: Dr To GTTDS Payable CurBal: 2,000.00 Cr To GT TDS Contractor CurBal: 98,000.00 Cr Narration: Unity Quit p: print x 2-Nov-26 Monday Credit 2,000.00 98,000.00 1,00 00000 Fl: Help Q: Date Company Ed: Contra Payment Receipt F-7: Journal Sales Purchase Fl O: OåuVooctgs E: Autofill H: Change = Mode More Details o: Related Reports Optional post -Dated J: Stat Ad...
[shot] tds-036-gt-r3-after1 (1024x768)
[18:51:42] [tds] screen tds-036-gt-r3-after1 : TallyPrime MANAGE Recyc EDU K: Company Accounting Voucher Creation Journal Y: Data Z: Exchange Accept Search O: Import E: Export M: E-mail FinCom • ke Co Firefo By Googl Chro Micros 46 IypÅ Particulars GT Contract Exp Debit 1,00 00000 CurBa1: Dr To GTTDS Payable CurBal: 2,000.00 Cr To GT TDS Contractor CurBal: 98,000.00 Cr Narration: Unity Quit p: print x 2-Nov-26 Monday Credit 2,000.00 98,000.00 1,00 00000 Fl: Help Q: Date Company Ed: Contra Payment Receipt F-7: Journal Sales Purchase Fl O: OåuVooctgs E: Autofill H: Change = Mode More Details o: Related Reports Optional post -Dated J: Stat Ad...
[shot] tds-037-gt-before-narration (1024x768)
[18:51:42] [tds] screen tds-037-gt-before-narration : TallyPrime MANAGE Recyc EDU K: Company Accounting Voucher Creation Journal Y: Data Z: Exchange Accept Search O: Import E: Export M: E-mail FinCom • ke Co Firefo By Googl Chro Micros 46 IypÅ Particulars GT Contract Exp Debit 1,00 00000 CurBa1: Dr To GTTDS Payable CurBal: 2,000.00 Cr To GT TDS Contractor CurBal: 98,000.00 Cr Narration: Unity Quit p: print x 2-Nov-26 Monday Credit 2,000.00 98,000.00 1,00 00000 Fl: Help Q: Date Company Ed: Contra Payment Receipt F-7: Journal Sales Purchase Fl O: OåuVooctgs E: Autofill H: Change = Mode More Details o: Related Reports Optional post -Dated J: Stat Ad...
[keys] 'GT240 TDS typed on the screen{ENTER}' -> Tally 'TallyPrime:9000'
[shot] tds-038-gt-narration (1024x768)
[18:51:47] [tds] screen tds-038-gt-narration : TallyPrime MANAGE Recyc EDU K: Company Accounting Voucher Creation Journal Y: Data Z: Exchange A: Accept Search O: Import E: Export M: E-mail FinCom Firefo By Googl Chro Micros 46 IypÅ Particulars GT Contract Exp Debit 1,00 00000 CurBa1: Dr To GTTDS Payable CurBal: 2,000.00 Cr To GT TDS Contractor CurBal: 98,000.00 Cr Narration: GT240 TDS typed on the screen Unity Q: Quit p: print x 2-Nov-26 Monday Credit 2,000.00 98,000.00 Accept Q Yes or No Fl: Help F-2: Date F-3: Company F-4: Contra F-5: Payment F-6: Receipt F-7: Journal F-9: Purchase PIO: E: Autofill H: Change = Mode I: More - Details O: R...
[shot] tds-039-gt-accept-q (1024x768)
[18:51:47] [tds] screen tds-039-gt-accept-q : TallyPrime MANAGE Recyc EDU K: Company Accounting Voucher Creation Journal Y: Data Z: Exchange A: Accept Search O: Import E: Export M: E-mail FinCom Firefo By Googl Chro Micros 46 IypÅ Particulars GT Contract Exp Debit 1,00 00000 CurBa1: Dr To GTTDS Payable CurBal: 2,000.00 Cr To GT TDS Contractor CurBal: 98,000.00 Cr Narration: GT240 TDS typed on the screen Unity Q: Quit p: print x 2-Nov-26 Monday Credit 2,000.00 98,000.00 Accept Q Yes or No Fl: Help F-2: Date F-3: Company F-4: Contra F-5: Payment F-6: Receipt F-7: Journal F-9: Purchase PIO: E: Autofill H: Change = Mode I: More - Details O: R...
[keys] 'y' -> Tally 'TallyPrime:9000'
[shot] tds-040-gt-accepted (1024x768)
[18:51:52] [tds] screen tds-040-gt-accepted : TallyPrime MANAGE Recyc EDU K: Company Accounting Voucher Creation Journal No. 4 Firefo Particulars Googl Chro Micros 46 IypÅ Narration: Unity Quit Y: Data Z: Exchange A Accept Search FinCom • ke Co O: Import E: Export List of Led er Accounts GT Contract Exp GT TDS Contractor GT TDS Payable Profit & Loss A/c Spike Income Spike Party Spike Party 2 Ul Party M: E-mail p: pnnt x Create Show More Fl: Help Q: Date Company Ed: Contra Payment Receipt F-7: Journal Sales 161 t to •elati 92da4 55d29 c-722 Hub" , 55d29 Purchase c-722 Fl O: OåuVooctgs E: Autofill H: Change = Mode More Details o: Related Re...
[shot] tds-041-gw0 (1024x768)
[18:51:53] [tds] screen tds-041-gw0 : TallyPrime MANAGE Recyc EDU K: Company Accounting Voucher Creation Journal No. 4 Firefo Particulars Googl Chro Micros 46 IypÅ Narration: Unity Quit Y: Data Z: Exchange A Accept Search FinCom • ke Co O: Import E: Export List of Led er Accounts GT Contract Exp GT TDS Contractor GT TDS Payable Profit & Loss A/c Spike Income Spike Party Spike Party 2 Ul Party M: E-mail p: pnnt x Create Show More Fl: Help Q: Date Company Ed: Contra Payment Receipt F-7: Journal Sales 161 t to •elati 92da4 55d29 c-722 Hub" , 55d29 Purchase c-722 Fl O: OåuVooctgs E: Autofill H: Change = Mode More Details o: Related Re...
[keys] '{ESC}' -> Tally 'TallyPrime:9000'
[shot] tds-042-gw1 (1024x768)
[18:51:56] [tds] screen tds-042-gw1 : TallyPrime MANAGE Recyc EDU K: Company Accounting Voucher Creation Journal No. 4 Firefo Particulars Googl Chro Micros 46 IypÅ Narration: Unity Q: Quit Y: Data Z: Exchange A: Accept Search O: Import E: Export FinCom M: E-mail Debit p: print x 2-Nov-26 Monday Credit Quit o Yes or No 161 t to •elati 92da4 55d29 c-722 Hub" , 55d29 c-722 ation da42a isten _corr 0970c unnin 051' , l' 6ce45 D: Delete X: Cancel Vch Fl: Help F-2: Date F-3: Company F-4: Contra F-5: Payment F-6: Receipt F-7: Journal F-9: Purchase PIO: E: Autofill H: Change = Mode I: More - Details O: Related ¯ Repons L: Optional T: post ...
[keys] 'y' -> Tally 'TallyPrime:9000'
[shot] tds-043-gw2 (1024x768)
[18:52:00] [tds] screen tds-043-gw2 : TallyPrime MANAGE Recyc EDU K: Company Gatewa of Tall Y: Data Q Z: Exchange CURRENT OATE Monday, 2-Nov-2026 2-Nov-26 Search O: Import E: Export M: E-mail p: pnnt Fl: Help Date Company Firefo Googl Chro Micros 46 IypÅ Unity CURRENT PERIOD I-Apr-26 to 31-Mar-27 NAME OF COMPANY FinCom Spike Co Gateway of Tally MASTERS Create Alter CHart of Accounts TRANSACTIONS Vouchers Day 800K UTILITIES BaNking REPORTS Balance Sheet Profit & Loss A/c Stock Summary Ratio Analysis Display More Reports Quit 161 t to •elati 92da4 55d29 c-722 Hub" , 55d29 c-722 ation da42a isten _corr 0970c unnin 051' , l' 6ce45 Win...
  voucher mid=1 aid=1 Journal/1/20260401 guid=0bacb718-4af3-4793-8cf4-d78f87fc6652-00000001 cancelled=False
  voucher mid=2 aid=2 Journal/2/20261001 guid=0bacb718-4af3-4793-8cf4-d78f87fc6652-00000002 cancelled=False
  voucher mid=3 aid=3 Journal/3/20261102 guid=0bacb718-4af3-4793-8cf4-d78f87fc6652-00000003 cancelled=False
  INFO tds240: the entry saved: Journal no 3 mid 3 guid 0bacb718-4af3-4793-8cf4-d78f87fc6652-00000003; the TDS row's amount typed (2000)
  tdscheck: {"ok":true,"vouchers":1,"guid":"0bacb718-4af3-4793-8cf4-d78f87fc6652-00000003","type":"Journal","no":"3","tds":[{"n":2,"ledger":"GT TDS Contractor","nature":"GT Contract Work","party":"GT TDS Contractor","rate":0,"base":100000,"tax":2000,"section":"","sectionFrom":"","exempt":true}],"checks":[]}
######## PASS t1 TDS typed on the screen: the TDS details carried to FinCom: Tally stored 1 TDS allocation(s): nature 'GT Contract Work' party 'GT TDS Contractor' base 100000 tax 2000 rate 0 exempted 'Yes'; FinCom's TDS list from the bridge's line (created, 6306 chars): nature 'GT Contract Work' party 'GT TDS Contractor' section '' () base 100000 tax 2000 rate 0 exempt; not carried: none
######## PASS t2 TDS rate: worked out only where Tally stores 0, never on an exempt line: 1 TDS line(s): exempt (Tally's rate 0): kept, not worked out; an exempt line on this release: yes (1); wrong: none
  bridge log: 2026-10-08 18:51:49  Recorder: Journal 3 of 02-Nov-2026 (MasterID 3, line f671cf3c…): asking Tally by MasterID
  bridge log: 2026-10-08 18:51:49  Recorder: entry fetch of FinCom Spike Co: answered in 7 ms
  bridge log: 2026-10-08 18:51:49  Recorder: Journal 3 of 02-Nov-2026 (MasterID 3, line f671cf3c…): taken: Tally's GUID 0bacb718-4af3-4793-8cf4-d78f87fc6652-00000003, AlterID 3
  bridge log: 2026-10-08 18:51:49  Renumbering: made Journal 3 of 02-Nov-2026 in FinCom Spike Co: FinCom holds 0 later Journal entries; each is read again from Tally to see whether Tally renumbered it
