[00:55:14] ---- c1 install and open the company (TallyPrime 3.0)
  INFO installed: C:\Program Files\TallyPrime\tally.exe; tally.exe 11457160 bytes, 2026-10-11, FileVersion 1.1.3.0, ProductVersion 1.1.3.0, ProductName TallyPrime
  INFO company folder made by flow.ps1: D:\a\_temp\TallyData\100000
[keys] 'a' -> Tally 'TallyPrime:9000'
[keys] 't' -> Tally 'TallyPrime:9000'
[shot] v-00-started (1024x768)
[companies] 5 ms: <ENVELOPE><HEADER><VERSION>1</VERSION><STATUS>1</STATUS></HEADER><BODY><DESC><CMPINFO><COMPANY>0</COMPANY><GROUP>0</GROUP><LEDGER>0</LEDGER><COSTCATEGORY>0</COSTCATEGORY><COSTCENTRE>0</COSTCENTRE><GODOWN>0</GODOWN><STOCKGROUP>0</STOCKGROUP><STOCKCATEGORY>0</STOCKCATEGORY><STOCKITEM>0</STOCKITEM><VOUCHERTYPE>0</VOUCHERTYPE><CURRENCY>0</CURRENCY><UNIT>0</UNIT><BUDGET>0</BUDGET><CLIENTRULE>0</CLIENTRULE><SERVERRULE>0</SERVERRULE><STATE>0</STATE><TDSRATE>0</TDSRATE><TAXCLASSIFICATION>0</TAXCLASSIFICATION><STCATEGORY>0</STCATEGORY><DEDUCTEETYPE>0</DEDUCTEETYPE><ATTENDANCETYPE>0</ATTENDANCETYPE><FBT...
[header] 5 ms: <ENVELOPE><HEADER><VERSION>1</VERSION><STATUS>1</STATUS><PRODMAJORVER>1</PRODMAJORVER><PRODMINORVER>1</PRODMINORVER><PRODMAJORREL>3</PRODMAJORREL><PRODMINORREL>0</PRODMINORREL><PRODTYPE>5</PRODTYPE></HEADER><BODY><DESC><CMPINFO><COMPANY>0</COMPANY><GROUP>0</GROUP><LEDGER>0</LEDGER><COSTCATEGORY>0</COSTCATEGORY><COSTCENTRE>0</COSTCENTRE><GODOWN>0</GODOWN><STOCKGROUP>0</STOCKGROUP><STOCKCATEGORY>0</STOCKCATEGORY><STOCKITEM>0</STOCKITEM><VOUCHERTYPE>0</VOUCHERTYPE><CURRENCY>0</CURRENCY><UNIT>0</UNIT><BUDGET>0</BUDGET><CLIENTRULE>0</CLIENTRULE><SERVERRULE>0</SERVERRULE><STATE>0</STATE><TDSRATE>0</...
  INFO Tally's own release in its answer header: PRODMAJORREL 3 PRODMINORREL 0 (PRODMAJORVER 1 PRODMINORVER 1 PRODTYPE 5)
######## PASS c1 install and open the company: installed tally.exe 11457160 bytes, 2026-10-11, FileVersion 1.1.3.0, ProductVersion 1.1.3.0, ProductName TallyPrime; company folder 100000 loaded at start: True; window 'TallyPrime:9000'
######## PASS c2 port and company list: port 9000 answered 10.1 s after start, GET 15 ms ('<RESPONSE>TallyPrime Server is Running</RESPONSE>'); company list 5 ms, 'FinCom Spike Co' in it: True
[00:55:47] ---- gsttype: masters
[gsttype company] 9 ms: <RESPONSE><CREATED>0</CREATED><ALTERED>1</ALTERED><DELETED>0</DELETED><LASTVCHID>0</LASTVCHID><LASTMID>0</LASTMID><COMBINED>0</COMBINED><IGNORED>0</IGNORED><ERRORS>0</ERRORS><CANCELLED>0</CANCELLED></RESPONSE>
  INFO gsttype masters company: created 0, altered 1, errors 0
[gsttype vchtypes] 16 ms: <RESPONSE><CREATED>0</CREATED><ALTERED>7</ALTERED><DELETED>0</DELETED><LASTVCHID>0</LASTVCHID><LASTMID>0</LASTMID><COMBINED>0</COMBINED><IGNORED>0</IGNORED><ERRORS>0</ERRORS><CANCELLED>0</CANCELLED></RESPONSE>
  INFO gsttype masters vchtypes: created 0, altered 7, errors 0
[gsttype natures] 6 ms: <RESPONSE><CREATED>8</CREATED><ALTERED>0</ALTERED><DELETED>0</DELETED><LASTVCHID>0</LASTVCHID><LASTMID>0</LASTMID><COMBINED>0</COMBINED><IGNORED>0</IGNORED><ERRORS>0</ERRORS><CANCELLED>0</CANCELLED></RESPONSE>
  INFO gsttype masters natures: created 8, altered 0, errors 0
[gsttype ledgers] 112 ms: <RESPONSE><CREATED>63</CREATED><ALTERED>0</ALTERED><DELETED>0</DELETED><LASTVCHID>0</LASTVCHID><LASTMID>0</LASTMID><COMBINED>0</COMBINED><IGNORED>0</IGNORED><ERRORS>0</ERRORS><CANCELLED>0</CANCELLED></RESPONSE>
  INFO gsttype masters ledgers: created 63, altered 0, errors 0
[gsttype ledger Motor Car Blocked] 7 ms: <RESPONSE><CREATED>1</CREATED><ALTERED>0</ALTERED><DELETED>0</DELETED><LASTVCHID>0</LASTVCHID><LASTMID>0</LASTMID><COMBINED>0</COMBINED><IGNORED>0</IGNORED><ERRORS>0</ERRORS><CANCELLED>0</CANCELLED></RESPONSE>
  INFO gsttype ledger Motor Car Blocked (GSTDETAILS.LIST GSTINELIGIBLEITC Yes): created 1, errors 0 
[gsttype unit and stock item] 7 ms: <RESPONSE><CREATED>2</CREATED><ALTERED>0</ALTERED><DELETED>0</DELETED><LASTVCHID>0</LASTVCHID><LASTMID>0</LASTMID><COMBINED>0</COMBINED><IGNORED>0</IGNORED><ERRORS>0</ERRORS><CANCELLED>0</CANCELLED></RESPONSE>
  INFO gsttype unit Nos and stock item Laptop: created 2, errors 0 
[00:55:47] ---- gsttype: the GST entries
[gsttype S01] 47 ms: <RESPONSE><CREATED>1</CREATED><ALTERED>0</ALTERED><DELETED>0</DELETED><LASTVCHID>2</LASTVCHID><LASTMID>0</LASTMID><COMBINED>0</COMBINED><IGNORED>0</IGNORED><ERRORS>0</ERRORS><CANCELLED>0</CANCELLED></RESPONSE>
[gsttype S02] 19 ms: <RESPONSE><CREATED>1</CREATED><ALTERED>0</ALTERED><DELETED>0</DELETED><LASTVCHID>3</LASTVCHID><LASTMID>0</LASTMID><COMBINED>0</COMBINED><IGNORED>0</IGNORED><ERRORS>0</ERRORS><CANCELLED>0</CANCELLED></RESPONSE>
[gsttype S03] 18 ms: <RESPONSE><CREATED>1</CREATED><ALTERED>0</ALTERED><DELETED>0</DELETED><LASTVCHID>4</LASTVCHID><LASTMID>0</LASTMID><COMBINED>0</COMBINED><IGNORED>0</IGNORED><ERRORS>0</ERRORS><CANCELLED>0</CANCELLED></RESPONSE>
[gsttype S04] 18 ms: <RESPONSE><CREATED>1</CREATED><ALTERED>0</ALTERED><DELETED>0</DELETED><LASTVCHID>5</LASTVCHID><LASTMID>0</LASTMID><COMBINED>0</COMBINED><IGNORED>0</IGNORED><ERRORS>0</ERRORS><CANCELLED>0</CANCELLED></RESPONSE>
[gsttype S05] 20 ms: <RESPONSE><CREATED>1</CREATED><ALTERED>0</ALTERED><DELETED>0</DELETED><LASTVCHID>6</LASTVCHID><LASTMID>0</LASTMID><COMBINED>0</COMBINED><IGNORED>0</IGNORED><ERRORS>0</ERRORS><CANCELLED>0</CANCELLED></RESPONSE>
[gsttype S06] 18 ms: <RESPONSE><CREATED>1</CREATED><ALTERED>0</ALTERED><DELETED>0</DELETED><LASTVCHID>7</LASTVCHID><LASTMID>0</LASTMID><COMBINED>0</COMBINED><IGNORED>0</IGNORED><ERRORS>0</ERRORS><CANCELLED>0</CANCELLED></RESPONSE>
[gsttype S07] 15 ms: <RESPONSE><CREATED>1</CREATED><ALTERED>0</ALTERED><DELETED>0</DELETED><LASTVCHID>8</LASTVCHID><LASTMID>0</LASTMID><COMBINED>0</COMBINED><IGNORED>0</IGNORED><ERRORS>0</ERRORS><CANCELLED>0</CANCELLED></RESPONSE>
[gsttype S08] 15 ms: <RESPONSE><CREATED>1</CREATED><ALTERED>0</ALTERED><DELETED>0</DELETED><LASTVCHID>9</LASTVCHID><LASTMID>0</LASTMID><COMBINED>0</COMBINED><IGNORED>0</IGNORED><ERRORS>0</ERRORS><CANCELLED>0</CANCELLED></RESPONSE>
[gsttype S09] 14 ms: <RESPONSE><CREATED>1</CREATED><ALTERED>0</ALTERED><DELETED>0</DELETED><LASTVCHID>10</LASTVCHID><LASTMID>0</LASTMID><COMBINED>0</COMBINED><IGNORED>0</IGNORED><ERRORS>0</ERRORS><CANCELLED>0</CANCELLED></RESPONSE>
[gsttype S10] 17 ms: <RESPONSE><CREATED>1</CREATED><ALTERED>0</ALTERED><DELETED>0</DELETED><LASTVCHID>11</LASTVCHID><LASTMID>0</LASTMID><COMBINED>0</COMBINED><IGNORED>0</IGNORED><ERRORS>0</ERRORS><CANCELLED>0</CANCELLED></RESPONSE>
[gsttype S11] 13 ms: <RESPONSE><CREATED>1</CREATED><ALTERED>0</ALTERED><DELETED>0</DELETED><LASTVCHID>12</LASTVCHID><LASTMID>0</LASTMID><COMBINED>0</COMBINED><IGNORED>0</IGNORED><ERRORS>0</ERRORS><CANCELLED>0</CANCELLED></RESPONSE>
[gsttype S15] 19 ms: <RESPONSE><CREATED>1</CREATED><ALTERED>0</ALTERED><DELETED>0</DELETED><LASTVCHID>13</LASTVCHID><LASTMID>0</LASTMID><COMBINED>0</COMBINED><IGNORED>0</IGNORED><ERRORS>0</ERRORS><CANCELLED>0</CANCELLED></RESPONSE>
[gsttype CN1] 21 ms: <RESPONSE><CREATED>1</CREATED><ALTERED>0</ALTERED><DELETED>0</DELETED><LASTVCHID>14</LASTVCHID><LASTMID>0</LASTMID><COMBINED>0</COMBINED><IGNORED>0</IGNORED><ERRORS>0</ERRORS><CANCELLED>0</CANCELLED></RESPONSE>
[gsttype CN2] 15 ms: <RESPONSE><CREATED>1</CREATED><ALTERED>0</ALTERED><DELETED>0</DELETED><LASTVCHID>15</LASTVCHID><LASTMID>0</LASTMID><COMBINED>0</COMBINED><IGNORED>0</IGNORED><ERRORS>0</ERRORS><CANCELLED>0</CANCELLED></RESPONSE>
[gsttype DN1] 19 ms: <RESPONSE><CREATED>1</CREATED><ALTERED>0</ALTERED><DELETED>0</DELETED><LASTVCHID>16</LASTVCHID><LASTMID>0</LASTMID><COMBINED>0</COMBINED><IGNORED>0</IGNORED><ERRORS>0</ERRORS><CANCELLED>0</CANCELLED></RESPONSE>
[gsttype P01] 23 ms: <RESPONSE><CREATED>1</CREATED><ALTERED>0</ALTERED><DELETED>0</DELETED><LASTVCHID>17</LASTVCHID><LASTMID>0</LASTMID><COMBINED>0</COMBINED><IGNORED>0</IGNORED><ERRORS>0</ERRORS><CANCELLED>0</CANCELLED></RESPONSE>
[gsttype P02] 23 ms: <RESPONSE><CREATED>1</CREATED><ALTERED>0</ALTERED><DELETED>0</DELETED><LASTVCHID>18</LASTVCHID><LASTMID>0</LASTMID><COMBINED>0</COMBINED><IGNORED>0</IGNORED><ERRORS>0</ERRORS><CANCELLED>0</CANCELLED></RESPONSE>
[gsttype P03] 30 ms: <RESPONSE><CREATED>1</CREATED><ALTERED>0</ALTERED><DELETED>0</DELETED><LASTVCHID>19</LASTVCHID><LASTMID>0</LASTMID><COMBINED>0</COMBINED><IGNORED>0</IGNORED><ERRORS>0</ERRORS><CANCELLED>0</CANCELLED></RESPONSE>
[gsttype P04] 33 ms: <RESPONSE><CREATED>1</CREATED><ALTERED>0</ALTERED><DELETED>0</DELETED><LASTVCHID>20</LASTVCHID><LASTMID>0</LASTMID><COMBINED>0</COMBINED><IGNORED>0</IGNORED><ERRORS>0</ERRORS><CANCELLED>0</CANCELLED></RESPONSE>
[gsttype P05] 29 ms: <RESPONSE><CREATED>1</CREATED><ALTERED>0</ALTERED><DELETED>0</DELETED><LASTVCHID>21</LASTVCHID><LASTMID>0</LASTMID><COMBINED>0</COMBINED><IGNORED>0</IGNORED><ERRORS>0</ERRORS><CANCELLED>0</CANCELLED></RESPONSE>
[gsttype DN2] 33 ms: <RESPONSE><CREATED>1</CREATED><ALTERED>0</ALTERED><DELETED>0</DELETED><LASTVCHID>22</LASTVCHID><LASTMID>0</LASTMID><COMBINED>0</COMBINED><IGNORED>0</IGNORED><ERRORS>0</ERRORS><CANCELLED>0</CANCELLED></RESPONSE>
[gsttype P04L] 49 ms: <RESPONSE><CREATED>1</CREATED><ALTERED>0</ALTERED><DELETED>0</DELETED><LASTVCHID>23</LASTVCHID><LASTMID>0</LASTMID><COMBINED>0</COMBINED><IGNORED>0</IGNORED><ERRORS>0</ERRORS><CANCELLED>0</CANCELLED></RESPONSE>
[gsttype P04V1] 29 ms: <RESPONSE><CREATED>1</CREATED><ALTERED>0</ALTERED><DELETED>0</DELETED><LASTVCHID>24</LASTVCHID><LASTMID>0</LASTMID><COMBINED>0</COMBINED><IGNORED>0</IGNORED><ERRORS>0</ERRORS><CANCELLED>0</CANCELLED></RESPONSE>
[gsttype P04V2] 34 ms: <RESPONSE><CREATED>1</CREATED><ALTERED>0</ALTERED><DELETED>0</DELETED><LASTVCHID>25</LASTVCHID><LASTMID>0</LASTMID><COMBINED>0</COMBINED><IGNORED>0</IGNORED><ERRORS>0</ERRORS><CANCELLED>0</CANCELLED></RESPONSE>
[gsttype I01] 9 ms: <RESPONSE><LINEERROR/><CREATED>0</CREATED><ALTERED>0</ALTERED><DELETED>0</DELETED><LASTVCHID>0</LASTVCHID><LASTMID>0</LASTMID><COMBINED>0</COMBINED><IGNORED>0</IGNORED><ERRORS>1</ERRORS><CANCELLED>0</CANCELLED></RESPONSE>
######## HARNESS x1 the GST entries made in Tally: 24 of 25 entries made by XML; refused: I01 (created 0, errors 1: )
[00:55:47] ---- gsttype: the entry request for each entry
  INFO gsttype: the entry request of the ref (requests/entry-object.xml, SHA-256 075e2c9aa7f60bccdbd305695b3d8ae38f7a7c71401017ed58ef61be26114a1a, 3443 characters)
######## PASS x2 the entry request answered for every entry (raw kept, timed): 24 entries asked one by one with the ref's FinComVoucherObject (MasterID put in): answered with the voucher 24; first ask median 7 ms, worst 26 ms (under 2,000 ms: True); per entry: S01 9ms, S02 26ms, S03 6ms, S04 5ms, S05 8ms, S06 6ms, S07 6ms, S08 6ms, S09 6ms, S10 5ms, S11 6ms, S15 8ms, CN1 10ms, CN2 6ms, DN1 6ms, P01 7ms, P02 9ms, P03 13ms, P04 8ms, P05 5ms, DN2 7ms, P04L 7ms, P04V1 7ms, P04V2 7ms; not answered: none
[gsttype collection] 93 ms: <ENVELOPE><HEADER><VERSION>1</VERSION><STATUS>1</STATUS></HEADER><BODY><DESC><CMPINFO><COMPANY>1</COMPANY><GROUP>0</GROUP><LEDGER>190</LEDGER><COSTCATEGORY>0</COSTCATEGORY><COSTCENTRE>0</COSTCENTRE><GODOWN>0</GODOWN><STOCKGROUP>0</STOCKGROUP><STOCKCATEGORY>0</STOCKCATEGORY><STOCKITEM>1</STOCKITEM><VOUCHERTYPE>7</VOUCHERTYPE><CURRENCY>25</CURRENCY><UNIT>1</UNIT><BUDGET>0</BUDGET><CLIENTRULE>0</CLIENTRULE><SERVERRULE>0</SERVERRULE><STATE>0</STATE><TDSRATE>0</TDSRATE><TAXCLASSIFICATION>8</TAXCLASSIFICATION><STCATEGORY>0</STCATEGORY><DEDUCTEETYPE>0</DEDUCTEETYPE><ATTENDANCETYPE>0</ATTENDANCETYPE><...
[gsttype masters] 140 ms: <ENVELOPE><HEADER><TALLYREQUEST>Import Data</TALLYREQUEST></HEADER><BODY><IMPORTDATA><REQUESTDESC><REPORTNAME>All Masters</REPORTNAME><STATICVARIABLES><SVCURRENTCOMPANY>FinCom Spike Co</SVCURRENTCOMPANY></STATICVARIABLES></REQUESTDESC><REQUESTDATA><TALLYMESSAGE xmlns:UDF="TallyUDF"><CURRENCY NAME="?" RESERVEDNAME=""><ACTIVEFROM/><ACTIVETO/><GUID>b35f16ea-64b8-4b8e-a3cc-9a1e52a34556-0000001d</GUID><MAILINGNAME>INR</MAILINGNAME><NARRATION/><ENTEREDBY/><ALTEREDBY/><TYPEOFUPDATEACTIVITY/><OBJECTUPDATEACTION/><REQUESTORRULE/><ORIGINALNAME>?</ORIGINALNAME><ISOCURRENCYCODE/><EXPANDEDSYMBOL>INR</EXPAN...
######## PASS x3 the blocked credit as Tally keeps it: ledger Motor Car Blocked: GSTINELIGIBLEITC=Yes | P04: VCHGSTCLASS=&#4; Not Applicable, ISELIGIBLEFORITC=Yes, GSTOVRDNINELIGIBLEITC=&#4; Not Applicable, GSTOVRDNINELIGIBLEITC= | P04L: VCHGSTCLASS=&#4; Not Applicable, ISELIGIBLEFORITC=Yes, GSTOVRDNINELIGIBLEITC=&#4; Applicable, GSTOVRDNINELIGIBLEITC= | P04V1: VCHGSTCLASS=&#4; Not Applicable, ISELIGIBLEFORITC=Yes, GSTOVRDNINELIGIBLEITC=&#4; Not Applicable, GSTOVRDNINELIGIBLEITC= | P04V2: VCHGSTCLASS=&#4; Not Applicable, ISELIGIBLEFORITC=Yes, GSTOVRDNINELIGIBLEITC=&#4; Applicable, GSTOVRDNINELIGIBLEITC=
