[15:28:48] ---- the bridge built from the ref
bridge source: 098592b6931b04c56fa38970c6cfaa63aa7eb3ee Merge m45-test (migration 45 speed test: vacuum analyze, jit off) into per-user-bridge
setup: FinComBridge-Setup-2.2.4.exe 3275577 bytes SHA256 9EC5F704668A804ABE070A90797733DC2D81F2403CF24D425402F61C4006517F
[15:28:48] ---- the second Windows user (not an administrator)
user 2: fcuser2 S-1-5-21-1643835476-1616584234-1346609752-1003; administrators: runnervmfi6oq\runneradmin
[15:28:48] ---- the stub cloud
[15:28:51] ---- user 1's Tally (9000) with the add-on; a copy of the program for user 2 first (its own tally.ini and port)
  still running from the Tally folder: tallyscheduler 1380
  robocopy:    Bytes :  177.74 m  177.74 m         0         0       512         0
  robocopy:    Times :   0:00:00   0:00:00                       0:00:00   0:00:00
  robocopy: 
  robocopy: 
  robocopy:    Speed :           2,218,854,726 Bytes/sec.
  robocopy:    Speed :             126,963.883 MegaBytes/min.
  robocopy:    Ended : Monday, October 5, 2026 3:28:54 PM
  robocopy: 
[15:28:54] copy for user 2: robocopy 9, tally.exe there: True
Tally :9000 answers: True
[keys] 'a' -> Tally :9000 'TallyPrime:9000'
[keys] 't' -> Tally :9000 'TallyPrime:9000'
[shot] r4-00-tally1 (1024x768)
[ledger Spike Income :9000] <RESPONSE><CREATED>1</CREATED><ALTERED>0</ALTERED><DELETED>0</DELETED><LASTVCHID>0</LASTVCHID><LASTMID>0</LASTMID><COMBINED>0</COMBINED><IGNORED>0</IGNORED><ERRORS>0</ERRORS><CANCELLED>0</CANCELLED><EXCEPTIONS>0</EXCEPTIONS></RESPONSE>
[15:29:26] ---- user 2's own Tally (9001), run as fcuser2: a company made by keys, then started again with it and the add-on
Tally :9001 (as fcuser2, pid 848) answers: True; owner: fcuser2
[keys] 'a' -> Tally :9001 'TallyPrime:9001'
[keys] 't' -> Tally :9001 'TallyPrime:9001'
[shot] r4-01-tally2-start (1024x768)
[keys] '{ENTER}' -> Tally :9001 'TallyPrime:9001'
[shot] r4-01b-tally2-create-company (1024x768)
[keys] 'FinCom Spike U2' -> Tally :9001 'TallyPrime:9001'
[keys] '^a' -> Tally :9001 'TallyPrime:9001'
[shot] r4-01c-tally2-ctrl-a (1024x768)
[companies :9001] <ENVELOPE><HEADER><VERSION>1</VERSION><STATUS>1</STATUS></HEADER><BODY><DESC><CMPINFO><COMPANY>0</COMPANY><GROUP>0</GROUP><LEDGER>0</LEDGER><COSTCATEGORY>0</COSTCATEGORY><COSTCENTRE>0</COSTCENTRE><GODOWN>0</GODOWN><STOCKGROUP>0</STOCKGROUP><STOCKCATEGORY>0</STOCKCATEGORY><STOCKITEM>0</STOCKITEM><VOUCHERTYPE>0</VOUCHERTYPE><CURRENCY>0</CURRENCY><UNIT>0</UNIT><BUDGET>0</BUDGET><CLIENTRULE>0</CLIENTRULE><SERVERRULE>0</SERVERRULE><STATE>0</STATE><TDSRATE>0</TDSRATE><TAXCLASSIFICATION>0</TAXCLASSIFICATION><STCATEGORY>0</STCATEGORY><DEDUCTEETYPE>0</DEDUCTEETYPE><ATTENDANCETYPE>0</ATTENDANCETYPE><FBT...
[keys] '^a' -> Tally :9001 'TallyPrime:9001'
[shot] r4-01d-tally2-company (1024x768)
user 2's company made: True, folder 100000
[keys] 'a' -> Tally :9001 'TallyPrime:9001'
[keys] 't' -> Tally :9001 'TallyPrime:9001'
[shot] r4-01e-tally2-gateway (1024x768)
[ledger Spike Income :9001] <RESPONSE><CREATED>1</CREATED><ALTERED>0</ALTERED><DELETED>0</DELETED><LASTVCHID>0</LASTVCHID><LASTMID>0</LASTMID><COMBINED>0</COMBINED><IGNORED>0</IGNORED><ERRORS>0</ERRORS><CANCELLED>0</CANCELLED><EXCEPTIONS>0</EXCEPTIONS></RESPONSE>
[companies :9001] <ENVELOPE><HEADER><VERSION>1</VERSION><STATUS>1</STATUS></HEADER><BODY><DESC><CMPINFO><COMPANY>0</COMPANY><GROUP>0</GROUP><LEDGER>1</LEDGER><COSTCATEGORY>0</COSTCATEGORY><COSTCENTRE>0</COSTCENTRE><GODOWN>0</GODOWN><STOCKGROUP>0</STOCKGROUP><STOCKCATEGORY>0</STOCKCATEGORY><STOCKITEM>0</STOCKITEM><VOUCHERTYPE>0</VOUCHERTYPE><CURRENCY>0</CURRENCY><UNIT>0</UNIT><BUDGET>0</BUDGET><CLIENTRULE>0</CLIENTRULE><SERVERRULE>0</SERVERRULE><STATE>0</STATE><TDSRATE>0</TDSRATE><TAXCLASSIFICATION>0</TAXCLASSIFICATION><STCATEGORY>0</STCATEGORY><DEDUCTEETYPE>0</DEDUCTEETYPE><ATTENDANCETYPE>0</ATTENDANCETYPE><FBT...
== user 2's own Tally with its company and the add-on: True
[15:31:12] ---- the bridges, each installed by its own Windows user with the real setup, just for me; the settings seeded first
setup as runneradmin (just for me) ended with 0
  install.log 1: 2026-10-05 15:31:12  Install (just for this user, no service): FinCom Bridge 2.2.4 for runnervmfi6oq\runneradmin (S-1-5-21-1643835476-1616584234-1346609752-500), sole mode, folder C:\Users\runneradmin\AppData\Local\TDS Desk Bridge
  install.log 1: 2026-10-05 15:31:18  Install: the add-on FinComRecorder.tdl written in C:\ProgramData\FinCom\addon
  install.log 1: 2026-10-05 15:31:18  Install: the add-on FinComRecorderAnyCompany.tdl written in C:\ProgramData\FinCom\addon
  install.log 1: 2026-10-05 15:31:18  Install: the recorder folder C:\ProgramData\FinCom\recorder and the add-on folder C:\ProgramData\FinCom\addon are ready (just for this user)
  install.log 1: 2026-10-05 15:31:18  Install: starts when runnervmfi6oq\runneradmin signs in to Windows (HKCU Run)
  install.log 1: 2026-10-05 15:31:19  Install: done; the bridge answers on 127.0.0.1:9100
  install.log 1: 2026-10-05 15:31:19  Setup: FinComBridge.exe install: done, the bridge answers
  install.log 1: 2026-10-05 15:31:19  Setup: Finished: installed and running (sole mode)
seed as fcuser2: 0 runneradmin C:\Users\runneradmin\AppData\Local
setup as fcuser2 (just for me) ended with 1
Get-Content: D:\a\testingtdsdesk\testingtdsdesk\.github\tally-spike\flow4.ps1:189
Line |
 189 |  $cfg2 = Get-Content "$h2\tds-bridge.config.json" -Raw | ConvertFrom-J …
     |          ~~~~~~~~~~~~~~~~~~~~~~~~~~~~~~~~~~~~~~~~~~~~~
     | Cannot find path 'C:\Users\fcuser2\AppData\Local\TDS Desk Bridge\tds-bridge.config.json' because it does not
     | exist.

bridge 1: user runneradmin, port 9100, id go-c22b9acec3c7, key 24 chars, Owner runnervmfi6oq\runneradmin, OwnerSid S-1-5-21-1643835476-1616584234-1346609752-500
bridge 2: user fcuser2, port 0, id go-, key 0 chars, Owner , OwnerSid 
[shot] r4-02-bridges (1024x768)
[15:31:30] ---- 6a: both bridges run at once, on their own ports, as their own users
  process 6092 as runneradmin: "C:\Users\runneradmin\AppData\Local\FinCom Bridge\FinComBridge.exe" user --config "C:\Users\runneradmin\AppData\Local\TDS Desk Bridge\tds-bridge.config.json"
  process 5960 as runneradmin: "C:\Users\runneradmin\AppData\Local\FinCom Bridge\FinComBridge.exe" tray --quiet --config "C:\Users\runneradmin\AppData\Local\TDS Desk Bridge\tds-bridge.config.json"
  process 1728 as runneradmin: "C:\Users\runneradmin\AppData\Local\FinCom Bridge\FinComBridge.exe" worker --config "C:\Users\runneradmin\AppData\Local\TDS Desk Bridge\tds-bridge.config.json" --home "C:\Users\runneradmin\AppData\Local\TDS Desk Bridge" --parent 6092
Get-NetTCPConnection: D:\a\testingtdsdesk\testingtdsdesk\.github\tally-spike\flow4.ps1:233
Line |
 233 |  … is = Get-NetTCPConnection -State Listen -LocalPort 9100..9119 -ErrorA …
     |                                                       ~~~~~~~~~~
     | Cannot process argument transformation on parameter 'LocalPort'. Cannot convert value "9100..9119" to type
     | "System.UInt16[]". Error: "Cannot convert value "9100..9119" to type "System.UInt16". Error: "The input string
     | '9100..9119' was not in a correct format.""

  listening 127.0.0.1: pid  user 
######## FAIL 6a two bridges at once: bridge 1 runneradmin on 9100 (pid , go-c22b9acec3c7); bridge 2 fcuser2 on 0 (pid , go-)
[15:31:30] ---- 6b: the /ping proof: HMAC-SHA256(bridge key, nonce || bridge id || port), only to the bridge's own Windows user
runneradmin -> own bridge: {"bridge":"FinCom Tally Bridge","bridgeId":"go-c22b9acec3c7","impl":"go","loopSec":0,"ok":true,"pairProof":"9a358cedf8d6c2314c18009d459236fd1fb273a6310a42a20dc6f221984791d8","pid":1728,"port":9100,"proof":"926e2bee1f62de2b9e04bb8fcadaf4b10010d4a7159a8b132aa547a12b1e72a0","runMode":"user","testMode":false,"version":"2.2.4","yours":true}
runneradmin -> user 2's bridge: null
as fcuser2 (0): {"who":"runnervmfi6oq\\runneradmin","ownStatus":0,"own":{"error":"Unable to connect to the remote server"},"otherStatus":403,"other":{"bridge":"FinCom Tally Bridge","impl":"go","loopSec":0,"ok":true,"pid":1728,"runMode":"user","testMode":false,"version":"2.2.4","yours":false}}
MethodInvocationException: D:\a\testingtdsdesk\testingtdsdesk\.github\tally-spike\flow4.ps1:240
Line |
 240 |  … ey, $msg) { $h = [Security.Cryptography.HMACSHA256]::new([Text.Encodi …
     |                ~~~~~~~~~~~~~~~~~~~~~~~~~~~~~~~~~~~~~~~~~~~~~~~~~~~~~~~~~
     | Exception calling "GetBytes" with "1" argument(s): "Value cannot be null. (Parameter 'chars')"

InvalidOperation: D:\a\testingtdsdesk\testingtdsdesk\.github\tally-spike\flow4.ps1:240
Line |
 240 |  … tes($key)); (($h.ComputeHash([Text.Encoding]::UTF8.GetBytes($msg)) |  …
     |                ~~~~~~~~~~~~~~~~~~~~~~~~~~~~~~~~~~~~~~~~~~~~~~~~~~~~~~~~~
     | You cannot call a method on a null-valued expression.

MethodInvocationException: D:\a\testingtdsdesk\testingtdsdesk\.github\tally-spike\flow4.ps1:240
Line |
 240 |  … ey, $msg) { $h = [Security.Cryptography.HMACSHA256]::new([Text.Encodi …
     |                ~~~~~~~~~~~~~~~~~~~~~~~~~~~~~~~~~~~~~~~~~~~~~~~~~~~~~~~~~
     | Exception calling "GetBytes" with "1" argument(s): "Value cannot be null. (Parameter 'chars')"

InvalidOperation: D:\a\testingtdsdesk\testingtdsdesk\.github\tally-spike\flow4.ps1:240
Line |
 240 |  … tes($key)); (($h.ComputeHash([Text.Encoding]::UTF8.GetBytes($msg)) |  …
     |                ~~~~~~~~~~~~~~~~~~~~~~~~~~~~~~~~~~~~~~~~~~~~~~~~~~~~~~~~~
     | You cannot call a method on a null-valued expression.

  ok   bridge 1 proves itself to runneradmin: yours=True bridgeId=go-c22b9acec3c7 port=9100 proof=926e2bee1f62de2b9e04bb8fcadaf4b10010d4a7159a8b132aa547a12b1e72a0
  ok   bridge 1 proof checked against user 2 identity fails: HMAC(key2, nonce||go-||0)=
  NOT  bridge 2 proves itself to fcuser2: yours= bridgeId= port= proof=
  NOT  bridge 2 proof checked against user 1 identity fails: HMAC(key1, nonce||go-c22b9acec3c7||9100)=bf96c8f4da8931b93cb2821a75fcf335134d85650bc0038d80129ca4c963fd32
  NOT  bridge 2 gives runneradmin no proof: yours= proof= bridgeId=
  ok   bridge 1 gives fcuser2 no proof: yours=False proof=
  NOT  other users refused 403 beyond /ping: runneradmin: own /status 401, other 0; fcuser2: own /status 0, other 403
######## FAIL 6b /ping proof: bridge 1 proves itself to runneradmin: ok; bridge 1 proof checked against user 2 identity fails: ok; bridge 2 proves itself to fcuser2: NO; bridge 2 proof checked against user 1 identity fails: NO; bridge 2 gives runneradmin no proof: NO; bridge 1 gives fcuser2 no proof: ok; other users refused 403 beyond /ping: NO
  bridge1 log: 2026-10-05 15:31:18  FinCom Bridge 2.2.4: started just for runnervmfi6oq\runneradmin (no service); it keeps the bridge and its icon running
  bridge1 log: 2026-10-05 15:31:18  FinCom Bridge 2.2.4 (Go) started on 127.0.0.1:9100: the only bridge on this computer; working for runnervmfi6oq\runneradmin, Windows session 2; runs just for this Windows user (starts at sign-in, no service)
  bridge1 log: 2026-10-05 15:31:18  Tally is open on port 9000; the bridge reads it only after an event (a client opened in FinCom, Update now, a posting, the nightly catch-up at 02:00)
  bridge1 log: 2026-10-05 15:31:18  Recorder: re-scan of the add-on's files for 2.2.4: 0 line(s) sent earlier without their entry found (a new entry's line with no MasterID, a GUID of another entry, or read while the body fetch was off)
  bridge1 log: 2026-10-05 15:31:18  Check:  - 
  bridge1 log: 2026-10-05 15:31:21  Tray icon: set to show next to the clock always (Windows 11)
  bridge1 log: 2026-10-05 15:31:21  FinCom: this bridge is now the main bridge on this computer (set by the setup); it reads and posts
  bridge1 log: 2026-10-05 15:31:21  Company FinCom Spike Co: its Tally GUID bad8e138-ecfb-444f-a49b-5eb7dee38294 is held from now on
  bridge1 log: 2026-10-05 15:31:22  Company FinCom Spike U2: its Tally GUID fba4e54d-9cff-497c-8db2-ce2c3ca123dd is held from now on
  bridge1 log: 2026-10-05 15:31:22  Company FinCom Spike Co: its starting point is recorded: ALTVCHID=1, ALTMSTID=211 (reading is prospective only: the bridge follows what changes after this)
  bridge1 log: 2026-10-05 15:31:22  Company FinCom Spike Co: change numbers read with form a: ALTVCHID=1, ALTMSTID=211
  bridge1 log: 2026-10-05 15:31:22  Light check of FinCom Spike Co: starting point recorded (ALTVCHID=1, ALTMSTID=211)
  bridge1 log: 2026-10-05 15:31:22  Company FinCom Spike U2: change numbers read with form a: ALTVCHID=0, ALTMSTID=208
  bridge1 log: 2026-10-05 15:31:22  Light check of FinCom Spike U2: no starting point recorded (start-point.json could not be written; see above); now ALTVCHID=0, ALTMSTID=208
  bridge1 log: 2026-10-05 15:31:32  Refused a request from a program of another Windows user (/status): not your FinCom Bridge
[15:32:02] ---- steps 1-5 on user 1's Tally (9000), as round 3
  Tally :9000 voucher mid=1 aid=1 guid=bad8e138-ecfb-444f-a49b-5eb7dee38294-00000001 no=1 cancelled=False
[keys] 'v' -> Tally :9000 'TallyPrime:9000'
[shot] r4-10-vouchers (1024x768)
[keys] '{F6}' -> Tally :9000 'TallyPrime:9000'
[keys] '{F2}' -> Tally :9000 'TallyPrime:9000'
[keys] '2-10-2026{ENTER}' -> Tally :9000 'TallyPrime:9000'
[keys] 'Cash{ENTER}' -> Tally :9000 'TallyPrime:9000'
[keys] 'Spike Income{ENTER}' -> Tally :9000 'TallyPrime:9000'
[shot] r4-11-particular (1024x768)
[keys] '700{ENTER}' -> Tally :9000 'TallyPrime:9000'
[keys] '^a' -> Tally :9000 'TallyPrime:9000'
[shot] r4-12-created (1024x768)
  Tally :9000 voucher mid=1 aid=1 guid=bad8e138-ecfb-444f-a49b-5eb7dee38294-00000001 no=1 cancelled=False
  Tally :9000 voucher mid=2 aid=2 guid=bad8e138-ecfb-444f-a49b-5eb7dee38294-00000002 no=1 cancelled=False
  bridge1 log: 2026-10-05 15:32:31  Recorder: Receipt 1 of 02-Oct-2026 (MasterID 2, line 474baaeb…): asking Tally by MasterID
  bridge1 log: 2026-10-05 15:32:36  Recorder: Receipt 1 of 02-Oct-2026 (MasterID 2, line 474baaeb…): taken: Tally's GUID bad8e138-ecfb-444f-a49b-5eb7dee38294-00000002, AlterID 2
  stub 15:32:36 recorder_lines event=created guid=bad8e138-ecfb-444f-a49b-5eb7dee38294-00000002 mid=2 aid=2 vch=Receipt/1/20261002 user=runnervmfi6oq\runneradmin bridge=go-c22b9acec3c7 port=9100 company=FinCom Spike Co body=yes(2434 chars)
######## PASS 1 create: Tally made mid 2 guid bad8e138-ecfb-444f-a49b-5eb7dee38294-00000002; stub 15:32:36 recorder_lines event=created guid=bad8e138-ecfb-444f-a49b-5eb7dee38294-00000002 mid=2 aid=2 vch=Receipt/1/20261002 user=runnervmfi6oq\runneradmin bridge=go-c22b9acec3c7 port=9100 company=FinCom Spike Co body=yes(2434 chars)
[keys] '%g' -> Tally :9000 'TallyPrime:9000'
[keys] 'Day Book' -> Tally :9000 'TallyPrime:9000'
[keys] '{ENTER}' -> Tally :9000 'TallyPrime:9000'
[keys] '{F2}' -> Tally :9000 'TallyPrime:9000'
[keys] '2-10-2026{ENTER}' -> Tally :9000 'TallyPrime:9000'
[shot] r4-13-daybook (1024x768)
[keys] '{END}' -> Tally :9000 'TallyPrime:9000'
[keys] '{ENTER}' -> Tally :9000 'TallyPrime:9000'
[shot] r4-14-open (1024x768)
[keys] '{ENTER}' -> Tally :9000 'TallyPrime:9000'
[keys] '{ENTER}' -> Tally :9000 'TallyPrime:9000'
[keys] '{ENTER}' -> Tally :9000 'TallyPrime:9000'
[shot] r4-15-at-amount (1024x768)
[keys] '800{ENTER}' -> Tally :9000 'TallyPrime:9000'
[keys] '^a' -> Tally :9000 'TallyPrime:9000'
[shot] r4-16-altered (1024x768)
  Tally :9000 voucher mid=1 aid=1 guid=bad8e138-ecfb-444f-a49b-5eb7dee38294-00000001 no=1 cancelled=False
  Tally :9000 voucher mid=2 aid=3 guid=bad8e138-ecfb-444f-a49b-5eb7dee38294-00000002 no=1 cancelled=False
  bridge1 log: 2026-10-05 15:33:21  Recorder: Receipt 1 of 02-Oct-2026 (MasterID 2, line 26650924…): asking Tally by MasterID
  bridge1 log: 2026-10-05 15:33:26  Recorder: Receipt 1 of 02-Oct-2026 (MasterID 2, line 26650924…): taken: Tally's GUID bad8e138-ecfb-444f-a49b-5eb7dee38294-00000002, AlterID 3
  stub 15:33:26 recorder_lines event=altered guid=bad8e138-ecfb-444f-a49b-5eb7dee38294-00000002 mid=2 aid=3 vch=Receipt/1/20261002 user=runnervmfi6oq\runneradmin bridge=go-c22b9acec3c7 port=9100 company=FinCom Spike Co body=yes(2434 chars)
######## PASS 2 alter: Tally: mid 2 AlterID 2 -> 3; stub 15:33:26 recorder_lines event=altered guid=bad8e138-ecfb-444f-a49b-5eb7dee38294-00000002 mid=2 aid=3 vch=Receipt/1/20261002 user=runnervmfi6oq\runneradmin bridge=go-c22b9acec3c7 port=9100 company=FinCom Spike Co body=yes(2434 chars)
[keys] '%g' -> Tally :9000 'TallyPrime:9000'
[keys] 'Day Book' -> Tally :9000 'TallyPrime:9000'
[keys] '{ENTER}' -> Tally :9000 'TallyPrime:9000'
[keys] '{F2}' -> Tally :9000 'TallyPrime:9000'
[keys] '2-10-2026{ENTER}' -> Tally :9000 'TallyPrime:9000'
[shot] r4-17-daybook (1024x768)
[keys] '{END}' -> Tally :9000 'TallyPrime:9000'
[keys] '%2' -> Tally :9000 'TallyPrime:9000'
[shot] r4-18-duplicate (1024x768)
[keys] '{ENTER}' -> Tally :9000 'TallyPrime:9000'
[keys] '{ENTER}' -> Tally :9000 'TallyPrime:9000'
[shot] r4-19-dup-at-amount (1024x768)
[keys] '900{ENTER}' -> Tally :9000 'TallyPrime:9000'
[keys] '^a' -> Tally :9000 'TallyPrime:9000'
[shot] r4-20-dup-saved (1024x768)
  Tally :9000 voucher mid=1 aid=1 guid=bad8e138-ecfb-444f-a49b-5eb7dee38294-00000001 no=1 cancelled=False
  Tally :9000 voucher mid=2 aid=3 guid=bad8e138-ecfb-444f-a49b-5eb7dee38294-00000002 no=1 cancelled=False
  Tally :9000 voucher mid=3 aid=4 guid=bad8e138-ecfb-444f-a49b-5eb7dee38294-00000003 no=2 cancelled=False
  bridge1 log: 2026-10-05 15:34:14  Recorder: Receipt 2 of 02-Oct-2026 (MasterID 3, line 6153db04…): asking Tally by MasterID
  bridge1 log: 2026-10-05 15:34:18  Recorder: Receipt 2 of 02-Oct-2026 (MasterID 3, line 6153db04…): taken: Tally's GUID bad8e138-ecfb-444f-a49b-5eb7dee38294-00000003, AlterID 4
  stub 15:34:18 recorder_lines event=created guid=bad8e138-ecfb-444f-a49b-5eb7dee38294-00000003 mid=3 aid=4 vch=Receipt/2/20261002 user=runnervmfi6oq\runneradmin bridge=go-c22b9acec3c7 port=9100 company=FinCom Spike Co body=yes(2434 chars) idsMismatch lineGuid=bad8e138-ecfb-444f-a49b-5eb7dee38294-00000002
######## PASS 3 Alt+2 copy: Tally made mid 3 guid bad8e138-ecfb-444f-a49b-5eb7dee38294-00000003; source mid 2 AlterID still 3, no line for it; stub 15:34:18 recorder_lines event=created guid=bad8e138-ecfb-444f-a49b-5eb7dee38294-00000003 mid=3 aid=4 vch=Receipt/2/20261002 user=runnervmfi6oq\runneradmin bridge=go-c22b9acec3c7 port=9100 company=FinCom Spike Co body=yes(2434 chars) idsMismatch lineGuid=bad8e138-ecfb-444f-a49b-5eb7dee38294-00000002
[keys] '%g' -> Tally :9000 'TallyPrime:9000'
[keys] 'Day Book' -> Tally :9000 'TallyPrime:9000'
[keys] '{ENTER}' -> Tally :9000 'TallyPrime:9000'
[keys] '{F2}' -> Tally :9000 'TallyPrime:9000'
[keys] '2-10-2026{ENTER}' -> Tally :9000 'TallyPrime:9000'
[shot] r4-21-daybook (1024x768)
[keys] '{HOME}' -> Tally :9000 'TallyPrime:9000'
[keys] '%x' -> Tally :9000 'TallyPrime:9000'
[keys] 'y' -> Tally :9000 'TallyPrime:9000'
[shot] r4-22-cancelled (1024x768)
  Tally :9000 voucher mid=1 aid=1 guid=bad8e138-ecfb-444f-a49b-5eb7dee38294-00000001 no=1 cancelled=False
  Tally :9000 voucher mid=2 aid=5 guid=bad8e138-ecfb-444f-a49b-5eb7dee38294-00000002 no=1 cancelled=True
  Tally :9000 voucher mid=3 aid=4 guid=bad8e138-ecfb-444f-a49b-5eb7dee38294-00000003 no=2 cancelled=False
  bridge1 log: 2026-10-05 15:35:16  Recorder: Receipt 1 of 02-Oct-2026 (MasterID 2, line 510c9430…): asking Tally by MasterID
  bridge1 log: 2026-10-05 15:35:20  Recorder: FinCom Spike Co: cancel of mid 2: GUID from Tally (asked by MasterID): bad8e138-ecfb-444f-a49b-5eb7dee38294-00000002; the GUID its MasterID makes agrees
  stub 15:35:20 recorder_lines event=cancelled guid=bad8e138-ecfb-444f-a49b-5eb7dee38294-00000002 mid=2 aid=5 vch=Receipt/1/20261002 user=runnervmfi6oq\runneradmin bridge=go-c22b9acec3c7 port=9100 company=FinCom Spike Co body=none
######## PASS 4 cancel: Tally cancelled mid 2 guid bad8e138-ecfb-444f-a49b-5eb7dee38294-00000002; stub 15:35:20 recorder_lines event=cancelled guid=bad8e138-ecfb-444f-a49b-5eb7dee38294-00000002 mid=2 aid=5 vch=Receipt/1/20261002 user=runnervmfi6oq\runneradmin bridge=go-c22b9acec3c7 port=9100 company=FinCom Spike Co body=none
[keys] '%g' -> Tally :9000 'TallyPrime:9000'
[keys] 'Day Book' -> Tally :9000 'TallyPrime:9000'
[keys] '{ENTER}' -> Tally :9000 'TallyPrime:9000'
[keys] '{F2}' -> Tally :9000 'TallyPrime:9000'
[keys] '2-10-2026{ENTER}' -> Tally :9000 'TallyPrime:9000'
[shot] r4-23-daybook (1024x768)
[keys] '{END}' -> Tally :9000 'TallyPrime:9000'
[keys] '%d' -> Tally :9000 'TallyPrime:9000'
[keys] 'y' -> Tally :9000 'TallyPrime:9000'
[shot] r4-24-deleted (1024x768)
  Tally :9000 voucher mid=1 aid=1 guid=bad8e138-ecfb-444f-a49b-5eb7dee38294-00000001 no=1 cancelled=False
  Tally :9000 voucher mid=2 aid=5 guid=bad8e138-ecfb-444f-a49b-5eb7dee38294-00000002 no=1 cancelled=True
  bridge1 log: 2026-10-05 15:35:57  Recorder: FinCom Spike Co: delete of mid 3: GUID from the bridge's record: bad8e138-ecfb-444f-a49b-5eb7dee38294-00000003; the GUID its MasterID makes agrees
  stub 15:35:57 recorder_lines event=deleted guid=bad8e138-ecfb-444f-a49b-5eb7dee38294-00000003 mid=3 aid= vch=Receipt/2/20261002 user=runnervmfi6oq\runneradmin bridge=go-c22b9acec3c7 port=9100 company=FinCom Spike Co body=none
######## PASS 5 delete: Tally deleted mid 3 guid bad8e138-ecfb-444f-a49b-5eb7dee38294-00000003; stub 15:35:57 recorder_lines event=deleted guid=bad8e138-ecfb-444f-a49b-5eb7dee38294-00000003 mid=3 aid= vch=Receipt/2/20261002 user=runnervmfi6oq\runneradmin bridge=go-c22b9acec3c7 port=9100 company=FinCom Spike Co body=none
[15:36:06] ---- 6d: user 2's own Tally event (a Receipt on 9001), recorded by user 2's bridge
[keys] 'v' -> Tally :9001 'TallyPrime:9001'
[shot] r4-30-u2-vouchers (1024x768)
[keys] '{F6}' -> Tally :9001 'TallyPrime:9001'
[keys] '{F2}' -> Tally :9001 'TallyPrime:9001'
[keys] '2-10-2026{ENTER}' -> Tally :9001 'TallyPrime:9001'
[keys] 'Cash{ENTER}' -> Tally :9001 'TallyPrime:9001'
[keys] 'Spike Income{ENTER}' -> Tally :9001 'TallyPrime:9001'
[shot] r4-31-u2-particular (1024x768)
[keys] '450{ENTER}' -> Tally :9001 'TallyPrime:9001'
[keys] '^a' -> Tally :9001 'TallyPrime:9001'
[shot] r4-32-u2-created (1024x768)
  Tally :9001 voucher mid=1 aid=1 guid=fba4e54d-9cff-497c-8db2-ce2c3ca123dd-00000001 no=1 cancelled=False
  bridge1 log: 2026-10-05 15:36:36  Recorder: Receipt 1 of 02-Oct-2026 (MasterID 1, line 30f0ade6…): not asked: no starting point recorded for this company
######## FAIL 6d user 2 own Tally event: Tally :9001 (as fcuser2) made mid 1 guid fba4e54d-9cff-497c-8db2-ce2c3ca123dd-00000001; (no line)
[15:37:04] ---- 6c: the beats, 6e: every recorder line attributed to the user whose Tally made it
######## FAIL 6c beats: stub 15:36:51 beat x12 bridge=go-c22b9acec3c7 user=runnervmfi6oq\runneradmin windowsUser=runnervmfi6oq\runneradmin bridgePort=9100 tallyPort=9000 dataFolder=D:\a\_temp\TallyData device=spike-computer-key-user1 computer=runnervmfi6oq | bridge 2 (go-): no beat
  all: stub 15:32:36 recorder_lines event=created guid=bad8e138-ecfb-444f-a49b-5eb7dee38294-00000002 mid=2 aid=2 vch=Receipt/1/20261002 user=runnervmfi6oq\runneradmin bridge=go-c22b9acec3c7 port=9100 company=FinCom Spike Co body=yes(2434 chars)
  all: stub 15:33:26 recorder_lines event=altered guid=bad8e138-ecfb-444f-a49b-5eb7dee38294-00000002 mid=2 aid=3 vch=Receipt/1/20261002 user=runnervmfi6oq\runneradmin bridge=go-c22b9acec3c7 port=9100 company=FinCom Spike Co body=yes(2434 chars)
  all: stub 15:34:18 recorder_lines event=created guid=bad8e138-ecfb-444f-a49b-5eb7dee38294-00000003 mid=3 aid=4 vch=Receipt/2/20261002 user=runnervmfi6oq\runneradmin bridge=go-c22b9acec3c7 port=9100 company=FinCom Spike Co body=yes(2434 chars) idsMismatch lineGuid=bad8e138-ecfb-444f-a49b-5eb7dee38294-00000002
  all: stub 15:35:20 recorder_lines event=cancelled guid=bad8e138-ecfb-444f-a49b-5eb7dee38294-00000002 mid=2 aid=5 vch=Receipt/1/20261002 user=runnervmfi6oq\runneradmin bridge=go-c22b9acec3c7 port=9100 company=FinCom Spike Co body=none
  all: stub 15:35:57 recorder_lines event=deleted guid=bad8e138-ecfb-444f-a49b-5eb7dee38294-00000003 mid=3 aid= vch=Receipt/2/20261002 user=runnervmfi6oq\runneradmin bridge=go-c22b9acec3c7 port=9100 company=FinCom Spike Co body=none
  all: stub 15:36:36 recorder_lines event=created guid='' mid=1 aid= vch=Receipt/1/20261002 user=runnervmfi6oq\runneradmin bridge=go-c22b9acec3c7 port=9100 company=FinCom Spike U2 body=none
######## FAIL 6e attribution: 6 line(s) from bridge 1 (runneradmin, FinCom Spike Co), 0 from bridge 2 (fcuser2, FinCom Spike U2); misattributed: 1 e.g. stub 15:36:36 recorder_lines event=created guid='' mid=1 aid= vch=Receipt/1/20261002 user=runnervmfi6oq\runneradmin bridge=go-c22b9acec3c7 port=9100 company=FinCom Spike U2 body=none
[15:37:04] ---- step 6 as one line
######## FAIL 6 two Windows users: FAIL 6a two bridges at once; FAIL 6b /ping proof; FAIL 6d user 2 own Tally event; FAIL 6c beats; FAIL 6e attribution
[15:37:04] ---- what is kept: the bridges' logs, install logs, settings without their keys
Get-Content: D:\a\testingtdsdesk\testingtdsdesk\.github\tally-spike\flow4.ps1:376
Line |
 376 |    $cf = Get-Content "$hh\tds-bridge.config.json" -Raw | ConvertFrom-J …
     |          ~~~~~~~~~~~~~~~~~~~~~~~~~~~~~~~~~~~~~~~~~~~~~
     | Cannot find path 'C:\Users\fcuser2\AppData\Local\TDS Desk Bridge\tds-bridge.config.json' because it does not
     | exist.

InvalidOperation: D:\a\testingtdsdesk\testingtdsdesk\.github\tally-spike\flow4.ps1:376
Line |
 376 |  … .config.json" -Raw | ConvertFrom-Json; $cf.Key = '(kept out)'; if ($c …
     |                                           ~~~~~~~~~~~~~~~~~~~~~~
     | The property 'Key' cannot be found on this object. Verify that the property exists and can be set.

  Tally :9000 voucher mid=1 aid=1 guid=bad8e138-ecfb-444f-a49b-5eb7dee38294-00000001 no=1 cancelled=False
  Tally :9000 voucher mid=2 aid=5 guid=bad8e138-ecfb-444f-a49b-5eb7dee38294-00000002 no=1 cancelled=True
== results
FAIL 6a two bridges at once: bridge 1 runneradmin on 9100 (pid , go-c22b9acec3c7); bridge 2 fcuser2 on 0 (pid , go-)
FAIL 6b /ping proof: bridge 1 proves itself to runneradmin: ok; bridge 1 proof checked against user 2 identity fails: ok; bridge 2 proves itself to fcuser2: NO; bridge 2 proof checked against user 1 identity fails: NO; bridge 2 gives runneradmin no proof: NO; bridge 1 gives fcuser2 no proof: ok; other users refused 403 beyond /ping: NO
PASS 1 create: Tally made mid 2 guid bad8e138-ecfb-444f-a49b-5eb7dee38294-00000002; stub 15:32:36 recorder_lines event=created guid=bad8e138-ecfb-444f-a49b-5eb7dee38294-00000002 mid=2 aid=2 vch=Receipt/1/20261002 user=runnervmfi6oq\runneradmin bridge=go-c22b9acec3c7 port=9100 company=FinCom Spike Co body=yes(2434 chars)
PASS 2 alter: Tally: mid 2 AlterID 2 -> 3; stub 15:33:26 recorder_lines event=altered guid=bad8e138-ecfb-444f-a49b-5eb7dee38294-00000002 mid=2 aid=3 vch=Receipt/1/20261002 user=runnervmfi6oq\runneradmin bridge=go-c22b9acec3c7 port=9100 company=FinCom Spike Co body=yes(2434 chars)
PASS 3 Alt+2 copy: Tally made mid 3 guid bad8e138-ecfb-444f-a49b-5eb7dee38294-00000003; source mid 2 AlterID still 3, no line for it; stub 15:34:18 recorder_lines event=created guid=bad8e138-ecfb-444f-a49b-5eb7dee38294-00000003 mid=3 aid=4 vch=Receipt/2/20261002 user=runnervmfi6oq\runneradmin bridge=go-c22b9acec3c7 port=9100 company=FinCom Spike Co body=yes(2434 chars) idsMismatch lineGuid=bad8e138-ecfb-444f-a49b-5eb7dee38294-00000002
PASS 4 cancel: Tally cancelled mid 2 guid bad8e138-ecfb-444f-a49b-5eb7dee38294-00000002; stub 15:35:20 recorder_lines event=cancelled guid=bad8e138-ecfb-444f-a49b-5eb7dee38294-00000002 mid=2 aid=5 vch=Receipt/1/20261002 user=runnervmfi6oq\runneradmin bridge=go-c22b9acec3c7 port=9100 company=FinCom Spike Co body=none
PASS 5 delete: Tally deleted mid 3 guid bad8e138-ecfb-444f-a49b-5eb7dee38294-00000003; stub 15:35:57 recorder_lines event=deleted guid=bad8e138-ecfb-444f-a49b-5eb7dee38294-00000003 mid=3 aid= vch=Receipt/2/20261002 user=runnervmfi6oq\runneradmin bridge=go-c22b9acec3c7 port=9100 company=FinCom Spike Co body=none
FAIL 6d user 2 own Tally event: Tally :9001 (as fcuser2) made mid 1 guid fba4e54d-9cff-497c-8db2-ce2c3ca123dd-00000001; (no line)
FAIL 6c beats: stub 15:36:51 beat x12 bridge=go-c22b9acec3c7 user=runnervmfi6oq\runneradmin windowsUser=runnervmfi6oq\runneradmin bridgePort=9100 tallyPort=9000 dataFolder=D:\a\_temp\TallyData device=spike-computer-key-user1 computer=runnervmfi6oq | bridge 2 (go-): no beat
FAIL 6e attribution: 6 line(s) from bridge 1 (runneradmin, FinCom Spike Co), 0 from bridge 2 (fcuser2, FinCom Spike U2); misattributed: 1 e.g. stub 15:36:36 recorder_lines event=created guid='' mid=1 aid= vch=Receipt/1/20261002 user=runnervmfi6oq\runneradmin bridge=go-c22b9acec3c7 port=9100 company=FinCom Spike U2 body=none
FAIL 6 two Windows users: FAIL 6a two bridges at once; FAIL 6b /ping proof; FAIL 6d user 2 own Tally event; FAIL 6c beats; FAIL 6e attribution
== round 4 end
