[18:47:02] ---- c1 install and open the company (TallyPrime 3.0)
  INFO installed: C:\Program Files\TallyPrime\tally.exe; tally.exe 11457160 bytes, 2026-10-08, FileVersion 1.1.3.0, ProductVersion 1.1.3.0, ProductName TallyPrime
  INFO company folder made by flow.ps1: D:\a\_temp\TallyData\100000
[keys] 'a' -> Tally 'TallyPrime:9000'
[keys] 't' -> Tally 'TallyPrime:9000'
[shot] v-00-started (1024x768)
[companies] 8 ms: <ENVELOPE><HEADER><VERSION>1</VERSION><STATUS>1</STATUS></HEADER><BODY><DESC><CMPINFO><COMPANY>0</COMPANY><GROUP>0</GROUP><LEDGER>0</LEDGER><COSTCATEGORY>0</COSTCATEGORY><COSTCENTRE>0</COSTCENTRE><GODOWN>0</GODOWN><STOCKGROUP>0</STOCKGROUP><STOCKCATEGORY>0</STOCKCATEGORY><STOCKITEM>0</STOCKITEM><VOUCHERTYPE>0</VOUCHERTYPE><CURRENCY>0</CURRENCY><UNIT>0</UNIT><BUDGET>0</BUDGET><CLIENTRULE>0</CLIENTRULE><SERVERRULE>0</SERVERRULE><STATE>0</STATE><TDSRATE>0</TDSRATE><TAXCLASSIFICATION>0</TAXCLASSIFICATION><STCATEGORY>0</STCATEGORY><DEDUCTEETYPE>0</DEDUCTEETYPE><ATTENDANCETYPE>0</ATTENDANCETYPE><FBT...
[header] 8 ms: <ENVELOPE><HEADER><VERSION>1</VERSION><STATUS>1</STATUS><PRODMAJORVER>1</PRODMAJORVER><PRODMINORVER>1</PRODMINORVER><PRODMAJORREL>3</PRODMAJORREL><PRODMINORREL>0</PRODMINORREL><PRODTYPE>5</PRODTYPE></HEADER><BODY><DESC><CMPINFO><COMPANY>0</COMPANY><GROUP>0</GROUP><LEDGER>0</LEDGER><COSTCATEGORY>0</COSTCATEGORY><COSTCENTRE>0</COSTCENTRE><GODOWN>0</GODOWN><STOCKGROUP>0</STOCKGROUP><STOCKCATEGORY>0</STOCKCATEGORY><STOCKITEM>0</STOCKITEM><VOUCHERTYPE>0</VOUCHERTYPE><CURRENCY>0</CURRENCY><UNIT>0</UNIT><BUDGET>0</BUDGET><CLIENTRULE>0</CLIENTRULE><SERVERRULE>0</SERVERRULE><STATE>0</STATE><TDSRATE>0</...
  INFO Tally's own release in its answer header: PRODMAJORREL 3 PRODMINORREL 0 (PRODMAJORVER 1 PRODMINORVER 1 PRODTYPE 5)
######## PASS c1 install and open the company: installed tally.exe 11457160 bytes, 2026-10-08, FileVersion 1.1.3.0, ProductVersion 1.1.3.0, ProductName TallyPrime; company folder 100000 loaded at start: True; window 'TallyPrime:9000'
######## PASS c2 port and company list: port 9000 answered 10.1 s after start, GET 20 ms ('<RESPONSE>TallyPrime Server is Running</RESPONSE>'); company list 8 ms, 'FinCom Spike Co' in it: True
[18:47:35] ---- the stub cloud and the bridge
[ledger Spike Income] 15 ms: <RESPONSE><CREATED>1</CREATED><ALTERED>0</ALTERED><DELETED>0</DELETED><LASTVCHID>0</LASTVCHID><LASTMID>0</LASTMID><COMBINED>0</COMBINED><IGNORED>0</IGNORED><ERRORS>0</ERRORS><CANCELLED>0</CANCELLED></RESPONSE>
[renum journal] 33 ms: <RESPONSE><CREATED>1</CREATED><ALTERED>0</ALTERED><DELETED>0</DELETED><LASTVCHID>2</LASTVCHID><LASTMID>0</LASTMID><COMBINED>0</COMBINED><IGNORED>0</IGNORED><ERRORS>0</ERRORS><CANCELLED>0</CANCELLED></RESPONSE>
[bankb ledger Share Bank] 16 ms: <RESPONSE><CREATED>1</CREATED><ALTERED>0</ALTERED><DELETED>0</DELETED><LASTVCHID>0</LASTVCHID><LASTMID>0</LASTMID><COMBINED>0</COMBINED><IGNORED>0</IGNORED><ERRORS>0</ERRORS><CANCELLED>0</CANCELLED></RESPONSE>
[bankb contras] 34 ms: <RESPONSE><CREATED>4</CREATED><ALTERED>0</ALTERED><DELETED>0</DELETED><LASTVCHID>6</LASTVCHID><LASTMID>0</LASTMID><COMBINED>0</COMBINED><IGNORED>0</IGNORED><ERRORS>0</ERRORS><CANCELLED>0</CANCELLED></RESPONSE>
  INFO bankb: four contras with bank allocations (2-10-2026, Share Bank): <CREATED>4</CREATED> <ALTERED>0</ALTERED> <DELETED>0</DELETED> <LASTVCHID>6</LASTVCHID> <LASTMID>0</LASTMID> <COMBINED>0</COMBINED> <IGNORED>0</IGNORED> <ERRORS>0</ERRORS>
  INFO setup origin: BUILT from source dist/FinComBridge-Setup-2.3.4.exe SHA-256 ba80796c08eb0afd8e268ec90297ea9ab1517a1d74b5cf9f97d13c53fa9f4f2c; bridge source: 0e71b4e634a2fb7eafe37f86c4805ff45b8f807f next-bankdate after merging next-renumber (4f447c2f, 2.4.0 review part 1; the 2.3.4 code): the bank route's reads use renumbering's exact rules: a 2 s stop or no answer (errRecorderStop, tallyNoAnswer) is an ask, one more ask after RecorderStopRetrySec (5 minutes, liveStopRetry), liveObjAsksMax in all, then the alert; nothing reached Tally (retry schedule, a posting first, read stop): not an ask; an unreadable answer: dropped into the alert at once; the company not open: it waits, nothing dropped; one entry waiting holds back nothing else. The beat fixture (tests/fixtures/beat-2.1.10.json) carries bankAlerts. Bank, renumber, source B, allow-list and post-shape tests pass
bridge setup ended with 0
  INFO bridge on 127.0.0.1:9100, version 2.3.4, allowImport True, readOnly '', testMode False
  bridge log: 2026-10-08 18:47:45  FinCom Bridge 2.3.4: started just for runnervmfi6oq\runneradmin (no service); it keeps the bridge and its icon running
  bridge log: 2026-10-08 18:47:45  FinCom Bridge 2.3.4 (Go) started on 127.0.0.1:9100: the only bridge on this computer; working for runnervmfi6oq\runneradmin, Windows session 2; runs just for this Windows user (starts at sign-in, no service)
  bridge log: 2026-10-08 18:47:45  Tally is open on port 9000; the bridge reads it only after an event (a client opened in FinCom, Update now, a posting, the nightly catch-up at 02:00)
  bridge log: 2026-10-08 18:47:45  Recorder: re-scan of the add-on's files for 2.3.4: 0 line(s) sent earlier without their entry found (a new entry's line with no MasterID, a GUID of another entry, or read while the body fetch was off)
  bridge log: 2026-10-08 18:47:45  Check:  - 
  bridge log: 2026-10-08 18:47:48  Tray icon: set to show next to the clock always (Windows 11)
  bridge log: 2026-10-08 18:47:48  Trial tools switched on for this computer in FinCom: the tray shows the trial items
  bridge log: 2026-10-08 18:47:48  FinCom: this bridge is now the main bridge on this computer (set by the setup); it reads and posts
  bridge log: 2026-10-08 18:47:48  Company FinCom Spike Co: its Tally GUID e6e895b1-1d13-4480-a0fc-138eb5043691 is held from now on
  bridge log: 2026-10-08 18:47:49  Company FinCom Spike Co: its starting point is recorded: ALTVCHID=6, ALTMSTID=210 (reading is prospective only: the bridge follows what changes after this)
  bridge log: 2026-10-08 18:47:49  Company FinCom Spike Co: change numbers read with form a: ALTVCHID=6, ALTMSTID=210
  bridge log: 2026-10-08 18:47:49  Light check of FinCom Spike Co: starting point recorded (ALTVCHID=6, ALTMSTID=210)
  bridge log: 2026-10-08 18:47:49  Bank dates: FinCom Spike Co: following Tally's voucher counter from ALTVCHID=6 (a move the add-on's lines do not explain is a bank date set, or another change Tally makes without a voucher form)
  INFO add-on: recorder files after start: none
[18:48:31] ---- bank: does any event fire when a bank date is set (probe), and what it costs
[18:48:36] ---- bankb: bank dates set in Bank Reconciliation reach FinCom (the bridge from the ref, stubr.py as the cloud)
  INFO bankb: the bridge's bank route started (its first light check) before the bank dates: True
  INFO bankb: Tally's contras (FinCom's copy seeded with them, as from a Day Book upload): mid 3 'bank probe C1' AlterID 3 bank date ''; mid 4 'bank probe C2' AlterID 4 bank date ''; mid 5 'bank probe C3' AlterID 5 bank date ''; mid 6 'bank probe C4' AlterID 6 bank date ''
[shot] tds-001-gw0 (1024x768)
[18:48:42] [tds] screen tds-001-gw0 : x TallyPrime MANAGE {1' EDU 5: Company Gatewa of Tall CURRENT PERIOD I-Apr-26 to 31-Mar-27 NAME OF COMPANY FinCom Spike Co Unity Y: Data Z: Exchange CURRENT OATE Wednesday, I-Apr-2026 upr-26 Search O: Import E: Export M: E-mail p: pnnt Fl: Help Date Company Gateway of Tally MASTERS Create Alter CHart of Accounts TRANSACTIONS Vouchers Day 800K UTILITIES BaNking REPORTS Balance Sheet Profit & Loss A/c Stock Summary Ratio Analysis Display More Reports Quit o g for clddb o run 80+—9 6e5d— acep 336d- 6e5d— acep .337. 9d6 ening 'f23Ud ng jo id" : " 336d- Mode Q Windows Server 2025 Datacenter Build 2...
[keys] '%g' -> Tally 'TallyPrime:9000'
[shot] tds-002-B1-brs-goto (1024x768)
[18:48:46] [tds] screen tds-002-B1-brs-goto : x TallyPrime MANAGE EDU Unity Quit K: Company Y: Data List of Re Z: Exchange FinCom Spike Co O: Import E: Export M: E-mail p: pnnt Fl: Help x Its Create Voucher Create Master Alter Master Expand All Show More Saved Views Common Reports Balance Sheet Profit & Loss A/c Cash/Bank Book Day Book Ledger Vouchers Stock Summary Trial Balance Bills Receivable Bills Payable Master and Voucher Statistics Stock Query Chart of Accounts Final Accounts Reports Receivables & Payables Reports Banking Utilities Ledger Reports Group Reports Voucher Reports Registers Stock Item Reports o g for clddb o run 80+—9 6...
[keys] 'Bank Reconciliation' -> Tally 'TallyPrime:9000'
[shot] tds-003-B1-brs-typed (1024x768)
[18:48:50] [tds] screen tds-003-B1-brs-typed : TallyPrime MANAGE {1' EDU 5: Company Unity Quit Y: Data List of Re Z: Exchange FinCom Spike Co Bank Reconciliation Its O: Import E: Export M: E-mail p: pnnt x Fl: Help Create Voucher Create Master Alter Master Expand All Show More Banking Utilities Bank Reconciliation Q Search o g for clddb o run 80+—9 6e5d— acep 336d- 6e5d— acep .337. 9d6 ening 'f23Ud ng jo id" : " 336d- Mode Windows Server 2025 Datacenter Build 26100.ge_release240331-1435 6:48 PM 10/8/2026
[keys] '{ENTER}' -> Tally 'TallyPrime:9000'
[shot] tds-004-B1-brs-select (1024x768)
[18:48:54] [tds] screen tds-004-B1-brs-select : TallyPrime MANAGE {1' EDU 5: Company Select Bank Unity Quit Y: Data Z: Exchange FinCom • ke Co Name of Bank Ledger O: Import Account No. Create E: Export M: E-mail p: pnnt x Fl: Help List of Bank Led Ledger Name Share Bank A Accept Q Search o g for clddb o run 80+—9 6e5d— acep 336d- 6e5d— acep .337. 9d6 ening 'f23Ud ng jo id" : " 336d- Mode Windows Server 2025 Datacenter Build 26100.ge_release240331-1435 6:48 PM 10/8/2026
[keys] 'Share Bank{ENTER}' -> Tally 'TallyPrime:9000'
[shot] tds-005-B1-brs-bank (1024x768)
[18:48:59] [tds] screen tds-005-B1-brs-bank : x TallyPrime MANAGE {1' EDU 5: Company Bank Reconciliation Ledger: Share Bank Y: Data Vch Type Contra Contra Contra Contra Q Z: Exchange O: Import E: Export FinCom • ke Co (Reconciliation Transaction Type Instrument No. M: E-mail p: print As on . • 2-0ct-26 Date 2-Oct-26 2-Oct-26 2-Oct-26 2-Oct-26 Quit Particulars Cash Cash Cash Cash Instrument Date 2-Oct-26 2-Oct-26 2-Oct-26 2-Oct-26 Bank Date Debit 101.00 102.00 103.00 104.00 410.00 410.00 Credit Fl: Help period • Carnpany V4: Bank FIO Basis of B: — Values Change Vie w J: Reports H: Opening BRS Creata J: Voucher Reconcile Unlinked Reconcile ...
[shot] tds-006-B1-brs-screen (1024x768)
[18:49:00] [tds] screen tds-006-B1-brs-screen : x TallyPrime MANAGE {1' EDU 5: Company Bank Reconciliation Ledger: Share Bank Y: Data Vch Type Contra Contra Contra Contra Q Z: Exchange O: Import E: Export FinCom • ke Co (Reconciliation Transaction Type Instrument No. M: E-mail p: print As on . • 2-0ct-26 Date 2-Oct-26 2-Oct-26 2-Oct-26 2-Oct-26 Quit Particulars Cash Cash Cash Cash Instrument Date 2-Oct-26 2-Oct-26 2-Oct-26 2-Oct-26 Bank Date Debit 101.00 102.00 103.00 104.00 410.00 410.00 Credit Fl: Help period • Carnpany V4: Bank FIO Basis of B: — Values Change Vie w J: Reports H: Opening BRS Creata J: Voucher Reconcile Unlinked Reconcile ...
[keys] '2-10-2026{ENTER}' -> Tally 'TallyPrime:9000'
[shot] tds-007-B1-brs-date (1024x768)
[18:49:04] [tds] screen tds-007-B1-brs-date : x TallyPrime MANAGE {1' EDU 5: Company Bank Reconciliation Ledger: Share Bank Y: Data Vch Type Contra Contra Contra Contra Q Z: Exchange O: Import E: Export FinCom • ke Co (Reconciliation Transaction Type Instrument No. M: E-mail p: print As on . • 2-0ct-26 Date 2-Oct-26 2-Oct-26 2-Oct-26 2-Oct-26 Quit Particulars Cash Cash Cash Cash Instrument Date 2-Oct-26 2-Oct-26 2-Oct-26 2-Oct-26 Bank Date 2-Oct-26 Debit 101.00 102.00 103.00 104.00 410.00 309.00 101.00 Credit Fl: Help period • Carnpany V4: Bank FIO Basis of B: — Values Change Vie w J: Reports H: Opening BRS Creata J: Voucher Reconcile Unl...
[keys] '' -> Tally 'TallyPrime:9000'
[shot] tds-008-B1-brs-saved (1024x768)
[18:49:10] [tds] screen tds-008-B1-brs-saved : TallyPrime MANAGE {1' EDU 5: Company Select Bank Unity Quit Y: Data Z: Exchange FinCom • ke Co Name of Bank Ledger Share Bank O: Import Account No. Create E: Export M: E-mail p: pnnt x Fl: Help List of Bank Led Ledger Name Share Bank A Accept Q Search o g for clddb o run 80+—9 6e5d— acep 336d- 6e5d— acep .337. 9d6 ening 'f23Ud ng jo id" : " 336d- Mode Windows Server 2025 Datacenter Build 26100.ge_release240331-1435 6:49 PM 10/8/2026
[18:49:10] B1-brs save: 46.4;3265.0
[shot] tds-009-gw0 (1024x768)
[18:49:10] [tds] screen tds-009-gw0 : TallyPrime MANAGE {1' EDU 5: Company Select Bank Unity Quit Y: Data Z: Exchange FinCom • ke Co Name of Bank Ledger Share Bank O: Import Account No. Create E: Export M: E-mail p: pnnt x Fl: Help List of Bank Led Ledger Name Share Bank A Accept Q Search o g for clddb o run 80+—9 6e5d— acep 336d- 6e5d— acep .337. 9d6 ening 'f23Ud ng jo id" : " 336d- Mode Windows Server 2025 Datacenter Build 26100.ge_release240331-1435 6:49 PM 10/8/2026
[keys] '{ESC}' -> Tally 'TallyPrime:9000'
[shot] tds-010-gw1 (1024x768)
[18:49:14] [tds] screen tds-010-gw1 : TallyPrime MANAGE {1' EDU 5: Company Select Bank Unity Quit Y: Data Z: Exchange FinCom • ke Co Name of Bank Ledger O: Import Account No. Create E: Export M: E-mail p: pnnt x Fl: Help List of Bank Led Ledger Name Share Bank A Accept Q Search o g for clddb o run 80+—9 6e5d— acep 336d- 6e5d— acep .337. 9d6 ening 'f23Ud ng jo id" : " 336d- Mode Windows Server 2025 Datacenter Build 26100.ge_release240331-1435 6:49 PM 10/8/2026
[keys] '{ESC}' -> Tally 'TallyPrime:9000'
[shot] tds-011-gw2 (1024x768)
[18:49:18] [tds] screen tds-011-gw2 : x TallyPrime MANAGE {1' EDU 5: Company Gatewa of Tall CURRENT PERIOD I-Apr-26 to 31-Mar-27 NAME OF COMPANY FinCom Spike Co Unity Y: Data Z: Exchange CURRENT OATE Wednesday, I-Apr-2026 2-Oct-26 Search O: Import E: Export M: E-mail p: pnnt Fl: Help Date Company Gateway of Tally MASTERS Create Alter CHart of Accounts TRANSACTIONS Vouchers Day 800K UTILITIES BaNking REPORTS Balance Sheet Profit & Loss A/c Stock Summary Ratio Analysis Display More Reports Quit o g for clddb o run 80+—9 6e5d— acep 336d- 6e5d— acep .337. 9d6 ening 'f23Ud ng jo id" : " 336d- Mode Q Windows Server 2025 Datacenter Build...
  INFO B1-brs the dated contra stored whole: every date field: DATE=20261002, VCHSTATUSDATE=20261002, EFFECTIVEDATE=20261002, INSTRUMENTDATE=20261002, BANKERSDATE=20261002
######## INFO B1-brs bank date in Bank Reconciliation: direct: Tally bank-dated 'bank probe C1' (mid 3, bank date '20261002'); AlterID 3 -> 7; company AltVchId 6 -> 7, AltMstId 210 -> 210; Ctrl+A to a still screen 3265 ms (46.4;3265.0); add-on FCR1 lines: none (for its MasterID: 0); probe lines: none
[shot] tds-012-gw0 (1024x768)
[18:49:21] [tds] screen tds-012-gw0 : x TallyPrime MANAGE {1' EDU 5: Company Gatewa of Tall CURRENT PERIOD I-Apr-26 to 31-Mar-27 NAME OF COMPANY FinCom Spike Co Unity Y: Data Z: Exchange CURRENT OATE Wednesday, I-Apr-2026 2-Oct-26 Search O: Import E: Export M: E-mail p: pnnt Fl: Help Date Company Gateway of Tally MASTERS Create Alter CHart of Accounts TRANSACTIONS Vouchers Day 800K UTILITIES BaNking REPORTS Balance Sheet Profit & Loss A/c Stock Summary Ratio Analysis Display More Reports Quit o g for clddb o run 80+—9 6e5d— acep 336d- 6e5d— acep .337. 9d6 ening 'f23Ud ng jo id" : " 336d- Mode Q Windows Server 2025 Datacenter Build...
[keys] '%g' -> Tally 'TallyPrime:9000'
[shot] tds-013-B2-brs-goto (1024x768)
[18:49:24] [tds] screen tds-013-B2-brs-goto : x TallyPrime MANAGE EDU Unity Quit K: Company Y: Data List of Re Z: Exchange FinCom Spike Co O: Import E: Export M: E-mail p: pnnt Fl: Help x Its Create Voucher Create Master Alter Master Expand All Show More Saved Views Common Reports Balance Sheet Profit & Loss A/c Cash/Bank Book Day Book Ledger Vouchers Stock Summary Trial Balance Bills Receivable Bills Payable Master and Voucher Statistics Stock Query Chart of Accounts Final Accounts Reports Receivables & Payables Reports Banking Utilities Ledger Reports Group Reports Voucher Reports Registers Stock Item Reports o g for clddb o run 80+—9 6...
[keys] 'Bank Reconciliation' -> Tally 'TallyPrime:9000'
[shot] tds-014-B2-brs-typed (1024x768)
[18:49:28] [tds] screen tds-014-B2-brs-typed : TallyPrime MANAGE {1' EDU 5: Company Unity Quit Y: Data List of Re Z: Exchange FinCom Spike Co Bank Reconciliation Its O: Import E: Export M: E-mail p: pnnt x Fl: Help Create Voucher Create Master Alter Master Expand All Show More Banking Utilities Bank Reconciliation Q Search o g for clddb o run 80+—9 6e5d— acep 336d- 6e5d— acep .337. 9d6 ening 'f23Ud ng jo id" : " 336d- Mode Windows Server 2025 Datacenter Build 26100.ge_release240331-1435 6:49 PM 10/8/2026
[keys] '{ENTER}' -> Tally 'TallyPrime:9000'
[shot] tds-015-B2-brs-select (1024x768)
[18:49:33] [tds] screen tds-015-B2-brs-select : TallyPrime MANAGE {1' EDU 5: Company Select Bank Unity Quit Y: Data Z: Exchange FinCom • ke Co Name of Bank Ledger O: Import Account No. Create E: Export M: E-mail p: pnnt x Fl: Help List of Bank Led Ledger Name Share Bank A Accept Q Search o g for clddb o run 80+—9 6e5d— acep 336d- 6e5d— acep .337. 9d6 ening 'f23Ud ng jo id" : " 336d- Mode Windows Server 2025 Datacenter Build 26100.ge_release240331-1435 6:49 PM 10/8/2026
[keys] 'Share Bank{ENTER}' -> Tally 'TallyPrime:9000'
[shot] tds-016-B2-brs-bank (1024x768)
[18:49:38] [tds] screen tds-016-B2-brs-bank : x TallyPrime MANAGE {1' EDU 5: Company Bank Reconciliation Ledger: Share Bank Y: Data Vch Type Contra Contra Contra Q Z: Exchange O: Import E: Export FinCom • ke Co (Reconciliation Transaction Type Instrument No. M: E-mail p: print As on . • 2-0ct-26 Date 2-Oct-26 2-Oct-26 2-Oct-26 Quit Particulars Cash Cash Cash Instrument Date 2-Oct-26 2-Oct-26 2-Oct-26 Bank Date Debit 102.00 103.00 104.00 410.00 309.00 101.00 Credit Fl: Help period • Carnpany V4: Bank FIO Basis of B: — Values Change Vie w J: Reports H: Opening BRS Creata J: Voucher Reconcile Unlinked Reconcile — All Unlinked Sat Bank s: Dat...
[shot] tds-017-B2-brs-screen (1024x768)
[18:49:39] [tds] screen tds-017-B2-brs-screen : x TallyPrime MANAGE {1' EDU 5: Company Bank Reconciliation Ledger: Share Bank Y: Data Vch Type Contra Contra Contra Q Z: Exchange O: Import E: Export FinCom • ke Co (Reconciliation Transaction Type Instrument No. M: E-mail p: print As on . • 2-0ct-26 Date 2-Oct-26 2-Oct-26 2-Oct-26 Quit Particulars Cash Cash Cash Instrument Date 2-Oct-26 2-Oct-26 2-Oct-26 Bank Date Debit 102.00 103.00 104.00 410.00 309.00 101.00 Credit Fl: Help period • Carnpany V4: Bank FIO Basis of B: — Values Change Vie w J: Reports H: Opening BRS Creata J: Voucher Reconcile Unlinked Reconcile — All Unlinked Sat Bank s: Dat...
[keys] '2-10-2026{ENTER}' -> Tally 'TallyPrime:9000'
[shot] tds-018-B2-brs-date (1024x768)
[18:49:42] [tds] screen tds-018-B2-brs-date : x TallyPrime MANAGE {1' EDU 5: Company Bank Reconciliation Ledger: Share Bank Y: Data Vch Type Contra Contra Contra Q Z: Exchange O: Import E: Export FinCom • ke Co (Reconciliation Transaction Type Instrument No. M: E-mail p: print As on . • 2-0ct-26 Date 2-Oct-26 2-Oct-26 2-Oct-26 Quit Particulars Cash Cash Cash Instrument Date 2-Oct-26 2-Oct-26 2-Oct-26 Bank Date 2-Oct-26 Debit 102.00 103.00 104.00 410.00 207.00 203.00 Credit Fl: Help period • Carnpany V4: Bank FIO Basis of B: — Values Change Vie w J: Reports H: Opening BRS Creata J: Voucher Reconcile Unlinked Reconcile — All Unlinked Sat Ba...
[keys] '' -> Tally 'TallyPrime:9000'
[shot] tds-019-B2-brs-saved (1024x768)
[18:49:45] [tds] screen tds-019-B2-brs-saved : TallyPrime MANAGE {1' EDU 5: Company Select Bank Unity Quit Y: Data Z: Exchange FinCom • ke Co Name of Bank Ledger Share Bank O: Import Account No. Create E: Export M: E-mail p: pnnt x Fl: Help List of Bank Led Ledger Name Share Bank A Accept Q Search o g for clddb o run 80+—9 6e5d— acep 336d- 6e5d— acep .337. 9d6 ening 'f23Ud ng jo id" : " 336d- Mode Windows Server 2025 Datacenter Build 26100.ge_release240331-1435 6:49 PM 10/8/2026
[18:49:45] B2-brs save: 64.3;107.1
[shot] tds-020-gw0 (1024x768)
[18:49:46] [tds] screen tds-020-gw0 : TallyPrime MANAGE {1' EDU 5: Company Select Bank Unity Quit Y: Data Z: Exchange FinCom • ke Co Name of Bank Ledger Share Bank O: Import Account No. Create E: Export M: E-mail p: pnnt x Fl: Help List of Bank Led Ledger Name Share Bank A Accept Q Search o g for clddb o run 80+—9 6e5d— acep 336d- 6e5d— acep .337. 9d6 ening 'f23Ud ng jo id" : " 336d- Mode Windows Server 2025 Datacenter Build 26100.ge_release240331-1435 6:49 PM 10/8/2026
[keys] '{ESC}' -> Tally 'TallyPrime:9000'
[shot] tds-021-gw1 (1024x768)
[18:49:49] [tds] screen tds-021-gw1 : TallyPrime MANAGE {1' EDU 5: Company Select Bank Unity Quit Y: Data Z: Exchange FinCom • ke Co Name of Bank Ledger O: Import Account No. Create E: Export M: E-mail p: pnnt x Fl: Help List of Bank Led Ledger Name Share Bank A Accept Q Search o g for clddb o run 80+—9 6e5d— acep 336d- 6e5d— acep .337. 9d6 ening 'f23Ud ng jo id" : " 336d- Mode Windows Server 2025 Datacenter Build 26100.ge_release240331-1435 6:49 PM 10/8/2026
[keys] '{ESC}' -> Tally 'TallyPrime:9000'
[shot] tds-022-gw2 (1024x768)
[18:49:53] [tds] screen tds-022-gw2 : x TallyPrime MANAGE {1' EDU 5: Company Gatewa of Tall CURRENT PERIOD I-Apr-26 to 31-Mar-27 NAME OF COMPANY FinCom Spike Co Unity Y: Data Z: Exchange CURRENT OATE Wednesday, I-Apr-2026 2-Oct-26 Search O: Import E: Export M: E-mail p: pnnt Fl: Help Date Company Gateway of Tally MASTERS Create Alter CHart of Accounts TRANSACTIONS Vouchers Day 800K UTILITIES BaNking REPORTS Balance Sheet Profit & Loss A/c Stock Summary Ratio Analysis Display More Reports Quit o g for clddb o run 80+—9 6e5d— acep 336d- 6e5d— acep .337. 9d6 ening 'f23Ud ng jo id" : " 336d- Mode Q Windows Server 2025 Datacenter Build...
  INFO B2-brs the dated contra stored whole: every date field: DATE=20261002, VCHSTATUSDATE=20261002, EFFECTIVEDATE=20261002, INSTRUMENTDATE=20261002, BANKERSDATE=20261002
######## INFO B2-brs bank date in Bank Reconciliation: direct: Tally bank-dated 'bank probe C2' (mid 4, bank date '20261002'); AlterID 4 -> 8; company AltVchId 7 -> 8, AltMstId 210 -> 210; Ctrl+A to a still screen 107 ms (64.3;107.1); add-on FCR1 lines: none (for its MasterID: 0); probe lines: none
  INFO bankb: Tally after the bank dates: mid 3 'bank probe C1' AlterID 7 bank date '20261002'; mid 4 'bank probe C2' AlterID 8 bank date '20261002'; mid 5 'bank probe C3' AlterID 5 bank date ''; mid 6 'bank probe C4' AlterID 6 bank date ''
  bridge log: 2026-10-08 18:58:19  Light check of FinCom Spike Co: unchanged starting point ALTVCHID=6; now ALTVCHID=8, ALTMSTID=210
  bridge log: 2026-10-08 18:58:19  Bank dates: FinCom Spike Co: Tally's voucher counter moved with no add-on line for 2 entries (a bank date set in Bank Reconciliation, or another change Tally makes without a voucher form); each is read again from Tally
  bridge log: 2026-10-08 18:58:19  Recorder: entry fetch of FinCom Spike Co: answered in 9 ms
  bridge log: 2026-10-08 18:58:19  Recorder: Contra 1 of 02-Oct-2026 (MasterID 3, line 62c72c00…): taken: Tally's GUID e6e895b1-1d13-4480-a0fc-138eb5043691-00000003, AlterID 7
  bridge log: 2026-10-08 18:58:19  Recorder: entry fetch of FinCom Spike Co: answered in 8 ms
  bridge log: 2026-10-08 18:58:19  Recorder: Contra 2 of 02-Oct-2026 (MasterID 4, line 2a35c9e3…): taken: Tally's GUID e6e895b1-1d13-4480-a0fc-138eb5043691-00000004, AlterID 8
######## PASS b1 bank dates set in Bank Reconciliation reach FinCom: Tally bank-dated 2 contra(s): mid 3 'bank probe C1' AlterID 7 bank date '20261002'; mid 4 'bank probe C2' AlterID 8 bank date '20261002'; FinCom's copy holds Tally's bank date and AlterID for every contra (4) after 506 s; 2 altered line(s) from the bridge (source bankdate): mid 3 x1, mid 4 x1; bridge log: FinCom Spike Co: following Tally's voucher counter from ALTVCHID=6 (a move the add-on's lines do not explain is a bank date set, or another change Tally makes without a voucher form) | FinCom Spike Co: Tally's voucher counter moved with no add-on line for 2 entries (a bank date set in Bank Reconciliation, or another change Tally makes without a voucher form); each is read again from Tally
