2026-10-08 14:54:37  FinCom Bridge 2.3.4: started just for runnervmfi6oq\runneradmin (no service); it keeps the bridge and its icon running
2026-10-08 14:54:37  FinCom Bridge 2.3.4 (Go) started on 127.0.0.1:9100: the only bridge on this computer; working for runnervmfi6oq\runneradmin, Windows session 2; runs just for this Windows user (starts at sign-in, no service)
2026-10-08 14:54:37  Tally is open on port 9000; the bridge reads it only after an event (a client opened in FinCom, Update now, a posting, the nightly catch-up at 02:00)
2026-10-08 14:54:37  Recorder: re-scan of the add-on's files for 2.3.4: 0 line(s) sent earlier without their entry found (a new entry's line with no MasterID, a GUID of another entry, or read while the body fetch was off)
2026-10-08 14:54:37  Check:  - 
2026-10-08 14:54:40  Tray icon: set to show next to the clock always (Windows 11)
2026-10-08 14:54:40  Trial tools switched on for this computer in FinCom: the tray shows the trial items
2026-10-08 14:54:40  FinCom: this bridge is now the main bridge on this computer (set by the setup); it reads and posts
2026-10-08 14:54:40  Company FinCom Spike Co: its Tally GUID 1826e920-3322-44f2-839d-ffe1d623b21f is held from now on
2026-10-08 14:54:40  Company FinCom Spike Co: its starting point is recorded: ALTVCHID=2, ALTMSTID=211 (reading is prospective only: the bridge follows what changes after this)
2026-10-08 14:54:40  Company FinCom Spike Co: change numbers read with form a: ALTVCHID=2, ALTMSTID=211
2026-10-08 14:54:40  Light check of FinCom Spike Co: starting point recorded (ALTVCHID=2, ALTMSTID=211)
2026-10-08 14:56:02  Recorder: Receipt 1 of 31-Oct-2026 (MasterID 3, line d4071afb…): asking Tally by MasterID
2026-10-08 14:56:02  Recorder: entry fetch of FinCom Spike Co: answered in 19 ms
2026-10-08 14:56:02  Recorder: Receipt 1 of 31-Oct-2026 (MasterID 3, line d4071afb…): taken: Tally's GUID 1826e920-3322-44f2-839d-ffe1d623b21f-00000003, AlterID 3
2026-10-08 14:56:37  Recorder: Receipt 2 of 01-Nov-2026 (MasterID 4, line 539ce499…): asking Tally by MasterID
2026-10-08 14:56:37  Recorder: entry fetch of FinCom Spike Co: answered in 25 ms
2026-10-08 14:56:37  Recorder: Receipt 2 of 01-Nov-2026 (MasterID 4, line 539ce499…): taken: Tally's GUID 1826e920-3322-44f2-839d-ffe1d623b21f-00000004, AlterID 4
2026-10-08 14:57:12  Recorder: Receipt 3 of 02-Nov-2026 (MasterID 5, line 20c4fab7…): asking Tally by MasterID
2026-10-08 14:57:12  Recorder: Receipt 3 of 02-Nov-2026 (MasterID 5, line 20c4fab7…): taken: Tally's GUID 1826e920-3322-44f2-839d-ffe1d623b21f-00000005, AlterID 5
2026-10-08 14:57:25  Reading from Tally stopped on this computer from FinCom: Stopped by the owner from FinCom (harness s1). Postings still go; reading starts again only from FinCom
2026-10-08 14:57:30  Light check: skipped: reading is stopped from FinCom (Stopped by the owner from FinCom (harness s1))
2026-10-08 14:57:53  Recorder: Receipt 4 of 02-Oct-2026 (MasterID 6, line 126107c4…): asking Tally by MasterID
2026-10-08 14:57:53  Recorder: Receipt 4 of 02-Oct-2026 (MasterID 6, line 126107c4…): held at once: waiting: reading from Tally is stopped from FinCom; asked again when it is resumed (sent now without its body; FinCom shows it held, and this bridge asks Tally again)
2026-10-08 14:57:53  Recorder: Receipt 4 of 02-Oct-2026 (MasterID 6, line 126107c4…): asking Tally again (a held line, ask 1 of 2: one request; if it stops or fails the line ends with the Day Book words)
2026-10-08 14:57:53  Recorder: Receipt 4 of 02-Oct-2026 (MasterID 6, line 126107c4…): not asked this time: Reading from Tally is stopped on this computer from FinCom (Stopped by the owner from FinCom (harness s1), 2026-10-08 14:57:20); nothing was sent to Tally. Post (not counted as a try)
2026-10-08 14:57:53  Recorder: held lines: 0 from FinCom, 1 asked, 0 resolved, 1 still held (1 in the list)
2026-10-08 14:58:03  Recorder: held lines: 0 from FinCom, 1 asked, 0 resolved, 1 still held (1 in the list)
2026-10-08 14:58:13  Recorder: held lines: 0 from FinCom, 1 asked, 0 resolved, 1 still held (1 in the list)
2026-10-08 14:58:23  Recorder: held lines: 0 from FinCom, 1 asked, 0 resolved, 1 still held (1 in the list)
2026-10-08 14:58:33  Recorder: held lines: 0 from FinCom, 1 asked, 0 resolved, 1 still held (1 in the list)
2026-10-08 14:58:41  Recorder: Receipt 1 of 31-Oct-2026 (MasterID 3, line 7687294c…): asking Tally by MasterID
2026-10-08 14:58:41  Recorder: Receipt 1 of 31-Oct-2026 (MasterID 3, line 7687294c…): held at once: waiting: reading from Tally is stopped from FinCom; asked again when it is resumed (sent now without its body; FinCom shows it held, and this bridge asks Tally again)
2026-10-08 14:58:41  Recorder: Receipt 1 of 31-Oct-2026 (MasterID 3, line 7687294c…): asking Tally again (a held line, ask 1 of 2: one request; if it stops or fails the line ends with the Day Book words)
2026-10-08 14:58:41  Recorder: Receipt 1 of 31-Oct-2026 (MasterID 3, line 7687294c…): not asked this time: Reading from Tally is stopped on this computer from FinCom (Stopped by the owner from FinCom (harness s1), 2026-10-08 14:57:20); nothing was sent to Tally. Post (not counted as a try)
2026-10-08 14:58:41  Recorder: held lines: 0 from FinCom, 1 asked, 0 resolved, 2 still held (2 in the list)
2026-10-08 14:58:43  Recorder: held lines: 0 from FinCom, 1 asked, 0 resolved, 2 still held (2 in the list)
2026-10-08 14:58:51  Recorder: held lines: 0 from FinCom, 1 asked, 0 resolved, 2 still held (2 in the list)
2026-10-08 14:58:53  Recorder: held lines: 0 from FinCom, 1 asked, 0 resolved, 2 still held (2 in the list)
2026-10-08 14:59:01  Recorder: held lines: 0 from FinCom, 1 asked, 0 resolved, 2 still held (2 in the list)
2026-10-08 14:59:03  Recorder: held lines: 0 from FinCom, 1 asked, 0 resolved, 2 still held (2 in the list)
2026-10-08 14:59:11  Recorder: held lines: 0 from FinCom, 1 asked, 0 resolved, 2 still held (2 in the list)
2026-10-08 14:59:12  Recorder: Receipt 2 of 01-Nov-2026 (MasterID 4, line a869ee41…): asking Tally by MasterID
2026-10-08 14:59:12  Recorder: FinCom Spike Co: delete of mid 4: held: this computer's Tally could not be asked whether it was deleted here (waiting: reading from Tally is stopped from FinCom; asked again when it is resumed); not sent as a delete: held
2026-10-08 14:59:13  Recorder: held lines: 0 from FinCom, 1 asked, 0 resolved, 3 still held (3 in the list)
2026-10-08 14:59:20  Reading from Tally resumed from FinCom (it was stopped: Stopped by the owner from FinCom (harness s1))
2026-10-08 14:59:21  Recorder: Receipt 1 of 31-Oct-2026 (MasterID 3, line 7687294c…): taken: Tally's GUID 1826e920-3322-44f2-839d-ffe1d623b21f-00000003, AlterID 7
2026-10-08 14:59:21  Recorder: Receipt 1 of 20261031 in FinCom Spike Co resolved: sent as altered with its GUID 1826e920-3322-44f2-839d-ffe1d623b21f-00000003 and body
2026-10-08 14:59:21  Recorder: held lines: 0 from FinCom, 1 asked, 1 resolved, 2 still held (3 in the list)
2026-10-08 14:59:23  Recorder: Receipt 4 of 02-Oct-2026 (MasterID 6, line 126107c4…): taken: Tally's GUID 1826e920-3322-44f2-839d-ffe1d623b21f-00000006, AlterID 6
2026-10-08 14:59:23  Recorder: Receipt 4 of 20261002 in FinCom Spike Co resolved: sent as created with its GUID 1826e920-3322-44f2-839d-ffe1d623b21f-00000006 and body
2026-10-08 14:59:23  Recorder: held lines: 0 from FinCom, 1 asked, 1 resolved, 1 still held (2 in the list)
2026-10-08 15:04:41  Light check of FinCom Spike Co: unchanged starting point ALTVCHID=2; now ALTVCHID=9, ALTMSTID=211
2026-10-08 15:09:12  Recorder: Receipt 2 of 01-Nov-2026 (MasterID 4, line a869ee41…): asking Tally again (a held line, ask 1 of 1: one request; if it stops or fails the line ends with the Day Book words)
2026-10-08 15:09:12  Recorder: entry fetch of FinCom Spike Co: answered in 14 ms
2026-10-08 15:09:12  Recorder: FinCom Spike Co: delete of mid 4: not in this Tally (asked by MasterID): proven deleted here
2026-10-08 15:09:12  Recorder: Receipt 2 of 01-Nov-2026 (MasterID 4, line a869ee41…): proven in this Tally now: the delete goes as a869ee41d52bc46ee012bfeeeef71433:resolved
2026-10-08 15:09:12  Recorder: held lines: 0 from FinCom, 1 asked, 1 resolved, 0 still held (1 in the list)
2026-10-08 15:09:12  Recorder: FinCom Spike Co: delete of mid 4: GUID from the bridge's record: 1826e920-3322-44f2-839d-ffe1d623b21f-00000004; the GUID its MasterID makes agrees
2026-10-08 15:09:26  Reading from Tally stopped on this computer from FinCom: Stopped by the owner from FinCom (harness s3). Postings still go; reading starts again only from FinCom
2026-10-08 15:09:31  Light check: skipped: reading is stopped from FinCom (Stopped by the owner from FinCom (harness s3))
2026-10-08 15:09:54  Recorder: Receipt 3 of 02-Nov-2026 (MasterID 5, line 44b6a37f…): asking Tally by MasterID
2026-10-08 15:09:54  Recorder: FinCom Spike Co: delete of mid 5: held: this computer's Tally could not be asked whether it was deleted here (waiting: reading from Tally is stopped from FinCom; asked again when it is resumed); not sent as a delete: held
2026-10-08 15:10:02  Restarting: asked from the tray icon
2026-10-08 15:10:03  FinCom Bridge 2.3.4 (Go) started on 127.0.0.1:9100: the only bridge on this computer; working for runnervmfi6oq\runneradmin, Windows session 2; runs just for this Windows user (starts at sign-in, no service)
2026-10-08 15:10:03  Tally is open on port 9000; the bridge reads it only after an event (a client opened in FinCom, Update now, a posting, the nightly catch-up at 02:00)
2026-10-08 15:10:03  Check:  - 
2026-10-08 15:10:06  Light check of FinCom Spike Co: skipped: reading is stopped from FinCom (Stopped by the owner from FinCom (harness s3))
2026-10-08 15:10:06  Trial tools switched on for this computer in FinCom: the tray shows the trial items
2026-10-08 15:10:31  Reading from Tally resumed from FinCom (it was stopped: Stopped by the owner from FinCom (harness s3))
2026-10-08 15:10:36  Company FinCom Spike Co: change numbers read with form a: ALTVCHID=11, ALTMSTID=211
2026-10-08 15:10:36  Light check of FinCom Spike Co: unchanged starting point ALTVCHID=2; now ALTVCHID=11, ALTMSTID=211
2026-10-08 15:19:54  Recorder: Receipt 3 of 02-Nov-2026 (MasterID 5, line 44b6a37f…): asking Tally again (a held line, ask 1 of 1: one request; if it stops or fails the line ends with the Day Book words)
2026-10-08 15:19:54  Recorder: entry fetch of FinCom Spike Co: answered in 13 ms
2026-10-08 15:19:54  Recorder: FinCom Spike Co: delete of mid 5: not in this Tally (asked by MasterID): proven deleted here
2026-10-08 15:19:54  Recorder: Receipt 3 of 02-Nov-2026 (MasterID 5, line 44b6a37f…): proven in this Tally now: the delete goes as 44b6a37f9b0eefc5effe8d2cd7e72472:resolved
2026-10-08 15:19:54  Recorder: held lines: 0 from FinCom, 1 asked, 1 resolved, 0 still held (1 in the list)
2026-10-08 15:19:54  Recorder: FinCom Spike Co: delete of mid 5: GUID from the bridge's record: 1826e920-3322-44f2-839d-ffe1d623b21f-00000005; the GUID its MasterID makes agrees
2026-10-08 15:20:35  Recorder: Receipt 5 of 01-Dec-2026 (MasterID 9, line a62ea138…): asking Tally by MasterID
2026-10-08 15:20:37  Tally 9000: Other took 2.2s and failed: Tally took longer than the recorder's limit; the bridge stopped waiting (2 s)
2026-10-08 15:20:37  Tally 9000 did not answer in time at 15:20:37 (FinComVoucherObject, try 1); trying again by itself at 15:20:52
2026-10-08 15:20:37  Recorder: entry fetch of FinCom Spike Co: over 2 s (stopped)
2026-10-08 15:20:37  Recorder: Receipt 5 of 01-Dec-2026 (MasterID 9, line a62ea138…): held: Tally took longer than 2 s for this entry; upload that day's Day Book to settle it (sent without its body and GUID; FinCom holds the line until it is resolved)
2026-10-08 15:20:37  Light check of FinCom Spike Co: skipped: Tally did not answer (Tally did not answer in time at 15:20; trying again by itself at 15:20 (nothing was sent))
2026-10-08 15:20:52  Light check of FinCom Spike Co: skipped: Tally did not answer (Tally did not answer in time; waiting for Tally to finish an earlier request (FinComVoucherObject, sent at 15:20:37); nothing was sent)
2026-10-08 15:20:55  Tally 9000 finished the request the bridge stopped waiting for (FinComVoucherObject) 18s after the stop; its answer is discarded and the next request goes now
2026-10-08 15:20:58  Tally 9000 answered in time again (FinComCompany): the background requests are back to normal
2026-10-08 15:24:17  Notification shown: Tally not open (tally:71c60cddd415f4bf; not shown again for this problem)
