2026-10-05 16:45:46  FinCom Bridge 2.2.4: started just for runnervmfi6oq\runneradmin (no service); it keeps the bridge and its icon running
2026-10-05 16:45:46  FinCom Bridge 2.2.4 (Go) started on 127.0.0.1:9100: the only bridge on this computer; working for runnervmfi6oq\runneradmin, Windows session 2; runs just for this Windows user (starts at sign-in, no service)
2026-10-05 16:45:46  Tally is open on port 9000; the bridge reads it only after an event (a client opened in FinCom, Update now, a posting, the nightly catch-up at 02:00)
2026-10-05 16:45:46  Recorder: re-scan of the add-on's files for 2.2.4: 0 line(s) sent earlier without their entry found (a new entry's line with no MasterID, a GUID of another entry, or read while the body fetch was off)
2026-10-05 16:45:46  Check:  - 
2026-10-05 16:45:49  Tray icon: set to show next to the clock always (Windows 11)
2026-10-05 16:45:49  Company FinCom Spike Co: its Tally GUID 81daaad5-b4da-44bc-a394-099168baaec6 is held from now on
2026-10-05 16:45:49  Company FinCom Spike Co: its starting point is recorded: ALTVCHID=1, ALTMSTID=211 (reading is prospective only: the bridge follows what changes after this)
2026-10-05 16:45:49  Company FinCom Spike Co: change numbers read with form a: ALTVCHID=1, ALTMSTID=211
2026-10-05 16:45:49  Light check of FinCom Spike Co: starting point recorded (ALTVCHID=1, ALTMSTID=211)
2026-10-05 16:45:49  FinCom: this bridge is now the main bridge on this computer (set by the setup); it reads and posts
2026-10-05 16:47:08  Recorder: Receipt 1 of 02-Oct-2026 (MasterID 2, line cb254e0f…): asking Tally by MasterID
2026-10-05 16:47:12  Recorder: Receipt 1 of 02-Oct-2026 (MasterID 2, line cb254e0f…): taken: Tally's GUID 81daaad5-b4da-44bc-a394-099168baaec6-00000002, AlterID 2
2026-10-05 16:47:58  Recorder: Receipt 1 of 02-Oct-2026 (MasterID 2, line d8103f5b…): asking Tally by MasterID
2026-10-05 16:48:02  Recorder: Receipt 1 of 02-Oct-2026 (MasterID 2, line d8103f5b…): taken: Tally's GUID 81daaad5-b4da-44bc-a394-099168baaec6-00000002, AlterID 3
2026-10-05 16:48:45  Recorder: Receipt 2 of 02-Oct-2026 (MasterID 3, line fc115f27…): asking Tally by MasterID
2026-10-05 16:48:49  Recorder: Receipt 2 of 02-Oct-2026 (MasterID 3, line fc115f27…): taken: Tally's GUID 81daaad5-b4da-44bc-a394-099168baaec6-00000003, AlterID 4
2026-10-05 16:49:47  Recorder: Receipt 1 of 02-Oct-2026 (MasterID 2, line 705fda32…): asking Tally by MasterID
2026-10-05 16:49:51  Recorder: FinCom Spike Co: cancel of mid 2: GUID from Tally (asked by MasterID): 81daaad5-b4da-44bc-a394-099168baaec6-00000002; the GUID its MasterID makes agrees
2026-10-05 16:50:29  Recorder: FinCom Spike Co: delete of mid 3: GUID from the bridge's record: 81daaad5-b4da-44bc-a394-099168baaec6-00000003; the GUID its MasterID makes agrees
