2026-10-05 17:28:48  FinCom Bridge 2.2.4: started just for runnervmfi6oq\fcuser2 (no service); it keeps the bridge and its icon running
2026-10-05 17:28:48  Port 9100 is taken (another Windows user's FinCom Bridge, or another program); this bridge uses port 9101 and remembers it
2026-10-05 17:28:48  FinCom Bridge 2.2.4 (Go) started on 127.0.0.1:9101: the only bridge on this computer; working for runnervmfi6oq\fcuser2, Windows session 1; runs just for this Windows user (starts at sign-in, no service)
2026-10-05 17:28:48  Tally is open on port 9001; the bridge reads it only after an event (a client opened in FinCom, Update now, a posting, the nightly catch-up at 02:00)
2026-10-05 17:28:48  Recorder: re-scan of the add-on's files for 2.2.4: 0 line(s) sent earlier without their entry found (a new entry's line with no MasterID, a GUID of another entry, or read while the body fetch was off)
2026-10-05 17:28:48  Check:  - 
2026-10-05 17:28:51  FinCom: this bridge is now the main bridge on this computer (set by the setup); it reads and posts
2026-10-05 17:28:51  Tray icon: set to show next to the clock always (Windows 11)
2026-10-05 17:28:51  Company FinCom Spike U2: its Tally GUID 642714e8-9543-429a-9b67-176c0831e962 is held from now on
2026-10-05 17:28:51  Company FinCom Spike U2: its starting point is recorded: ALTVCHID=1, ALTMSTID=209 (reading is prospective only: the bridge follows what changes after this)
2026-10-05 17:28:51  Company FinCom Spike U2: change numbers read with form a: ALTVCHID=1, ALTMSTID=209
2026-10-05 17:28:51  Light check of FinCom Spike U2: starting point recorded (ALTVCHID=1, ALTMSTID=209)
2026-10-05 17:29:08  Refused a request from a program of another Windows user (/status): not your FinCom Bridge (the program asking has no Windows user)
2026-10-05 17:30:09  Recorder: Receipt 1 of 02-Oct-2026 (MasterID 2, line 08d8aae2…): held: the entry was not read from Tally: Company 'FinCom Spike Co' is not open in Tally. Open it in TallyPrime on this computer and try again.
2026-10-05 17:30:09  Recorder: the body of 1 entry of FinCom Spike Co was not read from Tally (Company 'FinCom Spike Co' is not open in Tally. Open it in TallyPrime on this computer and try again.); sent without it (FinCom holds the line until a body comes)
2026-10-05 17:30:59  Recorder: Receipt 1 of 02-Oct-2026 (MasterID 2, line 3236d212…): held: the entry was not read from Tally: Company 'FinCom Spike Co' is not open in Tally. Open it in TallyPrime on this computer and try again.
2026-10-05 17:30:59  Recorder: the body of 1 entry of FinCom Spike Co was not read from Tally (Company 'FinCom Spike Co' is not open in Tally. Open it in TallyPrime on this computer and try again.); sent without it (FinCom holds the line until a body comes)
2026-10-05 17:31:47  Recorder: Receipt 2 of 02-Oct-2026 (MasterID 3, line 45e670be…): held: the entry was not read from Tally: Company 'FinCom Spike Co' is not open in Tally. Open it in TallyPrime on this computer and try again.
2026-10-05 17:31:47  Recorder: the body of 1 entry of FinCom Spike Co was not read from Tally (Company 'FinCom Spike Co' is not open in Tally. Open it in TallyPrime on this computer and try again.); sent without it (FinCom holds the line until a body comes)
2026-10-05 17:32:44  Recorder: FinCom Spike Co: cancel of mid 2: held: this computer's Tally could not be asked whether it was cancelled here (Company 'FinCom Spike Co' is not open in Tally. Open it in TallyPrime on this computer and try again.); not sent as a cancel: held
2026-10-05 17:32:44  Recorder: the body of 1 entry of FinCom Spike Co was not read from Tally (Company 'FinCom Spike Co' is not open in Tally. Open it in TallyPrime on this computer and try again.); sent without it (FinCom holds the line until a body comes)
2026-10-05 17:33:21  Recorder: FinCom Spike Co: delete of mid 3: held: this computer's Tally could not be asked whether it was deleted here (Company 'FinCom Spike Co' is not open in Tally. Open it in TallyPrime on this computer and try again.); not sent as a delete: held
2026-10-05 17:33:21  Recorder: the body of 1 entry of FinCom Spike Co was not read from Tally (Company 'FinCom Spike Co' is not open in Tally. Open it in TallyPrime on this computer and try again.); sent without it (FinCom holds the line until a body comes)
2026-10-05 17:33:59  Recorder: Receipt 1 of 02-Oct-2026 (MasterID 2, line 9ee7f89a…): asking Tally by MasterID
2026-10-05 17:34:04  Recorder: Receipt 1 of 02-Oct-2026 (MasterID 2, line 9ee7f89a…): taken: Tally's GUID 642714e8-9543-429a-9b67-176c0831e962-00000002, AlterID 2
