[05:10:32.773] push-design on TallyPrime 4.1: reps 5, heavy 3000 ledgers / 3000 items / up to 30000 vouchers (40 min), postings 1
[05:10:33.698] system clock step after timeBeginPeriod(1): 0.406 ms (min 0.0039, max 4.3024)
[05:10:33.724] two files written 2 ms apart: NTFS write times 15.9881 ms apart
[05:10:33.744] light company folder: D:\a\_temp\TallyData\100000
[05:10:36.773] tally.ini: Data D:\a\_temp\TallyData; TDL: none
[keys] 'a'
[keys] 't'
[shot] p-setup-light-started (1024x768)
[05:11:04.920] Tally started (setup-light) in 28.1 s; company open: True
[05:11:04.931] company GUID f7ec2a58-2fc7-441b-9b51-0be3787bdaa6
[05:11:06.953] proxy 127.0.0.2:9000 -> Tally: True (<RESPONSE>TallyPrime Server is Running</RESPONSE> )
[05:11:08.185] import light masters: 60 sent, created 59, errors 0, 200 ms
[05:11:08.320] import template s5 (all fields): 1 sent, created 1, errors 0, 74.7 ms
[05:11:08.524] import template s50 (all fields): 1 sent, created 1, errors 0, 200.6 ms
[05:11:08.544] import template rc (all fields): 1 sent, created 1, errors 0, 18 ms
[05:11:08.549] templates: s50 all fields; s5 all fields; rc all fields
[05:11:08.590]   template Receipt 1 20261001 mid 4 aid 4 f7ec2a58-2fc7-441b-9b51-0be3787bdaa6-00000004
[05:11:08.591]   template Sales 1 20261002 mid 2 aid 2 f7ec2a58-2fc7-441b-9b51-0be3787bdaa6-00000002
[05:11:08.592]   template Sales 2 20261031 mid 3 aid 3 f7ec2a58-2fc7-441b-9b51-0be3787bdaa6-00000003
[05:11:08.762] company feature fields (by name): ISBATCHWISEON=No, PREVISMULTIGODOWNON=No, PREVISTRACKINGON=No, ISPAYROLLON=No, PREVISSALESORDERSON=No, PREVISPURCORDERSON=No, ISEXCISEMFGRTRADERON=No, ISPAYROLLSTATON=No, ISCOSTTRACKINGON=No, NOTIFYOFEXPIRY=No, ISTRACKVOUCHERSON=No, RESETTRACKEDCHANGES=No
[05:11:08.777] import company features by XML: 1 sent, created 0, errors 0, 12.1 ms
[05:11:08.788] after the XML alter: ISBATCHWISEON=Yes, PREVISMULTIGODOWNON=Yes, PREVISTRACKINGON=Yes, ISPAYROLLON=Yes, PREVISSALESORDERSON=Yes, PREVISPURCORDERSON=Yes, ISEXCISEMFGRTRADERON=No, ISPAYROLLSTATON=No, ISCOSTTRACKINGON=No, NOTIFYOFEXPIRY=No, ISTRACKVOUCHERSON=No, RESETTRACKEDCHANGES=No
[keys] '{F11}'
[shot] p-f11-0 (1024x768)
[keys] '{UP}'
[keys] '{UP}'
[keys] '{UP}'
[shot] p-f11-1-top (1024x768)
[keys] 'y'
[shot] p-f11-2-show-more (1024x768)
[keys] '{DOWN}'
[shot] p-f11-d01 (1024x768)
[keys] '{DOWN}'
[shot] p-f11-d02 (1024x768)
[keys] '{DOWN}'
[shot] p-f11-d03 (1024x768)
[keys] '{DOWN}'
[shot] p-f11-d04 (1024x768)
[keys] '{DOWN}'
[shot] p-f11-d05 (1024x768)
[keys] '{DOWN}'
[shot] p-f11-d06 (1024x768)
[keys] '{DOWN}'
[shot] p-f11-d07 (1024x768)
[keys] '{DOWN}'
[shot] p-f11-d08 (1024x768)
[keys] '{DOWN}'
[shot] p-f11-d09 (1024x768)
[keys] '{DOWN}'
[shot] p-f11-d10 (1024x768)
[keys] '{DOWN}'
[shot] p-f11-d11 (1024x768)
[keys] '{DOWN}'
[shot] p-f11-d12 (1024x768)
[keys] '{DOWN}'
[shot] p-f11-d13 (1024x768)
[keys] '{DOWN}'
[shot] p-f11-d14 (1024x768)
[keys] '{DOWN}'
[shot] p-f11-d15 (1024x768)
[keys] '{DOWN}'
[shot] p-f11-d16 (1024x768)
[keys] '{DOWN}'
[shot] p-f11-d17 (1024x768)
[keys] '{DOWN}'
[shot] p-f11-d18 (1024x768)
[keys] '{DOWN}'
[shot] p-f11-d19 (1024x768)
[keys] '{DOWN}'
[shot] p-f11-d20 (1024x768)
[keys] '{DOWN}'
[shot] p-f11-d21 (1024x768)
[keys] '{DOWN}'
[shot] p-f11-d22 (1024x768)
[keys] '{DOWN}'
[shot] p-f11-d23 (1024x768)
[keys] '{DOWN}'
[shot] p-f11-d24 (1024x768)
[keys] '{DOWN}'
[shot] p-f11-d25 (1024x768)
[keys] '{DOWN}'
[shot] p-f11-d26 (1024x768)
[keys] '{DOWN}'
[shot] p-f11-d27 (1024x768)
[keys] '{DOWN}'
[shot] p-f11-d28 (1024x768)
[keys] '{DOWN}'
[shot] p-f11-d29 (1024x768)
[keys] '{DOWN}'
[shot] p-f11-d30 (1024x768)
[keys] '{DOWN}'
[shot] p-f11-d31 (1024x768)
[keys] '{DOWN}'
[shot] p-f11-d32 (1024x768)
[keys] '{DOWN}'
[shot] p-f11-d33 (1024x768)
[keys] '{DOWN}'
[shot] p-f11-d34 (1024x768)
[keys] '{DOWN}'
[shot] p-f11-d35 (1024x768)
[keys] '{DOWN}'
[shot] p-f11-d36 (1024x768)
[keys] '{DOWN}'
[shot] p-f11-d37 (1024x768)
[keys] '{DOWN}'
[shot] p-f11-d38 (1024x768)
[keys] '{DOWN}'
[shot] p-f11-d39 (1024x768)
[keys] '{DOWN}'
[shot] p-f11-d40 (1024x768)
[keys] '{DOWN}'
[shot] p-f11-d41 (1024x768)
[keys] '{DOWN}'
[shot] p-f11-d42 (1024x768)
[keys] '{DOWN}'
[shot] p-f11-d43 (1024x768)
[keys] '{DOWN}'
[shot] p-f11-d44 (1024x768)
[keys] '{DOWN}'
[shot] p-f11-d45 (1024x768)
[keys] '{DOWN}'
[shot] p-f11-d46 (1024x768)
[keys] '{DOWN}'
[shot] p-f11-d47 (1024x768)
[keys] '{DOWN}'
[shot] p-f11-d48 (1024x768)
[keys] '^a'
[shot] p-f11-accepted (1024x768)
[05:12:32.777] after F11 (show more features only): ISBATCHWISEON=Yes, PREVISMULTIGODOWNON=Yes, PREVISTRACKINGON=Yes, ISPAYROLLON=Yes, PREVISSALESORDERSON=Yes, PREVISPURCORDERSON=Yes, ISEXCISEMFGRTRADERON=No, ISPAYROLLSTATON=No, ISCOSTTRACKINGON=No, NOTIFYOFEXPIRY=No, ISTRACKVOUCHERSON=No, RESETTRACKEDCHANGES=No
[05:12:32.794] voucher types: Attendance, Contra, Credit Note, Debit Note, Delivery Note, Job Work In Order, Job Work Out Order, Journal, Material In, Material Out, Memorandum, Payment, Payroll, Physical Stock, Purchase, Purchase Order, Receipt, Receipt Note, Rejections In, Rejections Out, Reversing Journal, Sales, Sales Order, Stock Journal
[05:12:32.805] voucher type fields: active ISACTIVE; manufacturing ASMFGJRNL
[05:12:32.840] import voucher types active, manufacturing journal: 9 sent, created 1, errors 0, 33 ms
[05:12:33.687] import type masters (godowns, batch items, employees, pay heads, supplier): 258 sent, created 258, errors 0, 826 ms
[05:12:33.697] import attendance type: 1 sent, created 0, errors 0, 7.4 ms; Tally: Unit &apos;Days&apos; does not exist!
[05:12:33.706] import attendance type: 1 sent, created 0, errors 0, 6.9 ms; Tally: Unit &apos;Days&apos; does not exist!
[05:12:33.713] import attendance type: 1 sent, created 0, errors 0, 6.5 ms; Tally: Unit &apos;Days&apos; does not exist!
[05:12:33.721] import attendance type: 1 sent, created 0, errors 0, 6.5 ms; Tally: Unit &apos;Days&apos; does not exist!
[05:12:33.728] import attendance type: 1 sent, created 0, errors 0, 6.3 ms; Tally: Unit &apos;Days&apos; does not exist!
[05:12:33.735] import attendance type: 1 sent, created 0, errors 0, 6.3 ms; Tally: Unit &apos;Days&apos; does not exist!
[05:12:33.742] import attendance type: 1 sent, created 0, errors 0, 6.3 ms; Tally: Unit &apos;Days&apos; does not exist!
[05:12:33.750] import attendance type: 1 sent, created 0, errors 0, 6.4 ms; Tally: Unit &apos;Days&apos; does not exist!
[05:12:33.757] import attendance type: 1 sent, created 0, errors 0, 6.3 ms; Tally: Unit &apos;Days&apos; does not exist!
[05:12:33.765] import attendance type: 1 sent, created 0, errors 0, 7 ms; Tally: Unit &apos;Days&apos; does not exist!
[05:12:33.773] import attendance type: 1 sent, created 0, errors 0, 6.6 ms; Tally: Unit &apos;Days&apos; does not exist!
[05:12:33.780] import attendance type: 1 sent, created 0, errors 0, 6.5 ms; Tally: Unit &apos;Days&apos; does not exist!
[05:12:33.963] import template payroll50 (form 1 of 5): 1 sent, created 0, errors 0, 17.3 ms
[05:12:33.979] import template payroll50 (form 2 of 5): 1 sent, created 0, errors 0, 14.8 ms
[05:12:33.999] import template payroll50 (form 3 of 5): 1 sent, created 0, errors 0, 18.8 ms
[05:12:34.017] import template payroll50 (form 4 of 5): 1 sent, created 0, errors 0, 16 ms
[05:12:34.042] import template payroll50 (form 5 of 5): 1 sent, created 1, errors 0, 23.8 ms
[05:12:34.067] import template payroll200 (form 1 of 5): 1 sent, created 0, errors 0, 22.5 ms
[05:12:34.093] import template payroll200 (form 2 of 5): 1 sent, created 0, errors 0, 22.3 ms
[05:12:34.148] import template payroll200 (form 3 of 5): 1 sent, created 0, errors 0, 53 ms
[05:12:34.172] import template payroll200 (form 4 of 5): 1 sent, created 0, errors 0, 22.7 ms
[05:12:34.210] import template payroll200 (form 5 of 5): 1 sent, created 1, errors 0, 36.6 ms
[05:12:34.227] import template attendance (form 1 of 1): 1 sent, created 0, errors 0, 15.6 ms
[05:12:34.298] import template stockjournal (form 1 of 1): 1 sent, created 1, errors 0, 69.8 ms
[05:12:34.330] import template mfgjournal (form 1 of 1): 1 sent, created 1, errors 0, 30 ms
[05:12:34.366] import template salesorder (form 1 of 3): 1 sent, created 0, errors 0, 34.6 ms; Tally: Bad Order Number in Voucher!
[05:12:34.394] import template salesorder (form 2 of 3): 1 sent, created 0, errors 0, 26.2 ms; Tally: Bad Order Number in Voucher!
[05:12:34.424] import template salesorder (form 3 of 3): 1 sent, created 0, errors 0, 28.1 ms; Tally: Bad Order Number in Voucher!
[05:12:34.448] import template purchaseorder (form 1 of 3): 1 sent, created 0, errors 0, 22.7 ms; Tally: Bad Order Number in Voucher!
[05:12:34.481] import template purchaseorder (form 2 of 3): 1 sent, created 0, errors 0, 31.6 ms; Tally: Bad Order Number in Voucher!
[05:12:34.506] import template purchaseorder (form 3 of 3): 1 sent, created 0, errors 0, 23.7 ms; Tally: Bad Order Number in Voucher!
[05:12:34.558] import template deliverynote (form 1 of 1): 1 sent, created 1, errors 0, 50.9 ms
[05:12:34.607] import template receiptnote (form 1 of 1): 1 sent, created 1, errors 0, 47.7 ms
[05:12:34.633] import template physicalstock (form 1 of 1): 1 sent, created 1, errors 0, 23.9 ms
[05:12:34.863] import template salesbatch (form 1 of 1): 1 sent, created 1, errors 0, 228.6 ms
[05:12:35.212] TDL $$MachineName => '' 
[05:12:35.215] TDL $$CmpUserName => 'TALLY User' 
[05:12:35.218] TDL $$SysInfo:WindowsUser => 'runneradmin' 
[05:12:35.221] TDL $$SysInfo:WindowsUserName => '' 
[05:12:35.225] TDL $$SysInfo:UserName => '' 
[05:12:35.228] TDL $$SysInfo:LoginUser => '' 
[05:12:35.232] TDL $$SysInfo:SystemName => 'runnervmfi6oq' 
[05:12:35.235] TDL $$SysInfo:ComputerName => '' 
[05:12:35.239] TDL $$SysInfo:MachineName => '' 
[05:12:35.245] TDL $$SysInfo:IPAddress => '10.1.0.112,172.26.16.1' 
[05:12:35.248] TDL $$SysInfo:ApplicationPath => 'C:\Program Files\TallyPrime' 
[05:12:35.251] TDL $$SysInfo:TempPath => '' 
[05:12:35.292] fast234 (fast234l) on TallyPrime 4.1: today's request 2927 chars, 61 fields
[05:12:35.321] fast234l on TallyPrime 4.1: the entry kinds (L2) and the 200 / 500-item invoices (M3)
[05:12:35.336] import credit / debit note types active: 2 sent, created 0, errors 0, 13.4 ms
[05:12:35.349] import tds: company TDS on, TAN: 1 sent, created 0, errors 0, 10.4 ms
[shot] tds-001-gw0 (1024x768)
[05:12:57] [tds] screen tds-001-gw0 : x TallyPrime MANAGE EDU K: Company Gatewa of Tall CURRENT PERIOD I-Apr-26 to 31-Mar-27 NAME OF COMPANY FinCom Spike Co Y: Data Z: Exchange CURRENT OATE Wednesday, I-Apr-2026 O: Import E: Export M: Share p: print Fl: Help Date Company Gateway of Tally MASTERS Create Alter CHart of Accounts TRANSACTIONS Vouchers Day 800K UTILITIES BaNking REPORTS Balance Sheet Profit & Loss A/c Stock Summary Ratio Analysis Display More Reports DashbOard Quit Unity o b90d4 to ru 3c32- 3e1U- acep 05b6- 3e1U- acep .337. 2—df4 ening '8ed93 ing j _id" : 9—011' 05b6- Mode Q 31-Mar-27 Search Windows Server 2025 Datacen...
[keys] 'c'
[shot] tds-002-create-TDSNatureofPayments (1024x768)
[05:13:00] [tds] screen tds-002-create-TDSNatureofPayments : x R CEDU Unity Quit TallyPrime MANAGE K: Company Y: Data Z: Exchange FinCom • ke Co Master Creation List of Masters Accounting Masters Group Ledger Cost Centre Currency Voucher Type Inventory Masters Stock Group Stock Category Stock Item Unit Location Payroll Masters Employee Group Employee Units (Work) Attendance/Production Type Pay Heads Payroll Voucher Type Statutory Masters GST Registration GST Classification TDS Nature of Payments Statutory Details Company GST Details O: Import Change Company Show More E: Export M: Share p: print Fl: Help x o b90d4 to ru 3c32- 3e1U- acep 05b6- 3e1U- acep ...
[keys] '{BACKSPACE}{BACKSPACE}{BACKSPACE}{BACKSPACE}{BACKSPACE}{BACKSPACE}{BACKSPACE}{BACKSPACE}{BACKSPACE}{BACKSPACE}{BACKSPACE}{BACKSPACE}{BACKSPACE}{BACKSPACE}{BACKSPACE}{BACKSPACE}{BACKSPACE}{BACKSPACE}{BACKSPACE}{BACKSPACE}{BACKSPACE}{BACKSPACE}{BACKSPACE}{BACKSPACE}{BACKSPACE}{BACKSPACE}{BACKSPACE}{BACKSPACE}{BACKSPACE}{BACKSPACE}'
[keys] 'TDS Nature of Payments'
[shot] tds-003-typed-TDSNatureofPayments (1024x768)
[05:13:04] [tds] screen tds-003-typed-TDSNatureofPayments : R CEDU Unity Quit TallyPrime MANAGE K: Company Y: Data Z: Exchange FinCom • ke Co Master Creation TDS Nature of Pa ments List of Masters Statutory Masters TDS Nature of Payments Q Search O: Import Change Company Show More E: Export M: Share p: print x Fl: Help o b90d4 to ru 3c32- 3e1U- acep 05b6- 3e1U- acep .337. 2—df4 ening '8ed93 ing j _id" : 9—011' 05b6- Mode Windows Server 2025 Datacenter Build 26100.ge_release240331-1435 5:13 AM 10/8/2026
[keys] '{ENTER}'
[shot] tds-004-form-TDSNatureofPayments (1024x768)
[05:13:08] [tds] screen tds-004-form-TDSNatureofPayments : TallyPrime MANAGE EDU K: Company Y: Data Z: Exchange 0% 0% Accept Q Search O: Import E: Export M: Share FinCom • ke Co p: print x TDS Nature of Pa Name Section Payment code Creation x Fl: Help F2: period Company Remittance code Rate for individuals/HUF With PAN Rate for other deductee types With PAN Is zero rated • Threshold/exemption limit Quit FIO: Other Masters Unity p: Delete More Details Helper Configure o b90d4 to ru 3c32- 3e1U- acep 05b6- 3e1U- acep .337. 2—df4 ening '8ed93 ing j _id" : 9—011' 05b6- Mode Windows Server 2025 Datacenter Build 26100.ge_release240331-1435 5:13 AM 10/8/2026
[keys] 'PD Contract Work{ENTER}'
[shot] tds-005-nat-name (1024x768)
[05:13:11] [tds] screen tds-005-nat-name : TallyPrime MANAGE EDU K: Company Y: Data Z: Exchange O: Import E: Export M: Share FinCom • ke Co p: print x TDS Nature of Pa Name Section Payment code Creation PD Contract Work x Fl: Help F2: period Company Remittance code Rate for individuals/HUF With PAN Rate for other deductee types With PAN Is zero rated • Threshold/exemption limit Quit 0% 0% Accept Q Search FIO: Other Masters Unity p: Delete More Details Helper Configure o b90d4 to ru 3c32- 3e1U- acep 05b6- 3e1U- acep .337. 2—df4 ening '8ed93 ing j _id" : 9—011' 05b6- Mode Windows Server 2025 Datacenter Build 26100.ge_release240331-1435 5...
[keys] '194C{ENTER}'
[shot] tds-006-nat-section (1024x768)
[05:13:14] [tds] screen tds-006-nat-section : TallyPrime MANAGE EDU K: Company Y: Data Z: Exchange O: Import E: Export M: Share FinCom • ke Co p: print x TDS Nature of Pa Name Section Payment code Creation PD Contract Work x Fl: Help F2: period Company Remittance code Rate for individuals/HUF With PAN Rate for other deductee types With PAN Is zero rated • Threshold/exemption limit Quit 194C 0% 0% Accept Q Search FIO: Other Masters Unity p: Delete More Details Helper Configure o b90d4 to ru 3c32- 3e1U- acep 05b6- 3e1U- acep .337. 2—df4 ening '8ed93 ing j _id" : 9—011' 05b6- Mode Windows Server 2025 Datacenter Build 26100.ge_release240331-1...
[keys] '94C{ENTER}'
[shot] tds-007-nat-paycode (1024x768)
[05:13:17] [tds] screen tds-007-nat-paycode : TallyPrime MANAGE EDU K: Company Y: Data Z: Exchange O: Import E: Export M: Share FinCom • ke Co p: print x TDS Nature of Pa Name Section Payment code Creation PD Contract Work x Fl: Help F2: period Company Remittance code Rate for individuals/HUF With PAN Rate for other deductee types With PAN Is zero rated • Threshold/exemption limit Quit 194C 94C 0% 0% Accept Q Search FIO: Other Masters Unity p: Delete More Details Helper Configure o b90d4 to ru 3c32- 3e1U- acep 05b6- 3e1U- acep .337. 2—df4 ening '8ed93 ing j _id" : 9—011' 05b6- Mode Windows Server 2025 Datacenter Build 26100.ge_release2403...
[keys] '{ENTER}'
[shot] tds-008-nat-remit (1024x768)
[05:13:19] [tds] screen tds-008-nat-remit : TallyPrime MANAGE EDU K: Company Y: Data Z: Exchange O: Import E: Export M: Share FinCom • ke Co p: print x TDS Nature of Pa Name Section Payment code Creation PD Contract Work x Fl: Help F2: period Company Remittance code Rate for individuals/HUF With PAN Rate for other deductee types With PAN Is zero rated • Threshold/exemption limit Quit 194C 94C 0% 0% Accept Q Search FIO: Other Masters Unity p: Delete More Details Helper Configure o b90d4 to ru 3c32- 3e1U- acep 05b6- 3e1U- acep .337. 2—df4 ening '8ed93 ing j _id" : 9—011' 05b6- Mode Windows Server 2025 Datacenter Build 26100.ge_release2403...
[keys] '1{ENTER}'
[shot] tds-009-nat-rate-ind (1024x768)
[05:13:22] [tds] screen tds-009-nat-rate-ind : TallyPrime MANAGE EDU K: Company Y: Data Z: Exchange O: Import E: Export M: Share FinCom • ke Co p: print x TDS Nature of Pa Name Section Payment code Creation x Fl: Help F2: period Company PD Contract Work 194C 94C Remittance code Rate for individuals/HUF With PAN Rate for other deductee types With PAN • Threshold/exemption limit Quit FIO: Other Masters Unity p: Delete More Details Helper Configure o b90d4 to ru 3c32- 3e1U- acep 05b6- 3e1U- acep .337. 2—df4 ening '8ed93 ing j _id" : 9—011' 05b6- Mode Accept Q Search Windows Server 2025 Datacenter Build 26100.ge_release240331-1435 5:13 AM 10/8...
[keys] '2{ENTER}'
[shot] tds-010-nat-rate-oth (1024x768)
[05:13:25] [tds] screen tds-010-nat-rate-oth : TallyPrime MANAGE EDU K: Company Y: Data Z: Exchange O: Import E: Export M: Share FinCom • ke Co p: print x TDS Nature of Pa Name Section Payment code Creation PD Contract Work x Fl: Help F2: period Company Remittance code Rate for individuals/HUF With PAN Rate for other deductee types With PAN • Threshold/exemption limit Quit 194C 94C 1% 2% Accept Q Search FIO: Other Masters Unity p: Delete More Details Helper Configure o b90d4 to ru 3c32- 3e1U- acep 05b6- 3e1U- acep .337. 2—df4 ening '8ed93 ing j _id" : 9—011' 05b6- Mode Windows Server 2025 Datacenter Build 26100.ge_release240331-1435 5:13 A...
[keys] '{ENTER}'
[shot] tds-011-nat-zero (1024x768)
[05:13:28] [tds] screen tds-011-nat-zero : TallyPrime MANAGE EDU K: Company Y: Data Z: Exchange O: Import E: Export M: Share FinCom p: print x TDS Nature of Pa Name Section Payment code Creation PD Contract Work x Fl: Help F2: period F3: Company Remittance code Rate for individuals/HUF With PAN Rate for other deductee types With PAN • Threshold/exemption limit Q: Quit 194C 94C 1% 2% A: Accept Q Search Accept Q Yes or No FIO : Other Masters l: More Details H: Helper o b90d4 to ru 3c32- 3e1U- acep 05b6- 3e1U- acep .337. 2—df4 ening '8ed93 ing j _id" : 9—011' 05b6- Unity p: Delete F 12: Configure Mode Windows Server 2025 Datacenter Build ...
[keys] '{ENTER}'
[shot] tds-012-nat-threshold (1024x768)
[05:13:31] [tds] screen tds-012-nat-threshold : TallyPrime MANAGE EDU K: Company Y: Data Z: Exchange 0% 0% Accept Q Search O: Import E: Export M: Share FinCom • ke Co p: print x TDS Nature of Pa Name Section Payment code Creation x Fl: Help F2: period Company Remittance code Rate for individuals/HUF With PAN Rate for other deductee types With PAN Is zero rated • Threshold/exemption limit Quit FIO: Other Masters Unity p: Delete More Details Helper Configure o b90d4 to ru 3c32- 3e1U- acep 05b6- 3e1U- acep .337. 2—df4 ening '8ed93 ing j _id" : 9—011' 05b6- Mode Windows Server 2025 Datacenter Build 26100.ge_release240331-1435 5:13 AM 10/8/2026
[keys] '^a'
[shot] tds-013-nat-accept (1024x768)
[05:13:35] [tds] screen tds-013-nat-accept : TallyPrime MANAGE EDU K: Company Y: Data Z: Exchange 0% 0% Accept Q Search O: Import E: Export M: Share FinCom • ke Co p: print x TDS Nature of Pa Name Section Payment code Creation x Fl: Help F2: period Company Remittance code Rate for individuals/HUF With PAN Rate for other deductee types With PAN Is zero rated • Threshold/exemption limit Quit FIO: Other Masters Unity p: Delete More Details Helper Configure o b90d4 to ru 3c32- 3e1U- acep 05b6- 3e1U- acep .337. 2—df4 ening '8ed93 ing j _id" : 9—011' 05b6- Mode Windows Server 2025 Datacenter Build 26100.ge_release240331-1435 5:13 AM 10/8/2026
[keys] '{ESC}'
[shot] tds-014-nat-esc1 (1024x768)
[05:13:38] [tds] screen tds-014-nat-esc1 : TallyPrime MANAGE EDU K: Company Y: Data Z: Exchange 0% 0% A: Accept Q Search O: Import E: Export M: Share FinCom p: print x TDS Nature of Pa Name Section Payment code Creation x Fl: Help F2: period F3: Company Remittance code Rate for individuals/HUF With PAN Rate for other deductee types With PAN Is zero rated • Threshold/exemption limit Q: Quit Quit o Yes or No p: Delete FIO : Other Masters l: More Details H: Helper o b90d4 to ru 3c32- 3e1U- acep 05b6- 3e1U- acep .337. 2—df4 ening '8ed93 ing j _id" : 9—011' 05b6- Unity F 12: Configure Mode Windows Server 2025 Datacenter Build 26100.ge_relea...
[keys] '{ESC}'
[shot] tds-015-nat-esc2 (1024x768)
[05:13:41] [tds] screen tds-015-nat-esc2 : x R CEDU Unity Quit TallyPrime MANAGE K: Company Y: Data Z: Exchange FinCom • ke Co Master Creation List of Masters Accounting Masters Group Ledger Cost Centre Currency Voucher Type Inventory Masters Stock Group Stock Category Stock Item Unit Location Payroll Masters Employee Group Employee Units (Work) Attendance/Production Type Pay Heads Payroll Voucher Type Statutory Masters GST Registration GST Classification TDS Nature of Payments Statutory Details Company GST Details O: Import Change Company Show More E: Export M: Share p: print Fl: Help x o b90d4 to ru 3c32- 3e1U- acep 05b6- 3e1U- acep ...
[05:13:41] [tds] nature 'PD Contract Work' in Tally's export (TDSRate): True
[shot] tds-016-gw0 (1024x768)
[05:13:42] [tds] screen tds-016-gw0 : x R CEDU Unity Quit TallyPrime MANAGE K: Company Y: Data Z: Exchange FinCom • ke Co Master Creation List of Masters Accounting Masters Group Ledger Cost Centre Currency Voucher Type Inventory Masters Stock Group Stock Category Stock Item Unit Location Payroll Masters Employee Group Employee Units (Work) Attendance/Production Type Pay Heads Payroll Voucher Type Statutory Masters GST Registration GST Classification TDS Nature of Payments Statutory Details Company GST Details O: Import Change Company Show More E: Export M: Share p: print Fl: Help x o b90d4 to ru 3c32- 3e1U- acep 05b6- 3e1U- acep ...
[keys] '{ESC}'
[shot] tds-017-gw1 (1024x768)
[05:13:46] [tds] screen tds-017-gw1 : x TallyPrime MANAGE EDU K: Company Gatewa of Tall CURRENT PERIOD I-Apr-26 to 31-Mar-27 NAME OF COMPANY FinCom Spike Co * (e) Data exceptions exist Y: Data Z: Exchange CURRENT OATE Wednesday, I-Apr-2026 O: Import E: Export M: Share p: print Fl: Help Date Company Gateway of Tally MASTERS Create Alter CHart of Accounts TRANSACTIONS Vouchers Day 800K UTILITIES BaNking REPORTS Balance Sheet Profit & Loss A/c Stock Summary Ratio Analysis Display More Reports DashbOard Quit Unity o b90d4 to ru 3c32- 3e1U- acep 05b6- 3e1U- acep .337. 2—df4 ening '8ed93 ing j _id" : 9—011' 05b6- Mode Q 31-Mar-27 Search...
[05:13:46.062] tds: nature 'PD Contract Work' as a TDS Rate in Tally: True
[05:13:46.086] import tds: party, expense, TDS ledger: 3 sent, created 3, errors 0, 19.9 ms
[05:13:46.161] import extra creditnote: 1 sent, created 1, errors 0, 51.1 ms
[05:13:46.226] import extra creditnote-items: 1 sent, created 1, errors 0, 63 ms
[05:13:46.270] import extra debitnote: 1 sent, created 1, errors 0, 43.1 ms
[05:13:46.305] import extra journal-cc: 1 sent, created 1, errors 0, 34.1 ms
[05:13:46.327] import extra bank-payment: 1 sent, created 1, errors 0, 20.7 ms
[05:13:46.349] import extra bank-payment-cheque: 1 sent, created 1, errors 0, 21.2 ms
[05:13:46.388] import extra voucher-mode-items: 1 sent, created 1, errors 0, 37.8 ms
[05:13:46.414] import extra voucher-mode-items-nog: 1 sent, created 0, errors 0, 24.1 ms
[05:13:46.436] import extra deleted: 1 sent, created 1, errors 0, 20.3 ms
[05:13:47.349] import invoice BIG200-1: 1 sent, created 1, errors 0, 804.7 ms
[05:13:49.711] import invoice BIG500-1: 1 sent, created 1, errors 0, 1911.3 ms
[05:13:49.712] made: creditnote 1; creditnote-items 1; debitnote 1; journal-cc 1; bank-payment 1; bank-payment-cheque 1; voucher-mode-items 1; voucher-mode-items-nog 0; deleted 1; BIG200-1 1; BIG500-1 1
[05:13:50.167] import delete DEL-1: 1 sent, created 0, errors 1, 397.1 ms; Tally: Voucher does not exist!
[05:13:50.206] deleted DEL-1 (MasterID 20): still in Tally True
[05:13:56.217] tally.ini: Data D:\a\_temp\TallyData; TDL: none
[keys] 'a'
[keys] 't'
[shot] p-l-tds-started (1024x768)
[05:14:24.200] Tally started (l-tds) in 28 s; company open: True
[05:14:26.223] proxy 127.0.0.2:9000 -> Tally: True (<RESPONSE>TallyPrime Server is Running</RESPONSE> )
[shot] tds-018-gw0 (1024x768)
[05:14:27] [tds] screen tds-018-gw0 : x TallyPrime MANAGE EDU K: Company Gatewa of Tall CURRENT PERIOD I-Apr-26 to 31-Mar-27 NAME OF COMPANY FinCom Spike Co * (e) Data exceptions exist Y: Data Z: Exchange CURRENT OATE Wednesday, 31-Mar-2027 O: Import E: Export M: Share p: print Fl: Help Date Company Gateway of Tally MASTERS Create Alter CHart of Accounts TRANSACTIONS Vouchers Day 800K UTILITIES BaNking REPORTS Balance Sheet Profit & Loss A/c Stock Summary Ratio Analysis Display More Reports DashbOard Quit Unity o b90d4 to ru 3c32- 3e1U- acep 05b6- 3e1U- acep .337. 2—df4 ening '8ed93 ing j _id" : 9—011' 05b6- Mode Q 31-Mar-27 Searc...
[keys] 'v'
[shot] tds-019-s5-vouchers (1024x768)
[05:14:31] [tds] screen tds-019-s5-vouchers : x TallyPrime MANAGE EDU K: Company Accounting Voucher Creation 01. Pa ment Y: Data Z: Exchange A Accept Q Search O: Import E: Export M: Share FinCom • ke Co p: print 31-Mar-27 Wednesday Amount • Account Current balance: Particulars Narration: Quit Fl: Help Q: Date Company Ed: Contra F-5: Payment Receipt Journal Sales o b90d4 to ru 3c32- 3e1U- acep 05b6- Purchase 3e1U- Fl O: OåuVooctgs E: Autofill Change Mode More Details O: Related ¯ Repons Optional post -Dated J: Stat acep .337. 2—df4 ening '8ed93 ing j _id" : 9—011' 05b6- Unity D: Delete x: Cancel Vch Adjustment El 2: Configure Mode Windows ...
[keys] '{F7}'
[shot] tds-020-s5-journal (1024x768)
[05:14:34] [tds] screen tds-020-s5-journal : x TallyPrime MANAGE EDU K: Company Accounting Voucher Creation 01. Journal No. 4 Particulars By Narration: Unity Quit Y: Data Z: Exchange A Accept Q Search FinCom • ke Co O: Import E: Export List of Led er Accounts output CGST output SGST PD Basic PD Contract Exp PD HRA PD salary Payable PD Supplier PD TDS Contractor PD TDS Payable Profit & Loss A/c Purchase Sales Spike Income Spike Party Spike Party 2 Template Party Ul Party M: Share p: print x Create Show More Fl: Help Q: Date Company Ed: Contra Payment Receipt F-7: Journal Sales o b90d4 to ru 3c32- 3e1U- acep 05b6- Purchase 3e1U- Fl O: OåuV...
[keys] '{F2}'
[shot] tds-021-s5-date-box (1024x768)
[05:14:37] [tds] screen tds-021-s5-date-box : TallyPrime MANAGE EDU K: Company Change Voucher Date Unity Quit Y: Data Z: Exchange A Accept Q Search O: Import E: Export M: Share p: print x Fl: Help FinCom Spike Co Voucher Date 04-2027 o b90d4 to ru 3c32- 3e1U- acep 05b6- 3e1U- acep .337. 2—df4 ening '8ed93 ing j _id" : 9—011' 05b6- Mode Windows Server 2025 Datacenter Build 26100.ge_release240331-1435 5:14 AM 10/8/2026
[keys] '2-11-2026{ENTER}'
[shot] tds-022-s5-date-set (1024x768)
[05:14:41] [tds] screen tds-022-s5-date-set : x TallyPrime MANAGE EDU K: Company Accounting Voucher Creation 01. Journal No. 4 Particulars By Narration: Unity Quit Y: Data Z: Exchange A Accept Q Search FinCom • ke Co O: Import E: Export List of Led er Accounts output CGST output SGST PD Basic PD Contract Exp PD HRA PD salary Payable PD Supplier PD TDS Contractor PD TDS Payable Profit & Loss A/c Purchase Sales Spike Income Spike Party Spike Party 2 Template Party Ul Party M: Share p: print x Create Show More Fl: Help Q: Date Company Ed: Contra Payment Receipt F-7: Journal Sales o b90d4 to ru 3c32- 3e1U- acep 05b6- Purchase 3e1U- Fl O: OåuV...
[keys] 'PD Contract Exp{ENTER}'
[shot] tds-023-s5-r1-ledger (1024x768)
[05:14:44] [tds] screen tds-023-s5-r1-ledger : x TallyPrime MANAGE EDU K: Company Accounting Voucher Creation 01. Journal No. 4 Y: Data Z: Exchange A Accept Q Search O: Import E: Export FinCom • ke Co M: Share Debit p: print x 2-Nov-26 Monday Credit • By By Particulars PD Contract Exp Cur Bal: Fl: Help Q: Date Company Ed: Contra Payment Receipt F-7: Journal Sales o b90d4 to ru 3c32- 3e1U- acep 05b6- Purchase 3e1U- Fl O: OåuVooctgs E: Autofill H: Change = Mode More Details o: Related Reports Optional post -Dated J: Stat acep .337. 2—df4 ening '8ed93 ing j _id" : 9—011' 05b6- Unity Narration: Quit D: Delete x: Cancel Vch Adjustment El 2: Con...
[keys] '100000{ENTER}'
[shot] tds-024-s5-r1-amount (1024x768)
[05:14:47] [tds] screen tds-024-s5-r1-amount : x TallyPrime MANAGE EDU K: Company Accounting Voucher Creation 01. Journal No. 4 Particulars By PD Contract Exp Y: Data Z: Exchange A Accept Q Search O: Import E: Export M: Share FinCom • ke Co p: print x 2-Nov-26 Monday Credit Debit 1,00 00000 1,00 00000 Fl: Help Q: Date Company Ed: Contra Payment Receipt F-7: Journal Sales o b90d4 to ru 3c32- 3e1U- acep 05b6- CurBa1: Dr Narration: Unity Quit Purchase 3e1U- Fl O: OåuVooctgs E: Autofill H: Change = Mode More Details o: Related Reports Optional post -Dated J: Stat acep .337. 2—df4 ening '8ed93 ing j _id" : 9—011' 05b6- D: Delete x: Cancel Vch A...
[shot] tds-025-s5-r1-after1 (1024x768)
[05:14:48] [tds] screen tds-025-s5-r1-after1 : x TallyPrime MANAGE EDU K: Company Accounting Voucher Creation 01. Journal No. 4 Y: Data Z: Exchange A Accept Q Search O: Import E: Export M: Share FinCom • ke Co p: print x 2-Nov-26 Monday Credit • By Particulars PD Contract Exp CurBa1: Dr Debit 1,00 00000 1,00 00000 Fl: Help Q: Date Company Ed: Contra Payment Receipt F-7: Journal Sales o b90d4 to ru 3c32- 3e1U- acep 05b6- Purchase 3e1U- Fl O: OåuVooctgs E: Autofill H: Change = Mode More Details o: Related Reports Optional post -Dated J: Stat acep .337. 2—df4 ening '8ed93 ing j _id" : 9—011' 05b6- Unity Narration: Quit D: Delete x: Cancel Vch...
[keys] 't{ENTER}'
[shot] tds-026-s5-r2-to (1024x768)
[05:14:51] [tds] screen tds-026-s5-r2-to : x TallyPrime MANAGE EDU K: Company Accounting Voucher Creation 01. Journal No. 4 Y: Data Z: Exchange A Accept Q Search FinCom • ke Co O: Import E: Export List of Led er Accounts output CGST output SGST PD Basic PD Contract Exp PD HRA PD salary Payable PD Supplier PD TDS Contractor PD TDS Payable Profit & Loss A/c Purchase Sales Spike Income Spike Party Spike Party 2 Template Party Ul Party M: Share p: print x Create Show More • By Particulars PD Contract Exp CurBa1: Dr Fl: Help Q: Date Company Ed: Contra Payment Receipt F-7: Journal Sales o b90d4 to ru 3c32- 3e1U- acep 05b6- Purchase 3e1U- Fl ...
[keys] 'PD TDS Payable{ENTER}'
[shot] tds-027-s5-r2-ledger (1024x768)
[05:14:55] [tds] screen tds-027-s5-r2-ledger : x TallyPrime MANAGE EDU K: Company Accounting Voucher Creation 01. Journal No. 4 Y: Data Z: Exchange A Accept Q Search O: Import E: Export M: Share FinCom • ke Co • By Particulars PD Contract Exp Debit 1,00 00000 p: print x 2-Nov-26 Monday Credit 1,00 00000 1,00 00000 Fl: Help Q: Date Company Ed: Contra Payment Receipt F-7: Journal Sales o b90d4 to ru 3c32- 3e1U- acep 05b6- CurBa1: Dr To PD TDS Payable CurBal: Cr Narration: Quit Purchase 3e1U- Fl O: OåuVooctgs E: Autofill H: Change = Mode More Details o: Related Reports Optional post -Dated J: Stat acep .337. 2—df4 ening '8ed93 ing j _id" : 9—...
[shot] tds-028-s5-r2-sub1 (1024x768)
[05:14:56] [tds] screen tds-028-s5-r2-sub1 : x TallyPrime MANAGE EDU K: Company Accounting Voucher Creation 01. Journal No. 4 Y: Data Z: Exchange A Accept Q Search O: Import E: Export M: Share FinCom • ke Co • By Particulars PD Contract Exp Debit 1,00 00000 p: print x 2-Nov-26 Monday Credit 1,00 00000 1,00 00000 Fl: Help Q: Date Company Ed: Contra Payment Receipt F-7: Journal Sales o b90d4 to ru 3c32- 3e1U- acep 05b6- CurBa1: Dr To PD TDS Payable CurBal: Cr Narration: Quit Purchase 3e1U- Fl O: OåuVooctgs E: Autofill H: Change = Mode More Details o: Related Reports Optional post -Dated J: Stat acep .337. 2—df4 ening '8ed93 ing j _id" : 9—...
[shot] tds-029-s5-r2-amount-shown (1024x768)
[05:14:57] [tds] screen tds-029-s5-r2-amount-shown : x TallyPrime MANAGE EDU K: Company Accounting Voucher Creation 01. Journal No. 4 Y: Data Z: Exchange A Accept Q Search O: Import E: Export M: Share FinCom • ke Co • By Particulars PD Contract Exp Debit 1,00 00000 p: print x 2-Nov-26 Monday Credit 1,00 00000 1,00 00000 Fl: Help Q: Date Company Ed: Contra Payment Receipt F-7: Journal Sales o b90d4 to ru 3c32- 3e1U- acep 05b6- CurBa1: Dr To PD TDS Payable CurBal: Cr Narration: Quit Purchase 3e1U- Fl O: OåuVooctgs E: Autofill H: Change = Mode More Details o: Related Reports Optional post -Dated J: Stat acep .337. 2—df4 ening '8ed93 ing j _id" : 9—...
[keys] '2000{ENTER}'
[shot] tds-030-s5-r2-amount-typed (1024x768)
[05:15:00] [tds] screen tds-030-s5-r2-amount-typed : x TallyPrime MANAGE EDU K: Company Accounting Voucher Creation 01. Journal No. 4 Y: Data Z: Exchange A Accept Q Search O: Import E: Export M: Share FinCom • ke Co • By Particulars PD Contract Exp CurBa1: Dr PD TDS Payable CurBal: 2,000.00 Cr Debit 1,00 00000 1,00 00000 p: print x 2-Nov-26 Monday Credit 2,000.00 2,000.00 Fl: Help Q: Date Company Ed: Contra Payment Receipt F-7: Journal Sales o b90d4 to ru 3c32- 3e1U- acep 05b6- Purchase 3e1U- Fl O: OåuVooctgs E: Autofill H: Change = Mode More Details o: Related Reports Optional post -Dated J: Stat acep .337. 2—df4 ening '8ed93 ing j _id" : 9—011...
[shot] tds-031-s5-r2-after1 (1024x768)
[05:15:01] [tds] screen tds-031-s5-r2-after1 : x TallyPrime MANAGE EDU K: Company Accounting Voucher Creation 01. Journal No. 4 Y: Data Z: Exchange A Accept Q Search O: Import E: Export M: Share FinCom • ke Co • By Particulars PD Contract Exp CurBa1: Dr PD TDS Payable CurBal: 2,000.00 Cr Debit 1,00 00000 1,00 00000 p: print x 2-Nov-26 Monday Credit 2,000.00 2,000.00 Fl: Help Q: Date Company Ed: Contra Payment Receipt F-7: Journal Sales o b90d4 to ru 3c32- 3e1U- acep 05b6- Purchase 3e1U- Fl O: OåuVooctgs E: Autofill H: Change = Mode More Details o: Related Reports Optional post -Dated J: Stat acep .337. 2—df4 ening '8ed93 ing j _id" : 9—011...
[keys] 't{ENTER}'
[shot] tds-032-s5-r3-to (1024x768)
[05:15:04] [tds] screen tds-032-s5-r3-to : x TallyPrime MANAGE EDU K: Company Accounting Voucher Creation 01. Journal No. 4 Y: Data Z: Exchange A Accept Q Search FinCom • ke Co O: Import E: Export List of Led er Accounts output CGST output SGST PD Basic PD Contract Exp PD HRA PD salary Payable PD Supplier PD TDS Contractor PD TDS Payable Profit & Loss A/c Purchase Sales Spike Income Spike Party Spike Party 2 Template Party Ul Party M: Share p: print x Create Show More • By Particulars PD Contract Exp CurBa1: Dr PD TDS Payable CurBa1: 2,000.00 Cr Fl: Help Q: Date Company Ed: Contra Payment Receipt F-7: Journal Sales o b90d4 to ru 3c32- ...
[keys] 'PD TDS Contractor{ENTER}'
[shot] tds-033-s5-r3-ledger (1024x768)
[05:15:08] [tds] screen tds-033-s5-r3-ledger : x TallyPrime MANAGE EDU K: Company Accounting Voucher Creation 01. Journal No. 4 Y: Data Z: Exchange A Accept Q Search O: Import E: Export M: Share FinCom • ke Co • By Particulars PD Contract Exp CurBa1: Dr PD TDS Payable CurBal: 2,000.00 Cr PD TDS Contractor CurBa1: Cr Debit 1,00 00000 p: print x 2-Nov-26 Monday Credit 2,000.00 Fl: Help Q: Date Company Ed: Contra Payment Receipt F-7: Journal Sales o b90d4 to ru 3c32- 3e1U- acep 05b6- Purchase 3e1U- Fl O: OåuVooctgs E: Autofill H: Change = Mode More Details o: Related Reports Optional post -Dated J: Stat acep .337. 2—df4 ening '8ed93 ing j _id...
[shot] tds-034-s5-r3-amount-shown (1024x768)
[05:15:09] [tds] screen tds-034-s5-r3-amount-shown : x TallyPrime MANAGE EDU K: Company Accounting Voucher Creation 01. Journal No. 4 Y: Data Z: Exchange A Accept Q Search O: Import E: Export M: Share FinCom • ke Co • By Particulars PD Contract Exp CurBa1: Dr PD TDS Payable CurBal: 2,000.00 Cr PD TDS Contractor CurBa1: Cr Debit 1,00 00000 p: print x 2-Nov-26 Monday Credit 2,000.00 Fl: Help Q: Date Company Ed: Contra Payment Receipt F-7: Journal Sales o b90d4 to ru 3c32- 3e1U- acep 05b6- Purchase 3e1U- Fl O: OåuVooctgs E: Autofill H: Change = Mode More Details o: Related Reports Optional post -Dated J: Stat acep .337. 2—df4 ening '8ed93 ing j _id...
[keys] '98000{ENTER}'
[shot] tds-035-s5-r3-amount-typed (1024x768)
[05:15:12] [tds] screen tds-035-s5-r3-amount-typed : x TallyPrime MANAGE EDU K: Company Accounting Voucher Creation 01. Journal No. 4 Y: Data Z: Exchange Accept Q Search O: Import E: Export M: Share FinCom • ke Co • By Particulars PD Contract Exp CurBa1: Dr PD TDS Payable CurBal: 2,000.00 Cr PD TDS Contractor CurBal: 98,000.00 Cr Debit 1,00 00000 p: print x 2-Nov-26 Monday Credit 2,000.00 98,000.00 1,00 00000 Fl: Help Q: Date Company Ed: Contra Payment Receipt F-7: Journal Sales o b90d4 to ru 3c32- 3e1U- acep 05b6- Purchase 3e1U- Fl O: OåuVooctgs 20 Unity E: Autofill H: Change = Mode More Details o: Related Reports Optional post -Dated J: Stat a...
[shot] tds-036-s5-r3-after1 (1024x768)
[05:15:13] [tds] screen tds-036-s5-r3-after1 : x TallyPrime MANAGE EDU K: Company Accounting Voucher Creation 01. Journal No. 4 Y: Data Z: Exchange Accept Q Search O: Import E: Export M: Share FinCom • ke Co • By Particulars PD Contract Exp CurBa1: Dr PD TDS Payable CurBal: 2,000.00 Cr PD TDS Contractor CurBal: 98,000.00 Cr Debit 1,00 00000 p: print x 2-Nov-26 Monday Credit 2,000.00 98,000.00 1,00 00000 Fl: Help Q: Date Company Ed: Contra Payment Receipt F-7: Journal Sales o b90d4 to ru 3c32- 3e1U- acep 05b6- Purchase 3e1U- Fl O: OåuVooctgs 20 Unity E: Autofill H: Change = Mode More Details o: Related Reports Optional post -Dated J: Stat a...
[shot] tds-037-s5-before-narration (1024x768)
[05:15:14] [tds] screen tds-037-s5-before-narration : x TallyPrime MANAGE EDU K: Company Accounting Voucher Creation 01. Journal No. 4 Y: Data Z: Exchange Accept Q Search O: Import E: Export M: Share FinCom • ke Co • By Particulars PD Contract Exp CurBa1: Dr PD TDS Payable CurBal: 2,000.00 Cr PD TDS Contractor CurBal: 98,000.00 Cr Debit 1,00 00000 p: print x 2-Nov-26 Monday Credit 2,000.00 98,000.00 1,00 00000 Fl: Help Q: Date Company Ed: Contra Payment Receipt F-7: Journal Sales o b90d4 to ru 3c32- 3e1U- acep 05b6- Purchase 3e1U- Fl O: OåuVooctgs 20 Unity E: Autofill H: Change = Mode More Details o: Related Reports Optional post -Dated J: Stat a...
[keys] 'fast234l TDS 194C typed on the screen{ENTER}'
[shot] tds-038-s5-narration (1024x768)
[05:15:17] [tds] screen tds-038-s5-narration : TallyPrime MANAGE EDU K: Company Accounting Voucher Creation 01. Journal No. 4 Y: Data Z: Exchange A: Accept Q Search O: Import E: Export M: Share FinCom • By Particulars PD Contract Exp CurBa1: Dr PD TDS Payable CurBal: 2,000.00 Cr PD TDS Contractor CurBal: 98,000.00 Cr Debit 1,00 00000 p: print x 2-Nov-26 Monday Credit 2,000.00 98,000.00 Accept Q Yes or No x Fl: Help F-2: Date F-3: Company F-4: Contra F-5: Payment F-6: Receipt F-7: Journal F-9: Purchase PIO: E: Autofill H: Change = Mode I: More - Details O: Related ¯ Repons L: Optional T: post = -Dated J: Stat o b90d4 to ru 3c32- 3e1U- acep ...
[shot] tds-039-s5-accept-q (1024x768)
[05:15:18] [tds] screen tds-039-s5-accept-q : TallyPrime MANAGE EDU K: Company Accounting Voucher Creation 01. Journal No. 4 Y: Data Z: Exchange A: Accept Q Search O: Import E: Export M: Share FinCom • By Particulars PD Contract Exp CurBa1: Dr PD TDS Payable CurBal: 2,000.00 Cr PD TDS Contractor CurBal: 98,000.00 Cr Debit 1,00 00000 p: print x 2-Nov-26 Monday Credit 2,000.00 98,000.00 Accept Q Yes or No x Fl: Help F-2: Date F-3: Company F-4: Contra F-5: Payment F-6: Receipt F-7: Journal F-9: Purchase PIO: E: Autofill H: Change = Mode I: More - Details O: Related ¯ Repons L: Optional T: post = -Dated J: Stat o b90d4 to ru 3c32- 3e1U- acep ...
[keys] 'y'
[shot] tds-040-s5-accepted (1024x768)
[05:15:23] [tds] screen tds-040-s5-accepted : x TallyPrime MANAGE EDU K: Company Accounting Voucher Creation 01. Journal Particulars Narration: Unity Quit Y: Data Z: Exchange A Accept Q Search FinCom • ke Co O: Import E: Export List of Led er Accounts output CGST output SGST PD Basic PD Contract Exp PD HRA PD salary Payable PD Supplier PD TDS Contractor PD TDS Payable Profit & Loss A/c Purchase Sales Spike Income Spike Party Spike Party 2 Template Party Ul Party M: Share p: print x Create Show More Fl: Help Q: Date Company Ed: Contra Payment Receipt F-7: Journal Sales o b90d4 to ru 3c32- 3e1U- acep 05b6- Purchase 3e1U- Fl O: OåuVooctgs E:...
[05:15:23.117] TDS: entry saved: MasterID 23 Journal 4; TDS amount typed; OCR read the screens
[keys] '{ESC}'
[keys] '{ESC}'
[05:15:29.933] tally.ini: Data D:\a\_temp\TallyData; TDL: none
[keys] 'a'
[keys] 't'
[shot] p-l-ask-started (1024x768)
[05:15:57.919] Tally started (l-ask) in 28 s; company open: True
[05:15:59.927] proxy 127.0.0.2:9000 -> Tally: True (<RESPONSE>TallyPrime Server is Running</RESPONSE> )
[05:15:59.965] the company holds 24 vouchers:   (), Journal 1 (1), Receipt 1 (4), Sales 1 (2), Sales 2 (3), Credit Note 1 (13), Credit Note 2 (14), Debit Note 1 (15), Journal 2 (16), Payment 1 (17), Payment 2 (18), Sales 4 (19), Journal 3 (20), Sales 5 (21), Sales 6 (22), Journal 4 (23), Payroll 1 (5), Payroll 2 (6), Stock Journal 1 (7), PD Manufacturing Journal MJ-1 (8), Delivery Note 1 (9), Receipt Note 1 (10), Physical Stock 1 (11), Sales 3 (12)
[] failed after 180003.7 ms: The request was canceled due to the configured HttpClient.Timeout of 180 seconds elapsing.
[05:19:00.023] L small -:    MasterID : object median 3.1 worst 3.1 ms
[] failed after 180002.5 ms: The request was canceled due to the configured HttpClient.Timeout of 180 seconds elapsing.
[] failed after 180002.9 ms: The request was canceled due to the configured HttpClient.Timeout of 180 seconds elapsing.
[] failed after 180003.4 ms: The request was canceled due to the configured HttpClient.Timeout of 180 seconds elapsing.
[05:28:00.042] L small journal-1: Journal 1 20260401 MasterID 1:  ms
[] failed after 180003.9 ms: The request was canceled due to the configured HttpClient.Timeout of 180 seconds elapsing.
[] failed after 180002.9 ms: The request was canceled due to the configured HttpClient.Timeout of 180 seconds elapsing.
[] failed after 180003.9 ms: The request was canceled due to the configured HttpClient.Timeout of 180 seconds elapsing.
[05:37:00.064] L small receipt-1: Receipt 1 20261001 MasterID 4:  ms
[] failed after 180004.1 ms: The request was canceled due to the configured HttpClient.Timeout of 180 seconds elapsing.
[] failed after 180002.9 ms: The request was canceled due to the configured HttpClient.Timeout of 180 seconds elapsing.
[] failed after 180003.3 ms: The request was canceled due to the configured HttpClient.Timeout of 180 seconds elapsing.
[05:46:00.084] L small sales-1: Sales 1 20261002 MasterID 2:  ms
[] failed after 180002.8 ms: The request was canceled due to the configured HttpClient.Timeout of 180 seconds elapsing.
[] failed after 180023.9 ms: The request was canceled due to the configured HttpClient.Timeout of 180 seconds elapsing.
[] failed after 180001.9 ms: The request was canceled due to the configured HttpClient.Timeout of 180 seconds elapsing.
[05:55:00.124] L small sales-2: Sales 2 20261031 MasterID 3:  ms
[] failed after 180003.5 ms: The request was canceled due to the configured HttpClient.Timeout of 180 seconds elapsing.
[] failed after 180002.9 ms: The request was canceled due to the configured HttpClient.Timeout of 180 seconds elapsing.
[] failed after 180003.8 ms: The request was canceled due to the configured HttpClient.Timeout of 180 seconds elapsing.
[06:04:00.144] L small credit_note-1: Credit Note 1 20261101 MasterID 13:  ms
[] failed after 180003.2 ms: The request was canceled due to the configured HttpClient.Timeout of 180 seconds elapsing.
[] failed after 180002.8 ms: The request was canceled due to the configured HttpClient.Timeout of 180 seconds elapsing.
[] failed after 180001.9 ms: The request was canceled due to the configured HttpClient.Timeout of 180 seconds elapsing.
[06:13:00.162] L small credit_note-2: Credit Note 2 20261101 MasterID 14:  ms
[] failed after 180003.8 ms: The request was canceled due to the configured HttpClient.Timeout of 180 seconds elapsing.
[] failed after 180003.1 ms: The request was canceled due to the configured HttpClient.Timeout of 180 seconds elapsing.
[] failed after 180003.1 ms: The request was canceled due to the configured HttpClient.Timeout of 180 seconds elapsing.
[06:22:00.183] L small debit_note-1: Debit Note 1 20261101 MasterID 15:  ms
[] failed after 180002.8 ms: The request was canceled due to the configured HttpClient.Timeout of 180 seconds elapsing.
[] failed after 180003.3 ms: The request was canceled due to the configured HttpClient.Timeout of 180 seconds elapsing.
[] failed after 180004.1 ms: The request was canceled due to the configured HttpClient.Timeout of 180 seconds elapsing.
[06:31:00.204] L small journal-2: Journal 2 20261101 MasterID 16:  ms
[] failed after 180003.6 ms: The request was canceled due to the configured HttpClient.Timeout of 180 seconds elapsing.
[] failed after 180002.6 ms: The request was canceled due to the configured HttpClient.Timeout of 180 seconds elapsing.
[] failed after 180002.5 ms: The request was canceled due to the configured HttpClient.Timeout of 180 seconds elapsing.
[06:40:00.223] L small payment-1: Payment 1 20261101 MasterID 17:  ms
[] failed after 180003.6 ms: The request was canceled due to the configured HttpClient.Timeout of 180 seconds elapsing.
[] failed after 180002.7 ms: The request was canceled due to the configured HttpClient.Timeout of 180 seconds elapsing.
[] failed after 180002.3 ms: The request was canceled due to the configured HttpClient.Timeout of 180 seconds elapsing.
[06:49:00.243] L small payment-2: Payment 2 20261101 MasterID 18:  ms
[] failed after 180002.5 ms: The request was canceled due to the configured HttpClient.Timeout of 180 seconds elapsing.
[] failed after 180003.5 ms: The request was canceled due to the configured HttpClient.Timeout of 180 seconds elapsing.
[] failed after 180001.9 ms: The request was canceled due to the configured HttpClient.Timeout of 180 seconds elapsing.
[06:58:00.260] L small sales-4: Sales 4 20261101 MasterID 19:  ms
[] failed after 180001.6 ms: The request was canceled due to the configured HttpClient.Timeout of 180 seconds elapsing.
[] failed after 180001.6 ms: The request was canceled due to the configured HttpClient.Timeout of 180 seconds elapsing.
