[11:05:33] ---- c1 install and open the company (TallyPrime 7.1)
  INFO installed: C:\Program Files\TallyPrime\tally.exe; tally.exe 18405568 bytes, 2026-10-08, FileVersion 1.1.7.1, ProductVersion 1.1.7.1, ProductName TallyPrime
  INFO company folder made by flow.ps1: D:\a\_temp\TallyData\100000
[keys] 'a' -> Tally 'TallyPrime:9000'
[keys] 't' -> Tally 'TallyPrime:9000'
[shot] v-00-started (1024x768)
[companies] 6 ms: <ENVELOPE><HEADER><VERSION>1</VERSION><STATUS>1</STATUS></HEADER><BODY><DESC><CMPINFO><COMPANY>0</COMPANY><GROUP>0</GROUP><LEDGER>0</LEDGER><COSTCATEGORY>0</COSTCATEGORY><COSTCENTRE>0</COSTCENTRE><GODOWN>0</GODOWN><STOCKGROUP>0</STOCKGROUP><STOCKCATEGORY>0</STOCKCATEGORY><STOCKITEM>0</STOCKITEM><VOUCHERTYPE>0</VOUCHERTYPE><CURRENCY>0</CURRENCY><UNIT>0</UNIT><BUDGET>0</BUDGET><CLIENTRULE>0</CLIENTRULE><SERVERRULE>0</SERVERRULE><STATE>0</STATE><TDSRATE>0</TDSRATE><TAXCLASSIFICATION>0</TAXCLASSIFICATION><STCATEGORY>0</STCATEGORY><DEDUCTEETYPE>0</DEDUCTEETYPE><ATTENDANCETYPE>0</ATTENDANCETYPE><FBT...
[header] 5 ms: <ENVELOPE><HEADER><VERSION>1</VERSION><STATUS>1</STATUS><PRODMAJORVER>1</PRODMAJORVER><PRODMINORVER>1</PRODMINORVER><PRODMAJORREL>7</PRODMAJORREL><PRODMINORREL>1</PRODMINORREL><PRODTYPE>5</PRODTYPE></HEADER><BODY><DESC><CMPINFO><COMPANY>0</COMPANY><GROUP>0</GROUP><LEDGER>0</LEDGER><COSTCATEGORY>0</COSTCATEGORY><COSTCENTRE>0</COSTCENTRE><GODOWN>0</GODOWN><STOCKGROUP>0</STOCKGROUP><STOCKCATEGORY>0</STOCKCATEGORY><STOCKITEM>0</STOCKITEM><VOUCHERTYPE>0</VOUCHERTYPE><CURRENCY>0</CURRENCY><UNIT>0</UNIT><BUDGET>0</BUDGET><CLIENTRULE>0</CLIENTRULE><SERVERRULE>0</SERVERRULE><STATE>0</STATE><TDSRATE>0</...
  INFO Tally's own release in its answer header: PRODMAJORREL 7 PRODMINORREL 1 (PRODMAJORVER 1 PRODMINORVER 1 PRODTYPE 5)
######## PASS c1 install and open the company: installed tally.exe 18405568 bytes, 2026-10-08, FileVersion 1.1.7.1, ProductVersion 1.1.7.1, ProductName TallyPrime; company folder 100000 loaded at start: True; window 'TallyPrime:9000'
######## PASS c2 port and company list: port 9000 answered 10.1 s after start, GET 34 ms ('<RESPONSE>TallyPrime Server is Running</RESPONSE>'); company list 6 ms, 'FinCom Spike Co' in it: True
[11:06:06] ---- bank: does any event fire when a bank date is set (probe), and what it costs
[bank masters] 16 ms: <RESPONSE><CREATED>2</CREATED><ALTERED>0</ALTERED><DELETED>0</DELETED><LASTVCHID>0</LASTVCHID><LASTMID>0</LASTMID><COMBINED>0</COMBINED><IGNORED>0</IGNORED><ERRORS>0</ERRORS><CANCELLED>0</CANCELLED><EXCEPTIONS>0</EXCEPTIONS></RESPONSE>
  INFO bank masters: <CREATED>2</CREATED> <ALTERED>0</ALTERED> <DELETED>0</DELETED> <LASTVCHID>0</LASTVCHID> <LASTMID>0</LASTMID> <COMBINED>0</COMBINED> <IGNORED>0</IGNORED> <ERRORS>0</ERRORS>
[bank contras] 55 ms: <RESPONSE><CREATED>8</CREATED><ALTERED>0</ALTERED><DELETED>0</DELETED><LASTVCHID>9</LASTVCHID><LASTMID>0</LASTMID><COMBINED>0</COMBINED><IGNORED>0</IGNORED><ERRORS>0</ERRORS><CANCELLED>0</CANCELLED><EXCEPTIONS>0</EXCEPTIONS></RESPONSE>
  INFO bank contras with bank allocations (C1-C6 2-10-2026 Share Bank, A1-A2 1-10-2026 Zprobe Bank): created 8 of 8; <ERRORS>0</ERRORS> 
  INFO contra 'bank probe A1' mid 8 aid 8 no 7 bank date ''
  INFO contra 'bank probe A2' mid 9 aid 9 no 8 bank date ''
  INFO contra 'bank probe C1' mid 2 aid 2 no 1 bank date ''
  INFO contra 'bank probe C2' mid 3 aid 3 no 2 bank date ''
  INFO contra 'bank probe C3' mid 4 aid 4 no 3 bank date ''
  INFO contra 'bank probe C4' mid 5 aid 5 no 4 bank date ''
  INFO contra 'bank probe C5' mid 6 aid 6 no 5 bank date ''
  INFO contra 'bank probe C6' mid 7 aid 7 no 6 bank date ''
  INFO discovery yardstick (a report that is not there): <ENVELOPE> <HEADER> <VERSION>1</VERSION> <STATUS>0</STATUS> </HEADER> <BODY> <DATA> <LINEERROR>Could not find Report &apos;<N>&apos;!</LINEERROR> </DATA> </BODY> </ENVELOPE> 
  INFO discovery control 'Day Book': 45416 chars, known: True
  INFO discovery 'Bank Recon': known True (8 ms; <ENVELOPE></ENVELOPE> )
  INFO discovery 'Bank Reconciliation': known False (3 ms; <ENVELOPE> <HEADER> <VERSION>1</VERSION> <STATUS>0</STATUS> </HEADER> <BODY> <DATA> <LINEERROR>Could not find Report &apos;<N>&apos;!</LINEERROR> </DATA> </BODY)
  INFO discovery 'BankRecon': known True (5 ms; <ENVELOPE></ENVELOPE> )
  INFO discovery 'Bank Recon Summary': known False (2 ms; <ENVELOPE> <HEADER> <VERSION>1</VERSION> <STATUS>0</STATUS> </HEADER> <BODY> <DATA> <LINEERROR>Could not find Report &apos;<N>&apos;!</LINEERROR> </DATA> </BODY)
  INFO discovery 'Bank Reconciliation Summary': known False (2 ms; <ENVELOPE> <HEADER> <VERSION>1</VERSION> <STATUS>0</STATUS> </HEADER> <BODY> <DATA> <LINEERROR>Could not find Report &apos;<N>&apos;!</LINEERROR> </DATA> </BODY)
  INFO discovery 'Manual Bank Recon': known False (2 ms; <ENVELOPE> <HEADER> <VERSION>1</VERSION> <STATUS>0</STATUS> </HEADER> <BODY> <DATA> <LINEERROR>Could not find Report &apos;<N>&apos;!</LINEERROR> </DATA> </BODY)
  INFO discovery 'Bank Recon Manual': known False (2 ms; <ENVELOPE> <HEADER> <VERSION>1</VERSION> <STATUS>0</STATUS> </HEADER> <BODY> <DATA> <LINEERROR>Could not find Report &apos;<N>&apos;!</LINEERROR> </DATA> </BODY)
  INFO discovery 'BRS': known False (2 ms; <ENVELOPE> <HEADER> <VERSION>1</VERSION> <STATUS>0</STATUS> </HEADER> <BODY> <DATA> <LINEERROR>Could not find Report &apos;<N>&apos;!</LINEERROR> </DATA> </BODY)
  INFO discovery 'Bank Allocations': known False (2 ms; <ENVELOPE> <HEADER> <VERSION>1</VERSION> <STATUS>0</STATUS> </HEADER> <BODY> <DATA> <LINEERROR>Could not find Report &apos;<N>&apos;!</LINEERROR> </DATA> </BODY)
  INFO discovery 'VCH BankAllocations': known True (6 ms; <ENVELOPE></ENVELOPE> )
  INFO discovery 'Bank Allocation': known False (2 ms; <ENVELOPE> <HEADER> <VERSION>1</VERSION> <STATUS>0</STATUS> </HEADER> <BODY> <DATA> <LINEERROR>Could not find Report &apos;<N>&apos;!</LINEERROR> </DATA> </BODY)
  INFO discovery 'VCH Bank Allocations': known True (3 ms; <ENVELOPE></ENVELOPE> )
  INFO discovery 'BankAllocations': known False (2 ms; <ENVELOPE> <HEADER> <VERSION>1</VERSION> <STATUS>0</STATUS> </HEADER> <BODY> <DATA> <LINEERROR>Could not find Report &apos;<N>&apos;!</LINEERROR> </DATA> </BODY)
  INFO discovery 'VCH BankAllocation': known False (2 ms; <ENVELOPE> <HEADER> <VERSION>1</VERSION> <STATUS>0</STATUS> </HEADER> <BODY> <DATA> <LINEERROR>Could not find Report &apos;<N>&apos;!</LINEERROR> </DATA> </BODY)
  INFO discovery 'Voucher Bank Allocations': known False (2 ms; <ENVELOPE> <HEADER> <VERSION>1</VERSION> <STATUS>0</STATUS> </HEADER> <BODY> <DATA> <LINEERROR>Could not find Report &apos;<N>&apos;!</LINEERROR> </DATA> </BODY)
  INFO BRS form names probed: Bank Recon / BankRecon; Bank Allocations form names probed: VCH BankAllocations / VCH Bank Allocations
[11:06:14] ---- BK0 the add-on of the ref only
[shot] tds-001-gw0 (1024x768)
[11:06:21] [tds] screen tds-001-gw0 : EDU Recyc prime K: Company Y: Data Gateway.f Tally CURRENT PERIOD Firefo I-Apr-26 to 31-Mar-27 NAME OF COMPANY Find details entered in masters and transactions. Z: Exchange CURRENT OATE Wednesday, I-Apr-2026 OATE OF LAST ENTRY (Alt+F) O: Import E: Export M: Share p: print Fl: Help Date Company FinCom Spike Co (Schedule Backup) Q Search upr-26 Googl Chro Micros 46 IypÅ Unity Gateway of Tally MASTERS Create Alter CHart of Accounts TRANSACTIONS Vouchers Day 800K UTILITIES BaNking REPORTS Balance Sheet Profit & Loss A/c Stock Summary Ratio Analysis Display More Reports DashbOard Quit 161 IU9ba t t...
[keys] '%g' -> Tally 'TallyPrime:9000'
[shot] tds-002-BK0-alloc-goto (1024x768)
[11:06:24] [tds] screen tds-002-BK0-alloc-goto : EDU Recyc prime Firefo Googl Chron Micros Unity Quit Find details entered in masters and transactions. Z: Exchange (Alt+F) O: Import K: Company Y: Data List of Reports Saved Views Bills Payable - GST E: Export M: Share p: print Fl: Help inCom Spike (Predefined) (Predefined) (Predefined) (Predefined) (Predefined) (Predefined) (Predefined) (Predefined) (Predefined) (Predefined) (Predefined) x Bills Payable - GST - Sundry Creditors Bills Payable - GST - Sundry Debtors Bills Receivable - GST Bills Receivable - GST - Sundry Creditors Bills Receivable - GST - Sundry Debtors Purchase Dashboard Sales ...
[keys] 'Day Book' -> Tally 'TallyPrime:9000'
[keys] '{ENTER}' -> Tally 'TallyPrime:9000'
[shot] tds-003-BK0-alloc-daybook (1024x768)
[11:06:31] [tds] screen tds-003-BK0-alloc-daybook : Find details entered in masters and transactions. EDU Recyc prime K: Company Y: Data pay Book Day Book (Alt+F) O: Import Z: Exchange A Add Vch Q Search E: Export M: Share P: Print Firefo Date Particulars Spike Party Enter: Alter inCom Spike Vch Type Journal Vch No. I-Apr-26 Googl Chro Micros 46 IypÅ Unity Quit Debit Amount Inwards Q 100.00 Cancel Vch For upr-26 Credit Amount Outwards Qt U: Restore Line Fl: Help Date Company F4: Voucher Type F 7: Show profit F8: Columnar FIO Basis of Values Change ¯ View Exception Reports 161 IU9ba t to 12d61 830Ue "trac ubl' , I' c-3c9 830Ue "trac d611- steni ...
[keys] '{F2}' -> Tally 'TallyPrime:9000'
[shot] tds-004-BK0-alloc-db-date (1024x768)
[11:06:34] [tds] screen tds-004-BK0-alloc-db-date : o Recyc EDU prime K: Company Y: Data Change Date Find details entered in masters and transactions. Z: Exchange FinCom Spike Co Change Date 1-4-2026 A Accept Q Search (Alt+F) O: Import x E: Export M: Share p: print Firefo Googl Chron Micros lyp Unity Quit Fl: Help IU9ba t to 12d61 830Ue "trac ubl' , I' c-3c9 830Ue "trac : '2.3 d611- steni ' : l'e61 unnin ion_i 422c- age" , • fc—3c 'tally Windows Server 2025 Datacenter Build 26100.ge_release240331-1435 11:06 AM 10/8/2026
[keys] '1-10-2026{ENTER}' -> Tally 'TallyPrime:9000'
[shot] tds-005-BK0-alloc-db-dated (1024x768)
[11:06:38] [tds] screen tds-005-BK0-alloc-db-dated : EDU Recyc prime K: Company Y: Data pay Book Day Book Find details entered in masters and transactions. Z: Exchange (Alt+F) O: Import E: Export M: Share P: Print Firefo Googl Chro Micros 46 IypÅ Unity Date I-Oct-26 I-Oct-26 Quit Particulars Zprobe Bank Zprobe Bank Enter: Alter inCom Spike Vch Type Contra Contra Vch No. Debit Amount Inwards Q 201.00 202.00 Cancel Vch For 10ct-26 Credit Amount Outwards Qt U: Restore Line Fl: Help Date Company F4: Voucher Type F 7: Show profit F8: Columnar FIO Basis of Values Change ¯ View Exception Reports 161 IU9ba t to 12d61 830Ue "trac ubl' , I' c-3c9 830Ue "t...
[keys] '{END}' -> Tally 'TallyPrime:9000'
[shot] tds-006-BK0-alloc-db-last (1024x768)
[11:06:41] [tds] screen tds-006-BK0-alloc-db-last : EDU Recyc prime K: Company Y: Data pay Book Day Book Find details entered in masters and transactions. Z: Exchange (Alt+F) O: Import E: Export M: Share P: Print Firefo Googl Chro Micros 46 IypÅ Unity Date I-Oct-26 I-Oct-26 Quit Particulars Zprobe Bank Zprobe Bank Enter: Alter inCom Spike Vch Type Contra Contra Vch No. Debit Amount Inwards Q 201.00 202.00 Cancel Vch For 10ct-26 Credit Amount Outwards Qt U: Restore Line Fl: Help Date Company F4: Voucher Type F 7: Show profit F8: Columnar FIO Basis of Values Change ¯ View Exception Reports 161 IU9ba t to 12d61 830Ue "trac ubl' , I' c-3c9 830Ue "t...
[keys] '{ENTER}' -> Tally 'TallyPrime:9000'
[shot] tds-007-BK0-alloc-open (1024x768)
[11:06:45] [tds] screen tds-007-BK0-alloc-open : EDU Recyc prime K: Company Y: Data •ccounting Voucher Alteration (Secondary) Contra Firefo Account Zprobe Bank Cument balance: 403.00 Dr Particulars Cash Find details entered in masters and transactions. Z: Exchange inCom Spike Co (Alt+F) O: Import E: Export M: Share Goog Chro Micros 46 IypÅ CurBal: 1,024.00 Cr p: print a-Oct-26 Thursday Amount 202.00 202.00 Narration: bank probe A2 Unity Quit Fl: Help Date Company F-4: Contra Payment Receipt : Journal Sales Purchase Vouctgs E: Autofill Change Mode More Details O: Related ¯ Repons Optional post -Dated Unused Vch No. 161 IU9ba t to 12d61 830Ue ...
[shot] tds-008-BK0-alloc-walk1 (1024x768)
[11:06:46] [tds] screen tds-008-BK0-alloc-walk1 : EDU Recyc prime K: Company Y: Data •ccounting Voucher Alteration (Secondary) Contra Firefo Account Zprobe Bank Cument balance: 403.00 Dr Particulars Cash Find details entered in masters and transactions. Z: Exchange inCom Spike Co (Alt+F) O: Import E: Export M: Share Goog Chro Micros 46 IypÅ CurBal: 1,024.00 Cr p: print 1-Oct-26 Thursday Amount 202.00 202.00 Narration: bank probe A2 Unity Quit Fl: Help Date Company F-4: Contra Payment Receipt : Journal Sales Purchase Vouctgs E: Autofill Change Mode More Details O: Related ¯ Repons Optional post -Dated Unused Vch No. 161 IU9ba t to 12d61 830Ue ...
[keys] '{ENTER}' -> Tally 'TallyPrime:9000'
[shot] tds-009-BK0-alloc-walk2 (1024x768)
[11:06:49] [tds] screen tds-009-BK0-alloc-walk2 : EDU Recyc prime K: Company Y: Data •ccounting Voucher Alteration (Secondary) Contra Firefo Account Z robe Bank Cument balance: 403.00 Dr Particulars Cash Find details entered in masters and transactions. Z: Exchange inCom Spike Co (Alt+F) O: Import E: Export M: Share Goog Chro Micros 46 IypÅ CurBal: 1,024.00 Cr p: print 1 Oct-26 Thursday Amount 202.00 202.00 Narration: bank probe A2 Unity Quit Fl: Help Date Company F-4: Contra Payment Receipt : Journal Sales Purchase Vouctgs E: Autofill Change Mode More Details O: Related ¯ Repons Optional post -Dated Unused Vch No. 161 IU9ba t to 12d61 830Ue ...
[keys] '{ENTER}' -> Tally 'TallyPrime:9000'
[shot] tds-010-BK0-alloc-walk3 (1024x768)
[11:06:51] [tds] screen tds-010-BK0-alloc-walk3 : EDU Recyc prime K: Company Y: Data •ccounting Voucher Alteration (Secondary) Contra Firefo Account Zprobe Bank Cument balance: 403.00 Dr Particulars Cash Find details entered in masters and transactions. Z: Exchange inCom Spike Co (Alt+F) O: Import E: Export M: Share Chro Micros 46 IypÅ CurBal: 1,024.00 Cr p: print 1 Oct-26 Thursday Amount 202.00 202.00 Narration: bank probe A2 Unity Quit Fl: Help Date Company F-4: Contra Payment Receipt : Journal Sales Purchase Vouctgs E: Autofill Change Mode More Details O: Related ¯ Repons Optional post -Dated Unused Vch No. 161 IU9ba t to 12d61 830Ue "trac...
[keys] '{ENTER}' -> Tally 'TallyPrime:9000'
[shot] tds-011-BK0-alloc-walk4 (1024x768)
[11:06:54] [tds] screen tds-011-BK0-alloc-walk4 : EDU Recyc prime K: Company Y: Data •ccounting Voucher Alteration (Secondary) Contra Firefo Account Zprobe Bank Cument balance: 403.00 Dr Particulars Cash Find details entered in masters and transactions. Z: Exchange inCom Spike Co (Alt+F) O: Import E: Export M: Share Goog Chro Micros 46 IypÅ CurBal: 1,024.00 Cr p: print 1 Oct-26 Thursday Amount 202.00 202.00 Narration: bank probe A2 Unity Quit Fl: Help Date Company F-4: Contra Payment Receipt : Journal Sales Purchase Vouctgs E: Autofill Change Mode More Details O: Related ¯ Repons Optional post -Dated Unused Vch No. 161 IU9ba t to 12d61 830Ue ...
[keys] '{ENTER}' -> Tally 'TallyPrime:9000'
[shot] tds-012-BK0-alloc-walk5 (1024x768)
[11:06:57] [tds] screen tds-012-BK0-alloc-walk5 : EDU Recyc prime K: Company Y: Data •ccounting Voucher Alteration (Secondary) Contra Firefo Account Zprobe Bank Cument balance: 403.00 Dr Particulars Cash Find details entered In masters and transactions Z: Exchange inCom Spike Co O: Import E: Export M: Share p: print 1 Oct-26 Thursday Amount 202.00 Goog Chro Micros 46 IypÅ CurBal: 1,024.00 Cr Narration: bank probe A2 Unity Q: Quit Warning Negative Cash! Press any key to conånue Fl: Help F-2: Date F-3: Company F-4: Contra F-5: Payment F-6: Receipt F-7: Journal F-9: Purchase PIO: E: Autofill H: Change = Mode I: More - Details O: Related ¯ Repons...
[keys] '{ENTER}' -> Tally 'TallyPrime:9000'
[shot] tds-013-BK0-alloc-walk6 (1024x768)
[11:07:00] [tds] screen tds-013-BK0-alloc-walk6 : EDU Recyc prime K: Company Y: Data •ccounting Voucher Alteration (Secondary) Contra Firefo Account Zprobe Bank Cument balance: 403.00 Dr Particulars Cash Find details entered in masters and transactions. Z: Exchange inCom Spike Co (Alt+F) O: Import E: Export M: Share Goog Chro Micros 46 IypÅ CurBal: 1,024.00 Cr p: print 1 Oct-26 Thursday Amount 202.00 202.00 Narration: bank probe A2 Unity Quit Fl: Help Date Company F-4: Contra Payment Receipt : Journal Sales Purchase Vouctgs E: Autofill Change Mode More Details O: Related ¯ Repons Optional post -Dated Unused Vch No. 161 IU9ba t to 12d61 830Ue ...
[keys] '{ENTER}' -> Tally 'TallyPrime:9000'
[shot] tds-014-BK0-alloc-walk7 (1024x768)
[11:07:03] [tds] screen tds-014-BK0-alloc-walk7 : EDU Recyc prime K: Company Y: Data •ccounting Voucher Alteration (Secondary) Contra Firefo Account Zprobe Bank Cument balance: 403.00 Dr Particulars Cash Find details entered in masters and transactions. Z: Exchange inCom Spike Co (Alt+F) O: Import E: Export M: Share Goog Chro Micros 46 IypÅ CurBal: 1,024.00 Cr p: print 1 Oct-26 Thursday Amount 202.00 202.00 Narration: bank probe A2 Unity Quit Fl: Help Date Company F-4: Contra Payment Receipt : Journal Sales Purchase Vouctgs E: Autofill Change Mode More Details O: Related ¯ Repons Optional post -Dated Unused Vch No. 161 IU9ba t to 12d61 830Ue ...
[keys] '{ENTER}' -> Tally 'TallyPrime:9000'
[shot] tds-015-BK0-alloc-walk8 (1024x768)
[11:07:07] [tds] screen tds-015-BK0-alloc-walk8 : o Recyc EDU prime Bank Allocations K: Company Y: Data Find details entered in masters and transactions. Z: Exchange FinCom Spike Co Bank Allocations for: Zprobe Bank (Alt+F) O: Import x E: Export M: Share p: print Firefo Googl Chron Micros lyp Unity Quit Transacion Type Cash Inst No. Bank Name: A Accept Q Search For: 202.00 Inst Date Amount 202.00 I-OctQ6 Fl: Help Set Status V: View Recon Info Configure IU9ba t to 12d61 830Ue "trac ubl' , I' c-3c9 830Ue "trac . '2.3 d611- steni ' : l'e61 unnin ion_i 422c- age" , • fc—3c 'tally Windows Server 2025 Datacenter Build 26100.ge_release240331-1435 11...
[keys] '^a' -> Tally 'TallyPrime:9000'
[shot] tds-016-BK0-alloc-alloc-accepted (1024x768)
[11:07:11] [tds] screen tds-016-BK0-alloc-alloc-accepted : EDU Recyc prime K: Company Y: Data •ccounting Voucher Alteration (Secondary) Contra Firefo Account Zprobe Bank Cument balance: 403.00 Dr Particulars Cash Find details entered in masters and transactions. Z: Exchange inCom Spike Co (Alt+F) O: Import E: Export M: Share Goog Chro Micros 46 IypÅ CurBal: 1,024.00 Cr Narration: bank probe A2 p: print 1 Oct-26 Thursday Amount 202.00 202.00 Fl: Help Date Company F-4: Contra Payment Receipt : Journal Sales Purchase Vouctgs E: Autofill Change Mode More Details O: Related ¯ Repons Optional post -Dated Unused Vch No. 161 IU9ba t to 12d61 830Ue "trac ubl' ...
[shot] tds-017-BK0-alloc-after-alloc1 (1024x768)
[11:07:14] [tds] screen tds-017-BK0-alloc-after-alloc1 : EDU Recyc prime K: Company Y: Data •ccounting Voucher Alteration (Secondary) Contra Firefo Account Zprobe Bank Cument balance: 403.00 Dr Particulars Cash Find details entered in masters and transactions. Z: Exchange inCom Spike Co (Alt+F) O: Import E: Export M: Share Goog Chro Micros 46 IypÅ CurBal: 1,024.00 Cr Narration: Bank probe A2 p: print 1 Oct-26 Thursday Amount 202.00 202.00 Fl: Help Date Company F-4: Contra Payment Receipt : Journal Sales Purchase Vouctgs E: Autofill Change Mode More Details O: Related ¯ Repons Optional post -Dated Unused Vch No. 161 IU9ba t to 12d61 830Ue "trac ubl' ...
[keys] '' -> Tally 'TallyPrime:9000'
[shot] tds-018-BK0-alloc-saved (1024x768)
[11:07:18] [tds] screen tds-018-BK0-alloc-saved : EDU Recyc prime K: Company Y: Data pay Book Day Book Find details entered in masters and transactions. Z: Exchange (Alt+F) O: Import E: Export M: Share P: Print Firefo Googl Chro Micros 46 IypÅ Unity Date I-Oct-26 I-Oct-26 Quit Particulars Zprobe Bank Cash Enter: Alter inCom Spike Vch Type Contra Vch No. 7 Debit Amount Inwards Q 201.00 Cancel Vch For 10ct-26 Credit Amount Outwards Qt 202.00 U: Restore Line Fl: Help Date Company F4: Voucher Type F 7: Show profit F8: Columnar FIO Basis of Values Change ¯ View Exception Reports 161 IU9ba t to 12d61 830Ue "trac ubl' , I' c-3c9 830Ue "trac d611- st...
[11:07:18] BK0-alloc save: 31.0;326.5
[shot] tds-019-BK0-alloc-after-save (1024x768)
[11:07:18] [tds] screen tds-019-BK0-alloc-after-save : EDU Recyc prime K: Company Y: Data pay Book Day Book Find details entered in masters and transactions. Z: Exchange (Alt+F) O: Import E: Export M: Share P: Print Firefo Googl Chro Micros 46 IypÅ Unity Date I-Oct-26 I-Oct-26 Quit Particulars Zprobe Bank Cash Enter: Alter inCom Spike Vch Type Contra Vch No. 7 Debit Amount Inwards Q 201.00 Cancel Vch For 10ct-26 Credit Amount Outwards Qt 202.00 U: Restore Line Fl: Help Date Company F4: Voucher Type F 7: Show profit F8: Columnar FIO Basis of Values Change ¯ View Exception Reports 161 IU9ba t to 12d61 830Ue "trac ubl' , I' c-3c9 830Ue "trac d611- st...
[shot] tds-020-gw0 (1024x768)
[11:07:19] [tds] screen tds-020-gw0 : EDU Recyc prime K: Company Y: Data pay Book Day Book Find details entered in masters and transactions. Z: Exchange (Alt+F) O: Import E: Export M: Share P: Print Firefo Googl Chro Micros 46 IypÅ Unity Date I-Oct-26 I-Oct-26 Quit Particulars Zprobe Bank Cash Enter: Alter inCom Spike Vch Type Contra Vch No. 7 Debit Amount Inwards Q 201.00 Cancel Vch For 10ct-26 Credit Amount Outwards Qt 202.00 U: Restore Line Fl: Help Date Company F4: Voucher Type F 7: Show profit F8: Columnar FIO Basis of Values Change ¯ View Exception Reports 161 IU9ba t to 12d61 830Ue "trac ubl' , I' c-3c9 830Ue "trac d611- st...
[keys] '{ESC}' -> Tally 'TallyPrime:9000'
[shot] tds-021-gw1 (1024x768)
[11:07:23] [tds] screen tds-021-gw1 : EDU Recyc prime K: Company Y: Data Gateway.f Tally CURRENT PERIOD Firefo I-Apr-26 to 31-Mar-27 NAME OF COMPANY Find details entered in masters and transactions. Z: Exchange CURRENT OATE Thursday, I-Oct-2026 OATE OF LAST ENTRY (Alt+F) O: Import E: Export M: Share p: print Fl: Help Date Company FinCom Spike Co (Schedule Backup) Q Search 2-OctQ6 Googl Chro Micros 46 IypÅ Unity Gateway of Tally MASTERS Create Alter CHart of Accounts TRANSACTIONS Vouchers Day 800K UTILITIES BaNking REPORTS Balance Sheet Profit & Loss A/c Stock Summary Ratio Analysis Display More Reports DashbOard Quit 161 IU9ba t t...
######## INFO BK0-alloc voucher altered through its Bank Allocations: Bank Allocations seen True, a Bank Date field on it False; saved 'bank probe A2' (mid 9, bank date now ''); AlterID 9 -> 10; company AltVchId 9 -> 10; Ctrl+A to a still screen 326 ms (31.0;326.5); add-on FCR1 lines: voucher_accept_pre x1, voucher_accept_post x1, voucher_full x1 (for its MasterID: 3); probe lines: none; the sub-screen read: o Recyc EDU prime Bank Allocations K: Company Y: Data Find details entered in masters and transactions. Z: Exchange FinCom Spike Co Bank Allocations for: Zprobe Bank (Alt+F) O: Import x E: Export M: Share p: print Firefo Googl Chron Micros lyp Unity Quit Transacion Type Cash Inst No. Bank Name: A Ac
[shot] tds-022-gw0 (1024x768)
[11:07:26] [tds] screen tds-022-gw0 : EDU Recyc prime K: Company Y: Data Gateway.f Tally CURRENT PERIOD Firefo I-Apr-26 to 31-Mar-27 NAME OF COMPANY Find details entered in masters and transactions. Z: Exchange CURRENT OATE Thursday, I-Oct-2026 OATE OF LAST ENTRY (Alt+F) O: Import E: Export M: Share p: print Fl: Help Date Company FinCom Spike Co (Schedule Backup) Q Search 2-OctQ6 Googl Chro Micros 46 IypÅ Unity Gateway of Tally MASTERS Create Alter CHart of Accounts TRANSACTIONS Vouchers Day 800K UTILITIES BaNking REPORTS Balance Sheet Profit & Loss A/c Stock Summary Ratio Analysis Display More Reports DashbOard Quit 161 IU9ba t t...
[keys] '%g' -> Tally 'TallyPrime:9000'
[shot] tds-023-BK0-brs-goto (1024x768)
[11:07:29] [tds] screen tds-023-BK0-brs-goto : EDU Recyc prime Firefo Googl Chron Micros Unity Quit Find details entered in masters and transactions. Z: Exchange (Alt+F) O: Import K: Company Y: Data List of Reports Saved Views Bills Payable - GST E: Export M: Share p: print Fl: Help inCom Spike (Predefined) (Predefined) (Predefined) (Predefined) (Predefined) (Predefined) (Predefined) (Predefined) (Predefined) (Predefined) (Predefined) x Bills Payable - GST - Sundry Creditors Bills Payable - GST - Sundry Debtors Bills Receivable - GST Bills Receivable - GST - Sundry Creditors Bills Receivable - GST - Sundry Debtors Purchase Dashboard Sales ...
[keys] 'Bank Reconciliation' -> Tally 'TallyPrime:9000'
[shot] tds-024-BK0-brs-typed (1024x768)
[11:07:32] [tds] screen tds-024-BK0-brs-typed : o Recyc EDU Find details entered in masters and transactions. Z: Exchange inCom Spike Bank Reconciliation (Alt+F) O: Import x prime Firefo Googl Chron Micros lyp Unity Quit K: Company Y: Data List of Reports Banking Utilities Bank Reconciliation E: Export M: Share p: print Create Voucher Create Master Alter Master Expand All Show More Fl: Help IU9ba t to 12d61 830Ue "trac ubl' , I' c-3c9 830Ue "trac : '2.3 d611- steni ' : l'e61 unnin ion_i 422c- age" , • fc—3c 'tally Q Search Windows Server 2025 Datacenter Build 26100.ge_release240331-1435 11:07 AM 10/8/2026
[keys] '{ENTER}' -> Tally 'TallyPrime:9000'
[shot] tds-025-BK0-brs-select (1024x768)
[11:07:40] [tds] screen tds-025-BK0-brs-select : EDU Recyc prime K: Company Y: Data Banking Activitie Find details entered in masters and transactions. Z: Exchange inCom Spike (Alt+F) O: Import Firefo Particulars E: Export M: Share P: Print as at 2-0ct-26 Bank Reconciliation From I-Apr-26 Available Available Share Bank Googl Zprobe Bank Chro Micros 46 IypÅ Grand Unity Quit Onl in Books Onl in Bank 6 2 8 Fl: Help period Company Bank Ledger Amount View FIO Basis of B: Values Change — View J: Exception = Reports L: Save View F: Apply Filter Filter = Details Opening BRS 161 IU9ba t to 12d61 830Ue "trac ubl' , I' c-3c9 830Ue "trac d611- steni ' :...
[keys] 'Share Bank{ENTER}' -> Tally 'TallyPrime:9000'
[shot] tds-026-BK0-brs-bank (1024x768)
[11:07:47] [tds] screen tds-026-BK0-brs-bank : EDU Recyc prime K: Company Y: Data Bank Reconciliation Find details entered in masters and transactions. Z: Exchange inCom Spike (Alt+F) O: Import Ledger Share Bank E: Export M: Share P: Print as at 2-0ct-26 Firefo Googl Particulars Balance as per Company Books Unreconciled Transactions from I-Apr-26 till date Available Only in Books Add: Withdrawals Less: Deposits Count 6 6 Balance 621.00 (0621.00 62100 Chro Expected Bank Balance Micros 46 IypÅ Unity Quit Fl: Help Period Company F4: Bank Ledger F5: View Reconciled -Payments B: Basis of Values Change View J: Exception = Repons Save View R: Man...
[shot] tds-027-BK0-brs-screen (1024x768)
[11:07:48] [tds] screen tds-027-BK0-brs-screen : EDU Recyc prime K: Company Y: Data Bank Reconciliation Find details entered in masters and transactions. Z: Exchange inCom Spike (Alt+F) O: Import Ledger Share Bank E: Export M: Share P: Print as at 2-0ct-26 Firefo Googl Particulars Balance as per Company Books Unreconciled Transactions from I-Apr-26 till date Available Only in Books Add: Withdrawals Less: Deposits Count 6 6 Balance 621.00 (0621.00 62100 Chro Expected Bank Balance Micros 46 IypÅ Unity Quit Fl: Help Period Company F4: Bank Ledger F5: View Reconciled -Payments B: Basis of Values Change View J: Exception = Repons Save View R: Man...
[keys] '%r' -> Tally 'TallyPrime:9000'
[shot] tds-028-BK0-brs-manual (1024x768)
[11:07:55] [tds] screen tds-028-BK0-brs-manual : o Recyc EDU prime K: Company Y: Data Bank Reconciliation (Manual) Find details entered In masters and transactions Z: Exchange FinCom Spike Co Want to save your time? x O: Import E: Export M: Share p: print Firefo Googl Chron Micros lyp Unity Q: Quit Switch to Auto-reconciliation with Bank Statements. Import Bank Statements in a few clicks. Know More Search Dont Show Again dank duiunce us ot Z-uctuo . Fl:Help IU9ba t to 12d61 830Ue "trac ubl' , I' c-3c9 830Ue "trac : '2.3 d611- steni ' : l'e61 unnin ion_i 422c- age" , • fc—3c 'tally ectea Q Windows Server 2025 Datacenter Build 26100.ge_release...
[shot] tds-029-BK0-brs-manual-screen (1024x768)
[11:07:55] [tds] screen tds-029-BK0-brs-manual-screen : o Recyc EDU prime K: Company Y: Data Bank Reconciliation (Manual) Find details entered In masters and transactions Z: Exchange FinCom Spike Co Want to save your time? x O: Import E: Export M: Share p: print Firefo Googl Chron Micros lyp Unity Q: Quit Switch to Auto-reconciliation with Bank Statements. Import Bank Statements in a few clicks. Know More Search Dont Show Again dank duiunce us ot Z-uctuo . Fl:Help IU9ba t to 12d61 830Ue "trac ubl' , I' c-3c9 830Ue "trac : '2.3 d611- steni ' : l'e61 unnin ion_i 422c- age" , • fc—3c 'tally ectea Q Windows Server 2025 Datacenter Build 26100.ge_release...
[keys] 'd' -> Tally 'TallyPrime:9000'
[shot] tds-030-BK0-brs-popup (1024x768)
[11:07:59] [tds] screen tds-030-BK0-brs-popup : Find details entered in masters and transactions. EDU Recyc 621.00 621.00 prime K: Company Y: Data Bank Reconciliation (Manual) Ledger Date Share Bank Particulars Z: Exchange Q Search inCom Spike Instrument No. (Alt+F) O: Import Bank Date E: Export M: Share P: Print upr-26 to 2-Oct-26 Firefo Instrument Date 2-Oct-26 2-Oct-26 2-Oct-26 2-Oct-26 2-Oct-26 2-Oct-26 Deposit 101.00 102.00 103.00 104.00 105.00 106.00 Withdrawal Available Only in Books 2-Oct-26 2-Oct-26 Googl 2-Oct-26 Chro 2-Oct-26 2-Oct-26 2-Oct-26 Micros 46 IypÅ Unity Cash Cash Cash Cash Cash Cash Fl: Help period F3: Company F4: Bank...
[shot] tds-031-BK0-brs-popup-closed (1024x768)
[11:08:00] [tds] screen tds-031-BK0-brs-popup-closed : Find details entered in masters and transactions. EDU Recyc 621.00 621.00 prime K: Company Y: Data Bank Reconciliation (Manual) Ledger Date Share Bank Particulars Z: Exchange Q Search inCom Spike Instrument No. (Alt+F) O: Import Bank Date E: Export M: Share P: Print upr-26 to 2-Oct-26 Firefo Instrument Date 2-Oct-26 2-Oct-26 2-Oct-26 2-Oct-26 2-Oct-26 2-Oct-26 Deposit 101.00 102.00 103.00 104.00 105.00 106.00 Withdrawal Available Only in Books 2-Oct-26 2-Oct-26 Googl 2-Oct-26 Chro 2-Oct-26 2-Oct-26 2-Oct-26 Micros 46 IypÅ Unity Cash Cash Cash Cash Cash Cash Fl: Help period F3: Company F4: Bank...
[keys] '2-10-2026{ENTER}' -> Tally 'TallyPrime:9000'
[shot] tds-032-BK0-brs-date (1024x768)
[11:08:03] [tds] screen tds-032-BK0-brs-date : EDU Recyc prime K: Company Y: Data Bank Reconciliation (Manual) Find details entered in masters and transactions. Z: Exchange inCom Spike Ledger Date Share Bank Particulars (Alt+F) O: Import Bank Date 2-Oct-26 E: Export M: Share P: Print upr-26 to 2-Oct-26 Instrument No. Firefo Instrument Date 2-Oct-26 2-Oct-26 2-Oct-26 2-Oct-26 2-Oct-26 2-Oct-26 Deposit 101.00 102.00 103.00 104.00 105.00 106.00 621.00 520.00 101.00 Withdrawal Available Only in Books 0 2-Oct-26 2-Oct-26 Googl 2-Oct-26 Chro 2-Oct-26 2-Oct-26 2-Oct-26 Micros 46 IypÅ Unity Cash Cash Cash Cash Cash Cash Fl: Help period F3: Company...
[keys] '' -> Tally 'TallyPrime:9000'
[shot] tds-033-BK0-brs-saved (1024x768)
[11:08:05] [tds] screen tds-033-BK0-brs-saved : EDU Recyc prime K: Company Y: Data Bank Reconciliation Find details entered in masters and transactions. Z: Exchange inCom Spike (Alt+F) O: Import Ledger Share Bank E: Export M: Share P: Print as at 2-0ct-26 Firefo Googl Particulars Balance as per Company Books Unreconciled Transactions from I-Apr-26 till date Available Only in Books Add: Withdrawals Less: Deposits Count 5 5 Balance 621.00 (0520.00 52000 101.00 Chro Expected Bank Balance Micros 46 IypÅ Unity Quit Fl: Help Period Company F4: Bank Ledger F5: View Reconciled -Payments B: Basis of Values Change View J: Exception = Repons Save View...
[11:08:05] BK0-brs save: 60.1;78.9
[shot] tds-034-gw0 (1024x768)
[11:08:06] [tds] screen tds-034-gw0 : EDU Recyc prime K: Company Y: Data Bank Reconciliation Find details entered in masters and transactions. Z: Exchange inCom Spike (Alt+F) O: Import Ledger Share Bank E: Export M: Share P: Print as at 2-0ct-26 Firefo Googl Particulars Balance as per Company Books Unreconciled Transactions from I-Apr-26 till date Available Only in Books Add: Withdrawals Less: Deposits Count 5 5 Balance 621.00 (0520.00 52000 101.00 Chro Expected Bank Balance Micros 46 IypÅ Unity Quit Fl: Help Period Company F4: Bank Ledger F5: View Reconciled -Payments B: Basis of Values Change View J: Exception = Repons Save View...
[keys] '{ESC}' -> Tally 'TallyPrime:9000'
[shot] tds-035-gw1 (1024x768)
[11:08:09] [tds] screen tds-035-gw1 : EDU Recyc prime K: Company Y: Data Banking Activitie Find details entered in masters and transactions. Z: Exchange inCom Spike (Alt+F) O: Import Firefo Particulars E: Export M: Share P: Print as at 2-0ct-26 Bank Reconciliation From I-Apr-26 Available Available Share Bank Googl Zprobe Bank Chro Micros 46 IypÅ Grand Unity Quit Onl in Books Onl in Bank 5 2 7 Fl: Help period Company Bank Ledger Amount View FIO Basis of B: Values Change — View J: Exception = Reports L: Save View F: Apply Filter Filter = Details Opening BRS 161 IU9ba t to 12d61 830Ue "trac ubl' , I' c-3c9 830Ue "trac d611- steni ' :...
[keys] '{ESC}' -> Tally 'TallyPrime:9000'
[shot] tds-036-gw2 (1024x768)
[11:08:12] [tds] screen tds-036-gw2 : EDU Recyc prime K: Company Y: Data Gateway.f Tally CURRENT PERIOD Firefo I-Apr-26 to 31-Mar-27 NAME OF COMPANY Find details entered in masters and transactions. Z: Exchange CURRENT OATE Thursday, I-Oct-2026 OATE OF LAST ENTRY (Alt+F) O: Import E: Export M: Share p: print Fl: Help Date Company FinCom Spike Co (Schedule Backup) Q Search 2-OctQ6 Googl Chro Micros 46 IypÅ Unity Gateway of Tally MASTERS Create Alter CHart of Accounts TRANSACTIONS Vouchers Day 800K UTILITIES BaNking REPORTS Balance Sheet Profit & Loss A/c Stock Summary Ratio Analysis Display More Reports DashbOard Quit 161 IU9ba t t...
######## HARNESS BK0-brs bank date in Bank Reconciliation: Alt+R Manual Recon: no contra got a bank date (see tds-*-BK0-brs-* screenshots); AlterID  -> ; company AltVchId 10 -> 11, AltMstId 212 -> 212; Ctrl+A to a still screen 79 ms (60.1;78.9); add-on FCR1 lines: none (for its MasterID: 0); probe lines: none
[11:08:14] ---- BK1 the probe variant
  INFO probe brs1 = [#Form: Bank Recon] (its button 'Zebra Mark' on the screen = attached)
  INFO probe brs2 = [#Form: BankRecon] (its button 'Lotus Mark' on the screen = attached)
  INFO probe alloc1 = [#Form: VCH BankAllocations]
  INFO probe alloc2 = [#Form: VCH Bank Allocations]
  INFO tally.ini TDL lines: FinComRecorder.tdl, probe-common.tdl, probe-sys-afteralter.tdl, probe-sys-beforealter.tdl, probe-sys-onalter.tdl, probe-sys-beforesave.tdl, probe-sys-aftersave.tdl, probe-brs1.tdl, probe-brs2.tdl, probe-alloc1.tdl, probe-alloc2.tdl
  INFO Tally started afresh (BK1: the probe variant loaded)
[shot] tds-037-bk-start-1 (1024x768)
[11:08:33] [tds] screen tds-037-bk-start-1 : EDU Prime Startup Report K: Company Y: Data -i Find details entered In masters and transactions Z: Exchange O: Import E: Export M: Share p: print x Application Startup TallyPrime will start with the following settings. Click Configure to change these settings Country Accounting terminology Company Data path C Configure A Accept Q Search India Others Accept Fl:Help 11:08 AM 10/8/2026
[keys] 'a' -> Tally 'TallyPrime:9000'
[keys] 't' -> Tally 'TallyPrime:9000'
[shot] tds-038-bk-start-2 (1024x768)
[11:08:50] [tds] screen tds-038-bk-start-2 : EDU Recyc prime K: Company Y: Data Gateway.f Tally CURRENT PERIOD Firefo I-Apr-26 to 31-Mar-27 NAME OF COMPANY Find details entered in masters and transactions. Z: Exchange CURRENT OATE Friday, 2-Oct-2026 OATE OF LAST ENTRY (Alt+F) O: Import E: Export M: Share p: print Fl: Help Date Company FinCom Spike Co (Schedule Backup) Q Search 2-OctQ6 Googl Chro Micros 46 IypÅ Unity Gateway of Tally MASTERS Create Alter CHart of Accounts TRANSACTIONS Vouchers Day 800K UTILITIES BaNking REPORTS Balance Sheet Profit & Loss A/c Stock Summary Ratio Analysis Display More Reports DashbOard Quit 161 IU9ba t to ...
[shot] tds-039-gw0 (1024x768)
[11:08:51] [tds] screen tds-039-gw0 : EDU Recyc prime K: Company Y: Data Gateway.f Tally CURRENT PERIOD Firefo I-Apr-26 to 31-Mar-27 NAME OF COMPANY Find details entered in masters and transactions. Z: Exchange CURRENT OATE Friday, 2-Oct-2026 OATE OF LAST ENTRY (Alt+F) O: Import E: Export M: Share p: print Fl: Help Date Company FinCom Spike Co (Schedule Backup) Q Search 2-OctQ6 Googl Chro Micros 46 IypÅ Unity Gateway of Tally MASTERS Create Alter CHart of Accounts TRANSACTIONS Vouchers Day 800K UTILITIES BaNking REPORTS Balance Sheet Profit & Loss A/c Stock Summary Ratio Analysis Display More Reports DashbOard Quit 161 IU9ba t to ...
[] failed after 30021 ms: The request was canceled due to the configured HttpClient.Timeout of 30 seconds elapsing.
::warning::a Tally request took 30 s (or Tally is gone): Tally will be started afresh
  INFO probe-file yardstick (a collection not defined): 
[] failed after 30007 ms: The request was canceled due to the configured HttpClient.Timeout of 30 seconds elapsing.
::warning::a Tally request took 30 s (or Tally is gone): Tally will be started afresh
  INFO probe file Common: loaded False ()
[] failed after 30004 ms: The request was canceled due to the configured HttpClient.Timeout of 30 seconds elapsing.
::warning::a Tally request took 30 s (or Tally is gone): Tally will be started afresh
  INFO probe file sys-afteralter: loaded False ()
[] failed after 30010 ms: The request was canceled due to the configured HttpClient.Timeout of 30 seconds elapsing.
::warning::a Tally request took 30 s (or Tally is gone): Tally will be started afresh
  INFO probe file sys-beforealter: loaded False ()
[] failed after 30001 ms: The request was canceled due to the configured HttpClient.Timeout of 30 seconds elapsing.
::warning::a Tally request took 30 s (or Tally is gone): Tally will be started afresh
  INFO probe file sys-onalter: loaded False ()
[] failed after 30002 ms: The request was canceled due to the configured HttpClient.Timeout of 30 seconds elapsing.
::warning::a Tally request took 30 s (or Tally is gone): Tally will be started afresh
  INFO probe file sys-beforesave: loaded False ()
[] failed after 30006 ms: The request was canceled due to the configured HttpClient.Timeout of 30 seconds elapsing.
::warning::a Tally request took 30 s (or Tally is gone): Tally will be started afresh
  INFO probe file sys-aftersave: loaded False ()
[] failed after 30002 ms: The request was canceled due to the configured HttpClient.Timeout of 30 seconds elapsing.
::warning::a Tally request took 30 s (or Tally is gone): Tally will be started afresh
  INFO probe file brs1: loaded False ()
[] failed after 30003 ms: The request was canceled due to the configured HttpClient.Timeout of 30 seconds elapsing.
::warning::a Tally request took 30 s (or Tally is gone): Tally will be started afresh
  INFO probe file brs2: loaded False ()
[] failed after 30004 ms: The request was canceled due to the configured HttpClient.Timeout of 30 seconds elapsing.
::warning::a Tally request took 30 s (or Tally is gone): Tally will be started afresh
  INFO probe file alloc1: loaded False ()
[] failed after 30002 ms: The request was canceled due to the configured HttpClient.Timeout of 30 seconds elapsing.
::warning::a Tally request took 30 s (or Tally is gone): Tally will be started afresh
  INFO probe file alloc2: loaded False ()
  INFO Tally started afresh (before BK1-alloc)
[shot] tds-040-bk-start-1 (1024x768)
[11:14:40] [tds] screen tds-040-bk-start-1 : EDU Prime Startup Report K: Company Y: Data -i Find details entered In masters and transactions Z: Exchange O: Import E: Export M: Share p: print x Application Startup TallyPrime will start with the following settings. Click Configure to change these settings Country Accounting terminology Company Data path C Configure A Accept Q Search India Others Accept Fl:Help 11:14 AM 10/8/2026
[keys] 'a' -> Tally 'TallyPrime:9000'
[keys] 't' -> Tally 'TallyPrime:9000'
[shot] tds-041-bk-start-2 (1024x768)
[11:14:56] [tds] screen tds-041-bk-start-2 : EDU Recyc prime K: Company Y: Data Gateway.f Tally CURRENT PERIOD Firefo I-Apr-26 to 31-Mar-27 NAME OF COMPANY Find details entered in masters and transactions. Z: Exchange CURRENT OATE Friday, 2-Oct-2026 OATE OF LAST ENTRY (Alt+F) O: Import E: Export M: Share p: print Fl: Help Date Company FinCom Spike Co (Schedule Backup) Q Search 2-OctQ6 Googl Chro Micros 46 IypÅ Unity Gateway of Tally MASTERS Create Alter CHart of Accounts TRANSACTIONS Vouchers Day 800K UTILITIES BaNking REPORTS Balance Sheet Profit & Loss A/c Stock Summary Ratio Analysis Display More Reports DashbOard Quit 161 IU9ba t to ...
[shot] tds-042-gw0 (1024x768)
[11:14:57] [tds] screen tds-042-gw0 : EDU Recyc prime K: Company Y: Data Gateway.f Tally CURRENT PERIOD Firefo I-Apr-26 to 31-Mar-27 NAME OF COMPANY Find details entered in masters and transactions. Z: Exchange CURRENT OATE Friday, 2-Oct-2026 OATE OF LAST ENTRY (Alt+F) O: Import E: Export M: Share p: print Fl: Help Date Company FinCom Spike Co (Schedule Backup) Q Search 2-OctQ6 Googl Chro Micros 46 IypÅ Unity Gateway of Tally MASTERS Create Alter CHart of Accounts TRANSACTIONS Vouchers Day 800K UTILITIES BaNking REPORTS Balance Sheet Profit & Loss A/c Stock Summary Ratio Analysis Display More Reports DashbOard Quit 161 IU9ba t to ...
[shot] tds-043-gw0 (1024x768)
[11:14:57] [tds] screen tds-043-gw0 : EDU Recyc prime K: Company Y: Data Gateway.f Tally CURRENT PERIOD Firefo I-Apr-26 to 31-Mar-27 NAME OF COMPANY Find details entered in masters and transactions. Z: Exchange CURRENT OATE Friday, 2-Oct-2026 OATE OF LAST ENTRY (Alt+F) O: Import E: Export M: Share p: print Fl: Help Date Company FinCom Spike Co (Schedule Backup) Q Search 2-OctQ6 Googl Chro Micros 46 IypÅ Unity Gateway of Tally MASTERS Create Alter CHart of Accounts TRANSACTIONS Vouchers Day 800K UTILITIES BaNking REPORTS Balance Sheet Profit & Loss A/c Stock Summary Ratio Analysis Display More Reports DashbOard Quit 161 IU9ba t to ...
[keys] '%g' -> Tally 'TallyPrime:9000'
[shot] tds-044-BK1-alloc-goto (1024x768)
[11:15:01] [tds] screen tds-044-BK1-alloc-goto : EDU Recyc prime Firefo Googl Chron Micros Unity Quit Find details entered in masters and transactions. Z: Exchange (Alt+F) O: Import K: Company Y: Data List of Reports Saved Views Bills Payable - GST E: Export M: Share p: print Fl: Help inCom Spike (Predefined) (Predefined) (Predefined) (Predefined) (Predefined) (Predefined) (Predefined) (Predefined) (Predefined) (Predefined) (Predefined) x Bills Payable - GST - Sundry Creditors Bills Payable - GST - Sundry Debtors Bills Receivable - GST Bills Receivable - GST - Sundry Creditors Bills Receivable - GST - Sundry Debtors Purchase Dashboard Sales ...
[keys] 'Day Book' -> Tally 'TallyPrime:9000'
[keys] '{ENTER}' -> Tally 'TallyPrime:9000'
[shot] tds-045-BK1-alloc-daybook (1024x768)
[11:15:07] [tds] screen tds-045-BK1-alloc-daybook : EDU Recyc prime K: Company Y: Data pay Book Day Book Find details entered in masters and transactions. Z: Exchange (Alt+F) O: Import E: Export M: Share P: Print Firefo Date 2-Oct-26 2-Oct-26 2-Oct-26 Googl 2-Oct-26 Chro 2-Oct-26 2-Oct-26 Micros 46 IypÅ Unity Quit Particulars Share Bank Share Bank Share Bank Share Bank Share Bank Share Bank Enter: Alter inCom Spike Vch Type Contra Contra Contra Contra Contra Vch No. 1 2 3 4 5 6 Delete Debit Amount Inwards Q 101.00 102.00 103.00 104.00 105.00 106.00 Cancel Vch For 2-Oct-26 Credit Amount Outwards Qt U: Restore Line Fl: Help Date Company F4: Vouch...
[keys] '{F2}' -> Tally 'TallyPrime:9000'
[shot] tds-046-BK1-alloc-db-date (1024x768)
[11:15:10] [tds] screen tds-046-BK1-alloc-db-date : o Recyc EDU prime K: Company Y: Data Change Date Find details entered in masters and transactions. Z: Exchange FinCom Spike Co Change Date 2-10-2026 A Accept Q Search (Alt+F) O: Import x E: Export M: Share p: print Firefo Googl Chron Micros lyp Unity Quit Fl: Help IU9ba t to 12d61 830Ue "trac ubl' , I' c-3c9 830Ue "trac : '2.3 d611- steni ' : l'e61 unnin ion_i 422c- age" , • fc—3c 'tally Windows Server 2025 Datacenter Build 26100.ge_release240331-1435 1115 AM 10/8/2026
[keys] '1-10-2026{ENTER}' -> Tally 'TallyPrime:9000'
[shot] tds-047-BK1-alloc-db-dated (1024x768)
[11:15:15] [tds] screen tds-047-BK1-alloc-db-dated : EDU Recyc prime K: Company Y: Data pay Book Day Book Find details entered in masters and transactions. Z: Exchange (Alt+F) O: Import E: Export M: Share P: Print Firefo Googl Chro Micros 46 IypÅ Unity Date I-Oct-26 I-Oct-26 Quit Particulars Zprobe Bank Cash Enter: Alter inCom Spike Vch Type Contra Vch No. 7 Debit Amount Inwards Q 201.00 Cancel Vch For 10ct-26 Credit Amount Outwards Qt 202.00 U: Restore Line Fl: Help Date Company F4: Voucher Type F 7: Show profit F8: Columnar FIO Basis of Values Change ¯ View Exception Reports 161 IU9ba t to 12d61 830Ue "trac ubl' , I' c-3c9 830Ue "trac d611- st...
[keys] '{END}' -> Tally 'TallyPrime:9000'
[shot] tds-048-BK1-alloc-db-last (1024x768)
[11:15:17] [tds] screen tds-048-BK1-alloc-db-last : EDU Recyc prime K: Company Y: Data pay Book Day Book Find details entered in masters and transactions. Z: Exchange (Alt+F) O: Import E: Export M: Share P: Print Firefo Googl Chro Micros 46 IypÅ Unity Date I-Oct-26 I-Oct-26 Quit Particulars Zprobe Bank Cash Enter: Alter inCom Spike Vch Type Contra Vch No. 7 Debit Amount Inwards Q 201.00 Cancel Vch For 10ct-26 Credit Amount Outwards Qt 202.00 U: Restore Line Fl: Help Date Company F4: Voucher Type F 7: Show profit F8: Columnar FIO Basis of Values Change ¯ View Exception Reports 161 IU9ba t to 12d61 830Ue "trac ubl' , I' c-3c9 830Ue "trac d611- st...
[keys] '{UP}' -> Tally 'TallyPrime:9000'
[keys] '{ENTER}' -> Tally 'TallyPrime:9000'
[shot] tds-049-BK1-alloc-open (1024x768)
[11:15:23] [tds] screen tds-049-BK1-alloc-open : EDU Recyc prime K: Company Y: Data •ccounting Voucher Alteration (Secondary) Contra No. 7 Firefo Account Zprobe Bank Cument balance: 403.00 Dr Particulars Cash Find details entered in masters and transactions. Z: Exchange inCom Spike Co (Alt+F) O: Import E: Export M: Share p: print 1-Oct-26 Thursday Amount Goog Chro Micros 46 IypÅ CurBal: 1,024.00 Cr 201. 201. 00 00 Narration: bank probe A1 Unity Quit Fl: Help Date Company F-4: Contra Payment Receipt : Journal Sales Purchase Vouctgs E: Autofill Change Mode More Details O: Related ¯ Repons Optional post -Dated Unused Vch No. El 2: Configure 161...
[shot] tds-050-BK1-alloc-walk1 (1024x768)
[11:15:24] [tds] screen tds-050-BK1-alloc-walk1 : EDU Recyc prime K: Company Y: Data •ccounting Voucher Alteration (Secondary) Contra No. 7 Firefo Account Zprobe Bank Cument balance: 403.00 Dr Particulars Cash Find details entered in masters and transactions. Z: Exchange inCom Spike Co (Alt+F) O: Import E: Export M: Share p: print 1-Oct-26 Thursday Amount Goog Chro Micros 46 IypÅ CurBal: 1,024.00 Cr 201. 201. 00 00 Narration: bank probe A1 Unity Quit Fl: Help Date Company F-4: Contra Payment Receipt : Journal Sales Purchase Vouctgs E: Autofill Change Mode More Details O: Related ¯ Repons Optional post -Dated Unused Vch No. El 2: Configure 161...
[keys] '{ENTER}' -> Tally 'TallyPrime:9000'
[shot] tds-051-BK1-alloc-walk2 (1024x768)
[11:15:27] [tds] screen tds-051-BK1-alloc-walk2 : EDU Recyc prime K: Company Y: Data •ccounting Voucher Alteration (Secondary) Contra No. 7 Firefo Account Z robe Bank Cument balance: 403.00 Dr Particulars Cash Find details entered in masters and transactions. Z: Exchange inCom Spike Co (Alt+F) O: Import E: Export M: Share p: print 1 Oct-26 Thursday Amount Goog Chro Micros 46 IypÅ CurBal: 1,024.00 Cr 201. 201. 00 00 Narration: bank probe A1 Unity Quit Fl: Help Date Company F-4: Contra Payment Receipt : Journal Sales Purchase Vouctgs E: Autofill Change Mode More Details O: Related ¯ Repons Optional post -Dated Unused Vch No. El 2: Configure 161...
[keys] '{ENTER}' -> Tally 'TallyPrime:9000'
[shot] tds-052-BK1-alloc-walk3 (1024x768)
[11:15:30] [tds] screen tds-052-BK1-alloc-walk3 : EDU Recyc prime K: Company Y: Data •ccounting Voucher Alteration (Secondary) Contra No. 7 Firefo Account Zprobe Bank Cument balance: 403.00 Dr Particulars Cash Find details entered in masters and transactions. Z: Exchange inCom Spike Co (Alt+F) O: Import E: Export M: Share p: print 1 Oct-26 Thursday Amount Chro Micros 46 IypÅ CurBal: 1,024.00 Cr 201. 201. 00 00 Narration: bank probe A1 Unity Quit Fl: Help Date Company F-4: Contra Payment Receipt : Journal Sales Purchase Vouctgs E: Autofill Change Mode More Details O: Related ¯ Repons Optional post -Dated Unused Vch No. El 2: Configure 161 IU9b...
[keys] '{ENTER}' -> Tally 'TallyPrime:9000'
[shot] tds-053-BK1-alloc-walk4 (1024x768)
[11:15:32] [tds] screen tds-053-BK1-alloc-walk4 : EDU Recyc prime K: Company Y: Data •ccounting Voucher Alteration (Secondary) Contra No. 7 Firefo Account Zprobe Bank Cument balance: 403.00 Dr Particulars Cash Find details entered in masters and transactions. Z: Exchange inCom Spike Co (Alt+F) O: Import E: Export M: Share p: print 1 Oct-26 Thursday Amount Goog Chro Micros 46 IypÅ CurBal: 1,024.00 Cr 201. 201. 00 00 Narration: bank probe A1 Unity Quit Fl: Help Date Company F-4: Contra Payment Receipt : Journal Sales Purchase Vouctgs E: Autofill Change Mode More Details O: Related ¯ Repons Optional post -Dated Unused Vch No. El 2: Configure 161...
[keys] '{ENTER}' -> Tally 'TallyPrime:9000'
[shot] tds-054-BK1-alloc-walk5 (1024x768)
[11:15:35] [tds] screen tds-054-BK1-alloc-walk5 : EDU Recyc prime K: Company Y: Data •ccounting Voucher Alteration (Secondary) Contra No. 7 Firefo Account Zprobe Bank Cument balance: 403.00 Dr Particulars Cash Find details entered In masters and transactions Z: Exchange inCom Spike Co O: Import E: Export M: Share p: print 1 Oct-26 Thursday Amount 201.00 Goog Chro Micros 46 IypÅ CurBal: 1,024.00 Cr Narration: bank probe A1 Unity Q: Quit Warning Negative Cash! Press any key to conånue Fl: Help F-2: Date F-3: Company F-4: Contra F-5: Payment F-6: Receipt F-7: Journal F-9: Purchase PIO: E: Autofill H: Change = Mode I: More - Details O: Related ¯ ...
[keys] '{ENTER}' -> Tally 'TallyPrime:9000'
[shot] tds-055-BK1-alloc-walk6 (1024x768)
[11:15:38] [tds] screen tds-055-BK1-alloc-walk6 : EDU Recyc prime K: Company Y: Data •ccounting Voucher Alteration (Secondary) Contra No. 7 Firefo Account Zprobe Bank Cument balance: 403.00 Dr Particulars Cash Find details entered in masters and transactions. Z: Exchange inCom Spike Co (Alt+F) O: Import E: Export M: Share p: print 1 Oct-26 Thursday Amount Goog Chro Micros 46 IypÅ CurBal: 1,024.00 Cr 201. 201. 00 00 Narration: bank probe A1 Unity Quit Fl: Help Date Company F-4: Contra Payment Receipt : Journal Sales Purchase Vouctgs E: Autofill Change Mode More Details O: Related ¯ Repons Optional post -Dated Unused Vch No. El 2: Configure 161...
[keys] '{ENTER}' -> Tally 'TallyPrime:9000'
[shot] tds-056-BK1-alloc-walk7 (1024x768)
[11:15:41] [tds] screen tds-056-BK1-alloc-walk7 : EDU Recyc prime K: Company Y: Data •ccounting Voucher Alteration (Secondary) Contra No. 7 Firefo Account Zprobe Bank Cument balance: 403.00 Dr Particulars Cash Find details entered in masters and transactions. Z: Exchange inCom Spike Co (Alt+F) O: Import E: Export M: Share Goog Chro Micros 46 IypÅ CurBal: 1,024.00 Cr p: print 1 Oct-26 Thursday Amount 201.00 201.00 Narration: bank probe A1 Unity Quit Fl: Help Date Company F-4: Contra Payment Receipt : Journal Sales Purchase Vouctgs E: Autofill Change Mode More Details O: Related ¯ Repons Optional post -Dated Unused Vch No. 161 IU9ba t to 12d61 ...
[keys] '{ENTER}' -> Tally 'TallyPrime:9000'
[shot] tds-057-BK1-alloc-walk8 (1024x768)
[11:15:44] [tds] screen tds-057-BK1-alloc-walk8 : x Recyc EDU prime Bank Allocations K: Company Y: Data Find details entered in masters and transactions. Z: Exchange FinCom Spike Co (Alt+F) O: Import E: Export M: Share p: print o Fl: Help Firefo Googl Chron Micros lyp Unity Quit Bank Allocations for: Zprobe Bank Transacion Type Cash Inst No. Bank Name: A Accept Q Search For: 201.00 Inst Date Amount 201.00 I-OctQ6 Set Status V: View Recon Info Configure IU9ba t to 12d61 830Ue "trac ubl' , I' c-3c9 830Ue "trac . '2.3 d611- steni ' : l'e61 unnin ion_i 422c- age" , • fc—3c 'tally Windows Server 2025 Datacenter Build 26100.ge_release240331-1435 11...
[keys] '^a' -> Tally 'TallyPrime:9000'
[shot] tds-058-BK1-alloc-alloc-accepted (1024x768)
[11:15:47] [tds] screen tds-058-BK1-alloc-alloc-accepted : EDU Recyc prime K: Company Y: Data •ccounting Voucher Alteration (Secondary) Contra No. 7 Firefo Account Zprobe Bank Cument balance: 403.00 Dr Particulars Cash Find details entered in masters and transactions. Z: Exchange inCom Spike Co (Alt+F) O: Import E: Export M: Share p: print 1 Oct-26 Thursday Amount Goog Chro Micros 46 IypÅ CurBal: 1,024.00 Cr Narration: bank probe A1 201. 201. 00 00 Fl: Help Date Company F-4: Contra Payment Receipt : Journal Sales Purchase Vouctgs E: Autofill Change Mode More Details O: Related ¯ Repons Optional post -Dated Unused Vch No. El 2: Configure 161 IU9ba t to...
[shot] tds-059-BK1-alloc-after-alloc1 (1024x768)
[11:15:48] [tds] screen tds-059-BK1-alloc-after-alloc1 : EDU Recyc prime K: Company Y: Data •ccounting Voucher Alteration (Secondary) Contra No. 7 Firefo Account Zprobe Bank Cument balance: 403.00 Dr Particulars Cash Find details entered in masters and transactions. Z: Exchange inCom Spike Co (Alt+F) O: Import E: Export M: Share p: print 1 Oct-26 Thursday Amount Goog Chro Micros 46 IypÅ CurBal: 1,024.00 Cr Narration: Bank probe A1 201. 201. 00 00 Fl: Help Date Company F-4: Contra Payment Receipt : Journal Sales Purchase Vouctgs E: Autofill Change Mode More Details O: Related ¯ Repons Optional post -Dated Unused Vch No. El 2: Configure 161 IU9ba t to...
[keys] '' -> Tally 'TallyPrime:9000'
[shot] tds-060-BK1-alloc-saved (1024x768)
[11:15:50] [tds] screen tds-060-BK1-alloc-saved : EDU Recyc prime K: Company Y: Data pay Book Day Book Find details entered in masters and transactions. Z: Exchange (Alt+F) O: Import E: Export M: Share P: Print Firefo Googl Chro Micros 46 IypÅ Unity Date I-Oct-26 I-Oct-26 Quit Particulars inCom Spike Vch Type Contra Vch No. 7 Cash Cash Enter: Alter Contra DuÅicate Vch Debit Amount Inwards Q Cancel Vch For 10ct-26 Credit Amount Outwards Qt 201.00 202.00 U: Restore Line Fl: Help Date Company F4: Voucher Type F 7: Show profit F8: Columnar FIO Basis of Values Change ¯ View Exception Reports 161 IU9ba t to 12d61 830Ue "trac ubl' , I' c-3c9 830Ue "...
[11:15:50] BK1-alloc save: 59.9;92.1
[shot] tds-061-BK1-alloc-after-save (1024x768)
[11:15:51] [tds] screen tds-061-BK1-alloc-after-save : EDU Recyc prime K: Company Y: Data pay Book Day Book Find details entered in masters and transactions. Z: Exchange (Alt+F) O: Import E: Export M: Share P: Print Firefo Googl Chro Micros 46 IypÅ Unity Date I-Oct-26 I-Oct-26 Quit Particulars inCom Spike Vch Type Contra Vch No. 7 Cash Cash Enter: Alter Contra DuÅicate Vch Debit Amount Inwards Q Cancel Vch For 10ct-26 Credit Amount Outwards Qt 201.00 202.00 U: Restore Line Fl: Help Date Company F4: Voucher Type F 7: Show profit F8: Columnar FIO Basis of Values Change ¯ View Exception Reports 161 IU9ba t to 12d61 830Ue "trac ubl' , I' c-3c9 830Ue "...
[shot] tds-062-gw0 (1024x768)
[11:15:52] [tds] screen tds-062-gw0 : EDU Recyc prime K: Company Y: Data pay Book Day Book Find details entered in masters and transactions. Z: Exchange (Alt+F) O: Import E: Export M: Share P: Print Firefo Googl Chro Micros 46 IypÅ Unity Date I-Oct-26 I-Oct-26 Quit Particulars inCom Spike Vch Type Contra Vch No. 7 Cash Cash Enter: Alter Contra DuÅicate Vch Debit Amount Inwards Q Cancel Vch For 10ct-26 Credit Amount Outwards Qt 201.00 202.00 U: Restore Line Fl: Help Date Company F4: Voucher Type F 7: Show profit F8: Columnar FIO Basis of Values Change ¯ View Exception Reports 161 IU9ba t to 12d61 830Ue "trac ubl' , I' c-3c9 830Ue "...
[keys] '{ESC}' -> Tally 'TallyPrime:9000'
[shot] tds-063-gw1 (1024x768)
[11:15:55] [tds] screen tds-063-gw1 : EDU Recyc prime K: Company Y: Data Gateway.f Tally CURRENT PERIOD Firefo I-Apr-26 to 31-Mar-27 NAME OF COMPANY Find details entered in masters and transactions. Z: Exchange CURRENT OATE Thursday, I-Oct-2026 OATE OF LAST ENTRY (Alt+F) O: Import E: Export M: Share p: print Fl: Help Date Company FinCom Spike Co (Schedule Backup) Q Search 2-OctQ6 Googl Chro Micros 46 IypÅ Unity Gateway of Tally MASTERS Create Alter CHart of Accounts TRANSACTIONS Vouchers Day 800K UTILITIES BaNking REPORTS Balance Sheet Profit & Loss A/c Stock Summary Ratio Analysis Display More Reports DashbOard Quit 161 IU9ba t t...
######## INFO BK1-alloc voucher altered through its Bank Allocations: Bank Allocations seen True, a Bank Date field on it False; saved 'bank probe A1' (mid 8, bank date now ''); AlterID 8 -> 12; company AltVchId 11 -> 12; Ctrl+A to a still screen 92 ms (59.9;92.1); add-on FCR1 lines: voucher_accept_pre x1, voucher_accept_post x1, voucher_full x1 (for its MasterID: 3); probe lines: alloc1_pre x1, alloc1_post x1, alloc2_pre x1, alloc2_post x1; the sub-screen read: x Recyc EDU prime Bank Allocations K: Company Y: Data Find details entered in masters and transactions. Z: Exchange FinCom Spike Co (Alt+F) O: Import E: Export M: Share p: print o Fl: Help Firefo Googl Chron Micros lyp Unity Quit Bank Allocations for: Zprobe Bank Transacion Type Cash Inst No. Bank N
[shot] tds-064-gw0 (1024x768)
[11:15:58] [tds] screen tds-064-gw0 : EDU Recyc prime K: Company Y: Data Gateway.f Tally CURRENT PERIOD Firefo I-Apr-26 to 31-Mar-27 NAME OF COMPANY Find details entered in masters and transactions. Z: Exchange CURRENT OATE Thursday, I-Oct-2026 OATE OF LAST ENTRY (Alt+F) O: Import E: Export M: Share p: print Fl: Help Date Company FinCom Spike Co (Schedule Backup) Q Search 2-OctQ6 Googl Chro Micros 46 IypÅ Unity Gateway of Tally MASTERS Create Alter CHart of Accounts TRANSACTIONS Vouchers Day 800K UTILITIES BaNking REPORTS Balance Sheet Profit & Loss A/c Stock Summary Ratio Analysis Display More Reports DashbOard Quit 161 IU9ba t t...
[keys] '%g' -> Tally 'TallyPrime:9000'
[shot] tds-065-BK1-brs-goto (1024x768)
[11:16:01] [tds] screen tds-065-BK1-brs-goto : EDU Recyc prime Firefo Googl Chron Micros Unity Quit Find details entered in masters and transactions. Z: Exchange (Alt+F) O: Import K: Company Y: Data List of Reports Saved Views Bills Payable - GST E: Export M: Share p: print Fl: Help inCom Spike (Predefined) (Predefined) (Predefined) (Predefined) (Predefined) (Predefined) (Predefined) (Predefined) (Predefined) (Predefined) (Predefined) x Bills Payable - GST - Sundry Creditors Bills Payable - GST - Sundry Debtors Bills Receivable - GST Bills Receivable - GST - Sundry Creditors Bills Receivable - GST - Sundry Debtors Purchase Dashboard Sales ...
[keys] 'Bank Reconciliation' -> Tally 'TallyPrime:9000'
[shot] tds-066-BK1-brs-typed (1024x768)
[11:16:04] [tds] screen tds-066-BK1-brs-typed : o Recyc EDU Find details entered in masters and transactions. Z: Exchange inCom Spike Bank Reconciliation (Alt+F) O: Import x prime Firefo Googl Chron Micros lyp Unity Quit K: Company Y: Data List of Reports Banking Utilities Bank Reconciliation E: Export M: Share p: print Create Voucher Create Master Alter Master Expand All Show More Fl: Help IU9ba t to 12d61 830Ue "trac ubl' , I' c-3c9 830Ue "trac : '2.3 d611- steni ' : l'e61 unnin ion_i 422c- age" , • fc—3c 'tally Q Search Windows Server 2025 Datacenter Build 26100.ge_release240331-1435 1116 AM 10/8/2026
[keys] '{ENTER}' -> Tally 'TallyPrime:9000'
[shot] tds-067-BK1-brs-select (1024x768)
[11:16:08] [tds] screen tds-067-BK1-brs-select : EDU Recyc prime K: Company Y: Data Banking Activitie Find details entered in masters and transactions. Z: Exchange inCom Spike (Alt+F) O: Import Firefo Particulars E: Export M: Share P: Print as at 2-0ct-26 Bank Reconciliation From I-Apr-26 Available Available Share Bank Googl Zprobe Bank Chro Micros 46 IypÅ Grand Unity Quit Onl in Books Onl in Bank 5 2 7 Fl: Help period Company Bank Ledger Amount View FIO Basis of B: Values Change — View J: Exception = Reports L: Save View F: Apply Filter Filter = Details Opening BRS 161 IU9ba t to 12d61 830Ue "trac ubl' , I' c-3c9 830Ue "trac d611- steni ' :...
[keys] 'Share Bank{ENTER}' -> Tally 'TallyPrime:9000'
[shot] tds-068-BK1-brs-bank (1024x768)
[11:16:13] [tds] screen tds-068-BK1-brs-bank : EDU Recyc prime K: Company Y: Data Bank Reconciliation Find details entered in masters and transactions. Z: Exchange inCom Spike (Alt+F) O: Import Ledger Share Bank E: Export M: Share P: Print as at 2-0ct-26 Firefo Googl Particulars Balance as per Company Books Unreconciled Transactions from I-Apr-26 till date Available Only in Books Add: Withdrawals Less: Deposits Count 5 5 Balance 621.00 (0520.00 52000 101.00 Chro Expected Bank Balance Micros 46 IypÅ Unity Quit Fl: Help Period Company F4: Bank Ledger F5: View Reconciled -Payments B: Basis of Values Change View J: Exception = Repons Save View...
[shot] tds-069-BK1-brs-screen (1024x768)
[11:16:14] [tds] screen tds-069-BK1-brs-screen : EDU Recyc prime K: Company Y: Data Bank Reconciliation Find details entered in masters and transactions. Z: Exchange inCom Spike (Alt+F) O: Import Ledger Share Bank E: Export M: Share P: Print as at 2-0ct-26 Firefo Googl Particulars Balance as per Company Books Unreconciled Transactions from I-Apr-26 till date Available Only in Books Add: Withdrawals Less: Deposits Count 5 5 Balance 621.00 (0520.00 52000 101.00 Chro Expected Bank Balance Micros 46 IypÅ Unity Quit Fl: Help Period Company F4: Bank Ledger F5: View Reconciled -Payments B: Basis of Values Change View J: Exception = Repons Save View...
[keys] '%r' -> Tally 'TallyPrime:9000'
[shot] tds-070-BK1-brs-manual (1024x768)
[11:16:20] [tds] screen tds-070-BK1-brs-manual : x Recyc EDU prime K: Company Y: Data Bank Reconciliation (Manual) Find details entered In masters and transactions Z: Exchange FinCom Spike Co Want to save your time? O: Import E: Export M: Share p: print o Fl:Help Firefo Googl Chron Micros lyp Unity Q: Quit Switch to Auto-reconciliation with Bank Statements. Import Bank Statements in a few clicks. Know More Search ectea Dont Show Again dank duiunce us ot Z-uctuo . Q IU9ba t to 12d61 830Ue "trac ubl' , I' c-3c9 830Ue "trac : '2.3 d611- steni ' : l'e61 unnin ion_i 422c- age" , • fc—3c 'tally Windows Server 2025 Datacenter Build 26100.ge_release...
[shot] tds-071-BK1-brs-manual-screen (1024x768)
[11:16:20] [tds] screen tds-071-BK1-brs-manual-screen : x Recyc EDU prime K: Company Y: Data Bank Reconciliation (Manual) Find details entered In masters and transactions Z: Exchange FinCom Spike Co Want to save your time? O: Import E: Export M: Share p: print o Fl:Help Firefo Googl Chron Micros lyp Unity Q: Quit Switch to Auto-reconciliation with Bank Statements. Import Bank Statements in a few clicks. Know More Search ectea Dont Show Again dank duiunce us ot Z-uctuo . Q IU9ba t to 12d61 830Ue "trac ubl' , I' c-3c9 830Ue "trac : '2.3 d611- steni ' : l'e61 unnin ion_i 422c- age" , • fc—3c 'tally Windows Server 2025 Datacenter Build 26100.ge_release...
[keys] 'd' -> Tally 'TallyPrime:9000'
[shot] tds-072-BK1-brs-popup (1024x768)
[11:16:24] [tds] screen tds-072-BK1-brs-popup : EDU Recyc prime K: Company Y: Data Bank Reconciliation (Manual) Find details entered in masters and transactions. Z: Exchange inCom Spike Ledger Date Share Bank Particulars (Alt+F) O: Import Bank Date E: Export M: Share P: Print upr-26 to 2-Oct-26 Instrument No. Firefo Instrument Date 2-Oct-26 2-Oct-26 2-Oct-26 2-Oct-26 2-Oct-26 Deposit 102.00 103.00 104.00 105.00 106.00 621.00 520.00 101.00 Withdrawal Available Only in Books 2-Oct-26 2-Oct-26 Googl 2-Oct-26 Chro 2-Oct-26 2-Oct-26 Micros 46 IypÅ Unity Cash Cash Cash Cash Cash Fl: Help period F3: Company F4: Bank Ledger Update Bank Date FIO B: ...
[shot] tds-073-BK1-brs-popup-closed (1024x768)
[11:16:25] [tds] screen tds-073-BK1-brs-popup-closed : EDU Recyc prime K: Company Y: Data Bank Reconciliation (Manual) Find details entered in masters and transactions. Z: Exchange inCom Spike Ledger Date Share Bank Particulars (Alt+F) O: Import Bank Date E: Export M: Share P: Print upr-26 to 2-Oct-26 Instrument No. Firefo Instrument Date 2-Oct-26 2-Oct-26 2-Oct-26 2-Oct-26 2-Oct-26 Deposit 102.00 103.00 104.00 105.00 106.00 621.00 520.00 101.00 Withdrawal Available Only in Books 2-Oct-26 2-Oct-26 Googl 2-Oct-26 Chro 2-Oct-26 2-Oct-26 Micros 46 IypÅ Unity Cash Cash Cash Cash Cash Fl: Help period F3: Company F4: Bank Ledger Update Bank Date FIO B: ...
[keys] '2-10-2026{ENTER}' -> Tally 'TallyPrime:9000'
[shot] tds-074-BK1-brs-date (1024x768)
[11:16:28] [tds] screen tds-074-BK1-brs-date : EDU Recyc prime K: Company Y: Data Bank Reconciliation (Manual) Find details entered in masters and transactions. Z: Exchange inCom Spike Ledger Date Share Bank Particulars (Alt+F) O: Import Bank Date 2-Oct-26 E: Export M: Share P: Print upr-26 to 2-Oct-26 Instrument No. Firefo Instrument Date 2-Oct-26 2-Oct-26 2-Oct-26 2-Oct-26 2-Oct-26 Deposit 102.00 103.00 104.00 105.00 106.00 621.00 418.00 203.00 Withdrawal Available Only in Books 0 2-Oct-26 2-Oct-26 Googl 2-Oct-26 Chro 2-Oct-26 2-Oct-26 Micros 46 IypÅ Unity Cash Cash Cash Cash Cash Fl: Help period F3: Company F4: Bank Ledger Update Bank D...
[keys] '' -> Tally 'TallyPrime:9000'
[shot] tds-075-BK1-brs-saved (1024x768)
[11:16:30] [tds] screen tds-075-BK1-brs-saved : EDU Recyc prime K: Company Y: Data Bank Reconciliation Find details entered in masters and transactions. Z: Exchange inCom Spike (Alt+F) O: Import Ledger Share Bank E: Export M: Share P: Print as at 2-0ct-26 Firefo Googl Particulars Balance as per Company Books Unreconciled Transactions from I-Apr-26 till date Available Only in Books Add: Withdrawals Less: Deposits Count 4 4 Balance 621.00 (0418.00 418.00 203.00 Chro Expected Bank Balance Micros 46 IypÅ Unity Quit Fl: Help Period Company F4: Bank Ledger F5: View Reconciled -Payments B: Basis of Values Change View J: Exception = Repons Save Vie...
[11:16:30] BK1-brs save: 44.5;89.8
[shot] tds-076-gw0 (1024x768)
[11:16:31] [tds] screen tds-076-gw0 : EDU Recyc prime K: Company Y: Data Bank Reconciliation Find details entered in masters and transactions. Z: Exchange inCom Spike (Alt+F) O: Import Ledger Share Bank E: Export M: Share P: Print as at 2-0ct-26 Firefo Googl Particulars Balance as per Company Books Unreconciled Transactions from I-Apr-26 till date Available Only in Books Add: Withdrawals Less: Deposits Count 4 4 Balance 621.00 (0418.00 418.00 203.00 Chro Expected Bank Balance Micros 46 IypÅ Unity Quit Fl: Help Period Company F4: Bank Ledger F5: View Reconciled -Payments B: Basis of Values Change View J: Exception = Repons Save Vie...
[keys] '{ESC}' -> Tally 'TallyPrime:9000'
[shot] tds-077-gw1 (1024x768)
[11:16:34] [tds] screen tds-077-gw1 : EDU Recyc prime K: Company Y: Data Banking Activitie Find details entered in masters and transactions. Z: Exchange inCom Spike (Alt+F) O: Import Firefo Particulars E: Export M: Share P: Print as at 2-0ct-26 Bank Reconciliation From I-Apr-26 Available Available Share Bank Googl Zprobe Bank Chro Micros 46 IypÅ Grand Unity Quit Onl in Books Onl in Bank 4 2 6 Fl: Help period Company Bank Ledger Amount View FIO Basis of B: Values Change — View J: Exception = Reports L: Save View F: Apply Filter Filter = Details Opening BRS 161 IU9ba t to 12d61 830Ue "trac ubl' , I' c-3c9 830Ue "trac d611- steni ' :...
[keys] '{ESC}' -> Tally 'TallyPrime:9000'
[shot] tds-078-gw2 (1024x768)
[11:16:37] [tds] screen tds-078-gw2 : EDU Recyc prime K: Company Y: Data Gateway.f Tally CURRENT PERIOD Firefo I-Apr-26 to 31-Mar-27 NAME OF COMPANY Find details entered in masters and transactions. Z: Exchange CURRENT OATE Thursday, I-Oct-2026 OATE OF LAST ENTRY (Alt+F) O: Import E: Export M: Share p: print Fl: Help Date Company FinCom Spike Co (Schedule Backup) Q Search 2-OctQ6 Googl Chro Micros 46 IypÅ Unity Gateway of Tally MASTERS Create Alter CHart of Accounts TRANSACTIONS Vouchers Day 800K UTILITIES BaNking REPORTS Balance Sheet Profit & Loss A/c Stock Summary Ratio Analysis Display More Reports DashbOard Quit 161 IU9ba t t...
######## HARNESS BK1-brs bank date in Bank Reconciliation: Alt+R Manual Recon; probe markers on the screen: none: no contra got a bank date (see tds-*-BK1-brs-* screenshots); AlterID  -> ; company AltVchId 12 -> 13, AltMstId 212 -> 212; Ctrl+A to a still screen 90 ms (44.5;89.8); add-on FCR1 lines: none (for its MasterID: 0); probe lines: none
[shot] tds-079-gw0 (1024x768)
[11:16:40] [tds] screen tds-079-gw0 : EDU Recyc prime K: Company Y: Data Gateway.f Tally CURRENT PERIOD Firefo I-Apr-26 to 31-Mar-27 NAME OF COMPANY Find details entered in masters and transactions. Z: Exchange CURRENT OATE Thursday, I-Oct-2026 OATE OF LAST ENTRY (Alt+F) O: Import E: Export M: Share p: print Fl: Help Date Company FinCom Spike Co (Schedule Backup) Q Search 2-OctQ6 Googl Chro Micros 46 IypÅ Unity Gateway of Tally MASTERS Create Alter CHart of Accounts TRANSACTIONS Vouchers Day 800K UTILITIES BaNking REPORTS Balance Sheet Profit & Loss A/c Stock Summary Ratio Analysis Display More Reports DashbOard Quit 161 IU9ba t t...
[keys] '%g' -> Tally 'TallyPrime:9000'
[shot] tds-080-BK1-brs2-goto (1024x768)
[11:16:43] [tds] screen tds-080-BK1-brs2-goto : EDU Recyc prime Firefo Googl Chron Micros Unity Quit Find details entered in masters and transactions. Z: Exchange (Alt+F) O: Import K: Company Y: Data List of Reports Saved Views Bills Payable - GST E: Export M: Share p: print Fl: Help inCom Spike (Predefined) (Predefined) (Predefined) (Predefined) (Predefined) (Predefined) (Predefined) (Predefined) (Predefined) (Predefined) (Predefined) x Bills Payable - GST - Sundry Creditors Bills Payable - GST - Sundry Debtors Bills Receivable - GST Bills Receivable - GST - Sundry Creditors Bills Receivable - GST - Sundry Debtors Purchase Dashboard Sales ...
[keys] 'Bank Reconciliation' -> Tally 'TallyPrime:9000'
[shot] tds-081-BK1-brs2-typed (1024x768)
[11:16:47] [tds] screen tds-081-BK1-brs2-typed : o Recyc EDU Find details entered in masters and transactions. Z: Exchange inCom Spike Bank Reconciliation (Alt+F) O: Import x prime Firefo Googl Chron Micros lyp Unity Quit K: Company Y: Data List of Reports Banking Utilities Bank Reconciliation E: Export M: Share p: print Create Voucher Create Master Alter Master Expand All Show More Fl: Help IU9ba t to 12d61 830Ue "trac ubl' , I' c-3c9 830Ue "trac : '2.3 d611- steni ' : l'e61 unnin ion_i 422c- age" , • fc—3c 'tally Q Search Windows Server 2025 Datacenter Build 26100.ge_release240331-1435 1116 AM 10/8/2026
[keys] '{ENTER}' -> Tally 'TallyPrime:9000'
[shot] tds-082-BK1-brs2-select (1024x768)
[11:16:51] [tds] screen tds-082-BK1-brs2-select : EDU Recyc prime K: Company Y: Data Banking Activitie Find details entered in masters and transactions. Z: Exchange inCom Spike (Alt+F) O: Import Firefo Particulars E: Export M: Share P: Print as at 2-0ct-26 Bank Reconciliation From I-Apr-26 Available Available Share Bank Googl Zprobe Bank Chro Micros 46 IypÅ Grand Unity Quit Onl in Books Onl in Bank 4 2 6 Fl: Help period Company Bank Ledger Amount View FIO Basis of B: Values Change — View J: Exception = Reports L: Save View F: Apply Filter Filter = Details Opening BRS 161 IU9ba t to 12d61 830Ue "trac ubl' , I' c-3c9 830Ue "trac d611- steni ' :...
[keys] 'Share Bank{ENTER}' -> Tally 'TallyPrime:9000'
[shot] tds-083-BK1-brs2-bank (1024x768)
[11:16:56] [tds] screen tds-083-BK1-brs2-bank : EDU Recyc prime K: Company Y: Data Bank Reconciliation Find details entered in masters and transactions. Z: Exchange inCom Spike (Alt+F) O: Import Ledger Share Bank E: Export M: Share P: Print as at 2-0ct-26 Firefo Googl Particulars Balance as per Company Books Unreconciled Transactions from I-Apr-26 till date Available Only in Books Add: Withdrawals Less: Deposits Count 4 4 Balance 621.00 (0418.00 418.00 203.00 Chro Expected Bank Balance Micros 46 IypÅ Unity Quit Fl: Help Period Company F4: Bank Ledger F5: View Reconciled -Payments B: Basis of Values Change View J: Exception = Repons Save Vie...
[shot] tds-084-BK1-brs2-screen (1024x768)
[11:16:56] [tds] screen tds-084-BK1-brs2-screen : EDU Recyc prime K: Company Y: Data Bank Reconciliation Find details entered in masters and transactions. Z: Exchange inCom Spike (Alt+F) O: Import Ledger Share Bank E: Export M: Share P: Print as at 2-0ct-26 Firefo Googl Particulars Balance as per Company Books Unreconciled Transactions from I-Apr-26 till date Available Only in Books Add: Withdrawals Less: Deposits Count 4 4 Balance 621.00 (0418.00 418.00 203.00 Chro Expected Bank Balance Micros 46 IypÅ Unity Quit Fl: Help Period Company F4: Bank Ledger F5: View Reconciled -Payments B: Basis of Values Change View J: Exception = Repons Save Vie...
[keys] '%r' -> Tally 'TallyPrime:9000'
[shot] tds-085-BK1-brs2-manual (1024x768)
[11:17:03] [tds] screen tds-085-BK1-brs2-manual : EDU Recyc prime K: Company Y: Data Bank Reconciliation (Manual) Find details entered in masters and transactions. Z: Exchange inCom Spike Ledger Date Share Bank Particulars (Alt+F) O: Import Bank Date E: Export M: Share P: Print upr-26 to 2-Oct-26 Instrument No. Firefo Instrument Date 2-Oct-26 2-Oct-26 2-Oct-26 2-Oct-26 Deposit 103.00 104.00 105.00 106.00 621.00 418.00 203.00 Withdrawal Available Only in Books 2-Oct-26 2-Oct-26 Googl 2-Oct-26 Chro 2-Oct-26 Micros 46 IypÅ Unity Cash Cash Cash Cash Fl: Help period F3: Company F4: Bank Ledger Update Bank Date FIO B: J: Basis of Values Change View...
[shot] tds-086-BK1-brs2-manual-screen (1024x768)
[11:17:03] [tds] screen tds-086-BK1-brs2-manual-screen : EDU Recyc prime K: Company Y: Data Bank Reconciliation (Manual) Find details entered in masters and transactions. Z: Exchange inCom Spike Ledger Date Share Bank Particulars (Alt+F) O: Import Bank Date E: Export M: Share P: Print upr-26 to 2-Oct-26 Instrument No. Firefo Instrument Date 2-Oct-26 2-Oct-26 2-Oct-26 2-Oct-26 Deposit 103.00 104.00 105.00 106.00 621.00 418.00 203.00 Withdrawal Available Only in Books 2-Oct-26 2-Oct-26 Googl 2-Oct-26 Chro 2-Oct-26 Micros 46 IypÅ Unity Cash Cash Cash Cash Fl: Help period F3: Company F4: Bank Ledger Update Bank Date FIO B: J: Basis of Values Change View...
[keys] '2-10-2026{ENTER}' -> Tally 'TallyPrime:9000'
[shot] tds-087-BK1-brs2-date (1024x768)
[11:17:07] [tds] screen tds-087-BK1-brs2-date : EDU Recyc prime K: Company Y: Data Bank Reconciliation (Manual) Find details entered in masters and transactions. Z: Exchange inCom Spike Ledger Date Share Bank Particulars (Alt+F) O: Import Bank Date 2-Oct-26 E: Export M: Share P: Print upr-26 to 2-Oct-26 Instrument No. Firefo Instrument Date 2-Oct-26 2-Oct-26 2-Oct-26 2-Oct-26 Deposit 103.00 104.00 105.00 106.00 621.00 315.00 306.00 Withdrawal Available Only in Books 0 2-Oct-26 2-Oct-26 Googl 2-Oct-26 Chro 2-Oct-26 Micros 46 IypÅ Unity Cash Cash Cash Cash Fl: Help period F3: Company F4: Bank Ledger Update Bank Date FIO B: J: Basis of Values ...
[keys] '' -> Tally 'TallyPrime:9000'
[shot] tds-088-BK1-brs2-saved (1024x768)
[11:17:09] [tds] screen tds-088-BK1-brs2-saved : EDU Recyc prime K: Company Y: Data Bank Reconciliation Find details entered in masters and transactions. Z: Exchange inCom Spike (Alt+F) O: Import Ledger Share Bank E: Export M: Share P: Print as at 2-0ct-26 Firefo Googl Particulars Balance as per Company Books Unreconciled Transactions from I-Apr-26 till date Available Only in Books Add: Withdrawals Less: Deposits Count 3 3 Balance 621.00 (0315.00 315.00 306.00 Chro Expected Bank Balance Micros 46 IypÅ Unity Quit Fl: Help Period Company F4: Bank Ledger F5: View Reconciled -Payments B: Basis of Values Change View J: Exception = Repons Save Vie...
[11:17:09] BK1-brs2 save: 39.2;85.9
[shot] tds-089-gw0 (1024x768)
[11:17:10] [tds] screen tds-089-gw0 : EDU Recyc prime K: Company Y: Data Bank Reconciliation Find details entered in masters and transactions. Z: Exchange inCom Spike (Alt+F) O: Import Ledger Share Bank E: Export M: Share P: Print as at 2-0ct-26 Firefo Googl Particulars Balance as per Company Books Unreconciled Transactions from I-Apr-26 till date Available Only in Books Add: Withdrawals Less: Deposits Count 3 3 Balance 621.00 (0315.00 315.00 306.00 Chro Expected Bank Balance Micros 46 IypÅ Unity Quit Fl: Help Period Company F4: Bank Ledger F5: View Reconciled -Payments B: Basis of Values Change View J: Exception = Repons Save Vie...
[keys] '{ESC}' -> Tally 'TallyPrime:9000'
[shot] tds-090-gw1 (1024x768)
[11:17:13] [tds] screen tds-090-gw1 : EDU Recyc prime K: Company Y: Data Banking Activitie Find details entered in masters and transactions. Z: Exchange inCom Spike (Alt+F) O: Import Firefo Particulars E: Export M: Share P: Print as at 2-0ct-26 Bank Reconciliation From I-Apr-26 Available Available Share Bank Googl Zprobe Bank Chro Micros 46 IypÅ Grand Unity Quit Onl in Books Onl in Bank 3 2 5 Fl: Help period Company Bank Ledger Amount View FIO Basis of B: Values Change — View J: Exception = Reports L: Save View F: Apply Filter Filter = Details Opening BRS 161 IU9ba t to 12d61 830Ue "trac ubl' , I' c-3c9 830Ue "trac d611- steni ' :...
[keys] '{ESC}' -> Tally 'TallyPrime:9000'
[shot] tds-091-gw2 (1024x768)
[11:17:16] [tds] screen tds-091-gw2 : EDU Recyc prime K: Company Y: Data Gateway.f Tally CURRENT PERIOD Firefo I-Apr-26 to 31-Mar-27 NAME OF COMPANY Find details entered in masters and transactions. Z: Exchange CURRENT OATE Thursday, I-Oct-2026 OATE OF LAST ENTRY (Alt+F) O: Import E: Export M: Share p: print Fl: Help Date Company FinCom Spike Co (Schedule Backup) Q Search 2-OctQ6 Googl Chro Micros 46 IypÅ Unity Gateway of Tally MASTERS Create Alter CHart of Accounts TRANSACTIONS Vouchers Day 800K UTILITIES BaNking REPORTS Balance Sheet Profit & Loss A/c Stock Summary Ratio Analysis Display More Reports DashbOard Quit 161 IU9ba t t...
######## HARNESS BK1-brs2 bank date in Bank Reconciliation: Alt+R Manual Recon; probe markers on the screen: none: no contra got a bank date (see tds-*-BK1-brs2-* screenshots); AlterID  -> ; company AltVchId 13 -> 14, AltMstId 212 -> 212; Ctrl+A to a still screen 86 ms (39.2;85.9); add-on FCR1 lines: none (for its MasterID: 0); probe lines: none
[11:17:18] ---- BK3 the add-on of the ref only, again
  INFO tally.ini TDL lines: FinComRecorder.tdl
  INFO Tally started afresh (BK3: the add-on of the ref only)
[shot] tds-092-bk-start-1 (1024x768)
[11:17:37] [tds] screen tds-092-bk-start-1 : EDU Prime Startup Report K: Company Y: Data -i Find details entered In masters and transactions Z: Exchange O: Import E: Export M: Share p: print x Application Startup TallyPrime will start with the following settings. Click Configure to change these settings Country Accounting terminology Company Data path C Configure A Accept Q Search India Others Accept Fl:Help 1117 AM 10/8/2026
[keys] 'a' -> Tally 'TallyPrime:9000'
[keys] 't' -> Tally 'TallyPrime:9000'
[shot] tds-093-bk-start-2 (1024x768)
[11:17:54] [tds] screen tds-093-bk-start-2 : EDU Recyc prime K: Company Y: Data Gateway.f Tally CURRENT PERIOD Firefo I-Apr-26 to 31-Mar-27 NAME OF COMPANY Find details entered in masters and transactions. Z: Exchange CURRENT OATE Friday, 2-Oct-2026 OATE OF LAST ENTRY (Alt+F) O: Import E: Export M: Share p: print Fl: Help Date Company FinCom Spike Co (Schedule Backup) Q Search 2-OctQ6 Googl Chro Micros 46 IypÅ Unity Gateway of Tally MASTERS Create Alter CHart of Accounts TRANSACTIONS Vouchers Day 800K UTILITIES BaNking REPORTS Balance Sheet Profit & Loss A/c Stock Summary Ratio Analysis Display More Reports DashbOard Quit 161 IU9ba t to ...
[shot] tds-094-gw0 (1024x768)
[11:17:54] [tds] screen tds-094-gw0 : EDU Recyc prime K: Company Y: Data Gateway.f Tally CURRENT PERIOD Firefo I-Apr-26 to 31-Mar-27 NAME OF COMPANY Find details entered in masters and transactions. Z: Exchange CURRENT OATE Friday, 2-Oct-2026 OATE OF LAST ENTRY (Alt+F) O: Import E: Export M: Share p: print Fl: Help Date Company FinCom Spike Co (Schedule Backup) Q Search 2-OctQ6 Googl Chro Micros 46 IypÅ Unity Gateway of Tally MASTERS Create Alter CHart of Accounts TRANSACTIONS Vouchers Day 800K UTILITIES BaNking REPORTS Balance Sheet Profit & Loss A/c Stock Summary Ratio Analysis Display More Reports DashbOard Quit 161 IU9ba t to ...
[shot] tds-095-gw0 (1024x768)
[11:17:55] [tds] screen tds-095-gw0 : EDU Recyc prime K: Company Y: Data Gateway.f Tally CURRENT PERIOD Firefo I-Apr-26 to 31-Mar-27 NAME OF COMPANY Find details entered in masters and transactions. Z: Exchange CURRENT OATE Friday, 2-Oct-2026 OATE OF LAST ENTRY (Alt+F) O: Import E: Export M: Share p: print Fl: Help Date Company FinCom Spike Co (Schedule Backup) Q Search 2-OctQ6 Googl Chro Micros 46 IypÅ Unity Gateway of Tally MASTERS Create Alter CHart of Accounts TRANSACTIONS Vouchers Day 800K UTILITIES BaNking REPORTS Balance Sheet Profit & Loss A/c Stock Summary Ratio Analysis Display More Reports DashbOard Quit 161 IU9ba t to ...
[keys] '%g' -> Tally 'TallyPrime:9000'
[shot] tds-096-BK3-brs-goto (1024x768)
[11:17:58] [tds] screen tds-096-BK3-brs-goto : EDU Recyc prime Firefo Googl Chron Micros Unity Quit Find details entered in masters and transactions. Z: Exchange (Alt+F) O: Import K: Company Y: Data List of Reports Saved Views Bills Payable - GST E: Export M: Share p: print Fl: Help inCom Spike (Predefined) (Predefined) (Predefined) (Predefined) (Predefined) (Predefined) (Predefined) (Predefined) (Predefined) (Predefined) (Predefined) x Bills Payable - GST - Sundry Creditors Bills Payable - GST - Sundry Debtors Bills Receivable - GST Bills Receivable - GST - Sundry Creditors Bills Receivable - GST - Sundry Debtors Purchase Dashboard Sales ...
[keys] 'Bank Reconciliation' -> Tally 'TallyPrime:9000'
[shot] tds-097-BK3-brs-typed (1024x768)
[11:18:01] [tds] screen tds-097-BK3-brs-typed : o Recyc EDU Find details entered in masters and transactions. Z: Exchange inCom Spike Bank Reconciliation (Alt+F) O: Import x prime Firefo Googl Chron Micros lyp Unity Quit K: Company Y: Data List of Reports Banking Utilities Bank Reconciliation E: Export M: Share p: print Create Voucher Create Master Alter Master Expand All Show More Fl: Help IU9ba t to 12d61 830Ue "trac ubl' , I' c-3c9 830Ue "trac : '2.3 d611- steni ' : l'e61 unnin ion_i 422c- age" , • fc—3c 'tally Q Search Windows Server 2025 Datacenter Build 26100.ge_release240331-1435 11:18 AM 10/8/2026
[keys] '{ENTER}' -> Tally 'TallyPrime:9000'
[shot] tds-098-BK3-brs-select (1024x768)
[11:18:06] [tds] screen tds-098-BK3-brs-select : EDU Recyc prime K: Company Y: Data Banking Activitie Find details entered in masters and transactions. Z: Exchange inCom Spike (Alt+F) O: Import Firefo Particulars E: Export M: Share P: Print as at 2-0ct-26 Bank Reconciliation From I-Apr-26 Available Available Share Bank Googl Zprobe Bank Chro Micros 46 IypÅ Grand Unity Quit Onl in Books Onl in Bank 3 2 5 Fl: Help period Company Bank Ledger Amount View FIO Basis of B: Values Change — View J: Exception = Reports L: Save View F: Apply Filter Filter = Details Opening BRS 161 IU9ba t to 12d61 830Ue "trac ubl' , I' c-3c9 830Ue "trac d611- steni ' :...
[keys] 'Share Bank{ENTER}' -> Tally 'TallyPrime:9000'
[shot] tds-099-BK3-brs-bank (1024x768)
[11:18:10] [tds] screen tds-099-BK3-brs-bank : EDU Recyc prime K: Company Y: Data Bank Reconciliation Find details entered in masters and transactions. Z: Exchange inCom Spike (Alt+F) O: Import Ledger Share Bank E: Export M: Share P: Print as at 2-0ct-26 Firefo Googl Particulars Balance as per Company Books Unreconciled Transactions from I-Apr-26 till date Available Only in Books Add: Withdrawals Less: Deposits Count 3 3 Balance 621.00 (0315.00 315.00 306.00 Chro Expected Bank Balance Micros 46 IypÅ Unity Quit Fl: Help Period Company F4: Bank Ledger F5: View Reconciled -Payments B: Basis of Values Change View J: Exception = Repons Save Vie...
[shot] tds-100-BK3-brs-screen (1024x768)
[11:18:11] [tds] screen tds-100-BK3-brs-screen : EDU Recyc prime K: Company Y: Data Bank Reconciliation Find details entered in masters and transactions. Z: Exchange inCom Spike (Alt+F) O: Import Ledger Share Bank E: Export M: Share P: Print as at 2-0ct-26 Firefo Googl Particulars Balance as per Company Books Unreconciled Transactions from I-Apr-26 till date Available Only in Books Add: Withdrawals Less: Deposits Count 3 3 Balance 621.00 (0315.00 315.00 306.00 Chro Expected Bank Balance Micros 46 IypÅ Unity Quit Fl: Help Period Company F4: Bank Ledger F5: View Reconciled -Payments B: Basis of Values Change View J: Exception = Repons Save Vie...
[keys] '%r' -> Tally 'TallyPrime:9000'
[shot] tds-101-BK3-brs-manual (1024x768)
[11:18:17] [tds] screen tds-101-BK3-brs-manual : o Recyc EDU prime K: Company Y: Data Bank Reconciliation (Manual) Find details entered In masters and transactions Z: Exchange FinCom Spike Co Want to save your time? x O: Import E: Export M: Share p: print Firefo Googl Chron Micros lyp Unity Q: Quit Switch to Auto-reconciliation with Bank Statements. Import Bank Statements in a few clicks. Know More Search Dont Show Again dank duiunce us ot Z-uctuo . Fl:Help IU9ba t to 12d61 830Ue "trac ubl' , I' c-3c9 830Ue "trac : '2.3 d611- steni ' : l'e61 unnin ion_i 422c- age" , • fc—3c 'tally ectea Q Windows Server 2025 Datacenter Build 26100.ge_release...
[shot] tds-102-BK3-brs-manual-screen (1024x768)
[11:18:18] [tds] screen tds-102-BK3-brs-manual-screen : o Recyc EDU prime K: Company Y: Data Bank Reconciliation (Manual) Find details entered In masters and transactions Z: Exchange FinCom Spike Co Want to save your time? x O: Import E: Export M: Share p: print Firefo Googl Chron Micros lyp Unity Q: Quit Switch to Auto-reconciliation with Bank Statements. Import Bank Statements in a few clicks. Know More Search Dont Show Again dank duiunce us ot Z-uctuo . Fl:Help IU9ba t to 12d61 830Ue "trac ubl' , I' c-3c9 830Ue "trac : '2.3 d611- steni ' : l'e61 unnin ion_i 422c- age" , • fc—3c 'tally ectea Q Windows Server 2025 Datacenter Build 26100.ge_release...
[keys] 'd' -> Tally 'TallyPrime:9000'
[shot] tds-103-BK3-brs-popup (1024x768)
[11:18:22] [tds] screen tds-103-BK3-brs-popup : EDU Recyc prime K: Company Y: Data Bank Reconciliation (Manual) Find details entered in masters and transactions. Z: Exchange inCom Spike Ledger Date Share Bank Particulars (Alt+F) O: Import Bank Date E: Export M: Share P: Print upr-26 to 2-Oct-26 Instrument No. Firefo Instrument Date 2-Oct-26 2-Oct-26 2-Oct-26 Deposit 104.00 105.00 106.00 621.00 315.00 306.00 Withdrawal Available Only in Books 2-Oct-26 2-Oct-26 Googl 2-Oct-26 Chro Micros 46 IypÅ Unity Cash Cash Cash Fl: Help period F3: Company F4: Bank Ledger Update Bank Date FIO B: J: Basis of Values Change View Exception Reports Opening BRS...
[shot] tds-104-BK3-brs-popup-closed (1024x768)
[11:18:22] [tds] screen tds-104-BK3-brs-popup-closed : EDU Recyc prime K: Company Y: Data Bank Reconciliation (Manual) Find details entered in masters and transactions. Z: Exchange inCom Spike Ledger Date Share Bank Particulars (Alt+F) O: Import Bank Date E: Export M: Share P: Print upr-26 to 2-Oct-26 Instrument No. Firefo Instrument Date 2-Oct-26 2-Oct-26 2-Oct-26 Deposit 104.00 105.00 106.00 621.00 315.00 306.00 Withdrawal Available Only in Books 2-Oct-26 2-Oct-26 Googl 2-Oct-26 Chro Micros 46 IypÅ Unity Cash Cash Cash Fl: Help period F3: Company F4: Bank Ledger Update Bank Date FIO B: J: Basis of Values Change View Exception Reports Opening BRS...
[keys] '2-10-2026{ENTER}' -> Tally 'TallyPrime:9000'
[shot] tds-105-BK3-brs-date (1024x768)
[11:18:26] [tds] screen tds-105-BK3-brs-date : EDU Recyc prime K: Company Y: Data Bank Reconciliation (Manual) Find details entered in masters and transactions. Z: Exchange inCom Spike Ledger Date Share Bank Particulars (Alt+F) O: Import Bank Date 2-Oct-26 E: Export M: Share P: Print upr-26 to 2-Oct-26 Instrument No. Firefo Instrument Date 2-Oct-26 2-Oct-26 2-Oct-26 Deposit 104.00 105.00 106.00 621.00 211.00 410.00 Withdrawal Available Only in Books 0 2-Oct-26 2-Oct-26 Googl 2-Oct-26 Chro Micros 46 IypÅ Unity Cash Cash Cash Fl: Help period F3: Company F4: Bank Ledger Update Bank Date FIO B: J: Basis of Values Change View Exception Reports ...
[keys] '' -> Tally 'TallyPrime:9000'
[shot] tds-106-BK3-brs-saved (1024x768)
[11:18:28] [tds] screen tds-106-BK3-brs-saved : EDU Recyc prime K: Company Y: Data Bank Reconciliation Find details entered in masters and transactions. Z: Exchange inCom Spike (Alt+F) O: Import Ledger Share Bank E: Export M: Share P: Print as at 2-0ct-26 Firefo Googl Particulars Balance as per Company Books Unreconciled Transactions from I-Apr-26 till date Available Only in Books Add: Withdrawals Less: Deposits Count 2 2 Balance 621.00 (0211.00 211.00 410.00 Chro Expected Bank Balance Micros 46 IypÅ Unity Quit Fl: Help Period Company F4: Bank Ledger F5: View Reconciled -Payments B: Basis of Values Change View J: Exception = Repons Save Vie...
[11:18:28] BK3-brs save: 47.8;92.7
[shot] tds-107-gw0 (1024x768)
[11:18:28] [tds] screen tds-107-gw0 : EDU Recyc prime K: Company Y: Data Bank Reconciliation Find details entered in masters and transactions. Z: Exchange inCom Spike (Alt+F) O: Import Ledger Share Bank E: Export M: Share P: Print as at 2-0ct-26 Firefo Googl Particulars Balance as per Company Books Unreconciled Transactions from I-Apr-26 till date Available Only in Books Add: Withdrawals Less: Deposits Count 2 2 Balance 621.00 (0211.00 211.00 410.00 Chro Expected Bank Balance Micros 46 IypÅ Unity Quit Fl: Help Period Company F4: Bank Ledger F5: View Reconciled -Payments B: Basis of Values Change View J: Exception = Repons Save Vie...
[keys] '{ESC}' -> Tally 'TallyPrime:9000'
[shot] tds-108-gw1 (1024x768)
[11:18:32] [tds] screen tds-108-gw1 : EDU Recyc prime K: Company Y: Data Banking Activitie Find details entered in masters and transactions. Z: Exchange inCom Spike (Alt+F) O: Import Firefo Particulars E: Export M: Share P: Print as at 2-0ct-26 Bank Reconciliation From I-Apr-26 Available Available Share Bank Googl Zprobe Bank Chro Micros 46 IypÅ Grand Unity Quit Onl in Books Onl in Bank 2 2 4 Fl: Help period Company Bank Ledger Amount View FIO Basis of B: Values Change — View J: Exception = Reports L: Save View F: Apply Filter Filter = Details Opening BRS 161 IU9ba t to 12d61 830Ue "trac ubl' , I' c-3c9 830Ue "trac d611- steni ' :...
[keys] '{ESC}' -> Tally 'TallyPrime:9000'
[shot] tds-109-gw2 (1024x768)
[11:18:35] [tds] screen tds-109-gw2 : EDU Recyc prime K: Company Y: Data Gateway.f Tally CURRENT PERIOD Firefo I-Apr-26 to 31-Mar-27 NAME OF COMPANY Find details entered in masters and transactions. Z: Exchange CURRENT OATE Friday, 2-Oct-2026 OATE OF LAST ENTRY (Alt+F) O: Import E: Export M: Share p: print Fl: Help Date Company FinCom Spike Co (Schedule Backup) Q Search 2-OctQ6 Googl Chro Micros 46 IypÅ Unity Gateway of Tally MASTERS Create Alter CHart of Accounts TRANSACTIONS Vouchers Day 800K UTILITIES BaNking REPORTS Balance Sheet Profit & Loss A/c Stock Summary Ratio Analysis Display More Reports DashbOard Quit 161 IU9ba t to ...
######## HARNESS BK3-brs bank date in Bank Reconciliation: Alt+R Manual Recon; probe markers on the screen: none: no contra got a bank date (see tds-*-BK3-brs-* screenshots); AlterID  -> ; company AltVchId 14 -> 15, AltMstId 212 -> 212; Ctrl+A to a still screen 93 ms (47.8;92.7); add-on FCR1 lines: none (for its MasterID: 0); probe lines: none
  INFO bank: probe files loaded: Common=False, sys-afteralter=False, sys-beforealter=False, sys-onalter=False, sys-beforesave=False, sys-aftersave=False, brs1=False, brs2=False, alloc1=False, alloc2=False
